    PID    PPID COMMAND           RSS %CPU
   2058    2056 provjobd3618229 152448 1.5
   2122    2098 Runner.Worker   143616 1.3
   2098    2039 Runner.Listener 101836 0.3
   1303       1 dockerd         73796  0.0
    989       1 php-fpm8.3      51712  0.0
   1092       1 containerd      44396  0.0
    223       1 multipathd      43844  0.0
   1465    1028 python3         38216  0.1
   1028       1 python3         30772  0.0
   1261     989 php-fpm8.3      21520  0.0
   1270     989 php-fpm8.3      21520  0.0
    987       1 networkd-dispat 21404  0.0
    156       1 systemd-journal 17792  0.0
   2039       1 hosted-compute- 15020  0.0
      1       0 systemd         14412  0.4
   1027       1 udisksd         13732  0.0
    571       1 systemd-resolve 13264  0.0
   1181       1 ModemManager    12840  0.0
   1248       1 systemd         11480  0.0
   1019       1 systemd-logind   9796  0.0
    741       1 systemd-network  9740  0.0
    993       1 polkitd          8176  0.0
    228       1 systemd-udevd    7984  0.0
   2056    2039 sudo             6932  0.0
   1103       1 rsyslogd         6336  0.0
    982       1 dbus-daemon      5556  0.0
   3303    1248 dbus-daemon      5172  0.0
    599       1 haveged          5032  0.0
   4509    4497 ps               4244  0.0
   1119       1 chronyd          3724  0.0
   4497    4496 bash             3608  0.0
   1264    1248 (sd-pam)         3572  0.0
   4496    2122 bash             3468  0.0
    393       1 hv_kvp_daemon    2912  0.1
   1055       1 cron             2760  0.0
   1147       1 agetty           2156  0.0
   1185       1 agetty           2036  0.0
   1126    1119 chronyd          1284  0.0
      2       0 kthreadd            0  0.0
      3       2 pool_workqueue_     0  0.0
      4       2 kworker/R-rcu_g     0  0.0
      5       2 kworker/R-sync_     0  0.0
      6       2 kworker/R-kvfre     0  0.0
      7       2 kworker/R-slub_     0  0.0
      8       2 kworker/R-netns     0  0.0
     10       2 kworker/0:0H-ev     0  0.0
     11       2 kworker/0:1-eve     0  0.0
     12       2 kworker/u16:0-e     0  0.0
     13       2 kworker/R-mm_pe     0  0.0
     14       2 ksoftirqd/0         0  0.0
     15       2 rcu_sched           0  0.0
     16       2 rcu_exp_par_gp_     0  0.0
     17       2 rcu_exp_gp_kthr     0  0.0
     18       2 migration/0         0  0.0
     19       2 idle_inject/0       0  0.0
     20       2 cpuhp/0             0  0.0
     21       2 cpuhp/2             0  0.0
     22       2 idle_inject/2       0  0.0
     23       2 migration/2         0  0.0
     24       2 ksoftirqd/2         0  0.0
     25       2 kworker/2:0-ino     0  0.0
     26       2 kworker/2:0H-ev     0  0.0
     27       2 cpuhp/1             0  0.0
     28       2 idle_inject/1       0  0.0
     29       2 migration/1         0  0.0
     30       2 ksoftirqd/1         0  0.0
     32       2 kworker/1:0H-ev     0  0.0
     33       2 cpuhp/3             0  0.0
     34       2 idle_inject/3       0  0.0
     35       2 migration/3         0  0.0
     36       2 ksoftirqd/3         0  0.0
     38       2 kworker/3:0H-ev     0  0.0
     39       2 kdevtmpfs           0  0.0
     40       2 kworker/R-inet_     0  0.0
     41       2 rcu_tasks_rude_     0  0.0
     42       2 rcu_tasks_trace     0  0.0
     43       2 kauditd             0  0.0
     44       2 khungtaskd          0  0.0
     45       2 kworker/u16:1-f     0  0.0
     46       2 oom_reaper          0  0.0
     47       2 kworker/u16:2-e     0  0.2
     48       2 kworker/R-write     0  0.0
     49       2 kcompactd0          0  0.0
     50       2 ksmd                0  0.0
     51       2 khugepaged          0  0.0
     52       2 kworker/R-kbloc     0  0.0
     53       2 kworker/R-blkcg     0  0.0
     54       2 kworker/R-kinte     0  0.0
     55       2 irq/9-acpi          0  0.0
     57       2 kworker/1:1-eve     0  0.0
     58       2 kworker/3:1-eve     0  0.0
     59       2 kworker/R-tpm_d     0  0.0
     60       2 kworker/R-ata_s     0  0.0
     61       2 kworker/R-md        0  0.0
     62       2 kworker/R-md_bi     0  0.0
     63       2 kworker/R-edac-     0  0.0
     64       2 kworker/R-hv_vm     0  0.0
     65       2 kworker/R-hv_vm     0  0.0
     66       2 kworker/R-hv_pr     0  0.0
     67       2 kworker/R-hv_su     0  0.0
     68       2 kworker/R-devfr     0  0.0
     69       2 watchdogd           0  0.0
     70       2 kworker/R-quota     0  0.0
     71       2 kworker/2:1H-kb     0  0.0
     72       2 kswapd0             0  0.0
     73       2 ecryptfs-kthrea     0  0.0
     74       2 kworker/R-kthro     0  0.0
     75       2 kworker/R-nfit      0  0.0
     76       2 scsi_eh_0           0  0.0
     77       2 scsi_eh_1           0  0.0
     78       2 kworker/R-scsi_     0  0.0
     79       2 kworker/R-scsi_     0  0.0
     80       2 kworker/R-nvme-     0  0.0
     81       2 kworker/R-nvme-     0  0.0
     82       2 kworker/R-nvme-     0  0.0
     83       2 kworker/R-nvme-     0  0.0
     84       2 kworker/u16:3-e     0  0.0
     85       2 kworker/u16:4-e     0  0.1
     86       2 kworker/R-mld       0  0.0
     87       2 kworker/R-ipv6_     0  0.0
     88       2 kworker/3:1H-kb     0  0.0
     89       2 hv_balloon          0  0.0
     90       2 kworker/R-kstrp     0  0.0
     92       2 kworker/u17:0       0  0.0
    103       2 kworker/0:1H-kb     0  0.0
    104       2 jbd2/sda1-8         0  0.0
    105       2 kworker/R-ext4-     0  0.0
    107       2 kworker/1:1H-kb     0  0.0
    173       2 kworker/0:2-eve     0  0.0
    179       2 kworker/R-kmpat     0  0.0
    180       2 kworker/R-kmpat     0  0.0
    199       2 kworker/1:3-cgr     0  0.0
    239       2 psimon              0  0.0
    378       2 kworker/R-tls-s     0  0.0
    384       2 kworker/R-mlx5_     0  0.0
    385       2 kworker/R-mlx5_     0  0.0
    386       2 kworker/R-mlx5_     0  0.0
    387       2 kworker/R-mlx5_     0  0.0
    395       2 ptp1                0  0.0
    396       2 kworker/R-mlx5_     0  0.0
    397       2 kworker/R-mlx5_     0  0.0
    398       2 kworker/R-mlx5e     0  0.0
    399       2 kworker/R-mlx5e     0  0.0
    407       2 kworker/R-ib-co     0  0.0
    408       2 kworker/R-ib-co     0  0.0
    409       2 kworker/R-ib_mc     0  0.0
    410       2 kworker/R-ib_nl     0  0.0
    413       2 kworker/R-mkey_     0  0.0
    425       2 jbd2/sda16-8        0  0.0
    426       2 kworker/R-ext4-     0  0.0
    573       2 kworker/2:3-eve     0  0.0
    600       2 kworker/3:3-eve     0  0.0
    807       2 kworker/u16:5-k     0  0.0
   2037       2 psimon              0  0.0
   4291       2 kworker/1:0-cgr     0  0.0
   4453       2 kworker/3:0-eve     0  0.0
