--------- beginning of main
09-10 07:36:11.237  3033  3033 I t.compare:godot: Late-enabling -Xcheck:jni
09-10 07:36:11.263  3033  3033 I t.compare:godot: Using CollectorTypeCMC GC.
09-10 07:36:11.266  3033  3033 W t.compare:godot: Unexpected CPU variant for x86: x86_64.
09-10 07:36:11.266  3033  3033 W t.compare:godot: Known variants: atom, sandybridge, silvermont, goldmont, goldmont-plus, goldmont-without-sha-xsaves, tremont, kabylake, default
09-10 07:36:11.304  3033  3033 D nativeloader: Load libframework-connectivity-tiramisu-jni.so using APEX ns com_android_tethering for caller /apex/com.android.tethering/javalib/framework-connectivity-t.jar: ok
09-10 07:36:11.343  3033  3033 W ziparchive: Unable to open '/data/app/~~C12Gj98OnfCoZdy6ybALtw==/dev.partydeck.godot.compare-KQ3jAuDucshTR9rM4oVz1A==/base.dm': No such file or directory
09-10 07:36:11.343  3033  3033 W ziparchive: Unable to open '/data/app/~~C12Gj98OnfCoZdy6ybALtw==/dev.partydeck.godot.compare-KQ3jAuDucshTR9rM4oVz1A==/base.dm': No such file or directory
09-10 07:36:11.492  3033  3033 D nativeloader: Configuring clns-7 for other apk /data/app/~~C12Gj98OnfCoZdy6ybALtw==/dev.partydeck.godot.compare-KQ3jAuDucshTR9rM4oVz1A==/base.apk. target_sdk_version=36, uses_libraries=, library_path=/data/app/~~C12Gj98OnfCoZdy6ybALtw==/dev.partydeck.godot.compare-KQ3jAuDucshTR9rM4oVz1A==/lib/x86_64:/data/app/~~C12Gj98OnfCoZdy6ybALtw==/dev.partydeck.godot.compare-KQ3jAuDucshTR9rM4oVz1A==/base.apk!/lib/x86_64, permitted_path=/data:/mnt/expand:/data/user/0/dev.partydeck.godot.compare
09-10 07:36:11.504  3033  3033 V GraphicsEnvironment: Currently set values for:
09-10 07:36:11.504  3033  3033 V GraphicsEnvironment:   angle_gl_driver_selection_pkgs=[]
09-10 07:36:11.504  3033  3033 V GraphicsEnvironment:   angle_gl_driver_selection_values=[]
09-10 07:36:11.504  3033  3033 V GraphicsEnvironment: Global.Settings values are invalid: number of packages: 0, number of values: 0
09-10 07:36:11.504  3033  3033 V GraphicsEnvironment: Neither updatable production driver nor prerelease driver is supported.
09-10 07:36:11.964  3033  3033 V Godot   : Initializing Godot plugin registry
09-10 07:36:11.970  3033  3033 I GodotPluginRegistry: Registering runtime plugin AndroidRuntime
09-10 07:36:11.970  3033  3033 I GodotPluginRegistry: Registering runtime plugin PartyDeckBridge
09-10 07:36:11.970  3033  3033 V Godot   : InitEngine with params: [--main-pack, res://partydeck-last-light.pck, --rendering-method, gl_compatibility, --xr-mode, off]
09-10 07:36:12.018  3033  3033 D nativeloader: Load /data/app/~~C12Gj98OnfCoZdy6ybALtw==/dev.partydeck.godot.compare-KQ3jAuDucshTR9rM4oVz1A==/base.apk!/lib/x86_64/libgodot_android.so using ns clns-7 from class loader (caller=/data/app/~~C12Gj98OnfCoZdy6ybALtw==/dev.partydeck.godot.compare-KQ3jAuDucshTR9rM4oVz1A==/base.apk): ok
09-10 07:36:12.020  3033  3033 V Godot   : Godot native layer initialization completed: true
09-10 07:36:12.020  3033  3033 V Godot   : Setting up native layer with params: [--main-pack, res://partydeck-last-light.pck, --rendering-method, gl_compatibility, --xr-mode, off]
09-10 07:36:12.075  3033  3033 V Godot   : Godot native layer setup completed
09-10 07:36:12.075  3033  3033 V Godot   : OnInitRenderView: GodotFragment{1b9011f} (6ed6083f-5a2d-489f-ae33-b41671919ff3 id=0x7f07002b tag=partydeck-godot)
09-10 07:36:12.119  3033  3033 D Godot   : Render view should be transparent: false
09-10 07:36:12.127  3033  3033 D Godot   : renderingDevice: opengl3 (ProjectSettings)
09-10 07:36:12.127  3033  3033 D Godot   : 			renderer: gl_compatibility (Default)
09-10 07:36:12.153  3033  3033 V Godot   : OnStart: GodotFragment{1b9011f} (6ed6083f-5a2d-489f-ae33-b41671919ff3 id=0x7f07002b tag=partydeck-godot)
09-10 07:36:12.159  3033  3033 W WindowOnBackDispatcher: OnBackInvokedCallback is not enabled for the application.
09-10 07:36:12.159  3033  3033 W WindowOnBackDispatcher: Set 'android:enableOnBackInvokedCallback="true"' in the application manifest.
09-10 07:36:12.167  3033  3033 V Godot   : OnResume: GodotFragment{1b9011f} (6ed6083f-5a2d-489f-ae33-b41671919ff3 id=0x7f07002b tag=partydeck-godot)
09-10 07:36:12.173  3033  3033 W HWUI    : Unknown dataspace 0
09-10 07:36:12.237  3033  3055 I EGL_emulation: Opening libGLESv1_CM_emulation.so
09-10 07:36:12.238  3033  3055 I EGL_emulation: Opening libGLESv2_emulation.so
09-10 07:36:12.263  3033  3055 W HWUI    : Failed to choose config with EGL_SWAP_BEHAVIOR_PRESERVED, retrying without...
09-10 07:36:12.263  3033  3055 W HWUI    : Failed to initialize 101010-2 format, error = EGL_SUCCESS
09-10 07:36:12.303  3033  3070 W RegularContextFactory: creating OpenGL ES 3.0 context :
09-10 07:36:12.317  3033  3070 I Gralloc4: mapper 4.x is not supported
09-10 07:36:12.354  3033  3070 I godot   : Godot Engine v4.7.2.stable.official.ed1daf0bf - https://godotengine.org
09-10 07:36:12.498  3033  3043 I HWUI    : Davey! duration=708ms; Flags=1, FrameTimelineVsyncId=8207, IntendedVsync=72630400312, Vsync=73097066960, InputEventId=0, HandleInputStart=73104945012, AnimationStart=73104952786, PerformTraversalsStart=73105031573, DrawStart=73270491173, FrameDeadline=72647066978, FrameInterval=73103921362, FrameStartTime=16666666, SyncQueued=73279809612, SyncStart=73281378337, IssueDrawCommandsStart=73282429760, SwapBuffers=73313545040, FrameCompleted=73340557381, DequeueBufferDuration=20592193, QueueBufferDuration=301600, GpuCompleted=73340254043, SwapBuffersCompleted=73340557381, DisplayPresentTime=0, CommandSubmissionCompleted=73313545040, 
09-10 07:36:12.582  3033  3037 I t.compare:godot: Compiler allocated 4219KB to compile void android.widget.TextView.<init>(android.content.Context, android.util.AttributeSet, int, int)
09-10 07:36:13.113  3033  3037 I t.compare:godot: Compiler allocated 5174KB to compile void android.view.ViewRootImpl.performTraversals()
09-10 07:36:13.248  3033  3070 I godot   : OpenGL API OpenGL ES 3.1 (OpenGL ES 3.1.0 (ANGLE 2.1.17841 git hash: 5fa2e61da947)) - Compatibility - Using Device: Google (Google Inc. (Google)) - Android Emulator OpenGL ES Translator (ANGLE (Google, Vulkan 1.3.0 (SwiftShader Device (Subzero) (0x0000C0DE)), SwiftShader driver-5.0.0))
09-10 07:36:13.250  3033  3070 D t.compare:godot: PlayerBase::PlayerBase()
09-10 07:36:13.251  3033  3070 D t.compare:godot: TrackPlayerBase::TrackPlayerBase()
09-10 07:36:13.253  3033  3070 I libOpenSLES: Emulating old channel mask behavior (ignoring positional mask 0x3, using default mask 0x3 based on channel count of 2)
09-10 07:36:13.261  3033  3073 E SurfaceSyncGroup: Failed to receive transaction ready in 1000ms. Marking SurfaceSyncGroup(wmsSync-VRI[GodotGameActivity]#1) as ready
09-10 07:36:13.261  3033  3073 E SurfaceSyncGroup: Failed to receive transaction ready in 1000ms. Marking SurfaceSyncGroup(VRI[GodotGameActivity]#2) as ready
09-10 07:36:13.262  3033  3073 E SurfaceSyncGroup: Failed to receive transaction ready in 1000ms. Marking SurfaceSyncGroup(SurfaceView[dev.partydeck.godot.compare/dev.partydeck.godot.compare.GodotGameActivity]#0) as ready
09-10 07:36:13.269  3033  3070 I godot   : 
09-10 07:36:13.467  3033  3055 D EGL_emulation: app_time_stats: avg=331.84ms min=19.85ms max=900.61ms count=3
09-10 07:36:14.030  3033  3070 V Godot   : OnGodotSetupCompleted
09-10 07:36:14.037  3033  3070 V Godot   : OnGodotMainLoopStarted
09-10 07:36:14.630  3033  3055 D EGL_emulation: app_time_stats: avg=381.75ms min=293.16ms max=509.53ms count=3
09-10 07:36:24.158  3033  3033 D AutofillManager: Fill dialog is enabled:false, hints=[]
09-10 07:36:24.187  3033  3055 D EGL_emulation: app_time_stats: avg=1360.52ms min=7.86ms max=8967.38ms count=7
09-10 07:36:28.673  3033  3070 D EGL_emulation: app_time_stats: avg=3757.05ms min=73.19ms max=14146.35ms count=4
09-10 07:36:32.867  3033  3055 D EGL_emulation: app_time_stats: avg=1437.10ms min=36.46ms max=8343.97ms count=6
09-10 07:36:42.668  3033  3055 D EGL_emulation: app_time_stats: avg=1949.85ms min=23.70ms max=9558.00ms count=5
09-10 07:36:47.095  3033  3070 D EGL_emulation: app_time_stats: avg=18421.54ms min=18421.54ms max=18421.54ms count=1
09-10 07:36:51.251  3033  3055 D EGL_emulation: app_time_stats: avg=1706.11ms min=20.24ms max=8309.64ms count=5
09-10 07:37:01.035  3033  3055 D EGL_emulation: app_time_stats: avg=1945.36ms min=15.23ms max=9533.84ms count=5
09-10 07:37:05.413  3033  3070 D EGL_emulation: app_time_stats: avg=18317.98ms min=18317.98ms max=18317.98ms count=1
09-10 07:37:09.566  3033  3055 D EGL_emulation: app_time_stats: avg=1692.86ms min=25.63ms max=8270.46ms count=5
09-10 07:37:19.450  3033  3055 D EGL_emulation: app_time_stats: avg=1969.26ms min=11.96ms max=9643.26ms count=5
09-10 07:37:23.892  3033  3070 D EGL_emulation: app_time_stats: avg=18479.73ms min=18479.73ms max=18479.73ms count=1
09-10 07:37:28.100  3033  3055 D EGL_emulation: app_time_stats: avg=1716.84ms min=22.50ms max=8387.57ms count=5
09-10 07:37:34.584  3033  3055 D EGL_emulation: app_time_stats: avg=1289.64ms min=19.03ms max=6227.60ms count=5
09-10 07:37:38.931  3033  3070 D EGL_emulation: app_time_stats: avg=15038.42ms min=15038.42ms max=15038.42ms count=1
09-10 07:37:43.201  3033  3055 D EGL_emulation: app_time_stats: avg=1712.37ms min=12.52ms max=8334.12ms count=5
09-10 07:37:45.530  3033  3033 V Godot   : OnPause: GodotFragment{1b9011f} (6ed6083f-5a2d-489f-ae33-b41671919ff3 id=0x7f07002b tag=partydeck-godot)
09-10 07:37:45.609  3033  3055 D EGL_emulation: app_time_stats: avg=470.21ms min=10.88ms max=2141.83ms count=5
09-10 07:37:46.208  3033  3070 D EGL_emulation: app_time_stats: avg=3638.24ms min=102.19ms max=7174.30ms count=2
09-10 07:37:46.209  3033  3070 D t.compare:godot: PlayerBase::pause() from IPlayer
09-10 07:37:46.327  3033  3033 D VRI[GodotGameActivity]: visibilityChanged oldVisibility=true newVisibility=false
09-10 07:37:46.332  3033  3033 E Surface : freeAllBuffers: 1 buffers were freed while being dequeued!
09-10 07:37:46.454  3033  3070 E Surface : getSlotFromBufferLocked: unknown buffer: 0x0
09-10 07:37:46.454  3033  3070 E Surface : freeAllBuffers: 1 buffers were freed while being dequeued!
09-10 07:37:46.454  3033  3070 E BufferQueueProducer: [SurfaceView[dev.partydeck.godot.compare/dev.partydeck.godot.compare.GodotGameActivity]#1(BLAST Consumer)1](id:bd900000001,api:0,p:-1,c:3033) disconnect: not connected (req=1)
09-10 07:37:46.454  3033  3070 W libEGL  : EGLNativeWindowType 0x77a3a5c2d750 disconnect failed
09-10 07:37:46.525  3033  3033 V Godot   : OnStop: GodotFragment{1b9011f} (6ed6083f-5a2d-489f-ae33-b41671919ff3 id=0x7f07002b tag=partydeck-godot)
09-10 07:38:00.094  3033  3033 V Godot   : OnStart: GodotFragment{1b9011f} (6ed6083f-5a2d-489f-ae33-b41671919ff3 id=0x7f07002b tag=partydeck-godot)
09-10 07:38:00.095  3033  3033 W WindowOnBackDispatcher: OnBackInvokedCallback is not enabled for the application.
09-10 07:38:00.095  3033  3033 W WindowOnBackDispatcher: Set 'android:enableOnBackInvokedCallback="true"' in the application manifest.
09-10 07:38:00.108  3033  3033 V Godot   : OnResume: GodotFragment{1b9011f} (6ed6083f-5a2d-489f-ae33-b41671919ff3 id=0x7f07002b tag=partydeck-godot)
09-10 07:38:01.598  3033  3055 D EGL_emulation: app_time_stats: avg=118.09ms min=45.62ms max=251.14ms count=9
09-10 07:38:01.663  3033  3038 I t.compare:godot: Background concurrent mark compact GC freed 2772KB AllocSpace bytes, 0(0B) LOS objects, 49% free, 2752KB/5505KB, paused 110us,24.815ms total 55.350ms
09-10 07:38:05.052  3033  3055 D EGL_emulation: app_time_stats: avg=1726.97ms min=66.02ms max=3387.92ms count=2
09-10 07:38:15.003  3033  3055 D EGL_emulation: app_time_stats: avg=1975.18ms min=17.12ms max=9643.76ms count=5
09-10 07:38:19.442  3033  3070 D EGL_emulation: app_time_stats: avg=9440.64ms min=422.92ms max=18458.35ms count=2
09-10 07:38:23.600  3033  3055 D EGL_emulation: app_time_stats: avg=1709.00ms min=25.32ms max=8322.09ms count=5
09-10 07:38:30.083  3033  3055 D EGL_emulation: app_time_stats: avg=1286.01ms min=18.35ms max=6207.29ms count=5
09-10 07:38:34.508  3033  3070 D EGL_emulation: app_time_stats: avg=15066.15ms min=15066.15ms max=15066.15ms count=1
09-10 07:38:38.735  3033  3055 D EGL_emulation: app_time_stats: avg=1721.19ms min=15.68ms max=8386.74ms count=5
09-10 07:38:45.216  3033  3055 D EGL_emulation: app_time_stats: avg=1284.56ms min=17.80ms max=6229.49ms count=5
09-10 07:38:49.614  3033  3070 D EGL_emulation: app_time_stats: avg=15106.06ms min=15106.06ms max=15106.06ms count=1
09-10 07:38:50.647  3033  3070 D EGL_emulation: app_time_stats: avg=103.23ms min=67.22ms max=136.03ms count=10
09-10 07:38:54.753  3033  3055 D EGL_emulation: app_time_stats: avg=1894.51ms min=20.43ms max=9288.54ms count=5
09-10 07:38:59.186  3033  3070 D EGL_emulation: app_time_stats: avg=8533.50ms min=8533.50ms max=8533.50ms count=1
09-10 07:38:59.358  3033  3055 D EGL_emulation: app_time_stats: avg=910.37ms min=19.34ms max=4353.56ms count=5
09-10 07:39:03.851  3033  3055 D EGL_emulation: app_time_stats: avg=748.58ms min=16.78ms max=3758.70ms count=6
09-10 07:39:10.268  3033  3055 D EGL_emulation: app_time_stats: avg=1276.49ms min=14.67ms max=6148.55ms count=5
09-10 07:39:23.567  3033  3055 D EGL_emulation: app_time_stats: avg=2653.97ms min=16.26ms max=13034.42ms count=5
09-10 07:39:27.998  3033  3070 D EGL_emulation: app_time_stats: avg=9604.01ms min=336.65ms max=28019.88ms count=3
09-10 07:39:29.023  3033  3070 D EGL_emulation: app_time_stats: avg=79.84ms min=24.67ms max=107.14ms count=11
09-10 07:39:33.182  3033  3055 D EGL_emulation: app_time_stats: avg=1912.05ms min=25.10ms max=9362.28ms count=5
09-10 07:39:37.695  3033  3070 D EGL_emulation: app_time_stats: avg=4336.04ms min=141.66ms max=8530.42ms count=2
09-10 07:39:37.757  3033  3055 D EGL_emulation: app_time_stats: avg=633.66ms min=1.64ms max=4192.37ms count=7
09-10 07:39:42.400  3033  3055 D EGL_emulation: app_time_stats: avg=773.83ms min=66.14ms max=3759.54ms count=6
09-10 07:39:48.850  3033  3055 D EGL_emulation: app_time_stats: avg=1274.26ms min=12.28ms max=6206.28ms count=5
09-10 07:39:58.768  3033  3055 D EGL_emulation: app_time_stats: avg=1642.99ms min=34.59ms max=9590.08ms count=6
09-10 07:40:03.205  3033  3070 D EGL_emulation: app_time_stats: avg=8503.03ms min=263.89ms max=24716.02ms count=3
09-10 07:40:04.215  3033  3070 D EGL_emulation: app_time_stats: avg=91.77ms min=30.50ms max=164.85ms count=11
09-10 07:40:08.418  3033  3055 D EGL_emulation: app_time_stats: avg=1925.23ms min=14.79ms max=9413.15ms count=5
09-10 07:40:12.810  3033  3070 D EGL_emulation: app_time_stats: avg=4294.94ms min=130.99ms max=8458.88ms count=2
09-10 07:40:12.885  3033  3055 D EGL_emulation: app_time_stats: avg=874.36ms min=1.40ms max=4202.18ms count=5
09-10 07:40:17.469  3033  3055 D EGL_emulation: app_time_stats: avg=749.05ms min=10.60ms max=3756.29ms count=6
09-10 07:40:23.967  3033  3055 D EGL_emulation: app_time_stats: avg=1071.53ms min=21.77ms max=6150.83ms count=6
09-10 07:40:30.349  3033  3055 D EGL_emulation: app_time_stats: avg=1264.53ms min=24.55ms max=6133.14ms count=5
09-10 07:40:34.840  3033  3070 D EGL_emulation: app_time_stats: avg=7343.21ms min=285.42ms max=21234.33ms count=3
09-10 07:40:35.990  3033  3070 D EGL_emulation: app_time_stats: avg=96.50ms min=28.08ms max=192.59ms count=11
09-10 07:40:40.086  3033  3055 D EGL_emulation: app_time_stats: avg=1921.30ms min=6.95ms max=9426.77ms count=5
09-10 07:40:44.512  3033  3070 D EGL_emulation: app_time_stats: avg=4260.65ms min=110.76ms max=8410.54ms count=2
09-10 07:40:44.632  3033  3055 D EGL_emulation: app_time_stats: avg=898.24ms min=20.74ms max=4276.52ms count=5
09-10 07:40:49.167  3033  3055 D EGL_emulation: app_time_stats: avg=751.47ms min=14.64ms max=3746.03ms count=6
09-10 07:40:55.583  3033  3055 D EGL_emulation: app_time_stats: avg=1273.66ms min=19.12ms max=6175.28ms count=5
09-10 07:41:02.001  3033  3055 D EGL_emulation: app_time_stats: avg=1272.58ms min=17.16ms max=6159.24ms count=5
09-10 07:41:06.467  3033  3070 D EGL_emulation: app_time_stats: avg=7318.33ms min=265.70ms max=21168.95ms count=3
09-10 07:41:07.534  3033  3070 D EGL_emulation: app_time_stats: avg=106.57ms min=87.82ms max=147.00ms count=10
09-10 07:41:11.636  3033  3055 D EGL_emulation: app_time_stats: avg=1913.70ms min=17.70ms max=9399.64ms count=5
09-10 07:41:16.036  3033  3070 D EGL_emulation: app_time_stats: avg=8501.61ms min=8501.61ms max=8501.61ms count=1
09-10 07:41:16.105  3033  3055 D EGL_emulation: app_time_stats: avg=881.31ms min=17.10ms max=4237.71ms count=5
09-10 07:41:20.418  3033  3055 D EGL_emulation: app_time_stats: avg=716.54ms min=62.01ms max=3509.17ms count=6
09-10 07:41:26.834  3033  3055 D EGL_emulation: app_time_stats: avg=1272.00ms min=9.92ms max=6166.08ms count=5
09-10 07:41:36.667  3033  3055 D EGL_emulation: app_time_stats: avg=1947.58ms min=20.93ms max=9547.83ms count=5
09-10 07:41:41.126  3033  3070 D EGL_emulation: app_time_stats: avg=12543.51ms min=219.92ms max=24867.10ms count=2
09-10 07:41:42.200  3033  3070 D EGL_emulation: app_time_stats: avg=97.44ms min=39.30ms max=155.47ms count=11
09-10 07:41:46.401  3033  3055 D EGL_emulation: app_time_stats: avg=1936.82ms min=31.16ms max=9495.86ms count=5
09-10 07:41:50.832  3033  3055 D EGL_emulation: app_time_stats: avg=886.07ms min=22.07ms max=4185.30ms count=5
09-10 07:41:50.905  3033  3070 D EGL_emulation: app_time_stats: avg=4352.34ms min=99.04ms max=8605.65ms count=2
09-10 07:41:55.166  3033  3055 D EGL_emulation: app_time_stats: avg=706.75ms min=65.87ms max=3452.80ms count=6
09-10 07:42:01.605  3033  3055 D EGL_emulation: app_time_stats: avg=1280.18ms min=20.61ms max=6187.92ms count=5
09-10 07:42:08.033  3033  3055 D EGL_emulation: app_time_stats: avg=1271.44ms min=14.30ms max=6173.86ms count=5
09-10 07:42:12.504  3033  3070 D EGL_emulation: app_time_stats: avg=10799.40ms min=134.19ms max=21464.61ms count=2
09-10 07:42:16.717  3033  3055 D EGL_emulation: app_time_stats: avg=1723.90ms min=26.51ms max=8442.98ms count=5
09-10 07:42:23.149  3033  3055 D EGL_emulation: app_time_stats: avg=1258.24ms min=1.32ms max=6155.54ms count=5
09-10 07:42:27.537  3033  3070 D EGL_emulation: app_time_stats: avg=7516.34ms min=163.99ms max=14868.69ms count=2
09-10 07:42:31.717  3033  3055 D EGL_emulation: app_time_stats: avg=1702.51ms min=16.75ms max=8320.36ms count=5
09-10 07:42:38.166  3033  3055 D EGL_emulation: app_time_stats: avg=1274.75ms min=14.97ms max=6205.91ms count=5
09-10 07:42:42.535  3033  3070 D EGL_emulation: app_time_stats: avg=14998.07ms min=14998.07ms max=14998.07ms count=1
09-10 07:42:43.641  3033  3070 D EGL_emulation: app_time_stats: avg=110.64ms min=90.08ms max=130.95ms count=10
09-10 07:42:47.749  3033  3055 D EGL_emulation: app_time_stats: avg=1904.30ms min=19.26ms max=9331.31ms count=5
09-10 07:42:52.150  3033  3055 D EGL_emulation: app_time_stats: avg=868.30ms min=19.73ms max=4114.10ms count=5
09-10 07:42:52.264  3033  3070 D EGL_emulation: app_time_stats: avg=8620.55ms min=8620.55ms max=8620.55ms count=1
09-10 07:42:56.817  3033  3055 D EGL_emulation: app_time_stats: avg=767.82ms min=21.07ms max=3761.70ms count=6
09-10 07:43:03.269  3033  3055 D EGL_emulation: app_time_stats: avg=1278.05ms min=18.96ms max=6209.41ms count=5
09-10 07:43:09.733  3033  3055 D EGL_emulation: app_time_stats: avg=1282.78ms min=16.37ms max=6190.15ms count=5
09-10 07:43:14.240  3033  3070 D EGL_emulation: app_time_stats: avg=5493.88ms min=121.86ms max=21304.04ms count=4
09-10 07:43:15.264  3033  3070 D EGL_emulation: app_time_stats: avg=93.06ms min=80.01ms max=107.60ms count=11
09-10 07:43:19.533  3033  3055 D EGL_emulation: app_time_stats: avg=1941.09ms min=17.94ms max=9558.77ms count=5
09-10 07:43:23.945  3033  3070 D EGL_emulation: app_time_stats: avg=2893.58ms min=130.11ms max=8409.34ms count=3
09-10 07:43:24.014  3033  3055 D EGL_emulation: app_time_stats: avg=867.75ms min=2.73ms max=4241.62ms count=5
09-10 07:43:28.633  3033  3055 D EGL_emulation: app_time_stats: avg=762.59ms min=7.90ms max=3798.77ms count=6
09-10 07:43:35.149  3033  3055 D EGL_emulation: app_time_stats: avg=1290.18ms min=15.90ms max=6271.78ms count=5
09-10 07:43:41.566  3033  3055 D EGL_emulation: app_time_stats: avg=1268.06ms min=21.86ms max=6142.77ms count=5
09-10 07:43:45.983  3033  3070 D EGL_emulation: app_time_stats: avg=7345.86ms min=301.94ms max=21303.42ms count=3
09-10 07:43:46.988  3033  3070 D EGL_emulation: app_time_stats: avg=91.33ms min=61.09ms max=104.78ms count=11
09-10 07:43:51.316  3033  3055 D EGL_emulation: app_time_stats: avg=2426.11ms min=19.38ms max=9561.17ms count=4
09-10 07:43:55.599  3033  3070 D EGL_emulation: app_time_stats: avg=2869.99ms min=47.30ms max=8457.03ms count=3
09-10 07:43:55.668  3033  3055 D EGL_emulation: app_time_stats: avg=848.95ms min=17.36ms max=4042.90ms count=5
09-10 07:44:00.299  3033  3055 D EGL_emulation: app_time_stats: avg=751.22ms min=23.87ms max=3781.48ms count=6
09-10 07:44:06.767  3033  3055 D EGL_emulation: app_time_stats: avg=1278.72ms min=13.74ms max=6205.69ms count=5
09-10 07:44:13.221  3033  3055 D EGL_emulation: app_time_stats: avg=1285.80ms min=11.04ms max=6219.91ms count=5
09-10 07:44:17.688  3033  3070 D EGL_emulation: app_time_stats: avg=7363.00ms min=281.40ms max=21287.27ms count=3
09-10 07:44:18.750  3033  3070 D EGL_emulation: app_time_stats: avg=96.48ms min=59.98ms max=142.39ms count=11
09-10 07:44:22.952  3033  3055 D EGL_emulation: app_time_stats: avg=1930.22ms min=27.63ms max=9462.93ms count=5
09-10 07:44:27.488  3033  3070 D EGL_emulation: app_time_stats: avg=4368.46ms min=142.58ms max=8594.34ms count=2
09-10 07:44:32.052  3033  3055 D EGL_emulation: app_time_stats: avg=1811.16ms min=17.51ms max=8843.17ms count=5
09-10 07:44:36.486  3033  3070 D EGL_emulation: app_time_stats: avg=1799.67ms min=72.98ms max=8604.13ms count=5
09-10 07:44:36.548  3033  3055 D EGL_emulation: app_time_stats: avg=874.07ms min=6.38ms max=4238.78ms count=5
09-10 07:44:41.149  3033  3055 D EGL_emulation: app_time_stats: avg=748.95ms min=13.88ms max=3769.07ms count=6
09-10 07:44:47.619  3033  3055 D EGL_emulation: app_time_stats: avg=1286.06ms min=16.91ms max=6188.05ms count=5
09-10 07:44:54.137  3033  3055 D EGL_emulation: app_time_stats: avg=1298.04ms min=13.56ms max=6279.59ms count=5
09-10 07:44:58.583  3033  3070 D EGL_emulation: app_time_stats: avg=7365.62ms min=234.54ms max=21316.52ms count=3
09-10 07:45:03.467  3033  3055 D EGL_emulation: app_time_stats: avg=2325.05ms min=22.24ms max=9161.67ms count=4
09-10 07:45:07.901  3033  3070 D EGL_emulation: app_time_stats: avg=1035.24ms min=64.47ms max=8440.24ms count=9
09-10 07:45:07.973  3033  3055 D EGL_emulation: app_time_stats: avg=893.92ms min=23.94ms max=4255.63ms count=5
09-10 07:45:08.228  3033  3038 I t.compare:godot: Background concurrent mark compact GC freed 2732KB AllocSpace bytes, 0(0B) LOS objects, 49% free, 2756KB/5513KB, paused 174us,7.450ms total 31.222ms
09-10 07:45:12.284  3033  3055 D EGL_emulation: app_time_stats: avg=703.99ms min=24.14ms max=3543.54ms count=6
09-10 07:45:18.751  3033  3055 D EGL_emulation: app_time_stats: avg=1283.73ms min=24.56ms max=6221.80ms count=5
09-10 07:45:25.271  3033  3055 D EGL_emulation: app_time_stats: avg=1294.11ms min=25.59ms max=6278.67ms count=5
09-10 07:45:29.784  3033  3070 D EGL_emulation: app_time_stats: avg=10941.07ms min=291.99ms max=21590.14ms count=2
09-10 07:45:30.873  3033  3070 D EGL_emulation: app_time_stats: avg=98.93ms min=65.56ms max=126.87ms count=11
09-10 07:45:35.066  3033  3055 D EGL_emulation: app_time_stats: avg=1950.66ms min=19.83ms max=9542.60ms count=5
09-10 07:45:39.572  3033  3070 D EGL_emulation: app_time_stats: avg=8698.69ms min=8698.69ms max=8698.69ms count=1
09-10 07:45:44.269  3033  3055 D EGL_emulation: app_time_stats: avg=1828.82ms min=20.76ms max=8950.86ms count=5
09-10 07:45:48.719  3033  3055 D EGL_emulation: app_time_stats: avg=882.82ms min=29.65ms max=4192.11ms count=5
09-10 07:45:48.795  3033  3070 D EGL_emulation: app_time_stats: avg=1305.22ms min=32.85ms max=8619.45ms count=7
09-10 07:45:53.382  3033  3055 D EGL_emulation: app_time_stats: avg=777.07ms min=63.58ms max=3730.04ms count=6
09-10 07:45:59.833  3033  3055 D EGL_emulation: app_time_stats: avg=1284.25ms min=20.77ms max=6218.20ms count=5
09-10 07:46:06.251  3033  3055 D EGL_emulation: app_time_stats: avg=1261.48ms min=14.25ms max=6133.86ms count=5
09-10 07:46:10.722  3033  3070 D EGL_emulation: app_time_stats: avg=7308.72ms min=230.41ms max=21218.22ms count=3
09-10 07:46:11.735  3033  3070 D EGL_emulation: app_time_stats: avg=76.61ms min=43.74ms max=108.25ms count=11
09-10 07:46:16.034  3033  3055 D EGL_emulation: app_time_stats: avg=1953.32ms min=11.93ms max=9524.88ms count=5
09-10 07:46:20.398  3033  3055 D EGL_emulation: app_time_stats: avg=862.99ms min=21.32ms max=4109.32ms count=5
09-10 07:46:20.471  3033  3070 D EGL_emulation: app_time_stats: avg=2911.99ms min=107.86ms max=8511.37ms count=3
09-10 07:46:25.049  3033  3055 D EGL_emulation: app_time_stats: avg=771.46ms min=57.74ms max=3746.75ms count=6
09-10 07:46:31.449  3033  3055 D EGL_emulation: app_time_stats: avg=1270.48ms min=12.34ms max=6178.65ms count=5
09-10 07:46:37.850  3033  3055 D EGL_emulation: app_time_stats: avg=1274.70ms min=17.77ms max=6149.15ms count=5
09-10 07:46:42.204  3033  3070 D EGL_emulation: app_time_stats: avg=7244.26ms min=206.57ms max=21017.03ms count=3
09-10 07:46:43.244  3033  3070 D EGL_emulation: app_time_stats: avg=94.44ms min=84.02ms max=110.99ms count=11
09-10 07:46:47.470  3033  3055 D EGL_emulation: app_time_stats: avg=1911.69ms min=17.46ms max=9363.12ms count=5
09-10 07:46:51.815  3033  3055 D EGL_emulation: app_time_stats: avg=853.04ms min=17.58ms max=4077.56ms count=5
09-10 07:46:51.887  3033  3070 D EGL_emulation: app_time_stats: avg=4317.85ms min=54.65ms max=8581.04ms count=2
09-10 07:46:56.484  3033  3055 D EGL_emulation: app_time_stats: avg=778.15ms min=109.86ms max=3730.61ms count=6
09-10 07:47:02.936  3033  3055 D EGL_emulation: app_time_stats: avg=1279.32ms min=16.66ms max=6178.51ms count=5
09-10 07:47:09.401  3033  3055 D EGL_emulation: app_time_stats: avg=1288.92ms min=23.88ms max=6217.06ms count=5
09-10 07:47:13.826  3033  3070 D EGL_emulation: app_time_stats: avg=7313.09ms min=192.94ms max=21220.40ms count=3
09-10 07:47:14.886  3033  3070 D EGL_emulation: app_time_stats: avg=70.79ms min=12.86ms max=150.10ms count=12
09-10 07:47:19.099  3033  3055 D EGL_emulation: app_time_stats: avg=1938.15ms min=20.30ms max=9457.20ms count=5
09-10 07:47:23.534  3033  3055 D EGL_emulation: app_time_stats: avg=878.98ms min=18.78ms max=4180.55ms count=5
09-10 07:47:23.553  3033  3070 D EGL_emulation: app_time_stats: avg=4307.60ms min=142.62ms max=8472.57ms count=2
09-10 07:47:28.218  3033  3055 D EGL_emulation: app_time_stats: avg=779.59ms min=16.90ms max=3785.72ms count=6
09-10 07:47:34.650  3033  3055 D EGL_emulation: app_time_stats: avg=1270.80ms min=10.88ms max=6164.77ms count=5
09-10 07:47:41.134  3033  3055 D EGL_emulation: app_time_stats: avg=907.90ms min=2.05ms max=6100.06ms count=7
09-10 07:47:45.488  3033  3070 D EGL_emulation: app_time_stats: avg=7311.71ms min=308.08ms max=21166.67ms count=3
09-10 07:47:46.593  3033  3070 D EGL_emulation: app_time_stats: avg=91.98ms min=73.79ms max=108.13ms count=12
09-10 07:47:50.718  3033  3055 D EGL_emulation: app_time_stats: avg=1913.41ms min=12.39ms max=9308.43ms count=5
09-10 07:47:55.165  3033  3070 D EGL_emulation: app_time_stats: avg=4255.87ms min=54.86ms max=8456.88ms count=2
09-10 07:47:55.223  3033  3055 D EGL_emulation: app_time_stats: avg=890.45ms min=22.39ms max=4248.70ms count=5
09-10 07:47:59.851  3033  3055 D EGL_emulation: app_time_stats: avg=756.59ms min=53.38ms max=3784.61ms count=6
09-10 07:48:06.383  3033  3055 D EGL_emulation: app_time_stats: avg=1293.00ms min=19.13ms max=6241.59ms count=5
09-10 07:48:12.784  3033  3055 D EGL_emulation: app_time_stats: avg=1265.46ms min=20.45ms max=6127.27ms count=5
09-10 07:48:17.221  3033  3070 D EGL_emulation: app_time_stats: avg=7351.91ms min=276.85ms max=21265.88ms count=3
09-10 07:48:18.232  3033  3070 D EGL_emulation: app_time_stats: avg=83.68ms min=40.88ms max=105.46ms count=11
09-10 07:48:22.466  3033  3055 D EGL_emulation: app_time_stats: avg=1924.64ms min=18.83ms max=9440.82ms count=5
09-10 07:48:26.821  3033  3070 D EGL_emulation: app_time_stats: avg=4242.44ms min=59.07ms max=8425.81ms count=2
09-10 07:48:26.864  3033  3055 D EGL_emulation: app_time_stats: avg=870.26ms min=20.46ms max=4145.63ms count=5
09-10 07:48:31.501  3033  3055 D EGL_emulation: app_time_stats: avg=743.44ms min=7.94ms max=3752.47ms count=6
09-10 07:48:37.933  3033  3055 D EGL_emulation: app_time_stats: avg=1591.47ms min=15.60ms max=6248.46ms count=4
09-10 07:48:47.802  3033  3055 D EGL_emulation: app_time_stats: avg=1967.00ms min=19.22ms max=9617.30ms count=5
09-10 07:48:52.269  3033  3070 D EGL_emulation: app_time_stats: avg=6361.54ms min=118.50ms max=24633.55ms count=4
09-10 07:48:53.372  3033  3070 D EGL_emulation: app_time_stats: avg=83.19ms min=48.40ms max=102.44ms count=12
09-10 07:48:57.434  3033  3055 D EGL_emulation: app_time_stats: avg=1913.98ms min=18.67ms max=9383.83ms count=5
09-10 07:49:01.789  3033  3055 D EGL_emulation: app_time_stats: avg=863.04ms min=15.91ms max=4071.15ms count=5
09-10 07:49:02.003  3033  3070 D EGL_emulation: app_time_stats: avg=8582.62ms min=8582.62ms max=8582.62ms count=1
09-10 07:49:02.069  3033  3070 D GLThread: Exiting render thread
09-10 07:49:02.072  3033  3070 D GodotRenderer: Destroying Godot Engine
09-10 07:49:02.086  3033  3070 D t.compare:godot: PlayerBase::stop() from IPlayer
09-10 07:49:02.086  3033  3070 D AudioTrack: stop(16): called with 33297264 frames delivered
09-10 07:49:02.094  3033  3070 E eglCodecCommon: removeVertexArrayObject: ERROR: 7 not found in VAO state!
09-10 07:49:02.147  3033  3070 V Godot   : OnGodotTerminating
09-10 07:49:02.175  3033  3033 V Godot   : OnDestroy: GodotFragment{1b9011f} (6ed6083f-5a2d-489f-ae33-b41671919ff3 id=0x7f07002b tag=partydeck-godot)
09-10 07:49:02.184  3033  3033 V Godot   : OnPause: GodotFragment{1b9011f} (6ed6083f-5a2d-489f-ae33-b41671919ff3 id=0x7f07002b tag=partydeck-godot)
09-10 07:49:02.299  3033  3033 I PartyDeckGodotHost: Engine process exit requested
09-10 07:49:02.299  3033  3033 I Process : Sending signal. PID: 3033 SIG: 9
