--------- beginning of main
09-10 05:25:07.167 10933 10933 I t.compare:godot: Late-enabling -Xcheck:jni
09-10 05:25:07.182 10933 10933 I t.compare:godot: Using CollectorTypeCMC GC.
09-10 05:25:07.183 10933 10933 W t.compare:godot: Unexpected CPU variant for x86: x86_64.
09-10 05:25:07.183 10933 10933 W t.compare:godot: Known variants: atom, sandybridge, silvermont, goldmont, goldmont-plus, goldmont-without-sha-xsaves, tremont, kabylake, default
09-10 05:25:07.207 10933 10933 D nativeloader: Load libframework-connectivity-tiramisu-jni.so using APEX ns com_android_tethering for caller /apex/com.android.tethering/javalib/framework-connectivity-t.jar: ok
09-10 05:25:07.368 10933 10933 W ziparchive: Unable to open '/data/app/~~gVaBH3u0EhBXD7-gqc-3Yw==/dev.partydeck.godot.compare-xTXudCZ5nX7lxOZ0q_cWYQ==/base.dm': No such file or directory
09-10 05:25:07.368 10933 10933 W ziparchive: Unable to open '/data/app/~~gVaBH3u0EhBXD7-gqc-3Yw==/dev.partydeck.godot.compare-xTXudCZ5nX7lxOZ0q_cWYQ==/base.dm': No such file or directory
09-10 05:25:07.513 10933 10933 D nativeloader: Configuring clns-7 for other apk /data/app/~~gVaBH3u0EhBXD7-gqc-3Yw==/dev.partydeck.godot.compare-xTXudCZ5nX7lxOZ0q_cWYQ==/base.apk. target_sdk_version=36, uses_libraries=, library_path=/data/app/~~gVaBH3u0EhBXD7-gqc-3Yw==/dev.partydeck.godot.compare-xTXudCZ5nX7lxOZ0q_cWYQ==/lib/x86_64:/data/app/~~gVaBH3u0EhBXD7-gqc-3Yw==/dev.partydeck.godot.compare-xTXudCZ5nX7lxOZ0q_cWYQ==/base.apk!/lib/x86_64, permitted_path=/data:/mnt/expand:/data/user/0/dev.partydeck.godot.compare
09-10 05:25:07.529 10933 10933 V GraphicsEnvironment: Currently set values for:
09-10 05:25:07.530 10933 10933 V GraphicsEnvironment:   angle_gl_driver_selection_pkgs=[]
09-10 05:25:07.530 10933 10933 V GraphicsEnvironment:   angle_gl_driver_selection_values=[]
09-10 05:25:07.530 10933 10933 V GraphicsEnvironment: Global.Settings values are invalid: number of packages: 0, number of values: 0
09-10 05:25:07.530 10933 10933 V GraphicsEnvironment: Neither updatable production driver nor prerelease driver is supported.
09-10 05:25:07.997 10933 10933 V Godot   : Initializing Godot plugin registry
09-10 05:25:07.998 10933 10933 I GodotPluginRegistry: Registering runtime plugin AndroidRuntime
09-10 05:25:07.998 10933 10933 I GodotPluginRegistry: Registering runtime plugin PartyDeckBridge
09-10 05:25:07.998 10933 10933 V Godot   : InitEngine with params: [--main-pack, res://partydeck-last-light.pck, --rendering-method, gl_compatibility, --xr-mode, off]
09-10 05:25:08.021 10933 10933 D nativeloader: Load /data/app/~~gVaBH3u0EhBXD7-gqc-3Yw==/dev.partydeck.godot.compare-xTXudCZ5nX7lxOZ0q_cWYQ==/base.apk!/lib/x86_64/libgodot_android.so using ns clns-7 from class loader (caller=/data/app/~~gVaBH3u0EhBXD7-gqc-3Yw==/dev.partydeck.godot.compare-xTXudCZ5nX7lxOZ0q_cWYQ==/base.apk): ok
09-10 05:25:08.022 10933 10933 V Godot   : Godot native layer initialization completed: true
09-10 05:25:08.022 10933 10933 V Godot   : Setting up native layer with params: [--main-pack, res://partydeck-last-light.pck, --rendering-method, gl_compatibility, --xr-mode, off]
09-10 05:25:08.048 10933 10933 V Godot   : Godot native layer setup completed
09-10 05:25:08.048 10933 10933 V Godot   : OnInitRenderView: GodotFragment{db9c73a} (99dafe66-2c32-4995-b5e3-20e52f32c6e9 id=0x7f07002b tag=partydeck-godot)
09-10 05:25:08.060 10933 10933 D Godot   : Render view should be transparent: false
09-10 05:25:08.060 10933 10933 D Godot   : renderingDevice: opengl3 (ProjectSettings)
09-10 05:25:08.060 10933 10933 D Godot   : 			renderer: gl_compatibility (Default)
09-10 05:25:08.075 10933 10933 V Godot   : OnStart: GodotFragment{db9c73a} (99dafe66-2c32-4995-b5e3-20e52f32c6e9 id=0x7f07002b tag=partydeck-godot)
09-10 05:25:08.076 10933 10933 W WindowOnBackDispatcher: OnBackInvokedCallback is not enabled for the application.
09-10 05:25:08.076 10933 10933 W WindowOnBackDispatcher: Set 'android:enableOnBackInvokedCallback="true"' in the application manifest.
09-10 05:25:08.078 10933 10933 V Godot   : OnResume: GodotFragment{db9c73a} (99dafe66-2c32-4995-b5e3-20e52f32c6e9 id=0x7f07002b tag=partydeck-godot)
09-10 05:25:08.081 10933 10933 W HWUI    : Unknown dataspace 0
09-10 05:25:08.123 10933 10950 I EGL_emulation: Opening libGLESv1_CM_emulation.so
09-10 05:25:08.124 10933 10950 I EGL_emulation: Opening libGLESv2_emulation.so
09-10 05:25:08.133 10933 10950 W HWUI    : Failed to choose config with EGL_SWAP_BEHAVIOR_PRESERVED, retrying without...
09-10 05:25:08.134 10933 10950 W HWUI    : Failed to initialize 101010-2 format, error = EGL_SUCCESS
09-10 05:25:08.159 10933 10939 I t.compare:godot: Compiler allocated 4219KB to compile void android.widget.TextView.<init>(android.content.Context, android.util.AttributeSet, int, int)
09-10 05:25:08.181 10933 10970 W RegularContextFactory: creating OpenGL ES 3.0 context :
09-10 05:25:08.191 10933 10970 I Gralloc4: mapper 4.x is not supported
09-10 05:25:08.227 10933 10970 I godot   : Godot Engine v4.7.2.stable.official.ed1daf0bf - https://godotengine.org
09-10 05:25:08.507 10933 10970 E godot   : WARNING: Failed to load cached shader, recompiling.
09-10 05:25:08.507 10933 10970 E godot   :    at: _load_from_cache (drivers/gles3/shader_gles3.cpp:615)
09-10 05:25:08.904 10933 10939 I t.compare:godot: Compiler allocated 5174KB to compile void android.view.ViewRootImpl.performTraversals()
09-10 05:25:09.134 10933 10974 E SurfaceSyncGroup: Failed to receive transaction ready in 1000ms. Marking SurfaceSyncGroup(wmsSync-VRI[GodotGameActivity]#1) as ready
09-10 05:25:09.134 10933 10974 E SurfaceSyncGroup: Failed to receive transaction ready in 1000ms. Marking SurfaceSyncGroup(VRI[GodotGameActivity]#2) as ready
09-10 05:25:09.137 10933 10974 E SurfaceSyncGroup: Failed to receive transaction ready in 1000ms. Marking SurfaceSyncGroup(SurfaceView[dev.partydeck.godot.compare/dev.partydeck.godot.compare.GodotGameActivity]#0) as ready
09-10 05:25:09.378 10933 10950 D EGL_emulation: app_time_stats: avg=354.53ms min=7.39ms max=956.86ms count=3
09-10 05:25:09.516 10933 10970 I godot   : OpenGL API OpenGL ES 3.1 (OpenGL ES 3.1.0 (ANGLE 2.1.17841 git hash: 5fa2e61da947)) - Compatibility - Using Device: Google (Google Inc. (Google)) - Android Emulator OpenGL ES Translator (ANGLE (Google, Vulkan 1.3.0 (SwiftShader Device (Subzero) (0x0000C0DE)), SwiftShader driver-5.0.0))
09-10 05:25:09.523 10933 10970 D t.compare:godot: PlayerBase::PlayerBase()
09-10 05:25:09.523 10933 10970 D t.compare:godot: TrackPlayerBase::TrackPlayerBase()
09-10 05:25:09.523 10933 10970 I libOpenSLES: Emulating old channel mask behavior (ignoring positional mask 0x3, using default mask 0x3 based on channel count of 2)
09-10 05:25:09.537 10933 10970 I godot   : 
09-10 05:25:09.870 10933 10970 V Godot   : OnGodotSetupCompleted
09-10 05:25:09.918 10933 10970 V Godot   : OnGodotMainLoopStarted
09-10 05:25:10.535 10933 10950 D EGL_emulation: app_time_stats: avg=176.47ms min=29.21ms max=330.51ms count=6
09-10 05:25:18.075 10933 10933 D AutofillManager: Fill dialog is enabled:false, hints=[]
09-10 05:25:18.194 10933 10950 D EGL_emulation: app_time_stats: avg=1914.56ms min=69.12ms max=7387.89ms count=4
09-10 05:25:18.338 10933 10970 D EGL_emulation: app_time_stats: avg=2166.08ms min=22.38ms max=7942.23ms count=4
09-10 05:25:18.338 10933 10970 D GLThread: Exiting render thread
09-10 05:25:18.338 10933 10970 D GodotRenderer: Destroying Godot Engine
09-10 05:25:18.391 10933 10970 D t.compare:godot: PlayerBase::stop() from IPlayer
09-10 05:25:18.391 10933 10970 D AudioTrack: stop(18): called with 393856 frames delivered
09-10 05:25:18.396 10933 10970 E eglCodecCommon: removeVertexArrayObject: ERROR: 7 not found in VAO state!
09-10 05:25:18.429 10933 10970 V Godot   : OnGodotTerminating
09-10 05:25:18.433 10933 10933 V Godot   : OnDestroy: GodotFragment{db9c73a} (99dafe66-2c32-4995-b5e3-20e52f32c6e9 id=0x7f07002b tag=partydeck-godot)
09-10 05:25:18.451 10933 10933 V Godot   : OnPause: GodotFragment{db9c73a} (99dafe66-2c32-4995-b5e3-20e52f32c6e9 id=0x7f07002b tag=partydeck-godot)
09-10 05:25:18.697 10933 10933 I PartyDeckGodotHost: Engine process exit requested
09-10 05:25:18.697 10933 10933 I Process : Sending signal. PID: 10933 SIG: 9
