Exported 68 attachments for: PartyDeckGodotSessionUITests/testProduction2DPracticeSession():
File: 5CFEA3BD-32C9-4FB0-8326-16419BE670CC.json, suggested name: "2d production smoke failure latest sanitized observation_0_001480D5-C5F0-45F8-842D-A94A16806EBF.json"
File: B15684DB-9862-4AB7-8633-4BDE09B2CA07.png, suggested name: "2d production smoke failure_0_01C8F49C-FB3C-4F42-A7C3-7BDFF37144A8.png"
File: B0A33049-8F22-4D3E-A439-4D74C2049926, suggested name: "UI Snapshot 2026-09-10 at 08.21.25 PM"
File: 64727C97-0833-4525-878A-ACC31853852E, suggested name: "Synthesized Event 2026-09-10 at 08.21.26 PM"
File: 4FE5E8C5-1829-4D91-8108-34DC4C95AD57.json, suggested name: "2d real authority accepted native Play latest sanitized observation_0_4AA99980-3806-412E-A129-01FCDE856528.json"
File: 64A35242-9497-4079-A617-AB24910324F1.png, suggested name: "2d real authority accepted native Play_0_F045C8A4-79F1-49C3-9238-9544A5882AF3.png"
File: 86AD0505-9556-4365-B019-B1477BD26A97, suggested name: "UI Snapshot 2026-09-10 at 08.21.21 PM"
File: 30642E0A-11A8-4BF1-9F51-13BBC51D2F13, suggested name: "Synthesized Event 2026-09-10 at 08.21.22 PM"
File: 6C0E0123-F91D-473C-BA32-9354525937D4.json, suggested name: "2d measured play before actual coordinate tap_0_741E113C-91C2-47A2-8197-3BED404F3AB4.json"
File: DD2A078C-7FF8-4C37-B7DC-D958A6E06C41, suggested name: "UI Snapshot 2026-09-10 at 08.21.18 PM"
File: 781D1899-E3A0-47E9-98CF-1A5DC966752A, suggested name: "Synthesized Event 2026-09-10 at 08.21.19 PM"
File: 335B17E8-311F-4E03-82DD-452803FB27DE.json, suggested name: "2d measured card before actual coordinate tap_0_83F1E4F0-5CF8-4947-9CC8-5EC65E9B6829.json"
File: F4485824-2FED-4116-B51D-8A7D2DB7AFA1, suggested name: "UI Snapshot 2026-09-10 at 08.21.15 PM"
File: B2F1238B-FC4E-43F9-8D9B-5F000BEDA52A, suggested name: "Synthesized Event 2026-09-10 at 08.21.15 PM"
File: D220E059-8C8F-48C1-992A-4EC2E34B8CB5.json, suggested name: "2d measured reveal before actual coordinate tap_0_E1845A3E-DD78-47D8-BE32-368CFAB9FCDD.json"
File: 5340456C-B2AC-4A8F-8838-8FF9B2AD138F.json, suggested name: "2d Hide removes private faces labels and selection latest sanitized observation_0_4CD6A67C-B967-482A-93A2-A8C48C6C4805.json"
File: 31192652-1020-474E-94D3-3D7DED441954.png, suggested name: "2d Hide removes private faces labels and selection_0_13052DDB-96E3-4E2F-AC19-C45D28F4F639.png"
File: 27E7AA8B-EE55-4175-8C75-80E08A93A9A8, suggested name: "UI Snapshot 2026-09-10 at 08.21.12 PM"
File: 29F7753E-773F-4CE2-BE4F-8C47977C794C, suggested name: "Synthesized Event 2026-09-10 at 08.21.12 PM"
File: 04D6833A-424F-4EE0-8131-DA58861B15D6.json, suggested name: "2d measured hide before actual coordinate tap_0_B9D190BB-9425-4B68-A3A0-3FE87AA07A3B.json"
File: 91DA3E3D-D574-4898-B190-490D97FE9DFD.json, suggested name: "2d real native card selection latest sanitized observation_0_FD540DB8-CB0A-45C0-90D5-4A14BB19F7AA.json"
File: 9CB82E70-B429-4F26-B591-6F836859CA14.png, suggested name: "2d real native card selection_0_447FB1C6-E1F1-4F2C-9B54-50CD002108B7.png"
File: AED46E8C-4510-4DD8-9289-D33A7BD8C40E, suggested name: "UI Snapshot 2026-09-10 at 08.21.09 PM"
File: 5953AE0E-A884-48AB-8CC8-8C05F1B7683C, suggested name: "Synthesized Event 2026-09-10 at 08.21.09 PM"
File: 1F7CA088-2DB8-4064-9FFD-410AC4404C15.json, suggested name: "2d measured card before actual coordinate tap_0_53759863-CF03-4E27-A67B-8FEAA70AE609.json"
File: D03EE1B3-2CAA-4944-B589-E86339778CE0, suggested name: "UI Snapshot 2026-09-10 at 08.21.04 PM"
File: EBF5AFCD-67F4-42E5-923F-27BCEEA9FA1B, suggested name: "Synthesized Event 2026-09-10 at 08.21.05 PM"
File: B7F453B7-D8A4-4FC0-AEA0-A710F60C2311.json, suggested name: "2d measured reveal before actual coordinate tap_0_F5D61686-1F8F-4F10-8A25-70C690AAC6A5.json"
File: 481AD674-A910-4510-A668-F7A5E9117643.json, suggested name: "2d production concealed entry latest sanitized observation_0_963074D2-A722-477C-B549-7DA3617C5482.json"
File: 08369F79-6331-4360-9869-74A7E9BE8D83.png, suggested name: "2d production concealed entry_0_6E676FDC-2ADE-4BA0-A269-048A28623A2D.png"
File: 9F03CC74-ED45-477B-818F-A34F30683FC3, suggested name: "UI Snapshot 2026-09-10 at 08.20.50 PM"
File: ACB58EF1-D967-44D7-8F3B-96222FDB3DD2, suggested name: "Synthesized Event 2026-09-10 at 08.20.50 PM"
File: 795D2580-B77D-4D0E-B739-3D5B74BD9A8A, suggested name: "UI Snapshot 2026-09-10 at 08.20.43 PM"
File: 6496C4D0-68C1-459A-9E01-52E5ACB392A3, suggested name: "Synthesized Event 2026-09-10 at 08.20.44 PM"
File: 9C06E6FB-553F-475C-A0A6-D52E6C242045, suggested name: "UI Snapshot 2026-09-10 at 08.20.40 PM"
File: 1A6130F9-AC96-4A4F-A0EA-E909EB5AA9D5, suggested name: "Synthesized Event 2026-09-10 at 08.20.41 PM"
File: E1A38E8E-BEA7-4F70-9623-D4040D5E1FD3.json, suggested name: "2d Standard fresh Reveal is unselected latest sanitized observation_0_2DCCD56E-0C6B-4F55-9CE1-5C1D6B180E3B.json"
File: D52CECD5-8641-464F-BFFA-9A205CA320FA.png, suggested name: "2d Standard fresh Reveal is unselected_0_8FB3B5CD-4842-4843-A25B-99C0B7130D2F.png"
File: FDEADB53-C1DD-4A2B-B2FB-EECAEF917553, suggested name: "UI Snapshot 2026-09-10 at 08.20.13 PM"
File: 48B9BD52-4705-4997-AED3-A4BE13C262A0, suggested name: "Synthesized Event 2026-09-10 at 08.20.14 PM"
File: 809E4F8D-C61E-494D-9FE1-A31728FAA53C.json, suggested name: "2d Standard Hide removes private nodes and selection latest sanitized observation_0_9A0616BC-3B44-4E8A-808A-082EF6D0CAEC.json"
File: 45BD9E51-B535-4C10-A7D2-D0488F5B5009.png, suggested name: "2d Standard Hide removes private nodes and selection_0_AE429E3C-A32F-482E-A8E1-00F54F2936E2.png"
File: D9BFC8F0-C6AA-4E62-A119-5BA9BFD9D4DA, suggested name: "UI Snapshot 2026-09-10 at 08.20.08 PM"
File: F95726BE-635F-4278-BF02-FE54DE53D1DE, suggested name: "Synthesized Event 2026-09-10 at 08.20.08 PM"
File: 2FF2719E-C524-4091-845C-75E343094E84, suggested name: "UI Snapshot 2026-09-10 at 08.19.44 PM"
File: 07AC5268-CF5C-4AD4-9479-6D95AC8326FB, suggested name: "Synthesized Event 2026-09-10 at 08.19.44 PM"
File: 3CEE6136-76ED-41BC-83DA-B887DF974DD6.json, suggested name: "2d Standard maximum selection and count-only feedback latest sanitized observation_0_7C537C20-D77D-48A8-AB33-65FDD26B1F55.json"
File: A653E056-C730-4078-AF37-E660F90B7E3F.png, suggested name: "2d Standard maximum selection and count-only feedback_0_CA4DD726-6A09-4B4F-B911-11A37FC555F4.png"
File: B2F414DA-F12E-4B27-85C0-F8A543FE3052, suggested name: "UI Snapshot 2026-09-10 at 08.19.16 PM"
File: CE3966F0-D47D-4E0D-8FD0-D54ED0FD1C13, suggested name: "Synthesized Event 2026-09-10 at 08.19.17 PM"
File: 81E24A6A-3086-4536-A009-EAF673F5C696, suggested name: "UI Snapshot 2026-09-10 at 08.19.10 PM"
File: A0AD6EDC-39E8-4B50-9DC8-5671198D8D9A, suggested name: "Synthesized Event 2026-09-10 at 08.19.10 PM"
File: 379116A1-7C36-45F9-9EA1-4D247D5C3D01, suggested name: "UI Snapshot 2026-09-10 at 08.19.02 PM"
File: C596A46C-12AA-4C75-8356-8CCBDF077276, suggested name: "Synthesized Event 2026-09-10 at 08.19.02 PM"
File: 489A888F-9201-43DB-8C1A-2E0B8DB8E998, suggested name: "UI Snapshot 2026-09-10 at 08.18.54 PM"
File: E90C5689-2DCA-40C4-BE17-2C6D9660415E, suggested name: "Synthesized Event 2026-09-10 at 08.18.54 PM"
File: 54B61E29-EF0C-41DB-93E2-E6BB69BF013E, suggested name: "UI Snapshot 2026-09-10 at 08.18.42 PM"
File: 671C8ACB-0B60-4D5D-99C9-E596A24BCADE, suggested name: "Synthesized Event 2026-09-10 at 08.18.42 PM"
File: BAEA15E8-234A-4D2B-98AB-D4383AE38AE5, suggested name: "UI Snapshot 2026-09-10 at 08.18.30 PM"
File: DAD32D84-4C89-46BC-93A2-81E195B88B9C, suggested name: "Synthesized Event 2026-09-10 at 08.18.31 PM"
File: C663F738-75A2-4B67-8B78-ABE56E2DBFC6.json, suggested name: "2d Standard all five native card descriptions latest sanitized observation_0_F77467CA-B252-4999-B65D-F2F42E8F8CF7.json"
File: CB7BB887-6FF8-45E2-9576-5D49E3873BEC.png, suggested name: "2d Standard all five native card descriptions_0_3D25E8C8-E167-4EEB-8D9A-4190232193E6.png"
File: F6CAD631-4347-43CE-882C-4C69E898F0AC, suggested name: "UI Snapshot 2026-09-10 at 08.17.57 PM"
File: 70AC04CB-A787-4492-915B-FCBDAABA01FB, suggested name: "Synthesized Event 2026-09-10 at 08.17.57 PM"
File: 4A3407BE-3523-46CE-81A8-358297D904D4.json, suggested name: "2d Standard concealed latest sanitized observation_0_768105E4-F8F5-49F5-964D-4B5E26F50B74.json"
File: 1B5BE4EF-A5BE-4D29-B489-6FEE60AAE191.png, suggested name: "2d Standard concealed_0_92423C2C-284B-432F-9BAA-54B45223C60E.png"
File: BA4C7FA1-4599-435C-B3A5-1666E7F496AF, suggested name: "Synthesized Event 2026-09-10 at 08.17.48 PM"
File: AC64908F-1314-41E7-8D2D-A2114215EF5B.mp4, suggested name: "Screen Recording 2026-09-10 at 08.17.32 PM.mp4"

Exported 73 attachments for: PartyDeckGodotSessionUITests/testProduction3DPracticeSession():
File: 75F39AD7-E4E1-4CD4-84ED-7A30EB971441.json, suggested name: "3d production smoke failure latest sanitized observation_0_95FCCAD0-8B4E-4158-A3C4-120C0302BCE8.json"
File: 90DD1809-D2DA-4033-A71B-BE534313D54A.png, suggested name: "3d production smoke failure_0_AE7A2ECF-4F48-43DF-A5AB-25808A9C4740.png"
File: 2A9D457C-2353-4C78-9BB2-A4B2F0EA2267, suggested name: "UI Snapshot 2026-09-10 at 08.26.19 PM"
File: 62D601E1-FCED-41FC-B158-B7FD0E9A4287, suggested name: "Synthesized Event 2026-09-10 at 08.26.20 PM"
File: B3B18159-BDB2-4FC8-8882-D3C787A43BCF.json, suggested name: "3d real authority accepted native Play latest sanitized observation_0_DA11F14E-38E6-4F8D-A167-C2ABE9E8948E.json"
File: 2EB272BE-FB9F-41D8-9BE0-8188C1DA0AF2.png, suggested name: "3d real authority accepted native Play_0_423A5A40-FACC-40BA-8EF8-2E3A16136DA2.png"
File: D3C50BC3-66ED-4E72-B5E0-41B9C88C5C89, suggested name: "UI Snapshot 2026-09-10 at 08.26.06 PM"
File: 4C1D6F2E-504B-4273-A084-DE4B66B3AA57, suggested name: "Synthesized Event 2026-09-10 at 08.26.06 PM"
File: DC3EC86A-C843-4419-860B-17EC11C136A2.json, suggested name: "3d measured play before actual coordinate tap_0_C13F2559-9DEB-483A-B531-BED4FDC3A471.json"
File: 7A41E832-5173-479D-81F4-638D5CB8D080, suggested name: "UI Snapshot 2026-09-10 at 08.26.04 PM"
File: F8945A28-C07D-4935-AABE-AE4A2857A6DD, suggested name: "Synthesized Event 2026-09-10 at 08.26.05 PM"
File: 376AD57B-96F4-4F91-9127-DA68CCF3D5C1.json, suggested name: "3d measured play before actual scroll_0_BCE2C684-1145-48E5-86C0-304D233B2F85.json"
File: F95882D7-57F8-40D4-B97D-0305A98EBA6C, suggested name: "UI Snapshot 2026-09-10 at 08.26.00 PM"
File: 3EBBE257-D940-40FC-BDD7-46BA4289ABDF, suggested name: "Synthesized Event 2026-09-10 at 08.26.00 PM"
File: F4B5D136-A355-4BF9-8D48-4E9695143941.json, suggested name: "3d measured card before actual coordinate tap_0_81C62CB0-E8D1-466B-A2CE-31C950791B11.json"
File: 82243761-4934-4CFF-88B8-51280944D69E, suggested name: "UI Snapshot 2026-09-10 at 08.25.58 PM"
File: 0B615E27-D3A6-4BA5-8C2B-132DF12A74CD, suggested name: "Synthesized Event 2026-09-10 at 08.25.58 PM"
File: CA48AE0F-4C25-46D0-8492-A8B98FBE8BA3.json, suggested name: "3d measured reveal before actual coordinate tap_0_EE3CBA7A-79D5-4346-9AFE-7BAFCE7390FD.json"
File: F1B74130-7E3B-490A-BB83-7246C46AB181.json, suggested name: "3d Hide removes private faces labels and selection latest sanitized observation_0_5ABDE8E9-0A32-439D-99C0-DD818C5A18C4.json"
File: A52150C7-D39D-4A09-9230-FF286FA3678B.png, suggested name: "3d Hide removes private faces labels and selection_0_310080AF-E0CD-4103-B03E-F861ED7626AD.png"
File: 5E23FD77-A096-4689-AE23-9F742AF74DFB, suggested name: "UI Snapshot 2026-09-10 at 08.25.54 PM"
File: 14B61AA8-3FF4-4DF1-9BEF-883A03B96721, suggested name: "Synthesized Event 2026-09-10 at 08.25.55 PM"
File: 3FB613EB-33E1-4FC2-B3A2-3222BEC732C3.json, suggested name: "3d measured hide before actual coordinate tap_0_A7EA39CE-6562-4BE0-BCB5-97A246ABD90D.json"
File: 7875A7BC-A4CD-4609-895F-C9E69F9BCB95.json, suggested name: "3d real native card selection latest sanitized observation_0_644B1D7D-BDA4-4E2F-96B2-2C3448890180.json"
File: F27271BA-7875-4783-89E7-06E016604127.png, suggested name: "3d real native card selection_0_FA26EE06-5231-48F8-9546-2344D51CC0B3.png"
File: 32D51681-7B51-4024-8505-B1490704C5D6, suggested name: "UI Snapshot 2026-09-10 at 08.25.40 PM"
File: 17E6BE96-617A-4A9A-8525-81B1AB34506C, suggested name: "Synthesized Event 2026-09-10 at 08.25.40 PM"
File: 59B27B22-60A7-40BA-BDAF-28A31DF758EC.json, suggested name: "3d measured card before actual coordinate tap_0_007500E4-64E1-4B96-9D82-0B860B013F50.json"
File: 2AC6D474-92E1-4778-B9EA-A9F417A2D731, suggested name: "UI Snapshot 2026-09-10 at 08.25.27 PM"
File: 1D3BB22F-15CD-4350-8DA1-3C9ED71F9652, suggested name: "Synthesized Event 2026-09-10 at 08.25.28 PM"
File: 47C88534-0A47-4D10-905D-45F9F113A686.json, suggested name: "3d measured reveal before actual coordinate tap_0_D6E2D1E5-0377-4DEC-8400-2B1CA6731C0D.json"
File: 36A7786A-C447-4FCA-9833-8884122E33BA.json, suggested name: "3d production concealed entry latest sanitized observation_0_0D7149FA-B200-4A37-BDFA-CC420067E4EE.json"
File: 33B29AA0-1A02-4EFA-BADE-52590FAAC7FB.png, suggested name: "3d production concealed entry_0_FD70888A-9AD7-495D-A700-78D40AB0BAFA.png"
File: 50F3C845-BB44-465C-AE4A-0F6BF6690C9E, suggested name: "UI Snapshot 2026-09-10 at 08.24.21 PM"
File: C45B3AF8-975A-4E28-957A-5AF32C00A4BC, suggested name: "Synthesized Event 2026-09-10 at 08.24.21 PM"
File: A1B3C9C0-9C82-468D-810D-5D7E20ED2EFE, suggested name: "UI Snapshot 2026-09-10 at 08.24.18 PM"
File: 6CD76A51-06DB-447B-B194-6E5B6195554C, suggested name: "Synthesized Event 2026-09-10 at 08.24.18 PM"
File: 60817FDF-6E55-44FC-B484-AE94988FD40B, suggested name: "UI Snapshot 2026-09-10 at 08.24.14 PM"
File: 8A5CBBA1-436B-49D1-B3A4-7319C148612F, suggested name: "Synthesized Event 2026-09-10 at 08.24.14 PM"
File: 16C02F73-FA4E-425E-AF07-D9C8F286DC4C.json, suggested name: "3d Standard fresh Reveal is unselected latest sanitized observation_0_75B16287-C3DE-4F2A-9DF7-5EFEE8330F4E.json"
File: A5F49CBA-6EAD-4FEB-B4CC-9EF2A589CC6E.png, suggested name: "3d Standard fresh Reveal is unselected_0_E795A810-55E4-4A22-901E-C0B9B148A836.png"
File: D7D8E8FE-2F34-437B-8A8A-20E5CB4C90BC, suggested name: "UI Snapshot 2026-09-10 at 08.23.53 PM"
File: DBCF7EA3-E814-4332-811F-5640CA2AB61E, suggested name: "Synthesized Event 2026-09-10 at 08.23.53 PM"
File: 173DB18C-069C-457F-A2BD-500F2AA2BA27.json, suggested name: "3d Standard Hide removes private nodes and selection latest sanitized observation_0_E0822547-89C0-4AE7-8847-B7CD1BFE14F5.json"
File: C813CADB-7239-4FEC-8B20-7D15E0CB3B9F.png, suggested name: "3d Standard Hide removes private nodes and selection_0_C7881E1A-8BF8-4F64-A383-A40177FB626A.png"
File: E19F057C-3511-4806-AEC3-A796A235BED1, suggested name: "UI Snapshot 2026-09-10 at 08.23.47 PM"
File: CD9A7EC1-656F-4B48-9011-D1C1FB472193, suggested name: "Synthesized Event 2026-09-10 at 08.23.48 PM"
File: 64BB17B0-9109-4BF9-86BB-642CA5DC5BE4, suggested name: "UI Snapshot 2026-09-10 at 08.23.27 PM"
File: 835BCC6C-ED82-4333-ACE4-75BA7074E7F6, suggested name: "Synthesized Event 2026-09-10 at 08.23.27 PM"
File: C6CDB307-D241-41AC-A57F-04E3B9BB2421.json, suggested name: "3d Standard maximum selection and count-only feedback latest sanitized observation_0_A3CC03CD-7B1F-41C8-8CF1-5888B09DC0CC.json"
File: E6FFA31E-5721-4F32-AC73-BDE6DD60CDFF.png, suggested name: "3d Standard maximum selection and count-only feedback_0_7C9AC8FB-E30B-4354-88A6-9D9DBE767349.png"
File: 99F1B11A-17FE-4CD1-BCBA-F9AD42E06C33, suggested name: "UI Snapshot 2026-09-10 at 08.23.01 PM"
File: 29D7E1C7-AF0D-4A81-8221-A0C48875C6BA, suggested name: "Synthesized Event 2026-09-10 at 08.23.02 PM"
File: B3DA58D1-BAFE-44E9-8F1A-EA704A09B598, suggested name: "UI Snapshot 2026-09-10 at 08.22.57 PM"
File: E7A6D682-04D0-4398-A54D-7B106D68AB19, suggested name: "Synthesized Event 2026-09-10 at 08.22.57 PM"
File: E23F24A3-B3D4-4C90-9AB0-0AFC766AE11C, suggested name: "UI Snapshot 2026-09-10 at 08.22.49 PM"
File: 4DC889BA-6547-4C4D-82B9-6D0D366742AD, suggested name: "Synthesized Event 2026-09-10 at 08.22.50 PM"
File: 9753F3F6-3F51-420E-A311-5CCF05F94D47, suggested name: "UI Snapshot 2026-09-10 at 08.22.42 PM"
File: CE980362-9560-4359-953C-77A8C757E277, suggested name: "Synthesized Event 2026-09-10 at 08.22.42 PM"
File: 00038915-14C9-4D49-A47C-590A13A5A4F3, suggested name: "UI Snapshot 2026-09-10 at 08.22.34 PM"
File: 28EEA868-1748-4EFE-A19F-4FC4782D6C48, suggested name: "Synthesized Event 2026-09-10 at 08.22.34 PM"
File: AE4DB5B0-FA22-496F-8015-BAB6ABC38E7F, suggested name: "UI Snapshot 2026-09-10 at 08.22.25 PM"
File: AAA694F9-AFDD-4891-A72A-74B8746A897F, suggested name: "Synthesized Event 2026-09-10 at 08.22.26 PM"
File: 679CF209-5B56-476C-A040-2607D2CE9C01.json, suggested name: "3d Standard all five native card descriptions latest sanitized observation_0_5053CDD9-F322-4516-BC7F-47600A89CC4D.json"
File: D7C35E9B-F488-4DD0-AEA6-F21C9E0E3200.png, suggested name: "3d Standard all five native card descriptions_0_E7EFF6B2-AE66-4874-AFE1-39CFCE3AC366.png"
File: BB615253-78BD-4DA2-ADD0-415420975E62, suggested name: "UI Snapshot 2026-09-10 at 08.22.03 PM"
File: 13C6E13D-2736-43B2-BE40-E294601EA3D6, suggested name: "Synthesized Event 2026-09-10 at 08.22.03 PM"
File: 3C507505-278B-4A8D-BCF7-D636BB15072E.json, suggested name: "3d Standard concealed latest sanitized observation_0_4C15C0D5-6414-402D-9BD3-2E7913222EA8.json"
File: B7420CCA-421C-49D4-A51F-9ADF28BD6AC8.png, suggested name: "3d Standard concealed_0_5EDA4023-BFF0-4C0E-A65E-CBC7476DAB6C.png"
File: 562E8E74-5757-49D8-AA2F-72713FECE542, suggested name: "Synthesized Event 2026-09-10 at 08.21.56 PM"
File: 8267430E-4836-4085-81A6-B22E83E5E3B0, suggested name: "Synthesized Event 2026-09-10 at 08.21.54 PM"
File: 88254671-E602-4B3B-8344-D2C1ABD19350, suggested name: "Synthesized Event 2026-09-10 at 08.21.49 PM"
File: FBFC13D4-F6A3-44CD-953C-89CF8E53B713.mp4, suggested name: "Screen Recording 2026-09-10 at 08.21.40 PM.mp4"

Generated manifest file with attachment details: /Users/runner/work/PartyDeck/PartyDeck/build/ci/ios/godot-session/attachments/manifest.json
