--------- beginning of main
09-10 07:00:12.049 11037 11037 I t.compare:godot: Late-enabling -Xcheck:jni
09-10 07:00:12.062 11037 11037 I t.compare:godot: Using CollectorTypeCMC GC.
09-10 07:00:12.063 11037 11037 W t.compare:godot: Unexpected CPU variant for x86: x86_64.
09-10 07:00:12.063 11037 11037 W t.compare:godot: Known variants: atom, sandybridge, silvermont, goldmont, goldmont-plus, goldmont-without-sha-xsaves, tremont, kabylake, default
09-10 07:00:12.124 11037 11037 D nativeloader: Load libframework-connectivity-tiramisu-jni.so using APEX ns com_android_tethering for caller /apex/com.android.tethering/javalib/framework-connectivity-t.jar: ok
09-10 07:00:12.188 11037 11037 W ziparchive: Unable to open '/data/app/~~1y1nYFFThGs8j0q9nYjoDQ==/dev.partydeck.godot.compare-g-x6BBOlDU1KwV4lsQss-A==/base.dm': No such file or directory
09-10 07:00:12.188 11037 11037 W ziparchive: Unable to open '/data/app/~~1y1nYFFThGs8j0q9nYjoDQ==/dev.partydeck.godot.compare-g-x6BBOlDU1KwV4lsQss-A==/base.dm': No such file or directory
09-10 07:00:12.276 11037 11037 D nativeloader: Configuring clns-7 for other apk /data/app/~~1y1nYFFThGs8j0q9nYjoDQ==/dev.partydeck.godot.compare-g-x6BBOlDU1KwV4lsQss-A==/base.apk. target_sdk_version=36, uses_libraries=, library_path=/data/app/~~1y1nYFFThGs8j0q9nYjoDQ==/dev.partydeck.godot.compare-g-x6BBOlDU1KwV4lsQss-A==/lib/x86_64:/data/app/~~1y1nYFFThGs8j0q9nYjoDQ==/dev.partydeck.godot.compare-g-x6BBOlDU1KwV4lsQss-A==/base.apk!/lib/x86_64, permitted_path=/data:/mnt/expand:/data/user/0/dev.partydeck.godot.compare
09-10 07:00:12.306 11037 11037 V GraphicsEnvironment: Currently set values for:
09-10 07:00:12.307 11037 11037 V GraphicsEnvironment:   angle_gl_driver_selection_pkgs=[]
09-10 07:00:12.307 11037 11037 V GraphicsEnvironment:   angle_gl_driver_selection_values=[]
09-10 07:00:12.307 11037 11037 V GraphicsEnvironment: Global.Settings values are invalid: number of packages: 0, number of values: 0
09-10 07:00:12.307 11037 11037 V GraphicsEnvironment: Neither updatable production driver nor prerelease driver is supported.
09-10 07:00:12.567 11037 11037 V Godot   : Initializing Godot plugin registry
09-10 07:00:12.568 11037 11037 I GodotPluginRegistry: Registering runtime plugin AndroidRuntime
09-10 07:00:12.568 11037 11037 I GodotPluginRegistry: Registering runtime plugin PartyDeckBridge
09-10 07:00:12.568 11037 11037 V Godot   : InitEngine with params: [--main-pack, res://partydeck-last-light.pck, --rendering-method, gl_compatibility, --xr-mode, off]
09-10 07:00:12.627 11037 11037 D nativeloader: Load /data/app/~~1y1nYFFThGs8j0q9nYjoDQ==/dev.partydeck.godot.compare-g-x6BBOlDU1KwV4lsQss-A==/base.apk!/lib/x86_64/libgodot_android.so using ns clns-7 from class loader (caller=/data/app/~~1y1nYFFThGs8j0q9nYjoDQ==/dev.partydeck.godot.compare-g-x6BBOlDU1KwV4lsQss-A==/base.apk): ok
09-10 07:00:12.631 11037 11037 V Godot   : Godot native layer initialization completed: true
09-10 07:00:12.631 11037 11037 V Godot   : Setting up native layer with params: [--main-pack, res://partydeck-last-light.pck, --rendering-method, gl_compatibility, --xr-mode, off]
09-10 07:00:12.680 11037 11037 V Godot   : Godot native layer setup completed
09-10 07:00:12.680 11037 11037 V Godot   : OnInitRenderView: GodotFragment{96e3936} (93927832-d2a1-477f-a164-b305d19c104b id=0x7f07002b tag=partydeck-godot)
09-10 07:00:12.687 11037 11037 D Godot   : Render view should be transparent: false
09-10 07:00:12.688 11037 11037 D Godot   : renderingDevice: opengl3 (ProjectSettings)
09-10 07:00:12.688 11037 11037 D Godot   : 			renderer: gl_compatibility (Default)
09-10 07:00:12.696 11037 11037 V Godot   : OnStart: GodotFragment{96e3936} (93927832-d2a1-477f-a164-b305d19c104b id=0x7f07002b tag=partydeck-godot)
09-10 07:00:12.699 11037 11037 W WindowOnBackDispatcher: OnBackInvokedCallback is not enabled for the application.
09-10 07:00:12.699 11037 11037 W WindowOnBackDispatcher: Set 'android:enableOnBackInvokedCallback="true"' in the application manifest.
09-10 07:00:12.701 11037 11037 V Godot   : OnResume: GodotFragment{96e3936} (93927832-d2a1-477f-a164-b305d19c104b id=0x7f07002b tag=partydeck-godot)
09-10 07:00:12.705 11037 11037 W HWUI    : Unknown dataspace 0
09-10 07:00:12.763 11037 11062 I EGL_emulation: Opening libGLESv1_CM_emulation.so
09-10 07:00:12.767 11037 11062 I EGL_emulation: Opening libGLESv2_emulation.so
09-10 07:00:12.799 11037 11062 W HWUI    : Failed to choose config with EGL_SWAP_BEHAVIOR_PRESERVED, retrying without...
09-10 07:00:12.802 11037 11062 W HWUI    : Failed to initialize 101010-2 format, error = EGL_SUCCESS
09-10 07:00:12.815 11037 11075 W RegularContextFactory: creating OpenGL ES 3.0 context :
09-10 07:00:12.836 11037 11075 I Gralloc4: mapper 4.x is not supported
09-10 07:00:12.850 11037 11075 I godot   : Godot Engine v4.7.2.stable.official.ed1daf0bf - https://godotengine.org
09-10 07:00:12.992 11037 11045 I t.compare:godot: Compiler allocated 4219KB to compile void android.widget.TextView.<init>(android.content.Context, android.util.AttributeSet, int, int)
09-10 07:00:13.041 11037 11075 E godot   : WARNING: Failed to load cached shader, recompiling.
09-10 07:00:13.041 11037 11075 E godot   :    at: _load_from_cache (drivers/gles3/shader_gles3.cpp:615)
09-10 07:00:13.303 11037 11045 I t.compare:godot: Compiler allocated 5174KB to compile void android.view.ViewRootImpl.performTraversals()
09-10 07:00:13.465 11037 11075 I godot   : OpenGL API OpenGL ES 3.1 (OpenGL ES 3.1.0 (ANGLE 2.1.17841 git hash: 5fa2e61da947)) - Compatibility - Using Device: Google (Google Inc. (Google)) - Android Emulator OpenGL ES Translator (ANGLE (Google, Vulkan 1.3.0 (SwiftShader Device (Subzero) (0x0000C0DE)), SwiftShader driver-5.0.0))
09-10 07:00:13.465 11037 11075 D t.compare:godot: PlayerBase::PlayerBase()
09-10 07:00:13.466 11037 11075 D t.compare:godot: TrackPlayerBase::TrackPlayerBase()
09-10 07:00:13.466 11037 11075 I libOpenSLES: Emulating old channel mask behavior (ignoring positional mask 0x3, using default mask 0x3 based on channel count of 2)
09-10 07:00:13.469 11037 11075 I godot   : 
09-10 07:00:13.779 11037 11075 V Godot   : OnGodotSetupCompleted
09-10 07:00:13.783 11037 11075 V Godot   : OnGodotMainLoopStarted
09-10 07:00:14.027 11037 11062 D EGL_emulation: app_time_stats: avg=176.55ms min=27.34ms max=644.85ms count=6
09-10 07:00:22.763 11037 11037 D AutofillManager: Fill dialog is enabled:false, hints=[]
09-10 07:00:22.803 11037 11062 D EGL_emulation: app_time_stats: avg=1248.85ms min=22.59ms max=8125.17ms count=7
09-10 07:00:22.860 11037 11046 I t.compare:godot: Background concurrent mark compact GC freed 8925KB AllocSpace bytes, 9(708KB) LOS objects, 49% free, 2839KB/5678KB, paused 113us,13.170ms total 69.905ms
09-10 07:00:22.868 11037 11075 D EGL_emulation: app_time_stats: avg=2332.88ms min=5.15ms max=8899.95ms count=4
09-10 07:00:22.902 11037 11075 D GLThread: Exiting render thread
09-10 07:00:22.902 11037 11075 D GodotRenderer: Destroying Godot Engine
09-10 07:00:22.909 11037 11075 D t.compare:godot: PlayerBase::stop() from IPlayer
09-10 07:00:22.909 11037 11075 D AudioTrack: stop(18): called with 420714 frames delivered
09-10 07:00:22.921 11037 11075 E eglCodecCommon: removeVertexArrayObject: ERROR: 7 not found in VAO state!
09-10 07:00:22.952 11037 11075 V Godot   : OnGodotTerminating
09-10 07:00:22.984 11037 11037 V Godot   : OnDestroy: GodotFragment{96e3936} (93927832-d2a1-477f-a164-b305d19c104b id=0x7f07002b tag=partydeck-godot)
09-10 07:00:22.990 11037 11037 V Godot   : OnPause: GodotFragment{96e3936} (93927832-d2a1-477f-a164-b305d19c104b id=0x7f07002b tag=partydeck-godot)
09-10 07:00:23.101 11037 11037 I PartyDeckGodotHost: Engine process exit requested
09-10 07:00:23.101 11037 11037 I Process : Sending signal. PID: 11037 SIG: 9
