--------- beginning of main
09-10 07:48:55.603 10566 10566 I t.compare:godot: Late-enabling -Xcheck:jni
09-10 07:48:55.624 10566 10566 I t.compare:godot: Using CollectorTypeCMC GC.
09-10 07:48:55.625 10566 10566 W t.compare:godot: Unexpected CPU variant for x86: x86_64.
09-10 07:48:55.625 10566 10566 W t.compare:godot: Known variants: atom, sandybridge, silvermont, goldmont, goldmont-plus, goldmont-without-sha-xsaves, tremont, kabylake, default
09-10 07:48:55.644 10566 10566 D nativeloader: Load libframework-connectivity-tiramisu-jni.so using APEX ns com_android_tethering for caller /apex/com.android.tethering/javalib/framework-connectivity-t.jar: ok
09-10 07:48:55.693 10566 10566 W ziparchive: Unable to open '/data/app/~~YUwLNZskz3I9U9NKo84ZdQ==/dev.partydeck.godot.compare-XttxpU8Y-0D5wqjPdR3ARQ==/base.dm': No such file or directory
09-10 07:48:55.732 10566 10566 W ziparchive: Unable to open '/data/app/~~YUwLNZskz3I9U9NKo84ZdQ==/dev.partydeck.godot.compare-XttxpU8Y-0D5wqjPdR3ARQ==/base.dm': No such file or directory
09-10 07:48:55.879 10566 10566 D nativeloader: Configuring clns-7 for other apk /data/app/~~YUwLNZskz3I9U9NKo84ZdQ==/dev.partydeck.godot.compare-XttxpU8Y-0D5wqjPdR3ARQ==/base.apk. target_sdk_version=36, uses_libraries=, library_path=/data/app/~~YUwLNZskz3I9U9NKo84ZdQ==/dev.partydeck.godot.compare-XttxpU8Y-0D5wqjPdR3ARQ==/lib/x86_64:/data/app/~~YUwLNZskz3I9U9NKo84ZdQ==/dev.partydeck.godot.compare-XttxpU8Y-0D5wqjPdR3ARQ==/base.apk!/lib/x86_64, permitted_path=/data:/mnt/expand:/data/user/0/dev.partydeck.godot.compare
09-10 07:48:55.885 10566 10566 V GraphicsEnvironment: Currently set values for:
09-10 07:48:55.885 10566 10566 V GraphicsEnvironment:   angle_gl_driver_selection_pkgs=[]
09-10 07:48:55.885 10566 10566 V GraphicsEnvironment:   angle_gl_driver_selection_values=[]
09-10 07:48:55.885 10566 10566 V GraphicsEnvironment: Global.Settings values are invalid: number of packages: 0, number of values: 0
09-10 07:48:55.885 10566 10566 V GraphicsEnvironment: Neither updatable production driver nor prerelease driver is supported.
09-10 07:48:56.294 10566 10566 V Godot   : Initializing Godot plugin registry
09-10 07:48:56.295 10566 10566 I GodotPluginRegistry: Registering runtime plugin AndroidRuntime
09-10 07:48:56.296 10566 10566 I GodotPluginRegistry: Registering runtime plugin PartyDeckBridge
09-10 07:48:56.296 10566 10566 V Godot   : InitEngine with params: [--main-pack, res://partydeck-last-light.pck, --rendering-method, gl_compatibility, --xr-mode, off]
09-10 07:48:56.353 10566 10566 D nativeloader: Load /data/app/~~YUwLNZskz3I9U9NKo84ZdQ==/dev.partydeck.godot.compare-XttxpU8Y-0D5wqjPdR3ARQ==/base.apk!/lib/x86_64/libgodot_android.so using ns clns-7 from class loader (caller=/data/app/~~YUwLNZskz3I9U9NKo84ZdQ==/dev.partydeck.godot.compare-XttxpU8Y-0D5wqjPdR3ARQ==/base.apk): ok
09-10 07:48:56.358 10566 10566 V Godot   : Godot native layer initialization completed: true
09-10 07:48:56.358 10566 10566 V Godot   : Setting up native layer with params: [--main-pack, res://partydeck-last-light.pck, --rendering-method, gl_compatibility, --xr-mode, off]
09-10 07:48:56.422 10566 10566 V Godot   : Godot native layer setup completed
09-10 07:48:56.425 10566 10566 V Godot   : OnInitRenderView: GodotFragment{5a15ea4} (7fca3284-f7ca-4a89-aa9f-d4805803065b id=0x7f07002b tag=partydeck-godot)
09-10 07:48:56.453 10566 10566 D Godot   : Render view should be transparent: false
09-10 07:48:56.454 10566 10566 D Godot   : renderingDevice: opengl3 (ProjectSettings)
09-10 07:48:56.454 10566 10566 D Godot   : 			renderer: gl_compatibility (Default)
09-10 07:48:56.484 10566 10566 V Godot   : OnStart: GodotFragment{5a15ea4} (7fca3284-f7ca-4a89-aa9f-d4805803065b id=0x7f07002b tag=partydeck-godot)
09-10 07:48:56.494 10566 10566 W WindowOnBackDispatcher: OnBackInvokedCallback is not enabled for the application.
09-10 07:48:56.494 10566 10566 W WindowOnBackDispatcher: Set 'android:enableOnBackInvokedCallback="true"' in the application manifest.
09-10 07:48:56.499 10566 10566 V Godot   : OnResume: GodotFragment{5a15ea4} (7fca3284-f7ca-4a89-aa9f-d4805803065b id=0x7f07002b tag=partydeck-godot)
09-10 07:48:56.503 10566 10566 W HWUI    : Unknown dataspace 0
09-10 07:48:56.512 10566 10566 I Choreographer: Skipped 30 frames!  The application may be doing too much work on its main thread.
09-10 07:48:56.549 10566 10583 I EGL_emulation: Opening libGLESv1_CM_emulation.so
09-10 07:48:56.550 10566 10583 I EGL_emulation: Opening libGLESv2_emulation.so
09-10 07:48:56.565 10566 10583 W HWUI    : Failed to choose config with EGL_SWAP_BEHAVIOR_PRESERVED, retrying without...
09-10 07:48:56.565 10566 10583 W HWUI    : Failed to initialize 101010-2 format, error = EGL_SUCCESS
09-10 07:48:56.608 10566 10603 W RegularContextFactory: creating OpenGL ES 3.0 context :
09-10 07:48:56.627 10566 10603 I Gralloc4: mapper 4.x is not supported
09-10 07:48:56.668 10566 10603 I godot   : Godot Engine v4.7.2.stable.official.ed1daf0bf - https://godotengine.org
09-10 07:48:56.810 10566 10579 I HWUI    : Davey! duration=726ms; Flags=1, FrameTimelineVsyncId=33478, IntendedVsync=844612458532, Vsync=845112458512, InputEventId=0, HandleInputStart=845120507231, AnimationStart=845120528270, PerformTraversalsStart=845120611115, DrawStart=845272420202, FrameDeadline=844629125198, FrameInterval=845120299473, FrameStartTime=16666666, SyncQueued=845279301164, SyncStart=845280164246, IssueDrawCommandsStart=845280919957, SwapBuffers=845317127222, FrameCompleted=845339701385, DequeueBufferDuration=18952349, QueueBufferDuration=686112, GpuCompleted=845336149199, SwapBuffersCompleted=845339701385, DisplayPresentTime=72904454231359566, CommandSubmissionCompleted=845317127222, 
09-10 07:48:56.867 10566 10603 E godot   : WARNING: Failed to load cached shader, recompiling.
09-10 07:48:56.867 10566 10603 E godot   :    at: _load_from_cache (drivers/gles3/shader_gles3.cpp:615)
09-10 07:48:57.047 10566 10572 I t.compare:godot: Compiler allocated 4219KB to compile void android.widget.TextView.<init>(android.content.Context, android.util.AttributeSet, int, int)
09-10 07:48:57.563 10566 10606 E SurfaceSyncGroup: Failed to receive transaction ready in 1000ms. Marking SurfaceSyncGroup(wmsSync-VRI[GodotGameActivity]#1) as ready
09-10 07:48:57.563 10566 10606 E SurfaceSyncGroup: Failed to receive transaction ready in 1000ms. Marking SurfaceSyncGroup(VRI[GodotGameActivity]#2) as ready
09-10 07:48:57.564 10566 10606 E SurfaceSyncGroup: Failed to receive transaction ready in 1000ms. Marking SurfaceSyncGroup(SurfaceView[dev.partydeck.godot.compare/dev.partydeck.godot.compare.GodotGameActivity]#0) as ready
09-10 07:48:57.572 10566 10572 I t.compare:godot: Compiler allocated 5174KB to compile void android.view.ViewRootImpl.performTraversals()
09-10 07:48:57.780 10566 10583 D EGL_emulation: app_time_stats: avg=327.45ms min=11.77ms max=883.38ms count=3
09-10 07:48:58.140 10566 10603 I godot   : OpenGL API OpenGL ES 3.1 (OpenGL ES 3.1.0 (ANGLE 2.1.17841 git hash: 5fa2e61da947)) - Compatibility - Using Device: Google (Google Inc. (Google)) - Android Emulator OpenGL ES Translator (ANGLE (Google, Vulkan 1.3.0 (SwiftShader Device (Subzero) (0x0000C0DE)), SwiftShader driver-5.0.0))
09-10 07:48:58.141 10566 10603 D t.compare:godot: PlayerBase::PlayerBase()
09-10 07:48:58.141 10566 10603 D t.compare:godot: TrackPlayerBase::TrackPlayerBase()
09-10 07:48:58.141 10566 10603 I libOpenSLES: Emulating old channel mask behavior (ignoring positional mask 0x3, using default mask 0x3 based on channel count of 2)
09-10 07:48:58.147 10566 10603 I godot   : 
09-10 07:48:58.637 10566 10603 V Godot   : OnGodotSetupCompleted
09-10 07:48:58.643 10566 10603 V Godot   : OnGodotMainLoopStarted
09-10 07:48:58.959 10566 10583 D EGL_emulation: app_time_stats: avg=576.33ms min=542.83ms max=609.83ms count=2
09-10 07:49:00.966 10566 10603 D EGL_emulation: app_time_stats: avg=866.21ms min=44.54ms max=1913.13ms count=3
09-10 07:49:01.097 10566 10583 D EGL_emulation: app_time_stats: avg=1068.92ms min=701.86ms max=1435.99ms count=2
09-10 07:49:11.202 10566 10566 D AutofillManager: Fill dialog is enabled:false, hints=[]
09-10 07:49:11.242 10566 10583 D EGL_emulation: app_time_stats: avg=2532.82ms min=72.29ms max=9895.40ms count=4
09-10 07:49:15.514 10566 10603 D EGL_emulation: app_time_stats: avg=14548.61ms min=14548.61ms max=14548.61ms count=1
09-10 07:49:15.535 10566 10583 D EGL_emulation: app_time_stats: avg=845.30ms min=17.93ms max=4033.43ms count=5
09-10 07:49:15.547 10566 10603 D GLThread: Exiting render thread
09-10 07:49:15.547 10566 10603 D GodotRenderer: Destroying Godot Engine
09-10 07:49:15.566 10566 10603 D t.compare:godot: PlayerBase::stop() from IPlayer
09-10 07:49:15.566 10566 10603 D AudioTrack: stop(17): called with 770868 frames delivered
09-10 07:49:15.572 10566 10603 E eglCodecCommon: removeVertexArrayObject: ERROR: 7 not found in VAO state!
09-10 07:49:15.633 10566 10603 V Godot   : OnGodotTerminating
09-10 07:49:15.656 10566 10566 V Godot   : OnDestroy: GodotFragment{5a15ea4} (7fca3284-f7ca-4a89-aa9f-d4805803065b id=0x7f07002b tag=partydeck-godot)
09-10 07:49:15.688 10566 10566 V Godot   : OnPause: GodotFragment{5a15ea4} (7fca3284-f7ca-4a89-aa9f-d4805803065b id=0x7f07002b tag=partydeck-godot)
09-10 07:49:15.858 10566 10566 I PartyDeckGodotHost: Engine process exit requested
09-10 07:49:15.858 10566 10566 I Process : Sending signal. PID: 10566 SIG: 9
