--------- beginning of main
09-10 05:21:43.530  9051  9051 I t.compare:godot: Late-enabling -Xcheck:jni
09-10 05:21:43.555  9051  9051 I t.compare:godot: Using CollectorTypeCMC GC.
09-10 05:21:43.556  9051  9051 W t.compare:godot: Unexpected CPU variant for x86: x86_64.
09-10 05:21:43.556  9051  9051 W t.compare:godot: Known variants: atom, sandybridge, silvermont, goldmont, goldmont-plus, goldmont-without-sha-xsaves, tremont, kabylake, default
09-10 05:21:43.587  9051  9051 D nativeloader: Load libframework-connectivity-tiramisu-jni.so using APEX ns com_android_tethering for caller /apex/com.android.tethering/javalib/framework-connectivity-t.jar: ok
09-10 05:21:43.607  9051  9051 W ziparchive: Unable to open '/data/app/~~USp6zQ0ACEARflgcW8eP4Q==/dev.partydeck.godot.compare-HFH68qHLJGh-yX35tBMm0A==/base.dm': No such file or directory
09-10 05:21:43.607  9051  9051 W ziparchive: Unable to open '/data/app/~~USp6zQ0ACEARflgcW8eP4Q==/dev.partydeck.godot.compare-HFH68qHLJGh-yX35tBMm0A==/base.dm': No such file or directory
09-10 05:21:43.759  9051  9051 D nativeloader: Configuring clns-7 for other apk /data/app/~~USp6zQ0ACEARflgcW8eP4Q==/dev.partydeck.godot.compare-HFH68qHLJGh-yX35tBMm0A==/base.apk. target_sdk_version=36, uses_libraries=, library_path=/data/app/~~USp6zQ0ACEARflgcW8eP4Q==/dev.partydeck.godot.compare-HFH68qHLJGh-yX35tBMm0A==/lib/x86_64:/data/app/~~USp6zQ0ACEARflgcW8eP4Q==/dev.partydeck.godot.compare-HFH68qHLJGh-yX35tBMm0A==/base.apk!/lib/x86_64, permitted_path=/data:/mnt/expand:/data/user/0/dev.partydeck.godot.compare
09-10 05:21:43.797  9051  9051 V GraphicsEnvironment: Currently set values for:
09-10 05:21:43.798  9051  9051 V GraphicsEnvironment:   angle_gl_driver_selection_pkgs=[]
09-10 05:21:43.798  9051  9051 V GraphicsEnvironment:   angle_gl_driver_selection_values=[]
09-10 05:21:43.798  9051  9051 V GraphicsEnvironment: Global.Settings values are invalid: number of packages: 0, number of values: 0
09-10 05:21:43.798  9051  9051 V GraphicsEnvironment: Neither updatable production driver nor prerelease driver is supported.
09-10 05:21:44.058  9051  9051 V Godot   : Initializing Godot plugin registry
09-10 05:21:44.059  9051  9051 I GodotPluginRegistry: Registering runtime plugin AndroidRuntime
09-10 05:21:44.059  9051  9051 I GodotPluginRegistry: Registering runtime plugin PartyDeckBridge
09-10 05:21:44.060  9051  9051 V Godot   : InitEngine with params: [--main-pack, res://partydeck-last-light.pck, --rendering-method, gl_compatibility, --xr-mode, off]
09-10 05:21:44.092  9051  9051 D nativeloader: Load /data/app/~~USp6zQ0ACEARflgcW8eP4Q==/dev.partydeck.godot.compare-HFH68qHLJGh-yX35tBMm0A==/base.apk!/lib/x86_64/libgodot_android.so using ns clns-7 from class loader (caller=/data/app/~~USp6zQ0ACEARflgcW8eP4Q==/dev.partydeck.godot.compare-HFH68qHLJGh-yX35tBMm0A==/base.apk): ok
09-10 05:21:44.096  9051  9051 V Godot   : Godot native layer initialization completed: true
09-10 05:21:44.096  9051  9051 V Godot   : Setting up native layer with params: [--main-pack, res://partydeck-last-light.pck, --rendering-method, gl_compatibility, --xr-mode, off]
09-10 05:21:44.127  9051  9051 V Godot   : Godot native layer setup completed
09-10 05:21:44.128  9051  9051 V Godot   : OnInitRenderView: GodotFragment{66a738f} (79879c28-83bd-4e8b-a251-d3e06c35eaa5 id=0x7f07002b tag=partydeck-godot)
09-10 05:21:44.138  9051  9051 D Godot   : Render view should be transparent: false
09-10 05:21:44.138  9051  9051 D Godot   : renderingDevice: opengl3 (ProjectSettings)
09-10 05:21:44.138  9051  9051 D Godot   : 			renderer: gl_compatibility (Default)
09-10 05:21:44.152  9051  9051 V Godot   : OnStart: GodotFragment{66a738f} (79879c28-83bd-4e8b-a251-d3e06c35eaa5 id=0x7f07002b tag=partydeck-godot)
09-10 05:21:44.153  9051  9051 W WindowOnBackDispatcher: OnBackInvokedCallback is not enabled for the application.
09-10 05:21:44.153  9051  9051 W WindowOnBackDispatcher: Set 'android:enableOnBackInvokedCallback="true"' in the application manifest.
09-10 05:21:44.155  9051  9051 V Godot   : OnResume: GodotFragment{66a738f} (79879c28-83bd-4e8b-a251-d3e06c35eaa5 id=0x7f07002b tag=partydeck-godot)
09-10 05:21:44.158  9051  9051 W HWUI    : Unknown dataspace 0
09-10 05:21:44.183  9051  9073 I EGL_emulation: Opening libGLESv1_CM_emulation.so
09-10 05:21:44.184  9051  9073 I EGL_emulation: Opening libGLESv2_emulation.so
09-10 05:21:44.197  9051  9073 W HWUI    : Failed to choose config with EGL_SWAP_BEHAVIOR_PRESERVED, retrying without...
09-10 05:21:44.197  9051  9073 W HWUI    : Failed to initialize 101010-2 format, error = EGL_SUCCESS
09-10 05:21:44.227  9051  9087 W RegularContextFactory: creating OpenGL ES 3.0 context :
09-10 05:21:44.233  9051  9087 I Gralloc4: mapper 4.x is not supported
09-10 05:21:44.265  9051  9087 I godot   : Godot Engine v4.7.2.stable.official.ed1daf0bf - https://godotengine.org
09-10 05:21:44.306  9051  9056 I t.compare:godot: Compiler allocated 4219KB to compile void android.widget.TextView.<init>(android.content.Context, android.util.AttributeSet, int, int)
09-10 05:21:44.385  9051  9087 E godot   : WARNING: Failed to load cached shader, recompiling.
09-10 05:21:44.385  9051  9087 E godot   :    at: _load_from_cache (drivers/gles3/shader_gles3.cpp:615)
09-10 05:21:44.729  9051  9056 I t.compare:godot: Compiler allocated 5174KB to compile void android.view.ViewRootImpl.performTraversals()
09-10 05:21:45.006  9051  9087 I godot   : OpenGL API OpenGL ES 3.1 (OpenGL ES 3.1.0 (ANGLE 2.1.17841 git hash: 5fa2e61da947)) - Compatibility - Using Device: Google (Google Inc. (Google)) - Android Emulator OpenGL ES Translator (ANGLE (Google, Vulkan 1.3.0 (SwiftShader Device (Subzero) (0x0000C0DE)), SwiftShader driver-5.0.0))
09-10 05:21:45.007  9051  9087 D t.compare:godot: PlayerBase::PlayerBase()
09-10 05:21:45.008  9051  9087 D t.compare:godot: TrackPlayerBase::TrackPlayerBase()
09-10 05:21:45.008  9051  9087 I libOpenSLES: Emulating old channel mask behavior (ignoring positional mask 0x3, using default mask 0x3 based on channel count of 2)
09-10 05:21:45.012  9051  9087 I godot   : 
09-10 05:21:45.427  9051  9087 V Godot   : OnGodotSetupCompleted
09-10 05:21:45.474  9051  9087 V Godot   : OnGodotMainLoopStarted
09-10 05:21:45.487  9051  9073 D EGL_emulation: app_time_stats: avg=223.83ms min=6.46ms max=832.29ms count=5
09-10 05:21:55.128  9051  9051 D AutofillManager: Fill dialog is enabled:false, hints=[]
09-10 05:21:55.162  9051  9073 D EGL_emulation: app_time_stats: avg=1203.96ms min=17.11ms max=8833.17ms count=8
09-10 05:21:59.445  9051  9087 D EGL_emulation: app_time_stats: avg=3588.44ms min=8.62ms max=13616.89ms count=4
09-10 05:21:59.509  9051  9073 D EGL_emulation: app_time_stats: avg=858.22ms min=17.62ms max=4145.21ms count=5
09-10 05:21:59.527  9051  9087 D GLThread: Exiting render thread
09-10 05:21:59.527  9051  9087 D GodotRenderer: Destroying Godot Engine
09-10 05:21:59.544  9051  9087 D t.compare:godot: PlayerBase::stop() from IPlayer
09-10 05:21:59.544  9051  9087 D AudioTrack: stop(17): called with 644742 frames delivered
09-10 05:21:59.566  9051  9087 E eglCodecCommon: removeVertexArrayObject: ERROR: 7 not found in VAO state!
09-10 05:21:59.614  9051  9087 V Godot   : OnGodotTerminating
09-10 05:21:59.619  9051  9051 V Godot   : OnDestroy: GodotFragment{66a738f} (79879c28-83bd-4e8b-a251-d3e06c35eaa5 id=0x7f07002b tag=partydeck-godot)
09-10 05:21:59.628  9051  9051 V Godot   : OnPause: GodotFragment{66a738f} (79879c28-83bd-4e8b-a251-d3e06c35eaa5 id=0x7f07002b tag=partydeck-godot)
09-10 05:21:59.766  9051  9051 I PartyDeckGodotHost: Engine process exit requested
09-10 05:21:59.766  9051  9051 I Process : Sending signal. PID: 9051 SIG: 9
