Input #0, mov,mp4,m4a,3gp,3g2,mj2, from '/tmp/partydeck-engine-ci/34434392993/godot-ios-authority-gameplay/artifacts/authority-attachments/9C7122EE-03B2-4592-82A5-DED0DB57F092.mp4':
  Metadata:
    major_brand     : qt  
    minor_version   : 0
    compatible_brands: qt  
    creation_time   : 2026-09-10T03:59:53.000000Z
  Duration: 00:04:15.62, start: 0.000000, bitrate: 275 kb/s
  Stream #0:0[0x1](und): Video: h264 (High) (avc1 / 0x31637661), yuv420p(tv, bt709/bt709/iec61966-2-1, progressive), 1206x2622, 274 kb/s, 3.58 fps, 600 tbr, 600 tbn (default)
      Metadata:
        creation_time   : 2026-09-10T03:59:53.000000Z
        handler_name    : Core Media Video
        vendor_id       : [0][0][0][0]
        encoder         : H.264
Stream mapping:
  Stream #0:0 -> #0:0 (h264 (native) -> png (native))
Press [q] to stop, [?] for help
[Parsed_showinfo_1 @ 0x7f6634003140] config in time_base: 1/600, frame_rate: 549000/153371
[Parsed_showinfo_1 @ 0x7f6634003140] config out time_base: 0/0, frame_rate: 0/0
[Parsed_showinfo_1 @ 0x7f6634003140] n:   0 pts: 153115 pts_time:255.191667 duration:      1 duration_time:0.00166667 fmt:yuv420p cl:left sar:0/1 s:1206x2622 i:P iskey:0 type:P checksum:27D6B117 plane_checksum:[20C78379 D4A05403 D33FD98C] mean:[155 144 106] stdev:[52.0 17.6 13.8]
[Parsed_showinfo_1 @ 0x7f6634003140] color_range:tv color_space:bt709 color_primaries:bt709 color_trc:iec61966-2-1
Output #0, image2, to '/root/projects/PartyDeck/artifacts/evidence-storage/34434392993-xcresult-decoded/3d-normal-recording-review/frame-pts-153115.png':
  Metadata:
    major_brand     : qt  
    minor_version   : 0
    compatible_brands: qt  
    encoder         : Lavf61.1.100
  Stream #0:0(und): Video: png, rgb24(pc, gbr/bt709/iec61966-2-1, progressive), 1206x2622, q=2-31, 200 kb/s, 3.58 fps, 3.58 tbn (default)
      Metadata:
        creation_time   : 2026-09-10T03:59:53.000000Z
        handler_name    : Core Media Video
        vendor_id       : [0][0][0][0]
        encoder         : Lavc61.3.100 png
[out#0/image2 @ 0x6b38100] video:1205KiB audio:0KiB subtitle:0KiB other streams:0KiB global headers:0KiB muxing overhead: unknown
frame=    1 fps=0.0 q=-0.0 Lsize=N/A time=00:00:00.00 bitrate=N/A speed=   0x    
