--------- beginning of main
09-10 07:49:29.768 10913 10913 I t.compare:godot: Late-enabling -Xcheck:jni
09-10 07:49:29.806 10913 10913 I t.compare:godot: Using CollectorTypeCMC GC.
09-10 07:49:29.809 10913 10913 W t.compare:godot: Unexpected CPU variant for x86: x86_64.
09-10 07:49:29.809 10913 10913 W t.compare:godot: Known variants: atom, sandybridge, silvermont, goldmont, goldmont-plus, goldmont-without-sha-xsaves, tremont, kabylake, default
09-10 07:49:29.856 10913 10913 D nativeloader: Load libframework-connectivity-tiramisu-jni.so using APEX ns com_android_tethering for caller /apex/com.android.tethering/javalib/framework-connectivity-t.jar: ok
09-10 07:49:29.978 10913 10913 W ziparchive: Unable to open '/data/app/~~YUwLNZskz3I9U9NKo84ZdQ==/dev.partydeck.godot.compare-XttxpU8Y-0D5wqjPdR3ARQ==/base.dm': No such file or directory
09-10 07:49:29.978 10913 10913 W ziparchive: Unable to open '/data/app/~~YUwLNZskz3I9U9NKo84ZdQ==/dev.partydeck.godot.compare-XttxpU8Y-0D5wqjPdR3ARQ==/base.dm': No such file or directory
09-10 07:49:30.162 10913 10913 D nativeloader: Configuring clns-7 for other apk /data/app/~~YUwLNZskz3I9U9NKo84ZdQ==/dev.partydeck.godot.compare-XttxpU8Y-0D5wqjPdR3ARQ==/base.apk. target_sdk_version=36, uses_libraries=, library_path=/data/app/~~YUwLNZskz3I9U9NKo84ZdQ==/dev.partydeck.godot.compare-XttxpU8Y-0D5wqjPdR3ARQ==/lib/x86_64:/data/app/~~YUwLNZskz3I9U9NKo84ZdQ==/dev.partydeck.godot.compare-XttxpU8Y-0D5wqjPdR3ARQ==/base.apk!/lib/x86_64, permitted_path=/data:/mnt/expand:/data/user/0/dev.partydeck.godot.compare
09-10 07:49:30.185 10913 10913 V GraphicsEnvironment: Currently set values for:
09-10 07:49:30.189 10913 10913 V GraphicsEnvironment:   angle_gl_driver_selection_pkgs=[]
09-10 07:49:30.189 10913 10913 V GraphicsEnvironment:   angle_gl_driver_selection_values=[]
09-10 07:49:30.189 10913 10913 V GraphicsEnvironment: Global.Settings values are invalid: number of packages: 0, number of values: 0
09-10 07:49:30.189 10913 10913 V GraphicsEnvironment: Neither updatable production driver nor prerelease driver is supported.
09-10 07:49:30.529 10913 10913 V Godot   : Initializing Godot plugin registry
09-10 07:49:30.531 10913 10913 I GodotPluginRegistry: Registering runtime plugin AndroidRuntime
09-10 07:49:30.532 10913 10913 I GodotPluginRegistry: Registering runtime plugin PartyDeckBridge
09-10 07:49:30.532 10913 10913 V Godot   : InitEngine with params: [--main-pack, res://partydeck-last-light.pck, --rendering-method, gl_compatibility, --xr-mode, off]
09-10 07:49:30.568 10913 10913 D nativeloader: Load /data/app/~~YUwLNZskz3I9U9NKo84ZdQ==/dev.partydeck.godot.compare-XttxpU8Y-0D5wqjPdR3ARQ==/base.apk!/lib/x86_64/libgodot_android.so using ns clns-7 from class loader (caller=/data/app/~~YUwLNZskz3I9U9NKo84ZdQ==/dev.partydeck.godot.compare-XttxpU8Y-0D5wqjPdR3ARQ==/base.apk): ok
09-10 07:49:30.573 10913 10913 V Godot   : Godot native layer initialization completed: true
09-10 07:49:30.573 10913 10913 V Godot   : Setting up native layer with params: [--main-pack, res://partydeck-last-light.pck, --rendering-method, gl_compatibility, --xr-mode, off]
09-10 07:49:30.657 10913 10913 V Godot   : Godot native layer setup completed
09-10 07:49:30.658 10913 10913 V Godot   : OnInitRenderView: GodotFragment{5a15ea4} (edd20265-db19-4f47-b4df-5a97dbe005e9 id=0x7f07002b tag=partydeck-godot)
09-10 07:49:30.687 10913 10913 D Godot   : Render view should be transparent: false
09-10 07:49:30.687 10913 10913 D Godot   : renderingDevice: opengl3 (ProjectSettings)
09-10 07:49:30.687 10913 10913 D Godot   : 			renderer: gl_compatibility (Default)
09-10 07:49:30.714 10913 10913 V Godot   : OnStart: GodotFragment{5a15ea4} (edd20265-db19-4f47-b4df-5a97dbe005e9 id=0x7f07002b tag=partydeck-godot)
09-10 07:49:30.716 10913 10913 W WindowOnBackDispatcher: OnBackInvokedCallback is not enabled for the application.
09-10 07:49:30.716 10913 10913 W WindowOnBackDispatcher: Set 'android:enableOnBackInvokedCallback="true"' in the application manifest.
09-10 07:49:30.725 10913 10913 V Godot   : OnResume: GodotFragment{5a15ea4} (edd20265-db19-4f47-b4df-5a97dbe005e9 id=0x7f07002b tag=partydeck-godot)
09-10 07:49:30.732 10913 10913 W HWUI    : Unknown dataspace 0
09-10 07:49:30.779 10913 10940 I EGL_emulation: Opening libGLESv1_CM_emulation.so
09-10 07:49:30.780 10913 10940 I EGL_emulation: Opening libGLESv2_emulation.so
09-10 07:49:30.785 10913 10940 W HWUI    : Failed to choose config with EGL_SWAP_BEHAVIOR_PRESERVED, retrying without...
09-10 07:49:30.785 10913 10940 W HWUI    : Failed to initialize 101010-2 format, error = EGL_SUCCESS
09-10 07:49:30.836 10913 10949 W RegularContextFactory: creating OpenGL ES 3.0 context :
09-10 07:49:30.852 10913 10949 I Gralloc4: mapper 4.x is not supported
09-10 07:49:30.882 10913 10949 I godot   : Godot Engine v4.7.2.stable.official.ed1daf0bf - https://godotengine.org
09-10 07:49:31.159 10913 10919 I t.compare:godot: Compiler allocated 4219KB to compile void android.widget.TextView.<init>(android.content.Context, android.util.AttributeSet, int, int)
09-10 07:49:31.171 10913 10949 E godot   : WARNING: Failed to load cached shader, recompiling.
09-10 07:49:31.171 10913 10949 E godot   :    at: _load_from_cache (drivers/gles3/shader_gles3.cpp:615)
09-10 07:49:31.673 10913 10919 I t.compare:godot: Compiler allocated 5174KB to compile void android.view.ViewRootImpl.performTraversals()
09-10 07:49:31.783 10913 10953 E SurfaceSyncGroup: Failed to receive transaction ready in 1000ms. Marking SurfaceSyncGroup(wmsSync-VRI[GodotGameActivity]#1) as ready
09-10 07:49:31.783 10913 10953 E SurfaceSyncGroup: Failed to receive transaction ready in 1000ms. Marking SurfaceSyncGroup(VRI[GodotGameActivity]#2) as ready
09-10 07:49:31.785 10913 10953 E SurfaceSyncGroup: Failed to receive transaction ready in 1000ms. Marking SurfaceSyncGroup(SurfaceView[dev.partydeck.godot.compare/dev.partydeck.godot.compare.GodotGameActivity]#0) as ready
09-10 07:49:32.174 10913 10949 I godot   : OpenGL API OpenGL ES 3.1 (OpenGL ES 3.1.0 (ANGLE 2.1.17841 git hash: 5fa2e61da947)) - Compatibility - Using Device: Google (Google Inc. (Google)) - Android Emulator OpenGL ES Translator (ANGLE (Google, Vulkan 1.3.0 (SwiftShader Device (Subzero) (0x0000C0DE)), SwiftShader driver-5.0.0))
09-10 07:49:32.175 10913 10949 D t.compare:godot: PlayerBase::PlayerBase()
09-10 07:49:32.176 10913 10949 D t.compare:godot: TrackPlayerBase::TrackPlayerBase()
09-10 07:49:32.176 10913 10949 I libOpenSLES: Emulating old channel mask behavior (ignoring positional mask 0x3, using default mask 0x3 based on channel count of 2)
09-10 07:49:32.181 10913 10949 I godot   : 
09-10 07:49:32.298 10913 10940 D EGL_emulation: app_time_stats: avg=294.20ms min=26.80ms max=831.19ms count=4
09-10 07:49:32.563 10913 10949 V Godot   : OnGodotSetupCompleted
09-10 07:49:32.569 10913 10949 V Godot   : OnGodotMainLoopStarted
09-10 07:49:33.656 10913 10940 D EGL_emulation: app_time_stats: avg=679.26ms min=646.33ms max=712.19ms count=2
09-10 07:49:35.106 10913 10949 D EGL_emulation: app_time_stats: avg=914.80ms min=20.70ms max=1965.02ms count=3
09-10 07:49:35.180 10913 10940 D EGL_emulation: app_time_stats: avg=1523.38ms min=1523.38ms max=1523.38ms count=1
09-10 07:49:41.147 10913 10940 D EGL_emulation: app_time_stats: avg=1483.77ms min=19.66ms max=5684.61ms count=4
09-10 07:49:41.246 10913 10920 I t.compare:godot: Background concurrent mark compact GC freed 9553KB AllocSpace bytes, 9(708KB) LOS objects, 49% free, 2839KB/5678KB, paused 4.375ms,5.622ms total 114.918ms
09-10 07:49:41.247 10913 10949 D EGL_emulation: app_time_stats: avg=6141.07ms min=6141.07ms max=6141.07ms count=1
09-10 07:49:41.247 10913 10949 D GLThread: Exiting render thread
09-10 07:49:41.247 10913 10949 D GodotRenderer: Destroying Godot Engine
09-10 07:49:41.276 10913 10949 D t.compare:godot: PlayerBase::stop() from IPlayer
09-10 07:49:41.276 10913 10949 D AudioTrack: stop(18): called with 404851 frames delivered
09-10 07:49:41.295 10913 10949 E eglCodecCommon: removeVertexArrayObject: ERROR: 7 not found in VAO state!
09-10 07:49:41.336 10913 10949 V Godot   : OnGodotTerminating
09-10 07:49:41.341 10913 10913 V Godot   : OnDestroy: GodotFragment{5a15ea4} (edd20265-db19-4f47-b4df-5a97dbe005e9 id=0x7f07002b tag=partydeck-godot)
09-10 07:49:41.371 10913 10913 V Godot   : OnPause: GodotFragment{5a15ea4} (edd20265-db19-4f47-b4df-5a97dbe005e9 id=0x7f07002b tag=partydeck-godot)
09-10 07:49:41.757 10913 10913 I PartyDeckGodotHost: Engine process exit requested
09-10 07:49:41.757 10913 10913 I Process : Sending signal. PID: 10913 SIG: 9
