INFO         | Android emulator version 37.1.11.0 (build_id 15917651) (CL:N/A)
INFO         | Graphics backend: gfxstream
INFO         | Found systemPath /usr/local/lib/android/sdk/system-images/android-35/default/x86_64/
INFO         | Saving last run QEMU version for the AVD to 2
##############################################################################
##                        WARNING - ACTION REQUIRED                         ##
##  Consider using the '-metrics-collection' flag to help improve the       ##
##  emulator by sending anonymized usage data. Or use the '-no-metrics'     ##
##  flag to bypass this warning and turn off the metrics collection.        ##
##  In a future release this warning will turn into a one-time blocking     ##
##  prompt to ask for explicit user input regarding metrics collection.     ##
##                                                                          ##
##  Please see '-help-metrics-collection' for more details. You can use     ##
##  '-metrics-to-file' or '-metrics-to-console' flags to see what type of   ##
##  data is being collected by emulator as part of usage statistics.        ##
##############################################################################
INFO         | Guest GLES Driver: Auto (ext controls)
INFO         | emuglConfig_init: vulkan_mode_selected:swiftshader gles_mode_selected:swangle
INFO         | Checking system compatibility:
INFO         |   Checking: hasSufficientDiskSpace
INFO         |      Ok: Disk space requirements to run avd: `partydeck_godot_3d_font2_0_api35` are met
INFO         |   Checking: hasSufficientHwGpu
INFO         |      Ok: Hardware GPU compatibility checks are not required
INFO         |   Checking: hasSufficientSystem
INFO         |      Ok: System requirements to run avd: `partydeck_godot_3d_font2_0_api35` are met
WARNING      | Feature QuickbootFileBacked is disabled due to stability issues, if you really want that, the environment variable ANDROID_EMU_FORCE_QUICKBOOT_FILE_BACKED need to set to 1
INFO         | Storing crashdata in: /tmp/android-runner/emu-crash-37.1.11.db, detection is enabled for process: 2597
INFO         | Initializing gfxstream backend
INFO         | startOpenglesRendererImpl: gpu info
INFO         | 
INFO         | initIcdPaths: ICD set to 'swiftshader', using Swiftshader ICD
INFO         | Setting ICD filenames for the loader = /usr/local/lib/android/sdk/emulator/lib64/vulkan/vk_swiftshader_icd.json
INFO         | SharedLibrary::open for [/usr/local/lib/android/sdk/emulator/qemu/linux-x86_64/lib64/vulkan/libvulkan.so]
INFO         | SharedLibrary::open for [/usr/local/lib/android/sdk/emulator/qemu/linux-x86_64/lib64/vulkan/libvulkan.so.1]
INFO         | SharedLibrary::open for [/usr/local/lib/android/sdk/emulator/lib64/vulkan/libvulkan.so]
INFO         | Added library: /usr/local/lib/android/sdk/emulator/lib64/vulkan/libvulkan.so
INFO         | Selecting Vulkan device: SwiftShader Device (Subzero), Version: 1.3.0
INFO         | Using Vulkan externalMemoryMode: OpaqueFd for VkEmulation
INFO         | SharedLibrary::open for [libX11]
WARNING      | Could not open libX11.so, try libX11.so.6
INFO         | SharedLibrary::open for [libX11.so.6]
INFO         | SharedLibrary::open for [libX11-xcb]
WARNING      | Could not open libX11-xcb.so, try libX11-xcb.so.1
INFO         | SharedLibrary::open for [libX11-xcb.so.1]
INFO         | Initializing VkEmulation features:
INFO         |     glInteropSupported: false
INFO         |     useDeferredCommands: true
INFO         |     createResourceWithRequirements: true
INFO         |     useVulkanComposition: false
INFO         |     useVulkanNativeSwapchain: false
INFO         |     enable guestRenderDoc: false
INFO         |     ASTC LDR emulation mode: Gpu
INFO         |     enable ETC2 emulation: true
INFO         |     enable Ycbcr emulation: false
INFO         |     guestVulkanOnly: false
INFO         |     useDedicatedAllocations: false
INFO         |     guestVulkanMaxApiVersion: 1.3.0
INFO         |     enableProtectedMemoryEmulation: false
INFO         | Graphics Adapter Vendor Google (Google Inc. (Google))
INFO         | Graphics Adapter Android Emulator OpenGL ES Translator (ANGLE (Google, Vulkan 1.3.0 (SwiftShader Device (Subzero) (0x0000C0DE)), SwiftShader driver-5.0.0))
INFO         | Graphics API Version OpenGL ES 3.0 (OpenGL ES 3.1.0 (ANGLE 2.1.17841 git hash: 5fa2e61da947))
INFO         | Graphics API Extensions GL_OES_EGL_sync GL_OES_EGL_image GL_OES_EGL_image_external GL_OES_depth24 GL_OES_depth32 GL_OES_element_index_uint GL_OES_texture_float GL_OES_texture_float_linear GL_OES_compressed_paletted_texture GL_OES_compressed_ETC1_RGB8_texture GL_OES_depth_texture GL_OES_texture_half_float GL_OES_texture_half_float_linear GL_OES_packed_depth_stencil GL_OES_vertex_half_float GL_OES_standard_derivatives GL_OES_texture_npot GL_OES_rgb8_rgba8 GL_OVR_multiview2 GL_EXT_color_buffer_float GL_EXT_color_buffer_half_float GL_EXT_texture_format_BGRA8888 GL_APPLE_texture_format_BGRA8888 GL_EXT_draw_buffers_indexed GL_EXT_clip_cull_distance 
INFO         | Graphics Device Extensions N/A
INFO         | Disabling sparse binding feature support
ERROR        | Setting read-only feature 'GLAsyncSwap' to '0'
INFO         | Feature 'GLAsyncSwap' (50) is overridden to 'disabled'
INFO         | Sending adb public key [QAAAAAv1q4hd0a7b5Rab+2v2VdWGtwMDyG4tMKvvdkxk/D0OrBcU9ESptb2gFAKT30ZEgrJQIroOz90OVLxyExCdrfOP9iiZ1l6H23xH4OYcuLl0+csKMHv3G9XxWP8qpmA0zLZqx60lY7hmLNAOavJELyTNb0HK1vjcST+zVo2tP5+51B/5iOy4ycMFBZGXX5xThm5hJDp9BbX6JFfUsEI5I3GBCwn3UrEEVi/h5Px5uA4/Dlc/aTBRezqIeuLYsp+f9x0J2SH1yNxvF2ESsApJ8Ajxng/dOcdivxsiSX6oaIPThe3JZ5KAcINDlXu4LCdSSriyS8xUaAvPJrpTpKR1lybOwD+5FvXu77scAkCmVHXCXY2jWzGGMhe9/Q1sxyUT0cwFciMF65FitYGjMXQ0HtPz0UBqgsLxdQxXOfVEWAvVVeNxPWQLpnjNI9E8Z8lRZZCeszyr+4KwQMEbZkkw/HRuYrqA23DNtJS+AjnB+nI+GarUI0TEja1if6QYIovMCZK5nImfOWJ35fVV4uvOd44QYeuIk4fdJ3tmBnb8NrAsdqKa6CF9N/I0iL1DYBcwpp9Vq8xMiLgYrNzJz6oqXwDj4ZKrHHrUp4nH3OB/F+Qaez7D1Yul5a1tE+GQquolQrTYzTu7C0y4v80jH1NhTCwXyDGPAgI1RjHg6zzJYYnf46ZLnQEAAQA= runner@unknown]
INFO         | Userspace boot properties:
INFO         |   androidboot.boot_devices=pci0000:00/0000:00:03.0 pci0000:00/0000:00:06.0
INFO         |   androidboot.dalvik.vm.heapsize=576m
INFO         |   androidboot.debug.hwui.renderer=skiagl
INFO         |   androidboot.debug.sf.nobootanimation=1
INFO         |   androidboot.hardware=ranchu
INFO         |   androidboot.hardware.gltransport=pipe
INFO         |   androidboot.hardware.vulkan=ranchu
INFO         |   androidboot.logcat=*:V
INFO         |   androidboot.opengles.version=196609
INFO         |   androidboot.qemu=1
INFO         |   androidboot.qemu.adb.pubkey=QAAAAAv1q4hd0a7b5Rab+2v2VdWGtwMDyG4tMKvvdkxk/D0OrBcU9ESptb2gFAKT30ZEgrJQIroOz90OVLxyExCdrfOP9iiZ1l6H23xH4OYcuLl0+csKMHv3G9XxWP8qpmA0zLZqx60lY7hmLNAOavJELyTNb0HK1vjcST+zVo2tP5+51B/5iOy4ycMFBZGXX5xThm5hJDp9BbX6JFfUsEI5I3GBCwn3UrEEVi/h5Px5uA4/Dlc/aTBRezqIeuLYsp+f9x0J2SH1yNxvF2ESsApJ8Ajxng/dOcdivxsiSX6oaIPThe3JZ5KAcINDlXu4LCdSSriyS8xUaAvPJrpTpKR1lybOwD+5FvXu77scAkCmVHXCXY2jWzGGMhe9/Q1sxyUT0cwFciMF65FitYGjMXQ0HtPz0UBqgsLxdQxXOfVEWAvVVeNxPWQLpnjNI9E8Z8lRZZCeszyr+4KwQMEbZkkw/HRuYrqA23DNtJS+AjnB+nI+GarUI0TEja1if6QYIovMCZK5nImfOWJ35fVV4uvOd44QYeuIk4fdJ3tmBnb8NrAsdqKa6CF9N/I0iL1DYBcwpp9Vq8xMiLgYrNzJz6oqXwDj4ZKrHHrUp4nH3OB/F+Qaez7D1Yul5a1tE+GQquolQrTYzTu7C0y4v80jH1NhTCwXyDGPAgI1RjHg6zzJYYnf46ZLnQEAAQA= runner@unknown
INFO         |   androidboot.qemu.avd_name=partydeck_godot_3d_font2_0_api35
INFO         |   androidboot.qemu.camera_hq_edge_processing=0
INFO         |   androidboot.qemu.camera_protocol_ver=1
INFO         |   androidboot.qemu.cpuvulkan.version=4206592
INFO         |   androidboot.qemu.gltransport.drawFlushInterval=800
INFO         |   androidboot.qemu.gltransport.name=pipe
INFO         |   androidboot.qemu.hwcodec.avcdec=2
INFO         |   androidboot.qemu.hwcodec.hevcdec=2
INFO         |   androidboot.qemu.hwcodec.vpxdec=2
INFO         |   androidboot.qemu.settings.system.screen_off_timeout=2147483647
INFO         |   androidboot.qemu.skin=720x1600
INFO         |   androidboot.qemu.virtiowifi=1
INFO         |   androidboot.qemu.vsync=60
INFO         |   androidboot.serialno=EMULATOR37X1X11X0
INFO         |   androidboot.vbmeta.digest=602b0c809848f3be570a96601071931225108ec3b3739d99a1dc41db38efe83c
INFO         |   androidboot.vbmeta.hash_alg=sha256
INFO         |   androidboot.vbmeta.size=6720
INFO         |   androidboot.veritymode=enforcing
WARNING: cannnot unmap ptr 0x7f89e9001000 as it is in the protected range from 0x7f8929000000 to 0x7f89e9200000
INFO         | Monitoring duration of emulator setup.
INFO         | Successfully initialized netsim WiFi
INFO         | Activated packet streamer for bluetooth emulation
INFO         | Setting display: 0 configuration to: 720x1600, dpi: 280x280 
INFO         | setDisplayActiveConfig: id:0, 720x1600
INFO         | emulatorSetupEnvironment: Environment scene is not required
USER_INFO    | Emulator is performing a full startup. This may take upto two minutes, or more.
WARNING      | Failed to process .ini file /home/runner/.android/emu-update-last-check.ini for reading.
WARNING      | Failed to process .ini file /home/runner/.android/emu-update-last-check.ini for reading.
INFO         | Boot completed in 23852 ms
INFO         | Increasing screen off timeout, logcat buffer size to 2M.
qemu-system-x86_64-headless: warning: I/O thread spun for 1000 iterations
ERROR        | Failed to find ColorBuffer: 170
ERROR        | Failed to find ColorBuffer: 240
ERROR        | Failed to find ColorBuffer: 265
ERROR        | Failed to find ColorBuffer: 303
INFO         | Wait for emulator (pid 2597) 20 seconds to shutdown gracefully before kill;you can set environment variable ANDROID_EMULATOR_WAIT_TIME_BEFORE_KILL(in seconds) to change the default value (20 seconds)

USER_INFO    | Snapshots have been disabled by the user, save request is ignored.
INFO         | Saving snapshot 'default_boot' using 0 ms
ERROR        | stop: Not implemented
WARNING      | Emulator client has not yet been configured.. Call configure me first!
INFO         | removeAll
WARNING      | Netsim Wifi dns:///localhost:44229 is gone due to Stream removed (CANCELLED)
