    PID    PPID COMMAND           RSS %CPU
   1892    1871 Runner.Worker   174804 4.5
   1839    1836 provjobd3824590 149972 1.6
   1871    1819 Runner.Listener 98196  1.6
   1097       1 dockerd         72808  0.1
    770       1 php-fpm8.3      51732  0.0
    842       1 containerd      44312  0.1
    222       1 multipathd      43680  0.0
   1158     784 python3         38328  0.6
    784       1 python3         31792  0.2
   1150     770 php-fpm8.3      21536  0.0
   1151     770 php-fpm8.3      21536  0.0
    768       1 networkd-dispat 21012  0.0
   1819       1 hosted-compute- 19288  0.0
    158       1 systemd-journal 17960  0.1
      1       0 systemd         14448  2.1
    783       1 udisksd         13760  0.0
    374       1 systemd-resolve 13272  0.0
    940       1 ModemManager    13060  0.0
    957       1 systemd         11616  0.1
    781       1 systemd-logind   9956  0.0
    642       1 systemd-network  9864  0.0
    774       1 polkitd          8124  0.0
    225       1 systemd-udevd    8064  0.1
   1836    1819 sudo             7144  0.0
    901       1 rsyslogd         6356  0.0
    762       1 dbus-daemon      5688  0.1
    492       1 haveged          5128  0.1
   2503    2489 ps               4312  0.0
    898       1 chronyd          3772  0.0
   2489    2488 bash             3680  0.0
    980     957 (sd-pam)         3644  0.0
   2487    1892 bash             3600  0.0
    319       1 hv_kvp_daemon    2968  0.0
    817       1 cron             2884  0.0
    845       1 agetty           2224  0.0
   2488    2487 timeout          2172  0.0
    872       1 agetty           2104  0.0
    904     898 chronyd          1288  0.0
      2       0 kthreadd            0  0.0
      3       2 pool_workqueue_     0  0.0
      4       2 kworker/R-rcu_g     0  0.0
      5       2 kworker/R-sync_     0  0.0
      6       2 kworker/R-kvfre     0  0.0
      7       2 kworker/R-slub_     0  0.0
      8       2 kworker/R-netns     0  0.0
      9       2 kworker/0:0-eve     0  0.0
     10       2 kworker/0:0H-ev     0  0.0
     11       2 kworker/0:1-eve     0  0.0
     12       2 kworker/u16:0-e     0  0.2
     13       2 kworker/R-mm_pe     0  0.0
     14       2 ksoftirqd/0         0  0.0
     15       2 rcu_sched           0  0.0
     16       2 rcu_exp_par_gp_     0  0.0
     17       2 rcu_exp_gp_kthr     0  0.0
     18       2 migration/0         0  0.0
     19       2 idle_inject/0       0  0.0
     20       2 cpuhp/0             0  0.0
     21       2 cpuhp/2             0  0.0
     22       2 idle_inject/2       0  0.0
     23       2 migration/2         0  0.5
     24       2 ksoftirqd/2         0  0.0
     25       2 kworker/2:0-eve     0  0.0
     26       2 kworker/2:0H-ev     0  0.0
     27       2 cpuhp/1             0  0.1
     28       2 idle_inject/1       0  0.0
     29       2 migration/1         0  0.5
     30       2 ksoftirqd/1         0  0.0
     31       2 kworker/1:0-mm_     0  0.0
     32       2 kworker/1:0H-ev     0  0.0
     33       2 cpuhp/3             0  0.0
     34       2 idle_inject/3       0  0.0
     35       2 migration/3         0  0.7
     36       2 ksoftirqd/3         0  0.0
     37       2 kworker/3:0-cgr     0  0.0
     38       2 kworker/3:0H-ev     0  0.0
     39       2 kdevtmpfs           0  0.0
     40       2 kworker/R-inet_     0  0.0
     41       2 rcu_tasks_rude_     0  0.0
     42       2 rcu_tasks_trace     0  0.0
     43       2 kauditd             0  0.0
     44       2 khungtaskd          0  0.0
     45       2 oom_reaper          0  0.0
     46       2 kworker/u16:1-e     0  0.0
     47       2 kworker/u16:2-f     0  0.0
     48       2 kworker/R-write     0  0.0
     49       2 kcompactd0          0  0.0
     50       2 ksmd                0  0.0
     51       2 khugepaged          0  0.0
     52       2 kworker/R-kbloc     0  0.0
     53       2 kworker/R-blkcg     0  0.0
     54       2 kworker/R-kinte     0  0.0
     55       2 irq/9-acpi          0  0.0
     56       2 kworker/3:1-eve     0  0.0
     57       2 kworker/1:1-eve     0  0.0
     58       2 kworker/2:1-eve     0  0.0
     59       2 kworker/R-tpm_d     0  0.0
     60       2 kworker/R-ata_s     0  0.0
     61       2 kworker/R-md        0  0.0
     62       2 kworker/R-md_bi     0  0.0
     63       2 kworker/R-edac-     0  0.0
     64       2 kworker/R-hv_vm     0  0.0
     65       2 kworker/R-hv_vm     0  0.0
     66       2 kworker/R-hv_pr     0  0.0
     67       2 kworker/R-hv_su     0  0.0
     68       2 kworker/R-devfr     0  0.0
     69       2 watchdogd           0  0.0
     70       2 kworker/R-quota     0  0.0
     71       2 kworker/0:1H-kb     0  0.0
     72       2 kswapd0             0  0.0
     73       2 ecryptfs-kthrea     0  0.0
     74       2 kworker/R-kthro     0  0.0
     75       2 kworker/R-nfit      0  0.0
     76       2 scsi_eh_0           0  0.0
     77       2 kworker/R-scsi_     0  0.0
     78       2 kworker/R-nvme-     0  0.0
     79       2 kworker/R-nvme-     0  0.0
     80       2 kworker/R-nvme-     0  0.0
     81       2 kworker/R-nvme-     0  0.0
     82       2 kworker/u16:3-w     0  0.0
     83       2 kworker/u16:4-f     0  0.0
     84       2 kworker/u16:5-i     0  0.5
     85       2 kworker/u16:6-i     0  0.1
     86       2 kworker/R-mld       0  0.0
     87       2 kworker/R-ipv6_     0  0.0
     88       2 kworker/1:1H-kb     0  0.0
     89       2 kworker/0:2-eve     0  0.0
     90       2 kworker/R-kstrp     0  0.0
     91       2 hv_balloon          0  0.0
     93       2 kworker/u17:0       0  0.0
    104       2 kworker/2:1H-kb     0  0.0
    105       2 jbd2/nvme0n1p1-     0  0.0
    106       2 kworker/R-ext4-     0  0.0
    107       2 kworker/2:2-cgw     0  0.0
    141       2 kworker/3:1H-kb     0  0.0
    179       2 kworker/R-kmpat     0  0.0
    180       2 kworker/R-kmpat     0  0.0
    181       2 kworker/1:2-cgr     0  0.0
    199       2 kworker/0:3-eve     0  0.0
    213       2 kworker/3:2-eve     0  0.0
    218       2 kworker/3:3         0  0.0
    239       2 psimon              0  0.0
    339       2 jbd2/nvme0n1p16     0  0.0
    340       2 kworker/R-ext4-     0  0.0
    375       2 kworker/1:3-cgr     0  0.0
    376       2 kworker/1:4         0  0.0
    518       2 kworker/R-mana_     0  0.0
    521       2 kworker/R-ib-co     0  0.0
    522       2 kworker/R-ib-co     0  0.0
    523       2 kworker/R-ib_mc     0  0.0
    524       2 kworker/R-ib_nl     0  0.0
    526       2 kworker/R-ib_ma     0  0.0
    743       2 ext4lazyinit        0  0.0
   1071       2 kworker/2:3-mm_     0  0.0
   1125       2 kworker/R-tls-s     0  0.0
   1817       2 psimon              0  0.0
