Verifying alignment of /home/runner/work/PartyDeck/PartyDeck/build/ci/android/packages/PartyDeck-release-ci-test-signed.apk (4)...
      87 META-INF/com/android/build/gradle/app-metadata.properties (OK - compressed)
     207 META-INF/version-control-info.textproto (OK - compressed)
     384 assets/dexopt/baseline.prof (OK)
    9700 assets/dexopt/baseline.profm (OK)
   10840 classes.dex (OK - compressed)
 2015232 lib/arm64-v8a/libandroidx.graphics.path.so (OK)
 2031616 lib/arm64-v8a/libc++_shared.so (OK)
 3407872 lib/arm64-v8a/libgodot_android.so (OK)
74530816 lib/arm64-v8a/libimage_processing_util_jni.so (OK)
74563584 lib/arm64-v8a/libsurface_util_jni.so (OK)
74579968 lib/armeabi-v7a/libandroidx.graphics.path.so (OK)
74596352 lib/armeabi-v7a/libc++_shared.so (OK)
75563008 lib/armeabi-v7a/libgodot_android.so (OK)
150503424 lib/armeabi-v7a/libimage_processing_util_jni.so (OK)
150536192 lib/armeabi-v7a/libsurface_util_jni.so (OK)
150552576 lib/x86/libandroidx.graphics.path.so (OK)
150568960 lib/x86/libc++_shared.so (OK)
151830528 lib/x86/libgodot_android.so (OK)
236158976 lib/x86/libimage_processing_util_jni.so (OK)
236208128 lib/x86/libsurface_util_jni.so (OK)
236224512 lib/x86_64/libandroidx.graphics.path.so (OK)
236240896 lib/x86_64/libc++_shared.so (OK)
237584384 lib/x86_64/libgodot_android.so (OK)
311656448 lib/x86_64/libimage_processing_util_jni.so (OK)
311721984 lib/x86_64/libsurface_util_jni.so (OK)
311726996 assets/composeResources/dev.partydeck.resources/drawable/card_back.xml (OK - compressed)
311728140 assets/composeResources/dev.partydeck.resources/drawable/icon_arrow_back.xml (OK - compressed)
311728555 assets/composeResources/dev.partydeck.resources/drawable/icon_arrow_forward.xml (OK - compressed)
311728965 assets/composeResources/dev.partydeck.resources/drawable/icon_check.xml (OK - compressed)
311729357 assets/composeResources/dev.partydeck.resources/drawable/icon_close.xml (OK - compressed)
311729747 assets/composeResources/dev.partydeck.resources/drawable/icon_copy.xml (OK - compressed)
311730210 assets/composeResources/dev.partydeck.resources/drawable/icon_exit.xml (OK - compressed)
311730651 assets/composeResources/dev.partydeck.resources/drawable/icon_haptics.xml (OK - compressed)
311731118 assets/composeResources/dev.partydeck.resources/drawable/icon_info.xml (OK - compressed)
311731556 assets/composeResources/dev.partydeck.resources/drawable/icon_lock.xml (OK - compressed)
311732011 assets/composeResources/dev.partydeck.resources/drawable/icon_motion.xml (OK - compressed)
311732465 assets/composeResources/dev.partydeck.resources/drawable/icon_nearby.xml (OK - compressed)
311732923 assets/composeResources/dev.partydeck.resources/drawable/icon_people.xml (OK - compressed)
311733402 assets/composeResources/dev.partydeck.resources/drawable/icon_plus.xml (OK - compressed)
311733794 assets/composeResources/dev.partydeck.resources/drawable/icon_qr_scan.xml (OK - compressed)
311734256 assets/composeResources/dev.partydeck.resources/drawable/icon_settings.xml (OK - compressed)
311734704 assets/composeResources/dev.partydeck.resources/drawable/icon_share.xml (OK - compressed)
311735143 assets/composeResources/dev.partydeck.resources/drawable/icon_sound.xml (OK - compressed)
311735589 assets/composeResources/dev.partydeck.resources/drawable/icon_sound_off.xml (OK - compressed)
311736016 assets/composeResources/dev.partydeck.resources/drawable/partydeck_mark.xml (OK - compressed)
311736637 assets/composeResources/dev.partydeck.resources/drawable/rank_crown.xml (OK - compressed)
311737084 assets/composeResources/dev.partydeck.resources/drawable/rank_moon.xml (OK - compressed)
311737529 assets/composeResources/dev.partydeck.resources/drawable/rank_star.xml (OK - compressed)
311737994 assets/composeResources/dev.partydeck.resources/drawable/rank_wild.xml (OK - compressed)
311738480 assets/composeResources/dev.partydeck.resources/files/audio/card_place.wav (OK)
311759796 assets/composeResources/dev.partydeck.resources/files/audio/challenge.wav (OK)
311802280 assets/composeResources/dev.partydeck.resources/files/audio/light_out.wav (OK)
311848288 assets/composeResources/dev.partydeck.resources/files/audio/safe.wav (OK)
311904880 assets/composeResources/dev.partydeck.resources/files/audio/ui_tap.wav (OK)
311911200 assets/composeResources/dev.partydeck.resources/files/audio/victory.wav (OK)
312024254 assets/composeResources/dev.partydeck.resources/files/licenses/androidx_apache_2.txt (OK - compressed)
312027926 assets/composeResources/dev.partydeck.resources/files/licenses/fraunces_ofl.txt (OK - compressed)
312029988 assets/composeResources/dev.partydeck.resources/files/licenses/godot/ANDROIDX_APACHE_2.txt (OK - compressed)
312033679 assets/composeResources/dev.partydeck.resources/files/licenses/godot/ANDROID_HOST_DEPENDENCIES.txt (OK - compressed)
312034963 assets/composeResources/dev.partydeck.resources/files/licenses/godot/ANDROID_HOST_EXTRA_NOTICES.txt (OK - compressed)
312036368 assets/composeResources/dev.partydeck.resources/files/licenses/godot/ANDROID_NDK_LLVM_NOTICE.txt (OK - compressed)
312044050 assets/composeResources/dev.partydeck.resources/files/licenses/godot/GODOT_CA_BUNDLE_SOURCE.txt (OK - compressed)
312172884 assets/composeResources/dev.partydeck.resources/files/licenses/godot/GODOT_CA_CERTIFICATES_SOURCE.txt (OK - compressed)
312173653 assets/composeResources/dev.partydeck.resources/files/licenses/godot/GODOT_COPYRIGHT.txt (OK - compressed)
312203200 assets/composeResources/dev.partydeck.resources/files/licenses/godot/GODOT_LICENSE.txt (OK - compressed)
312204011 assets/composeResources/dev.partydeck.resources/files/licenses/godot/KOTLINX_COROUTINES_LICENSE.txt (OK - compressed)
312208120 assets/composeResources/dev.partydeck.resources/files/licenses/godot/KOTLINX_SERIALIZATION_LICENSE.txt (OK - compressed)
312212184 assets/composeResources/dev.partydeck.resources/files/licenses/godot/KOTLIN_APACHE_2.txt (OK - compressed)
312216256 assets/composeResources/dev.partydeck.resources/files/licenses/godot/KOTLIN_BOOST_LICENSE.txt (OK - compressed)
312217126 assets/composeResources/dev.partydeck.resources/files/licenses/godot/KOTLIN_COPYRIGHT.txt (OK - compressed)
312217653 assets/composeResources/dev.partydeck.resources/files/licenses/godot/KOTLIN_THREETENBP_BSD.txt (OK - compressed)
312218583 assets/composeResources/dev.partydeck.resources/files/licenses/godot/NOTICE_PROVENANCE.json (OK - compressed)
312220654 assets/composeResources/dev.partydeck.resources/files/licenses/godot/README.txt (OK - compressed)
312221473 assets/composeResources/dev.partydeck.resources/files/licenses/godot/font_notices.txt (OK - compressed)
312223731 assets/composeResources/dev.partydeck.resources/files/licenses/godot/fraunces_ofl.txt (OK - compressed)
312225787 assets/composeResources/dev.partydeck.resources/files/licenses/godot/manrope_ofl.txt (OK - compressed)
312227835 assets/composeResources/dev.partydeck.resources/files/licenses/libyuv_bsd.txt (OK - compressed)
312228725 assets/composeResources/dev.partydeck.resources/files/licenses/libyuv_patents.txt (OK - compressed)
312229463 assets/composeResources/dev.partydeck.resources/files/licenses/manrope_ofl.txt (OK - compressed)
312231510 assets/composeResources/dev.partydeck.resources/files/licenses/qrose_mit.txt (OK - compressed)
312232270 assets/composeResources/dev.partydeck.resources/files/licenses/runtime/coroutines_license.txt (OK - compressed)
312236380 assets/composeResources/dev.partydeck.resources/files/licenses/runtime/embedded_0e01f1549c90_LICENSE.md (OK - compressed)
312237203 assets/composeResources/dev.partydeck.resources/files/licenses/runtime/embedded_809fa1ed2145_LICENSE.txt (OK - compressed)
312240898 assets/composeResources/dev.partydeck.resources/files/licenses/runtime/embedded_992ed62dd3ee_NOTICE.md (OK - compressed)
312241544 assets/composeResources/dev.partydeck.resources/files/licenses/runtime/embedded_cfc7749b96f6_LICENSE.txt (OK - compressed)
312245627 assets/composeResources/dev.partydeck.resources/files/licenses/runtime/embedded_e90eaa08dea0_LICENSE.txt (OK - compressed)
312246404 assets/composeResources/dev.partydeck.resources/files/licenses/runtime/kotlin_apache_2.txt (OK - compressed)
312250478 assets/composeResources/dev.partydeck.resources/files/licenses/runtime/kotlin_boost_license.txt (OK - compressed)
312251350 assets/composeResources/dev.partydeck.resources/files/licenses/runtime/kotlin_copyright.txt (OK - compressed)
312251879 assets/composeResources/dev.partydeck.resources/files/licenses/runtime/kotlin_guava_apache_2.txt (OK - compressed)
312255952 assets/composeResources/dev.partydeck.resources/files/licenses/runtime/kotlin_gwt_apache_2.txt (OK - compressed)
312260035 assets/composeResources/dev.partydeck.resources/files/licenses/runtime/kotlin_native_harmony_license.txt (OK - compressed)
312264116 assets/composeResources/dev.partydeck.resources/files/licenses/runtime/kotlin_native_harmony_notice.txt (OK - compressed)
312264521 assets/composeResources/dev.partydeck.resources/files/licenses/runtime/kotlin_native_libbacktrace_license.txt (OK - compressed)
312265420 assets/composeResources/dev.partydeck.resources/files/licenses/runtime/kotlin_native_mpmc_queue_license.txt (OK - compressed)
312266375 assets/composeResources/dev.partydeck.resources/files/licenses/runtime/kotlin_native_unicode_license.txt (OK - compressed)
312268094 assets/composeResources/dev.partydeck.resources/files/licenses/runtime/kotlin_native_utfcpp_license.txt (OK - compressed)
312269339 assets/composeResources/dev.partydeck.resources/files/licenses/runtime/kotlin_threetenbp_bsd.txt (OK - compressed)
312270277 assets/composeResources/dev.partydeck.resources/files/licenses/runtime/qrose_kazuhiko_arase_mit.txt (OK - compressed)
312271034 assets/composeResources/dev.partydeck.resources/files/licenses/runtime/qrose_rafael_lins_mit.txt (OK - compressed)
312271809 assets/composeResources/dev.partydeck.resources/files/licenses/runtime/required_acknowledgments.txt (OK - compressed)
312272093 assets/composeResources/dev.partydeck.resources/files/licenses/runtime/serialization_license.txt (OK - compressed)
312276159 assets/composeResources/dev.partydeck.resources/files/licenses/runtime/skia_brotli_LICENSE (OK - compressed)
312276919 assets/composeResources/dev.partydeck.resources/files/licenses/runtime/skia_dng_sdk_LICENSE (OK - compressed)
312279347 assets/composeResources/dev.partydeck.resources/files/licenses/runtime/skia_dng_sdk_LICENSE.source_code (OK - compressed)
312281742 assets/composeResources/dev.partydeck.resources/files/licenses/runtime/skia_dng_sdk_LICENSE.technology (OK - compressed)
312281941 assets/composeResources/dev.partydeck.resources/files/licenses/runtime/skia_dng_sdk_NOTICE (OK - compressed)
312284475 assets/composeResources/dev.partydeck.resources/files/licenses/runtime/skia_dng_sdk_PATENTS (OK - compressed)
312285998 assets/composeResources/dev.partydeck.resources/files/licenses/runtime/skia_expat_COPYING (OK - compressed)
312286791 assets/composeResources/dev.partydeck.resources/files/licenses/runtime/skia_freetype_FTL.TXT (OK - compressed)
312289775 assets/composeResources/dev.partydeck.resources/files/licenses/runtime/skia_freetype_LICENSE.TXT (OK - compressed)
312290950 assets/composeResources/dev.partydeck.resources/files/licenses/runtime/skia_freetype_bdf_notice.txt (OK - compressed)
312293663 assets/composeResources/dev.partydeck.resources/files/licenses/runtime/skia_freetype_fthash_notice.txt (OK - compressed)
312294500 assets/composeResources/dev.partydeck.resources/files/licenses/runtime/skia_freetype_gzip_notice.txt (OK - compressed)
312295331 assets/composeResources/dev.partydeck.resources/files/licenses/runtime/skia_freetype_pcf_notice.txt (OK - compressed)
312297191 assets/composeResources/dev.partydeck.resources/files/licenses/runtime/skia_harfbuzz_COPYING (OK - compressed)
312298351 assets/composeResources/dev.partydeck.resources/files/licenses/runtime/skia_icu_LICENSE (OK - compressed)
312304868 assets/composeResources/dev.partydeck.resources/files/licenses/runtime/skia_libjpeg_turbo_LICENSE.txt (OK - compressed)
312307140 assets/composeResources/dev.partydeck.resources/files/licenses/runtime/skia_libjpeg_turbo_README.ijg (OK - compressed)
312312716 assets/composeResources/dev.partydeck.resources/files/licenses/runtime/skia_libpng_LICENSE (OK - compressed)
312314736 assets/composeResources/dev.partydeck.resources/files/licenses/runtime/skia_libwebp_COPYING (OK - compressed)
312315628 assets/composeResources/dev.partydeck.resources/files/licenses/runtime/skia_libwebp_PATENTS (OK - compressed)
312316409 assets/composeResources/dev.partydeck.resources/files/licenses/runtime/skia_license.txt (OK - compressed)
312317307 assets/composeResources/dev.partydeck.resources/files/licenses/runtime/skia_piex_LICENSE (OK - compressed)
312321372 assets/composeResources/dev.partydeck.resources/files/licenses/runtime/skia_piex_NOTICE (OK - compressed)
312325438 assets/composeResources/dev.partydeck.resources/files/licenses/runtime/skia_zlib_LICENSE (OK - compressed)
312326054 assets/composeResources/dev.partydeck.resources/files/licenses/runtime/skiko_license.txt (OK - compressed)
312330119 assets/composeResources/dev.partydeck.resources/files/licenses/runtime/skiko_notice.txt (OK - compressed)
312330390 assets/composeResources/dev.partydeck.resources/files/licenses/runtime/swift_asn1_license.txt (OK - compressed)
312334461 assets/composeResources/dev.partydeck.resources/files/licenses/runtime/swift_asn1_notice.txt (OK - compressed)
312335230 assets/composeResources/dev.partydeck.resources/files/licenses/runtime/swift_certificates_license.txt (OK - compressed)
312339311 assets/composeResources/dev.partydeck.resources/files/licenses/runtime/swift_certificates_musl_mit.txt (OK - compressed)
312340075 assets/composeResources/dev.partydeck.resources/files/licenses/runtime/swift_certificates_notice.txt (OK - compressed)
312341069 assets/composeResources/dev.partydeck.resources/files/licenses/runtime/swift_crypto_boringssl_license.txt (OK - compressed)
312345899 assets/composeResources/dev.partydeck.resources/files/licenses/runtime/swift_crypto_license.txt (OK - compressed)
312349972 assets/composeResources/dev.partydeck.resources/files/licenses/runtime/swift_crypto_notice.txt (OK - compressed)
312350800 assets/composeResources/dev.partydeck.resources/files/licenses/third_party_notices.txt (OK - compressed)
312574209 assets/composeResources/dev.partydeck.resources/files/licenses/zxing_apache_2.txt (OK - compressed)
312579060 assets/composeResources/dev.partydeck.resources/files/licenses/zxing_notice.txt (OK - compressed)
312579414 assets/composeResources/dev.partydeck.resources/font/fraunces_semibold.ttf (OK - compressed)
312634340 assets/composeResources/dev.partydeck.resources/font/manrope_medium.ttf (OK - compressed)
312699040 assets/composeResources/dev.partydeck.resources/font/manrope_regular.ttf (OK - compressed)
312763501 assets/composeResources/dev.partydeck.resources/font/manrope_semibold.ttf (OK - compressed)
312828859 assets/composeResources/dev.partydeck.resources/values/game_strings.commonMain.cvr (OK - compressed)
312831085 assets/composeResources/dev.partydeck.resources/values/presentation_strings.commonMain.cvr (OK - compressed)
312831515 assets/composeResources/dev.partydeck.resources/values/shell_strings.commonMain.cvr (OK - compressed)
312836396 assets/notices/ANDROIDX_APACHE_2.txt (OK - compressed)
312840033 assets/notices/ANDROID_HOST_DEPENDENCIES.txt (OK - compressed)
312841263 assets/notices/ANDROID_HOST_EXTRA_NOTICES.txt (OK - compressed)
312842614 assets/notices/ANDROID_NDK_LLVM_NOTICE.txt (OK - compressed)
312850242 assets/notices/GODOT_CA_BUNDLE_SOURCE.txt (OK - compressed)
312979022 assets/notices/GODOT_CA_CERTIFICATES_SOURCE.txt (OK - compressed)
312979737 assets/notices/GODOT_COPYRIGHT.txt (OK - compressed)
313009230 assets/notices/GODOT_LICENSE.txt (OK - compressed)
313009987 assets/notices/KOTLINX_COROUTINES_LICENSE.txt (OK - compressed)
313014042 assets/notices/KOTLINX_SERIALIZATION_LICENSE.txt (OK - compressed)
313018052 assets/notices/KOTLIN_APACHE_2.txt (OK - compressed)
313022070 assets/notices/KOTLIN_BOOST_LICENSE.txt (OK - compressed)
313022886 assets/notices/KOTLIN_COPYRIGHT.txt (OK - compressed)
313023359 assets/notices/KOTLIN_THREETENBP_BSD.txt (OK - compressed)
313024235 assets/notices/NOTICE_PROVENANCE.json (OK - compressed)
313026252 assets/notices/README.txt (OK - compressed)
313027017 assets/notices/font_notices.txt (OK - compressed)
313029221 assets/notices/fraunces_ofl.txt (OK - compressed)
313031223 assets/notices/manrope_ofl.txt (OK - compressed)
313033228 assets/partydeck-last-light.pck (OK)
314579651 DebugProbesKt.bin (OK - compressed)
314580474 META-INF/LICENSE.md (OK - compressed)
314581243 META-INF/NOTICE.md (OK - compressed)
314581836 META-INF/androidx.activity_activity-compose.version (OK - compressed)
314581922 META-INF/androidx.activity_activity-ktx.version (OK - compressed)
314582004 META-INF/androidx.activity_activity.version (OK - compressed)
314582103 META-INF/androidx.annotation_annotation-experimental.version (OK - compressed)
314582196 META-INF/androidx.appcompat_appcompat-resources.version (OK - compressed)
314582279 META-INF/androidx.appcompat_appcompat.version (OK - compressed)
314582365 META-INF/androidx.arch.core_core-runtime.version (OK - compressed)
314582499 META-INF/androidx.autofill_autofill.version (OK - compressed)
314582617 META-INF/androidx.camera.featurecombinationquery_featurecombinationquery.version (OK - compressed)
314582714 META-INF/androidx.camera.viewfinder_viewfinder-core.version (OK - compressed)
314582804 META-INF/androidx.camera_camera-camera2-pipe.version (OK - compressed)
314582889 META-INF/androidx.camera_camera-camera2.version (OK - compressed)
314582971 META-INF/androidx.camera_camera-core.version (OK - compressed)
314583058 META-INF/androidx.camera_camera-lifecycle.version (OK - compressed)
314583141 META-INF/androidx.camera_camera-video.version (OK - compressed)
314583223 META-INF/androidx.camera_camera-view.version (OK - compressed)
314583319 META-INF/androidx.compose.animation_animation-core.version (OK - compressed)
314583411 META-INF/androidx.compose.animation_animation.version (OK - compressed)
314583512 META-INF/androidx.compose.foundation_foundation-layout.version (OK - compressed)
314583606 META-INF/androidx.compose.foundation_foundation.version (OK - compressed)
314583698 META-INF/androidx.compose.material3_material3.version (OK - compressed)
314583794 META-INF/androidx.compose.material_material-ripple.version (OK - compressed)
314583892 META-INF/androidx.compose.runtime_runtime-annotation.version (OK - compressed)
314583987 META-INF/androidx.compose.runtime_runtime-retain.version (OK - compressed)
314584084 META-INF/androidx.compose.runtime_runtime-saveable.version (OK - compressed)
314584172 META-INF/androidx.compose.runtime_runtime.version (OK - compressed)
314584259 META-INF/androidx.compose.ui_ui-geometry.version (OK - compressed)
314584346 META-INF/androidx.compose.ui_ui-graphics.version (OK - compressed)
314584429 META-INF/androidx.compose.ui_ui-text.version (OK - compressed)
314584512 META-INF/androidx.compose.ui_ui-unit.version (OK - compressed)
314584595 META-INF/androidx.compose.ui_ui-util.version (OK - compressed)
314584673 META-INF/androidx.compose.ui_ui.version (OK - compressed)
314584764 META-INF/androidx.core_core-backported-fixes.version (OK - compressed)
314584841 META-INF/androidx.core_core-ktx.version (OK - compressed)
314584924 META-INF/androidx.core_core-viewtree.version (OK - compressed)
314584997 META-INF/androidx.core_core.version (OK - compressed)
314585089 META-INF/androidx.cursoradapter_cursoradapter.version (OK - compressed)
314585191 META-INF/androidx.customview_customview-poolingcontainer.version (OK - compressed)
314585276 META-INF/androidx.customview_customview.version (OK - compressed)
314585365 META-INF/androidx.documentfile_documentfile.version (OK - compressed)
314585454 META-INF/androidx.drawerlayout_drawerlayout.version (OK - compressed)
314585531 META-INF/androidx.emoji2_emoji2.version (OK - compressed)
314585622 META-INF/androidx.exifinterface_exifinterface.version (OK - compressed)
314585707 META-INF/androidx.fragment_fragment-ktx.version (OK - compressed)
314585788 META-INF/androidx.fragment_fragment.version (OK - compressed)
314585874 META-INF/androidx.graphics_graphics-path.version (OK - compressed)
314585963 META-INF/androidx.interpolator_interpolator.version (OK - compressed)
314586064 META-INF/androidx.lifecycle_lifecycle-livedata-core-ktx.version (OK - compressed)
314586162 META-INF/androidx.lifecycle_lifecycle-livedata-core.version (OK - compressed)
314586255 META-INF/androidx.lifecycle_lifecycle-livedata.version (OK - compressed)
314586347 META-INF/androidx.lifecycle_lifecycle-process.version (OK - compressed)
314586447 META-INF/androidx.lifecycle_lifecycle-runtime-compose.version (OK - compressed)
314586543 META-INF/androidx.lifecycle_lifecycle-runtime-ktx.version (OK - compressed)
314586635 META-INF/androidx.lifecycle_lifecycle-runtime.version (OK - compressed)
314586737 META-INF/androidx.lifecycle_lifecycle-viewmodel-compose.version (OK - compressed)
314586835 META-INF/androidx.lifecycle_lifecycle-viewmodel-ktx.version (OK - compressed)
314586940 META-INF/androidx.lifecycle_lifecycle-viewmodel-savedstate.version (OK - compressed)
314587034 META-INF/androidx.lifecycle_lifecycle-viewmodel.version (OK - compressed)
314587112 META-INF/androidx.loader_loader.version (OK - compressed)
314587215 META-INF/androidx.navigationevent_navigationevent-compose.version (OK - compressed)
314587310 META-INF/androidx.navigationevent_navigationevent.version (OK - compressed)
314587407 META-INF/androidx.profileinstaller_profileinstaller.version (OK - compressed)
314587500 META-INF/androidx.savedstate_savedstate-compose.version (OK - compressed)
314587589 META-INF/androidx.savedstate_savedstate-ktx.version (OK - compressed)
314587674 META-INF/androidx.savedstate_savedstate.version (OK - compressed)
314587761 META-INF/androidx.startup_startup-runtime.version (OK - compressed)
314587844 META-INF/androidx.tracing_tracing-ktx.version (OK - compressed)
314587923 META-INF/androidx.tracing_tracing.version (OK - compressed)
314588025 META-INF/androidx.vectordrawable_vectordrawable-animated.version (OK - compressed)
314588118 META-INF/androidx.vectordrawable_vectordrawable.version (OK - compressed)
314588221 META-INF/androidx.versionedparcelable_versionedparcelable.version (OK - compressed)
314588304 META-INF/androidx.viewpager_viewpager.version (OK - compressed)
314588386 META-INF/androidx.window_window-core.version (OK - compressed)
314588463 META-INF/androidx.window_window.version (OK - compressed)
314588552 META-INF/androidx/annotation/annotation/LICENSE.txt (OK - compressed)
314592200 META-INF/androidx/collection/collection-ktx/LICENSE.txt (OK - compressed)
314595844 META-INF/androidx/collection/collection/LICENSE.txt (OK - compressed)
314599499 META-INF/androidx/lifecycle/lifecycle-common-java8/LICENSE.txt (OK - compressed)
314603148 META-INF/androidx/lifecycle/lifecycle-common/LICENSE.txt (OK - compressed)
314606782 META-INF/com.google.dagger_dagger.version (OK - compressed)
314606862 META-INF/kotlinx_coroutines_android.version (OK - compressed)
314606940 META-INF/kotlinx_coroutines_core.version (OK - compressed)
314607048 META-INF/org/jetbrains/androidx/lifecycle/lifecycle-common/LICENSE.txt (OK - compressed)
314610726 META-INF/org/jetbrains/kotlinx/kotlinx-serialization-core-jvm/verification.properties (OK - compressed)
314610925 META-INF/services/p90 (OK - compressed)
314610980 META-INF/services/w7 (OK - compressed)
314611059 kotlin/annotation/annotation.kotlin_builtins (OK - compressed)
314611677 kotlin/collections/collections.kotlin_builtins (OK - compressed)
314613646 kotlin/concurrent/atomics/atomics.kotlin_builtins (OK - compressed)
314614831 kotlin/coroutines/coroutines.kotlin_builtins (OK - compressed)
314615019 kotlin/internal/internal.kotlin_builtins (OK - compressed)
314615437 kotlin/kotlin.kotlin_builtins (OK - compressed)
314621081 kotlin/ranges/ranges.kotlin_builtins (OK - compressed)
314622529 kotlin/reflect/reflect.kotlin_builtins (OK - compressed)
314624063 org/bouncycastle/pkix/CertPathReviewerMessages.properties (OK - compressed)
314630934 org/bouncycastle/pkix/CertPathReviewerMessages_de.properties (OK - compressed)
314637753 org/bouncycastle/pqc/legacy/picnic/lowmcL1.bin.properties (OK - compressed)
314755220 org/bouncycastle/pqc/legacy/picnic/lowmcL3.bin.properties (OK - compressed)
315103485 org/bouncycastle/pqc/legacy/picnic/lowmcL5.bin.properties (OK - compressed)
315852829 org/bouncycastle/x509/CertPathReviewerMessages.properties (OK - compressed)
315859700 org/bouncycastle/x509/CertPathReviewerMessages_de.properties (OK - compressed)
315866481 AndroidManifest.xml (OK - compressed)
315869152 res/-B.png (OK)
315869476 res/0Z.png (OK)
315869664 res/0c.9.png (OK)
315869972 res/15.png (OK)
315870344 res/1I.9.png (OK)
315872692 res/1J.9.png (OK)
315874468 res/1e.9.png (OK)
315874679 res/27.xml (OK - compressed)
315874896 res/2d.png (OK)
315875081 res/2f.xml (OK - compressed)
315875792 res/2z.png (OK)
315876348 res/33.9.png (OK)
315876932 res/49.png (OK)
315877567 res/4B.xml (OK - compressed)
315877872 res/4j.xml (OK - compressed)
315878244 res/4k.png (OK)
315878488 res/4o.png (OK)
315878706 res/4u.xml (OK - compressed)
315879040 res/5D.9.png (OK)
315879352 res/5K.png (OK)
315879656 res/5R.png (OK)
315880163 res/5z.xml (OK - compressed)
315880600 res/62.9.png (OK)
315880850 res/6Q.xml (OK - compressed)
315881192 res/6Y.png (OK)
315881368 res/6t.png (OK)
315881640 res/7C.9.png (OK)
315882110 res/7H.xml (OK - compressed)
315882384 res/7I.9.png (OK)
315882769 res/7N.xml (OK - compressed)
315882996 res/7_.9.png (OK)
315883852 res/7i.png (OK)
315884360 res/7o.9.png (OK)
315884925 res/80.xml (OK - compressed)
315885808 res/8F.png (OK)
315886176 res/8h.png (OK)
315887164 res/9L.png (OK)
315887572 res/9N.9.png (OK)
315887799 res/9T.xml (OK - compressed)
315888234 res/9T1.xml (OK - compressed)
315888703 res/9T2.xml (OK - compressed)
315889120 res/9X.9.png (OK)
315889352 res/9k.png (OK)
315889816 res/9n.9.png (OK)
315890036 res/9z.png (OK)
315890669 res/A4.xml (OK - compressed)
315891012 res/AJ.png (OK)
315891392 res/BG.9.png (OK)
315891622 res/BJ.xml (OK - compressed)
315892056 res/BL.9.png (OK)
315892328 res/BM.png (OK)
315892527 res/BW.xml (OK - compressed)
315892788 res/BX.png (OK)
315893140 res/CF.png (OK)
315894068 res/Ce.png (OK)
315894356 res/DL.9.png (OK)
315894576 res/DL.png (OK)
315894869 res/DZ.xml (OK - compressed)
315895104 res/D_.9.png (OK)
315895324 res/EA.9.png (OK)
315895564 res/Eg.xml (OK - compressed)
315896156 res/El.png (OK)
315896660 res/FE.png (OK)
315897216 res/FW.png (OK)
315897568 res/G2.9.png (OK)
315898851 res/GK.xml (OK - compressed)
315899356 res/Gf.png (OK)
315900380 res/Gm.png (OK)
315901092 res/Gt.9.png (OK)
315901336 res/Gw.png (OK)
315901516 res/Ho.png (OK)
315902015 res/IG.xml (OK - compressed)
315902300 res/IX.9.png (OK)
315903884 res/In.xml (OK - compressed)
315904160 res/JJ.9.png (OK)
315904480 res/JR.png (OK)
315904918 res/Jl.xml (OK - compressed)
315905192 res/K0.png (OK)
315906224 res/K5.png (OK)
315906964 res/K5.xml (OK - compressed)
315907440 res/KG.png (OK)
315907816 res/KH.9.png (OK)
315908476 res/KL.png (OK)
315909808 res/KM.png (OK)
315910268 res/K_.9.png (OK)
315910524 res/Ke.png (OK)
315911269 res/Ke.xml (OK - compressed)
315911972 res/Ki.png (OK)
315912228 res/Ki1.png (OK)
315912668 res/Kk.png (OK)
315913132 res/L9.png (OK)
315913760 res/LK.png (OK)
315914204 res/LS.png (OK)
315914432 res/Lb.png (OK)
315914665 res/Lf.xml (OK - compressed)
315915128 res/Li.9.png (OK)
315916947 res/M7.xml (OK - compressed)
315917388 res/MF.9.png (OK)
315920244 res/M_.png (OK)
315920564 res/NA.9.png (OK)
315923109 res/NF.xml (OK - compressed)
315923340 res/NG.png (OK)
315923704 res/NT.png (OK)
315924056 res/NZ.9.png (OK)
315924280 res/Nk.9.png (OK)
315925100 res/No.9.png (OK)
315925339 res/Nu.xml (OK - compressed)
315926084 res/O4.png (OK)
315926544 res/OC.png (OK)
315926736 res/Oj.png (OK)
315927172 res/Ol.xml (OK - compressed)
315927892 res/Op.png (OK)
315928240 res/PC.png (OK)
315928656 res/PS.png (OK)
315928968 res/Pa.9.png (OK)
315929748 res/Pb.png (OK)
315930420 res/Pm.png (OK)
315930664 res/Pu.png (OK)
315930968 res/QJ.9.png (OK)
315931197 res/QZ.xml (OK - compressed)
315931536 res/Qb.png (OK)
315932160 res/R8.png (OK)
315932464 res/RV.png (OK)
315933067 res/Rd.xml (OK - compressed)
315933432 res/Ri.png (OK)
315933660 res/Rv.png (OK)
315933904 res/Rv1.png (OK)
315934143 res/Sc.xml (OK - compressed)
315934576 res/Su.9.png (OK)
315934796 res/Sw.png (OK)
315935148 res/T6.png (OK)
315935608 res/Th.png (OK)
315936436 res/Tj.9.png (OK)
315936803 res/U8.xml (OK - compressed)
315937674 res/VM.xml (OK - compressed)
315937904 res/Wh.png (OK)
315938116 res/Wz.png (OK)
315938356 res/X4.9.png (OK)
315938584 res/XD.png (OK)
315939529 res/XK.xml (OK - compressed)
315939812 res/XV.png (OK)
315940130 res/XW.xml (OK - compressed)
315940468 res/Xk.png (OK)
315940930 res/Xx.xml (OK - compressed)
315941220 res/YG.9.png (OK)
315941463 res/YW.xml (OK - compressed)
315941692 res/Yw.9.png (OK)
315941920 res/Yz.png (OK)
315942712 res/ZD.xml (OK - compressed)
315943035 res/Zg.xml (OK - compressed)
315943456 res/_F.png (OK)
315943760 res/_g.png (OK)
315944035 res/_o.xml (OK - compressed)
315944264 res/_q.png (OK)
315944480 res/a-.png (OK)
315945176 res/aU.9.png (OK)
315945664 res/aW.xml (OK - compressed)
315946004 res/ar.png (OK)
315946435 res/bL.xml (OK - compressed)
315946900 res/bm.png (OK)
315947840 res/bn.png (OK)
315949149 res/c5.xml (OK - compressed)
315949376 res/ca.png (OK)
315949643 res/color-v23/abc_tint_btn_checkable.xml (OK - compressed)
315949980 res/color-v23/abc_tint_default.xml (OK - compressed)
315950415 res/color-v23/abc_tint_edittext.xml (OK - compressed)
315950765 res/color-v23/abc_tint_seek_thumb.xml (OK - compressed)
315951070 res/color-v23/abc_tint_spinner.xml (OK - compressed)
315951422 res/color-v23/abc_tint_switch_track.xml (OK - compressed)
315951744 res/d3.png (OK)
315952220 res/d5.9.png (OK)
315953111 res/dO.xml (OK - compressed)
315954256 res/dW.png (OK)
315954564 res/dY.png (OK)
315955008 res/dt.png (OK)
315955304 res/eN.png (OK)
315956056 res/eR.png (OK)
315956456 res/eT.9.png (OK)
315956816 res/ej.9.png (OK)
315957028 res/fM.9.png (OK)
315957896 res/fN.png (OK)
315958484 res/fb.png (OK)
315958788 res/g8.png (OK)
315959428 res/gK.png (OK)
315961152 res/gZ.9.png (OK)
315961720 res/gj.9.png (OK)
315962000 res/gt.9.png (OK)
315962248 res/gv.png (OK)
315962677 res/h4.xml (OK - compressed)
315963360 res/h7.9.png (OK)
315964496 res/hE.png (OK)
315965028 res/hH.png (OK)
315965200 res/hZ.9.png (OK)
315965408 res/hk.png (OK)
315965783 res/hq.xml (OK - compressed)
315966156 res/i0.png (OK)
315966516 res/i6.9.png (OK)
315966744 res/iO.png (OK)
315967016 res/iR.9.png (OK)
315967544 res/io.9.png (OK)
315969110 res/j3.xml (OK - compressed)
315969504 res/j4.png (OK)
315970332 res/jS.9.png (OK)
315970540 res/jq.png (OK)
315970904 res/kJ.9.png (OK)
315971152 res/ke.png (OK)
315971456 res/kf.png (OK)
315971679 res/kj.xml (OK - compressed)
315972452 res/km.png (OK)
315972817 res/kn.xml (OK - compressed)
315973200 res/kp.png (OK)
315973464 res/l6.png (OK)
315974081 res/lN.xml (OK - compressed)
315974316 res/lP.9.png (OK)
315974552 res/lX.png (OK)
315975088 res/ly.png (OK)
315975400 res/m0.png (OK)
315975708 res/mG.png (OK)
315975928 res/ma.png (OK)
315976452 res/mm.9.png (OK)
315976840 res/nI.9.png (OK)
315977087 res/nT.xml (OK - compressed)
315977536 res/nf.png (OK)
315978784 res/ni.png (OK)
315979808 res/nv.png (OK)
315980372 res/o4.png (OK)
315980616 res/oC.png (OK)
315981169 res/oP.xml (OK - compressed)
315981552 res/o_.png (OK)
315982248 res/op.9.png (OK)
315982574 res/pU.xml (OK - compressed)
315982832 res/pW.png (OK)
315983628 res/pk.png (OK)
315983943 res/pm.xml (OK - compressed)
315984684 res/pn.png (OK)
315984980 res/ps.9.png (OK)
315985198 res/q6.xml (OK - compressed)
315985633 res/qA.xml (OK - compressed)
315985940 res/qD.9.png (OK)
315988816 res/qp.png (OK)
315989053 res/qx.xml (OK - compressed)
315989835 res/qz.xml (OK - compressed)
315990306 res/rW.xml (OK - compressed)
315990656 res/rj.9.png (OK)
315991794 res/rx.xml (OK - compressed)
315992136 res/s0.png (OK)
315992579 res/sA.xml (OK - compressed)
315992852 res/sg.9.png (OK)
315993118 res/sn.xml (OK - compressed)
315993372 res/tG.png (OK)
315993888 res/tL.xml (OK - compressed)
315994252 res/tS.png (OK)
315994616 res/tZ.9.png (OK)
315994854 res/u0.xml (OK - compressed)
315995291 res/uB.xml (OK - compressed)
315996108 res/uL.9.png (OK)
315997116 res/uj.9.png (OK)
315997356 res/ut.9.png (OK)
315998152 res/uu.9.png (OK)
315998396 res/v2.png (OK)
315999228 res/va.png (OK)
315999580 res/vq.png (OK)
316000136 res/vx.png (OK)
316001088 res/vz.9.png (OK)
316001312 res/wL.9.png (OK)
316001792 res/w_.png (OK)
316002048 res/wo.png (OK)
316002316 res/xR.9.png (OK)
316002550 res/xj.xml (OK - compressed)
316002844 res/xx.png (OK)
316003236 res/yH.9.png (OK)
316003460 res/yP.png (OK)
316003936 res/yY.9.png (OK)
316004164 res/yg.9.png (OK)
316004600 res/yn.png (OK)
316005404 res/z9.9.png (OK)
316005864 res/zE.png (OK)
316006232 res/zV.9.png (OK)
316008740 resources.arsc (OK)
316189082 META-INF/PARTYDEC.SF (OK - compressed)
316212253 META-INF/PARTYDEC.RSA (OK - compressed)
316213360 META-INF/MANIFEST.MF (OK - compressed)
Verification successful
