--------- beginning of main
09-10 07:36:07.903  3049  3049 I t.compare:godot: Late-enabling -Xcheck:jni
09-10 07:36:07.917  3049  3049 I t.compare:godot: Using CollectorTypeCMC GC.
09-10 07:36:07.917  3049  3049 W t.compare:godot: Unexpected CPU variant for x86: x86_64.
09-10 07:36:07.917  3049  3049 W t.compare:godot: Known variants: atom, sandybridge, silvermont, goldmont, goldmont-plus, goldmont-without-sha-xsaves, tremont, kabylake, default
09-10 07:36:07.954  3049  3049 D nativeloader: Load libframework-connectivity-tiramisu-jni.so using APEX ns com_android_tethering for caller /apex/com.android.tethering/javalib/framework-connectivity-t.jar: ok
09-10 07:36:07.990  3049  3049 W ziparchive: Unable to open '/data/app/~~lZTYXQTcmIxR6FaWNeZodw==/dev.partydeck.godot.compare--il3E5kdF3Svt-92LY4Ffg==/base.dm': No such file or directory
09-10 07:36:07.990  3049  3049 W ziparchive: Unable to open '/data/app/~~lZTYXQTcmIxR6FaWNeZodw==/dev.partydeck.godot.compare--il3E5kdF3Svt-92LY4Ffg==/base.dm': No such file or directory
09-10 07:36:08.248  3049  3049 D nativeloader: Configuring clns-7 for other apk /data/app/~~lZTYXQTcmIxR6FaWNeZodw==/dev.partydeck.godot.compare--il3E5kdF3Svt-92LY4Ffg==/base.apk. target_sdk_version=36, uses_libraries=, library_path=/data/app/~~lZTYXQTcmIxR6FaWNeZodw==/dev.partydeck.godot.compare--il3E5kdF3Svt-92LY4Ffg==/lib/x86_64:/data/app/~~lZTYXQTcmIxR6FaWNeZodw==/dev.partydeck.godot.compare--il3E5kdF3Svt-92LY4Ffg==/base.apk!/lib/x86_64, permitted_path=/data:/mnt/expand:/data/user/0/dev.partydeck.godot.compare
09-10 07:36:08.271  3049  3049 V GraphicsEnvironment: Currently set values for:
09-10 07:36:08.271  3049  3049 V GraphicsEnvironment:   angle_gl_driver_selection_pkgs=[]
09-10 07:36:08.271  3049  3049 V GraphicsEnvironment:   angle_gl_driver_selection_values=[]
09-10 07:36:08.271  3049  3049 V GraphicsEnvironment: Global.Settings values are invalid: number of packages: 0, number of values: 0
09-10 07:36:08.272  3049  3049 V GraphicsEnvironment: Neither updatable production driver nor prerelease driver is supported.
09-10 07:36:08.738  3049  3049 V Godot   : Initializing Godot plugin registry
09-10 07:36:08.739  3049  3049 I GodotPluginRegistry: Registering runtime plugin AndroidRuntime
09-10 07:36:08.739  3049  3049 I GodotPluginRegistry: Registering runtime plugin PartyDeckBridge
09-10 07:36:08.739  3049  3049 V Godot   : InitEngine with params: [--main-pack, res://partydeck-last-light.pck, --rendering-method, gl_compatibility, --xr-mode, off]
09-10 07:36:08.798  3049  3049 D nativeloader: Load /data/app/~~lZTYXQTcmIxR6FaWNeZodw==/dev.partydeck.godot.compare--il3E5kdF3Svt-92LY4Ffg==/base.apk!/lib/x86_64/libgodot_android.so using ns clns-7 from class loader (caller=/data/app/~~lZTYXQTcmIxR6FaWNeZodw==/dev.partydeck.godot.compare--il3E5kdF3Svt-92LY4Ffg==/base.apk): ok
09-10 07:36:08.800  3049  3049 V Godot   : Godot native layer initialization completed: true
09-10 07:36:08.800  3049  3049 V Godot   : Setting up native layer with params: [--main-pack, res://partydeck-last-light.pck, --rendering-method, gl_compatibility, --xr-mode, off]
09-10 07:36:08.845  3049  3049 V Godot   : Godot native layer setup completed
09-10 07:36:08.845  3049  3049 V Godot   : OnInitRenderView: GodotFragment{b6c7c32} (8c6636a8-3d59-489c-9bbe-d6f176f7a0b6 id=0x7f07002b tag=partydeck-godot)
09-10 07:36:08.903  3049  3049 D Godot   : Render view should be transparent: false
09-10 07:36:08.903  3049  3049 D Godot   : renderingDevice: opengl3 (ProjectSettings)
09-10 07:36:08.903  3049  3049 D Godot   : 			renderer: gl_compatibility (Default)
09-10 07:36:08.936  3049  3049 V Godot   : OnStart: GodotFragment{b6c7c32} (8c6636a8-3d59-489c-9bbe-d6f176f7a0b6 id=0x7f07002b tag=partydeck-godot)
09-10 07:36:08.938  3049  3049 W WindowOnBackDispatcher: OnBackInvokedCallback is not enabled for the application.
09-10 07:36:08.938  3049  3049 W WindowOnBackDispatcher: Set 'android:enableOnBackInvokedCallback="true"' in the application manifest.
09-10 07:36:08.941  3049  3049 V Godot   : OnResume: GodotFragment{b6c7c32} (8c6636a8-3d59-489c-9bbe-d6f176f7a0b6 id=0x7f07002b tag=partydeck-godot)
09-10 07:36:08.944  3049  3049 W HWUI    : Unknown dataspace 0
09-10 07:36:08.955  3049  3049 I Choreographer: Skipped 31 frames!  The application may be doing too much work on its main thread.
09-10 07:36:08.989  3049  3076 I EGL_emulation: Opening libGLESv1_CM_emulation.so
09-10 07:36:08.990  3049  3076 I EGL_emulation: Opening libGLESv2_emulation.so
09-10 07:36:08.996  3049  3076 W HWUI    : Failed to choose config with EGL_SWAP_BEHAVIOR_PRESERVED, retrying without...
09-10 07:36:09.001  3049  3076 W HWUI    : Failed to initialize 101010-2 format, error = EGL_SUCCESS
09-10 07:36:09.040  3049  3085 W RegularContextFactory: creating OpenGL ES 3.0 context :
09-10 07:36:09.068  3049  3085 I Gralloc4: mapper 4.x is not supported
09-10 07:36:09.130  3049  3085 I godot   : Godot Engine v4.7.2.stable.official.ed1daf0bf - https://godotengine.org
09-10 07:36:09.205  3049  3053 I t.compare:godot: Compiler allocated 4219KB to compile void android.widget.TextView.<init>(android.content.Context, android.util.AttributeSet, int, int)
09-10 07:36:09.298  3049  3060 I HWUI    : Davey! duration=791ms; Flags=1, FrameTimelineVsyncId=4731, IntendedVsync=70660627027, Vsync=71177293673, InputEventId=0, HandleInputStart=71187215052, AnimationStart=71187222015, PerformTraversalsStart=71187366374, DrawStart=71363757900, FrameDeadline=70677293693, FrameInterval=71186876681, FrameStartTime=16666666, SyncQueued=71369895111, SyncStart=71370695670, IssueDrawCommandsStart=71371971097, SwapBuffers=71406301317, FrameCompleted=71453333688, DequeueBufferDuration=44479433, QueueBufferDuration=223287, GpuCompleted=71452750296, SwapBuffersCompleted=71453333688, DisplayPresentTime=72904454231359566, CommandSubmissionCompleted=71406301317, 
09-10 07:36:09.797  3049  3053 I t.compare:godot: Compiler allocated 5174KB to compile void android.view.ViewRootImpl.performTraversals()
09-10 07:36:10.008  3049  3089 E SurfaceSyncGroup: Failed to receive transaction ready in 1000ms. Marking SurfaceSyncGroup(wmsSync-VRI[GodotGameActivity]#1) as ready
09-10 07:36:10.009  3049  3089 E SurfaceSyncGroup: Failed to receive transaction ready in 1000ms. Marking SurfaceSyncGroup(VRI[GodotGameActivity]#2) as ready
09-10 07:36:10.011  3049  3089 E SurfaceSyncGroup: Failed to receive transaction ready in 1000ms. Marking SurfaceSyncGroup(SurfaceView[dev.partydeck.godot.compare/dev.partydeck.godot.compare.GodotGameActivity]#0) as ready
09-10 07:36:10.275  3049  3076 D EGL_emulation: app_time_stats: avg=346.15ms min=7.63ms max=951.77ms count=3
09-10 07:36:10.480  3049  3085 I godot   : OpenGL API OpenGL ES 3.1 (OpenGL ES 3.1.0 (ANGLE 2.1.17841 git hash: 5fa2e61da947)) - Compatibility - Using Device: Google (Google Inc. (Google)) - Android Emulator OpenGL ES Translator (ANGLE (Google, Vulkan 1.3.0 (SwiftShader Device (Subzero) (0x0000C0DE)), SwiftShader driver-5.0.0))
09-10 07:36:10.481  3049  3085 D t.compare:godot: PlayerBase::PlayerBase()
09-10 07:36:10.481  3049  3085 D t.compare:godot: TrackPlayerBase::TrackPlayerBase()
09-10 07:36:10.481  3049  3085 I libOpenSLES: Emulating old channel mask behavior (ignoring positional mask 0x3, using default mask 0x3 based on channel count of 2)
09-10 07:36:10.486  3049  3085 I godot   : 
09-10 07:36:10.928  3049  3085 V Godot   : OnGodotSetupCompleted
09-10 07:36:10.935  3049  3085 V Godot   : OnGodotMainLoopStarted
09-10 07:36:11.641  3049  3076 D EGL_emulation: app_time_stats: avg=455.31ms min=276.49ms max=623.58ms count=3
09-10 07:36:21.377  3049  3049 D AutofillManager: Fill dialog is enabled:false, hints=[]
09-10 07:36:21.401  3049  3076 D EGL_emulation: app_time_stats: avg=1615.06ms min=14.23ms max=9132.11ms count=6
09-10 07:36:25.770  3049  3085 D EGL_emulation: app_time_stats: avg=3796.36ms min=66.50ms max=14182.63ms count=4
09-10 07:36:29.883  3049  3076 D EGL_emulation: app_time_stats: avg=1406.29ms min=24.98ms max=8069.73ms count=6
09-10 07:36:39.834  3049  3076 D EGL_emulation: app_time_stats: avg=1982.31ms min=18.86ms max=9693.45ms count=5
09-10 07:36:44.081  3049  3085 D EGL_emulation: app_time_stats: avg=9154.59ms min=73.34ms max=18235.84ms count=2
09-10 07:36:48.166  3049  3076 D EGL_emulation: app_time_stats: avg=1657.40ms min=18.38ms max=8077.23ms count=5
09-10 07:36:58.166  3049  3076 D EGL_emulation: app_time_stats: avg=1994.71ms min=15.14ms max=9715.55ms count=5
09-10 07:37:02.381  3049  3085 D EGL_emulation: app_time_stats: avg=18300.46ms min=18300.46ms max=18300.46ms count=1
09-10 07:37:06.449  3049  3076 D EGL_emulation: app_time_stats: avg=1645.81ms min=13.94ms max=8023.01ms count=5
09-10 07:37:16.467  3049  3076 D EGL_emulation: app_time_stats: avg=1983.72ms min=15.45ms max=9735.90ms count=5
09-10 07:37:20.766  3049  3085 D EGL_emulation: app_time_stats: avg=18384.19ms min=18384.19ms max=18384.19ms count=1
09-10 07:37:24.817  3049  3076 D EGL_emulation: app_time_stats: avg=1663.70ms min=21.66ms max=8107.49ms count=5
09-10 07:37:31.066  3049  3076 D EGL_emulation: app_time_stats: avg=1235.91ms min=20.18ms max=5990.08ms count=5
09-10 07:37:35.335  3049  3085 D EGL_emulation: app_time_stats: avg=14569.60ms min=14569.60ms max=14569.60ms count=1
09-10 07:37:39.400  3049  3076 D EGL_emulation: app_time_stats: avg=1660.30ms min=15.43ms max=8046.75ms count=5
09-10 07:37:41.678  3049  3049 V Godot   : OnPause: GodotFragment{b6c7c32} (8c6636a8-3d59-489c-9bbe-d6f176f7a0b6 id=0x7f07002b tag=partydeck-godot)
09-10 07:37:41.758  3049  3076 D EGL_emulation: app_time_stats: avg=459.61ms min=14.83ms max=2097.94ms count=5
09-10 07:37:42.474  3049  3049 D VRI[GodotGameActivity]: visibilityChanged oldVisibility=true newVisibility=false
09-10 07:37:42.474  3049  3085 D EGL_emulation: app_time_stats: avg=7138.85ms min=7138.85ms max=7138.85ms count=1
09-10 07:37:42.475  3049  3085 D t.compare:godot: PlayerBase::pause() from IPlayer
09-10 07:37:42.492  3049  3049 E Surface : freeAllBuffers: 1 buffers were freed while being dequeued!
09-10 07:37:42.859  3049  3049 V Godot   : OnStop: GodotFragment{b6c7c32} (8c6636a8-3d59-489c-9bbe-d6f176f7a0b6 id=0x7f07002b tag=partydeck-godot)
09-10 07:37:42.945  3049  3085 E Surface : getSlotFromBufferLocked: unknown buffer: 0x7159a0f0
09-10 07:37:42.945  3049  3085 E BufferQueueProducer: [SurfaceView[dev.partydeck.godot.compare/dev.partydeck.godot.compare.GodotGameActivity]#1(BLAST Consumer)1](id:be900000001,api:0,p:-1,c:3049) dequeueBuffer: BufferQueue has been abandoned
09-10 07:37:42.945  3049  3085 E EGL_emulation: tid 3085: swapBuffers(789): error 0x300d (EGL_BAD_SURFACE)
09-10 07:37:42.946  3049  3085 W GLThread: eglSwapBuffers failed: EGL_BAD_SURFACE
09-10 07:37:43.010  3049  3085 E Surface : freeAllBuffers: 1 buffers were freed while being dequeued!
09-10 07:37:56.569  3049  3049 V Godot   : OnStart: GodotFragment{b6c7c32} (8c6636a8-3d59-489c-9bbe-d6f176f7a0b6 id=0x7f07002b tag=partydeck-godot)
09-10 07:37:56.573  3049  3049 W WindowOnBackDispatcher: OnBackInvokedCallback is not enabled for the application.
09-10 07:37:56.573  3049  3049 W WindowOnBackDispatcher: Set 'android:enableOnBackInvokedCallback="true"' in the application manifest.
09-10 07:37:56.575  3049  3049 V Godot   : OnResume: GodotFragment{b6c7c32} (8c6636a8-3d59-489c-9bbe-d6f176f7a0b6 id=0x7f07002b tag=partydeck-godot)
09-10 07:37:58.110  3049  3076 D EGL_emulation: app_time_stats: avg=111.63ms min=7.10ms max=275.94ms count=10
09-10 07:38:01.416  3049  3076 D EGL_emulation: app_time_stats: avg=3305.53ms min=3305.53ms max=3305.53ms count=1
09-10 07:38:11.451  3049  3076 D EGL_emulation: app_time_stats: avg=1998.17ms min=16.48ms max=9756.73ms count=5
09-10 07:38:15.734  3049  3085 D EGL_emulation: app_time_stats: avg=9350.79ms min=399.10ms max=18302.48ms count=2
09-10 07:38:19.799  3049  3076 D EGL_emulation: app_time_stats: avg=1659.55ms min=16.36ms max=8095.99ms count=5
09-10 07:38:26.084  3049  3076 D EGL_emulation: app_time_stats: avg=1251.88ms min=10.59ms max=6044.03ms count=5
09-10 07:38:30.256  3049  3085 D EGL_emulation: app_time_stats: avg=14521.52ms min=14521.52ms max=14521.52ms count=1
09-10 07:38:34.317  3049  3076 D EGL_emulation: app_time_stats: avg=1638.54ms min=22.81ms max=7959.99ms count=5
09-10 07:38:40.616  3049  3076 D EGL_emulation: app_time_stats: avg=1251.59ms min=23.29ms max=6002.33ms count=5
09-10 07:38:44.927  3049  3085 D EGL_emulation: app_time_stats: avg=14670.70ms min=14670.70ms max=14670.70ms count=1
09-10 07:38:45.018  3049  3076 D EGL_emulation: app_time_stats: avg=873.87ms min=20.48ms max=4146.92ms count=5
09-10 07:38:49.534  3049  3076 D EGL_emulation: app_time_stats: avg=747.14ms min=72.81ms max=3674.83ms count=6
09-10 07:38:55.799  3049  3076 D EGL_emulation: app_time_stats: avg=1245.65ms min=19.20ms max=5992.81ms count=5
09-10 07:39:09.533  3049  3076 D EGL_emulation: app_time_stats: avg=2741.16ms min=18.91ms max=13472.95ms count=5
09-10 07:39:13.815  3049  3085 D EGL_emulation: app_time_stats: avg=9629.32ms min=374.52ms max=28093.86ms count=3
09-10 07:39:13.906  3049  3076 D EGL_emulation: app_time_stats: avg=864.64ms min=16.94ms max=4098.56ms count=5
09-10 07:39:18.418  3049  3076 D EGL_emulation: app_time_stats: avg=745.70ms min=71.96ms max=3671.23ms count=6
09-10 07:39:24.634  3049  3076 D EGL_emulation: app_time_stats: avg=1225.20ms min=17.63ms max=5968.13ms count=5
09-10 07:39:34.583  3049  3076 D EGL_emulation: app_time_stats: avg=1979.72ms min=15.39ms max=9679.92ms count=5
09-10 07:39:38.771  3049  3085 D EGL_emulation: app_time_stats: avg=8318.42ms min=391.68ms max=24154.95ms count=3
09-10 07:39:38.929  3049  3076 D EGL_emulation: app_time_stats: avg=861.21ms min=19.52ms max=4068.39ms count=5
09-10 07:39:43.383  3049  3076 D EGL_emulation: app_time_stats: avg=726.95ms min=15.63ms max=3692.28ms count=6
09-10 07:39:49.583  3049  3076 D EGL_emulation: app_time_stats: avg=1222.76ms min=6.31ms max=5944.51ms count=5
09-10 07:39:55.850  3049  3076 D EGL_emulation: app_time_stats: avg=1233.08ms min=1.35ms max=6020.08ms count=5
09-10 07:40:00.021  3049  3085 D EGL_emulation: app_time_stats: avg=7083.49ms min=340.08ms max=20454.33ms count=3
09-10 07:40:00.244  3049  3076 D EGL_emulation: app_time_stats: avg=872.00ms min=30.97ms max=4125.26ms count=5
09-10 07:40:04.633  3049  3076 D EGL_emulation: app_time_stats: avg=875.27ms min=80.22ms max=3781.39ms count=5
09-10 07:40:10.850  3049  3076 D EGL_emulation: app_time_stats: avg=1231.91ms min=16.49ms max=5948.98ms count=5
09-10 07:40:17.049  3049  3076 D EGL_emulation: app_time_stats: avg=1230.26ms min=15.18ms max=5948.15ms count=5
09-10 07:40:21.348  3049  3085 D EGL_emulation: app_time_stats: avg=7109.00ms min=292.98ms max=20583.03ms count=3
09-10 07:40:21.349  3049  3076 D EGL_emulation: app_time_stats: avg=849.67ms min=13.61ms max=4044.43ms count=5
09-10 07:40:25.482  3049  3076 D EGL_emulation: app_time_stats: avg=673.55ms min=70.19ms max=3264.77ms count=6
09-10 07:40:31.716  3049  3076 D EGL_emulation: app_time_stats: avg=1237.03ms min=16.50ms max=5972.28ms count=5
09-10 07:40:41.650  3049  3076 D EGL_emulation: app_time_stats: avg=1980.54ms min=17.61ms max=9694.39ms count=5
09-10 07:40:45.892  3049  3085 D EGL_emulation: app_time_stats: avg=12271.54ms min=324.97ms max=24218.12ms count=2
09-10 07:40:45.967  3049  3076 D EGL_emulation: app_time_stats: avg=856.85ms min=21.69ms max=4012.61ms count=5
09-10 07:40:50.117  3049  3076 D EGL_emulation: app_time_stats: avg=674.76ms min=21.69ms max=3395.09ms count=6
09-10 07:40:56.382  3049  3076 D EGL_emulation: app_time_stats: avg=1246.59ms min=13.06ms max=6014.80ms count=5
09-10 07:41:02.617  3049  3076 D EGL_emulation: app_time_stats: avg=1239.41ms min=22.00ms max=5964.23ms count=5
09-10 07:41:06.836  3049  3085 D EGL_emulation: app_time_stats: avg=10472.15ms min=327.49ms max=20616.81ms count=2
09-10 07:41:10.985  3049  3076 D EGL_emulation: app_time_stats: avg=1664.52ms min=18.40ms max=8098.44ms count=5
09-10 07:41:11.136  3049  3054 I t.compare:godot: Background concurrent mark compact GC freed 2628KB AllocSpace bytes, 0(0B) LOS objects, 49% free, 2780KB/5561KB, paused 85us,5.068ms total 48.382ms
09-10 07:41:17.249  3049  3076 D EGL_emulation: app_time_stats: avg=1245.08ms min=12.96ms max=5999.96ms count=5
09-10 07:41:21.532  3049  3085 D EGL_emulation: app_time_stats: avg=7348.07ms min=157.38ms max=14538.76ms count=2
09-10 07:41:25.616  3049  3076 D EGL_emulation: app_time_stats: avg=1667.69ms min=14.59ms max=8124.60ms count=5
09-10 07:41:31.899  3049  3076 D EGL_emulation: app_time_stats: avg=1246.91ms min=14.15ms max=6030.16ms count=5
09-10 07:41:36.150  3049  3076 D EGL_emulation: app_time_stats: avg=838.71ms min=18.02ms max=3996.40ms count=5
09-10 07:41:36.259  3049  3085 D EGL_emulation: app_time_stats: avg=14726.66ms min=14726.66ms max=14726.66ms count=1
09-10 07:41:40.733  3049  3076 D EGL_emulation: app_time_stats: avg=746.88ms min=62.99ms max=3683.37ms count=6
09-10 07:41:46.967  3049  3076 D EGL_emulation: app_time_stats: avg=1236.64ms min=19.59ms max=5989.09ms count=5
09-10 07:41:53.232  3049  3076 D EGL_emulation: app_time_stats: avg=1243.56ms min=15.88ms max=6028.23ms count=5
09-10 07:41:57.547  3049  3076 D EGL_emulation: app_time_stats: avg=854.26ms min=21.09ms max=4052.54ms count=5
09-10 07:41:57.619  3049  3085 D EGL_emulation: app_time_stats: avg=7119.94ms min=334.02ms max=20690.03ms count=3
09-10 07:42:02.150  3049  3076 D EGL_emulation: app_time_stats: avg=767.00ms min=55.39ms max=3670.74ms count=6
09-10 07:42:08.417  3049  3076 D EGL_emulation: app_time_stats: avg=1248.07ms min=25.74ms max=6018.18ms count=5
09-10 07:42:14.699  3049  3076 D EGL_emulation: app_time_stats: avg=1249.95ms min=15.27ms max=6024.66ms count=5
09-10 07:42:18.995  3049  3085 D EGL_emulation: app_time_stats: avg=7125.24ms min=212.67ms max=20656.82ms count=3
09-10 07:42:19.083  3049  3076 D EGL_emulation: app_time_stats: avg=867.18ms min=17.44ms max=4147.69ms count=5
09-10 07:42:23.599  3049  3076 D EGL_emulation: app_time_stats: avg=740.20ms min=26.46ms max=3700.70ms count=6
09-10 07:42:29.884  3049  3076 D EGL_emulation: app_time_stats: avg=1245.09ms min=18.71ms max=6000.39ms count=5
09-10 07:42:36.115  3049  3076 D EGL_emulation: app_time_stats: avg=1241.17ms min=14.57ms max=5964.96ms count=5
09-10 07:42:40.384  3049  3085 D EGL_emulation: app_time_stats: avg=7129.79ms min=314.74ms max=20599.19ms count=3
09-10 07:42:40.461  3049  3076 D EGL_emulation: app_time_stats: avg=860.41ms min=16.92ms max=4107.23ms count=5
09-10 07:42:44.982  3049  3076 D EGL_emulation: app_time_stats: avg=742.30ms min=10.85ms max=3698.47ms count=6
09-10 07:42:51.235  3049  3076 D EGL_emulation: app_time_stats: avg=1246.72ms min=11.62ms max=6002.36ms count=5
09-10 07:42:57.418  3049  3076 D EGL_emulation: app_time_stats: avg=1222.21ms min=13.17ms max=5883.84ms count=5
09-10 07:43:01.675  3049  3085 D EGL_emulation: app_time_stats: avg=7096.96ms min=317.65ms max=20549.01ms count=3
09-10 07:43:01.762  3049  3076 D EGL_emulation: app_time_stats: avg=858.82ms min=20.64ms max=4089.32ms count=5
09-10 07:43:05.918  3049  3076 D EGL_emulation: app_time_stats: avg=689.57ms min=65.89ms max=3371.39ms count=6
09-10 07:43:12.183  3049  3076 D EGL_emulation: app_time_stats: avg=1250.03ms min=14.90ms max=5974.71ms count=5
09-10 07:43:18.416  3049  3076 D EGL_emulation: app_time_stats: avg=1236.87ms min=23.78ms max=5977.99ms count=5
09-10 07:43:22.682  3049  3085 D EGL_emulation: app_time_stats: avg=10503.28ms min=271.65ms max=20734.91ms count=2
09-10 07:43:22.776  3049  3076 D EGL_emulation: app_time_stats: avg=861.94ms min=17.11ms max=4112.41ms count=5
09-10 07:43:27.282  3049  3076 D EGL_emulation: app_time_stats: avg=733.68ms min=65.76ms max=3680.49ms count=6
09-10 07:43:33.501  3049  3076 D EGL_emulation: app_time_stats: avg=1234.61ms min=12.43ms max=5969.18ms count=5
09-10 07:43:39.733  3049  3076 D EGL_emulation: app_time_stats: avg=1236.12ms min=13.89ms max=5990.87ms count=5
09-10 07:43:44.023  3049  3085 D EGL_emulation: app_time_stats: avg=7113.86ms min=357.41ms max=20547.59ms count=3
09-10 07:43:44.045  3049  3054 I t.compare:godot: Background concurrent mark compact GC freed 2728KB AllocSpace bytes, 0(0B) LOS objects, 49% free, 2792KB/5585KB, paused 61us,6.957ms total 33.535ms
09-10 07:43:44.095  3049  3076 D EGL_emulation: app_time_stats: avg=850.19ms min=15.16ms max=4105.08ms count=5
09-10 07:43:48.634  3049  3076 D EGL_emulation: app_time_stats: avg=754.85ms min=15.41ms max=3690.00ms count=6
09-10 07:43:54.832  3049  3076 D EGL_emulation: app_time_stats: avg=1230.12ms min=15.26ms max=5946.71ms count=5
09-10 07:44:01.066  3049  3076 D EGL_emulation: app_time_stats: avg=1238.87ms min=16.84ms max=5959.24ms count=5
09-10 07:44:05.375  3049  3085 D EGL_emulation: app_time_stats: avg=7117.36ms min=393.14ms max=20552.00ms count=3
09-10 07:44:05.550  3049  3076 D EGL_emulation: app_time_stats: avg=887.53ms min=15.02ms max=4208.83ms count=5
09-10 07:44:09.985  3049  3076 D EGL_emulation: app_time_stats: avg=734.80ms min=17.69ms max=3708.89ms count=6
09-10 07:44:16.185  3049  3076 D EGL_emulation: app_time_stats: avg=1229.35ms min=22.47ms max=5936.51ms count=5
09-10 07:44:22.432  3049  3076 D EGL_emulation: app_time_stats: avg=1233.36ms min=12.48ms max=5928.93ms count=5
09-10 07:44:26.701  3049  3085 D EGL_emulation: app_time_stats: avg=7108.30ms min=301.66ms max=20536.77ms count=3
09-10 07:44:26.856  3049  3076 D EGL_emulation: app_time_stats: avg=864.77ms min=3.14ms max=4166.21ms count=5
09-10 07:44:31.316  3049  3076 D EGL_emulation: app_time_stats: avg=742.74ms min=29.54ms max=3646.95ms count=6
09-10 07:44:37.533  3049  3076 D EGL_emulation: app_time_stats: avg=1236.98ms min=15.93ms max=5964.26ms count=5
09-10 07:44:43.799  3049  3076 D EGL_emulation: app_time_stats: avg=1241.80ms min=15.76ms max=5990.19ms count=5
09-10 07:44:48.089  3049  3085 D EGL_emulation: app_time_stats: avg=7129.49ms min=386.00ms max=20582.76ms count=3
09-10 07:44:48.256  3049  3076 D EGL_emulation: app_time_stats: avg=882.26ms min=14.63ms max=4185.04ms count=5
09-10 07:44:52.699  3049  3076 D EGL_emulation: app_time_stats: avg=738.33ms min=10.85ms max=3710.57ms count=6
09-10 07:44:58.899  3049  3076 D EGL_emulation: app_time_stats: avg=1228.21ms min=17.65ms max=5937.41ms count=5
09-10 07:45:05.133  3049  3076 D EGL_emulation: app_time_stats: avg=1229.15ms min=1.21ms max=5965.22ms count=5
09-10 07:45:09.415  3049  3076 D EGL_emulation: app_time_stats: avg=855.30ms min=9.67ms max=4054.62ms count=5
09-10 07:45:09.431  3049  3085 D EGL_emulation: app_time_stats: avg=7113.77ms min=373.78ms max=20549.62ms count=3
09-10 07:45:14.016  3049  3076 D EGL_emulation: app_time_stats: avg=765.44ms min=12.39ms max=3702.02ms count=6
09-10 07:45:20.216  3049  3076 D EGL_emulation: app_time_stats: avg=1234.76ms min=11.20ms max=5943.71ms count=5
09-10 07:45:30.201  3049  3076 D EGL_emulation: app_time_stats: avg=1986.91ms min=9.07ms max=9731.09ms count=5
09-10 07:45:34.451  3049  3076 D EGL_emulation: app_time_stats: avg=841.41ms min=11.39ms max=3987.00ms count=5
09-10 07:45:34.653  3049  3085 D EGL_emulation: app_time_stats: avg=8407.49ms min=265.09ms max=24448.19ms count=3
09-10 07:45:34.767  3049  3085 D GLThread: Exiting render thread
09-10 07:45:34.767  3049  3085 D GodotRenderer: Destroying Godot Engine
09-10 07:45:34.786  3049  3085 D t.compare:godot: PlayerBase::stop() from IPlayer
09-10 07:45:34.786  3049  3085 D AudioTrack: stop(16): called with 24269185 frames delivered
09-10 07:45:34.790  3049  3085 E eglCodecCommon: removeVertexArrayObject: ERROR: 7 not found in VAO state!
09-10 07:45:34.823  3049  3085 V Godot   : OnGodotTerminating
09-10 07:45:34.873  3049  3049 V Godot   : OnDestroy: GodotFragment{b6c7c32} (8c6636a8-3d59-489c-9bbe-d6f176f7a0b6 id=0x7f07002b tag=partydeck-godot)
09-10 07:45:34.879  3049  3049 V Godot   : OnPause: GodotFragment{b6c7c32} (8c6636a8-3d59-489c-9bbe-d6f176f7a0b6 id=0x7f07002b tag=partydeck-godot)
09-10 07:45:35.030  3049  3049 I PartyDeckGodotHost: Engine process exit requested
09-10 07:45:35.030  3049  3049 I Process : Sending signal. PID: 3049 SIG: 9
