--------- beginning of main
09-10 07:36:06.344  3064  3064 I t.compare:godot: Late-enabling -Xcheck:jni
09-10 07:36:06.375  3064  3064 I t.compare:godot: Using CollectorTypeCMC GC.
09-10 07:36:06.375  3064  3064 W t.compare:godot: Unexpected CPU variant for x86: x86_64.
09-10 07:36:06.375  3064  3064 W t.compare:godot: Known variants: atom, sandybridge, silvermont, goldmont, goldmont-plus, goldmont-without-sha-xsaves, tremont, kabylake, default
09-10 07:36:06.418  3064  3064 D nativeloader: Load libframework-connectivity-tiramisu-jni.so using APEX ns com_android_tethering for caller /apex/com.android.tethering/javalib/framework-connectivity-t.jar: ok
09-10 07:36:06.464  3064  3064 W ziparchive: Unable to open '/data/app/~~YUwLNZskz3I9U9NKo84ZdQ==/dev.partydeck.godot.compare-XttxpU8Y-0D5wqjPdR3ARQ==/base.dm': No such file or directory
09-10 07:36:06.464  3064  3064 W ziparchive: Unable to open '/data/app/~~YUwLNZskz3I9U9NKo84ZdQ==/dev.partydeck.godot.compare-XttxpU8Y-0D5wqjPdR3ARQ==/base.dm': No such file or directory
09-10 07:36:06.701  3064  3064 D nativeloader: Configuring clns-7 for other apk /data/app/~~YUwLNZskz3I9U9NKo84ZdQ==/dev.partydeck.godot.compare-XttxpU8Y-0D5wqjPdR3ARQ==/base.apk. target_sdk_version=36, uses_libraries=, library_path=/data/app/~~YUwLNZskz3I9U9NKo84ZdQ==/dev.partydeck.godot.compare-XttxpU8Y-0D5wqjPdR3ARQ==/lib/x86_64:/data/app/~~YUwLNZskz3I9U9NKo84ZdQ==/dev.partydeck.godot.compare-XttxpU8Y-0D5wqjPdR3ARQ==/base.apk!/lib/x86_64, permitted_path=/data:/mnt/expand:/data/user/0/dev.partydeck.godot.compare
09-10 07:36:06.715  3064  3064 V GraphicsEnvironment: Currently set values for:
09-10 07:36:06.715  3064  3064 V GraphicsEnvironment:   angle_gl_driver_selection_pkgs=[]
09-10 07:36:06.715  3064  3064 V GraphicsEnvironment:   angle_gl_driver_selection_values=[]
09-10 07:36:06.715  3064  3064 V GraphicsEnvironment: Global.Settings values are invalid: number of packages: 0, number of values: 0
09-10 07:36:06.715  3064  3064 V GraphicsEnvironment: Neither updatable production driver nor prerelease driver is supported.
09-10 07:36:07.237  3064  3064 V Godot   : Initializing Godot plugin registry
09-10 07:36:07.237  3064  3064 I GodotPluginRegistry: Registering runtime plugin AndroidRuntime
09-10 07:36:07.237  3064  3064 I GodotPluginRegistry: Registering runtime plugin PartyDeckBridge
09-10 07:36:07.237  3064  3064 V Godot   : InitEngine with params: [--main-pack, res://partydeck-last-light.pck, --rendering-method, gl_compatibility, --xr-mode, off]
09-10 07:36:07.290  3064  3064 D nativeloader: Load /data/app/~~YUwLNZskz3I9U9NKo84ZdQ==/dev.partydeck.godot.compare-XttxpU8Y-0D5wqjPdR3ARQ==/base.apk!/lib/x86_64/libgodot_android.so using ns clns-7 from class loader (caller=/data/app/~~YUwLNZskz3I9U9NKo84ZdQ==/dev.partydeck.godot.compare-XttxpU8Y-0D5wqjPdR3ARQ==/base.apk): ok
09-10 07:36:07.291  3064  3064 V Godot   : Godot native layer initialization completed: true
09-10 07:36:07.291  3064  3064 V Godot   : Setting up native layer with params: [--main-pack, res://partydeck-last-light.pck, --rendering-method, gl_compatibility, --xr-mode, off]
09-10 07:36:07.335  3064  3064 V Godot   : Godot native layer setup completed
09-10 07:36:07.335  3064  3064 V Godot   : OnInitRenderView: GodotFragment{5a15ea4} (0b6b3513-ef43-46bc-a5c6-d80ef2cd613c id=0x7f07002b tag=partydeck-godot)
09-10 07:36:07.348  3064  3064 D Godot   : Render view should be transparent: false
09-10 07:36:07.348  3064  3064 D Godot   : renderingDevice: opengl3 (ProjectSettings)
09-10 07:36:07.348  3064  3064 D Godot   : 			renderer: gl_compatibility (Default)
09-10 07:36:07.362  3064  3064 V Godot   : OnStart: GodotFragment{5a15ea4} (0b6b3513-ef43-46bc-a5c6-d80ef2cd613c id=0x7f07002b tag=partydeck-godot)
09-10 07:36:07.363  3064  3064 W WindowOnBackDispatcher: OnBackInvokedCallback is not enabled for the application.
09-10 07:36:07.363  3064  3064 W WindowOnBackDispatcher: Set 'android:enableOnBackInvokedCallback="true"' in the application manifest.
09-10 07:36:07.365  3064  3064 V Godot   : OnResume: GodotFragment{5a15ea4} (0b6b3513-ef43-46bc-a5c6-d80ef2cd613c id=0x7f07002b tag=partydeck-godot)
09-10 07:36:07.369  3064  3064 W HWUI    : Unknown dataspace 0
09-10 07:36:07.388  3064  3081 I EGL_emulation: Opening libGLESv1_CM_emulation.so
09-10 07:36:07.389  3064  3081 I EGL_emulation: Opening libGLESv2_emulation.so
09-10 07:36:07.433  3064  3081 W HWUI    : Failed to choose config with EGL_SWAP_BEHAVIOR_PRESERVED, retrying without...
09-10 07:36:07.433  3064  3081 W HWUI    : Failed to initialize 101010-2 format, error = EGL_SUCCESS
09-10 07:36:07.474  3064  3103 W RegularContextFactory: creating OpenGL ES 3.0 context :
09-10 07:36:07.485  3064  3103 I Gralloc4: mapper 4.x is not supported
09-10 07:36:07.546  3064  3103 I godot   : Godot Engine v4.7.2.stable.official.ed1daf0bf - https://godotengine.org
09-10 07:36:07.765  3064  3077 I HWUI    : Davey! duration=743ms; Flags=1, FrameTimelineVsyncId=8565, IntendedVsync=75562489294, Vsync=75979155944, InputEventId=0, HandleInputStart=75982913074, AnimationStart=75982917262, PerformTraversalsStart=75982966293, DrawStart=76154699904, FrameDeadline=75579155960, FrameInterval=75982366573, FrameStartTime=16666666, SyncQueued=76169671235, SyncStart=76191883171, IssueDrawCommandsStart=76197195581, SwapBuffers=76243439035, FrameCompleted=76327732083, DequeueBufferDuration=76105508, QueueBufferDuration=186088, GpuCompleted=76327209726, SwapBuffersCompleted=76327732083, DisplayPresentTime=72904454231359566, CommandSubmissionCompleted=76243439035, 
09-10 07:36:07.901  3064  3071 I t.compare:godot: Compiler allocated 4219KB to compile void android.widget.TextView.<init>(android.content.Context, android.util.AttributeSet, int, int)
09-10 07:36:08.395  3064  3106 E SurfaceSyncGroup: Failed to receive transaction ready in 1000ms. Marking SurfaceSyncGroup(wmsSync-VRI[GodotGameActivity]#1) as ready
09-10 07:36:08.395  3064  3106 E SurfaceSyncGroup: Failed to receive transaction ready in 1000ms. Marking SurfaceSyncGroup(VRI[GodotGameActivity]#2) as ready
09-10 07:36:08.402  3064  3106 E SurfaceSyncGroup: Failed to receive transaction ready in 1000ms. Marking SurfaceSyncGroup(SurfaceView[dev.partydeck.godot.compare/dev.partydeck.godot.compare.GodotGameActivity]#0) as ready
09-10 07:36:08.684  3064  3071 I t.compare:godot: Compiler allocated 5174KB to compile void android.view.ViewRootImpl.performTraversals()
09-10 07:36:09.029  3064  3103 I godot   : OpenGL API OpenGL ES 3.1 (OpenGL ES 3.1.0 (ANGLE 2.1.17841 git hash: 5fa2e61da947)) - Compatibility - Using Device: Google (Google Inc. (Google)) - Android Emulator OpenGL ES Translator (ANGLE (Google, Vulkan 1.3.0 (SwiftShader Device (Subzero) (0x0000C0DE)), SwiftShader driver-5.0.0))
09-10 07:36:09.030  3064  3103 D t.compare:godot: PlayerBase::PlayerBase()
09-10 07:36:09.030  3064  3103 D t.compare:godot: TrackPlayerBase::TrackPlayerBase()
09-10 07:36:09.030  3064  3103 I libOpenSLES: Emulating old channel mask behavior (ignoring positional mask 0x3, using default mask 0x3 based on channel count of 2)
09-10 07:36:09.036  3064  3103 I godot   : 
09-10 07:36:09.317  3064  3081 D EGL_emulation: app_time_stats: avg=375.26ms min=56.64ms max=695.73ms count=4
09-10 07:36:09.533  3064  3103 V Godot   : OnGodotSetupCompleted
09-10 07:36:09.539  3064  3103 V Godot   : OnGodotMainLoopStarted
09-10 07:36:10.656  3064  3081 D EGL_emulation: app_time_stats: avg=669.69ms min=642.40ms max=696.99ms count=2
09-10 07:36:11.560  3064  3103 E godot   : WARNING: Failed to load cached shader, recompiling.
09-10 07:36:11.561  3064  3103 E godot   :    at: _load_from_cache (drivers/gles3/shader_gles3.cpp:615)
09-10 07:36:12.471  3064  3103 D EGL_emulation: app_time_stats: avg=1107.17ms min=71.14ms max=2393.93ms count=3
09-10 07:36:12.644  3064  3081 D EGL_emulation: app_time_stats: avg=1988.07ms min=1988.07ms max=1988.07ms count=1
09-10 07:36:22.435  3064  3064 D AutofillManager: Fill dialog is enabled:false, hints=[]
09-10 07:36:22.462  3064  3081 D EGL_emulation: app_time_stats: avg=2454.00ms min=69.26ms max=9547.92ms count=4
09-10 07:36:26.819  3064  3103 D EGL_emulation: app_time_stats: avg=14347.82ms min=14347.82ms max=14347.82ms count=1
09-10 07:36:30.908  3064  3081 D EGL_emulation: app_time_stats: avg=1682.86ms min=30.64ms max=8167.54ms count=5
09-10 07:36:41.025  3064  3081 D EGL_emulation: app_time_stats: avg=2012.58ms min=17.35ms max=9837.93ms count=5
09-10 07:36:45.369  3064  3103 D EGL_emulation: app_time_stats: avg=6183.25ms min=126.26ms max=18277.85ms count=3
09-10 07:36:49.508  3064  3081 D EGL_emulation: app_time_stats: avg=1686.35ms min=9.28ms max=8228.58ms count=5
09-10 07:36:59.625  3064  3081 D EGL_emulation: app_time_stats: avg=2019.55ms min=15.13ms max=9867.38ms count=5
09-10 07:37:03.892  3064  3103 D EGL_emulation: app_time_stats: avg=6174.33ms min=105.56ms max=18219.28ms count=3
09-10 07:37:07.975  3064  3081 D EGL_emulation: app_time_stats: avg=1659.87ms min=17.55ms max=8076.31ms count=5
09-10 07:37:18.124  3064  3081 D EGL_emulation: app_time_stats: avg=2029.80ms min=74.82ms max=9813.72ms count=5
09-10 07:37:22.458  3064  3103 D EGL_emulation: app_time_stats: avg=6188.57ms min=157.96ms max=18205.87ms count=3
09-10 07:37:26.560  3064  3081 D EGL_emulation: app_time_stats: avg=1686.65ms min=22.53ms max=8132.99ms count=5
09-10 07:37:32.724  3064  3081 D EGL_emulation: app_time_stats: avg=1225.30ms min=18.51ms max=5883.61ms count=5
09-10 07:37:37.053  3064  3103 D EGL_emulation: app_time_stats: avg=4864.27ms min=101.24ms max=14277.48ms count=3
09-10 07:37:41.143  3064  3081 D EGL_emulation: app_time_stats: avg=1390.04ms min=23.94ms max=8044.72ms count=6
09-10 07:37:43.428  3064  3064 V Godot   : OnPause: GodotFragment{5a15ea4} (0b6b3513-ef43-46bc-a5c6-d80ef2cd613c id=0x7f07002b tag=partydeck-godot)
09-10 07:37:43.433  3064  3103 D t.compare:godot: PlayerBase::pause() from IPlayer
09-10 07:37:43.523  3064  3081 D EGL_emulation: app_time_stats: avg=469.67ms min=30.25ms max=2106.66ms count=5
09-10 07:37:44.418  3064  3064 D VRI[GodotGameActivity]: visibilityChanged oldVisibility=true newVisibility=false
09-10 07:37:44.422  3064  3064 E Surface : freeAllBuffers: 1 buffers were freed while being dequeued!
09-10 07:37:44.709  3064  3064 V Godot   : OnStop: GodotFragment{5a15ea4} (0b6b3513-ef43-46bc-a5c6-d80ef2cd613c id=0x7f07002b tag=partydeck-godot)
09-10 07:37:44.875  3064  3103 E Surface : getSlotFromBufferLocked: unknown buffer: 0x0
09-10 07:37:44.875  3064  3103 D EGL_emulation: app_time_stats: avg=2607.32ms min=154.92ms max=7459.79ms count=3
09-10 07:37:44.875  3064  3103 E BufferQueueProducer: [SurfaceView[dev.partydeck.godot.compare/dev.partydeck.godot.compare.GodotGameActivity]#1(BLAST Consumer)1](id:bf800000001,api:0,p:-1,c:3064) dequeueBuffer: BufferQueue has been abandoned
09-10 07:37:44.875  3064  3103 E EGL_emulation: tid 3103: swapBuffers(789): error 0x300d (EGL_BAD_SURFACE)
09-10 07:37:44.876  3064  3103 W GLThread: eglSwapBuffers failed: EGL_BAD_SURFACE
09-10 07:37:44.933  3064  3103 E Surface : freeAllBuffers: 1 buffers were freed while being dequeued!
09-10 07:37:58.744  3064  3064 V Godot   : OnStart: GodotFragment{5a15ea4} (0b6b3513-ef43-46bc-a5c6-d80ef2cd613c id=0x7f07002b tag=partydeck-godot)
09-10 07:37:58.745  3064  3064 W WindowOnBackDispatcher: OnBackInvokedCallback is not enabled for the application.
09-10 07:37:58.745  3064  3064 W WindowOnBackDispatcher: Set 'android:enableOnBackInvokedCallback="true"' in the application manifest.
09-10 07:37:58.748  3064  3064 V Godot   : OnResume: GodotFragment{5a15ea4} (0b6b3513-ef43-46bc-a5c6-d80ef2cd613c id=0x7f07002b tag=partydeck-godot)
09-10 07:38:00.306  3064  3081 D EGL_emulation: app_time_stats: avg=154.61ms min=48.47ms max=424.74ms count=9
09-10 07:38:03.694  3064  3081 D EGL_emulation: app_time_stats: avg=1694.20ms min=20.38ms max=3368.02ms count=2
09-10 07:38:13.758  3064  3081 D EGL_emulation: app_time_stats: avg=2003.62ms min=18.10ms max=9791.17ms count=5
09-10 07:38:22.195  3064  3081 D EGL_emulation: app_time_stats: avg=1665.70ms min=20.37ms max=8100.06ms count=5
09-10 07:38:28.393  3064  3081 D EGL_emulation: app_time_stats: avg=1228.25ms min=14.80ms max=5923.86ms count=5
09-10 07:38:32.687  3064  3103 D EGL_emulation: app_time_stats: avg=6589.87ms min=131.15ms max=18336.19ms count=5
09-10 07:38:36.841  3064  3081 D EGL_emulation: app_time_stats: avg=1683.68ms min=33.26ms max=8172.08ms count=5
09-10 07:38:43.058  3064  3081 D EGL_emulation: app_time_stats: avg=1241.23ms min=20.53ms max=5936.45ms count=5
09-10 07:38:47.324  3064  3103 D EGL_emulation: app_time_stats: avg=4878.91ms min=138.27ms max=14352.16ms count=3
09-10 07:38:52.310  3064  3081 D EGL_emulation: app_time_stats: avg=1843.95ms min=36.21ms max=8994.42ms count=5
09-10 07:38:56.631  3064  3081 D EGL_emulation: app_time_stats: avg=858.25ms min=15.34ms max=4071.74ms count=5
09-10 07:38:56.831  3064  3103 D EGL_emulation: app_time_stats: avg=1188.39ms min=90.53ms max=8558.92ms count=8
09-10 07:39:01.209  3064  3081 D EGL_emulation: app_time_stats: avg=753.52ms min=102.26ms max=3533.03ms count=6
09-10 07:39:07.425  3064  3081 D EGL_emulation: app_time_stats: avg=1236.10ms min=18.75ms max=5929.94ms count=5
09-10 07:39:21.558  3064  3081 D EGL_emulation: app_time_stats: avg=2817.69ms min=25.97ms max=13886.21ms count=5
09-10 07:39:25.938  3064  3103 D EGL_emulation: app_time_stats: avg=7276.71ms min=165.93ms max=28350.01ms count=4
09-10 07:39:30.408  3064  3081 D EGL_emulation: app_time_stats: avg=1763.50ms min=19.03ms max=8511.65ms count=5
09-10 07:39:34.706  3064  3081 D EGL_emulation: app_time_stats: avg=852.29ms min=13.30ms max=4027.44ms count=5
09-10 07:39:34.764  3064  3103 D EGL_emulation: app_time_stats: avg=2186.87ms min=69.85ms max=8347.90ms count=4
09-10 07:39:35.777  3064  3081 D EGL_emulation: app_time_stats: avg=214.12ms min=122.84ms max=291.99ms count=5
09-10 07:39:39.325  3064  3081 D EGL_emulation: app_time_stats: avg=3548.17ms min=3548.17ms max=3548.17ms count=1
09-10 07:39:45.592  3064  3081 D EGL_emulation: app_time_stats: avg=1247.85ms min=19.16ms max=5983.76ms count=5
09-10 07:39:55.761  3064  3081 D EGL_emulation: app_time_stats: avg=2028.02ms min=19.63ms max=9879.57ms count=5
09-10 07:40:00.172  3064  3103 D EGL_emulation: app_time_stats: avg=6352.03ms min=235.61ms max=24419.12ms count=4
09-10 07:40:04.724  3064  3081 D EGL_emulation: app_time_stats: avg=1781.09ms min=14.97ms max=8700.01ms count=5
09-10 07:40:08.986  3064  3103 D EGL_emulation: app_time_stats: avg=1762.71ms min=100.21ms max=8310.69ms count=5
09-10 07:40:09.097  3064  3081 D EGL_emulation: app_time_stats: avg=855.14ms min=14.29ms max=4102.89ms count=5
09-10 07:40:10.038  3064  3103 D EGL_emulation: app_time_stats: avg=350.58ms min=183.05ms max=464.50ms count=3
09-10 07:40:13.592  3064  3081 D EGL_emulation: app_time_stats: avg=746.69ms min=80.52ms max=3645.21ms count=6
09-10 07:40:13.767  3064  3072 I t.compare:godot: Background concurrent mark compact GC freed 2772KB AllocSpace bytes, 0(0B) LOS objects, 49% free, 2752KB/5505KB, paused 88us,5.468ms total 45.618ms
09-10 07:40:19.892  3064  3081 D EGL_emulation: app_time_stats: avg=1249.20ms min=17.91ms max=5993.26ms count=5
09-10 07:40:26.177  3064  3081 D EGL_emulation: app_time_stats: avg=1250.28ms min=14.93ms max=6020.60ms count=5
09-10 07:40:30.521  3064  3103 D EGL_emulation: app_time_stats: avg=20482.92ms min=20482.92ms max=20482.92ms count=1
09-10 07:40:34.925  3064  3081 D EGL_emulation: app_time_stats: avg=1746.21ms min=20.63ms max=8487.14ms count=5
09-10 07:40:39.209  3064  3103 D EGL_emulation: app_time_stats: avg=2171.99ms min=98.50ms max=8332.62ms count=4
09-10 07:40:39.321  3064  3081 D EGL_emulation: app_time_stats: avg=872.92ms min=16.30ms max=4143.85ms count=5
09-10 07:40:40.210  3064  3103 D EGL_emulation: app_time_stats: avg=333.87ms min=169.61ms max=416.46ms count=3
09-10 07:40:43.808  3064  3081 D EGL_emulation: app_time_stats: avg=747.61ms min=86.54ms max=3640.02ms count=6
09-10 07:40:50.009  3064  3081 D EGL_emulation: app_time_stats: avg=1233.33ms min=18.66ms max=5935.09ms count=5
09-10 07:40:56.309  3064  3081 D EGL_emulation: app_time_stats: avg=1250.23ms min=18.25ms max=6064.23ms count=5
09-10 07:41:00.627  3064  3103 D EGL_emulation: app_time_stats: avg=20385.29ms min=20385.29ms max=20385.29ms count=1
09-10 07:41:01.760  3064  3103 D EGL_emulation: app_time_stats: avg=125.93ms min=99.92ms max=153.51ms count=9
09-10 07:41:05.691  3064  3081 D EGL_emulation: app_time_stats: avg=1867.39ms min=20.54ms max=9112.98ms count=5
09-10 07:41:10.077  3064  3103 D EGL_emulation: app_time_stats: avg=8316.44ms min=8316.44ms max=8316.44ms count=1
09-10 07:41:14.642  3064  3081 D EGL_emulation: app_time_stats: avg=1772.73ms min=2.96ms max=8696.23ms count=5
09-10 07:41:18.974  3064  3081 D EGL_emulation: app_time_stats: avg=856.36ms min=11.95ms max=4090.53ms count=5
09-10 07:41:19.146  3064  3103 D EGL_emulation: app_time_stats: avg=1780.80ms min=64.49ms max=8543.31ms count=5
09-10 07:41:19.221  3064  3072 I t.compare:godot: Background concurrent mark compact GC freed 2672KB AllocSpace bytes, 0(0B) LOS objects, 49% free, 2768KB/5537KB, paused 110us,8.689ms total 61.746ms
09-10 07:41:23.160  3064  3081 D EGL_emulation: app_time_stats: avg=697.70ms min=19.72ms max=3350.70ms count=6
09-10 07:41:29.458  3064  3081 D EGL_emulation: app_time_stats: avg=1257.02ms min=22.24ms max=6047.27ms count=5
09-10 07:41:39.709  3064  3081 D EGL_emulation: app_time_stats: avg=2034.70ms min=16.06ms max=9998.13ms count=5
09-10 07:41:44.067  3064  3103 D EGL_emulation: app_time_stats: avg=12460.53ms min=204.90ms max=24716.17ms count=2
09-10 07:41:48.642  3064  3081 D EGL_emulation: app_time_stats: avg=1777.17ms min=10.41ms max=8667.28ms count=5
09-10 07:41:52.889  3064  3103 D EGL_emulation: app_time_stats: avg=1764.27ms min=75.49ms max=8296.41ms count=5
09-10 07:41:52.991  3064  3081 D EGL_emulation: app_time_stats: avg=862.91ms min=20.39ms max=4081.15ms count=5
09-10 07:41:57.059  3064  3081 D EGL_emulation: app_time_stats: avg=673.94ms min=21.31ms max=3348.34ms count=6
09-10 07:42:03.308  3064  3081 D EGL_emulation: app_time_stats: avg=1242.99ms min=31.48ms max=5993.75ms count=5
09-10 07:42:09.609  3064  3081 D EGL_emulation: app_time_stats: avg=1251.25ms min=17.35ms max=6023.53ms count=5
09-10 07:42:13.932  3064  3103 D EGL_emulation: app_time_stats: avg=10521.33ms min=357.97ms max=20684.69ms count=2
09-10 07:42:18.008  3064  3081 D EGL_emulation: app_time_stats: avg=1670.46ms min=16.51ms max=8147.00ms count=5
09-10 07:42:24.292  3064  3081 D EGL_emulation: app_time_stats: avg=1248.59ms min=16.20ms max=6033.34ms count=5
09-10 07:42:28.624  3064  3103 D EGL_emulation: app_time_stats: avg=4876.50ms min=78.81ms max=14357.36ms count=3
09-10 07:42:32.809  3064  3081 D EGL_emulation: app_time_stats: avg=1688.18ms min=16.17ms max=8279.54ms count=5
09-10 07:42:39.058  3064  3081 D EGL_emulation: app_time_stats: avg=1232.28ms min=1.18ms max=6016.63ms count=5
09-10 07:42:43.319  3064  3103 D EGL_emulation: app_time_stats: avg=4898.24ms min=171.83ms max=14282.53ms count=3
09-10 07:42:47.857  3064  3081 D EGL_emulation: app_time_stats: avg=1752.37ms min=14.20ms max=8537.90ms count=5
09-10 07:42:52.173  3064  3081 D EGL_emulation: app_time_stats: avg=856.62ms min=15.67ms max=4062.10ms count=5
09-10 07:42:52.350  3064  3103 D EGL_emulation: app_time_stats: avg=1806.27ms min=92.48ms max=8548.45ms count=5
09-10 07:42:56.775  3064  3081 D EGL_emulation: app_time_stats: avg=746.10ms min=71.98ms max=3525.20ms count=6
09-10 07:43:03.092  3064  3081 D EGL_emulation: app_time_stats: avg=1254.22ms min=20.13ms max=6073.06ms count=5
09-10 07:43:09.408  3064  3081 D EGL_emulation: app_time_stats: avg=1253.31ms min=18.27ms max=6054.28ms count=5
09-10 07:43:13.755  3064  3103 D EGL_emulation: app_time_stats: avg=5351.03ms min=197.57ms max=20582.95ms count=4
09-10 07:43:18.558  3064  3081 D EGL_emulation: app_time_stats: avg=1826.19ms min=16.43ms max=8898.18ms count=5
09-10 07:43:22.857  3064  3103 D EGL_emulation: app_time_stats: avg=1300.31ms min=103.46ms max=8398.24ms count=7
09-10 07:43:22.934  3064  3081 D EGL_emulation: app_time_stats: avg=874.45ms min=15.82ms max=4030.98ms count=5
09-10 07:43:23.910  3064  3103 D EGL_emulation: app_time_stats: avg=350.91ms min=302.17ms max=414.55ms count=3
09-10 07:43:23.982  3064  3081 D EGL_emulation: app_time_stats: avg=204.53ms min=76.04ms max=380.96ms count=5
09-10 07:43:27.527  3064  3081 D EGL_emulation: app_time_stats: avg=3545.48ms min=3545.48ms max=3545.48ms count=1
09-10 07:43:33.808  3064  3081 D EGL_emulation: app_time_stats: avg=1246.89ms min=17.08ms max=6023.84ms count=5
09-10 07:43:40.107  3064  3081 D EGL_emulation: app_time_stats: avg=1254.59ms min=22.94ms max=6044.88ms count=5
09-10 07:43:44.414  3064  3103 D EGL_emulation: app_time_stats: avg=10251.79ms min=169.80ms max=20333.77ms count=2
09-10 07:43:49.075  3064  3081 D EGL_emulation: app_time_stats: avg=1784.92ms min=24.06ms max=8718.42ms count=5
09-10 07:43:53.356  3064  3081 D EGL_emulation: app_time_stats: avg=846.28ms min=17.02ms max=3990.20ms count=5
09-10 07:43:53.444  3064  3103 D EGL_emulation: app_time_stats: avg=1504.99ms min=101.49ms max=8429.41ms count=6
09-10 07:43:54.447  3064  3081 D EGL_emulation: app_time_stats: avg=218.11ms min=156.22ms max=265.18ms count=5
09-10 07:43:57.992  3064  3081 D EGL_emulation: app_time_stats: avg=3545.32ms min=3545.32ms max=3545.32ms count=1
09-10 07:44:04.291  3064  3081 D EGL_emulation: app_time_stats: avg=1245.43ms min=15.02ms max=6047.28ms count=5
09-10 07:44:10.592  3064  3081 D EGL_emulation: app_time_stats: avg=1248.91ms min=18.79ms max=5998.65ms count=5
09-10 07:44:14.940  3064  3103 D EGL_emulation: app_time_stats: avg=5374.04ms min=210.95ms max=20565.48ms count=4
09-10 07:44:19.725  3064  3081 D EGL_emulation: app_time_stats: avg=1811.70ms min=17.95ms max=8877.90ms count=5
09-10 07:44:24.058  3064  3081 D EGL_emulation: app_time_stats: avg=853.94ms min=18.79ms max=4057.50ms count=5
09-10 07:44:24.227  3064  3103 D EGL_emulation: app_time_stats: avg=1326.71ms min=102.57ms max=8563.98ms count=7
09-10 07:44:28.675  3064  3081 D EGL_emulation: app_time_stats: avg=757.82ms min=15.89ms max=3571.78ms count=6
09-10 07:44:34.991  3064  3081 D EGL_emulation: app_time_stats: avg=1254.54ms min=15.16ms max=6027.58ms count=5
09-10 07:44:41.259  3064  3081 D EGL_emulation: app_time_stats: avg=1242.37ms min=17.12ms max=6005.87ms count=5
09-10 07:44:45.529  3064  3103 D EGL_emulation: app_time_stats: avg=5325.40ms min=266.69ms max=20369.26ms count=4
09-10 07:44:46.573  3064  3103 D EGL_emulation: app_time_stats: avg=93.13ms min=57.21ms max=155.31ms count=9
09-10 07:44:50.659  3064  3081 D EGL_emulation: app_time_stats: avg=1877.50ms min=21.68ms max=9091.26ms count=5
09-10 07:44:54.975  3064  3103 D EGL_emulation: app_time_stats: avg=8269.27ms min=8269.27ms max=8269.27ms count=1
09-10 07:44:59.425  3064  3081 D EGL_emulation: app_time_stats: avg=1744.94ms min=9.83ms max=8510.96ms count=5
09-10 07:45:03.740  3064  3081 D EGL_emulation: app_time_stats: avg=858.82ms min=15.89ms max=4058.42ms count=5
09-10 07:45:03.984  3064  3103 D EGL_emulation: app_time_stats: avg=2219.20ms min=16.43ms max=8645.84ms count=4
09-10 07:45:07.912  3064  3081 D EGL_emulation: app_time_stats: avg=695.44ms min=71.21ms max=3301.38ms count=6
09-10 07:45:14.258  3064  3081 D EGL_emulation: app_time_stats: avg=1258.18ms min=20.09ms max=6029.83ms count=5
09-10 07:45:20.576  3064  3081 D EGL_emulation: app_time_stats: avg=1257.13ms min=22.44ms max=6041.87ms count=5
09-10 07:45:24.903  3064  3103 D EGL_emulation: app_time_stats: avg=10459.68ms min=235.69ms max=20683.66ms count=2
09-10 07:45:29.708  3064  3081 D EGL_emulation: app_time_stats: avg=1817.58ms min=19.65ms max=8875.86ms count=5
09-10 07:45:34.041  3064  3081 D EGL_emulation: app_time_stats: avg=848.14ms min=17.96ms max=4086.15ms count=5
09-10 07:45:34.151  3064  3103 D EGL_emulation: app_time_stats: avg=1321.16ms min=83.45ms max=8535.63ms count=7
09-10 07:45:35.501  3064  3103 D EGL_emulation: app_time_stats: avg=674.55ms min=347.17ms max=1001.94ms count=2
09-10 07:45:35.585  3064  3081 D EGL_emulation: app_time_stats: avg=293.37ms min=110.39ms max=714.47ms count=5
09-10 07:45:38.675  3064  3081 D EGL_emulation: app_time_stats: avg=3090.41ms min=3090.41ms max=3090.41ms count=1
09-10 07:45:44.991  3064  3081 D EGL_emulation: app_time_stats: avg=1239.08ms min=2.95ms max=6053.97ms count=5
09-10 07:45:51.258  3064  3081 D EGL_emulation: app_time_stats: avg=1246.63ms min=20.12ms max=6019.27ms count=5
09-10 07:45:55.640  3064  3103 D EGL_emulation: app_time_stats: avg=10069.68ms min=181.63ms max=19957.74ms count=2
09-10 07:46:00.176  3064  3081 D EGL_emulation: app_time_stats: avg=1772.77ms min=18.00ms max=8672.11ms count=5
09-10 07:46:04.473  3064  3081 D EGL_emulation: app_time_stats: avg=842.56ms min=15.75ms max=4030.92ms count=5
09-10 07:46:04.495  3064  3103 D EGL_emulation: app_time_stats: avg=1771.01ms min=96.21ms max=8382.30ms count=5
09-10 07:46:05.908  3064  3103 D EGL_emulation: app_time_stats: avg=706.32ms min=369.98ms max=1042.67ms count=2
09-10 07:46:05.988  3064  3081 D EGL_emulation: app_time_stats: avg=302.97ms min=99.53ms max=698.90ms count=5
09-10 07:46:09.091  3064  3081 D EGL_emulation: app_time_stats: avg=3102.50ms min=3102.50ms max=3102.50ms count=1
09-10 07:46:15.374  3064  3081 D EGL_emulation: app_time_stats: avg=1246.66ms min=10.33ms max=6018.81ms count=5
09-10 07:46:21.608  3064  3081 D EGL_emulation: app_time_stats: avg=1241.14ms min=16.74ms max=5951.41ms count=5
09-10 07:46:25.969  3064  3103 D EGL_emulation: app_time_stats: avg=10030.31ms min=189.68ms max=19870.94ms count=2
09-10 07:46:30.494  3064  3081 D EGL_emulation: app_time_stats: avg=1461.93ms min=20.52ms max=8501.43ms count=6
09-10 07:46:34.775  3064  3081 D EGL_emulation: app_time_stats: avg=837.22ms min=15.30ms max=4004.09ms count=5
09-10 07:46:34.790  3064  3103 D EGL_emulation: app_time_stats: avg=1750.40ms min=76.26ms max=8340.17ms count=5
09-10 07:46:36.204  3064  3103 D EGL_emulation: app_time_stats: avg=706.80ms min=372.70ms max=1040.91ms count=2
09-10 07:46:36.287  3064  3081 D EGL_emulation: app_time_stats: avg=302.38ms min=106.31ms max=691.42ms count=5
09-10 07:46:39.392  3064  3081 D EGL_emulation: app_time_stats: avg=3105.36ms min=3105.36ms max=3105.36ms count=1
09-10 07:46:45.674  3064  3081 D EGL_emulation: app_time_stats: avg=1244.97ms min=22.95ms max=6022.90ms count=5
09-10 07:46:51.924  3064  3081 D EGL_emulation: app_time_stats: avg=1245.06ms min=11.31ms max=5983.94ms count=5
09-10 07:46:56.143  3064  3103 D EGL_emulation: app_time_stats: avg=9957.20ms min=128.66ms max=19785.73ms count=2
09-10 07:47:00.675  3064  3081 D EGL_emulation: app_time_stats: avg=1745.52ms min=23.09ms max=8485.86ms count=5
09-10 07:47:04.925  3064  3103 D EGL_emulation: app_time_stats: avg=1756.39ms min=90.79ms max=8309.93ms count=5
09-10 07:47:04.926  3064  3081 D EGL_emulation: app_time_stats: avg=845.06ms min=37.32ms max=4000.41ms count=5
09-10 07:47:06.322  3064  3103 D EGL_emulation: app_time_stats: avg=698.18ms min=365.42ms max=1030.93ms count=2
09-10 07:47:06.396  3064  3081 D EGL_emulation: app_time_stats: avg=290.12ms min=99.97ms max=656.44ms count=5
09-10 07:47:09.508  3064  3081 D EGL_emulation: app_time_stats: avg=3112.42ms min=3112.42ms max=3112.42ms count=1
09-10 07:47:15.774  3064  3081 D EGL_emulation: app_time_stats: avg=1248.45ms min=15.35ms max=6014.55ms count=5
09-10 07:47:22.026  3064  3081 D EGL_emulation: app_time_stats: avg=1244.67ms min=18.78ms max=5999.51ms count=5
09-10 07:47:26.362  3064  3103 D EGL_emulation: app_time_stats: avg=10019.80ms min=93.08ms max=19946.52ms count=2
09-10 07:47:31.174  3064  3081 D EGL_emulation: app_time_stats: avg=1829.62ms min=17.25ms max=8899.64ms count=5
09-10 07:47:35.357  3064  3081 D EGL_emulation: app_time_stats: avg=825.45ms min=21.88ms max=3910.46ms count=5
09-10 07:47:35.496  3064  3103 D EGL_emulation: app_time_stats: avg=1285.01ms min=45.29ms max=8401.81ms count=7
09-10 07:47:36.761  3064  3103 D EGL_emulation: app_time_stats: avg=632.35ms min=210.83ms max=1053.88ms count=2
09-10 07:47:36.839  3064  3081 D EGL_emulation: app_time_stats: avg=276.05ms min=44.94ms max=666.68ms count=5
09-10 07:47:39.957  3064  3081 D EGL_emulation: app_time_stats: avg=3117.27ms min=3117.27ms max=3117.27ms count=1
09-10 07:47:46.259  3064  3081 D EGL_emulation: app_time_stats: avg=1234.04ms min=10.33ms max=5990.77ms count=5
09-10 07:47:52.475  3064  3081 D EGL_emulation: app_time_stats: avg=1240.04ms min=12.74ms max=5937.26ms count=5
09-10 07:47:56.780  3064  3103 D EGL_emulation: app_time_stats: avg=10009.53ms min=185.44ms max=19833.63ms count=2
09-10 07:48:01.291  3064  3081 D EGL_emulation: app_time_stats: avg=1753.87ms min=15.89ms max=8554.42ms count=5
09-10 07:48:05.490  3064  3081 D EGL_emulation: app_time_stats: avg=831.01ms min=24.66ms max=3910.51ms count=5
09-10 07:48:05.596  3064  3103 D EGL_emulation: app_time_stats: avg=1763.27ms min=106.53ms max=8309.32ms count=5
09-10 07:48:06.889  3064  3103 D EGL_emulation: app_time_stats: avg=646.38ms min=314.21ms max=978.55ms count=2
09-10 07:48:07.043  3064  3081 D EGL_emulation: app_time_stats: avg=306.67ms min=88.61ms max=735.97ms count=5
09-10 07:48:10.092  3064  3081 D EGL_emulation: app_time_stats: avg=3048.84ms min=3048.84ms max=3048.84ms count=1
09-10 07:48:16.308  3064  3081 D EGL_emulation: app_time_stats: avg=1235.66ms min=18.22ms max=5946.58ms count=5
09-10 07:48:26.441  3064  3081 D EGL_emulation: app_time_stats: avg=2022.84ms min=15.42ms max=9865.23ms count=5
09-10 07:48:30.790  3064  3103 D EGL_emulation: app_time_stats: avg=11950.41ms min=248.07ms max=23652.74ms count=2
09-10 07:48:31.832  3064  3103 D EGL_emulation: app_time_stats: avg=77.64ms min=51.01ms max=132.31ms count=9
09-10 07:48:36.009  3064  3081 D EGL_emulation: app_time_stats: avg=1906.02ms min=12.76ms max=9286.70ms count=5
09-10 07:48:40.329  3064  3081 D EGL_emulation: app_time_stats: avg=863.39ms min=23.47ms max=4024.93ms count=5
09-10 07:48:40.429  3064  3103 D EGL_emulation: app_time_stats: avg=4298.26ms min=173.31ms max=8423.22ms count=2
09-10 07:48:40.605  3064  3103 D GLThread: Exiting render thread
09-10 07:48:40.605  3064  3103 D GodotRenderer: Destroying Godot Engine
09-10 07:48:40.614  3064  3103 D t.compare:godot: PlayerBase::stop() from IPlayer
09-10 07:48:40.614  3064  3103 D AudioTrack: stop(16): called with 32477004 frames delivered
09-10 07:48:40.618  3064  3103 E eglCodecCommon: removeVertexArrayObject: ERROR: 7 not found in VAO state!
09-10 07:48:40.643  3064  3103 V Godot   : OnGodotTerminating
09-10 07:48:40.659  3064  3064 V Godot   : OnDestroy: GodotFragment{5a15ea4} (0b6b3513-ef43-46bc-a5c6-d80ef2cd613c id=0x7f07002b tag=partydeck-godot)
09-10 07:48:40.673  3064  3064 V Godot   : OnPause: GodotFragment{5a15ea4} (0b6b3513-ef43-46bc-a5c6-d80ef2cd613c id=0x7f07002b tag=partydeck-godot)
09-10 07:48:40.841  3064  3064 I PartyDeckGodotHost: Engine process exit requested
09-10 07:48:40.841  3064  3064 I Process : Sending signal. PID: 3064 SIG: 9
