    PID    PPID COMMAND           RSS %CPU
   2030    2028 provjobd7554492 147608 2.0
   2086    2067 Runner.Worker   137236 6.2
   2067    2015 Runner.Listener 96400  2.0
   1260       1 dockerd         72188  0.2
    962       1 php-fpm8.3      51876  0.1
   1077       1 containerd      46044  0.1
    221       1 multipathd      43712  0.0
   1430    1000 python3         37204  0.8
   1000       1 python3         30804  0.3
   1179     962 php-fpm8.3      21440  0.0
   1183     962 php-fpm8.3      21440  0.0
    960       1 networkd-dispat 21056  0.1
    158       1 systemd-journal 17632  0.7
   2015       1 hosted-compute- 16600  0.0
      1       0 systemd         14352  3.4
    999       1 udisksd         13700  0.0
    548       1 systemd-resolve 13176  0.1
   1176       1 ModemManager    13016  0.1
   1157       1 systemd         11632  0.2
    992       1 systemd-logind   9836  0.1
    718       1 systemd-network  9772  0.0
    967       1 polkitd          8228  0.0
    226       1 systemd-udevd    7976  0.2
   2028    2015 sudo             7096  0.0
   1096       1 rsyslogd         6372  0.0
    955       1 dbus-daemon      5604  0.1
    580       1 haveged          5032  0.2
   2718    2704 ps               4236  0.0
   1100       1 chronyd          3704  0.0
   2704    2703 bash             3604  0.0
   1201    1157 (sd-pam)         3596  0.0
   2702    2086 bash             3576  0.0
    387       1 hv_kvp_daemon    2908  0.1
   1029       1 cron             2760  0.0
   1054       1 agetty           2120  0.0
   2703    2702 timeout          2048  0.0
   1086       1 agetty           2012  0.0
   1102    1100 chronyd          1284  0.0
      2       0 kthreadd            0  0.0
      3       2 pool_workqueue_     0  0.0
      4       2 kworker/R-rcu_g     0  0.0
      5       2 kworker/R-sync_     0  0.0
      6       2 kworker/R-kvfre     0  0.0
      7       2 kworker/R-slub_     0  0.0
      8       2 kworker/R-netns     0  0.0
      9       2 kworker/0:0-eve     0  0.0
     10       2 kworker/0:0H-ev     0  0.0
     11       2 kworker/0:1-eve     0  0.2
     12       2 kworker/u16:0-i     0  1.0
     13       2 kworker/R-mm_pe     0  0.0
     14       2 ksoftirqd/0         0  0.0
     15       2 rcu_sched           0  0.0
     16       2 rcu_exp_par_gp_     0  0.0
     17       2 rcu_exp_gp_kthr     0  0.0
     18       2 migration/0         0  0.0
     19       2 idle_inject/0       0  0.0
     20       2 cpuhp/0             0  0.0
     21       2 cpuhp/2             0  0.0
     22       2 idle_inject/2       0  0.0
     23       2 migration/2         0  0.5
     24       2 ksoftirqd/2         0  0.0
     25       2 kworker/2:0-eve     0  0.1
     26       2 kworker/2:0H-ev     0  0.0
     27       2 cpuhp/1             0  0.0
     28       2 idle_inject/1       0  0.0
     29       2 migration/1         0  0.5
     30       2 ksoftirqd/1         0  0.0
     31       2 kworker/1:0-eve     0  0.0
     32       2 kworker/1:0H-ev     0  0.0
     33       2 cpuhp/3             0  0.0
     34       2 idle_inject/3       0  0.0
     35       2 migration/3         0  0.5
     36       2 ksoftirqd/3         0  0.0
     37       2 kworker/3:0-eve     0  0.0
     38       2 kworker/3:0H-ev     0  0.0
     39       2 kdevtmpfs           0  0.0
     40       2 kworker/R-inet_     0  0.0
     41       2 rcu_tasks_rude_     0  0.0
     42       2 rcu_tasks_trace     0  0.0
     43       2 kauditd             0  0.0
     44       2 khungtaskd          0  0.0
     45       2 kworker/u16:1-w     0  0.6
     46       2 oom_reaper          0  0.0
     47       2 kworker/u16:2-f     0  0.0
     48       2 kworker/R-write     0  0.0
     49       2 kcompactd0          0  0.0
     50       2 ksmd                0  0.0
     51       2 khugepaged          0  0.0
     52       2 kworker/R-kbloc     0  0.0
     53       2 kworker/R-blkcg     0  0.0
     54       2 kworker/R-kinte     0  0.0
     55       2 irq/9-acpi          0  0.0
     56       2 kworker/3:1-cgr     0  0.2
     57       2 kworker/1:1-eve     0  0.0
     58       2 kworker/2:1-eve     0  0.0
     59       2 kworker/R-tpm_d     0  0.0
     60       2 kworker/R-ata_s     0  0.0
     61       2 kworker/R-md        0  0.0
     62       2 kworker/R-md_bi     0  0.0
     63       2 kworker/R-edac-     0  0.0
     64       2 kworker/R-hv_vm     0  0.0
     65       2 kworker/R-hv_vm     0  0.0
     66       2 kworker/R-hv_pr     0  0.0
     67       2 kworker/R-hv_su     0  0.0
     68       2 kworker/R-devfr     0  0.0
     69       2 watchdogd           0  0.0
     70       2 kworker/R-quota     0  0.0
     71       2 kworker/0:1H-kb     0  0.0
     72       2 kswapd0             0  0.0
     73       2 ecryptfs-kthrea     0  0.0
     74       2 kworker/R-kthro     0  0.0
     75       2 kworker/R-nfit      0  0.0
     76       2 scsi_eh_0           0  0.0
     77       2 scsi_eh_1           0  0.0
     78       2 kworker/R-scsi_     0  0.0
     79       2 kworker/R-scsi_     0  0.0
     80       2 kworker/R-nvme-     0  0.0
     81       2 kworker/R-nvme-     0  0.0
     82       2 kworker/R-nvme-     0  0.0
     83       2 kworker/R-nvme-     0  0.0
     84       2 kworker/u16:3-e     0  0.1
     85       2 kworker/u16:4-f     0  0.0
     86       2 kworker/u16:5       0  0.0
     87       2 kworker/R-mld       0  0.0
     88       2 kworker/R-ipv6_     0  0.0
     89       2 kworker/3:1H-kb     0  0.0
     90       2 kworker/R-kstrp     0  0.0
     91       2 hv_balloon          0  0.0
     93       2 kworker/u17:0       0  0.0
    104       2 kworker/2:1H-kb     0  0.0
    105       2 jbd2/sda1-8         0  0.0
    106       2 kworker/R-ext4-     0  0.0
    107       2 kworker/0:2-eve     0  0.1
    108       2 kworker/1:1H-kb     0  0.0
    172       2 kworker/3:2-eve     0  0.1
    175       2 kworker/1:2-eve     0  0.1
    181       2 kworker/R-kmpat     0  0.0
    182       2 kworker/R-kmpat     0  0.0
    211       2 kworker/0:3-eve     0  0.0
    217       2 kworker/2:2-cgr     0  0.0
    239       2 psimon              0  0.0
    415       2 jbd2/sda16-8        0  0.0
    416       2 kworker/R-ext4-     0  0.0
    784       2 kworker/u16:6-f     0  0.1
   1055       2 kworker/2:3-eve     0  0.0
   1417       2 kworker/R-tls-s     0  0.0
   2013       2 psimon              0  0.0
   2241       2 kworker/R-mlx5_     0  0.0
   2244       2 kworker/R-mlx5_     0  0.0
   2245       2 kworker/R-mlx5_     0  0.0
   2246       2 kworker/R-mlx5_     0  0.0
   2247       2 ptp1                0  0.0
   2248       2 kworker/R-mlx5_     0  0.0
   2249       2 kworker/R-mlx5_     0  0.0
   2250       2 kworker/R-mlx5e     0  0.0
   2251       2 kworker/R-mlx5e     0  0.0
   2263       2 kworker/R-ib-co     0  0.0
   2264       2 kworker/R-ib-co     0  0.0
   2265       2 kworker/R-ib_mc     0  0.0
   2266       2 kworker/R-ib_nl     0  0.0
   2267       2 kworker/R-mkey_     0  0.0
