{
  "receipt": {
    "path": "/root/projects/PartyDeck/artifacts/evidence-storage/34532837557/focused-production-outcome-v1.json",
    "bytes": 154312,
    "sha256": "a96804be69f818a68efde91ce58d6915a869b892cfeeea3999a32450c85fe89d"
  },
  "workflowConclusion": "failure",
  "nativeJobConclusion": "failure",
  "finished": [
    {
      "case": "PartyDeckUITests.PartyDeckGodotSessionUITests/testProduction2DPracticeSession",
      "status": "failed",
      "seconds": "246.082"
    },
    {
      "case": "PartyDeckUITests.PartyDeckGodotSessionUITests/testProduction3DPracticeSession",
      "status": "passed",
      "seconds": "498.428"
    }
  ],
  "failureAttachments": 0,
  "captureCount": 33
}
