--------- beginning of main
09-10 05:24:35.191 10611 10611 I t.compare:godot: Late-enabling -Xcheck:jni
09-10 05:24:35.218 10611 10611 I t.compare:godot: Using CollectorTypeCMC GC.
09-10 05:24:35.219 10611 10611 W t.compare:godot: Unexpected CPU variant for x86: x86_64.
09-10 05:24:35.219 10611 10611 W t.compare:godot: Known variants: atom, sandybridge, silvermont, goldmont, goldmont-plus, goldmont-without-sha-xsaves, tremont, kabylake, default
09-10 05:24:35.248 10611 10611 D nativeloader: Load libframework-connectivity-tiramisu-jni.so using APEX ns com_android_tethering for caller /apex/com.android.tethering/javalib/framework-connectivity-t.jar: ok
09-10 05:24:35.335 10611 10611 W ziparchive: Unable to open '/data/app/~~gVaBH3u0EhBXD7-gqc-3Yw==/dev.partydeck.godot.compare-xTXudCZ5nX7lxOZ0q_cWYQ==/base.dm': No such file or directory
09-10 05:24:35.335 10611 10611 W ziparchive: Unable to open '/data/app/~~gVaBH3u0EhBXD7-gqc-3Yw==/dev.partydeck.godot.compare-xTXudCZ5nX7lxOZ0q_cWYQ==/base.dm': No such file or directory
09-10 05:24:35.476 10611 10611 D nativeloader: Configuring clns-7 for other apk /data/app/~~gVaBH3u0EhBXD7-gqc-3Yw==/dev.partydeck.godot.compare-xTXudCZ5nX7lxOZ0q_cWYQ==/base.apk. target_sdk_version=36, uses_libraries=, library_path=/data/app/~~gVaBH3u0EhBXD7-gqc-3Yw==/dev.partydeck.godot.compare-xTXudCZ5nX7lxOZ0q_cWYQ==/lib/x86_64:/data/app/~~gVaBH3u0EhBXD7-gqc-3Yw==/dev.partydeck.godot.compare-xTXudCZ5nX7lxOZ0q_cWYQ==/base.apk!/lib/x86_64, permitted_path=/data:/mnt/expand:/data/user/0/dev.partydeck.godot.compare
09-10 05:24:35.483 10611 10611 V GraphicsEnvironment: Currently set values for:
09-10 05:24:35.483 10611 10611 V GraphicsEnvironment:   angle_gl_driver_selection_pkgs=[]
09-10 05:24:35.484 10611 10611 V GraphicsEnvironment:   angle_gl_driver_selection_values=[]
09-10 05:24:35.484 10611 10611 V GraphicsEnvironment: Global.Settings values are invalid: number of packages: 0, number of values: 0
09-10 05:24:35.484 10611 10611 V GraphicsEnvironment: Neither updatable production driver nor prerelease driver is supported.
09-10 05:24:35.991 10611 10611 V Godot   : Initializing Godot plugin registry
09-10 05:24:35.992 10611 10611 I GodotPluginRegistry: Registering runtime plugin AndroidRuntime
09-10 05:24:35.992 10611 10611 I GodotPluginRegistry: Registering runtime plugin PartyDeckBridge
09-10 05:24:35.993 10611 10611 V Godot   : InitEngine with params: [--main-pack, res://partydeck-last-light.pck, --rendering-method, gl_compatibility, --xr-mode, off]
09-10 05:24:36.031 10611 10611 D nativeloader: Load /data/app/~~gVaBH3u0EhBXD7-gqc-3Yw==/dev.partydeck.godot.compare-xTXudCZ5nX7lxOZ0q_cWYQ==/base.apk!/lib/x86_64/libgodot_android.so using ns clns-7 from class loader (caller=/data/app/~~gVaBH3u0EhBXD7-gqc-3Yw==/dev.partydeck.godot.compare-xTXudCZ5nX7lxOZ0q_cWYQ==/base.apk): ok
09-10 05:24:36.035 10611 10611 V Godot   : Godot native layer initialization completed: true
09-10 05:24:36.036 10611 10611 V Godot   : Setting up native layer with params: [--main-pack, res://partydeck-last-light.pck, --rendering-method, gl_compatibility, --xr-mode, off]
09-10 05:24:36.069 10611 10611 V Godot   : Godot native layer setup completed
09-10 05:24:36.070 10611 10611 V Godot   : OnInitRenderView: GodotFragment{db9c73a} (abef643d-d62d-4f3e-a17a-0d2f1159fc6b id=0x7f07002b tag=partydeck-godot)
09-10 05:24:36.082 10611 10611 D Godot   : Render view should be transparent: false
09-10 05:24:36.082 10611 10611 D Godot   : renderingDevice: opengl3 (ProjectSettings)
09-10 05:24:36.082 10611 10611 D Godot   : 			renderer: gl_compatibility (Default)
09-10 05:24:36.095 10611 10611 V Godot   : OnStart: GodotFragment{db9c73a} (abef643d-d62d-4f3e-a17a-0d2f1159fc6b id=0x7f07002b tag=partydeck-godot)
09-10 05:24:36.097 10611 10611 W WindowOnBackDispatcher: OnBackInvokedCallback is not enabled for the application.
09-10 05:24:36.097 10611 10611 W WindowOnBackDispatcher: Set 'android:enableOnBackInvokedCallback="true"' in the application manifest.
09-10 05:24:36.099 10611 10611 V Godot   : OnResume: GodotFragment{db9c73a} (abef643d-d62d-4f3e-a17a-0d2f1159fc6b id=0x7f07002b tag=partydeck-godot)
09-10 05:24:36.103 10611 10611 W HWUI    : Unknown dataspace 0
09-10 05:24:36.134 10611 10627 I EGL_emulation: Opening libGLESv1_CM_emulation.so
09-10 05:24:36.141 10611 10627 I EGL_emulation: Opening libGLESv2_emulation.so
09-10 05:24:36.164 10611 10627 W HWUI    : Failed to choose config with EGL_SWAP_BEHAVIOR_PRESERVED, retrying without...
09-10 05:24:36.164 10611 10627 W HWUI    : Failed to initialize 101010-2 format, error = EGL_SUCCESS
09-10 05:24:36.207 10611 10647 W RegularContextFactory: creating OpenGL ES 3.0 context :
09-10 05:24:36.222 10611 10647 I Gralloc4: mapper 4.x is not supported
09-10 05:24:36.266 10611 10647 I godot   : Godot Engine v4.7.2.stable.official.ed1daf0bf - https://godotengine.org
09-10 05:24:36.498 10611 10616 I t.compare:godot: Compiler allocated 4219KB to compile void android.widget.TextView.<init>(android.content.Context, android.util.AttributeSet, int, int)
09-10 05:24:36.533 10611 10647 E godot   : WARNING: Failed to load cached shader, recompiling.
09-10 05:24:36.533 10611 10647 E godot   :    at: _load_from_cache (drivers/gles3/shader_gles3.cpp:615)
09-10 05:24:37.002 10611 10616 I t.compare:godot: Compiler allocated 5174KB to compile void android.view.ViewRootImpl.performTraversals()
09-10 05:24:37.142 10611 10651 E SurfaceSyncGroup: Failed to receive transaction ready in 1000ms. Marking SurfaceSyncGroup(wmsSync-VRI[GodotGameActivity]#1) as ready
09-10 05:24:37.142 10611 10651 E SurfaceSyncGroup: Failed to receive transaction ready in 1000ms. Marking SurfaceSyncGroup(VRI[GodotGameActivity]#2) as ready
09-10 05:24:37.143 10611 10651 E SurfaceSyncGroup: Failed to receive transaction ready in 1000ms. Marking SurfaceSyncGroup(SurfaceView[dev.partydeck.godot.compare/dev.partydeck.godot.compare.GodotGameActivity]#0) as ready
09-10 05:24:37.575 10611 10647 I godot   : OpenGL API OpenGL ES 3.1 (OpenGL ES 3.1.0 (ANGLE 2.1.17841 git hash: 5fa2e61da947)) - Compatibility - Using Device: Google (Google Inc. (Google)) - Android Emulator OpenGL ES Translator (ANGLE (Google, Vulkan 1.3.0 (SwiftShader Device (Subzero) (0x0000C0DE)), SwiftShader driver-5.0.0))
09-10 05:24:37.577 10611 10647 D t.compare:godot: PlayerBase::PlayerBase()
09-10 05:24:37.577 10611 10647 D t.compare:godot: TrackPlayerBase::TrackPlayerBase()
09-10 05:24:37.577 10611 10647 I libOpenSLES: Emulating old channel mask behavior (ignoring positional mask 0x3, using default mask 0x3 based on channel count of 2)
09-10 05:24:37.581 10611 10647 I godot   : 
09-10 05:24:37.658 10611 10627 D EGL_emulation: app_time_stats: avg=298.74ms min=20.75ms max=833.28ms count=4
09-10 05:24:37.958 10611 10647 V Godot   : OnGodotSetupCompleted
09-10 05:24:38.017 10611 10647 V Godot   : OnGodotMainLoopStarted
09-10 05:24:38.697 10611 10627 D EGL_emulation: app_time_stats: avg=207.82ms min=95.64ms max=383.28ms count=5
09-10 05:24:48.347 10611 10611 D AutofillManager: Fill dialog is enabled:false, hints=[]
09-10 05:24:48.374 10611 10627 D EGL_emulation: app_time_stats: avg=2415.54ms min=52.68ms max=9471.28ms count=4
09-10 05:24:52.651 10611 10647 D EGL_emulation: app_time_stats: avg=3731.30ms min=18.65ms max=13999.92ms count=4
09-10 05:24:52.668 10611 10647 D GLThread: Exiting render thread
09-10 05:24:52.668 10611 10647 D GodotRenderer: Destroying Godot Engine
09-10 05:24:52.693 10611 10647 D t.compare:godot: PlayerBase::stop() from IPlayer
09-10 05:24:52.694 10611 10647 D AudioTrack: stop(17): called with 669745 frames delivered
09-10 05:24:52.703 10611 10647 E eglCodecCommon: removeVertexArrayObject: ERROR: 7 not found in VAO state!
09-10 05:24:52.773 10611 10627 D EGL_emulation: app_time_stats: avg=879.68ms min=20.57ms max=4109.31ms count=5
09-10 05:24:52.785 10611 10647 V Godot   : OnGodotTerminating
09-10 05:24:52.801 10611 10611 V Godot   : OnDestroy: GodotFragment{db9c73a} (abef643d-d62d-4f3e-a17a-0d2f1159fc6b id=0x7f07002b tag=partydeck-godot)
09-10 05:24:52.863 10611 10611 V Godot   : OnPause: GodotFragment{db9c73a} (abef643d-d62d-4f3e-a17a-0d2f1159fc6b id=0x7f07002b tag=partydeck-godot)
09-10 05:24:52.992 10611 10611 I PartyDeckGodotHost: Engine process exit requested
09-10 05:24:52.992 10611 10611 I Process : Sending signal. PID: 10611 SIG: 9
