--------- beginning of main
09-10 02:53:27.244  3030  3030 I t.compare:godot: Late-enabling -Xcheck:jni
09-10 02:53:27.403  3030  3030 I t.compare:godot: Using CollectorTypeCMC GC.
09-10 02:53:27.406  3030  3030 W t.compare:godot: Unexpected CPU variant for x86: x86_64.
09-10 02:53:27.406  3030  3030 W t.compare:godot: Known variants: atom, sandybridge, silvermont, goldmont, goldmont-plus, goldmont-without-sha-xsaves, tremont, kabylake, default
09-10 02:53:27.487  3030  3030 D nativeloader: Load libframework-connectivity-tiramisu-jni.so using APEX ns com_android_tethering for caller /apex/com.android.tethering/javalib/framework-connectivity-t.jar: ok
09-10 02:53:27.547  3030  3030 W ziparchive: Unable to open '/data/app/~~8EHZk08UIiGj17G59ZWhVw==/dev.partydeck.godot.compare-50uEp-EH63OAHIsNHplASw==/base.dm': No such file or directory
09-10 02:53:27.547  3030  3030 W ziparchive: Unable to open '/data/app/~~8EHZk08UIiGj17G59ZWhVw==/dev.partydeck.godot.compare-50uEp-EH63OAHIsNHplASw==/base.dm': No such file or directory
09-10 02:53:27.729  3030  3030 D nativeloader: Configuring clns-7 for other apk /data/app/~~8EHZk08UIiGj17G59ZWhVw==/dev.partydeck.godot.compare-50uEp-EH63OAHIsNHplASw==/base.apk. target_sdk_version=36, uses_libraries=, library_path=/data/app/~~8EHZk08UIiGj17G59ZWhVw==/dev.partydeck.godot.compare-50uEp-EH63OAHIsNHplASw==/lib/x86_64:/data/app/~~8EHZk08UIiGj17G59ZWhVw==/dev.partydeck.godot.compare-50uEp-EH63OAHIsNHplASw==/base.apk!/lib/x86_64, permitted_path=/data:/mnt/expand:/data/user/0/dev.partydeck.godot.compare
09-10 02:53:27.759  3030  3030 V GraphicsEnvironment: Currently set values for:
09-10 02:53:27.759  3030  3030 V GraphicsEnvironment:   angle_gl_driver_selection_pkgs=[]
09-10 02:53:27.759  3030  3030 V GraphicsEnvironment:   angle_gl_driver_selection_values=[]
09-10 02:53:27.759  3030  3030 V GraphicsEnvironment: Global.Settings values are invalid: number of packages: 0, number of values: 0
09-10 02:53:27.759  3030  3030 V GraphicsEnvironment: Neither updatable production driver nor prerelease driver is supported.
09-10 02:53:28.360  3030  3030 V Godot   : Initializing Godot plugin registry
09-10 02:53:28.363  3030  3030 I GodotPluginRegistry: Registering runtime plugin AndroidRuntime
09-10 02:53:28.363  3030  3030 I GodotPluginRegistry: Registering runtime plugin PartyDeckBridge
09-10 02:53:28.363  3030  3030 V Godot   : InitEngine with params: [--main-pack, res://partydeck-last-light.pck, --rendering-method, gl_compatibility, --xr-mode, off]
09-10 02:53:28.437  3030  3030 D nativeloader: Load /data/app/~~8EHZk08UIiGj17G59ZWhVw==/dev.partydeck.godot.compare-50uEp-EH63OAHIsNHplASw==/base.apk!/lib/x86_64/libgodot_android.so using ns clns-7 from class loader (caller=/data/app/~~8EHZk08UIiGj17G59ZWhVw==/dev.partydeck.godot.compare-50uEp-EH63OAHIsNHplASw==/base.apk): ok
09-10 02:53:28.438  3030  3030 V Godot   : Godot native layer initialization completed: true
09-10 02:53:28.438  3030  3030 V Godot   : Setting up native layer with params: [--main-pack, res://partydeck-last-light.pck, --rendering-method, gl_compatibility, --xr-mode, off]
09-10 02:53:28.509  3030  3030 V Godot   : Godot native layer setup completed
09-10 02:53:28.510  3030  3030 V Godot   : OnInitRenderView: GodotFragment{8d2bcd} (4c579de7-6a98-46d1-aa9c-5d5756477895 id=0x7f07002b tag=partydeck-godot)
09-10 02:53:28.555  3030  3030 D Godot   : Render view should be transparent: false
09-10 02:53:28.556  3030  3030 D Godot   : renderingDevice: opengl3 (ProjectSettings)
09-10 02:53:28.556  3030  3030 D Godot   : 			renderer: gl_compatibility (Default)
09-10 02:53:28.594  3030  3030 V Godot   : OnStart: GodotFragment{8d2bcd} (4c579de7-6a98-46d1-aa9c-5d5756477895 id=0x7f07002b tag=partydeck-godot)
09-10 02:53:28.597  3030  3030 W WindowOnBackDispatcher: OnBackInvokedCallback is not enabled for the application.
09-10 02:53:28.597  3030  3030 W WindowOnBackDispatcher: Set 'android:enableOnBackInvokedCallback="true"' in the application manifest.
09-10 02:53:28.604  3030  3030 V Godot   : OnResume: GodotFragment{8d2bcd} (4c579de7-6a98-46d1-aa9c-5d5756477895 id=0x7f07002b tag=partydeck-godot)
09-10 02:53:28.616  3030  3030 W HWUI    : Unknown dataspace 0
09-10 02:53:28.642  3030  3030 I Choreographer: Skipped 36 frames!  The application may be doing too much work on its main thread.
09-10 02:53:28.761  3030  3056 I EGL_emulation: Opening libGLESv1_CM_emulation.so
09-10 02:53:28.767  3030  3056 I EGL_emulation: Opening libGLESv2_emulation.so
09-10 02:53:28.781  3030  3056 W HWUI    : Failed to choose config with EGL_SWAP_BEHAVIOR_PRESERVED, retrying without...
09-10 02:53:28.781  3030  3056 W HWUI    : Failed to initialize 101010-2 format, error = EGL_SUCCESS
09-10 02:53:28.988  3030  3063 W RegularContextFactory: creating OpenGL ES 3.0 context :
09-10 02:53:29.242  3030  3063 I Gralloc4: mapper 4.x is not supported
09-10 02:53:29.269  3030  3063 I godot   : Godot Engine v4.7.2.stable.official.ed1daf0bf - https://godotengine.org
09-10 02:53:29.406  3030  3030 I Choreographer: Skipped 45 frames!  The application may be doing too much work on its main thread.
09-10 02:53:29.510  3030  3066 I HWUI    : Davey! duration=1345ms; Flags=1, FrameTimelineVsyncId=7654, IntendedVsync=97411937550, Vsync=98011937526, InputEventId=0, HandleInputStart=98016612963, AnimationStart=98016619034, PerformTraversalsStart=98016718730, DrawStart=98636514498, FrameDeadline=97428604216, FrameInterval=98015296496, FrameStartTime=16666666, SyncQueued=98651761738, SyncStart=98654216229, IssueDrawCommandsStart=98656214188, SwapBuffers=98701039747, FrameCompleted=98760175145, DequeueBufferDuration=56547368, QueueBufferDuration=651537, GpuCompleted=98758015093, SwapBuffersCompleted=98760175145, DisplayPresentTime=0, CommandSubmissionCompleted=98701039747, 
09-10 02:53:29.726  3030  3066 I HWUI    : Davey! duration=972ms; Flags=0, FrameTimelineVsyncId=7720, IntendedVsync=98028604192, Vsync=98778604162, InputEventId=0, HandleInputStart=98780548933, AnimationStart=98780553351, PerformTraversalsStart=98781056530, DrawStart=98793068311, FrameDeadline=98778604162, FrameInterval=98779899992, FrameStartTime=16666666, SyncQueued=98799840191, SyncStart=98799856792, IssueDrawCommandsStart=98800160308, SwapBuffers=98967234557, FrameCompleted=99001492370, DequeueBufferDuration=32068717, QueueBufferDuration=382314, GpuCompleted=99000004413, SwapBuffersCompleted=99001492370, DisplayPresentTime=0, CommandSubmissionCompleted=98967234557, 
09-10 02:53:29.780  3030  3067 E SurfaceSyncGroup: Failed to receive transaction ready in 1000ms. Marking SurfaceSyncGroup(wmsSync-VRI[GodotGameActivity]#1) as ready
09-10 02:53:29.799  3030  3067 E SurfaceSyncGroup: Failed to receive transaction ready in 1000ms. Marking SurfaceSyncGroup(VRI[GodotGameActivity]#2) as ready
09-10 02:53:29.803  3030  3067 E SurfaceSyncGroup: Failed to receive transaction ready in 1000ms. Marking SurfaceSyncGroup(SurfaceView[dev.partydeck.godot.compare/dev.partydeck.godot.compare.GodotGameActivity]#0) as ready
09-10 02:53:30.778  3030  3046 I t.compare:godot: Compiler allocated 4219KB to compile void android.widget.TextView.<init>(android.content.Context, android.util.AttributeSet, int, int)
09-10 02:53:31.476  3030  3046 I t.compare:godot: Compiler allocated 5174KB to compile void android.view.ViewRootImpl.performTraversals()
09-10 02:53:32.288  3030  3063 I godot   : OpenGL API OpenGL ES 3.1 (OpenGL ES 3.1.0 (ANGLE 2.1.17841 git hash: 5fa2e61da947)) - Compatibility - Using Device: Google (Google Inc. (Google)) - Android Emulator OpenGL ES Translator (ANGLE (Google, Vulkan 1.3.0 (SwiftShader Device (Subzero) (0x0000C0DE)), SwiftShader driver-5.0.0))
09-10 02:53:32.290  3030  3063 D t.compare:godot: PlayerBase::PlayerBase()
09-10 02:53:32.291  3030  3063 D t.compare:godot: TrackPlayerBase::TrackPlayerBase()
09-10 02:53:32.291  3030  3063 I libOpenSLES: Emulating old channel mask behavior (ignoring positional mask 0x3, using default mask 0x3 based on channel count of 2)
09-10 02:53:32.302  3030  3063 I godot   : 
09-10 02:53:32.402  3030  3056 D EGL_emulation: app_time_stats: avg=738.22ms min=174.25ms max=2137.32ms count=4
09-10 02:53:33.152  3030  3063 V Godot   : OnGodotSetupCompleted
09-10 02:53:33.247  3030  3063 E godot   : ERROR: PartyDeck Android bridge did not provide its display density.
09-10 02:53:33.247  3030  3063 E godot   :    at: push_error (core/variant/variant_utility.cpp:1023)
09-10 02:53:33.249  3030  3063 V Godot   : OnGodotMainLoopStarted
09-10 02:53:33.439  3030  3056 D EGL_emulation: app_time_stats: avg=1037.24ms min=1037.24ms max=1037.24ms count=1
09-10 02:53:33.560  3030  3030 V Godot   : OnDestroy: GodotFragment{8d2bcd} (4c579de7-6a98-46d1-aa9c-5d5756477895 id=0x7f07002b tag=partydeck-godot)
09-10 02:53:33.629  3030  3063 D EGL_emulation: app_time_stats: avg=595.45ms min=209.96ms max=980.93ms count=2
09-10 02:53:33.629  3030  3063 D GLThread: Exiting render thread
09-10 02:53:33.629  3030  3063 D GodotRenderer: Destroying Godot Engine
09-10 02:53:33.646  3030  3063 D t.compare:godot: PlayerBase::stop() from IPlayer
09-10 02:53:33.646  3030  3063 D AudioTrack: stop(16): called with 62988 frames delivered
09-10 02:53:33.647  3030  3063 E eglCodecCommon: removeVertexArrayObject: ERROR: 7 not found in VAO state!
09-10 02:53:33.701  3030  3063 V Godot   : OnGodotTerminating
09-10 02:53:33.729  3030  3030 V Godot   : OnPause: GodotFragment{8d2bcd} (4c579de7-6a98-46d1-aa9c-5d5756477895 id=0x7f07002b tag=partydeck-godot)
09-10 02:53:33.843  3030  3030 I PartyDeckGodotHost: Engine process exit requested
09-10 02:53:33.843  3030  3030 I Process : Sending signal. PID: 3030 SIG: 9
