Exported 40 attachments for: PartyDeckGodotSessionUITests/testProduction2DPracticeSession():
File: D813AA48-8529-4CD6-ADAF-02F1D92B7641.json, suggested name: "2d production smoke failure latest sanitized observation_0_649EAB3C-907C-4E5B-8035-DC80E1AECBC1.json"
File: 40380FE7-70AE-4763-9F68-58220A82EC9D.png, suggested name: "2d production smoke failure_0_DC79CE9C-2FD1-4A67-9CA0-2CB40F6BD322.png"
File: 9F81406B-06FD-4489-9D50-2589C96A3972, suggested name: "UI Snapshot 2026-09-10 at 06.24.38 PM"
File: B34B32A8-6470-451F-B482-C32F5FBA3B93, suggested name: "Synthesized Event 2026-09-10 at 06.24.38 PM"
File: D21D5557-433D-4F5D-9822-166341D926D3, suggested name: "UI Snapshot 2026-09-10 at 06.24.33 PM"
File: B7442D19-644A-4032-AA8F-09DEF060946D, suggested name: "Synthesized Event 2026-09-10 at 06.24.33 PM"
File: 7F86E468-8148-4349-99A4-FDD405166D56, suggested name: "UI Snapshot 2026-09-10 at 06.24.30 PM"
File: 72BD9A6E-31BA-40AA-BC05-BB24C49B3BCB, suggested name: "Synthesized Event 2026-09-10 at 06.24.30 PM"
File: 37C0C790-067D-4327-92AC-BF8285B242C0.json, suggested name: "2d Standard fresh Reveal is unselected latest sanitized observation_0_3DD3ADB8-B677-44B8-BE0F-66A49B301417.json"
File: 9811C999-8ECB-442B-929E-E7FE014A3D78.png, suggested name: "2d Standard fresh Reveal is unselected_0_362C49E9-7B41-4116-9CBE-53E7CDF27BFA.png"
File: 7C5D40C5-FF4D-4A69-89AC-AB3F955FB9B2, suggested name: "UI Snapshot 2026-09-10 at 06.24.11 PM"
File: 59DC31BD-B67D-4BE1-B2AF-F341698CE958, suggested name: "Synthesized Event 2026-09-10 at 06.24.11 PM"
File: C312A206-B429-4EE5-B33D-B1E04DBAE5A7.json, suggested name: "2d Standard Hide removes private nodes and selection latest sanitized observation_0_957AF90F-B1D8-4D7C-B709-CEB8E1817514.json"
File: 2244CC76-E669-4FB7-A263-35B21164CE57.png, suggested name: "2d Standard Hide removes private nodes and selection_0_ECDF1128-CD87-4D44-B57A-1191DC8E83D0.png"
File: 84EEDE8F-1E5B-46BE-9A03-36242E6D8C17, suggested name: "UI Snapshot 2026-09-10 at 06.24.07 PM"
File: BABA654E-7DF2-4918-A0A8-F59D6A83B5DB, suggested name: "Synthesized Event 2026-09-10 at 06.24.07 PM"
File: 8487B88B-671D-4D46-AA81-552F581EE74D, suggested name: "UI Snapshot 2026-09-10 at 06.23.48 PM"
File: 2544CAD0-2FAA-4CC0-8115-C2A6C9850EC4, suggested name: "Synthesized Event 2026-09-10 at 06.23.48 PM"
File: C67E1348-0017-4608-A1BF-9009B0852420.json, suggested name: "2d Standard maximum selection and count-only feedback latest sanitized observation_0_DB5D4D02-A2BD-4500-9A9B-B6D51014BA25.json"
File: C7CFC14E-3045-48C1-900A-0F8BC1EEB379.png, suggested name: "2d Standard maximum selection and count-only feedback_0_2318383C-1755-4ACE-AEF1-09BD9FABE234.png"
File: 2375D7E1-F6B3-4F1A-B01A-B5F9C3BA5F05, suggested name: "UI Snapshot 2026-09-10 at 06.23.30 PM"
File: 38395118-31E4-41F9-8E70-4B2BEC7FB291, suggested name: "Synthesized Event 2026-09-10 at 06.23.30 PM"
File: 1791E95C-928C-4EBE-8BEF-8FDD78D5C9FE, suggested name: "UI Snapshot 2026-09-10 at 06.23.26 PM"
File: 20A9F375-FBFA-44D7-B731-B8AE5C9B01A0, suggested name: "Synthesized Event 2026-09-10 at 06.23.26 PM"
File: 350D67D0-E240-44E8-A289-BAC0F010A8B3, suggested name: "UI Snapshot 2026-09-10 at 06.23.20 PM"
File: D0EA78C1-A9B4-462B-B8AA-17304AA0C780, suggested name: "Synthesized Event 2026-09-10 at 06.23.20 PM"
File: E426AF02-4E97-4DBF-AC39-7E51B8342EE4, suggested name: "UI Snapshot 2026-09-10 at 06.23.14 PM"
File: 420BAE71-C325-43A7-84C7-F6E41107D789, suggested name: "Synthesized Event 2026-09-10 at 06.23.14 PM"
File: 06526D3A-0A90-40CF-A13E-3AD23A2DDE18, suggested name: "UI Snapshot 2026-09-10 at 06.23.05 PM"
File: BF182478-49E5-43E1-B4C1-69347BE88BC5, suggested name: "Synthesized Event 2026-09-10 at 06.23.06 PM"
File: 424A91A7-4FA3-460F-8A5F-09D88677EE29, suggested name: "UI Snapshot 2026-09-10 at 06.22.57 PM"
File: ADB24D74-7291-47D2-A5AC-F913BC4CA5C2, suggested name: "Synthesized Event 2026-09-10 at 06.22.57 PM"
File: F274239E-200E-4DB8-ADC2-5699ECC79166.json, suggested name: "2d Standard all five native card descriptions latest sanitized observation_0_0EBE88A1-5C08-4D9C-BBFE-D7CFED3A1F7C.json"
File: D669A668-E9F5-4A20-B0AD-47A2B67780E9.png, suggested name: "2d Standard all five native card descriptions_0_417075F3-BBF6-4D99-9020-6809DA29772D.png"
File: 9D0840E9-5BCE-4EEC-8A53-506573F6ADF4, suggested name: "UI Snapshot 2026-09-10 at 06.22.35 PM"
File: 30AA8967-CF52-422D-919B-CE82F26F0DDB, suggested name: "Synthesized Event 2026-09-10 at 06.22.35 PM"
File: 17C0B123-B043-4B19-942F-CE49F27EC39D.json, suggested name: "2d Standard concealed latest sanitized observation_0_92A86533-E420-403B-8A4E-D648ADF42733.json"
File: A8321846-4112-4FA6-9054-B6336F163837.png, suggested name: "2d Standard concealed_0_3CF99A37-8D2A-4AAA-BF51-84E668BA1846.png"
File: 3C0F2ECF-8F17-4408-86E6-EF6F0341EC1A, suggested name: "Synthesized Event 2026-09-10 at 06.22.29 PM"
File: 7678F580-87ED-4CFD-A72E-87F3E92808BD.mp4, suggested name: "Screen Recording 2026-09-10 at 06.22.15 PM.mp4"

Exported 40 attachments for: PartyDeckGodotSessionUITests/testProduction3DPracticeSession():
File: 53A6FBDE-4519-46F5-85CF-C4FBD0236406.json, suggested name: "3d production smoke failure latest sanitized observation_0_F96F5A16-D22D-4813-96BA-10DC77324533.json"
File: AD875070-674E-48D3-984A-9AC054661B3D.png, suggested name: "3d production smoke failure_0_FF5007C3-989E-498A-AE99-06A3A074161A.png"
File: 6F15E50B-D8F1-493C-A6BE-25A7DB7CD850, suggested name: "UI Snapshot 2026-09-10 at 06.27.37 PM"
File: 1CEC08F9-DAC4-48C2-8422-5C941F76B55F, suggested name: "Synthesized Event 2026-09-10 at 06.27.37 PM"
File: 4604E3D7-2FE3-43DE-915C-5F2AE1B3E903, suggested name: "UI Snapshot 2026-09-10 at 06.27.33 PM"
File: 3D31F897-5296-4136-8759-7BA3CB77A08A, suggested name: "Synthesized Event 2026-09-10 at 06.27.34 PM"
File: 5CCFD01C-B187-4A5B-A734-BC5AF38262A2, suggested name: "UI Snapshot 2026-09-10 at 06.27.31 PM"
File: A29D86A0-61EC-4C5C-A9BB-BD026049D0B9, suggested name: "Synthesized Event 2026-09-10 at 06.27.31 PM"
File: A58AACF7-36B4-4281-9DAD-BD3DC3FC16D9.json, suggested name: "3d Standard fresh Reveal is unselected latest sanitized observation_0_51FDF8A1-F104-4422-A909-23CF789C42BB.json"
File: 4D0BFD00-C040-402C-A4AE-32526386C5A4.png, suggested name: "3d Standard fresh Reveal is unselected_0_420CF012-3485-4A8E-8D83-4116B07647A5.png"
File: 9F01D8FD-A17C-4740-90AD-033D7090E6C9, suggested name: "UI Snapshot 2026-09-10 at 06.27.17 PM"
File: CB3984B2-A1ED-4791-A806-6FD0542C681F, suggested name: "Synthesized Event 2026-09-10 at 06.27.17 PM"
File: 9D451A1D-8AA4-4A1B-917A-0D8B4E456036.json, suggested name: "3d Standard Hide removes private nodes and selection latest sanitized observation_0_95128DE3-D2A9-4D4A-ADAA-FC39D753D404.json"
File: 2FED8B0D-9F12-4BEC-B974-2E914D1BBE66.png, suggested name: "3d Standard Hide removes private nodes and selection_0_48A21A02-C3A8-4E4A-8EA1-E2786FB0E5E6.png"
File: 7CEB4CFF-10FF-46AF-8F2B-34CF9FF1B0EA, suggested name: "UI Snapshot 2026-09-10 at 06.27.12 PM"
File: 356F52AC-FEEC-4EBC-B495-33F6FB423DF2, suggested name: "Synthesized Event 2026-09-10 at 06.27.12 PM"
File: 717B34E6-54F8-4816-B7E6-46D59BFF5BC7, suggested name: "UI Snapshot 2026-09-10 at 06.26.52 PM"
File: D0DB610F-5177-4E60-A248-B3A8DE60A3A6, suggested name: "Synthesized Event 2026-09-10 at 06.26.53 PM"
File: EF578B0E-83D5-48F4-8B52-A9F7244B0CB0.json, suggested name: "3d Standard maximum selection and count-only feedback latest sanitized observation_0_41CD4E4C-DBD8-40EC-9962-0E592B9E6020.json"
File: C7608615-D8BC-48C8-8FD9-2CCE3F4229B2.png, suggested name: "3d Standard maximum selection and count-only feedback_0_31B1BC04-E6B2-4F7C-987D-E2E3831F5B39.png"
File: 22E86204-37C3-4618-B173-909800663E0D, suggested name: "UI Snapshot 2026-09-10 at 06.26.29 PM"
File: A68186E2-F4FB-4591-BF03-586135D9A012, suggested name: "Synthesized Event 2026-09-10 at 06.26.30 PM"
File: 0B1D5FA5-CCC2-47A8-A986-CDDC7E078D1F, suggested name: "UI Snapshot 2026-09-10 at 06.26.25 PM"
File: C21854B0-709E-42CA-A99C-58D8C3382047, suggested name: "Synthesized Event 2026-09-10 at 06.26.25 PM"
File: 0DA4F486-0289-4719-BD97-C7AD25E86249, suggested name: "UI Snapshot 2026-09-10 at 06.26.16 PM"
File: 67F54364-84D8-4E66-943F-2CA0DA0D8C29, suggested name: "Synthesized Event 2026-09-10 at 06.26.16 PM"
File: DE15B8F3-0A17-46FF-B187-861196B99ADA, suggested name: "UI Snapshot 2026-09-10 at 06.26.08 PM"
File: 4C8AF3EE-86F5-4071-A716-0BCC0322D4F2, suggested name: "Synthesized Event 2026-09-10 at 06.26.09 PM"
File: CCB471E7-3BC4-4F27-B0A7-3713AFFFC551, suggested name: "UI Snapshot 2026-09-10 at 06.26.00 PM"
File: EAB31D98-CD4D-40F8-A62E-46F5D5CF10EF, suggested name: "Synthesized Event 2026-09-10 at 06.26.00 PM"
File: 16427248-5B7D-4E8A-9D53-DDF3AB5C72FC, suggested name: "UI Snapshot 2026-09-10 at 06.25.50 PM"
File: FB7C911B-89EA-4957-94EF-D0C8A5D76B7D, suggested name: "Synthesized Event 2026-09-10 at 06.25.51 PM"
File: C73DF296-DAFE-4B41-8B02-CFDFB98C01DB.json, suggested name: "3d Standard all five native card descriptions latest sanitized observation_0_EA652BD7-D633-4A14-A9AF-0CE0AFFDC415.json"
File: A229BB48-EFEB-4686-A764-F63D2075814D.png, suggested name: "3d Standard all five native card descriptions_0_67F9D74D-B96B-4362-87E1-00F47DCFAF0C.png"
File: 6046EA49-0234-4643-8100-189CE73347F7, suggested name: "UI Snapshot 2026-09-10 at 06.25.31 PM"
File: 8C034522-9800-4324-8E1D-864F3571E292, suggested name: "Synthesized Event 2026-09-10 at 06.25.31 PM"
File: 3858DD76-D38D-42AB-9BCF-10F95886294F.json, suggested name: "3d Standard concealed latest sanitized observation_0_5B584FDB-A116-4632-BF45-99B2615474BD.json"
File: 0BCA6167-DCD9-43C5-9911-5A5BD9CF871B.png, suggested name: "3d Standard concealed_0_2864CAC1-6F6A-4BEF-8223-AE6C3B58E634.png"
File: 020C2B27-170A-49C6-BB29-FE63E2350E5A, suggested name: "Synthesized Event 2026-09-10 at 06.25.25 PM"
File: 22EAEA09-9B07-46C2-8551-AF9FC6767BB7.mp4, suggested name: "Screen Recording 2026-09-10 at 06.25.14 PM.mp4"

Generated manifest file with attachment details: /Users/runner/work/PartyDeck/PartyDeck/build/ci/ios/godot-session/attachments/manifest.json
