--------- beginning of main
09-10 10:16:34.734  8789  8789 I t.compare:godot: Late-enabling -Xcheck:jni
09-10 10:16:34.763  8789  8789 I t.compare:godot: Using CollectorTypeCMC GC.
09-10 10:16:34.765  8789  8789 W t.compare:godot: Unexpected CPU variant for x86: x86_64.
09-10 10:16:34.765  8789  8789 W t.compare:godot: Known variants: atom, sandybridge, silvermont, goldmont, goldmont-plus, goldmont-without-sha-xsaves, tremont, kabylake, default
09-10 10:16:34.848  8789  8789 D nativeloader: Load libframework-connectivity-tiramisu-jni.so using APEX ns com_android_tethering for caller /apex/com.android.tethering/javalib/framework-connectivity-t.jar: ok
09-10 10:16:34.895  8789  8789 W ziparchive: Unable to open '/data/app/~~J_f6056pFFAZq0YoucoDGw==/dev.partydeck.godot.compare-Hp_eO7yxOgehJsAnijGhlQ==/base.dm': No such file or directory
09-10 10:16:34.895  8789  8789 W ziparchive: Unable to open '/data/app/~~J_f6056pFFAZq0YoucoDGw==/dev.partydeck.godot.compare-Hp_eO7yxOgehJsAnijGhlQ==/base.dm': No such file or directory
09-10 10:16:35.013  8789  8789 D nativeloader: Configuring clns-7 for other apk /data/app/~~J_f6056pFFAZq0YoucoDGw==/dev.partydeck.godot.compare-Hp_eO7yxOgehJsAnijGhlQ==/base.apk. target_sdk_version=36, uses_libraries=, library_path=/data/app/~~J_f6056pFFAZq0YoucoDGw==/dev.partydeck.godot.compare-Hp_eO7yxOgehJsAnijGhlQ==/lib/x86_64:/data/app/~~J_f6056pFFAZq0YoucoDGw==/dev.partydeck.godot.compare-Hp_eO7yxOgehJsAnijGhlQ==/base.apk!/lib/x86_64, permitted_path=/data:/mnt/expand:/data/user/0/dev.partydeck.godot.compare
09-10 10:16:35.038  8789  8789 V GraphicsEnvironment: Currently set values for:
09-10 10:16:35.038  8789  8789 V GraphicsEnvironment:   angle_gl_driver_selection_pkgs=[]
09-10 10:16:35.038  8789  8789 V GraphicsEnvironment:   angle_gl_driver_selection_values=[]
09-10 10:16:35.038  8789  8789 V GraphicsEnvironment: Global.Settings values are invalid: number of packages: 0, number of values: 0
09-10 10:16:35.038  8789  8789 V GraphicsEnvironment: Neither updatable production driver nor prerelease driver is supported.
09-10 10:16:35.384  8789  8789 V Godot   : Initializing Godot plugin registry
09-10 10:16:35.385  8789  8789 I GodotPluginRegistry: Registering runtime plugin AndroidRuntime
09-10 10:16:35.385  8789  8789 I GodotPluginRegistry: Registering runtime plugin PartyDeckBridge
09-10 10:16:35.385  8789  8789 V Godot   : InitEngine with params: [--main-pack, res://partydeck-last-light.pck, --rendering-method, gl_compatibility, --xr-mode, off]
09-10 10:16:35.440  8789  8789 D nativeloader: Load /data/app/~~J_f6056pFFAZq0YoucoDGw==/dev.partydeck.godot.compare-Hp_eO7yxOgehJsAnijGhlQ==/base.apk!/lib/x86_64/libgodot_android.so using ns clns-7 from class loader (caller=/data/app/~~J_f6056pFFAZq0YoucoDGw==/dev.partydeck.godot.compare-Hp_eO7yxOgehJsAnijGhlQ==/base.apk): ok
09-10 10:16:35.449  8789  8789 V Godot   : Godot native layer initialization completed: true
09-10 10:16:35.449  8789  8789 V Godot   : Setting up native layer with params: [--main-pack, res://partydeck-last-light.pck, --rendering-method, gl_compatibility, --xr-mode, off]
09-10 10:16:35.470  8789  8789 V Godot   : Godot native layer setup completed
09-10 10:16:35.470  8789  8789 V Godot   : OnInitRenderView: GodotFragment{67a0108} (87856db6-d2d7-4238-8b8f-a783fac497bb id=0x7f07002b tag=partydeck-godot)
09-10 10:16:35.480  8789  8789 D Godot   : Render view should be transparent: false
09-10 10:16:35.480  8789  8789 D Godot   : renderingDevice: opengl3 (ProjectSettings)
09-10 10:16:35.480  8789  8789 D Godot   : 			renderer: gl_compatibility (Default)
09-10 10:16:35.491  8789  8789 V Godot   : OnStart: GodotFragment{67a0108} (87856db6-d2d7-4238-8b8f-a783fac497bb id=0x7f07002b tag=partydeck-godot)
09-10 10:16:35.492  8789  8789 W WindowOnBackDispatcher: OnBackInvokedCallback is not enabled for the application.
09-10 10:16:35.492  8789  8789 W WindowOnBackDispatcher: Set 'android:enableOnBackInvokedCallback="true"' in the application manifest.
09-10 10:16:35.494  8789  8789 V Godot   : OnResume: GodotFragment{67a0108} (87856db6-d2d7-4238-8b8f-a783fac497bb id=0x7f07002b tag=partydeck-godot)
09-10 10:16:35.496  8789  8789 W HWUI    : Unknown dataspace 0
09-10 10:16:35.530  8789  8817 I EGL_emulation: Opening libGLESv1_CM_emulation.so
09-10 10:16:35.531  8789  8817 I EGL_emulation: Opening libGLESv2_emulation.so
09-10 10:16:35.537  8789  8817 W HWUI    : Failed to choose config with EGL_SWAP_BEHAVIOR_PRESERVED, retrying without...
09-10 10:16:35.537  8789  8817 W HWUI    : Failed to initialize 101010-2 format, error = EGL_SUCCESS
09-10 10:16:35.574  8789  8826 W RegularContextFactory: creating OpenGL ES 3.0 context :
09-10 10:16:35.609  8789  8826 I Gralloc4: mapper 4.x is not supported
09-10 10:16:35.618  8789  8826 I godot   : Godot Engine v4.7.2.stable.official.ed1daf0bf - https://godotengine.org
09-10 10:16:35.630  8789  8794 I t.compare:godot: Compiler allocated 4219KB to compile void android.widget.TextView.<init>(android.content.Context, android.util.AttributeSet, int, int)
09-10 10:16:35.801  8789  8826 E godot   : WARNING: Failed to load cached shader, recompiling.
09-10 10:16:35.801  8789  8826 E godot   :    at: _load_from_cache (drivers/gles3/shader_gles3.cpp:615)
09-10 10:16:36.110  8789  8794 I t.compare:godot: Compiler allocated 5174KB to compile void android.view.ViewRootImpl.performTraversals()
09-10 10:16:36.324  8789  8826 I godot   : OpenGL API OpenGL ES 3.1 (OpenGL ES 3.1.0 (ANGLE 2.1.17841 git hash: 5fa2e61da947)) - Compatibility - Using Device: Google (Google Inc. (Google)) - Android Emulator OpenGL ES Translator (ANGLE (Google, Vulkan 1.3.0 (SwiftShader Device (Subzero) (0x0000C0DE)), SwiftShader driver-5.0.0))
09-10 10:16:36.325  8789  8826 D t.compare:godot: PlayerBase::PlayerBase()
09-10 10:16:36.325  8789  8826 D t.compare:godot: TrackPlayerBase::TrackPlayerBase()
09-10 10:16:36.325  8789  8826 I libOpenSLES: Emulating old channel mask behavior (ignoring positional mask 0x3, using default mask 0x3 based on channel count of 2)
09-10 10:16:36.329  8789  8826 I godot   : 
09-10 10:16:36.735  8789  8826 V Godot   : OnGodotSetupCompleted
09-10 10:16:36.743  8789  8826 V Godot   : OnGodotMainLoopStarted
09-10 10:16:36.793  8789  8817 D EGL_emulation: app_time_stats: avg=200.39ms min=21.86ms max=766.88ms count=5
09-10 10:16:48.270  8789  8789 D AutofillManager: Fill dialog is enabled:false, hints=[]
09-10 10:16:48.312  8789  8817 D EGL_emulation: app_time_stats: avg=1435.73ms min=16.88ms max=10666.99ms count=8
09-10 10:16:52.423  8789  8789 I PartyDeckGodotBridge: Close requested elapsed_ms=644594
09-10 10:16:52.429  8789  8817 D EGL_emulation: app_time_stats: avg=818.93ms min=11.26ms max=3911.12ms count=5
09-10 10:16:52.445  8789  8826 D EGL_emulation: app_time_stats: avg=4008.54ms min=6.97ms max=15429.57ms count=4
09-10 10:16:52.445  8789  8826 I PartyDeckGodotBridge: Close dispatch started elapsed_ms=644616
09-10 10:16:52.447  8789  8826 I PartyDeckGodotBridge: Close native barrier elapsed_ms=644617
09-10 10:16:52.448  8789  8789 I PartyDeckGodotHost: Close main callback elapsed_ms=644619
09-10 10:16:52.464  8789  8826 D GLThread: Exiting render thread
09-10 10:16:52.464  8789  8826 D GodotRenderer: Destroying Godot Engine
09-10 10:16:52.488  8789  8826 D t.compare:godot: PlayerBase::stop() from IPlayer
09-10 10:16:52.491  8789  8826 D AudioTrack: stop(17): called with 715727 frames delivered
09-10 10:16:52.505  8789  8826 E eglCodecCommon: removeVertexArrayObject: ERROR: 7 not found in VAO state!
09-10 10:16:52.528  8789  8826 V Godot   : OnGodotTerminating
09-10 10:16:52.564  8789  8789 V Godot   : OnDestroy: GodotFragment{67a0108} (87856db6-d2d7-4238-8b8f-a783fac497bb id=0x7f07002b tag=partydeck-godot)
09-10 10:16:52.569  8789  8789 V Godot   : OnPause: GodotFragment{67a0108} (87856db6-d2d7-4238-8b8f-a783fac497bb id=0x7f07002b tag=partydeck-godot)
09-10 10:16:52.696  8789  8789 I PartyDeckGodotHost: Engine process exit requested
09-10 10:16:52.696  8789  8789 I Process : Sending signal. PID: 8789 SIG: 9
