Current Input Method Manager state:
  Input Methods:
  InputMethod #0:
    mId=com.android.inputmethod.latin/.LatinIME mSettingsActivityName=com.android.inputmethod.latin.settings.SettingsActivity mLanguageSettingsActivityName=null mIsVrOnly=false mIsVirtualDeviceOnly=false mSupportsSwitchingToNextInputMethod=true mInlineSuggestionsEnabled=false mSupportsInlineSuggestionsWithTouchExploration=false mSuppressesSpellChecker=false mShowInInputMethodPicker=true mSupportsStylusHandwriting=false mSupportsConnectionlessStylusHandwriting=false mStylusHandwritingSettingsActivityAttr=null
    mIsDefaultResId=0x7f050012
    Service:
      priority=0 preferredOrder=0 match=0x108000 specificIndex=-1 isDefault=false
      ServiceInfo:
        name=com.android.inputmethod.latin.LatinIME
        packageName=com.android.inputmethod.latin
        labelRes=0x7f0f0053 nonLocalizedLabel=null icon=0x0 banner=0x0
        enabled=true exported=true directBootAware=true
        permission=android.permission.BIND_INPUT_METHOD
        flags=0x100000
        ApplicationInfo:
          packageName=com.android.inputmethod.latin
          labelRes=0x7f0f0053 nonLocalizedLabel=null icon=0x7f08009e banner=0x0
          processName=com.android.inputmethod.latin
          taskAffinity=com.android.inputmethod.latin
          uid=10113 flags=0x30c8be45 privateFlags=0x8c081060 theme=0x0
          requiresSmallestWidthDp=0 compatibleWidthLimitDp=0 largestWidthLimitDp=0
          sourceDir=/product/app/LatinIME/LatinIME.apk
          resourceDirs=[/product/overlay/EmulationPixel7/EmulationPixel7Overlay.apk]
          overlayPaths=[/product/overlay/EmulationPixel7/EmulationPixel7Overlay.apk]
          seinfo=default:targetSdkVersion=30:partition=product
          seinfoUser=:complete
          dataDir=/data/user_de/0/com.android.inputmethod.latin
          deviceProtectedDataDir=/data/user_de/0/com.android.inputmethod.latin
          credentialProtectedDataDir=/data/user/0/com.android.inputmethod.latin
          enabled=true minSdkVersion=21 targetSdkVersion=30 versionCode=30 targetSandboxVersion=1
          supportsRtl=true
          fullBackupContent=true
          crossProfile=false
          HiddenApiEnforcementPolicy=2
          usesNonSdkApi=false
          allowsPlaybackCapture=true
          nativeHeapZeroInitialized=0
          enableOnBackInvokedCallback=false
          allowCrossUidActivitySwitchFromBelow=true
          createTimestamp=108130
    InputMethodSubtype array: count=81
      InputMethodSubtype #0:
        mSubtypeNameOverride= mPkLanguageTag= mPkLayoutType= mSubtypeId=-921088104 mSubtypeLocale=en_US mSubtypeLanguageTag=en-US mSubtypeMode=keyboard mIsAuxiliary=false mOverridesImplicitlyEnabledSubtype=false mIsAsciiCapable=true mSubtypeHashCode=-921088104
      InputMethodSubtype #1:
        mSubtypeNameOverride= mPkLanguageTag= mPkLayoutType= mSubtypeId=-1337596075 mSubtypeLocale=en_GB mSubtypeLanguageTag=en-GB mSubtypeMode=keyboard mIsAuxiliary=false mOverridesImplicitlyEnabledSubtype=false mIsAsciiCapable=true mSubtypeHashCode=-1337596075
      InputMethodSubtype #2:
        mSubtypeNameOverride= mPkLanguageTag= mPkLayoutType= mSubtypeId=1872175968 mSubtypeLocale=af mSubtypeLanguageTag= mSubtypeMode=keyboard mIsAuxiliary=false mOverridesImplicitlyEnabledSubtype=false mIsAsciiCapable=true mSubtypeHashCode=1872175968
      InputMethodSubtype #3:
        mSubtypeNameOverride= mPkLanguageTag= mPkLayoutType= mSubtypeId=1494081088 mSubtypeLocale=ar mSubtypeLanguageTag= mSubtypeMode=keyboard mIsAuxiliary=false mOverridesImplicitlyEnabledSubtype=false mIsAsciiCapable=false mSubtypeHashCode=1494081088
      InputMethodSubtype #4:
        mSubtypeNameOverride= mPkLanguageTag= mPkLayoutType= mSubtypeId=1890646388 mSubtypeLocale=az_AZ mSubtypeLanguageTag= mSubtypeMode=keyboard mIsAuxiliary=false mOverridesImplicitlyEnabledSubtype=false mIsAsciiCapable=true mSubtypeHashCode=1890646388
      InputMethodSubtype #5:
        mSubtypeNameOverride= mPkLanguageTag= mPkLayoutType= mSubtypeId=499361881 mSubtypeLocale=be_BY mSubtypeLanguageTag= mSubtypeMode=keyboard mIsAuxiliary=false mOverridesImplicitlyEnabledSubtype=false mIsAsciiCapable=false mSubtypeHashCode=499361881
      InputMethodSubtype #6:
        mSubtypeNameOverride= mPkLanguageTag= mPkLayoutType= mSubtypeId=195674344 mSubtypeLocale=bg mSubtypeLanguageTag= mSubtypeMode=keyboard mIsAuxiliary=false mOverridesImplicitlyEnabledSubtype=false mIsAsciiCapable=false mSubtypeHashCode=195674344
      InputMethodSubtype #7:
        mSubtypeNameOverride= mPkLanguageTag= mPkLayoutType= mSubtypeId=1599191706 mSubtypeLocale=bg mSubtypeLanguageTag= mSubtypeMode=keyboard mIsAuxiliary=false mOverridesImplicitlyEnabledSubtype=false mIsAsciiCapable=false mSubtypeHashCode=1599191706
      InputMethodSubtype #8:
        mSubtypeNameOverride= mPkLanguageTag= mPkLayoutType= mSubtypeId=-1575728372 mSubtypeLocale=bn_BD mSubtypeLanguageTag= mSubtypeMode=keyboard mIsAuxiliary=false mOverridesImplicitlyEnabledSubtype=false mIsAsciiCapable=false mSubtypeHashCode=-1575728372
      InputMethodSubtype #9:
        mSubtypeNameOverride= mPkLanguageTag= mPkLayoutType= mSubtypeId=-1074423700 mSubtypeLocale=bn_IN mSubtypeLanguageTag= mSubtypeMode=keyboard mIsAuxiliary=false mOverridesImplicitlyEnabledSubtype=false mIsAsciiCapable=false mSubtypeHashCode=-1074423700
      InputMethodSubtype #10:
        mSubtypeNameOverride= mPkLanguageTag= mPkLayoutType= mSubtypeId=-756735787 mSubtypeLocale=ca mSubtypeLanguageTag= mSubtypeMode=keyboard mIsAuxiliary=false mOverridesImplicitlyEnabledSubtype=false mIsAsciiCapable=true mSubtypeHashCode=-756735787
      InputMethodSubtype #11:
        mSubtypeNameOverride= mPkLanguageTag= mPkLayoutType= mSubtypeId=758984400 mSubtypeLocale=cs mSubtypeLanguageTag= mSubtypeMode=keyboard mIsAuxiliary=false mOverridesImplicitlyEnabledSubtype=false mIsAsciiCapable=true mSubtypeHashCode=758984400
      InputMethodSubtype #12:
        mSubtypeNameOverride= mPkLanguageTag= mPkLayoutType= mSubtypeId=770990173 mSubtypeLocale=da mSubtypeLanguageTag= mSubtypeMode=keyboard mIsAuxiliary=false mOverridesImplicitlyEnabledSubtype=false mIsAsciiCapable=true mSubtypeHashCode=770990173
      InputMethodSubtype #13:
        mSubtypeNameOverride= mPkLanguageTag= mPkLayoutType= mSubtypeId=774684257 mSubtypeLocale=de mSubtypeLanguageTag= mSubtypeMode=keyboard mIsAuxiliary=false mOverridesImplicitlyEnabledSubtype=false mIsAsciiCapable=true mSubtypeHashCode=774684257
      InputMethodSubtype #14:
        mSubtypeNameOverride= mPkLanguageTag= mPkLayoutType= mSubtypeId=2060439722 mSubtypeLocale=de_CH mSubtypeLanguageTag= mSubtypeMode=keyboard mIsAuxiliary=false mOverridesImplicitlyEnabledSubtype=false mIsAsciiCapable=true mSubtypeHashCode=2060439722
      InputMethodSubtype #15:
        mSubtypeNameOverride= mPkLanguageTag= mPkLayoutType= mSubtypeId=242746067 mSubtypeLocale=el mSubtypeLanguageTag= mSubtypeMode=keyboard mIsAuxiliary=false mOverridesImplicitlyEnabledSubtype=false mIsAsciiCapable=false mSubtypeHashCode=242746067
      InputMethodSubtype #16:
        mSubtypeNameOverride= mPkLanguageTag= mPkLayoutType= mSubtypeId=-1923548115 mSubtypeLocale=en_IN mSubtypeLanguageTag= mSubtypeMode=keyboard mIsAuxiliary=false mOverridesImplicitlyEnabledSubtype=false mIsAsciiCapable=true mSubtypeHashCode=-1923548115
      InputMethodSubtype #17:
        mSubtypeNameOverride= mPkLanguageTag= mPkLayoutType= mSubtypeId=1083200842 mSubtypeLocale=eo mSubtypeLanguageTag= mSubtypeMode=keyboard mIsAuxiliary=false mOverridesImplicitlyEnabledSubtype=false mIsAsciiCapable=false mSubtypeHashCode=1083200842
      InputMethodSubtype #18:
        mSubtypeNameOverride= mPkLanguageTag= mPkLayoutType= mSubtypeId=816242702 mSubtypeLocale=es mSubtypeLanguageTag= mSubtypeMode=keyboard mIsAuxiliary=false mOverridesImplicitlyEnabledSubtype=false mIsAsciiCapable=true mSubtypeHashCode=816242702
      InputMethodSubtype #19:
        mSubtypeNameOverride= mPkLanguageTag= mPkLayoutType= mSubtypeId=-2066550842 mSubtypeLocale=es_US mSubtypeLanguageTag= mSubtypeMode=keyboard mIsAuxiliary=false mOverridesImplicitlyEnabledSubtype=false mIsAsciiCapable=true mSubtypeHashCode=-2066550842
      InputMethodSubtype #20:
        mSubtypeNameOverride= mPkLanguageTag= mPkLayoutType= mSubtypeId=-1572971239 mSubtypeLocale=es_419 mSubtypeLanguageTag= mSubtypeMode=keyboard mIsAuxiliary=false mOverridesImplicitlyEnabledSubtype=false mIsAsciiCapable=true mSubtypeHashCode=-1572971239
      InputMethodSubtype #21:
        mSubtypeNameOverride= mPkLanguageTag= mPkLayoutType= mSubtypeId=-332580523 mSubtypeLocale=et_EE mSubtypeLanguageTag= mSubtypeMode=keyboard mIsAuxiliary=false mOverridesImplicitlyEnabledSubtype=false mIsAsciiCapable=true mSubtypeHashCode=-332580523
      InputMethodSubtype #22:
        mSubtypeNameOverride= mPkLanguageTag= mPkLayoutType= mSubtypeId=118381575 mSubtypeLocale=eu_ES mSubtypeLanguageTag= mSubtypeMode=keyboard mIsAuxiliary=false mOverridesImplicitlyEnabledSubtype=false mIsAsciiCapable=true mSubtypeHashCode=118381575
      InputMethodSubtype #23:
        mSubtypeNameOverride= mPkLanguageTag= mPkLayoutType= mSubtypeId=-1100561836 mSubtypeLocale=fa mSubtypeLanguageTag= mSubtypeMode=keyboard mIsAuxiliary=false mOverridesImplicitlyEnabledSubtype=false mIsAsciiCapable=false mSubtypeHashCode=-1100561836
      InputMethodSubtype #24:
        mSubtypeNameOverride= mPkLanguageTag= mPkLayoutType= mSubtypeId=835636643 mSubtypeLocale=fi mSubtypeLanguageTag= mSubtypeMode=keyboard mIsAuxiliary=false mOverridesImplicitlyEnabledSubtype=false mIsAsciiCapable=true mSubtypeHashCode=835636643
      InputMethodSubtype #25:
        mSubtypeNameOverride= mPkLanguageTag= mPkLayoutType= mSubtypeId=843948332 mSubtypeLocale=fr mSubtypeLanguageTag=fr mSubtypeMode=keyboard mIsAuxiliary=false mOverridesImplicitlyEnabledSubtype=false mIsAsciiCapable=true mSubtypeHashCode=843948332
      InputMethodSubtype #26:
        mSubtypeNameOverride= mPkLanguageTag= mPkLayoutType= mSubtypeId=-354699631 mSubtypeLocale=fr_CA mSubtypeLanguageTag=fr-CA mSubtypeMode=keyboard mIsAuxiliary=false mOverridesImplicitlyEnabledSubtype=false mIsAsciiCapable=true mSubtypeHashCode=-354699631
      InputMethodSubtype #27:
        mSubtypeNameOverride= mPkLanguageTag= mPkLayoutType= mSubtypeId=-354658827 mSubtypeLocale=fr_CH mSubtypeLanguageTag=fr-CH mSubtypeMode=keyboard mIsAuxiliary=false mOverridesImplicitlyEnabledSubtype=false mIsAsciiCapable=true mSubtypeHashCode=-354658827
      InputMethodSubtype #28:
        mSubtypeNameOverride= mPkLanguageTag= mPkLayoutType= mSubtypeId=-1187424452 mSubtypeLocale=gl_ES mSubtypeLanguageTag= mSubtypeMode=keyboard mIsAuxiliary=false mOverridesImplicitlyEnabledSubtype=false mIsAsciiCapable=true mSubtypeHashCode=-1187424452
      InputMethodSubtype #29:
        mSubtypeNameOverride= mPkLanguageTag= mPkLayoutType= mSubtypeId=963984255 mSubtypeLocale=hi mSubtypeLanguageTag= mSubtypeMode=keyboard mIsAuxiliary=false mOverridesImplicitlyEnabledSubtype=false mIsAsciiCapable=false mSubtypeHashCode=963984255
      InputMethodSubtype #30:
        mSubtypeNameOverride= mPkLanguageTag= mPkLayoutType= mSubtypeId=-459503199 mSubtypeLocale=hi mSubtypeLanguageTag= mSubtypeMode=keyboard mIsAuxiliary=false mOverridesImplicitlyEnabledSubtype=false mIsAsciiCapable=false mSubtypeHashCode=-459503199
      InputMethodSubtype #31:
        mSubtypeNameOverride= mPkLanguageTag= mPkLayoutType= mSubtypeId=901206634 mSubtypeLocale=hr mSubtypeLanguageTag= mSubtypeMode=keyboard mIsAuxiliary=false mOverridesImplicitlyEnabledSubtype=false mIsAsciiCapable=true mSubtypeHashCode=901206634
      InputMethodSubtype #32:
        mSubtypeNameOverride= mPkLanguageTag= mPkLayoutType= mSubtypeId=903977197 mSubtypeLocale=hu mSubtypeLanguageTag= mSubtypeMode=keyboard mIsAuxiliary=false mOverridesImplicitlyEnabledSubtype=false mIsAsciiCapable=true mSubtypeHashCode=903977197
      InputMethodSubtype #33:
        mSubtypeNameOverride= mPkLanguageTag= mPkLayoutType= mSubtypeId=-476396598 mSubtypeLocale=hy_AM mSubtypeLanguageTag= mSubtypeMode=keyboard mIsAuxiliary=false mOverridesImplicitlyEnabledSubtype=false mIsAsciiCapable=false mSubtypeHashCode=-476396598
      InputMethodSubtype #34:
        mSubtypeNameOverride= mPkLanguageTag= mPkLayoutType= mSubtypeId=2108597344 mSubtypeLocale=in mSubtypeLanguageTag= mSubtypeMode=keyboard mIsAuxiliary=false mOverridesImplicitlyEnabledSubtype=false mIsAsciiCapable=true mSubtypeHashCode=2108597344
      InputMethodSubtype #35:
        mSubtypeNameOverride= mPkLanguageTag= mPkLayoutType= mSubtypeId=2113214949 mSubtypeLocale=is mSubtypeLanguageTag= mSubtypeMode=keyboard mIsAuxiliary=false mOverridesImplicitlyEnabledSubtype=false mIsAsciiCapable=true mSubtypeHashCode=2113214949
      InputMethodSubtype #36:
        mSubtypeNameOverride= mPkLanguageTag= mPkLayoutType= mSubtypeId=931682827 mSubtypeLocale=it mSubtypeLanguageTag= mSubtypeMode=keyboard mIsAuxiliary=false mOverridesImplicitlyEnabledSubtype=false mIsAsciiCapable=true mSubtypeHashCode=931682827
      InputMethodSubtype #37:
        mSubtypeNameOverride= mPkLanguageTag= mPkLayoutType= mSubtypeId=-652935654 mSubtypeLocale=it_CH mSubtypeLanguageTag= mSubtypeMode=keyboard mIsAuxiliary=false mOverridesImplicitlyEnabledSubtype=false mIsAsciiCapable=true mSubtypeHashCode=-652935654
      InputMethodSubtype #38:
        mSubtypeNameOverride= mPkLanguageTag= mPkLayoutType= mSubtypeId=1727731901 mSubtypeLocale=iw mSubtypeLanguageTag= mSubtypeMode=keyboard mIsAuxiliary=false mOverridesImplicitlyEnabledSubtype=false mIsAsciiCapable=false mSubtypeHashCode=1727731901
      InputMethodSubtype #39:
        mSubtypeNameOverride= mPkLanguageTag= mPkLayoutType= mSubtypeId=1846648426 mSubtypeLocale=ka_GE mSubtypeLanguageTag= mSubtypeMode=keyboard mIsAuxiliary=false mOverridesImplicitlyEnabledSubtype=false mIsAsciiCapable=false mSubtypeHashCode=1846648426
      InputMethodSubtype #40:
        mSubtypeNameOverride= mPkLanguageTag= mPkLayoutType= mSubtypeId=762565366 mSubtypeLocale=kk mSubtypeLanguageTag= mSubtypeMode=keyboard mIsAuxiliary=false mOverridesImplicitlyEnabledSubtype=false mIsAsciiCapable=false mSubtypeHashCode=762565366
      InputMethodSubtype #41:
        mSubtypeNameOverride= mPkLanguageTag= mPkLayoutType= mSubtypeId=325412922 mSubtypeLocale=km_KH mSubtypeLanguageTag= mSubtypeMode=keyboard mIsAuxiliary=false mOverridesImplicitlyEnabledSubtype=false mIsAsciiCapable=false mSubtypeHashCode=325412922
      InputMethodSubtype #42:
        mSubtypeNameOverride= mPkLanguageTag= mPkLayoutType= mSubtypeId=-1938291121 mSubtypeLocale=kn_IN mSubtypeLanguageTag= mSubtypeMode=keyboard mIsAuxiliary=false mOverridesImplicitlyEnabledSubtype=false mIsAsciiCapable=false mSubtypeHashCode=-1938291121
      InputMethodSubtype #43:
        mSubtypeNameOverride= mPkLanguageTag= mPkLayoutType= mSubtypeId=775494660 mSubtypeLocale=ky mSubtypeLanguageTag= mSubtypeMode=keyboard mIsAuxiliary=false mOverridesImplicitlyEnabledSubtype=false mIsAsciiCapable=false mSubtypeHashCode=775494660
      InputMethodSubtype #44:
        mSubtypeNameOverride= mPkLanguageTag= mPkLayoutType= mSubtypeId=-2095745236 mSubtypeLocale=lo_LA mSubtypeLanguageTag= mSubtypeMode=keyboard mIsAuxiliary=false mOverridesImplicitlyEnabledSubtype=false mIsAsciiCapable=false mSubtypeHashCode=-2095745236
      InputMethodSubtype #45:
        mSubtypeNameOverride= mPkLanguageTag= mPkLayoutType= mSubtypeId=-2094941373 mSubtypeLocale=lt mSubtypeLanguageTag= mSubtypeMode=keyboard mIsAuxiliary=false mOverridesImplicitlyEnabledSubtype=false mIsAsciiCapable=true mSubtypeHashCode=-2094941373
      InputMethodSubtype #46:
        mSubtypeNameOverride= mPkLanguageTag= mPkLayoutType= mSubtypeId=-2093094331 mSubtypeLocale=lv mSubtypeLanguageTag= mSubtypeMode=keyboard mIsAuxiliary=false mOverridesImplicitlyEnabledSubtype=false mIsAsciiCapable=true mSubtypeHashCode=-2093094331
      InputMethodSubtype #47:
        mSubtypeNameOverride= mPkLanguageTag= mPkLayoutType= mSubtypeId=-1353667716 mSubtypeLocale=mk mSubtypeLanguageTag= mSubtypeMode=keyboard mIsAuxiliary=false mOverridesImplicitlyEnabledSubtype=false mIsAsciiCapable=false mSubtypeHashCode=-1353667716
      InputMethodSubtype #48:
        mSubtypeNameOverride= mPkLanguageTag= mPkLayoutType= mSubtypeId=-1048384556 mSubtypeLocale=ml_IN mSubtypeLanguageTag= mSubtypeMode=keyboard mIsAuxiliary=false mOverridesImplicitlyEnabledSubtype=false mIsAsciiCapable=false mSubtypeHashCode=-1048384556
      InputMethodSubtype #49:
        mSubtypeNameOverride= mPkLanguageTag= mPkLayoutType= mSubtypeId=-842021973 mSubtypeLocale=mn_MN mSubtypeLanguageTag= mSubtypeMode=keyboard mIsAuxiliary=false mOverridesImplicitlyEnabledSubtype=false mIsAsciiCapable=false mSubtypeHashCode=-842021973
      InputMethodSubtype #50:
        mSubtypeNameOverride= mPkLanguageTag= mPkLayoutType= mSubtypeId=1954258691 mSubtypeLocale=mr_IN mSubtypeLanguageTag= mSubtypeMode=keyboard mIsAuxiliary=false mOverridesImplicitlyEnabledSubtype=false mIsAsciiCapable=false mSubtypeHashCode=1954258691
      InputMethodSubtype #51:
        mSubtypeNameOverride= mPkLanguageTag= mPkLayoutType= mSubtypeId=-2067235743 mSubtypeLocale=ms_MY mSubtypeLanguageTag= mSubtypeMode=keyboard mIsAuxiliary=false mOverridesImplicitlyEnabledSubtype=false mIsAsciiCapable=true mSubtypeHashCode=-2067235743
      InputMethodSubtype #52:
        mSubtypeNameOverride= mPkLanguageTag= mPkLayoutType= mSubtypeId=1058205204 mSubtypeLocale=nb mSubtypeLanguageTag= mSubtypeMode=keyboard mIsAuxiliary=false mOverridesImplicitlyEnabledSubtype=false mIsAsciiCapable=true mSubtypeHashCode=1058205204
      InputMethodSubtype #53:
        mSubtypeNameOverride= mPkLanguageTag= mPkLayoutType= mSubtypeId=-670413586 mSubtypeLocale=ne_NP mSubtypeLanguageTag= mSubtypeMode=keyboard mIsAuxiliary=false mOverridesImplicitlyEnabledSubtype=false mIsAsciiCapable=false mSubtypeHashCode=-670413586
      InputMethodSubtype #54:
        mSubtypeNameOverride= mPkLanguageTag= mPkLayoutType= mSubtypeId=1605364360 mSubtypeLocale=ne_NP mSubtypeLanguageTag= mSubtypeMode=keyboard mIsAuxiliary=false mOverridesImplicitlyEnabledSubtype=false mIsAsciiCapable=false mSubtypeHashCode=1605364360
      InputMethodSubtype #55:
        mSubtypeNameOverride= mPkLanguageTag= mPkLayoutType= mSubtypeId=1067440414 mSubtypeLocale=nl mSubtypeLanguageTag= mSubtypeMode=keyboard mIsAuxiliary=false mOverridesImplicitlyEnabledSubtype=false mIsAsciiCapable=true mSubtypeHashCode=1067440414
      InputMethodSubtype #56:
        mSubtypeNameOverride= mPkLanguageTag= mPkLayoutType= mSubtypeId=1343007020 mSubtypeLocale=nl_BE mSubtypeLanguageTag= mSubtypeMode=keyboard mIsAuxiliary=false mOverridesImplicitlyEnabledSubtype=false mIsAsciiCapable=true mSubtypeHashCode=1343007020
      InputMethodSubtype #57:
        mSubtypeNameOverride= mPkLanguageTag= mPkLayoutType= mSubtypeId=1124698716 mSubtypeLocale=pl mSubtypeLanguageTag= mSubtypeMode=keyboard mIsAuxiliary=false mOverridesImplicitlyEnabledSubtype=false mIsAsciiCapable=true mSubtypeHashCode=1124698716
      InputMethodSubtype #58:
        mSubtypeNameOverride= mPkLanguageTag= mPkLayoutType= mSubtypeId=-889195354 mSubtypeLocale=pt_BR mSubtypeLanguageTag= mSubtypeMode=keyboard mIsAuxiliary=false mOverridesImplicitlyEnabledSubtype=false mIsAsciiCapable=true mSubtypeHashCode=-889195354
      InputMethodSubtype #59:
        mSubtypeNameOverride= mPkLanguageTag= mPkLayoutType= mSubtypeId=-486540198 mSubtypeLocale=pt_PT mSubtypeLanguageTag= mSubtypeMode=keyboard mIsAuxiliary=false mOverridesImplicitlyEnabledSubtype=false mIsAsciiCapable=true mSubtypeHashCode=-486540198
      InputMethodSubtype #60:
        mSubtypeNameOverride= mPkLanguageTag= mPkLayoutType= mSubtypeId=-1927784072 mSubtypeLocale=ro mSubtypeLanguageTag= mSubtypeMode=keyboard mIsAuxiliary=false mOverridesImplicitlyEnabledSubtype=false mIsAsciiCapable=true mSubtypeHashCode=-1927784072
      InputMethodSubtype #61:
        mSubtypeNameOverride= mPkLanguageTag= mPkLayoutType= mSubtypeId=1983547218 mSubtypeLocale=ru mSubtypeLanguageTag= mSubtypeMode=keyboard mIsAuxiliary=false mOverridesImplicitlyEnabledSubtype=false mIsAsciiCapable=false mSubtypeHashCode=1983547218
      InputMethodSubtype #62:
        mSubtypeNameOverride= mPkLanguageTag= mPkLayoutType= mSubtypeId=-1902849005 mSubtypeLocale=sk mSubtypeLanguageTag= mSubtypeMode=keyboard mIsAuxiliary=false mOverridesImplicitlyEnabledSubtype=false mIsAsciiCapable=true mSubtypeHashCode=-1902849005
      InputMethodSubtype #63:
        mSubtypeNameOverride= mPkLanguageTag= mPkLayoutType= mSubtypeId=-1901925484 mSubtypeLocale=sl mSubtypeLanguageTag= mSubtypeMode=keyboard mIsAuxiliary=false mOverridesImplicitlyEnabledSubtype=false mIsAsciiCapable=true mSubtypeHashCode=-1901925484
      InputMethodSubtype #64:
        mSubtypeNameOverride= mPkLanguageTag= mPkLayoutType= mSubtypeId=2009405806 mSubtypeLocale=sr mSubtypeLanguageTag= mSubtypeMode=keyboard mIsAuxiliary=false mOverridesImplicitlyEnabledSubtype=false mIsAsciiCapable=false mSubtypeHashCode=2009405806
      InputMethodSubtype #65:
        mSubtypeNameOverride= mPkLanguageTag= mPkLayoutType= mSubtypeId=-190490980 mSubtypeLocale=sr_ZZ mSubtypeLanguageTag=sr-Latn mSubtypeMode=keyboard mIsAuxiliary=false mOverridesImplicitlyEnabledSubtype=false mIsAsciiCapable=true mSubtypeHashCode=-190490980
      InputMethodSubtype #66:
        mSubtypeNameOverride= mPkLanguageTag= mPkLayoutType= mSubtypeId=1219821379 mSubtypeLocale=sv mSubtypeLanguageTag= mSubtypeMode=keyboard mIsAuxiliary=false mOverridesImplicitlyEnabledSubtype=false mIsAsciiCapable=true mSubtypeHashCode=1219821379
      InputMethodSubtype #67:
        mSubtypeNameOverride= mPkLanguageTag= mPkLayoutType= mSubtypeId=-1891766753 mSubtypeLocale=sw mSubtypeLanguageTag= mSubtypeMode=keyboard mIsAuxiliary=false mOverridesImplicitlyEnabledSubtype=false mIsAsciiCapable=true mSubtypeHashCode=-1891766753
      InputMethodSubtype #68:
        mSubtypeNameOverride= mPkLanguageTag= mPkLayoutType= mSubtypeId=1739385386 mSubtypeLocale=ta_IN mSubtypeLanguageTag= mSubtypeMode=keyboard mIsAuxiliary=false mOverridesImplicitlyEnabledSubtype=false mIsAsciiCapable=false mSubtypeHashCode=1739385386
      InputMethodSubtype #69:
        mSubtypeNameOverride= mPkLanguageTag= mPkLayoutType= mSubtypeId=2019212249 mSubtypeLocale=ta_SG mSubtypeLanguageTag= mSubtypeMode=keyboard mIsAuxiliary=false mOverridesImplicitlyEnabledSubtype=false mIsAsciiCapable=false mSubtypeHashCode=2019212249
      InputMethodSubtype #70:
        mSubtypeNameOverride= mPkLanguageTag= mPkLayoutType= mSubtypeId=504853385 mSubtypeLocale=te_IN mSubtypeLanguageTag= mSubtypeMode=keyboard mIsAuxiliary=false mOverridesImplicitlyEnabledSubtype=false mIsAsciiCapable=false mSubtypeHashCode=504853385
      InputMethodSubtype #71:
        mSubtypeNameOverride= mPkLanguageTag= mPkLayoutType= mSubtypeId=529847764 mSubtypeLocale=th mSubtypeLanguageTag= mSubtypeMode=keyboard mIsAuxiliary=false mOverridesImplicitlyEnabledSubtype=false mIsAsciiCapable=false mSubtypeHashCode=529847764
      InputMethodSubtype #72:
        mSubtypeNameOverride= mPkLanguageTag= mPkLayoutType= mSubtypeId=-259881489 mSubtypeLocale=tl mSubtypeLanguageTag=fil mSubtypeMode=keyboard mIsAuxiliary=false mOverridesImplicitlyEnabledSubtype=false mIsAsciiCapable=true mSubtypeHashCode=-259881489
      InputMethodSubtype #73:
        mSubtypeNameOverride= mPkLanguageTag= mPkLayoutType= mSubtypeId=1244756446 mSubtypeLocale=tr mSubtypeLanguageTag= mSubtypeMode=keyboard mIsAuxiliary=false mOverridesImplicitlyEnabledSubtype=false mIsAsciiCapable=true mSubtypeHashCode=1244756446
      InputMethodSubtype #74:
        mSubtypeNameOverride= mPkLanguageTag= mPkLayoutType= mSubtypeId=1048856876 mSubtypeLocale=uk mSubtypeLanguageTag= mSubtypeMode=keyboard mIsAuxiliary=false mOverridesImplicitlyEnabledSubtype=false mIsAsciiCapable=false mSubtypeHashCode=1048856876
      InputMethodSubtype #75:
        mSubtypeNameOverride= mPkLanguageTag= mPkLayoutType= mSubtypeId=-1386416138 mSubtypeLocale=uz_UZ mSubtypeLanguageTag= mSubtypeMode=keyboard mIsAuxiliary=false mOverridesImplicitlyEnabledSubtype=false mIsAsciiCapable=true mSubtypeHashCode=-1386416138
      InputMethodSubtype #76:
        mSubtypeNameOverride= mPkLanguageTag= mPkLayoutType= mSubtypeId=-1818808594 mSubtypeLocale=vi mSubtypeLanguageTag= mSubtypeMode=keyboard mIsAuxiliary=false mOverridesImplicitlyEnabledSubtype=false mIsAsciiCapable=true mSubtypeHashCode=-1818808594
      InputMethodSubtype #77:
        mSubtypeNameOverride= mPkLanguageTag= mPkLayoutType= mSubtypeId=-1693209738 mSubtypeLocale=zu mSubtypeLanguageTag= mSubtypeMode=keyboard mIsAuxiliary=false mOverridesImplicitlyEnabledSubtype=false mIsAsciiCapable=true mSubtypeHashCode=-1693209738
      InputMethodSubtype #78:
        mSubtypeNameOverride= mPkLanguageTag= mPkLayoutType= mSubtypeId=-1573262419 mSubtypeLocale=zz mSubtypeLanguageTag= mSubtypeMode=keyboard mIsAuxiliary=false mOverridesImplicitlyEnabledSubtype=false mIsAsciiCapable=true mSubtypeHashCode=-1573262419
      InputMethodSubtype #79:
        mSubtypeNameOverride= mPkLanguageTag= mPkLayoutType= mSubtypeId=784412869 mSubtypeLocale=de mSubtypeLanguageTag= mSubtypeMode=keyboard mIsAuxiliary=false mOverridesImplicitlyEnabledSubtype=false mIsAsciiCapable=false mSubtypeHashCode=784412869
      InputMethodSubtype #80:
        mSubtypeNameOverride= mPkLanguageTag= mPkLayoutType= mSubtypeId=845917585 mSubtypeLocale=fr mSubtypeLanguageTag= mSubtypeMode=keyboard mIsAuxiliary=false mOverridesImplicitlyEnabledSubtype=false mIsAsciiCapable=false mSubtypeHashCode=845917585
  ClientStates:
  ClientState{eaee31a mUid=10148 mPid=3468 mSelfReportedDisplayId=0}:
    client=com.android.server.inputmethod.IInputMethodClientInvoker@800ee9
    fallbackInputConnection=com.android.internal.inputmethod.IRemoteInputConnection$Stub$Proxy@c47876e
    sessionRequested=false
    sessionRequestedForAccessibility=true
    curSession=SessionState{uid=10148 pid=3468 method=2cc5e0f session=446ce9c channel=ClientState{eaee31a mUid=10148 mPid=3468 mSelfReportedDisplayId=0} (server)}
    selfReportedDisplayId=0
    uid=10148
    pid=3468
  ClientState{e6b85b0 mUid=1000 mPid=1122 mSelfReportedDisplayId=0}:
    client=com.android.server.inputmethod.IInputMethodClientInvoker@dc1b0a5
    fallbackInputConnection=com.android.internal.inputmethod.IRemoteInputConnection$Stub$Proxy@3e8ac7a
    sessionRequested=false
    sessionRequestedForAccessibility=false
    curSession=SessionState{uid=1000 pid=1122 method=2cc5e0f session=efacc2b channel=ClientState{e6b85b0 mUid=1000 mPid=1122 mSelfReportedDisplayId=0} (server)}
    selfReportedDisplayId=0
    uid=1000
    pid=1122
  ClientState{f403888 mUid=1000 mPid=568 mSelfReportedDisplayId=0}:
    client=com.android.server.inputmethod.IInputMethodClientInvoker@c1b221
    fallbackInputConnection=RemoteInputConnectionImpl{connection=android.view.inputmethod.BaseInputConnection@d451646 mDeactivateRequested=false mServedView=null}
    sessionRequested=false
    sessionRequestedForAccessibility=false
    curSession=null
    selfReportedDisplayId=0
    uid=1000
    pid=568
  ClientState{3580007 mUid=10065 mPid=1618 mSelfReportedDisplayId=0}:
    client=com.android.server.inputmethod.IInputMethodClientInvoker@8e45534
    fallbackInputConnection=com.android.internal.inputmethod.IRemoteInputConnection$Stub$Proxy@5664f5d
    sessionRequested=false
    sessionRequestedForAccessibility=false
    curSession=null
    selfReportedDisplayId=0
    uid=10065
    pid=1618
  ClientState{8ef253c mUid=10072 mPid=4765 mSelfReportedDisplayId=0}:
    client=com.android.server.inputmethod.IInputMethodClientInvoker@cc40214
    fallbackInputConnection=com.android.internal.inputmethod.IRemoteInputConnection$Stub$Proxy@78f2abd
    sessionRequested=false
    sessionRequestedForAccessibility=false
    curSession=SessionState{uid=10072 pid=4765 method=2cc5e0f session=228f8b2 channel=ClientState{8ef253c mUid=10072 mPid=4765 mSelfReportedDisplayId=0} (server)}
    selfReportedDisplayId=0
    uid=10072
    pid=4765
  ClientState{7ac50d2 mUid=10113 mPid=1725 mSelfReportedDisplayId=0}:
    client=com.android.server.inputmethod.IInputMethodClientInvoker@96a95a3
    fallbackInputConnection=com.android.internal.inputmethod.IRemoteInputConnection$Stub$Proxy@b0b90a0
    sessionRequested=false
    sessionRequestedForAccessibility=false
    curSession=null
    selfReportedDisplayId=0
    uid=10113
    pid=1725
  ClientState{5bd8459 mUid=10121 mPid=935 mSelfReportedDisplayId=0}:
    client=com.android.server.inputmethod.IInputMethodClientInvoker@5daa81e
    fallbackInputConnection=com.android.internal.inputmethod.IRemoteInputConnection$Stub$Proxy@286e8ff
    sessionRequested=false
    sessionRequestedForAccessibility=false
    curSession=null
    selfReportedDisplayId=0
    uid=10121
    pid=935
  ClientState{871e99d mUid=10123 mPid=1206 mSelfReportedDisplayId=0}:
    client=com.android.server.inputmethod.IInputMethodClientInvoker@2a916cc
    fallbackInputConnection=com.android.internal.inputmethod.IRemoteInputConnection$Stub$Proxy@4b90d15
    sessionRequested=false
    sessionRequestedForAccessibility=false
    curSession=SessionState{uid=10123 pid=1206 method=2cc5e0f session=805282a channel=ClientState{871e99d mUid=10123 mPid=1206 mSelfReportedDisplayId=0} (server)}
    selfReportedDisplayId=0
    uid=10123
    pid=1206
  mCurrentUserId=0
  mCurMethodId=com.android.inputmethod.latin/.LatinIME
  mCurClient=ClientState{eaee31a mUid=10148 mPid=3468 mSelfReportedDisplayId=0} mCurSeq=23
  mFocusedWindowPerceptible={null=true, android.os.BinderProxy@3caddc8=true, android.os.BinderProxy@cd7163d=true, android.os.BinderProxy@694f2f1=true, android.os.BinderProxy@10c55f4=true, android.os.BinderProxy@6f840ec=true, android.os.BinderProxy@5106379=true, android.os.BinderProxy@ebc7fce=true, android.os.BinderProxy@8a2d85e=true, android.os.BinderProxy@33fba9f=true}
  mFocusedWindow()=android.os.BinderProxy@3caddc8
  softInputMode=STATE_UNSPECIFIED|ADJUST_RESIZE
  mFocusedWindowClient=ClientState{eaee31a mUid=10148 mPid=3468 mSelfReportedDisplayId=0}
  mCurId=com.android.inputmethod.latin/.LatinIME mHaveConnection=true mBoundToMethod=true mVisibleBound=true
  mUserDataRepository=
    mUserId=0
      hasMainConnection=true
      isVisibleBound=true
  mCurToken=android.os.Binder@79fd508
  mCurTokenDisplayId=0
  mCurHostInputToken=null
  mCurIntent=Intent { act=android.view.InputMethod cmp=com.android.inputmethod.latin/.LatinIME (has extras) }
  mCurMethod=com.android.server.inputmethod.IInputMethodInvoker@6eb161b
  mEnabledSession=SessionState{uid=10148 pid=3468 method=2cc5e0f session=446ce9c channel=ClientState{eaee31a mUid=10148 mPid=3468 mSelfReportedDisplayId=0} (server)}
  mRequestedShowExplicitly=true mShowForced=false
  mImeHiddenByDisplayPolicy=false
  mInputShown=true
  mInFullscreenMode=false
  mSystemReady=true mInteractive=true
  mExperimentalConcurrentMultiUserModeEnabled=false
  ENABLE_HIDE_IME_CAPTION_BAR=true
  mSettingsObserver=SettingsObserver{mUserId=0 mRegistered=true mLastEnabled=com.android.inputmethod.latin/.LatinIME}
  mStylusIds=[2, 3, 4, 5, 6, 7, 8, 9, 10, 11, 12]
  mSwitchingController:
    mSwitchingAwareRotationList:
      rank=0 item=ImeSubtypeListItem{mImeName=Android Keyboard (AOSP) mSubtypeName=English (US) mSubtypeId=0 mIsSystemLocale=false mIsSystemLanguage=false}
    mSwitchingUnawareRotationList:
  mStartInputHistory:
    StartInput #0:
      time=2026-09-10 08:50:01.827 (timestamp=23715) reason=SESSION_CREATED_BY_IME restarting=false
      imeToken=android.os.Binder@79fd508 [com.android.inputmethod.latin/.LatinIME] imeUserId=0 imeDisplayId=0
      targetWin=android.os.BinderProxy@5106379 [com.android.settings] targetUserId=0 targetDisplayId=0 clientBindSeq=2
      softInputMode=STATE_UNSPECIFIED|ADJUST_PAN
      inputType=0x0 imeOptions=0x0 fieldId=0x0 fieldName=null actionId=0 actionLabel=null
    StartInput #1:
      time=2026-09-10 08:50:05.902 (timestamp=27789) reason=SESSION_CREATED_BY_IME restarting=false
      imeToken=android.os.Binder@79fd508 [com.android.inputmethod.latin/.LatinIME] imeUserId=0 imeDisplayId=0
      targetWin=android.os.BinderProxy@694f2f1 [com.android.launcher3] targetUserId=0 targetDisplayId=0 clientBindSeq=3
      softInputMode=STATE_UNSPECIFIED|ADJUST_NOTHING
      inputType=0x0 imeOptions=0x0 fieldId=0x0 fieldName=null actionId=0 actionLabel=null
    StartInput #2:
      time=2026-09-10 08:50:28.792 (timestamp=50680) reason=SESSION_CREATED_BY_IME restarting=false
      imeToken=android.os.Binder@79fd508 [com.android.inputmethod.latin/.LatinIME] imeUserId=0 imeDisplayId=0
      targetWin=android.os.BinderProxy@cd7163d [dev.partydeck.app] targetUserId=0 targetDisplayId=0 clientBindSeq=4
      softInputMode=STATE_UNSPECIFIED|ADJUST_RESIZE|IS_FORWARD_NAVIGATION
      inputType=0x0 imeOptions=0x0 fieldId=0x0 fieldName=null actionId=0 actionLabel=null
    StartInput #3:
      time=2026-09-10 08:51:00.784 (timestamp=82671) reason=WINDOW_FOCUS_GAIN restarting=false
      imeToken=android.os.Binder@79fd508 [com.android.inputmethod.latin/.LatinIME] imeUserId=0 imeDisplayId=0
      targetWin=android.os.BinderProxy@33fba9f [dev.partydeck.app] targetUserId=0 targetDisplayId=0 clientBindSeq=5
      softInputMode=STATE_UNSPECIFIED|ADJUST_PAN
      inputType=0x0 imeOptions=0x0 fieldId=0x0 fieldName=null actionId=0 actionLabel=null
    StartInput #4:
      time=2026-09-10 08:51:02.812 (timestamp=84700) reason=WINDOW_FOCUS_GAIN restarting=false
      imeToken=android.os.Binder@79fd508 [com.android.inputmethod.latin/.LatinIME] imeUserId=0 imeDisplayId=0
      targetWin=android.os.BinderProxy@cd7163d [dev.partydeck.app] targetUserId=0 targetDisplayId=0 clientBindSeq=6
      softInputMode=STATE_UNSPECIFIED|ADJUST_RESIZE
      inputType=0x0 imeOptions=0x0 fieldId=0x0 fieldName=null actionId=0 actionLabel=null
    StartInput #5:
      time=2026-09-10 08:51:26.215 (timestamp=108103) reason=WINDOW_FOCUS_GAIN restarting=false
      imeToken=android.os.Binder@79fd508 [com.android.inputmethod.latin/.LatinIME] imeUserId=0 imeDisplayId=0
      targetWin=android.os.BinderProxy@694f2f1 [com.android.launcher3] targetUserId=0 targetDisplayId=0 clientBindSeq=7
      softInputMode=STATE_UNSPECIFIED|ADJUST_NOTHING
      inputType=0x0 imeOptions=0x0 fieldId=0x0 fieldName=null actionId=0 actionLabel=null
    StartInput #6:
      time=2026-09-10 08:51:27.857 (timestamp=109745) reason=SESSION_CREATED_BY_IME restarting=false
      imeToken=android.os.Binder@79fd508 [com.android.inputmethod.latin/.LatinIME] imeUserId=0 imeDisplayId=0
      targetWin=android.os.BinderProxy@3caddc8 [dev.partydeck.app] targetUserId=0 targetDisplayId=0 clientBindSeq=8
      softInputMode=STATE_UNSPECIFIED|ADJUST_RESIZE|IS_FORWARD_NAVIGATION
      inputType=0x0 imeOptions=0x0 fieldId=0x0 fieldName=null actionId=0 actionLabel=null
    StartInput #7:
      time=2026-09-10 08:52:28.036 (timestamp=169923) reason=WINDOW_FOCUS_GAIN restarting=false
      imeToken=android.os.Binder@79fd508 [com.android.inputmethod.latin/.LatinIME] imeUserId=0 imeDisplayId=0
      targetWin=android.os.BinderProxy@694f2f1 [com.android.launcher3] targetUserId=0 targetDisplayId=0 clientBindSeq=9
      softInputMode=STATE_UNSPECIFIED|ADJUST_NOTHING|IS_FORWARD_NAVIGATION
      inputType=0x0 imeOptions=0x0 fieldId=0x0 fieldName=null actionId=0 actionLabel=null
    StartInput #8:
      time=2026-09-10 08:52:30.092 (timestamp=171980) reason=WINDOW_FOCUS_GAIN restarting=false
      imeToken=android.os.Binder@79fd508 [com.android.inputmethod.latin/.LatinIME] imeUserId=0 imeDisplayId=0
      targetWin=android.os.BinderProxy@3caddc8 [dev.partydeck.app] targetUserId=0 targetDisplayId=0 clientBindSeq=10
      softInputMode=STATE_UNSPECIFIED|ADJUST_RESIZE
      inputType=0x0 imeOptions=0x0 fieldId=0x0 fieldName=null actionId=0 actionLabel=null
    StartInput #9:
      time=2026-09-10 08:52:55.060 (timestamp=196948) reason=WINDOW_FOCUS_GAIN restarting=false
      imeToken=android.os.Binder@79fd508 [com.android.inputmethod.latin/.LatinIME] imeUserId=0 imeDisplayId=0
      targetWin=android.os.BinderProxy@6f840ec [dev.partydeck.app] targetUserId=0 targetDisplayId=0 clientBindSeq=11
      softInputMode=STATE_UNSPECIFIED|ADJUST_PAN
      inputType=0x0 imeOptions=0x0 fieldId=0x0 fieldName=null actionId=0 actionLabel=null
    StartInput #10:
      time=2026-09-10 08:52:57.191 (timestamp=199079) reason=WINDOW_FOCUS_GAIN restarting=false
      imeToken=android.os.Binder@79fd508 [com.android.inputmethod.latin/.LatinIME] imeUserId=0 imeDisplayId=0
      targetWin=android.os.BinderProxy@3caddc8 [dev.partydeck.app] targetUserId=0 targetDisplayId=0 clientBindSeq=12
      softInputMode=STATE_UNSPECIFIED|ADJUST_RESIZE
      inputType=0x0 imeOptions=0x0 fieldId=0x0 fieldName=null actionId=0 actionLabel=null
    StartInput #11:
      time=2026-09-10 08:53:05.500 (timestamp=207388) reason=CHECK_FOCUS restarting=false
      imeToken=android.os.Binder@79fd508 [com.android.inputmethod.latin/.LatinIME] imeUserId=0 imeDisplayId=0
      targetWin=android.os.BinderProxy@3caddc8 [dev.partydeck.app] targetUserId=0 targetDisplayId=0 clientBindSeq=13
      softInputMode=STATE_UNSPECIFIED|ADJUST_RESIZE
      inputType=0x2001 imeOptions=0x2000006 fieldId=0xffffffff fieldName=null actionId=0 actionLabel=null
    StartInput #12:
      time=2026-09-10 08:53:05.502 (timestamp=207390) reason=APP_CALLED_RESTART_INPUT_API restarting=true
      imeToken=android.os.Binder@79fd508 [com.android.inputmethod.latin/.LatinIME] imeUserId=0 imeDisplayId=0
      targetWin=android.os.BinderProxy@3caddc8 [dev.partydeck.app] targetUserId=0 targetDisplayId=0 clientBindSeq=14
      softInputMode=STATE_UNSPECIFIED|ADJUST_RESIZE
      inputType=0x2001 imeOptions=0x2000006 fieldId=0xffffffff fieldName=null actionId=0 actionLabel=null
    StartInput #13:
      time=2026-09-10 08:53:17.272 (timestamp=219159) reason=APP_CALLED_RESTART_INPUT_API restarting=true
      imeToken=android.os.Binder@79fd508 [com.android.inputmethod.latin/.LatinIME] imeUserId=0 imeDisplayId=0
      targetWin=android.os.BinderProxy@3caddc8 [dev.partydeck.app] targetUserId=0 targetDisplayId=0 clientBindSeq=15
      softInputMode=STATE_UNSPECIFIED|ADJUST_RESIZE
      inputType=0x0 imeOptions=0x0 fieldId=0x0 fieldName=null actionId=0 actionLabel=null
    StartInput #14:
      time=2026-09-10 08:53:22.087 (timestamp=223975) reason=WINDOW_FOCUS_GAIN restarting=false
      imeToken=android.os.Binder@79fd508 [com.android.inputmethod.latin/.LatinIME] imeUserId=0 imeDisplayId=0
      targetWin=android.os.BinderProxy@10c55f4 [dev.partydeck.app] targetUserId=0 targetDisplayId=0 clientBindSeq=16
      softInputMode=STATE_UNSPECIFIED|ADJUST_PAN
      inputType=0x0 imeOptions=0x0 fieldId=0x0 fieldName=null actionId=0 actionLabel=null
    StartInput #15:
      time=2026-09-10 08:53:31.541 (timestamp=233429) reason=SESSION_CREATED_BY_IME restarting=false
      imeToken=android.os.Binder@79fd508 [com.android.inputmethod.latin/.LatinIME] imeUserId=0 imeDisplayId=0
      targetWin=android.os.BinderProxy@8a2d85e [com.android.intentresolver] targetUserId=0 targetDisplayId=0 clientBindSeq=17
      softInputMode=STATE_UNSPECIFIED|ADJUST_RESIZE|IS_FORWARD_NAVIGATION
      inputType=0x0 imeOptions=0x0 fieldId=0x0 fieldName=null actionId=0 actionLabel=null
    StartInput #16:
      time=2026-09-10 08:53:33.884 (timestamp=235771) reason=WINDOW_FOCUS_GAIN restarting=false
      imeToken=android.os.Binder@79fd508 [com.android.inputmethod.latin/.LatinIME] imeUserId=0 imeDisplayId=0
      targetWin=android.os.BinderProxy@10c55f4 [dev.partydeck.app] targetUserId=0 targetDisplayId=0 clientBindSeq=18
      softInputMode=STATE_UNSPECIFIED|ADJUST_PAN
      inputType=0x0 imeOptions=0x0 fieldId=0x0 fieldName=null actionId=0 actionLabel=null
    StartInput #17:
      time=2026-09-10 08:53:36.126 (timestamp=238013) reason=WINDOW_FOCUS_GAIN restarting=false
      imeToken=android.os.Binder@79fd508 [com.android.inputmethod.latin/.LatinIME] imeUserId=0 imeDisplayId=0
      targetWin=android.os.BinderProxy@3caddc8 [dev.partydeck.app] targetUserId=0 targetDisplayId=0 clientBindSeq=19
      softInputMode=STATE_UNSPECIFIED|ADJUST_RESIZE
      inputType=0x0 imeOptions=0x0 fieldId=0x0 fieldName=null actionId=0 actionLabel=null
    StartInput #18:
      time=2026-09-10 08:53:40.440 (timestamp=242328) reason=WINDOW_FOCUS_GAIN restarting=false
      imeToken=android.os.Binder@79fd508 [com.android.inputmethod.latin/.LatinIME] imeUserId=0 imeDisplayId=0
      targetWin=android.os.BinderProxy@ebc7fce [dev.partydeck.app] targetUserId=0 targetDisplayId=0 clientBindSeq=20
      softInputMode=STATE_UNSPECIFIED|ADJUST_PAN
      inputType=0x0 imeOptions=0x0 fieldId=0x0 fieldName=null actionId=0 actionLabel=null
    StartInput #19:
      time=2026-09-10 08:53:42.607 (timestamp=244495) reason=WINDOW_FOCUS_GAIN restarting=false
      imeToken=android.os.Binder@79fd508 [com.android.inputmethod.latin/.LatinIME] imeUserId=0 imeDisplayId=0
      targetWin=android.os.BinderProxy@3caddc8 [dev.partydeck.app] targetUserId=0 targetDisplayId=0 clientBindSeq=21
      softInputMode=STATE_UNSPECIFIED|ADJUST_RESIZE
      inputType=0x0 imeOptions=0x0 fieldId=0x0 fieldName=null actionId=0 actionLabel=null
    StartInput #20:
      time=2026-09-10 08:53:50.896 (timestamp=252784) reason=CHECK_FOCUS restarting=false
      imeToken=android.os.Binder@79fd508 [com.android.inputmethod.latin/.LatinIME] imeUserId=0 imeDisplayId=0
      targetWin=android.os.BinderProxy@3caddc8 [dev.partydeck.app] targetUserId=0 targetDisplayId=0 clientBindSeq=22
      softInputMode=STATE_UNSPECIFIED|ADJUST_RESIZE
      inputType=0x2001 imeOptions=0x2000005 fieldId=0xffffffff fieldName=null actionId=0 actionLabel=null
    StartInput #21:
      time=2026-09-10 08:53:50.896 (timestamp=252784) reason=APP_CALLED_RESTART_INPUT_API restarting=true
      imeToken=android.os.Binder@79fd508 [com.android.inputmethod.latin/.LatinIME] imeUserId=0 imeDisplayId=0
      targetWin=android.os.BinderProxy@3caddc8 [dev.partydeck.app] targetUserId=0 targetDisplayId=0 clientBindSeq=23
      softInputMode=STATE_UNSPECIFIED|ADJUST_RESIZE
      inputType=0x2001 imeOptions=0x2000005 fieldId=0xffffffff fieldName=null actionId=0 actionLabel=null
  mSoftInputShowHideHistory:
    SoftInputShowHide #0:
      time=2026-09-10 08:53:05.505 (timestamp=207393)
      reason=SHOW_SOFT_INPUT_BY_INSETS_API inFullscreenMode=false
      requestClient=ClientState{eaee31a mUid=10148 mPid=3468 mSelfReportedDisplayId=0}
      focusedWindowName=da38e61 dev.partydeck.app/dev.partydeck.app.MainActivity
      requestWindowName=da38e61 dev.partydeck.app/dev.partydeck.app.MainActivity
      imeControlTargetName=da38e61 dev.partydeck.app/dev.partydeck.app.MainActivity
      imeTargetNameFromWm=da38e61 dev.partydeck.app/dev.partydeck.app.MainActivity
      imeSurfaceParentName=Surface(name=ActivityRecord{932c11 u0 dev.partydeck.app/.MainActivity)/@0xc4b1474
      editorInfo: inputType=0 privateImeOptions=null fieldId (viewId)=0
      focusedWindowSoftInputMode=STATE_UNSPECIFIED|ADJUST_RESIZE
    SoftInputShowHide #1:
      time=2026-09-10 08:53:05.544 (timestamp=207432)
      reason=SHOW_SOFT_INPUT inFullscreenMode=false
      requestClient=ClientState{eaee31a mUid=10148 mPid=3468 mSelfReportedDisplayId=0}
      focusedWindowName=da38e61 dev.partydeck.app/dev.partydeck.app.MainActivity
      requestWindowName=da38e61 dev.partydeck.app/dev.partydeck.app.MainActivity
      imeControlTargetName=da38e61 dev.partydeck.app/dev.partydeck.app.MainActivity
      imeTargetNameFromWm=da38e61 dev.partydeck.app/dev.partydeck.app.MainActivity
      imeSurfaceParentName=Surface(name=ActivityRecord{932c11 u0 dev.partydeck.app/.MainActivity)/@0xc4b1474
      editorInfo: inputType=0 privateImeOptions=null fieldId (viewId)=0
      focusedWindowSoftInputMode=STATE_UNSPECIFIED|ADJUST_RESIZE
    SoftInputShowHide #2:
      time=2026-09-10 08:53:15.030 (timestamp=216918)
      reason=HIDE_SOFT_INPUT_BY_BACK_KEY inFullscreenMode=false
      requestClient=ClientState{eaee31a mUid=10148 mPid=3468 mSelfReportedDisplayId=0}
      focusedWindowName=da38e61 dev.partydeck.app/dev.partydeck.app.MainActivity
      requestWindowName=da38e61 dev.partydeck.app/dev.partydeck.app.MainActivity
      imeControlTargetName=da38e61 dev.partydeck.app/dev.partydeck.app.MainActivity
      imeTargetNameFromWm=da38e61 dev.partydeck.app/dev.partydeck.app.MainActivity
      imeSurfaceParentName=Surface(name=ActivityRecord{932c11 u0 dev.partydeck.app/.MainActivity)/@0xc4b1474
      editorInfo: inputType=0 privateImeOptions=null fieldId (viewId)=0
      focusedWindowSoftInputMode=STATE_UNSPECIFIED|ADJUST_RESIZE
    SoftInputShowHide #3:
      time=2026-09-10 08:53:50.899 (timestamp=252787)
      reason=SHOW_SOFT_INPUT_BY_INSETS_API inFullscreenMode=false
      requestClient=ClientState{eaee31a mUid=10148 mPid=3468 mSelfReportedDisplayId=0}
      focusedWindowName=da38e61 dev.partydeck.app/dev.partydeck.app.MainActivity
      requestWindowName=da38e61 dev.partydeck.app/dev.partydeck.app.MainActivity
      imeControlTargetName=da38e61 dev.partydeck.app/dev.partydeck.app.MainActivity
      imeTargetNameFromWm=da38e61 dev.partydeck.app/dev.partydeck.app.MainActivity
      imeSurfaceParentName=Surface(name=ActivityRecord{932c11 u0 dev.partydeck.app/.MainActivity)/@0xc4b1474
      editorInfo: inputType=0 privateImeOptions=null fieldId (viewId)=0
      focusedWindowSoftInputMode=STATE_UNSPECIFIED|ADJUST_RESIZE
    SoftInputShowHide #4:
      time=2026-09-10 08:53:50.929 (timestamp=252817)
      reason=SHOW_SOFT_INPUT inFullscreenMode=false
      requestClient=ClientState{eaee31a mUid=10148 mPid=3468 mSelfReportedDisplayId=0}
      focusedWindowName=da38e61 dev.partydeck.app/dev.partydeck.app.MainActivity
      requestWindowName=da38e61 dev.partydeck.app/dev.partydeck.app.MainActivity
      imeControlTargetName=da38e61 dev.partydeck.app/dev.partydeck.app.MainActivity
      imeTargetNameFromWm=da38e61 dev.partydeck.app/dev.partydeck.app.MainActivity
      imeSurfaceParentName=Surface(name=ActivityRecord{932c11 u0 dev.partydeck.app/.MainActivity)/@0xc4b1474
      editorInfo: inputType=0 privateImeOptions=null fieldId (viewId)=0
      focusedWindowSoftInputMode=STATE_UNSPECIFIED|ADJUST_RESIZE
  mImeTrackerService#History:
    mLiveEntries: 0 elements
    mEntries: 26 elements
      #0 TYPE_HIDE - STATUS_CANCEL - com.android.settings:5c72568f (0ms):
        startTime=2026-09-10 08:49:59.090 ORIGIN_SERVER
        reason=HIDE_UNSPECIFIED_WINDOW PHASE_SERVER_SHOULD_HIDE
        requestWindowName=not set
      #1 TYPE_HIDE - STATUS_CANCEL - com.android.settings:8c8c35ea (0ms):
        startTime=2026-09-10 08:49:59.472 ORIGIN_SERVER
        reason=HIDE_UNSPECIFIED_WINDOW PHASE_SERVER_SHOULD_HIDE
        requestWindowName=not set
      #2 TYPE_HIDE - STATUS_CANCEL - com.android.launcher3:872a656a (0ms):
        startTime=2026-09-10 08:50:05.890 ORIGIN_SERVER
        reason=HIDE_UNSPECIFIED_WINDOW PHASE_SERVER_SHOULD_HIDE
        requestWindowName=not set
      #3 TYPE_HIDE - STATUS_CANCEL - dev.partydeck.app:c42a961 (0ms):
        startTime=2026-09-10 08:50:28.785 ORIGIN_SERVER
        reason=HIDE_UNSPECIFIED_WINDOW PHASE_SERVER_SHOULD_HIDE
        requestWindowName=not set
      #4 TYPE_HIDE - STATUS_CANCEL - dev.partydeck.app:10a30479 (0ms):
        startTime=2026-09-10 08:51:00.783 ORIGIN_SERVER
        reason=HIDE_UNSPECIFIED_WINDOW PHASE_SERVER_SHOULD_HIDE
        requestWindowName=not set
      #5 TYPE_HIDE - STATUS_CANCEL - dev.partydeck.app:4a787e67 (1ms):
        startTime=2026-09-10 08:51:02.811 ORIGIN_SERVER
        reason=HIDE_UNSPECIFIED_WINDOW PHASE_SERVER_SHOULD_HIDE
        requestWindowName=not set
      #6 TYPE_HIDE - STATUS_CANCEL - dev.partydeck.app:a00d79d2 (0ms):
        startTime=2026-09-10 08:51:25.893 ORIGIN_SERVER
        reason=HIDE_REMOVE_CLIENT PHASE_SERVER_SHOULD_HIDE
        requestWindowName=not set
      #7 TYPE_HIDE - STATUS_CANCEL - com.android.launcher3:da7fc992 (0ms):
        startTime=2026-09-10 08:51:26.215 ORIGIN_SERVER
        reason=HIDE_UNSPECIFIED_WINDOW PHASE_SERVER_SHOULD_HIDE
        requestWindowName=not set
      #8 TYPE_HIDE - STATUS_CANCEL - dev.partydeck.app:cd4889d4 (0ms):
        startTime=2026-09-10 08:51:27.843 ORIGIN_SERVER
        reason=HIDE_UNSPECIFIED_WINDOW PHASE_SERVER_SHOULD_HIDE
        requestWindowName=not set
      #9 TYPE_HIDE - STATUS_CANCEL - com.android.launcher3:668ba042 (3ms):
        startTime=2026-09-10 08:52:28.031 ORIGIN_SERVER
        reason=HIDE_UNSPECIFIED_WINDOW PHASE_SERVER_SHOULD_HIDE
        requestWindowName=not set
      #10 TYPE_HIDE - STATUS_CANCEL - dev.partydeck.app:bc5a357e (0ms):
        startTime=2026-09-10 08:52:30.092 ORIGIN_SERVER
        reason=HIDE_UNSPECIFIED_WINDOW PHASE_SERVER_SHOULD_HIDE
        requestWindowName=not set
      #11 TYPE_HIDE - STATUS_CANCEL - dev.partydeck.app:f2f135f6 (0ms):
        startTime=2026-09-10 08:52:55.060 ORIGIN_SERVER
        reason=HIDE_UNSPECIFIED_WINDOW PHASE_SERVER_SHOULD_HIDE
        requestWindowName=not set
      #12 TYPE_HIDE - STATUS_CANCEL - dev.partydeck.app:abc41c73 (0ms):
        startTime=2026-09-10 08:52:57.191 ORIGIN_SERVER
        reason=HIDE_UNSPECIFIED_WINDOW PHASE_SERVER_SHOULD_HIDE
        requestWindowName=not set
      #13 TYPE_SHOW - STATUS_CANCEL - dev.partydeck.app:23827557 (681ms):
        startTime=2026-09-10 08:53:05.502 ORIGIN_CLIENT
        reason=SHOW_SOFT_INPUT_BY_INSETS_API PHASE_WM_SHOW_IME_RUNNER
        requestWindowName=da38e61 dev.partydeck.app/dev.partydeck.app.MainActivity
      #14 TYPE_SHOW - STATUS_SUCCESS - dev.partydeck.app:2765f44f (729ms):
        startTime=2026-09-10 08:53:05.539 ORIGIN_CLIENT
        reason=SHOW_SOFT_INPUT PHASE_CLIENT_ANIMATION_FINISHED_SHOW
        requestWindowName=da38e61 dev.partydeck.app/dev.partydeck.app.MainActivity
      #16 TYPE_HIDE - STATUS_CANCEL - dev.partydeck.app:ce3fc501 (1ms):
        startTime=2026-09-10 08:53:15.071 ORIGIN_CLIENT
        reason=HIDE_SOFT_INPUT_ON_ANIMATION_STATE_CHANGED PHASE_SERVER_SHOULD_HIDE
        requestWindowName=not set
      #15 TYPE_HIDE - STATUS_SUCCESS - com.android.inputmethod.latin:ac2240fb (46ms):
        startTime=2026-09-10 08:53:15.030 ORIGIN_IME
        reason=HIDE_SOFT_INPUT_BY_BACK_KEY PHASE_CLIENT_ANIMATION_FINISHED_HIDE
        requestWindowName=da38e61 dev.partydeck.app/dev.partydeck.app.MainActivity
      #17 TYPE_HIDE - STATUS_CANCEL - dev.partydeck.app:8294c3b2 (1ms):
        startTime=2026-09-10 08:53:17.270 ORIGIN_CLIENT
        reason=HIDE_SOFT_INPUT_BY_INSETS_API PHASE_CLIENT_APPLY_ANIMATION
        requestWindowName=not set
      #18 TYPE_HIDE - STATUS_CANCEL - dev.partydeck.app:65ede87e (0ms):
        startTime=2026-09-10 08:53:22.087 ORIGIN_SERVER
        reason=HIDE_UNSPECIFIED_WINDOW PHASE_SERVER_SHOULD_HIDE
        requestWindowName=not set
      #19 TYPE_HIDE - STATUS_CANCEL - com.android.intentresolver:7b80f6fe (0ms):
        startTime=2026-09-10 08:53:31.537 ORIGIN_SERVER
        reason=HIDE_UNSPECIFIED_WINDOW PHASE_SERVER_SHOULD_HIDE
        requestWindowName=not set
      #20 TYPE_HIDE - STATUS_CANCEL - dev.partydeck.app:3b758c6f (0ms):
        startTime=2026-09-10 08:53:33.883 ORIGIN_SERVER
        reason=HIDE_UNSPECIFIED_WINDOW PHASE_SERVER_SHOULD_HIDE
        requestWindowName=not set
      #21 TYPE_HIDE - STATUS_CANCEL - dev.partydeck.app:e24ace42 (0ms):
        startTime=2026-09-10 08:53:36.125 ORIGIN_SERVER
        reason=HIDE_UNSPECIFIED_WINDOW PHASE_SERVER_SHOULD_HIDE
        requestWindowName=not set
      #22 TYPE_HIDE - STATUS_CANCEL - dev.partydeck.app:37aeb44b (0ms):
        startTime=2026-09-10 08:53:40.440 ORIGIN_SERVER
        reason=HIDE_UNSPECIFIED_WINDOW PHASE_SERVER_SHOULD_HIDE
        requestWindowName=not set
      #23 TYPE_HIDE - STATUS_CANCEL - dev.partydeck.app:dbe58140 (0ms):
        startTime=2026-09-10 08:53:42.607 ORIGIN_SERVER
        reason=HIDE_UNSPECIFIED_WINDOW PHASE_SERVER_SHOULD_HIDE
        requestWindowName=not set
      #25 TYPE_SHOW - STATUS_CANCEL - dev.partydeck.app:8e90516d (397ms):
        startTime=2026-09-10 08:53:50.927 ORIGIN_CLIENT
        reason=SHOW_SOFT_INPUT PHASE_CLIENT_APPLY_ANIMATION
        requestWindowName=da38e61 dev.partydeck.app/dev.partydeck.app.MainActivity
      #24 TYPE_SHOW - STATUS_SUCCESS - dev.partydeck.app:cf60e1ac (436ms):
        startTime=2026-09-10 08:53:50.896 ORIGIN_CLIENT
        reason=SHOW_SOFT_INPUT_BY_INSETS_API PHASE_CLIENT_ANIMATION_FINISHED_SHOW
        requestWindowName=da38e61 dev.partydeck.app/dev.partydeck.app.MainActivity
 
Input method client state for android.view.inputmethod.InputMethodManager@b8b968e:
  mFallbackInputConnection=RemoteInputConnectionImpl{connection=android.view.inputmethod.BaseInputConnection@2228eaf mDeactivateRequested=false mServedView=null}
  mActive=true mRestartOnNextWindowFocus=false mBindSequence=23 mCurImeId=com.android.inputmethod.latin/.LatinIME
  mFullscreenMode=false
  mCurMethod=com.android.internal.inputmethod.IInputMethodSession$Stub$Proxy@cbb0d3d
  mCurRootView=android.view.ViewRootImpl@69be245
  mServedView=androidx.compose.ui.platform.AndroidComposeView{e66c6c9 VFED..... .F...... 0,0-720,1600 aid=1073741824}
  mNextServedView=androidx.compose.ui.platform.AndroidComposeView{e66c6c9 VFED..... .F...... 0,0-720,1600 aid=1073741824}
  mServedConnecting=false
  mCurrentEditorInfo:
    inputType=0x2001 imeOptions=0x2000005 privateImeOptions=null
    actionLabel=null actionId=0
    initialSelStart=0 initialSelEnd=0 initialToolType=1 initialCapsMode=0x0
    hintText=null label=null
    packageName=dev.partydeck.app autofillId=1073741824 fieldId=-1 fieldName=null
    hintLocales=null
    supportedHandwritingGestureTypes=SELECT|SELECT_RANGE|INSERT|DELETE|DELETE_RANGE|REMOVE_SPACE|JOIN_OR_SPLIT
    supportedHandwritingGesturePreviewTypes=SELECT|SELECT_RANGE|DELETE|DELETE_RANGE
    isStylusHandwritingEnabled=false
    contentMimeTypes=null
  mServedInputConnection=RemoteInputConnectionImpl{connection=androidx.compose.ui.text.input.NullableInputConnectionWrapperApi34@3db6932 mDeactivateRequested=false mServedView=androidx.compose.ui.platform.AndroidComposeView{e66c6c9 VFED..... .F...... 0,0-720,1600 aid=1073741824}}
  mServedInputConnectionHandler=null
  mCompletions=null
  mCursorRect=Rect(0, 0 - 0, 0)
  mCursorSelStart=8 mCursorSelEnd=8 mCursorCandStart=0 mCursorCandEnd=8
 
Input method service state for com.android.inputmethod.latin.LatinIME@5060342:
  mViewsCreated=true
  mDecorViewVisible=true mDecorViewWasVisible=true mWindowVisible=true mInShowWindow=false
  Configuration={1.0 310mcc260mnc [en_US] ldltr sw411dp w411dp h914dp 280dpi nrml long port finger qwerty/v/v -nav/h winConfig={ mBounds=Rect(0, 0 - 720, 1600) mAppBounds=Rect(0, 0 - 720, 1600) mMaxBounds=Rect(0, 0 - 720, 1600) mDisplayRotation=ROTATION_0 mWindowingMode=fullscreen mActivityType=undefined mAlwaysOnTop=undefined mRotation=ROTATION_0} as.3 s.47 fontWeightAdjustment=0}
  mToken=android.os.BinderProxy@6269db5
  mInputBinding=InputBinding{android.os.BinderProxy@f53459d / uid 10148 / pid 3468}
  mInputConnection=RemoteInputConnection{idHash=#97696e9}
  mStartedInputConnection=RemoteInputConnection{idHash=#aaf6f6e}
  mInputStarted=true mInputViewStarted=true mCandidatesViewStarted=false
  mInputEditorInfo:
    inputType=0x2001 imeOptions=0x2000005 privateImeOptions=null
    actionLabel=null actionId=0
    initialSelStart=0 initialSelEnd=0 initialToolType=0 initialCapsMode=0x0
    hintText=null label=null
    packageName=dev.partydeck.app autofillId=1073741824 fieldId=-1 fieldName=null
    hintLocales=null
    supportedHandwritingGestureTypes=SELECT|SELECT_RANGE|INSERT|DELETE|DELETE_RANGE|REMOVE_SPACE|JOIN_OR_SPLIT
    supportedHandwritingGesturePreviewTypes=SELECT|SELECT_RANGE|DELETE|DELETE_RANGE
    isStylusHandwritingEnabled=true
    contentMimeTypes=null
  mShowInputRequested=true mLastShowInputRequested=true mShowInputFlags=0x1
  mCandidatesVisibility=4 mFullscreenApplied=true mIsFullscreen=false mExtractViewHidden=false
  mExtractedText: null
  mExtractedToken=0
  mIsInputViewShown=true mStatusIcon=0
  Last computed insets:
    contentTopInsets=864 visibleTopInsets=864 touchableInsets=3 touchableRegion=SkRegion((0,864,720,1380))
  mSettingsObserver=SettingsObserver{mShowImeWithHardKeyboard=2}
  mNavigationBarController={mImeDrawsImeNavBar=false mNavigationBarFrame=null mShouldShowImeSwitcherWhenImeIsShown=true mAppearance=0x0 mDarkIntensity=0.0 mDrawLegacyNavigationBarBackground=false}
LatinIME state :
  VersionCode = 30
  VersionName = 15
  Keyboard mode = 0
Current settings :
   mSpacingAndPunctuations = mSortedSymbolsPrecededBySpace = [38, 40, 91, 123]
   mSortedSymbolsFollowedBySpace = [33, 38, 41, 44, 46, 58, 59, 63, 93, 125]
   mSortedWordConnectors = [39, 45]
   mSortedWordSeparators = [9, 10, 32, 33, 34, 38, 40, 41, 42, 43, 44, 46, 47, 58, 59, 60, 61, 62, 63, 91, 93, 95, 123, 124, 125, 160]
   mSuggestPuncList = PunctuationSuggestions:  words=[!, ?, \,, :, ;, ", (, ), ', -, /, @, _]
   mSentenceSeparator = 46
   mSentenceSeparatorAndSpace = . 
   mCurrentLanguageHasSpaces = true
   mUsesAmericanTypography = true
   mUsesGermanRules = false
   mDelayInMillisecondsToUpdateOldSuggestions = 300
   mAutoCap = true
   mVibrateOn = true
   mSoundOn = false
   mKeyPreviewPopupOn = true
   mShowsVoiceInputKey = true
   mIncludesOtherImesInLanguageSwitchList = true
   mShowsLanguageSwitchKey = true
   mUseContactsDict = true
   mUsePersonalizedDicts = true
   mUseDoubleSpacePeriod = true
   mBlockPotentiallyOffensive = true
   mBigramPredictionEnabled = true
   mGestureInputEnabled = false
   mGestureTrailEnabled = true
   mGestureFloatingPreviewTextEnabled = true
   mSlidingKeyInputPreviewEnabled = true
   mKeyLongpressTimeout = 300
   mLocale = en_US
   mInputAttributes = InputAttributes: inputType=0x00002001 noAutoCorrect shouldShowSuggestions insertSpaces targetApp=dev.partydeck.app

   mKeypressVibrationDuration = -1
   mKeypressSoundVolume = -1.0
   mKeyPreviewPopupDismissDelay = 70
   mAutoCorrectEnabled = true
   mAutoCorrectionThreshold = 0.185
   mAutoCorrectionEnabledPerUserSettings = false
   mSuggestionsEnabledPerUserSettings = true
   mDisplayOrientation = 1
   mAppWorkarounds = Target application : null
Package : dev.partydeck.app
Target app sdk version : 36
   mIsInternal = false
   mKeyPreviewShowUpDuration = 17
   mKeyPreviewDismissDuration = 53
   mKeyPreviewShowUpStartScaleX = 0.98
   mKeyPreviewShowUpStartScaleY = 0.98
   mKeyPreviewDismissEndScaleX = 0.94000006
   mKeyPreviewDismissEndScaleY = 0.94000006

