--------- beginning of main
09-10 08:47:48.408  3078  3078 I t.compare:godot: Late-enabling -Xcheck:jni
09-10 08:47:48.441  3078  3078 I t.compare:godot: Using CollectorTypeCMC GC.
09-10 08:47:48.442  3078  3078 W t.compare:godot: Unexpected CPU variant for x86: x86_64.
09-10 08:47:48.442  3078  3078 W t.compare:godot: Known variants: atom, sandybridge, silvermont, goldmont, goldmont-plus, goldmont-without-sha-xsaves, tremont, kabylake, default
09-10 08:47:48.533  3078  3078 D nativeloader: Load libframework-connectivity-tiramisu-jni.so using APEX ns com_android_tethering for caller /apex/com.android.tethering/javalib/framework-connectivity-t.jar: ok
09-10 08:47:48.606  3078  3078 W ziparchive: Unable to open '/data/app/~~YE-39QWzTrwzDQWpTz9Y3Q==/dev.partydeck.godot.compare-xj_59quGK4dPUhKK3RC5eg==/base.dm': No such file or directory
09-10 08:47:48.606  3078  3078 W ziparchive: Unable to open '/data/app/~~YE-39QWzTrwzDQWpTz9Y3Q==/dev.partydeck.godot.compare-xj_59quGK4dPUhKK3RC5eg==/base.dm': No such file or directory
09-10 08:47:48.775  3078  3078 D nativeloader: Configuring clns-7 for other apk /data/app/~~YE-39QWzTrwzDQWpTz9Y3Q==/dev.partydeck.godot.compare-xj_59quGK4dPUhKK3RC5eg==/base.apk. target_sdk_version=36, uses_libraries=, library_path=/data/app/~~YE-39QWzTrwzDQWpTz9Y3Q==/dev.partydeck.godot.compare-xj_59quGK4dPUhKK3RC5eg==/lib/x86_64:/data/app/~~YE-39QWzTrwzDQWpTz9Y3Q==/dev.partydeck.godot.compare-xj_59quGK4dPUhKK3RC5eg==/base.apk!/lib/x86_64, permitted_path=/data:/mnt/expand:/data/user/0/dev.partydeck.godot.compare
09-10 08:47:48.792  3078  3078 V GraphicsEnvironment: Currently set values for:
09-10 08:47:48.795  3078  3078 V GraphicsEnvironment:   angle_gl_driver_selection_pkgs=[]
09-10 08:47:48.795  3078  3078 V GraphicsEnvironment:   angle_gl_driver_selection_values=[]
09-10 08:47:48.795  3078  3078 V GraphicsEnvironment: Global.Settings values are invalid: number of packages: 0, number of values: 0
09-10 08:47:48.795  3078  3078 V GraphicsEnvironment: Neither updatable production driver nor prerelease driver is supported.
09-10 08:47:49.207  3078  3078 V Godot   : Initializing Godot plugin registry
09-10 08:47:49.208  3078  3078 I GodotPluginRegistry: Registering runtime plugin AndroidRuntime
09-10 08:47:49.208  3078  3078 I GodotPluginRegistry: Registering runtime plugin PartyDeckBridge
09-10 08:47:49.208  3078  3078 V Godot   : InitEngine with params: [--main-pack, res://partydeck-last-light.pck, --rendering-method, gl_compatibility, --xr-mode, off]
09-10 08:47:49.269  3078  3078 D nativeloader: Load /data/app/~~YE-39QWzTrwzDQWpTz9Y3Q==/dev.partydeck.godot.compare-xj_59quGK4dPUhKK3RC5eg==/base.apk!/lib/x86_64/libgodot_android.so using ns clns-7 from class loader (caller=/data/app/~~YE-39QWzTrwzDQWpTz9Y3Q==/dev.partydeck.godot.compare-xj_59quGK4dPUhKK3RC5eg==/base.apk): ok
09-10 08:47:49.271  3078  3078 V Godot   : Godot native layer initialization completed: true
09-10 08:47:49.271  3078  3078 V Godot   : Setting up native layer with params: [--main-pack, res://partydeck-last-light.pck, --rendering-method, gl_compatibility, --xr-mode, off]
09-10 08:47:49.320  3078  3078 V Godot   : Godot native layer setup completed
09-10 08:47:49.323  3078  3078 V Godot   : OnInitRenderView: GodotFragment{54e42e8} (cc8dd290-98e7-43e4-b665-5d38da6af80b id=0x7f07002b tag=partydeck-godot)
09-10 08:47:49.352  3078  3078 D Godot   : Render view should be transparent: false
09-10 08:47:49.353  3078  3078 D Godot   : renderingDevice: opengl3 (ProjectSettings)
09-10 08:47:49.353  3078  3078 D Godot   : 			renderer: gl_compatibility (Default)
09-10 08:47:49.372  3078  3078 V Godot   : OnStart: GodotFragment{54e42e8} (cc8dd290-98e7-43e4-b665-5d38da6af80b id=0x7f07002b tag=partydeck-godot)
09-10 08:47:49.374  3078  3078 W WindowOnBackDispatcher: OnBackInvokedCallback is not enabled for the application.
09-10 08:47:49.374  3078  3078 W WindowOnBackDispatcher: Set 'android:enableOnBackInvokedCallback="true"' in the application manifest.
09-10 08:47:49.384  3078  3078 V Godot   : OnResume: GodotFragment{54e42e8} (cc8dd290-98e7-43e4-b665-5d38da6af80b id=0x7f07002b tag=partydeck-godot)
09-10 08:47:49.390  3078  3078 W HWUI    : Unknown dataspace 0
09-10 08:47:49.443  3078  3106 I EGL_emulation: Opening libGLESv1_CM_emulation.so
09-10 08:47:49.443  3078  3106 I EGL_emulation: Opening libGLESv2_emulation.so
09-10 08:47:49.458  3078  3106 W HWUI    : Failed to choose config with EGL_SWAP_BEHAVIOR_PRESERVED, retrying without...
09-10 08:47:49.460  3078  3106 W HWUI    : Failed to initialize 101010-2 format, error = EGL_SUCCESS
09-10 08:47:49.493  3078  3115 W RegularContextFactory: creating OpenGL ES 3.0 context :
09-10 08:47:49.523  3078  3085 I t.compare:godot: Compiler allocated 4219KB to compile void android.widget.TextView.<init>(android.content.Context, android.util.AttributeSet, int, int)
09-10 08:47:49.549  3078  3115 I Gralloc4: mapper 4.x is not supported
09-10 08:47:49.558  3078  3115 I godot   : Godot Engine v4.7.2.stable.official.ed1daf0bf - https://godotengine.org
09-10 08:47:50.211  3078  3085 I t.compare:godot: Compiler allocated 5174KB to compile void android.view.ViewRootImpl.performTraversals()
09-10 08:47:50.545  3078  3119 E SurfaceSyncGroup: Failed to receive transaction ready in 1000ms. Marking SurfaceSyncGroup(wmsSync-VRI[GodotGameActivity]#1) as ready
09-10 08:47:50.551  3078  3119 E SurfaceSyncGroup: Failed to receive transaction ready in 1000ms. Marking SurfaceSyncGroup(VRI[GodotGameActivity]#2) as ready
09-10 08:47:50.552  3078  3119 E SurfaceSyncGroup: Failed to receive transaction ready in 1000ms. Marking SurfaceSyncGroup(SurfaceView[dev.partydeck.godot.compare/dev.partydeck.godot.compare.GodotGameActivity]#0) as ready
09-10 08:47:50.751  3078  3106 D EGL_emulation: app_time_stats: avg=531.19ms min=59.66ms max=1002.72ms count=2
09-10 08:47:50.948  3078  3115 I godot   : OpenGL API OpenGL ES 3.1 (OpenGL ES 3.1.0 (ANGLE 2.1.17841 git hash: 5fa2e61da947)) - Compatibility - Using Device: Google (Google Inc. (Google)) - Android Emulator OpenGL ES Translator (ANGLE (Google, Vulkan 1.3.0 (SwiftShader Device (Subzero) (0x0000C0DE)), SwiftShader driver-5.0.0))
09-10 08:47:50.950  3078  3115 D t.compare:godot: PlayerBase::PlayerBase()
09-10 08:47:50.950  3078  3115 D t.compare:godot: TrackPlayerBase::TrackPlayerBase()
09-10 08:47:50.950  3078  3115 I libOpenSLES: Emulating old channel mask behavior (ignoring positional mask 0x3, using default mask 0x3 based on channel count of 2)
09-10 08:47:50.957  3078  3115 I godot   : 
09-10 08:47:51.377  3078  3115 V Godot   : OnGodotSetupCompleted
09-10 08:47:51.387  3078  3115 V Godot   : OnGodotMainLoopStarted
09-10 08:47:51.767  3078  3106 D EGL_emulation: app_time_stats: avg=332.87ms min=74.26ms max=601.16ms count=3
09-10 08:47:53.196  3078  3115 E godot   : WARNING: Failed to load cached shader, recompiling.
09-10 08:47:53.196  3078  3115 E godot   :    at: _load_from_cache (drivers/gles3/shader_gles3.cpp:615)
09-10 08:47:53.838  3078  3115 D EGL_emulation: app_time_stats: avg=925.26ms min=44.91ms max=1935.15ms count=3
09-10 08:47:54.171  3078  3106 D EGL_emulation: app_time_stats: avg=1201.75ms min=700.26ms max=1703.23ms count=2
09-10 08:48:04.034  3078  3078 D AutofillManager: Fill dialog is enabled:false, hints=[]
09-10 08:48:04.071  3078  3106 D EGL_emulation: app_time_stats: avg=2465.11ms min=51.34ms max=9696.50ms count=4
09-10 08:48:08.248  3078  3115 D EGL_emulation: app_time_stats: avg=14409.28ms min=14409.28ms max=14409.28ms count=1
09-10 08:48:12.352  3078  3106 D EGL_emulation: app_time_stats: avg=1646.61ms min=34.12ms max=8009.32ms count=5
09-10 08:48:22.449  3078  3106 D EGL_emulation: app_time_stats: avg=2010.01ms min=13.36ms max=9845.24ms count=5
09-10 08:48:26.739  3078  3115 D EGL_emulation: app_time_stats: avg=6163.75ms min=145.12ms max=18183.08ms count=3
09-10 08:48:30.799  3078  3106 D EGL_emulation: app_time_stats: avg=1659.53ms min=18.69ms max=8101.21ms count=5
09-10 08:48:40.917  3078  3106 D EGL_emulation: app_time_stats: avg=2018.04ms min=20.68ms max=9864.41ms count=5
09-10 08:48:45.221  3078  3115 D EGL_emulation: app_time_stats: avg=6140.65ms min=82.36ms max=18211.55ms count=3
09-10 08:48:49.318  3078  3106 D EGL_emulation: app_time_stats: avg=1665.22ms min=17.76ms max=8103.05ms count=5
09-10 08:48:59.533  3078  3106 D EGL_emulation: app_time_stats: avg=2036.51ms min=27.82ms max=9957.45ms count=5
09-10 08:49:03.869  3078  3115 D EGL_emulation: app_time_stats: avg=6215.99ms min=138.48ms max=18334.33ms count=3
09-10 08:49:08.054  3078  3106 D EGL_emulation: app_time_stats: avg=1700.82ms min=24.55ms max=8236.68ms count=5
09-10 08:49:14.334  3078  3106 D EGL_emulation: app_time_stats: avg=1243.02ms min=16.50ms max=5976.26ms count=5
09-10 08:49:18.638  3078  3115 D EGL_emulation: app_time_stats: avg=4923.05ms min=113.50ms max=14525.71ms count=3
09-10 08:49:22.834  3078  3106 D EGL_emulation: app_time_stats: avg=1693.99ms min=15.27ms max=8257.99ms count=5
09-10 08:49:25.108  3078  3078 V Godot   : OnPause: GodotFragment{54e42e8} (cc8dd290-98e7-43e4-b665-5d38da6af80b id=0x7f07002b tag=partydeck-godot)
09-10 08:49:25.133  3078  3115 D t.compare:godot: PlayerBase::pause() from IPlayer
09-10 08:49:25.198  3078  3106 D EGL_emulation: app_time_stats: avg=462.18ms min=16.21ms max=2113.82ms count=5
09-10 08:49:25.906  3078  3078 D VRI[GodotGameActivity]: visibilityChanged oldVisibility=true newVisibility=false
09-10 08:49:25.974  3078  3078 E Surface : freeAllBuffers: 1 buffers were freed while being dequeued!
09-10 08:49:25.976  3078  3078 V Godot   : OnStop: GodotFragment{54e42e8} (cc8dd290-98e7-43e4-b665-5d38da6af80b id=0x7f07002b tag=partydeck-godot)
09-10 08:49:26.356  3078  3115 E Surface : getSlotFromBufferLocked: unknown buffer: 0x0
09-10 08:49:26.356  3078  3115 D EGL_emulation: app_time_stats: avg=2572.73ms min=141.83ms max=7424.26ms count=3
09-10 08:49:26.356  3078  3115 E BufferQueueProducer: [SurfaceView[dev.partydeck.godot.compare/dev.partydeck.godot.compare.GodotGameActivity]#1(BLAST Consumer)1](id:c0600000001,api:0,p:-1,c:3078) dequeueBuffer: BufferQueue has been abandoned
09-10 08:49:26.356  3078  3115 E EGL_emulation: tid 3115: swapBuffers(789): error 0x300d (EGL_BAD_SURFACE)
09-10 08:49:26.357  3078  3115 W GLThread: eglSwapBuffers failed: EGL_BAD_SURFACE
09-10 08:49:26.417  3078  3115 E Surface : freeAllBuffers: 1 buffers were freed while being dequeued!
09-10 08:49:40.201  3078  3078 V Godot   : OnStart: GodotFragment{54e42e8} (cc8dd290-98e7-43e4-b665-5d38da6af80b id=0x7f07002b tag=partydeck-godot)
09-10 08:49:40.202  3078  3078 W WindowOnBackDispatcher: OnBackInvokedCallback is not enabled for the application.
09-10 08:49:40.202  3078  3078 W WindowOnBackDispatcher: Set 'android:enableOnBackInvokedCallback="true"' in the application manifest.
09-10 08:49:40.205  3078  3078 V Godot   : OnResume: GodotFragment{54e42e8} (cc8dd290-98e7-43e4-b665-5d38da6af80b id=0x7f07002b tag=partydeck-godot)
09-10 08:49:41.698  3078  3106 D EGL_emulation: app_time_stats: avg=144.65ms min=48.23ms max=421.47ms count=9
09-10 08:49:45.100  3078  3106 D EGL_emulation: app_time_stats: avg=1700.80ms min=69.38ms max=3332.22ms count=2
09-10 08:49:55.300  3078  3106 D EGL_emulation: app_time_stats: avg=2035.62ms min=10.19ms max=9930.89ms count=5
09-10 08:49:59.615  3078  3115 D EGL_emulation: app_time_stats: avg=9452.78ms min=371.41ms max=18534.16ms count=2
09-10 08:50:03.699  3078  3106 D EGL_emulation: app_time_stats: avg=1671.10ms min=19.69ms max=8157.36ms count=5
09-10 08:50:09.966  3078  3106 D EGL_emulation: app_time_stats: avg=1243.24ms min=13.11ms max=6020.91ms count=5
09-10 08:50:14.249  3078  3115 D EGL_emulation: app_time_stats: avg=4877.93ms min=159.56ms max=14273.76ms count=3
09-10 08:50:18.402  3078  3106 D EGL_emulation: app_time_stats: avg=1680.13ms min=22.60ms max=8180.96ms count=5
09-10 08:50:24.684  3078  3106 D EGL_emulation: app_time_stats: avg=1250.72ms min=21.23ms max=6051.24ms count=5
09-10 08:50:28.982  3078  3115 D EGL_emulation: app_time_stats: avg=4911.11ms min=138.68ms max=14454.21ms count=3
09-10 08:50:33.917  3078  3106 D EGL_emulation: app_time_stats: avg=1829.98ms min=15.65ms max=8979.94ms count=5
09-10 08:50:38.205  3078  3106 D EGL_emulation: app_time_stats: avg=851.42ms min=20.36ms max=4047.86ms count=5
09-10 08:50:38.287  3078  3115 D EGL_emulation: app_time_stats: avg=1002.91ms min=16.11ms max=8369.99ms count=9
09-10 08:50:42.800  3078  3106 D EGL_emulation: app_time_stats: avg=742.13ms min=23.82ms max=3595.00ms count=6
09-10 08:50:49.066  3078  3106 D EGL_emulation: app_time_stats: avg=1242.56ms min=17.81ms max=6029.70ms count=5
09-10 08:51:03.283  3078  3106 D EGL_emulation: app_time_stats: avg=2838.36ms min=14.16ms max=13977.74ms count=5
09-10 08:51:07.632  3078  3115 D EGL_emulation: app_time_stats: avg=7335.98ms min=131.99ms max=28497.29ms count=4
09-10 08:51:12.050  3078  3106 D EGL_emulation: app_time_stats: avg=1730.87ms min=3.19ms max=8524.93ms count=5
09-10 08:51:16.267  3078  3106 D EGL_emulation: app_time_stats: avg=838.46ms min=20.62ms max=3938.21ms count=5
09-10 08:51:16.345  3078  3115 D EGL_emulation: app_time_stats: avg=2178.15ms min=95.67ms max=8355.37ms count=4
09-10 08:51:17.312  3078  3106 D EGL_emulation: app_time_stats: avg=209.05ms min=115.60ms max=264.89ms count=5
09-10 08:51:20.867  3078  3106 D EGL_emulation: app_time_stats: avg=3554.71ms min=3554.71ms max=3554.71ms count=1
09-10 08:51:27.116  3078  3106 D EGL_emulation: app_time_stats: avg=1237.19ms min=18.19ms max=6009.42ms count=5
09-10 08:51:37.300  3078  3106 D EGL_emulation: app_time_stats: avg=2019.65ms min=10.03ms max=9944.42ms count=5
09-10 08:51:41.589  3078  3115 D EGL_emulation: app_time_stats: avg=6310.96ms min=219.90ms max=24300.11ms count=4
09-10 08:51:46.066  3078  3106 D EGL_emulation: app_time_stats: avg=1746.15ms min=20.47ms max=8509.99ms count=5
09-10 08:51:50.365  3078  3115 D EGL_emulation: app_time_stats: avg=1755.14ms min=78.62ms max=8309.43ms count=5
09-10 08:51:50.591  3078  3106 D EGL_emulation: app_time_stats: avg=899.62ms min=20.06ms max=4275.51ms count=5
09-10 08:51:54.966  3078  3106 D EGL_emulation: app_time_stats: avg=726.43ms min=76.29ms max=3614.79ms count=6
09-10 08:52:01.249  3078  3106 D EGL_emulation: app_time_stats: avg=1244.50ms min=20.51ms max=6038.32ms count=5
09-10 08:52:07.583  3078  3106 D EGL_emulation: app_time_stats: avg=897.44ms min=22.16ms max=5964.44ms count=7
09-10 08:52:11.898  3078  3115 D EGL_emulation: app_time_stats: avg=5382.92ms min=69.99ms max=20666.37ms count=4
09-10 08:52:16.301  3078  3106 D EGL_emulation: app_time_stats: avg=1735.16ms min=18.28ms max=8480.91ms count=5
09-10 08:52:20.612  3078  3115 D EGL_emulation: app_time_stats: avg=2178.45ms min=84.29ms max=8394.31ms count=4
09-10 08:52:20.779  3078  3106 D EGL_emulation: app_time_stats: avg=884.57ms min=18.10ms max=4247.62ms count=5
09-10 08:52:21.631  3078  3115 D EGL_emulation: app_time_stats: avg=339.82ms min=226.48ms max=447.69ms count=3
09-10 08:52:25.216  3078  3106 D EGL_emulation: app_time_stats: avg=727.80ms min=15.52ms max=3564.60ms count=6
09-10 08:52:31.485  3078  3106 D EGL_emulation: app_time_stats: avg=1234.96ms min=1.18ms max=6029.54ms count=5
09-10 08:52:37.749  3078  3106 D EGL_emulation: app_time_stats: avg=1245.85ms min=17.27ms max=6017.63ms count=5
09-10 08:52:42.101  3078  3115 D EGL_emulation: app_time_stats: avg=20469.43ms min=20469.43ms max=20469.43ms count=1
09-10 08:52:43.243  3078  3115 D EGL_emulation: app_time_stats: avg=126.83ms min=93.91ms max=184.41ms count=9
09-10 08:52:47.200  3078  3106 D EGL_emulation: app_time_stats: avg=1879.06ms min=17.93ms max=9216.72ms count=5
09-10 08:52:51.541  3078  3115 D EGL_emulation: app_time_stats: avg=4148.95ms min=46.93ms max=8250.98ms count=2
09-10 08:52:55.967  3078  3106 D EGL_emulation: app_time_stats: avg=1748.23ms min=22.58ms max=8549.78ms count=5
09-10 08:53:00.302  3078  3106 D EGL_emulation: app_time_stats: avg=857.06ms min=14.94ms max=4094.28ms count=5
09-10 08:53:00.397  3078  3115 D EGL_emulation: app_time_stats: avg=2214.03ms min=94.43ms max=8531.79ms count=4
09-10 08:53:04.433  3078  3106 D EGL_emulation: app_time_stats: avg=684.25ms min=19.44ms max=3310.80ms count=6
09-10 08:53:10.666  3078  3106 D EGL_emulation: app_time_stats: avg=1242.16ms min=19.10ms max=5992.24ms count=5
09-10 08:53:20.850  3078  3106 D EGL_emulation: app_time_stats: avg=2032.66ms min=21.20ms max=9943.01ms count=5
09-10 08:53:25.193  3078  3115 D EGL_emulation: app_time_stats: avg=12398.03ms min=346.60ms max=24449.46ms count=2
09-10 08:53:29.666  3078  3106 D EGL_emulation: app_time_stats: avg=1758.82ms min=16.11ms max=8572.53ms count=5
09-10 08:53:33.953  3078  3106 D EGL_emulation: app_time_stats: avg=850.81ms min=17.13ms max=4048.11ms count=5
09-10 08:53:34.028  3078  3115 D EGL_emulation: app_time_stats: avg=1766.96ms min=96.43ms max=8371.14ms count=5
09-10 08:53:38.149  3078  3106 D EGL_emulation: app_time_stats: avg=699.32ms min=76.49ms max=3325.16ms count=6
09-10 08:53:44.367  3078  3106 D EGL_emulation: app_time_stats: avg=1230.10ms min=16.99ms max=5955.57ms count=5
09-10 08:53:50.587  3078  3106 D EGL_emulation: app_time_stats: avg=1237.01ms min=19.19ms max=5974.02ms count=5
09-10 08:53:54.823  3078  3115 D EGL_emulation: app_time_stats: avg=10397.62ms min=233.78ms max=20561.45ms count=2
09-10 08:53:58.916  3078  3106 D EGL_emulation: app_time_stats: avg=1660.47ms min=20.33ms max=8094.23ms count=5
09-10 08:54:05.133  3078  3106 D EGL_emulation: app_time_stats: avg=1238.97ms min=25.45ms max=5963.81ms count=5
09-10 08:54:09.374  3078  3115 D EGL_emulation: app_time_stats: avg=4849.89ms min=97.02ms max=14261.97ms count=3
09-10 08:54:13.466  3078  3106 D EGL_emulation: app_time_stats: avg=1654.24ms min=18.09ms max=8059.80ms count=5
09-10 08:54:19.736  3078  3106 D EGL_emulation: app_time_stats: avg=1241.58ms min=16.52ms max=6027.11ms count=5
09-10 08:54:23.979  3078  3115 D EGL_emulation: app_time_stats: avg=4868.42ms min=144.33ms max=14281.74ms count=3
09-10 08:54:28.537  3078  3106 D EGL_emulation: app_time_stats: avg=1754.92ms min=12.80ms max=8547.57ms count=5
09-10 08:54:32.831  3078  3106 D EGL_emulation: app_time_stats: avg=855.05ms min=17.37ms max=4044.72ms count=5
09-10 08:54:33.036  3078  3115 D EGL_emulation: app_time_stats: avg=1509.57ms min=82.30ms max=8458.36ms count=6
09-10 08:54:33.872  3078  3106 D EGL_emulation: app_time_stats: avg=207.92ms min=60.85ms max=342.39ms count=5
09-10 08:54:37.417  3078  3106 D EGL_emulation: app_time_stats: avg=3534.24ms min=3534.24ms max=3534.24ms count=1
09-10 08:54:43.699  3078  3106 D EGL_emulation: app_time_stats: avg=1242.96ms min=14.52ms max=6001.03ms count=5
09-10 08:54:49.900  3078  3106 D EGL_emulation: app_time_stats: avg=1230.47ms min=18.49ms max=5931.12ms count=5
09-10 08:54:54.142  3078  3115 D EGL_emulation: app_time_stats: avg=5275.63ms min=75.46ms max=20429.92ms count=4
09-10 08:54:58.966  3078  3106 D EGL_emulation: app_time_stats: avg=1803.44ms min=18.40ms max=8817.71ms count=5
09-10 08:55:03.224  3078  3115 D EGL_emulation: app_time_stats: avg=1135.19ms min=90.61ms max=8293.73ms count=8
09-10 08:55:03.303  3078  3106 D EGL_emulation: app_time_stats: avg=856.78ms min=20.85ms max=4095.21ms count=5
09-10 08:55:04.266  3078  3115 D EGL_emulation: app_time_stats: avg=347.37ms min=225.00ms max=437.66ms count=3
09-10 08:55:04.325  3078  3106 D EGL_emulation: app_time_stats: avg=200.57ms min=88.21ms max=296.81ms count=5
09-10 08:55:07.837  3078  3106 D EGL_emulation: app_time_stats: avg=3511.18ms min=3511.18ms max=3511.18ms count=1
09-10 08:55:14.066  3078  3106 D EGL_emulation: app_time_stats: avg=1234.41ms min=19.24ms max=6001.34ms count=5
09-10 08:55:20.349  3078  3106 D EGL_emulation: app_time_stats: avg=1247.06ms min=18.69ms max=6026.57ms count=5
09-10 08:55:24.650  3078  3115 D EGL_emulation: app_time_stats: avg=20384.00ms min=20384.00ms max=20384.00ms count=1
09-10 08:55:29.249  3078  3106 D EGL_emulation: app_time_stats: avg=1762.13ms min=20.21ms max=8637.69ms count=5
09-10 08:55:33.479  3078  3115 D EGL_emulation: app_time_stats: avg=1471.40ms min=85.05ms max=8290.30ms count=6
09-10 08:55:33.580  3078  3106 D EGL_emulation: app_time_stats: avg=862.68ms min=15.93ms max=4079.21ms count=5
09-10 08:55:34.518  3078  3115 D EGL_emulation: app_time_stats: avg=346.34ms min=243.77ms max=436.27ms count=3
09-10 08:55:34.582  3078  3106 D EGL_emulation: app_time_stats: avg=196.73ms min=101.54ms max=301.59ms count=5
09-10 08:55:38.067  3078  3106 D EGL_emulation: app_time_stats: avg=3485.23ms min=3485.23ms max=3485.23ms count=1
09-10 08:55:44.300  3078  3106 D EGL_emulation: app_time_stats: avg=1235.46ms min=15.44ms max=5989.58ms count=5
09-10 08:55:50.567  3078  3106 D EGL_emulation: app_time_stats: avg=1236.14ms min=3.04ms max=6027.41ms count=5
09-10 08:55:54.854  3078  3115 D EGL_emulation: app_time_stats: avg=20336.57ms min=20336.57ms max=20336.57ms count=1
09-10 08:55:59.683  3078  3106 D EGL_emulation: app_time_stats: avg=1813.60ms min=23.73ms max=8869.05ms count=5
09-10 08:56:03.883  3078  3106 D EGL_emulation: app_time_stats: avg=829.69ms min=15.91ms max=3948.31ms count=5
09-10 08:56:03.950  3078  3115 D EGL_emulation: app_time_stats: avg=1136.95ms min=89.76ms max=8292.53ms count=8
09-10 08:56:04.951  3078  3106 D EGL_emulation: app_time_stats: avg=213.53ms min=150.59ms max=320.09ms count=5
09-10 08:56:08.466  3078  3106 D EGL_emulation: app_time_stats: avg=3514.98ms min=3514.98ms max=3514.98ms count=1
09-10 08:56:14.735  3078  3106 D EGL_emulation: app_time_stats: avg=1241.08ms min=19.41ms max=6032.30ms count=5
09-10 08:56:20.967  3078  3106 D EGL_emulation: app_time_stats: avg=1236.31ms min=18.79ms max=5989.23ms count=5
09-10 08:56:25.298  3078  3115 D EGL_emulation: app_time_stats: avg=5336.80ms min=212.04ms max=20416.10ms count=4
09-10 08:56:26.331  3078  3115 D EGL_emulation: app_time_stats: avg=114.86ms min=94.57ms max=140.12ms count=9
09-10 08:56:30.316  3078  3106 D EGL_emulation: app_time_stats: avg=1863.23ms min=30.23ms max=9116.66ms count=5
09-10 08:56:34.616  3078  3115 D EGL_emulation: app_time_stats: avg=4142.18ms min=133.20ms max=8151.16ms count=2
09-10 08:56:39.150  3078  3106 D EGL_emulation: app_time_stats: avg=1754.75ms min=19.99ms max=8596.78ms count=5
09-10 08:56:43.382  3078  3106 D EGL_emulation: app_time_stats: avg=836.35ms min=17.00ms max=3995.39ms count=5
09-10 08:56:43.476  3078  3115 D EGL_emulation: app_time_stats: avg=1771.95ms min=103.15ms max=8360.51ms count=5
09-10 08:56:47.616  3078  3106 D EGL_emulation: app_time_stats: avg=705.32ms min=68.76ms max=3347.76ms count=6
09-10 08:56:53.933  3078  3106 D EGL_emulation: app_time_stats: avg=1041.57ms min=22.05ms max=5997.17ms count=6
09-10 08:57:00.200  3078  3106 D EGL_emulation: app_time_stats: avg=1250.34ms min=15.56ms max=6034.40ms count=5
09-10 08:57:04.548  3078  3115 D EGL_emulation: app_time_stats: avg=10536.07ms min=404.22ms max=20667.92ms count=2
09-10 08:57:09.400  3078  3106 D EGL_emulation: app_time_stats: avg=1529.98ms min=18.70ms max=8847.39ms count=6
09-10 08:57:13.669  3078  3106 D EGL_emulation: app_time_stats: avg=836.63ms min=14.54ms max=4015.79ms count=5
09-10 08:57:13.737  3078  3115 D EGL_emulation: app_time_stats: avg=1312.65ms min=90.23ms max=8376.38ms count=7
09-10 08:57:14.978  3078  3115 D EGL_emulation: app_time_stats: avg=620.44ms min=264.07ms max=976.80ms count=2
09-10 08:57:15.059  3078  3106 D EGL_emulation: app_time_stats: avg=277.89ms min=100.37ms max=577.48ms count=5
09-10 08:57:18.266  3078  3106 D EGL_emulation: app_time_stats: avg=3207.54ms min=3207.54ms max=3207.54ms count=1
09-10 08:57:24.516  3078  3106 D EGL_emulation: app_time_stats: avg=1243.69ms min=16.29ms max=6001.24ms count=5
09-10 08:57:30.784  3078  3106 D EGL_emulation: app_time_stats: avg=1240.54ms min=20.39ms max=6017.28ms count=5
09-10 08:57:35.058  3078  3115 D EGL_emulation: app_time_stats: avg=10040.00ms min=179.95ms max=19900.05ms count=2
09-10 08:57:39.566  3078  3106 D EGL_emulation: app_time_stats: avg=1742.50ms min=15.74ms max=8509.91ms count=5
09-10 08:57:43.865  3078  3106 D EGL_emulation: app_time_stats: avg=855.94ms min=25.56ms max=4061.24ms count=5
09-10 08:57:43.917  3078  3115 D EGL_emulation: app_time_stats: avg=1771.70ms min=95.68ms max=8378.27ms count=5
09-10 08:57:45.204  3078  3115 D EGL_emulation: app_time_stats: avg=643.58ms min=245.74ms max=1041.43ms count=2
09-10 08:57:45.292  3078  3106 D EGL_emulation: app_time_stats: avg=285.40ms min=116.21ms max=610.71ms count=5
09-10 08:57:48.467  3078  3106 D EGL_emulation: app_time_stats: avg=3174.69ms min=3174.69ms max=3174.69ms count=1
09-10 08:57:54.733  3078  3106 D EGL_emulation: app_time_stats: avg=1245.43ms min=20.48ms max=6033.54ms count=5
09-10 08:58:01.002  3078  3106 D EGL_emulation: app_time_stats: avg=1234.33ms min=17.04ms max=6017.52ms count=5
09-10 08:58:05.299  3078  3115 D EGL_emulation: app_time_stats: avg=10047.70ms min=178.33ms max=19917.06ms count=2
09-10 08:58:09.833  3078  3106 D EGL_emulation: app_time_stats: avg=1759.30ms min=15.22ms max=8602.20ms count=5
09-10 08:58:14.115  3078  3106 D EGL_emulation: app_time_stats: avg=843.98ms min=21.35ms max=4022.53ms count=5
09-10 08:58:14.191  3078  3115 D EGL_emulation: app_time_stats: avg=1777.59ms min=67.95ms max=8377.70ms count=5
09-10 08:58:15.451  3078  3115 D EGL_emulation: app_time_stats: avg=629.87ms min=229.02ms max=1030.72ms count=2
09-10 08:58:15.656  3078  3106 D EGL_emulation: app_time_stats: avg=308.11ms min=100.18ms max=725.43ms count=5
09-10 08:58:18.719  3078  3106 D EGL_emulation: app_time_stats: avg=3062.09ms min=3062.09ms max=3062.09ms count=1
09-10 08:58:25.017  3078  3106 D EGL_emulation: app_time_stats: avg=889.35ms min=22.26ms max=5911.56ms count=7
09-10 08:58:31.216  3078  3106 D EGL_emulation: app_time_stats: avg=1239.81ms min=68.98ms max=5876.81ms count=5
09-10 08:58:35.523  3078  3115 D EGL_emulation: app_time_stats: avg=10035.77ms min=205.45ms max=19866.08ms count=2
09-10 08:58:40.017  3078  3106 D EGL_emulation: app_time_stats: avg=1753.15ms min=14.23ms max=8546.72ms count=5
09-10 08:58:44.232  3078  3106 D EGL_emulation: app_time_stats: avg=833.16ms min=21.69ms max=3976.80ms count=5
09-10 08:58:44.232  3078  3115 D EGL_emulation: app_time_stats: avg=1741.92ms min=98.62ms max=8258.49ms count=5
09-10 08:58:45.605  3078  3115 D EGL_emulation: app_time_stats: avg=686.39ms min=279.77ms max=1093.02ms count=2
09-10 08:58:45.682  3078  3106 D EGL_emulation: app_time_stats: avg=289.95ms min=100.44ms max=633.54ms count=5
09-10 08:58:48.834  3078  3106 D EGL_emulation: app_time_stats: avg=3151.71ms min=3151.71ms max=3151.71ms count=1
09-10 08:58:55.069  3078  3106 D EGL_emulation: app_time_stats: avg=1233.35ms min=15.51ms max=5974.32ms count=5
09-10 08:59:01.282  3078  3106 D EGL_emulation: app_time_stats: avg=1232.33ms min=13.17ms max=5968.45ms count=5
09-10 08:59:05.618  3078  3115 D EGL_emulation: app_time_stats: avg=10006.10ms min=78.59ms max=19933.61ms count=2
09-10 08:59:10.435  3078  3106 D EGL_emulation: app_time_stats: avg=1819.79ms min=17.35ms max=8919.75ms count=5
09-10 08:59:14.660  3078  3115 D EGL_emulation: app_time_stats: avg=1117.92ms min=51.99ms max=8243.91ms count=8
09-10 08:59:14.773  3078  3106 D EGL_emulation: app_time_stats: avg=859.25ms min=13.51ms max=4105.30ms count=5
09-10 08:59:15.995  3078  3115 D EGL_emulation: app_time_stats: avg=667.03ms min=348.49ms max=985.57ms count=2
09-10 08:59:16.197  3078  3106 D EGL_emulation: app_time_stats: avg=280.66ms min=98.83ms max=732.99ms count=5
09-10 08:59:19.249  3078  3106 D EGL_emulation: app_time_stats: avg=3051.86ms min=3051.86ms max=3051.86ms count=1
09-10 08:59:25.583  3078  3106 D EGL_emulation: app_time_stats: avg=1257.22ms min=16.51ms max=6051.00ms count=5
09-10 08:59:31.820  3078  3106 D EGL_emulation: app_time_stats: avg=1242.73ms min=20.25ms max=5999.73ms count=5
09-10 08:59:36.137  3078  3115 D EGL_emulation: app_time_stats: avg=10071.08ms min=202.83ms max=19939.33ms count=2
09-10 08:59:40.634  3078  3106 D EGL_emulation: app_time_stats: avg=1756.86ms min=13.91ms max=8566.02ms count=5
09-10 08:59:44.868  3078  3115 D EGL_emulation: app_time_stats: avg=1746.02ms min=68.23ms max=8263.73ms count=5
09-10 08:59:45.037  3078  3106 D EGL_emulation: app_time_stats: avg=860.95ms min=5.72ms max=4151.68ms count=5
09-10 08:59:46.211  3078  3115 D EGL_emulation: app_time_stats: avg=671.69ms min=384.38ms max=958.99ms count=2
09-10 08:59:46.347  3078  3106 D EGL_emulation: app_time_stats: avg=261.95ms min=78.70ms max=662.53ms count=5
09-10 08:59:49.450  3078  3106 D EGL_emulation: app_time_stats: avg=3102.55ms min=3102.55ms max=3102.55ms count=1
09-10 08:59:55.733  3078  3106 D EGL_emulation: app_time_stats: avg=1253.48ms min=22.95ms max=6010.01ms count=5
09-10 09:00:05.866  3078  3106 D EGL_emulation: app_time_stats: avg=2018.08ms min=17.91ms max=9890.78ms count=5
09-10 09:00:10.164  3078  3115 D EGL_emulation: app_time_stats: avg=11976.17ms min=235.66ms max=23716.68ms count=2
09-10 09:00:11.266  3078  3115 D EGL_emulation: app_time_stats: avg=110.24ms min=68.64ms max=126.80ms count=10
09-10 09:00:15.316  3078  3106 D EGL_emulation: app_time_stats: avg=1882.81ms min=16.19ms max=9206.63ms count=5
09-10 09:00:19.537  3078  3078 I PartyDeckGodotBridge: Close requested elapsed_ms=820876
09-10 09:00:19.555  3078  3106 D EGL_emulation: app_time_stats: avg=835.37ms min=20.18ms max=3984.43ms count=5
09-10 09:00:19.787  3078  3078 I PartyDeckGodotHost: Close fallback elapsed_ms=821127
09-10 09:00:19.822  3078  3115 D EGL_emulation: app_time_stats: avg=8422.05ms min=8422.05ms max=8422.05ms count=1
09-10 09:00:19.822  3078  3115 D GLThread: Exiting render thread
09-10 09:00:19.822  3078  3115 D GodotRenderer: Destroying Godot Engine
09-10 09:00:19.863  3078  3115 D t.compare:godot: PlayerBase::stop() from IPlayer
09-10 09:00:19.863  3078  3115 D AudioTrack: stop(16): called with 32366754 frames delivered
09-10 09:00:19.867  3078  3115 E eglCodecCommon: removeVertexArrayObject: ERROR: 7 not found in VAO state!
09-10 09:00:19.899  3078  3115 V Godot   : OnGodotTerminating
09-10 09:00:19.932  3078  3078 V Godot   : OnDestroy: GodotFragment{54e42e8} (cc8dd290-98e7-43e4-b665-5d38da6af80b id=0x7f07002b tag=partydeck-godot)
09-10 09:00:19.943  3078  3078 V Godot   : OnPause: GodotFragment{54e42e8} (cc8dd290-98e7-43e4-b665-5d38da6af80b id=0x7f07002b tag=partydeck-godot)
09-10 09:00:20.081  3078  3078 I PartyDeckGodotHost: Engine process exit requested
09-10 09:00:20.081  3078  3078 I Process : Sending signal. PID: 3078 SIG: 9
