--------- beginning of main
09-10 05:11:41.321  3106  3106 I t.compare:godot: Late-enabling -Xcheck:jni
09-10 05:11:41.351  3106  3106 I t.compare:godot: Using CollectorTypeCMC GC.
09-10 05:11:41.351  3106  3106 W t.compare:godot: Unexpected CPU variant for x86: x86_64.
09-10 05:11:41.351  3106  3106 W t.compare:godot: Known variants: atom, sandybridge, silvermont, goldmont, goldmont-plus, goldmont-without-sha-xsaves, tremont, kabylake, default
09-10 05:11:41.471  3106  3106 D nativeloader: Load libframework-connectivity-tiramisu-jni.so using APEX ns com_android_tethering for caller /apex/com.android.tethering/javalib/framework-connectivity-t.jar: ok
09-10 05:11:41.526  3106  3106 W ziparchive: Unable to open '/data/app/~~3g2JADhEaEYmet165wl4pA==/dev.partydeck.godot.compare-mWrwh4mJ0sqrHReKWlfo1w==/base.dm': No such file or directory
09-10 05:11:41.526  3106  3106 W ziparchive: Unable to open '/data/app/~~3g2JADhEaEYmet165wl4pA==/dev.partydeck.godot.compare-mWrwh4mJ0sqrHReKWlfo1w==/base.dm': No such file or directory
09-10 05:11:41.723  3106  3106 D nativeloader: Configuring clns-7 for other apk /data/app/~~3g2JADhEaEYmet165wl4pA==/dev.partydeck.godot.compare-mWrwh4mJ0sqrHReKWlfo1w==/base.apk. target_sdk_version=36, uses_libraries=, library_path=/data/app/~~3g2JADhEaEYmet165wl4pA==/dev.partydeck.godot.compare-mWrwh4mJ0sqrHReKWlfo1w==/lib/x86_64:/data/app/~~3g2JADhEaEYmet165wl4pA==/dev.partydeck.godot.compare-mWrwh4mJ0sqrHReKWlfo1w==/base.apk!/lib/x86_64, permitted_path=/data:/mnt/expand:/data/user/0/dev.partydeck.godot.compare
09-10 05:11:41.739  3106  3106 V GraphicsEnvironment: Currently set values for:
09-10 05:11:41.739  3106  3106 V GraphicsEnvironment:   angle_gl_driver_selection_pkgs=[]
09-10 05:11:41.739  3106  3106 V GraphicsEnvironment:   angle_gl_driver_selection_values=[]
09-10 05:11:41.739  3106  3106 V GraphicsEnvironment: Global.Settings values are invalid: number of packages: 0, number of values: 0
09-10 05:11:41.739  3106  3106 V GraphicsEnvironment: Neither updatable production driver nor prerelease driver is supported.
09-10 05:11:42.165  3106  3106 V Godot   : Initializing Godot plugin registry
09-10 05:11:42.165  3106  3106 I GodotPluginRegistry: Registering runtime plugin AndroidRuntime
09-10 05:11:42.165  3106  3106 I GodotPluginRegistry: Registering runtime plugin PartyDeckBridge
09-10 05:11:42.166  3106  3106 V Godot   : InitEngine with params: [--main-pack, res://partydeck-last-light.pck, --rendering-method, gl_compatibility, --xr-mode, off]
09-10 05:11:42.184  3106  3106 D nativeloader: Load /data/app/~~3g2JADhEaEYmet165wl4pA==/dev.partydeck.godot.compare-mWrwh4mJ0sqrHReKWlfo1w==/base.apk!/lib/x86_64/libgodot_android.so using ns clns-7 from class loader (caller=/data/app/~~3g2JADhEaEYmet165wl4pA==/dev.partydeck.godot.compare-mWrwh4mJ0sqrHReKWlfo1w==/base.apk): ok
09-10 05:11:42.185  3106  3106 V Godot   : Godot native layer initialization completed: true
09-10 05:11:42.185  3106  3106 V Godot   : Setting up native layer with params: [--main-pack, res://partydeck-last-light.pck, --rendering-method, gl_compatibility, --xr-mode, off]
09-10 05:11:42.208  3106  3106 V Godot   : Godot native layer setup completed
09-10 05:11:42.208  3106  3106 V Godot   : OnInitRenderView: GodotFragment{b559fd2} (89be389f-9e57-4c0e-91e7-126d313129db id=0x7f07002b tag=partydeck-godot)
09-10 05:11:42.220  3106  3106 D Godot   : Render view should be transparent: false
09-10 05:11:42.220  3106  3106 D Godot   : renderingDevice: opengl3 (ProjectSettings)
09-10 05:11:42.220  3106  3106 D Godot   : 			renderer: gl_compatibility (Default)
09-10 05:11:42.232  3106  3106 V Godot   : OnStart: GodotFragment{b559fd2} (89be389f-9e57-4c0e-91e7-126d313129db id=0x7f07002b tag=partydeck-godot)
09-10 05:11:42.233  3106  3106 W WindowOnBackDispatcher: OnBackInvokedCallback is not enabled for the application.
09-10 05:11:42.233  3106  3106 W WindowOnBackDispatcher: Set 'android:enableOnBackInvokedCallback="true"' in the application manifest.
09-10 05:11:42.235  3106  3106 V Godot   : OnResume: GodotFragment{b559fd2} (89be389f-9e57-4c0e-91e7-126d313129db id=0x7f07002b tag=partydeck-godot)
09-10 05:11:42.239  3106  3106 W HWUI    : Unknown dataspace 0
09-10 05:11:42.273  3106  3132 I EGL_emulation: Opening libGLESv1_CM_emulation.so
09-10 05:11:42.279  3106  3132 I EGL_emulation: Opening libGLESv2_emulation.so
09-10 05:11:42.301  3106  3132 W HWUI    : Failed to choose config with EGL_SWAP_BEHAVIOR_PRESERVED, retrying without...
09-10 05:11:42.302  3106  3132 W HWUI    : Failed to initialize 101010-2 format, error = EGL_SUCCESS
09-10 05:11:42.344  3106  3141 W RegularContextFactory: creating OpenGL ES 3.0 context :
09-10 05:11:42.354  3106  3141 I Gralloc4: mapper 4.x is not supported
09-10 05:11:42.407  3106  3141 I godot   : Godot Engine v4.7.2.stable.official.ed1daf0bf - https://godotengine.org
09-10 05:11:42.441  3106  3110 I t.compare:godot: Compiler allocated 4219KB to compile void android.widget.TextView.<init>(android.content.Context, android.util.AttributeSet, int, int)
09-10 05:11:43.100  3106  3110 I t.compare:godot: Compiler allocated 5174KB to compile void android.view.ViewRootImpl.performTraversals()
09-10 05:11:43.350  3106  3145 E SurfaceSyncGroup: Failed to receive transaction ready in 1000ms. Marking SurfaceSyncGroup(wmsSync-VRI[GodotGameActivity]#1) as ready
09-10 05:11:43.351  3106  3145 E SurfaceSyncGroup: Failed to receive transaction ready in 1000ms. Marking SurfaceSyncGroup(VRI[GodotGameActivity]#2) as ready
09-10 05:11:43.351  3106  3145 E SurfaceSyncGroup: Failed to receive transaction ready in 1000ms. Marking SurfaceSyncGroup(SurfaceView[dev.partydeck.godot.compare/dev.partydeck.godot.compare.GodotGameActivity]#0) as ready
09-10 05:11:43.580  3106  3132 D EGL_emulation: app_time_stats: avg=352.89ms min=67.93ms max=886.35ms count=3
09-10 05:11:43.749  3106  3141 I godot   : OpenGL API OpenGL ES 3.1 (OpenGL ES 3.1.0 (ANGLE 2.1.17841 git hash: 5fa2e61da947)) - Compatibility - Using Device: Google (Google Inc. (Google)) - Android Emulator OpenGL ES Translator (ANGLE (Google, Vulkan 1.3.0 (SwiftShader Device (Subzero) (0x0000C0DE)), SwiftShader driver-5.0.0))
09-10 05:11:43.750  3106  3141 D t.compare:godot: PlayerBase::PlayerBase()
09-10 05:11:43.750  3106  3141 D t.compare:godot: TrackPlayerBase::TrackPlayerBase()
09-10 05:11:43.751  3106  3141 I libOpenSLES: Emulating old channel mask behavior (ignoring positional mask 0x3, using default mask 0x3 based on channel count of 2)
09-10 05:11:43.755  3106  3141 I godot   : 
09-10 05:11:44.166  3106  3141 V Godot   : OnGodotSetupCompleted
09-10 05:11:44.570  3106  3141 V Godot   : OnGodotMainLoopStarted
09-10 05:11:44.595  3106  3132 D EGL_emulation: app_time_stats: avg=464.27ms min=269.21ms max=659.33ms count=2
09-10 05:11:44.840  3106  3141 D EGL_emulation: app_time_stats: avg=491.13ms min=10.14ms max=972.13ms count=2
09-10 05:11:46.314  3106  3141 E godot   : WARNING: Failed to load cached shader, recompiling.
09-10 05:11:46.314  3106  3141 E godot   :    at: _load_from_cache (drivers/gles3/shader_gles3.cpp:615)
09-10 05:11:47.089  3106  3141 D EGL_emulation: app_time_stats: avg=2248.94ms min=2248.94ms max=2248.94ms count=1
09-10 05:11:47.330  3106  3132 D EGL_emulation: app_time_stats: avg=455.43ms min=18.79ms max=1929.16ms count=6
09-10 05:11:56.954  3106  3106 D AutofillManager: Fill dialog is enabled:false, hints=[]
09-10 05:11:56.979  3106  3132 D EGL_emulation: app_time_stats: avg=9647.94ms min=9647.94ms max=9647.94ms count=1
09-10 05:12:01.295  3106  3141 D EGL_emulation: app_time_stats: avg=14206.15ms min=14206.15ms max=14206.15ms count=1
09-10 05:12:05.399  3106  3132 D EGL_emulation: app_time_stats: avg=1676.62ms min=26.28ms max=8168.78ms count=5
09-10 05:12:15.595  3106  3132 D EGL_emulation: app_time_stats: avg=2030.66ms min=16.91ms max=9963.86ms count=5
09-10 05:12:19.889  3106  3141 D EGL_emulation: app_time_stats: avg=9296.62ms min=151.50ms max=18441.73ms count=2
09-10 05:12:23.977  3106  3132 D EGL_emulation: app_time_stats: avg=1667.27ms min=24.42ms max=8126.31ms count=5
09-10 05:12:34.083  3106  3132 D EGL_emulation: app_time_stats: avg=1679.09ms min=27.78ms max=9772.46ms count=6
09-10 05:12:38.362  3106  3141 D EGL_emulation: app_time_stats: avg=9236.93ms min=180.10ms max=18293.75ms count=2
09-10 05:12:42.444  3106  3132 D EGL_emulation: app_time_stats: avg=1664.88ms min=17.63ms max=8099.00ms count=5
09-10 05:12:52.595  3106  3132 D EGL_emulation: app_time_stats: avg=2023.61ms min=17.29ms max=9900.18ms count=5
09-10 05:12:56.895  3106  3141 D EGL_emulation: app_time_stats: avg=9266.08ms min=150.36ms max=18381.80ms count=2
09-10 05:13:01.044  3106  3132 D EGL_emulation: app_time_stats: avg=1680.17ms min=22.53ms max=8210.50ms count=5
09-10 05:13:07.328  3106  3132 D EGL_emulation: app_time_stats: avg=1246.88ms min=18.47ms max=6041.54ms count=5
09-10 05:13:11.612  3106  3141 D EGL_emulation: app_time_stats: avg=7358.76ms min=129.45ms max=14588.06ms count=2
09-10 05:13:15.711  3106  3132 D EGL_emulation: app_time_stats: avg=1664.97ms min=19.64ms max=8145.59ms count=5
09-10 05:13:17.940  3106  3106 V Godot   : OnPause: GodotFragment{b559fd2} (89be389f-9e57-4c0e-91e7-126d313129db id=0x7f07002b tag=partydeck-godot)
09-10 05:13:18.019  3106  3132 D EGL_emulation: app_time_stats: avg=448.57ms min=18.58ms max=2055.79ms count=5
09-10 05:13:18.715  3106  3141 D t.compare:godot: PlayerBase::pause() from IPlayer
09-10 05:13:18.747  3106  3106 D VRI[GodotGameActivity]: visibilityChanged oldVisibility=true newVisibility=false
09-10 05:13:18.758  3106  3106 E Surface : freeAllBuffers: 1 buffers were freed while being dequeued!
09-10 05:13:18.887  3106  3106 V Godot   : OnStop: GodotFragment{b559fd2} (89be389f-9e57-4c0e-91e7-126d313129db id=0x7f07002b tag=partydeck-godot)
09-10 05:13:19.062  3106  3141 E Surface : getSlotFromBufferLocked: unknown buffer: 0x0
09-10 05:13:19.062  3106  3141 D EGL_emulation: app_time_stats: avg=3724.94ms min=138.16ms max=7311.73ms count=2
09-10 05:13:19.062  3106  3141 E BufferQueueProducer: [SurfaceView[dev.partydeck.godot.compare/dev.partydeck.godot.compare.GodotGameActivity]#1(BLAST Consumer)1](id:c2200000001,api:0,p:-1,c:3106) dequeueBuffer: BufferQueue has been abandoned
09-10 05:13:19.062  3106  3141 E EGL_emulation: tid 3141: swapBuffers(789): error 0x300d (EGL_BAD_SURFACE)
09-10 05:13:19.063  3106  3141 W GLThread: eglSwapBuffers failed: EGL_BAD_SURFACE
09-10 05:13:19.117  3106  3141 E Surface : freeAllBuffers: 1 buffers were freed while being dequeued!
09-10 05:13:32.985  3106  3106 V Godot   : OnStart: GodotFragment{b559fd2} (89be389f-9e57-4c0e-91e7-126d313129db id=0x7f07002b tag=partydeck-godot)
09-10 05:13:32.985  3106  3106 W WindowOnBackDispatcher: OnBackInvokedCallback is not enabled for the application.
09-10 05:13:32.985  3106  3106 W WindowOnBackDispatcher: Set 'android:enableOnBackInvokedCallback="true"' in the application manifest.
09-10 05:13:32.995  3106  3106 V Godot   : OnResume: GodotFragment{b559fd2} (89be389f-9e57-4c0e-91e7-126d313129db id=0x7f07002b tag=partydeck-godot)
09-10 05:13:33.013  3106  3141 E libEGL  : call to OpenGL ES API with no current context (logged once per thread)
09-10 05:13:33.328  3106  3141 E emuglGLESv2_enc: hardware/google/gfxstream/guest/GLESv2_enc/GL2Encoder.cpp:s_glVertexAttribPointer:778 GL error 0x502 condition [ctx->m_state->currentVertexArrayObject() != 0 && ptr]
09-10 05:13:33.328  3106  3141 E emuglGLESv2_enc: hardware/google/gfxstream/guest/GLESv2_enc/GL2Encoder.cpp:s_glVertexAttribPointer:778 GL error 0x502 condition [ctx->m_state->currentVertexArrayObject() != 0 && ptr]
09-10 05:13:33.328  3106  3141 E emuglGLESv2_enc: hardware/google/gfxstream/guest/GLESv2_enc/GL2Encoder.cpp:s_glVertexAttribPointer:778 GL error 0x502 condition [ctx->m_state->currentVertexArrayObject() != 0 && ptr]
09-10 05:13:33.328  3106  3141 E emuglGLESv2_enc: hardware/google/gfxstream/guest/GLESv2_enc/GL2Encoder.cpp:s_glVertexAttribPointer:778 GL error 0x502 condition [ctx->m_state->currentVertexArrayObject() != 0 && ptr]
09-10 05:13:33.328  3106  3141 E emuglGLESv2_enc: hardware/google/gfxstream/guest/GLESv2_enc/GL2Encoder.cpp:s_glVertexAttribPointer:778 GL error 0x502 condition [ctx->m_state->currentVertexArrayObject() != 0 && ptr]
09-10 05:13:33.329  3106  3141 E emuglGLESv2_enc: hardware/google/gfxstream/guest/GLESv2_enc/GL2Encoder.cpp:s_glVertexAttribPointer:778 GL error 0x502 condition [ctx->m_state->currentVertexArrayObject() != 0 && ptr]
09-10 05:13:33.329  3106  3141 E emuglGLESv2_enc: hardware/google/gfxstream/guest/GLESv2_enc/GL2Encoder.cpp:s_glVertexAttribPointer:778 GL error 0x502 condition [ctx->m_state->currentVertexArrayObject() != 0 && ptr]
09-10 05:13:33.329  3106  3141 E emuglGLESv2_enc: hardware/google/gfxstream/guest/GLESv2_enc/GL2Encoder.cpp:s_glVertexAttribPointer:778 GL error 0x502 condition [ctx->m_state->currentVertexArrayObject() != 0 && ptr]
09-10 05:13:33.329  3106  3141 E emuglGLESv2_enc: hardware/google/gfxstream/guest/GLESv2_enc/GL2Encoder.cpp:s_glVertexAttribPointer:778 GL error 0x502 condition [ctx->m_state->currentVertexArrayObject() != 0 && ptr]
09-10 05:13:33.330  3106  3141 E emuglGLESv2_enc: hardware/google/gfxstream/guest/GLESv2_enc/GL2Encoder.cpp:s_glVertexAttribPointer:778 GL error 0x502 condition [ctx->m_state->currentVertexArrayObject() != 0 && ptr]
09-10 05:13:33.330  3106  3141 E emuglGLESv2_enc: hardware/google/gfxstream/guest/GLESv2_enc/GL2Encoder.cpp:s_glVertexAttribPointer:778 GL error 0x502 condition [ctx->m_state->currentVertexArrayObject() != 0 && ptr]
09-10 05:13:33.331  3106  3141 E emuglGLESv2_enc: hardware/google/gfxstream/guest/GLESv2_enc/GL2Encoder.cpp:s_glVertexAttribPointer:778 GL error 0x502 condition [ctx->m_state->currentVertexArrayObject() != 0 && ptr]
09-10 05:13:33.331  3106  3141 E emuglGLESv2_enc: hardware/google/gfxstream/guest/GLESv2_enc/GL2Encoder.cpp:s_glVertexAttribPointer:778 GL error 0x502 condition [ctx->m_state->currentVertexArrayObject() != 0 && ptr]
09-10 05:13:33.331  3106  3141 E emuglGLESv2_enc: hardware/google/gfxstream/guest/GLESv2_enc/GL2Encoder.cpp:s_glVertexAttribPointer:778 GL error 0x502 condition [ctx->m_state->currentVertexArrayObject() != 0 && ptr]
09-10 05:13:33.332  3106  3141 E emuglGLESv2_enc: hardware/google/gfxstream/guest/GLESv2_enc/GL2Encoder.cpp:s_glVertexAttribPointer:778 GL error 0x502 condition [ctx->m_state->currentVertexArrayObject() != 0 && ptr]
09-10 05:13:33.333  3106  3141 E emuglGLESv2_enc: hardware/google/gfxstream/guest/GLESv2_enc/GL2Encoder.cpp:s_glVertexAttribPointer:778 GL error 0x502 condition [ctx->m_state->currentVertexArrayObject() != 0 && ptr]
--------- beginning of crash
09-10 05:13:33.333  3106  3141 F libc    : Fatal signal 11 (SIGSEGV), code 1 (SEGV_MAPERR), fault addr 0x230 in tid 3141 (GLThread 44), pid 3106 (t.compare:godot)
09-10 05:13:33.620  3106  3106 V Godot   : OnPause: GodotFragment{b559fd2} (89be389f-9e57-4c0e-91e7-126d313129db id=0x7f07002b tag=partydeck-godot)
