--------- beginning of main
09-10 05:22:13.040  9371  9371 I t.compare:godot: Late-enabling -Xcheck:jni
09-10 05:22:13.076  9371  9371 I t.compare:godot: Using CollectorTypeCMC GC.
09-10 05:22:13.076  9371  9371 W t.compare:godot: Unexpected CPU variant for x86: x86_64.
09-10 05:22:13.076  9371  9371 W t.compare:godot: Known variants: atom, sandybridge, silvermont, goldmont, goldmont-plus, goldmont-without-sha-xsaves, tremont, kabylake, default
09-10 05:22:13.137  9371  9371 D nativeloader: Load libframework-connectivity-tiramisu-jni.so using APEX ns com_android_tethering for caller /apex/com.android.tethering/javalib/framework-connectivity-t.jar: ok
09-10 05:22:13.200  9371  9371 W ziparchive: Unable to open '/data/app/~~USp6zQ0ACEARflgcW8eP4Q==/dev.partydeck.godot.compare-HFH68qHLJGh-yX35tBMm0A==/base.dm': No such file or directory
09-10 05:22:13.200  9371  9371 W ziparchive: Unable to open '/data/app/~~USp6zQ0ACEARflgcW8eP4Q==/dev.partydeck.godot.compare-HFH68qHLJGh-yX35tBMm0A==/base.dm': No such file or directory
09-10 05:22:13.291  9371  9371 D nativeloader: Configuring clns-7 for other apk /data/app/~~USp6zQ0ACEARflgcW8eP4Q==/dev.partydeck.godot.compare-HFH68qHLJGh-yX35tBMm0A==/base.apk. target_sdk_version=36, uses_libraries=, library_path=/data/app/~~USp6zQ0ACEARflgcW8eP4Q==/dev.partydeck.godot.compare-HFH68qHLJGh-yX35tBMm0A==/lib/x86_64:/data/app/~~USp6zQ0ACEARflgcW8eP4Q==/dev.partydeck.godot.compare-HFH68qHLJGh-yX35tBMm0A==/base.apk!/lib/x86_64, permitted_path=/data:/mnt/expand:/data/user/0/dev.partydeck.godot.compare
09-10 05:22:13.301  9371  9371 V GraphicsEnvironment: Currently set values for:
09-10 05:22:13.302  9371  9371 V GraphicsEnvironment:   angle_gl_driver_selection_pkgs=[]
09-10 05:22:13.302  9371  9371 V GraphicsEnvironment:   angle_gl_driver_selection_values=[]
09-10 05:22:13.302  9371  9371 V GraphicsEnvironment: Global.Settings values are invalid: number of packages: 0, number of values: 0
09-10 05:22:13.302  9371  9371 V GraphicsEnvironment: Neither updatable production driver nor prerelease driver is supported.
09-10 05:22:13.655  9371  9371 V Godot   : Initializing Godot plugin registry
09-10 05:22:13.655  9371  9371 I GodotPluginRegistry: Registering runtime plugin AndroidRuntime
09-10 05:22:13.656  9371  9371 I GodotPluginRegistry: Registering runtime plugin PartyDeckBridge
09-10 05:22:13.656  9371  9371 V Godot   : InitEngine with params: [--main-pack, res://partydeck-last-light.pck, --rendering-method, gl_compatibility, --xr-mode, off]
09-10 05:22:13.674  9371  9371 D nativeloader: Load /data/app/~~USp6zQ0ACEARflgcW8eP4Q==/dev.partydeck.godot.compare-HFH68qHLJGh-yX35tBMm0A==/base.apk!/lib/x86_64/libgodot_android.so using ns clns-7 from class loader (caller=/data/app/~~USp6zQ0ACEARflgcW8eP4Q==/dev.partydeck.godot.compare-HFH68qHLJGh-yX35tBMm0A==/base.apk): ok
09-10 05:22:13.676  9371  9371 V Godot   : Godot native layer initialization completed: true
09-10 05:22:13.676  9371  9371 V Godot   : Setting up native layer with params: [--main-pack, res://partydeck-last-light.pck, --rendering-method, gl_compatibility, --xr-mode, off]
09-10 05:22:13.704  9371  9371 V Godot   : Godot native layer setup completed
09-10 05:22:13.704  9371  9371 V Godot   : OnInitRenderView: GodotFragment{66a738f} (a008535e-d372-43bc-a6de-5c292a490c03 id=0x7f07002b tag=partydeck-godot)
09-10 05:22:13.715  9371  9371 D Godot   : Render view should be transparent: false
09-10 05:22:13.715  9371  9371 D Godot   : renderingDevice: opengl3 (ProjectSettings)
09-10 05:22:13.715  9371  9371 D Godot   : 			renderer: gl_compatibility (Default)
09-10 05:22:13.726  9371  9371 V Godot   : OnStart: GodotFragment{66a738f} (a008535e-d372-43bc-a6de-5c292a490c03 id=0x7f07002b tag=partydeck-godot)
09-10 05:22:13.728  9371  9371 W WindowOnBackDispatcher: OnBackInvokedCallback is not enabled for the application.
09-10 05:22:13.728  9371  9371 W WindowOnBackDispatcher: Set 'android:enableOnBackInvokedCallback="true"' in the application manifest.
09-10 05:22:13.729  9371  9371 V Godot   : OnResume: GodotFragment{66a738f} (a008535e-d372-43bc-a6de-5c292a490c03 id=0x7f07002b tag=partydeck-godot)
09-10 05:22:13.733  9371  9371 W HWUI    : Unknown dataspace 0
09-10 05:22:13.752  9371  9378 I t.compare:godot: Compiler allocated 4219KB to compile void android.widget.TextView.<init>(android.content.Context, android.util.AttributeSet, int, int)
09-10 05:22:13.755  9371  9390 I EGL_emulation: Opening libGLESv1_CM_emulation.so
09-10 05:22:13.755  9371  9390 I EGL_emulation: Opening libGLESv2_emulation.so
09-10 05:22:13.787  9371  9390 W HWUI    : Failed to choose config with EGL_SWAP_BEHAVIOR_PRESERVED, retrying without...
09-10 05:22:13.795  9371  9390 W HWUI    : Failed to initialize 101010-2 format, error = EGL_SUCCESS
09-10 05:22:13.804  9371  9408 W RegularContextFactory: creating OpenGL ES 3.0 context :
09-10 05:22:13.815  9371  9408 I Gralloc4: mapper 4.x is not supported
09-10 05:22:13.852  9371  9408 I godot   : Godot Engine v4.7.2.stable.official.ed1daf0bf - https://godotengine.org
09-10 05:22:13.996  9371  9408 E godot   : WARNING: Failed to load cached shader, recompiling.
09-10 05:22:13.996  9371  9408 E godot   :    at: _load_from_cache (drivers/gles3/shader_gles3.cpp:615)
09-10 05:22:14.291  9371  9378 I t.compare:godot: Compiler allocated 5174KB to compile void android.view.ViewRootImpl.performTraversals()
09-10 05:22:14.535  9371  9408 I godot   : OpenGL API OpenGL ES 3.1 (OpenGL ES 3.1.0 (ANGLE 2.1.17841 git hash: 5fa2e61da947)) - Compatibility - Using Device: Google (Google Inc. (Google)) - Android Emulator OpenGL ES Translator (ANGLE (Google, Vulkan 1.3.0 (SwiftShader Device (Subzero) (0x0000C0DE)), SwiftShader driver-5.0.0))
09-10 05:22:14.538  9371  9408 D t.compare:godot: PlayerBase::PlayerBase()
09-10 05:22:14.539  9371  9408 D t.compare:godot: TrackPlayerBase::TrackPlayerBase()
09-10 05:22:14.539  9371  9408 I libOpenSLES: Emulating old channel mask behavior (ignoring positional mask 0x3, using default mask 0x3 based on channel count of 2)
09-10 05:22:14.543  9371  9408 I godot   : 
09-10 05:22:14.959  9371  9408 V Godot   : OnGodotSetupCompleted
09-10 05:22:15.006  9371  9408 V Godot   : OnGodotMainLoopStarted
09-10 05:22:15.021  9371  9390 D EGL_emulation: app_time_stats: avg=210.13ms min=12.58ms max=745.36ms count=5
09-10 05:22:24.437  9371  9371 D AutofillManager: Fill dialog is enabled:false, hints=[]
09-10 05:22:24.529  9371  9408 D EGL_emulation: app_time_stats: avg=2470.96ms min=6.89ms max=9195.47ms count=4
09-10 05:22:24.589  9371  9390 D EGL_emulation: app_time_stats: avg=1183.09ms min=13.50ms max=8729.54ms count=8
09-10 05:22:24.630  9371  9408 D GLThread: Exiting render thread
09-10 05:22:24.630  9371  9408 D GodotRenderer: Destroying Godot Engine
09-10 05:22:24.655  9371  9408 D t.compare:godot: PlayerBase::stop() from IPlayer
09-10 05:22:24.656  9371  9408 D AudioTrack: stop(18): called with 449833 frames delivered
09-10 05:22:24.662  9371  9408 E eglCodecCommon: removeVertexArrayObject: ERROR: 7 not found in VAO state!
09-10 05:22:24.712  9371  9408 V Godot   : OnGodotTerminating
09-10 05:22:24.721  9371  9371 V Godot   : OnDestroy: GodotFragment{66a738f} (a008535e-d372-43bc-a6de-5c292a490c03 id=0x7f07002b tag=partydeck-godot)
09-10 05:22:24.733  9371  9371 V Godot   : OnPause: GodotFragment{66a738f} (a008535e-d372-43bc-a6de-5c292a490c03 id=0x7f07002b tag=partydeck-godot)
09-10 05:22:24.854  9371  9371 I PartyDeckGodotHost: Engine process exit requested
09-10 05:22:24.854  9371  9371 I Process : Sending signal. PID: 9371 SIG: 9
