--------- beginning of main
09-10 07:49:17.171 10542 10542 I t.compare:godot: Late-enabling -Xcheck:jni
09-10 07:49:17.191 10542 10542 I t.compare:godot: Using CollectorTypeCMC GC.
09-10 07:49:17.192 10542 10542 W t.compare:godot: Unexpected CPU variant for x86: x86_64.
09-10 07:49:17.192 10542 10542 W t.compare:godot: Known variants: atom, sandybridge, silvermont, goldmont, goldmont-plus, goldmont-without-sha-xsaves, tremont, kabylake, default
09-10 07:49:17.224 10542 10542 D nativeloader: Load libframework-connectivity-tiramisu-jni.so using APEX ns com_android_tethering for caller /apex/com.android.tethering/javalib/framework-connectivity-t.jar: ok
09-10 07:49:17.276 10542 10542 W ziparchive: Unable to open '/data/app/~~C12Gj98OnfCoZdy6ybALtw==/dev.partydeck.godot.compare-KQ3jAuDucshTR9rM4oVz1A==/base.dm': No such file or directory
09-10 07:49:17.276 10542 10542 W ziparchive: Unable to open '/data/app/~~C12Gj98OnfCoZdy6ybALtw==/dev.partydeck.godot.compare-KQ3jAuDucshTR9rM4oVz1A==/base.dm': No such file or directory
09-10 07:49:17.458 10542 10542 D nativeloader: Configuring clns-7 for other apk /data/app/~~C12Gj98OnfCoZdy6ybALtw==/dev.partydeck.godot.compare-KQ3jAuDucshTR9rM4oVz1A==/base.apk. target_sdk_version=36, uses_libraries=, library_path=/data/app/~~C12Gj98OnfCoZdy6ybALtw==/dev.partydeck.godot.compare-KQ3jAuDucshTR9rM4oVz1A==/lib/x86_64:/data/app/~~C12Gj98OnfCoZdy6ybALtw==/dev.partydeck.godot.compare-KQ3jAuDucshTR9rM4oVz1A==/base.apk!/lib/x86_64, permitted_path=/data:/mnt/expand:/data/user/0/dev.partydeck.godot.compare
09-10 07:49:17.474 10542 10542 V GraphicsEnvironment: Currently set values for:
09-10 07:49:17.475 10542 10542 V GraphicsEnvironment:   angle_gl_driver_selection_pkgs=[]
09-10 07:49:17.475 10542 10542 V GraphicsEnvironment:   angle_gl_driver_selection_values=[]
09-10 07:49:17.476 10542 10542 V GraphicsEnvironment: Global.Settings values are invalid: number of packages: 0, number of values: 0
09-10 07:49:17.476 10542 10542 V GraphicsEnvironment: Neither updatable production driver nor prerelease driver is supported.
09-10 07:49:17.837 10542 10542 V Godot   : Initializing Godot plugin registry
09-10 07:49:17.838 10542 10542 I GodotPluginRegistry: Registering runtime plugin AndroidRuntime
09-10 07:49:17.838 10542 10542 I GodotPluginRegistry: Registering runtime plugin PartyDeckBridge
09-10 07:49:17.838 10542 10542 V Godot   : InitEngine with params: [--main-pack, res://partydeck-last-light.pck, --rendering-method, gl_compatibility, --xr-mode, off]
09-10 07:49:17.896 10542 10542 D nativeloader: Load /data/app/~~C12Gj98OnfCoZdy6ybALtw==/dev.partydeck.godot.compare-KQ3jAuDucshTR9rM4oVz1A==/base.apk!/lib/x86_64/libgodot_android.so using ns clns-7 from class loader (caller=/data/app/~~C12Gj98OnfCoZdy6ybALtw==/dev.partydeck.godot.compare-KQ3jAuDucshTR9rM4oVz1A==/base.apk): ok
09-10 07:49:17.897 10542 10542 V Godot   : Godot native layer initialization completed: true
09-10 07:49:17.897 10542 10542 V Godot   : Setting up native layer with params: [--main-pack, res://partydeck-last-light.pck, --rendering-method, gl_compatibility, --xr-mode, off]
09-10 07:49:17.965 10542 10542 V Godot   : Godot native layer setup completed
09-10 07:49:17.967 10542 10542 V Godot   : OnInitRenderView: GodotFragment{1b9011f} (a1722cc8-0f68-4a51-981f-9c14cfaa2847 id=0x7f07002b tag=partydeck-godot)
09-10 07:49:17.993 10542 10542 D Godot   : Render view should be transparent: false
09-10 07:49:17.994 10542 10542 D Godot   : renderingDevice: opengl3 (ProjectSettings)
09-10 07:49:17.994 10542 10542 D Godot   : 			renderer: gl_compatibility (Default)
09-10 07:49:18.047 10542 10542 V Godot   : OnStart: GodotFragment{1b9011f} (a1722cc8-0f68-4a51-981f-9c14cfaa2847 id=0x7f07002b tag=partydeck-godot)
09-10 07:49:18.052 10542 10542 W WindowOnBackDispatcher: OnBackInvokedCallback is not enabled for the application.
09-10 07:49:18.052 10542 10542 W WindowOnBackDispatcher: Set 'android:enableOnBackInvokedCallback="true"' in the application manifest.
09-10 07:49:18.060 10542 10542 V Godot   : OnResume: GodotFragment{1b9011f} (a1722cc8-0f68-4a51-981f-9c14cfaa2847 id=0x7f07002b tag=partydeck-godot)
09-10 07:49:18.070 10542 10542 W HWUI    : Unknown dataspace 0
09-10 07:49:18.151 10542 10570 I EGL_emulation: Opening libGLESv1_CM_emulation.so
09-10 07:49:18.152 10542 10570 I EGL_emulation: Opening libGLESv2_emulation.so
09-10 07:49:18.159 10542 10570 W HWUI    : Failed to choose config with EGL_SWAP_BEHAVIOR_PRESERVED, retrying without...
09-10 07:49:18.159 10542 10570 W HWUI    : Failed to initialize 101010-2 format, error = EGL_SUCCESS
09-10 07:49:18.175 10542 10579 W RegularContextFactory: creating OpenGL ES 3.0 context :
09-10 07:49:18.218 10542 10579 I Gralloc4: mapper 4.x is not supported
09-10 07:49:18.258 10542 10579 I godot   : Godot Engine v4.7.2.stable.official.ed1daf0bf - https://godotengine.org
09-10 07:49:18.301 10542 10547 I t.compare:godot: Compiler allocated 4219KB to compile void android.widget.TextView.<init>(android.content.Context, android.util.AttributeSet, int, int)
09-10 07:49:18.485 10542 10579 E godot   : WARNING: Failed to load cached shader, recompiling.
09-10 07:49:18.485 10542 10579 E godot   :    at: _load_from_cache (drivers/gles3/shader_gles3.cpp:615)
09-10 07:49:18.868 10542 10547 I t.compare:godot: Compiler allocated 5174KB to compile void android.view.ViewRootImpl.performTraversals()
09-10 07:49:19.076 10542 10579 I godot   : OpenGL API OpenGL ES 3.1 (OpenGL ES 3.1.0 (ANGLE 2.1.17841 git hash: 5fa2e61da947)) - Compatibility - Using Device: Google (Google Inc. (Google)) - Android Emulator OpenGL ES Translator (ANGLE (Google, Vulkan 1.3.0 (SwiftShader Device (Subzero) (0x0000C0DE)), SwiftShader driver-5.0.0))
09-10 07:49:19.077 10542 10579 D t.compare:godot: PlayerBase::PlayerBase()
09-10 07:49:19.077 10542 10579 D t.compare:godot: TrackPlayerBase::TrackPlayerBase()
09-10 07:49:19.078 10542 10579 I libOpenSLES: Emulating old channel mask behavior (ignoring positional mask 0x3, using default mask 0x3 based on channel count of 2)
09-10 07:49:19.083 10542 10579 I godot   : 
09-10 07:49:19.159 10542 10582 E SurfaceSyncGroup: Failed to receive transaction ready in 1000ms. Marking SurfaceSyncGroup(wmsSync-VRI[GodotGameActivity]#1) as ready
09-10 07:49:19.159 10542 10582 E SurfaceSyncGroup: Failed to receive transaction ready in 1000ms. Marking SurfaceSyncGroup(VRI[GodotGameActivity]#2) as ready
09-10 07:49:19.165 10542 10582 E SurfaceSyncGroup: Failed to receive transaction ready in 1000ms. Marking SurfaceSyncGroup(SurfaceView[dev.partydeck.godot.compare/dev.partydeck.godot.compare.GodotGameActivity]#0) as ready
09-10 07:49:19.454 10542 10570 D EGL_emulation: app_time_stats: avg=556.36ms min=51.23ms max=1061.49ms count=2
09-10 07:49:19.818 10542 10579 V Godot   : OnGodotSetupCompleted
09-10 07:49:19.825 10542 10579 V Godot   : OnGodotMainLoopStarted
09-10 07:49:20.471 10542 10570 D EGL_emulation: app_time_stats: avg=154.44ms min=57.31ms max=395.23ms count=6
09-10 07:49:30.071 10542 10542 D AutofillManager: Fill dialog is enabled:false, hints=[]
09-10 07:49:30.104 10542 10570 D EGL_emulation: app_time_stats: avg=1910.25ms min=31.61ms max=9210.24ms count=5
09-10 07:49:34.490 10542 10579 D EGL_emulation: app_time_stats: avg=3794.78ms min=68.16ms max=14332.33ms count=4
09-10 07:49:34.505 10542 10570 D EGL_emulation: app_time_stats: avg=864.58ms min=18.54ms max=4124.54ms count=5
09-10 07:49:34.523 10542 10579 D GLThread: Exiting render thread
09-10 07:49:34.523 10542 10579 D GodotRenderer: Destroying Godot Engine
09-10 07:49:34.540 10542 10579 D t.compare:godot: PlayerBase::stop() from IPlayer
09-10 07:49:34.540 10542 10579 D AudioTrack: stop(17): called with 685314 frames delivered
09-10 07:49:34.551 10542 10579 E eglCodecCommon: removeVertexArrayObject: ERROR: 7 not found in VAO state!
09-10 07:49:34.611 10542 10579 V Godot   : OnGodotTerminating
09-10 07:49:34.675 10542 10542 V Godot   : OnDestroy: GodotFragment{1b9011f} (a1722cc8-0f68-4a51-981f-9c14cfaa2847 id=0x7f07002b tag=partydeck-godot)
09-10 07:49:34.689 10542 10542 V Godot   : OnPause: GodotFragment{1b9011f} (a1722cc8-0f68-4a51-981f-9c14cfaa2847 id=0x7f07002b tag=partydeck-godot)
09-10 07:49:34.923 10542 10542 I PartyDeckGodotHost: Engine process exit requested
09-10 07:49:34.923 10542 10542 I Process : Sending signal. PID: 10542 SIG: 9
