Godot Engine v4.7.2.stable.official.ed1daf0bf - https://godotengine.org
WARNING: Could not set V-Sync mode, as changing V-Sync mode is not supported by the graphics driver.
     at: set_use_vsync (platform/linuxbsd/x11/gl_manager_x11.cpp:372)
OpenGL API 4.5 (Core Profile) Mesa 25.2.8-0ubuntu0.24.04.2 - Compatibility - Using Device: Mesa - llvmpipe (LLVM 20.1.2, 256 bits)
WARNING: Started the engine as `root`/superuser. This is a security risk, and subsystems like audio may not work correctly.
Set the environment variable `GODOT_SILENCE_ROOT_WARNING` to 1 to silence this warning.
     at: setup2 (main/main.cpp:3581)

PartyDeck renderer event: ready
ERROR: the first revealed root frame already contains the final overlay layout
   at: push_error (core/variant/variant_utility.cpp:1023)
   GDScript backtrace (most recent call first):
       [0] _check (res://tests/three_d_redraw_check.gd:429)
       [1] _exercise_redraws (res://tests/three_d_redraw_check.gd:160)
       [2] _settle_layout (res://tests/three_d_redraw_check.gd:422)
ERROR: the first selected root frame already contains the final overlay layout
   at: push_error (core/variant/variant_utility.cpp:1023)
   GDScript backtrace (most recent call first):
       [0] _check (res://tests/three_d_redraw_check.gd:429)
       [1] _exercise_redraws (res://tests/three_d_redraw_check.gd:181)
       [2] _settle_layout (res://tests/three_d_redraw_check.gd:422)
ERROR: unusable target (0, 0): actual server mode before drawing matches demand
   at: push_error (core/variant/variant_utility.cpp:1023)
   GDScript backtrace (most recent call first):
       [0] _check (res://tests/three_d_redraw_check.gd:429)
       [1] _draw (res://tests/three_d_redraw_check.gd:296)
       [2] _exercise_redraws (res://tests/three_d_redraw_check.gd:217)
       [3] _settle_layout (res://tests/three_d_redraw_check.gd:422)
3D redraw checks: 242 passed, 3 failed.
