--------- beginning of main
09-10 10:20:52.863 10894 10894 I t.compare:godot: Late-enabling -Xcheck:jni
09-10 10:20:52.902 10894 10894 I t.compare:godot: Using CollectorTypeCMC GC.
09-10 10:20:52.903 10894 10894 W t.compare:godot: Unexpected CPU variant for x86: x86_64.
09-10 10:20:52.903 10894 10894 W t.compare:godot: Known variants: atom, sandybridge, silvermont, goldmont, goldmont-plus, goldmont-without-sha-xsaves, tremont, kabylake, default
09-10 10:20:53.000 10894 10894 D nativeloader: Load libframework-connectivity-tiramisu-jni.so using APEX ns com_android_tethering for caller /apex/com.android.tethering/javalib/framework-connectivity-t.jar: ok
09-10 10:20:53.084 10894 10894 W ziparchive: Unable to open '/data/app/~~HsmByWhJY0u5zusmCQ_LHw==/dev.partydeck.godot.compare-Gno4DwCGEoU7Ri23dGV6KA==/base.dm': No such file or directory
09-10 10:20:53.086 10894 10894 W ziparchive: Unable to open '/data/app/~~HsmByWhJY0u5zusmCQ_LHw==/dev.partydeck.godot.compare-Gno4DwCGEoU7Ri23dGV6KA==/base.dm': No such file or directory
09-10 10:20:53.254 10894 10894 D nativeloader: Configuring clns-7 for other apk /data/app/~~HsmByWhJY0u5zusmCQ_LHw==/dev.partydeck.godot.compare-Gno4DwCGEoU7Ri23dGV6KA==/base.apk. target_sdk_version=36, uses_libraries=, library_path=/data/app/~~HsmByWhJY0u5zusmCQ_LHw==/dev.partydeck.godot.compare-Gno4DwCGEoU7Ri23dGV6KA==/lib/x86_64:/data/app/~~HsmByWhJY0u5zusmCQ_LHw==/dev.partydeck.godot.compare-Gno4DwCGEoU7Ri23dGV6KA==/base.apk!/lib/x86_64, permitted_path=/data:/mnt/expand:/data/user/0/dev.partydeck.godot.compare
09-10 10:20:53.264 10894 10894 V GraphicsEnvironment: Currently set values for:
09-10 10:20:53.264 10894 10894 V GraphicsEnvironment:   angle_gl_driver_selection_pkgs=[]
09-10 10:20:53.264 10894 10894 V GraphicsEnvironment:   angle_gl_driver_selection_values=[]
09-10 10:20:53.264 10894 10894 V GraphicsEnvironment: Global.Settings values are invalid: number of packages: 0, number of values: 0
09-10 10:20:53.264 10894 10894 V GraphicsEnvironment: Neither updatable production driver nor prerelease driver is supported.
09-10 10:20:53.694 10894 10894 V Godot   : Initializing Godot plugin registry
09-10 10:20:53.695 10894 10894 I GodotPluginRegistry: Registering runtime plugin AndroidRuntime
09-10 10:20:53.695 10894 10894 I GodotPluginRegistry: Registering runtime plugin PartyDeckBridge
09-10 10:20:53.696 10894 10894 V Godot   : InitEngine with params: [--main-pack, res://partydeck-last-light.pck, --rendering-method, gl_compatibility, --xr-mode, off]
09-10 10:20:53.717 10894 10894 D nativeloader: Load /data/app/~~HsmByWhJY0u5zusmCQ_LHw==/dev.partydeck.godot.compare-Gno4DwCGEoU7Ri23dGV6KA==/base.apk!/lib/x86_64/libgodot_android.so using ns clns-7 from class loader (caller=/data/app/~~HsmByWhJY0u5zusmCQ_LHw==/dev.partydeck.godot.compare-Gno4DwCGEoU7Ri23dGV6KA==/base.apk): ok
09-10 10:20:53.718 10894 10894 V Godot   : Godot native layer initialization completed: true
09-10 10:20:53.719 10894 10894 V Godot   : Setting up native layer with params: [--main-pack, res://partydeck-last-light.pck, --rendering-method, gl_compatibility, --xr-mode, off]
09-10 10:20:53.769 10894 10894 V Godot   : Godot native layer setup completed
09-10 10:20:53.770 10894 10894 V Godot   : OnInitRenderView: GodotFragment{cc685f5} (eec7b31b-efa1-4969-b1c8-b106709b7ec4 id=0x7f07002b tag=partydeck-godot)
09-10 10:20:53.785 10894 10894 D Godot   : Render view should be transparent: false
09-10 10:20:53.785 10894 10894 D Godot   : renderingDevice: opengl3 (ProjectSettings)
09-10 10:20:53.785 10894 10894 D Godot   : 			renderer: gl_compatibility (Default)
09-10 10:20:53.799 10894 10894 V Godot   : OnStart: GodotFragment{cc685f5} (eec7b31b-efa1-4969-b1c8-b106709b7ec4 id=0x7f07002b tag=partydeck-godot)
09-10 10:20:53.801 10894 10894 W WindowOnBackDispatcher: OnBackInvokedCallback is not enabled for the application.
09-10 10:20:53.801 10894 10894 W WindowOnBackDispatcher: Set 'android:enableOnBackInvokedCallback="true"' in the application manifest.
09-10 10:20:53.804 10894 10894 V Godot   : OnResume: GodotFragment{cc685f5} (eec7b31b-efa1-4969-b1c8-b106709b7ec4 id=0x7f07002b tag=partydeck-godot)
09-10 10:20:53.807 10894 10894 W HWUI    : Unknown dataspace 0
09-10 10:20:53.854 10894 10920 I EGL_emulation: Opening libGLESv1_CM_emulation.so
09-10 10:20:53.855 10894 10920 I EGL_emulation: Opening libGLESv2_emulation.so
09-10 10:20:53.863 10894 10920 W HWUI    : Failed to choose config with EGL_SWAP_BEHAVIOR_PRESERVED, retrying without...
09-10 10:20:53.863 10894 10920 W HWUI    : Failed to initialize 101010-2 format, error = EGL_SUCCESS
09-10 10:20:53.864 10894 10929 W RegularContextFactory: creating OpenGL ES 3.0 context :
09-10 10:20:53.908 10894 10929 I Gralloc4: mapper 4.x is not supported
09-10 10:20:53.917 10894 10929 I godot   : Godot Engine v4.7.2.stable.official.ed1daf0bf - https://godotengine.org
09-10 10:20:54.100 10894 10929 E godot   : WARNING: Failed to load cached shader, recompiling.
09-10 10:20:54.101 10894 10929 E godot   :    at: _load_from_cache (drivers/gles3/shader_gles3.cpp:615)
09-10 10:20:54.147 10894 10899 I t.compare:godot: Compiler allocated 4219KB to compile void android.widget.TextView.<init>(android.content.Context, android.util.AttributeSet, int, int)
09-10 10:20:54.743 10894 10899 I t.compare:godot: Compiler allocated 5174KB to compile void android.view.ViewRootImpl.performTraversals()
09-10 10:20:54.906 10894 10934 E SurfaceSyncGroup: Failed to receive transaction ready in 1000ms. Marking SurfaceSyncGroup(wmsSync-VRI[GodotGameActivity]#1) as ready
09-10 10:20:54.907 10894 10934 E SurfaceSyncGroup: Failed to receive transaction ready in 1000ms. Marking SurfaceSyncGroup(VRI[GodotGameActivity]#2) as ready
09-10 10:20:54.908 10894 10934 E SurfaceSyncGroup: Failed to receive transaction ready in 1000ms. Marking SurfaceSyncGroup(SurfaceView[dev.partydeck.godot.compare/dev.partydeck.godot.compare.GodotGameActivity]#0) as ready
09-10 10:20:54.915 10894 10929 I godot   : OpenGL API OpenGL ES 3.1 (OpenGL ES 3.1.0 (ANGLE 2.1.17841 git hash: 5fa2e61da947)) - Compatibility - Using Device: Google (Google Inc. (Google)) - Android Emulator OpenGL ES Translator (ANGLE (Google, Vulkan 1.3.0 (SwiftShader Device (Subzero) (0x0000C0DE)), SwiftShader driver-5.0.0))
09-10 10:20:54.923 10894 10929 D t.compare:godot: PlayerBase::PlayerBase()
09-10 10:20:54.923 10894 10929 D t.compare:godot: TrackPlayerBase::TrackPlayerBase()
09-10 10:20:54.923 10894 10929 I libOpenSLES: Emulating old channel mask behavior (ignoring positional mask 0x3, using default mask 0x3 based on channel count of 2)
09-10 10:20:54.948 10894 10929 I godot   : 
09-10 10:20:55.048 10894 10920 D EGL_emulation: app_time_stats: avg=331.90ms min=9.46ms max=968.73ms count=3
09-10 10:20:55.656 10894 10929 V Godot   : OnGodotSetupCompleted
09-10 10:20:55.662 10894 10929 V Godot   : OnGodotMainLoopStarted
09-10 10:20:56.223 10894 10920 D EGL_emulation: app_time_stats: avg=361.64ms min=299.08ms max=484.52ms count=3
09-10 10:21:03.905 10894 10894 D AutofillManager: Fill dialog is enabled:false, hints=[]
09-10 10:21:03.939 10894 10894 I PartyDeckGodotBridge: Close requested elapsed_ms=895299
09-10 10:21:03.942 10894 10929 I PartyDeckGodotBridge: Close dispatch started elapsed_ms=895303
09-10 10:21:03.944 10894 10929 I PartyDeckGodotBridge: Close native barrier elapsed_ms=895304
09-10 10:21:04.030 10894 10920 D EGL_emulation: app_time_stats: avg=1100.57ms min=19.85ms max=7229.90ms count=7
09-10 10:21:04.062 10894 10929 D EGL_emulation: app_time_stats: avg=2184.76ms min=68.93ms max=7967.47ms count=4
09-10 10:21:04.144 10894 10894 I PartyDeckGodotHost: Close main callback elapsed_ms=895505
09-10 10:21:04.163 10894 10929 D GLThread: Exiting render thread
09-10 10:21:04.163 10894 10929 D GodotRenderer: Destroying Godot Engine
09-10 10:21:04.193 10894 10929 D t.compare:godot: PlayerBase::stop() from IPlayer
09-10 10:21:04.193 10894 10929 D AudioTrack: stop(18): called with 410849 frames delivered
09-10 10:21:04.231 10894 10929 E eglCodecCommon: removeVertexArrayObject: ERROR: 7 not found in VAO state!
09-10 10:21:04.305 10894 10929 V Godot   : OnGodotTerminating
09-10 10:21:04.324 10894 10894 V Godot   : OnDestroy: GodotFragment{cc685f5} (eec7b31b-efa1-4969-b1c8-b106709b7ec4 id=0x7f07002b tag=partydeck-godot)
09-10 10:21:04.359 10894 10894 V Godot   : OnPause: GodotFragment{cc685f5} (eec7b31b-efa1-4969-b1c8-b106709b7ec4 id=0x7f07002b tag=partydeck-godot)
09-10 10:21:04.516 10894 10894 I PartyDeckGodotHost: Engine process exit requested
09-10 10:21:04.519 10894 10894 I Process : Sending signal. PID: 10894 SIG: 9
