    PID    PPID COMMAND           RSS %CPU
   1867    1865 provjobd3066897 146100 1.6
   1925    1906 Runner.Worker   141180 5.2
   1906    1831 Runner.Listener 95532  1.4
    986       1 dockerd         71984  0.2
    778       1 php-fpm8.3      51468  0.1
    849       1 containerd      45820  0.1
    218       1 multipathd      43676  0.0
   1172     810 python3         37468  0.7
    810       1 python3         31948  0.2
   1085     778 php-fpm8.3      21592  0.0
   1092     778 php-fpm8.3      21592  0.0
    776       1 networkd-dispat 20972  0.0
    155       1 systemd-journal 17624  0.3
   1831       1 hosted-compute- 17188  0.0
      1       0 systemd         14364  2.9
    796       1 udisksd         13804  0.1
    454       1 systemd-resolve 13284  0.1
    980       1 ModemManager    13096  0.1
   1008       1 systemd         11492  0.1
    793       1 systemd-logind  10060  0.1
    649       1 systemd-network  9860  0.0
    782       1 polkitd          8240  0.0
    223       1 systemd-udevd    8072  0.1
   1865    1831 sudo             7088  0.0
    902       1 rsyslogd         6272  0.0
    770       1 dbus-daemon      5664  0.1
    506       1 haveged          5092  0.1
   2531    2517 ps               4300  0.0
    912       1 chronyd          3768  0.0
   2517    2516 bash             3640  0.0
   1033    1008 (sd-pam)         3632  0.0
   2515    1925 bash             3620  0.0
    308       1 hv_kvp_daemon    2972  0.0
    842       1 cron             2892  0.0
    909       1 agetty           2216  0.0
   2516    2515 timeout          2172  0.0
    920       1 agetty           2092  0.1
    921     912 chronyd          1232  0.0
      2       0 kthreadd            0  0.0
      3       2 pool_workqueue_     0  0.0
      4       2 kworker/R-rcu_g     0  0.0
      5       2 kworker/R-sync_     0  0.0
      6       2 kworker/R-kvfre     0  0.0
      7       2 kworker/R-slub_     0  0.0
      8       2 kworker/R-netns     0  0.0
      9       2 kworker/0:0-eve     0  0.0
     10       2 kworker/0:0H-ev     0  0.0
     11       2 kworker/0:1-eve     0  0.4
     12       2 kworker/u16:0-e     0  0.0
     13       2 kworker/R-mm_pe     0  0.0
     14       2 ksoftirqd/0         0  0.0
     15       2 rcu_sched           0  0.0
     16       2 rcu_exp_par_gp_     0  0.0
     17       2 rcu_exp_gp_kthr     0  0.0
     18       2 migration/0         0  0.0
     19       2 idle_inject/0       0  0.0
     20       2 cpuhp/0             0  0.0
     21       2 cpuhp/2             0  0.0
     22       2 idle_inject/2       0  0.0
     23       2 migration/2         0  0.4
     24       2 ksoftirqd/2         0  0.0
     25       2 kworker/2:0-eve     0  0.0
     26       2 kworker/2:0H-ev     0  0.0
     27       2 cpuhp/1             0  0.0
     28       2 idle_inject/1       0  0.0
     29       2 migration/1         0  0.4
     30       2 ksoftirqd/1         0  0.0
     31       2 kworker/1:0-eve     0  0.0
     32       2 kworker/1:0H-ev     0  0.0
     33       2 cpuhp/3             0  0.0
     34       2 idle_inject/3       0  0.0
     35       2 migration/3         0  0.4
     36       2 ksoftirqd/3         0  0.0
     37       2 kworker/3:0-cgr     0  0.0
     38       2 kworker/3:0H-kb     0  0.0
     39       2 kdevtmpfs           0  0.0
     40       2 kworker/R-inet_     0  0.0
     41       2 rcu_tasks_rude_     0  0.0
     42       2 rcu_tasks_trace     0  0.0
     43       2 kauditd             0  0.0
     44       2 khungtaskd          0  0.0
     45       2 oom_reaper          0  0.0
     46       2 kworker/u16:1-f     0  0.4
     47       2 kworker/u16:2-i     0  0.4
     48       2 kworker/R-write     0  0.0
     49       2 kcompactd0          0  0.0
     50       2 ksmd                0  0.0
     51       2 khugepaged          0  0.0
     52       2 kworker/R-kbloc     0  0.0
     53       2 kworker/R-blkcg     0  0.0
     54       2 kworker/R-kinte     0  0.0
     55       2 irq/9-acpi          0  0.0
     56       2 kworker/2:1-cgr     0  0.1
     57       2 kworker/1:1-cgr     0  0.4
     58       2 kworker/3:1-ino     0  0.0
     59       2 kworker/R-tpm_d     0  0.0
     60       2 kworker/R-ata_s     0  0.0
     61       2 kworker/R-md        0  0.0
     62       2 kworker/R-md_bi     0  0.0
     63       2 kworker/R-edac-     0  0.0
     64       2 kworker/R-hv_vm     0  0.0
     65       2 kworker/R-hv_vm     0  0.0
     66       2 kworker/R-hv_pr     0  0.0
     67       2 kworker/R-hv_su     0  0.0
     68       2 kworker/R-devfr     0  0.0
     69       2 watchdogd           0  0.0
     70       2 kworker/R-quota     0  0.0
     71       2 kworker/0:1H-kb     0  0.0
     72       2 kswapd0             0  0.0
     73       2 ecryptfs-kthrea     0  0.0
     74       2 kworker/R-kthro     0  0.0
     75       2 kworker/R-nfit      0  0.0
     76       2 scsi_eh_0           0  0.0
     77       2 kworker/R-scsi_     0  0.0
     78       2 kworker/R-nvme-     0  0.0
     79       2 kworker/R-nvme-     0  0.0
     80       2 kworker/R-nvme-     0  0.0
     81       2 kworker/R-nvme-     0  0.0
     82       2 kworker/u16:3-i     0  0.3
     83       2 kworker/u16:4-f     0  0.1
     84       2 kworker/u16:5-e     0  0.0
     85       2 kworker/R-mld       0  0.0
     86       2 kworker/2:1H-kb     0  0.0
     87       2 kworker/R-ipv6_     0  0.0
     88       2 kworker/0:2-eve     0  0.0
     89       2 hv_balloon          0  0.0
     90       2 kworker/R-kstrp     0  0.0
     92       2 kworker/u17:0       0  0.0
    103       2 jbd2/nvme0n1p1-     0  0.0
    104       2 kworker/R-ext4-     0  0.0
    106       2 kworker/1:1H-kb     0  0.0
    138       2 kworker/3:1H        0  0.0
    175       2 kworker/3:2-cgw     0  0.0
    177       2 kworker/R-kmpat     0  0.0
    178       2 kworker/R-kmpat     0  0.0
    179       2 kworker/2:2-eve     0  0.1
    197       2 kworker/3:3-eve     0  0.0
    235       2 psimon              0  0.0
    290       2 kworker/1:2-eve     0  0.0
    299       2 kworker/0:3-cgr     0  0.0
    309       2 kworker/R-tls-s     0  0.0
    312       2 kworker/R-mlx5_     0  0.0
    313       2 kworker/R-mlx5_     0  0.0
    314       2 kworker/R-mlx5_     0  0.0
    315       2 kworker/R-mlx5_     0  0.0
    327       2 ptp1                0  0.0
    328       2 kworker/R-mlx5_     0  0.0
    329       2 kworker/R-mlx5_     0  0.0
    331       2 kworker/R-mlx5e     0  0.0
    333       2 kworker/R-mlx5e     0  0.0
    335       2 kworker/R-ib-co     0  0.0
    336       2 kworker/R-ib-co     0  0.0
    337       2 kworker/R-ib_mc     0  0.0
    338       2 kworker/R-ib_nl     0  0.0
    343       2 kworker/R-mkey_     0  0.0
    351       2 jbd2/nvme0n1p16     0  0.0
    352       2 kworker/R-ext4-     0  0.0
    507       2 kworker/2:3-eve     0  0.0
    715       2 kworker/u16:6-f     0  0.0
    751       2 ext4lazyinit        0  0.0
   1266       2 kworker/3:4-eve     0  0.0
   1268       2 kworker/3:5         0  0.0
   1607       2 kworker/u16:7-e     0  0.6
   1608       2 kworker/u16:8-e     0  0.0
   1609       2 kworker/u16:9-e     0  0.0
   1828       2 psimon              0  0.0
