--------- beginning of main
09-10 05:11:47.647  3140  3140 I t.compare:godot: Late-enabling -Xcheck:jni
09-10 05:11:47.672  3140  3140 I t.compare:godot: Using CollectorTypeCMC GC.
09-10 05:11:47.672  3140  3140 W t.compare:godot: Unexpected CPU variant for x86: x86_64.
09-10 05:11:47.672  3140  3140 W t.compare:godot: Known variants: atom, sandybridge, silvermont, goldmont, goldmont-plus, goldmont-without-sha-xsaves, tremont, kabylake, default
09-10 05:11:47.702  3140  3140 D nativeloader: Load libframework-connectivity-tiramisu-jni.so using APEX ns com_android_tethering for caller /apex/com.android.tethering/javalib/framework-connectivity-t.jar: ok
09-10 05:11:47.814  3140  3140 W ziparchive: Unable to open '/data/app/~~gVaBH3u0EhBXD7-gqc-3Yw==/dev.partydeck.godot.compare-xTXudCZ5nX7lxOZ0q_cWYQ==/base.dm': No such file or directory
09-10 05:11:47.814  3140  3140 W ziparchive: Unable to open '/data/app/~~gVaBH3u0EhBXD7-gqc-3Yw==/dev.partydeck.godot.compare-xTXudCZ5nX7lxOZ0q_cWYQ==/base.dm': No such file or directory
09-10 05:11:47.944  3140  3140 D nativeloader: Configuring clns-7 for other apk /data/app/~~gVaBH3u0EhBXD7-gqc-3Yw==/dev.partydeck.godot.compare-xTXudCZ5nX7lxOZ0q_cWYQ==/base.apk. target_sdk_version=36, uses_libraries=, library_path=/data/app/~~gVaBH3u0EhBXD7-gqc-3Yw==/dev.partydeck.godot.compare-xTXudCZ5nX7lxOZ0q_cWYQ==/lib/x86_64:/data/app/~~gVaBH3u0EhBXD7-gqc-3Yw==/dev.partydeck.godot.compare-xTXudCZ5nX7lxOZ0q_cWYQ==/base.apk!/lib/x86_64, permitted_path=/data:/mnt/expand:/data/user/0/dev.partydeck.godot.compare
09-10 05:11:47.973  3140  3140 V GraphicsEnvironment: Currently set values for:
09-10 05:11:47.973  3140  3140 V GraphicsEnvironment:   angle_gl_driver_selection_pkgs=[]
09-10 05:11:47.973  3140  3140 V GraphicsEnvironment:   angle_gl_driver_selection_values=[]
09-10 05:11:47.973  3140  3140 V GraphicsEnvironment: Global.Settings values are invalid: number of packages: 0, number of values: 0
09-10 05:11:47.973  3140  3140 V GraphicsEnvironment: Neither updatable production driver nor prerelease driver is supported.
09-10 05:11:48.335  3140  3140 V Godot   : Initializing Godot plugin registry
09-10 05:11:48.336  3140  3140 I GodotPluginRegistry: Registering runtime plugin AndroidRuntime
09-10 05:11:48.336  3140  3140 I GodotPluginRegistry: Registering runtime plugin PartyDeckBridge
09-10 05:11:48.336  3140  3140 V Godot   : InitEngine with params: [--main-pack, res://partydeck-last-light.pck, --rendering-method, gl_compatibility, --xr-mode, off]
09-10 05:11:48.357  3140  3140 D nativeloader: Load /data/app/~~gVaBH3u0EhBXD7-gqc-3Yw==/dev.partydeck.godot.compare-xTXudCZ5nX7lxOZ0q_cWYQ==/base.apk!/lib/x86_64/libgodot_android.so using ns clns-7 from class loader (caller=/data/app/~~gVaBH3u0EhBXD7-gqc-3Yw==/dev.partydeck.godot.compare-xTXudCZ5nX7lxOZ0q_cWYQ==/base.apk): ok
09-10 05:11:48.363  3140  3140 V Godot   : Godot native layer initialization completed: true
09-10 05:11:48.364  3140  3140 V Godot   : Setting up native layer with params: [--main-pack, res://partydeck-last-light.pck, --rendering-method, gl_compatibility, --xr-mode, off]
09-10 05:11:48.415  3140  3140 V Godot   : Godot native layer setup completed
09-10 05:11:48.415  3140  3140 V Godot   : OnInitRenderView: GodotFragment{db9c73a} (6132dec2-2682-4eb2-acea-7e47b0d164cb id=0x7f07002b tag=partydeck-godot)
09-10 05:11:48.459  3140  3140 D Godot   : Render view should be transparent: false
09-10 05:11:48.459  3140  3140 D Godot   : renderingDevice: opengl3 (ProjectSettings)
09-10 05:11:48.459  3140  3140 D Godot   : 			renderer: gl_compatibility (Default)
09-10 05:11:48.496  3140  3140 V Godot   : OnStart: GodotFragment{db9c73a} (6132dec2-2682-4eb2-acea-7e47b0d164cb id=0x7f07002b tag=partydeck-godot)
09-10 05:11:48.501  3140  3140 W WindowOnBackDispatcher: OnBackInvokedCallback is not enabled for the application.
09-10 05:11:48.501  3140  3140 W WindowOnBackDispatcher: Set 'android:enableOnBackInvokedCallback="true"' in the application manifest.
09-10 05:11:48.508  3140  3140 V Godot   : OnResume: GodotFragment{db9c73a} (6132dec2-2682-4eb2-acea-7e47b0d164cb id=0x7f07002b tag=partydeck-godot)
09-10 05:11:48.517  3140  3140 W HWUI    : Unknown dataspace 0
09-10 05:11:48.573  3140  3167 I EGL_emulation: Opening libGLESv1_CM_emulation.so
09-10 05:11:48.574  3140  3167 I EGL_emulation: Opening libGLESv2_emulation.so
09-10 05:11:48.595  3140  3167 W HWUI    : Failed to choose config with EGL_SWAP_BEHAVIOR_PRESERVED, retrying without...
09-10 05:11:48.596  3140  3167 W HWUI    : Failed to initialize 101010-2 format, error = EGL_SUCCESS
09-10 05:11:48.647  3140  3176 W RegularContextFactory: creating OpenGL ES 3.0 context :
09-10 05:11:48.704  3140  3176 I Gralloc4: mapper 4.x is not supported
09-10 05:11:48.715  3140  3176 I godot   : Godot Engine v4.7.2.stable.official.ed1daf0bf - https://godotengine.org
09-10 05:11:48.851  3140  3145 I t.compare:godot: Compiler allocated 4219KB to compile void android.widget.TextView.<init>(android.content.Context, android.util.AttributeSet, int, int)
09-10 05:11:49.454  3140  3145 I t.compare:godot: Compiler allocated 5174KB to compile void android.view.ViewRootImpl.performTraversals()
09-10 05:11:49.702  3140  3180 E SurfaceSyncGroup: Failed to receive transaction ready in 1000ms. Marking SurfaceSyncGroup(wmsSync-VRI[GodotGameActivity]#1) as ready
09-10 05:11:49.704  3140  3180 E SurfaceSyncGroup: Failed to receive transaction ready in 1000ms. Marking SurfaceSyncGroup(VRI[GodotGameActivity]#2) as ready
09-10 05:11:49.704  3140  3180 E SurfaceSyncGroup: Failed to receive transaction ready in 1000ms. Marking SurfaceSyncGroup(SurfaceView[dev.partydeck.godot.compare/dev.partydeck.godot.compare.GodotGameActivity]#0) as ready
09-10 05:11:49.837  3140  3167 D EGL_emulation: app_time_stats: avg=488.97ms min=16.32ms max=961.62ms count=2
09-10 05:11:50.132  3140  3176 I godot   : OpenGL API OpenGL ES 3.1 (OpenGL ES 3.1.0 (ANGLE 2.1.17841 git hash: 5fa2e61da947)) - Compatibility - Using Device: Google (Google Inc. (Google)) - Android Emulator OpenGL ES Translator (ANGLE (Google, Vulkan 1.3.0 (SwiftShader Device (Subzero) (0x0000C0DE)), SwiftShader driver-5.0.0))
09-10 05:11:50.133  3140  3176 D t.compare:godot: PlayerBase::PlayerBase()
09-10 05:11:50.133  3140  3176 D t.compare:godot: TrackPlayerBase::TrackPlayerBase()
09-10 05:11:50.133  3140  3176 I libOpenSLES: Emulating old channel mask behavior (ignoring positional mask 0x3, using default mask 0x3 based on channel count of 2)
09-10 05:11:50.140  3140  3176 I godot   : 
09-10 05:11:50.667  3140  3176 V Godot   : OnGodotSetupCompleted
09-10 05:11:50.729  3140  3176 V Godot   : OnGodotMainLoopStarted
09-10 05:11:50.863  3140  3167 D EGL_emulation: app_time_stats: avg=332.00ms min=80.41ms max=490.39ms count=3
09-10 05:11:51.454  3140  3176 D EGL_emulation: app_time_stats: avg=371.03ms min=18.66ms max=799.85ms count=3
09-10 05:12:01.248  3140  3140 D AutofillManager: Fill dialog is enabled:false, hints=[]
09-10 05:12:01.277  3140  3167 D EGL_emulation: app_time_stats: avg=1297.53ms min=15.08ms max=9495.06ms count=8
09-10 05:12:05.565  3140  3176 D EGL_emulation: app_time_stats: avg=14110.88ms min=14110.88ms max=14110.88ms count=1
09-10 05:12:09.606  3140  3167 D EGL_emulation: app_time_stats: avg=1656.66ms min=16.30ms max=8048.71ms count=5
09-10 05:12:19.523  3140  3167 D EGL_emulation: app_time_stats: avg=1972.83ms min=15.86ms max=9652.16ms count=5
09-10 05:12:23.798  3140  3176 D EGL_emulation: app_time_stats: avg=18232.57ms min=18232.57ms max=18232.57ms count=1
09-10 05:12:27.874  3140  3167 D EGL_emulation: app_time_stats: avg=1661.15ms min=17.01ms max=8086.05ms count=5
09-10 05:12:37.755  3140  3167 D EGL_emulation: app_time_stats: avg=1965.77ms min=20.26ms max=9614.30ms count=5
09-10 05:12:42.032  3140  3176 D EGL_emulation: app_time_stats: avg=18234.76ms min=18234.76ms max=18234.76ms count=1
09-10 05:12:46.107  3140  3167 D EGL_emulation: app_time_stats: avg=1664.47ms min=17.69ms max=8081.41ms count=5
09-10 05:12:56.056  3140  3167 D EGL_emulation: app_time_stats: avg=1982.52ms min=16.40ms max=9695.62ms count=5
09-10 05:13:00.328  3140  3176 D EGL_emulation: app_time_stats: avg=18295.72ms min=18295.72ms max=18295.72ms count=1
09-10 05:13:04.389  3140  3167 D EGL_emulation: app_time_stats: avg=1656.01ms min=20.80ms max=8052.05ms count=5
09-10 05:13:10.640  3140  3167 D EGL_emulation: app_time_stats: avg=1227.91ms min=1.35ms max=5993.85ms count=5
09-10 05:13:14.939  3140  3176 D EGL_emulation: app_time_stats: avg=14611.18ms min=14611.18ms max=14611.18ms count=1
09-10 05:13:19.023  3140  3167 D EGL_emulation: app_time_stats: avg=1671.49ms min=24.72ms max=8117.68ms count=5
09-10 05:13:21.258  3140  3140 V Godot   : OnPause: GodotFragment{db9c73a} (6132dec2-2682-4eb2-acea-7e47b0d164cb id=0x7f07002b tag=partydeck-godot)
09-10 05:13:21.266  3140  3176 D t.compare:godot: PlayerBase::pause() from IPlayer
09-10 05:13:21.364  3140  3167 D EGL_emulation: app_time_stats: avg=454.69ms min=17.65ms max=2082.28ms count=5
09-10 05:13:21.824  3140  3176 D EGL_emulation: app_time_stats: avg=6884.03ms min=6884.03ms max=6884.03ms count=1
09-10 05:13:22.115  3140  3140 D VRI[GodotGameActivity]: visibilityChanged oldVisibility=true newVisibility=false
09-10 05:13:22.119  3140  3140 E Surface : freeAllBuffers: 1 buffers were freed while being dequeued!
09-10 05:13:22.200  3140  3176 E Surface : getSlotFromBufferLocked: unknown buffer: 0x0
09-10 05:13:22.200  3140  3176 E Surface : freeAllBuffers: 1 buffers were freed while being dequeued!
09-10 05:13:22.282  3140  3140 V Godot   : OnStop: GodotFragment{db9c73a} (6132dec2-2682-4eb2-acea-7e47b0d164cb id=0x7f07002b tag=partydeck-godot)
09-10 05:13:36.239  3140  3140 V Godot   : OnStart: GodotFragment{db9c73a} (6132dec2-2682-4eb2-acea-7e47b0d164cb id=0x7f07002b tag=partydeck-godot)
09-10 05:13:36.240  3140  3140 W WindowOnBackDispatcher: OnBackInvokedCallback is not enabled for the application.
09-10 05:13:36.240  3140  3140 W WindowOnBackDispatcher: Set 'android:enableOnBackInvokedCallback="true"' in the application manifest.
09-10 05:13:36.252  3140  3140 V Godot   : OnResume: GodotFragment{db9c73a} (6132dec2-2682-4eb2-acea-7e47b0d164cb id=0x7f07002b tag=partydeck-godot)
09-10 05:13:41.072  3140  3167 D EGL_emulation: app_time_stats: avg=507.85ms min=61.64ms max=3550.97ms count=9
09-10 05:13:41.205  3140  3146 I t.compare:godot: Background concurrent mark compact GC freed 2844KB AllocSpace bytes, 0(0B) LOS objects, 49% free, 2784KB/5569KB, paused 98us,5.463ms total 34.362ms
09-10 05:13:51.057  3140  3167 D EGL_emulation: app_time_stats: avg=1986.60ms min=23.01ms max=9727.36ms count=5
09-10 05:13:55.354  3140  3176 D EGL_emulation: app_time_stats: avg=9362.33ms min=441.38ms max=18283.29ms count=2
09-10 05:13:59.441  3140  3167 D EGL_emulation: app_time_stats: avg=1672.73ms min=12.05ms max=8132.01ms count=5
09-10 05:14:05.706  3140  3167 D EGL_emulation: app_time_stats: avg=1246.31ms min=15.78ms max=6026.56ms count=5
09-10 05:14:10.020  3140  3176 D EGL_emulation: app_time_stats: avg=14666.61ms min=14666.61ms max=14666.61ms count=1
09-10 05:14:14.123  3140  3167 D EGL_emulation: app_time_stats: avg=1667.43ms min=15.72ms max=8106.70ms count=5
09-10 05:14:20.323  3140  3167 D EGL_emulation: app_time_stats: avg=1208.24ms min=18.96ms max=5836.35ms count=5
09-10 05:14:24.556  3140  3176 D EGL_emulation: app_time_stats: avg=14535.71ms min=14535.71ms max=14535.71ms count=1
09-10 05:14:25.688  3140  3176 D EGL_emulation: app_time_stats: avg=113.13ms min=73.94ms max=179.70ms count=10
09-10 05:14:29.523  3140  3167 D EGL_emulation: app_time_stats: avg=1835.15ms min=23.34ms max=8841.36ms count=5
09-10 05:14:33.799  3140  3176 D EGL_emulation: app_time_stats: avg=8111.22ms min=8111.22ms max=8111.22ms count=1
09-10 05:14:33.970  3140  3167 D EGL_emulation: app_time_stats: avg=883.18ms min=20.82ms max=4105.44ms count=5
09-10 05:14:38.407  3140  3167 D EGL_emulation: app_time_stats: avg=716.17ms min=15.92ms max=3703.82ms count=6
09-10 05:14:44.706  3140  3167 D EGL_emulation: app_time_stats: avg=1246.15ms min=15.28ms max=6039.41ms count=5
09-10 05:14:58.290  3140  3167 D EGL_emulation: app_time_stats: avg=2711.04ms min=16.22ms max=13331.60ms count=5
09-10 05:15:02.628  3140  3176 D EGL_emulation: app_time_stats: avg=9609.62ms min=343.68ms max=28037.62ms count=3
09-10 05:15:03.727  3140  3176 D EGL_emulation: app_time_stats: avg=99.90ms min=69.07ms max=129.53ms count=11
09-10 05:15:07.706  3140  3167 D EGL_emulation: app_time_stats: avg=1880.20ms min=28.84ms max=9149.09ms count=5
09-10 05:15:12.005  3140  3176 D EGL_emulation: app_time_stats: avg=8277.34ms min=8277.34ms max=8277.34ms count=1
09-10 05:15:12.148  3140  3167 D EGL_emulation: app_time_stats: avg=878.71ms min=18.42ms max=4178.29ms count=5
09-10 05:15:16.605  3140  3167 D EGL_emulation: app_time_stats: avg=727.98ms min=15.06ms max=3684.49ms count=6
09-10 05:15:22.855  3140  3167 D EGL_emulation: app_time_stats: avg=1237.33ms min=28.58ms max=5994.36ms count=5
09-10 05:15:32.706  3140  3167 D EGL_emulation: app_time_stats: avg=1958.91ms min=16.43ms max=9557.39ms count=5
09-10 05:15:36.976  3140  3176 D EGL_emulation: app_time_stats: avg=8323.88ms min=329.47ms max=24165.85ms count=3
09-10 05:15:38.011  3140  3176 D EGL_emulation: app_time_stats: avg=94.04ms min=62.90ms max=129.93ms count=11
09-10 05:15:42.089  3140  3167 D EGL_emulation: app_time_stats: avg=1866.48ms min=15.14ms max=9127.31ms count=5
09-10 05:15:46.396  3140  3176 D EGL_emulation: app_time_stats: avg=2774.41ms min=58.07ms max=8139.11ms count=3
09-10 05:15:46.487  3140  3167 D EGL_emulation: app_time_stats: avg=875.69ms min=18.56ms max=4136.35ms count=5
09-10 05:15:51.023  3140  3167 D EGL_emulation: app_time_stats: avg=751.75ms min=9.14ms max=3701.49ms count=6
09-10 05:15:57.293  3140  3167 D EGL_emulation: app_time_stats: avg=1245.33ms min=19.52ms max=6010.95ms count=5
09-10 05:16:03.541  3140  3167 D EGL_emulation: app_time_stats: avg=1240.09ms min=12.29ms max=5993.05ms count=5
09-10 05:16:07.880  3140  3176 D EGL_emulation: app_time_stats: avg=7161.43ms min=391.10ms max=20660.03ms count=3
09-10 05:16:08.970  3140  3176 D EGL_emulation: app_time_stats: avg=99.06ms min=80.09ms max=116.36ms count=11
09-10 05:16:12.924  3140  3167 D EGL_emulation: app_time_stats: avg=1876.70ms min=80.22ms max=9030.15ms count=5
09-10 05:16:17.134  3140  3176 D EGL_emulation: app_time_stats: avg=4081.71ms min=78.16ms max=8085.25ms count=2
09-10 05:16:17.288  3140  3167 D EGL_emulation: app_time_stats: avg=860.01ms min=19.80ms max=4091.30ms count=5
09-10 05:16:21.741  3140  3167 D EGL_emulation: app_time_stats: avg=726.10ms min=25.18ms max=3695.80ms count=6
09-10 05:16:27.973  3140  3167 D EGL_emulation: app_time_stats: avg=1237.17ms min=19.74ms max=5985.20ms count=5
09-10 05:16:34.239  3140  3167 D EGL_emulation: app_time_stats: avg=1244.15ms min=18.83ms max=6026.51ms count=5
09-10 05:16:38.564  3140  3176 D EGL_emulation: app_time_stats: avg=7143.51ms min=336.46ms max=20633.95ms count=3
09-10 05:16:39.566  3140  3176 D EGL_emulation: app_time_stats: avg=111.27ms min=78.87ms max=143.26ms count=9
09-10 05:16:43.473  3140  3167 D EGL_emulation: app_time_stats: avg=1833.06ms min=19.81ms max=8933.33ms count=5
09-10 05:16:47.719  3140  3176 D EGL_emulation: app_time_stats: avg=8153.22ms min=8153.22ms max=8153.22ms count=1
09-10 05:16:47.788  3140  3167 D EGL_emulation: app_time_stats: avg=853.23ms min=20.88ms max=4046.75ms count=5
09-10 05:16:51.939  3140  3167 D EGL_emulation: app_time_stats: avg=684.05ms min=70.74ms max=3331.29ms count=6
09-10 05:16:58.106  3140  3167 D EGL_emulation: app_time_stats: avg=1226.07ms min=22.63ms max=5897.16ms count=5
09-10 05:17:08.007  3140  3167 D EGL_emulation: app_time_stats: avg=1970.34ms min=15.44ms max=9629.22ms count=5
09-10 05:17:12.333  3140  3176 D EGL_emulation: app_time_stats: avg=12306.60ms min=296.44ms max=24316.75ms count=2
09-10 05:17:13.430  3140  3176 D EGL_emulation: app_time_stats: avg=99.80ms min=71.73ms max=127.91ms count=11
09-10 05:17:17.390  3140  3167 D EGL_emulation: app_time_stats: avg=1866.48ms min=16.58ms max=9113.96ms count=5
09-10 05:17:21.639  3140  3176 D EGL_emulation: app_time_stats: avg=4104.26ms min=204.24ms max=8004.28ms count=2
09-10 05:17:21.721  3140  3146 I t.compare:godot: Background concurrent mark compact GC freed 2748KB AllocSpace bytes, 0(0B) LOS objects, 49% free, 2740KB/5481KB, paused 128us,32.024ms total 82.254ms
09-10 05:17:21.722  3140  3167 D EGL_emulation: app_time_stats: avg=844.51ms min=14.51ms max=3994.78ms count=5
09-10 05:17:25.773  3140  3167 D EGL_emulation: app_time_stats: avg=671.76ms min=20.75ms max=3298.15ms count=6
09-10 05:17:32.022  3140  3167 D EGL_emulation: app_time_stats: avg=1246.07ms min=24.26ms max=5987.83ms count=5
09-10 05:17:38.272  3140  3167 D EGL_emulation: app_time_stats: avg=1238.79ms min=17.42ms max=5966.54ms count=5
09-10 05:17:42.579  3140  3176 D EGL_emulation: app_time_stats: avg=10470.00ms min=308.53ms max=20631.47ms count=2
09-10 05:17:46.656  3140  3167 D EGL_emulation: app_time_stats: avg=1659.01ms min=14.62ms max=8141.29ms count=5
09-10 05:17:52.889  3140  3167 D EGL_emulation: app_time_stats: avg=1238.05ms min=24.35ms max=5956.43ms count=5
09-10 05:17:57.130  3140  3176 D EGL_emulation: app_time_stats: avg=14550.40ms min=14550.40ms max=14550.40ms count=1
09-10 05:18:01.206  3140  3167 D EGL_emulation: app_time_stats: avg=1658.59ms min=18.66ms max=8082.76ms count=5
09-10 05:18:07.473  3140  3167 D EGL_emulation: app_time_stats: avg=1241.60ms min=15.55ms max=6013.89ms count=5
09-10 05:18:11.713  3140  3176 D EGL_emulation: app_time_stats: avg=14583.00ms min=14583.00ms max=14583.00ms count=1
09-10 05:18:12.807  3140  3176 D EGL_emulation: app_time_stats: avg=109.41ms min=73.91ms max=130.05ms count=10
09-10 05:18:16.723  3140  3167 D EGL_emulation: app_time_stats: avg=1839.19ms min=15.98ms max=8989.85ms count=5
09-10 05:18:20.904  3140  3167 D EGL_emulation: app_time_stats: avg=825.49ms min=17.25ms max=3912.94ms count=5
09-10 05:18:20.917  3140  3176 D EGL_emulation: app_time_stats: avg=4055.27ms min=172.12ms max=7938.41ms count=2
09-10 05:18:25.494  3140  3167 D EGL_emulation: app_time_stats: avg=762.67ms min=55.23ms max=3694.33ms count=6
09-10 05:18:31.756  3140  3167 D EGL_emulation: app_time_stats: avg=1249.70ms min=28.20ms max=6011.70ms count=5
09-10 05:18:38.006  3140  3167 D EGL_emulation: app_time_stats: avg=1241.51ms min=14.89ms max=5996.60ms count=5
09-10 05:18:42.343  3140  3176 D EGL_emulation: app_time_stats: avg=7141.95ms min=302.67ms max=20650.12ms count=3
09-10 05:18:43.436  3140  3176 D EGL_emulation: app_time_stats: avg=99.34ms min=75.69ms max=125.81ms count=11
09-10 05:18:47.473  3140  3167 D EGL_emulation: app_time_stats: avg=1882.92ms min=12.35ms max=9221.65ms count=5
09-10 05:18:51.734  3140  3176 D EGL_emulation: app_time_stats: avg=2752.43ms min=104.85ms max=8025.06ms count=3
09-10 05:18:51.810  3140  3167 D EGL_emulation: app_time_stats: avg=858.56ms min=15.97ms max=4083.08ms count=5
09-10 05:18:56.339  3140  3167 D EGL_emulation: app_time_stats: avg=752.02ms min=14.86ms max=3709.97ms count=6
09-10 05:19:02.589  3140  3167 D EGL_emulation: app_time_stats: avg=1246.29ms min=16.03ms max=5987.09ms count=5
09-10 05:19:08.806  3140  3167 D EGL_emulation: app_time_stats: avg=1237.06ms min=19.04ms max=5960.05ms count=5
09-10 05:19:13.149  3140  3176 D EGL_emulation: app_time_stats: avg=7138.15ms min=254.26ms max=20616.44ms count=3
09-10 05:19:14.260  3140  3176 D EGL_emulation: app_time_stats: avg=100.87ms min=44.32ms max=154.63ms count=11
09-10 05:19:18.339  3140  3167 D EGL_emulation: app_time_stats: avg=1898.23ms min=16.17ms max=9277.48ms count=5
09-10 05:19:22.627  3140  3176 D EGL_emulation: app_time_stats: avg=2789.11ms min=102.27ms max=8134.86ms count=3
09-10 05:19:22.772  3140  3167 D EGL_emulation: app_time_stats: avg=876.07ms min=16.79ms max=4154.36ms count=5
09-10 05:19:27.240  3140  3167 D EGL_emulation: app_time_stats: avg=739.14ms min=11.35ms max=3694.25ms count=6
09-10 05:19:33.472  3140  3167 D EGL_emulation: app_time_stats: avg=1238.52ms min=20.55ms max=5963.16ms count=5
09-10 05:19:39.673  3140  3167 D EGL_emulation: app_time_stats: avg=1232.83ms min=17.05ms max=5943.41ms count=5
09-10 05:19:43.982  3140  3176 D EGL_emulation: app_time_stats: avg=7118.13ms min=255.48ms max=20549.26ms count=3
09-10 05:19:45.092  3140  3176 D EGL_emulation: app_time_stats: avg=100.92ms min=41.13ms max=156.46ms count=11
09-10 05:19:49.156  3140  3167 D EGL_emulation: app_time_stats: avg=1890.03ms min=16.47ms max=9231.01ms count=5
09-10 05:19:53.562  3140  3176 D EGL_emulation: app_time_stats: avg=4234.76ms min=120.01ms max=8349.50ms count=2
09-10 05:19:57.972  3140  3167 D EGL_emulation: app_time_stats: avg=1756.73ms min=23.13ms max=8574.71ms count=5
09-10 05:20:02.260  3140  3176 D EGL_emulation: app_time_stats: avg=1739.67ms min=79.27ms max=8286.17ms count=5
09-10 05:20:02.378  3140  3167 D EGL_emulation: app_time_stats: avg=731.42ms min=24.12ms max=3996.09ms count=6
09-10 05:20:06.890  3140  3167 D EGL_emulation: app_time_stats: avg=751.97ms min=67.42ms max=3675.90ms count=6
09-10 05:20:13.105  3140  3167 D EGL_emulation: app_time_stats: avg=1230.41ms min=19.05ms max=5956.73ms count=5
09-10 05:20:19.327  3140  3167 D EGL_emulation: app_time_stats: avg=1238.57ms min=18.17ms max=5968.65ms count=5
09-10 05:20:23.666  3140  3176 D EGL_emulation: app_time_stats: avg=5351.31ms min=127.15ms max=20641.23ms count=4
09-10 05:20:28.356  3140  3167 D EGL_emulation: app_time_stats: avg=1802.12ms min=16.75ms max=8722.95ms count=5
09-10 05:20:32.558  3140  3176 D EGL_emulation: app_time_stats: avg=977.41ms min=49.32ms max=8055.11ms count=9
09-10 05:20:32.697  3140  3167 D EGL_emulation: app_time_stats: avg=853.55ms min=17.24ms max=4063.07ms count=5
09-10 05:20:36.872  3140  3167 D EGL_emulation: app_time_stats: avg=695.06ms min=16.59ms max=3482.27ms count=6
09-10 05:20:43.123  3140  3167 D EGL_emulation: app_time_stats: avg=1245.77ms min=19.00ms max=5990.29ms count=5
09-10 05:20:49.373  3140  3167 D EGL_emulation: app_time_stats: avg=1247.06ms min=30.94ms max=5996.00ms count=5
09-10 05:20:53.719  3140  3176 D EGL_emulation: app_time_stats: avg=10580.49ms min=295.09ms max=20865.88ms count=2
09-10 05:20:54.804  3140  3176 D EGL_emulation: app_time_stats: avg=64.19ms min=23.42ms max=116.20ms count=12
09-10 05:20:58.857  3140  3167 D EGL_emulation: app_time_stats: avg=1895.54ms min=18.70ms max=9186.38ms count=5
09-10 05:21:03.294  3140  3176 D EGL_emulation: app_time_stats: avg=4218.54ms min=106.03ms max=8331.05ms count=2
09-10 05:21:07.689  3140  3167 D EGL_emulation: app_time_stats: avg=1747.94ms min=18.29ms max=8518.68ms count=5
09-10 05:21:11.968  3140  3176 D EGL_emulation: app_time_stats: avg=1721.12ms min=47.60ms max=8269.03ms count=5
09-10 05:21:12.039  3140  3167 D EGL_emulation: app_time_stats: avg=861.62ms min=25.33ms max=4084.34ms count=5
09-10 05:21:16.573  3140  3167 D EGL_emulation: app_time_stats: avg=752.91ms min=11.75ms max=3690.28ms count=6
09-10 05:21:22.805  3140  3167 D EGL_emulation: app_time_stats: avg=1238.40ms min=16.89ms max=5977.81ms count=5
09-10 05:21:29.040  3140  3167 D EGL_emulation: app_time_stats: avg=1241.20ms min=21.17ms max=5968.97ms count=5
09-10 05:21:33.383  3140  3176 D EGL_emulation: app_time_stats: avg=7138.38ms min=309.61ms max=20616.68ms count=3
09-10 05:21:34.454  3140  3176 D EGL_emulation: app_time_stats: avg=97.17ms min=45.52ms max=143.70ms count=11
09-10 05:21:38.506  3140  3167 D EGL_emulation: app_time_stats: avg=1883.00ms min=21.19ms max=9209.03ms count=5
09-10 05:21:42.694  3140  3176 D EGL_emulation: app_time_stats: avg=4119.96ms min=123.70ms max=8116.23ms count=2
09-10 05:21:42.765  3140  3167 D EGL_emulation: app_time_stats: avg=845.75ms min=17.16ms max=3986.16ms count=5
09-10 05:21:47.289  3140  3167 D EGL_emulation: app_time_stats: avg=748.79ms min=61.33ms max=3682.38ms count=6
09-10 05:21:53.539  3140  3167 D EGL_emulation: app_time_stats: avg=1239.75ms min=20.80ms max=5990.93ms count=5
09-10 05:21:59.805  3140  3167 D EGL_emulation: app_time_stats: avg=1250.16ms min=23.14ms max=6011.39ms count=5
09-10 05:22:04.202  3140  3176 D EGL_emulation: app_time_stats: avg=7169.23ms min=244.43ms max=20700.25ms count=3
09-10 05:22:05.212  3140  3176 D EGL_emulation: app_time_stats: avg=83.20ms min=21.96ms max=110.92ms count=11
09-10 05:22:09.305  3140  3167 D EGL_emulation: app_time_stats: avg=1892.33ms min=17.54ms max=9237.33ms count=5
09-10 05:22:13.595  3140  3176 D EGL_emulation: app_time_stats: avg=4134.99ms min=67.59ms max=8202.39ms count=2
09-10 05:22:13.671  3140  3167 D EGL_emulation: app_time_stats: avg=855.67ms min=15.43ms max=4124.98ms count=5
09-10 05:22:18.210  3140  3167 D EGL_emulation: app_time_stats: avg=740.71ms min=15.21ms max=3709.33ms count=6
09-10 05:22:24.455  3140  3167 D EGL_emulation: app_time_stats: avg=1238.83ms min=17.23ms max=5990.84ms count=5
09-10 05:22:30.706  3140  3167 D EGL_emulation: app_time_stats: avg=1244.19ms min=18.90ms max=6001.89ms count=5
09-10 05:22:35.019  3140  3176 D EGL_emulation: app_time_stats: avg=7141.19ms min=186.62ms max=20617.03ms count=3
09-10 05:22:36.098  3140  3176 D EGL_emulation: app_time_stats: avg=86.53ms min=41.61ms max=129.80ms count=11
09-10 05:22:40.139  3140  3167 D EGL_emulation: app_time_stats: avg=1884.36ms min=14.85ms max=9194.23ms count=5
09-10 05:22:44.435  3140  3176 D EGL_emulation: app_time_stats: avg=4168.52ms min=129.17ms max=8207.86ms count=2
09-10 05:22:44.513  3140  3167 D EGL_emulation: app_time_stats: avg=868.30ms min=16.94ms max=4127.13ms count=5
09-10 05:22:49.022  3140  3167 D EGL_emulation: app_time_stats: avg=750.74ms min=10.48ms max=3697.78ms count=6
09-10 05:22:55.323  3140  3167 D EGL_emulation: app_time_stats: avg=1250.69ms min=12.69ms max=6037.59ms count=5
09-10 05:23:01.555  3140  3167 D EGL_emulation: app_time_stats: avg=1237.89ms min=15.86ms max=5955.78ms count=5
09-10 05:23:05.899  3140  3176 D EGL_emulation: app_time_stats: avg=7154.58ms min=238.25ms max=20666.16ms count=3
09-10 05:23:07.044  3140  3176 D EGL_emulation: app_time_stats: avg=91.59ms min=14.70ms max=157.11ms count=11
09-10 05:23:11.072  3140  3167 D EGL_emulation: app_time_stats: avg=1890.83ms min=18.30ms max=9273.00ms count=5
09-10 05:23:15.288  3140  3167 D EGL_emulation: app_time_stats: avg=827.77ms min=16.65ms max=3946.21ms count=5
09-10 05:23:15.359  3140  3176 D EGL_emulation: app_time_stats: avg=1644.62ms min=54.15ms max=7876.85ms count=5
09-10 05:23:19.889  3140  3167 D EGL_emulation: app_time_stats: avg=764.97ms min=11.85ms max=3695.14ms count=6
09-10 05:23:26.159  3140  3167 D EGL_emulation: app_time_stats: avg=1247.23ms min=21.53ms max=6014.60ms count=5
09-10 05:23:32.372  3140  3167 D EGL_emulation: app_time_stats: avg=1233.25ms min=13.75ms max=5965.11ms count=5
09-10 05:23:36.613  3140  3176 D EGL_emulation: app_time_stats: avg=7084.52ms min=237.19ms max=20533.71ms count=3
09-10 05:23:37.712  3140  3176 D EGL_emulation: app_time_stats: avg=99.90ms min=70.33ms max=139.54ms count=11
09-10 05:23:41.672  3140  3167 D EGL_emulation: app_time_stats: avg=1853.09ms min=25.09ms max=9023.41ms count=5
09-10 05:23:45.857  3140  3176 D EGL_emulation: app_time_stats: avg=4072.20ms min=104.22ms max=8040.19ms count=2
09-10 05:23:46.003  3140  3167 D EGL_emulation: app_time_stats: avg=1063.20ms min=24.63ms max=4086.20ms count=4
09-10 05:23:50.456  3140  3167 D EGL_emulation: app_time_stats: avg=740.05ms min=17.07ms max=3665.21ms count=6
09-10 05:23:56.723  3140  3167 D EGL_emulation: app_time_stats: avg=1247.37ms min=18.88ms max=6025.15ms count=5
09-10 05:24:06.672  3140  3167 D EGL_emulation: app_time_stats: avg=1981.79ms min=15.54ms max=9713.34ms count=5
09-10 05:24:11.007  3140  3176 D EGL_emulation: app_time_stats: avg=8383.12ms min=346.74ms max=24333.32ms count=3
09-10 05:24:12.117  3140  3176 D EGL_emulation: app_time_stats: avg=100.92ms min=76.64ms max=146.81ms count=11
09-10 05:24:16.091  3140  3167 D EGL_emulation: app_time_stats: avg=1866.88ms min=15.58ms max=9177.57ms count=5
09-10 05:24:20.364  3140  3167 D EGL_emulation: app_time_stats: avg=851.23ms min=17.79ms max=4016.69ms count=5
09-10 05:24:20.383  3140  3176 D EGL_emulation: app_time_stats: avg=4132.77ms min=159.01ms max=8106.53ms count=2
09-10 05:24:20.526  3140  3176 D GLThread: Exiting render thread
09-10 05:24:20.526  3140  3176 D GodotRenderer: Destroying Godot Engine
09-10 05:24:20.535  3140  3176 D t.compare:godot: PlayerBase::stop() from IPlayer
09-10 05:24:20.535  3140  3176 D AudioTrack: stop(16): called with 32435550 frames delivered
09-10 05:24:20.537  3140  3176 E eglCodecCommon: removeVertexArrayObject: ERROR: 7 not found in VAO state!
09-10 05:24:20.563  3140  3176 V Godot   : OnGodotTerminating
09-10 05:24:20.590  3140  3140 V Godot   : OnDestroy: GodotFragment{db9c73a} (6132dec2-2682-4eb2-acea-7e47b0d164cb id=0x7f07002b tag=partydeck-godot)
09-10 05:24:20.602  3140  3140 V Godot   : OnPause: GodotFragment{db9c73a} (6132dec2-2682-4eb2-acea-7e47b0d164cb id=0x7f07002b tag=partydeck-godot)
09-10 05:24:20.756  3140  3140 I PartyDeckGodotHost: Engine process exit requested
09-10 05:24:20.756  3140  3140 I Process : Sending signal. PID: 3140 SIG: 9
