Exported 40 attachments for: PartyDeckGodotSessionUITests/testProduction2DPracticeSession():
File: 1E8DB933-55BB-48DF-A554-4DE8503CCC14.json, suggested name: "2d production smoke failure latest sanitized observation_0_07E92115-82CA-45FB-8055-B11757186F63.json"
File: 95422A0E-3799-4AEA-B34B-9D1A190713C9.png, suggested name: "2d production smoke failure_0_AE6721A5-E705-492B-8B02-69B5876F0E9A.png"
File: A4F7D73B-6947-47C2-AB0C-68A922604153, suggested name: "UI Snapshot 2026-09-10 at 07.30.32 PM"
File: D842CD51-AFE6-4D7B-B89E-EF7E98D62485, suggested name: "Synthesized Event 2026-09-10 at 07.30.33 PM"
File: 9D8DC8DA-7796-4477-B173-F2A5AD81D318, suggested name: "UI Snapshot 2026-09-10 at 07.30.28 PM"
File: 2E121E95-2B91-40CC-8028-66BBFD8F545B, suggested name: "Synthesized Event 2026-09-10 at 07.30.28 PM"
File: 2328C8BA-AFC8-4CA2-833E-1B5BF7692433, suggested name: "UI Snapshot 2026-09-10 at 07.30.25 PM"
File: 791E6F9A-4A11-4202-B3DC-70767BB5334C, suggested name: "Synthesized Event 2026-09-10 at 07.30.25 PM"
File: 0991C7D8-76E3-483F-8C5E-F61A865F8E15.json, suggested name: "2d Standard fresh Reveal is unselected latest sanitized observation_0_0256B4F2-7284-4565-ABD9-A19A8DEB88FE.json"
File: 9A169874-2A66-4287-92B2-94D0B1F7ACE9.png, suggested name: "2d Standard fresh Reveal is unselected_0_D8B36666-5FBE-4A1F-B082-2897508826F8.png"
File: ADADE792-3E61-4671-8A79-E10D56853119, suggested name: "UI Snapshot 2026-09-10 at 07.29.58 PM"
File: DCD6C99A-206F-4658-82FE-77F19882CDA2, suggested name: "Synthesized Event 2026-09-10 at 07.29.59 PM"
File: 014A80D7-8D5E-4A7E-B5D7-3D39DF89173D.json, suggested name: "2d Standard Hide removes private nodes and selection latest sanitized observation_0_40913A9C-1DBB-4297-A1C8-EE0A58E68209.json"
File: 70878484-CFC1-48A6-9843-89AAB5AB4CD1.png, suggested name: "2d Standard Hide removes private nodes and selection_0_DD519D87-0DEA-4A1B-A933-96410AAD6447.png"
File: 7B7A2855-67C5-4582-AB90-C043D91054E8, suggested name: "UI Snapshot 2026-09-10 at 07.29.50 PM"
File: 910353D4-6F07-4143-9E38-A7C8AD3D377D, suggested name: "Synthesized Event 2026-09-10 at 07.29.50 PM"
File: EB0C570D-DFD9-4483-8A9A-FB07E5BAC82A, suggested name: "UI Snapshot 2026-09-10 at 07.29.22 PM"
File: 5EEA22C3-5C34-43B2-A563-B1FC07D52EF3, suggested name: "Synthesized Event 2026-09-10 at 07.29.23 PM"
File: 1FBB2F1C-6791-4396-ABCE-442F63A86490.json, suggested name: "2d Standard maximum selection and count-only feedback latest sanitized observation_0_E6194D64-DDA8-4DDC-8EB1-E843CFCFF318.json"
File: 3CBEB18B-090D-4B4A-84F5-22EA8E8F09AF.png, suggested name: "2d Standard maximum selection and count-only feedback_0_F163295F-6709-4DAB-B276-074D47ED89BF.png"
File: 502AF95A-3877-43A5-8843-1092263CBCFA, suggested name: "UI Snapshot 2026-09-10 at 07.28.52 PM"
File: 30853E63-B74A-4E2C-8B7B-D70D97AC1F97, suggested name: "Synthesized Event 2026-09-10 at 07.28.52 PM"
File: 3C8673A8-A910-4908-8B0E-3D6CF352899A, suggested name: "UI Snapshot 2026-09-10 at 07.28.45 PM"
File: AC27F953-D7BF-4348-BB40-3EE905B24B4E, suggested name: "Synthesized Event 2026-09-10 at 07.28.45 PM"
File: 0C27CF9E-9210-4894-A671-00FDF799718F, suggested name: "UI Snapshot 2026-09-10 at 07.28.29 PM"
File: 5180BDA9-D422-4110-9001-3A1FFDF6BEF5, suggested name: "Synthesized Event 2026-09-10 at 07.28.30 PM"
File: 482FB30F-3C6D-4531-8400-6D95F7D713D2, suggested name: "UI Snapshot 2026-09-10 at 07.28.18 PM"
File: BBD3EAB3-3133-43E9-AEEA-ABD55220CB49, suggested name: "Synthesized Event 2026-09-10 at 07.28.19 PM"
File: D4E1F34E-FC3B-44C2-9112-C6A2B732BDB1, suggested name: "UI Snapshot 2026-09-10 at 07.28.06 PM"
File: A07D2572-4012-4942-AD2A-9056C3F44D6D, suggested name: "Synthesized Event 2026-09-10 at 07.28.06 PM"
File: A31CD5BB-61DC-4907-BC36-4FCACBDB7FFA, suggested name: "UI Snapshot 2026-09-10 at 07.27.53 PM"
File: B9E8441A-97C9-486C-B795-0FB36A8BAF42, suggested name: "Synthesized Event 2026-09-10 at 07.27.53 PM"
File: 4FC7D98B-B3E3-44CB-BA8C-AB1E770A9E7B.json, suggested name: "2d Standard all five native card descriptions latest sanitized observation_0_599F21CC-F234-47C3-9B02-849BDA58A0EE.json"
File: B625B38F-F5B5-4D2E-8270-7028580124B3.png, suggested name: "2d Standard all five native card descriptions_0_B0BE9F49-4EAE-4A73-AE62-3065C83313AC.png"
File: 41BB612F-6659-454F-96CD-0EF3B82C0332, suggested name: "UI Snapshot 2026-09-10 at 07.27.29 PM"
File: FD7439F1-FEA0-4600-92FF-69576573B1A9, suggested name: "Synthesized Event 2026-09-10 at 07.27.29 PM"
File: B6906C30-9418-43E0-A4CC-F14DB680ACE2.json, suggested name: "2d Standard concealed latest sanitized observation_0_FD9C6E6E-C7AC-4545-8E6C-3ED7B3465F5B.json"
File: 51C3508B-2AEE-4E74-99C2-7CF974E2EB52.png, suggested name: "2d Standard concealed_0_33493302-2833-4182-BE2C-9A3FD4F0B722.png"
File: C466B945-5881-4364-8E67-F31805269359, suggested name: "Synthesized Event 2026-09-10 at 07.27.23 PM"
File: 1A6D5F94-3BFF-4B03-B30C-A9C98EF43B39.mp4, suggested name: "Screen Recording 2026-09-10 at 07.26.54 PM.mp4"

Exported 42 attachments for: PartyDeckGodotSessionUITests/testProduction3DPracticeSession():
File: C4E2E4B1-544A-475C-AF7B-98575E6D4C83.json, suggested name: "3d production smoke failure latest sanitized observation_0_6744EBCD-ECF5-47AB-A374-FBAB4308B62B.json"
File: 06E9D693-2215-4A97-B665-DD7420ADD9F3.png, suggested name: "3d production smoke failure_0_9EF7BAEC-6BE9-4E0D-8556-825E43DB9D9C.png"
File: 127FDAB6-BC9C-4CE5-8EA6-AF3FC3DA2C6E, suggested name: "UI Snapshot 2026-09-10 at 07.34.13 PM"
File: 434309B0-2CC0-48FB-AD55-0F180891BECF, suggested name: "Synthesized Event 2026-09-10 at 07.34.14 PM"
File: E02DD894-1002-49B3-86B8-8614E0F08C44, suggested name: "UI Snapshot 2026-09-10 at 07.34.11 PM"
File: 723DEB95-B64D-437A-A82C-FE61DEE31FCF, suggested name: "Synthesized Event 2026-09-10 at 07.34.11 PM"
File: 7DC78D54-3863-4753-8E78-2D0B966DF2BF, suggested name: "UI Snapshot 2026-09-10 at 07.34.08 PM"
File: 7BBEA681-B711-4212-942A-5FCF07AA38FA, suggested name: "Synthesized Event 2026-09-10 at 07.34.09 PM"
File: 1B463BBF-0945-46EC-A1F4-6A95CD322230.json, suggested name: "3d Standard fresh Reveal is unselected latest sanitized observation_0_07D28E93-CD9A-4D6A-A2DE-6B21A38D65EC.json"
File: 117998F9-1751-4970-95D6-7927F0269519.png, suggested name: "3d Standard fresh Reveal is unselected_0_324A5A0D-B9BF-4066-B9C1-074212DBDC90.png"
File: C8F25E5E-741F-4218-8CA7-FD3668EA8DFA, suggested name: "UI Snapshot 2026-09-10 at 07.33.46 PM"
File: 0CD94F63-2BE7-4138-96CD-39BEBB917096, suggested name: "Synthesized Event 2026-09-10 at 07.33.47 PM"
File: 33B1FE99-4A1A-45BE-BC6E-576C914EB7C1.json, suggested name: "3d Standard Hide removes private nodes and selection latest sanitized observation_0_B750F117-4B2A-478B-86F8-2468668861FD.json"
File: 75191C0D-824F-4360-AC7A-0E021C0AF771.png, suggested name: "3d Standard Hide removes private nodes and selection_0_428A982B-5FCB-43FE-88D1-09B4DE7F8D4A.png"
File: C08114FE-8875-4949-89EF-4050C5602CF7, suggested name: "UI Snapshot 2026-09-10 at 07.33.40 PM"
File: 1B8276FE-AE88-4ACF-8C15-E834CA3088CE, suggested name: "Synthesized Event 2026-09-10 at 07.33.40 PM"
File: 05CFCC27-0B8B-44EF-A455-EC269081C8FC, suggested name: "UI Snapshot 2026-09-10 at 07.33.14 PM"
File: BB78C4C1-6645-410E-BAC1-F76903F8D666, suggested name: "Synthesized Event 2026-09-10 at 07.33.14 PM"
File: 1F90BBC4-8084-459F-A626-130308FF2F30.json, suggested name: "3d Standard maximum selection and count-only feedback latest sanitized observation_0_58A8C932-BE90-4589-ADE7-2A3B18FCEDFF.json"
File: A4952129-40D4-48EB-818D-8A74E8FC186D.png, suggested name: "3d Standard maximum selection and count-only feedback_0_943111A7-59A5-4C2B-9C1C-E8D3B359CB18.png"
File: 749306A2-4FF3-4C01-B4A2-BC2AC9C5F87D, suggested name: "UI Snapshot 2026-09-10 at 07.32.47 PM"
File: 2DDC613F-FF70-44C5-9C06-D73F3EF6EE2C, suggested name: "Synthesized Event 2026-09-10 at 07.32.48 PM"
File: ED230BA5-A009-4738-A256-EBEB8577608F, suggested name: "UI Snapshot 2026-09-10 at 07.32.42 PM"
File: B35638F9-D996-4BCB-B64E-38728FB6CCE4, suggested name: "Synthesized Event 2026-09-10 at 07.32.42 PM"
File: 7E8D86BC-3448-443E-94E0-BAC8303C4FDC, suggested name: "UI Snapshot 2026-09-10 at 07.32.34 PM"
File: F75002A0-F138-4B35-B064-75B185111774, suggested name: "Synthesized Event 2026-09-10 at 07.32.34 PM"
File: EF110041-CC65-4DBB-BC1E-10ED864B358E, suggested name: "UI Snapshot 2026-09-10 at 07.32.25 PM"
File: 3CC6004A-09FE-46A4-A781-4906B6218157, suggested name: "Synthesized Event 2026-09-10 at 07.32.25 PM"
File: 9EC56B6D-9923-40BA-B526-BCAA13497A43, suggested name: "UI Snapshot 2026-09-10 at 07.32.16 PM"
File: ADDAEF77-CAF1-46C8-816F-BCBD4D91670D, suggested name: "Synthesized Event 2026-09-10 at 07.32.17 PM"
File: 935B333D-5851-41EB-8848-08FA141087D6, suggested name: "UI Snapshot 2026-09-10 at 07.32.07 PM"
File: 6B9BE38B-1AD6-429C-93B2-C6C63C2682F1, suggested name: "Synthesized Event 2026-09-10 at 07.32.07 PM"
File: 80CE460D-DF8E-4721-8C8B-4270CEC04471.json, suggested name: "3d Standard all five native card descriptions latest sanitized observation_0_6607E5F8-4141-4F15-816C-C7B5F01F79B5.json"
File: A7D0ABF0-0620-4D3E-90A4-66596552D554.png, suggested name: "3d Standard all five native card descriptions_0_6AF0BB8A-69EE-41A8-ACF9-54AAC58FB651.png"
File: 97A99807-9E8B-4193-8A3C-7A65F07030FD, suggested name: "UI Snapshot 2026-09-10 at 07.31.43 PM"
File: A18A964A-00DD-4DEC-89FE-2719D76998A2, suggested name: "Synthesized Event 2026-09-10 at 07.31.43 PM"
File: B2E1A3C3-8AD1-4CA3-AC97-CEED395E4891.json, suggested name: "3d Standard concealed latest sanitized observation_0_1C6A0678-B179-48CE-A472-C4EA74C2F6A4.json"
File: F6833C57-063B-408E-ADD8-CD7F787B3AB9.png, suggested name: "3d Standard concealed_0_9CB58CB6-FADF-4501-959F-8065B1E14625.png"
File: 5F7809F3-C07E-4C4F-9C52-8D6E66D206B8, suggested name: "Synthesized Event 2026-09-10 at 07.31.34 PM"
File: 52405976-BAF8-4A89-A4D5-478517A680E2, suggested name: "Synthesized Event 2026-09-10 at 07.31.30 PM"
File: FA8D6A1F-2C2B-461E-8CB4-96929EFAA284, suggested name: "Synthesized Event 2026-09-10 at 07.31.22 PM"
File: B8379F42-7929-4E23-9521-F158954DCFA3.mp4, suggested name: "Screen Recording 2026-09-10 at 07.31.08 PM.mp4"

Generated manifest file with attachment details: /Users/runner/work/PartyDeck/PartyDeck/build/ci/ios/godot-session/attachments/manifest.json
