    PID    PPID COMMAND           RSS %CPU
   1970    1967 provjobd3204082 151368 2.5
   2024    2005 Runner.Worker   139096 7.0
   2005    1953 Runner.Listener 94316  2.0
   1114       1 dockerd         73044  0.3
    894       1 php-fpm8.3      51660  0.1
    223       1 multipathd      43712  0.0
    974       1 containerd      43580  0.1
   1289     928 python3         37304  1.1
    928       1 python3         31072  0.3
   1155     894 php-fpm8.3      21368  0.0
   1164     894 php-fpm8.3      21368  0.0
    892       1 networkd-dispat 21256  0.1
    156       1 systemd-journal 17640  0.5
   1953       1 hosted-compute- 17204  0.0
      1       0 systemd         14360  3.8
    927       1 udisksd         13748  0.0
    521       1 systemd-resolve 13180  0.1
   1064       1 ModemManager    12848  0.1
   1044       1 systemd         11440  0.2
    925       1 systemd-logind   9812  0.1
    721       1 systemd-network  9720  0.0
    899       1 polkitd          8172  0.0
    229       1 systemd-udevd    7976  0.2
   1967    1953 sudo             7076  0.0
   1047       1 rsyslogd         6340  0.0
    887       1 dbus-daemon      5580  0.2
    583       1 haveged          5032  0.2
   2658    2644 ps               4248  0.0
   1063       1 chronyd          3656  0.0
   2644    2643 bash             3640  0.0
   1068    1044 (sd-pam)         3572  0.0
   2642    2024 bash             3556  0.0
    390       1 hv_kvp_daemon    2904  0.1
    955       1 cron             2756  0.0
    971       1 agetty           2148  0.0
    994       1 agetty           2048  0.1
   2643    2642 timeout          2044  0.0
   1072    1063 chronyd          1224  0.0
      2       0 kthreadd            0  0.0
      3       2 pool_workqueue_     0  0.0
      4       2 kworker/R-rcu_g     0  0.0
      5       2 kworker/R-sync_     0  0.0
      6       2 kworker/R-kvfre     0  0.0
      7       2 kworker/R-slub_     0  0.0
      8       2 kworker/R-netns     0  0.0
      9       2 kworker/0:0-cgr     0  0.0
     10       2 kworker/0:0H-ev     0  0.0
     11       2 kworker/0:1-eve     0  0.1
     12       2 kworker/u16:0-e     0  0.1
     13       2 kworker/R-mm_pe     0  0.0
     14       2 ksoftirqd/0         0  0.0
     15       2 rcu_sched           0  0.0
     16       2 rcu_exp_par_gp_     0  0.0
     17       2 rcu_exp_gp_kthr     0  0.0
     18       2 migration/0         0  0.0
     19       2 idle_inject/0       0  0.0
     20       2 cpuhp/0             0  0.0
     21       2 cpuhp/2             0  0.0
     22       2 idle_inject/2       0  0.0
     23       2 migration/2         0  0.5
     24       2 ksoftirqd/2         0  0.0
     25       2 kworker/2:0-cgr     0  0.0
     26       2 kworker/2:0H-ev     0  0.0
     27       2 cpuhp/1             0  0.0
     28       2 idle_inject/1       0  0.0
     29       2 migration/1         0  0.5
     30       2 ksoftirqd/1         0  0.0
     31       2 kworker/1:0-eve     0  0.0
     32       2 kworker/1:0H-ev     0  0.0
     33       2 cpuhp/3             0  0.0
     34       2 idle_inject/3       0  0.0
     35       2 migration/3         0  0.5
     36       2 ksoftirqd/3         0  0.0
     37       2 kworker/3:0-eve     0  0.4
     38       2 kworker/3:0H-ev     0  0.0
     39       2 kdevtmpfs           0  0.0
     40       2 kworker/R-inet_     0  0.0
     41       2 rcu_tasks_rude_     0  0.0
     42       2 rcu_tasks_trace     0  0.0
     43       2 kauditd             0  0.0
     44       2 khungtaskd          0  0.0
     45       2 kworker/u16:1-i     0  1.1
     46       2 oom_reaper          0  0.0
     47       2 kworker/u16:2-i     0  0.6
     48       2 kworker/R-write     0  0.0
     49       2 kcompactd0          0  0.0
     50       2 ksmd                0  0.0
     51       2 khugepaged          0  0.0
     52       2 kworker/R-kbloc     0  0.0
     53       2 kworker/R-blkcg     0  0.0
     54       2 kworker/R-kinte     0  0.0
     55       2 irq/9-acpi          0  0.0
     56       2 kworker/2:1-eve     0  0.0
     57       2 kworker/1:1-eve     0  0.0
     58       2 kworker/3:1-cgr     0  0.0
     59       2 kworker/R-tpm_d     0  0.0
     60       2 kworker/R-ata_s     0  0.0
     61       2 kworker/R-md        0  0.0
     62       2 kworker/R-md_bi     0  0.0
     63       2 kworker/R-edac-     0  0.0
     64       2 kworker/R-hv_vm     0  0.0
     65       2 kworker/R-hv_vm     0  0.0
     66       2 kworker/R-hv_pr     0  0.0
     67       2 kworker/R-hv_su     0  0.0
     68       2 kworker/R-devfr     0  0.0
     69       2 watchdogd           0  0.0
     70       2 kworker/R-quota     0  0.0
     71       2 kworker/2:1H-kb     0  0.0
     72       2 kswapd0             0  0.0
     73       2 ecryptfs-kthrea     0  0.0
     74       2 kworker/R-kthro     0  0.0
     75       2 kworker/R-nfit      0  0.0
     76       2 scsi_eh_0           0  0.0
     77       2 scsi_eh_1           0  0.0
     78       2 kworker/R-scsi_     0  0.0
     79       2 kworker/R-scsi_     0  0.0
     80       2 kworker/R-nvme-     0  0.0
     81       2 kworker/R-nvme-     0  0.0
     82       2 kworker/R-nvme-     0  0.0
     83       2 kworker/R-nvme-     0  0.0
     84       2 kworker/u16:3-e     0  0.1
     85       2 kworker/u16:4       0  0.0
     86       2 kworker/R-mld       0  0.0
     87       2 kworker/R-ipv6_     0  0.0
     88       2 hv_balloon          0  0.0
     89       2 kworker/R-kstrp     0  0.0
     91       2 kworker/u17:0       0  0.0
    102       2 kworker/0:1H-kb     0  0.0
    103       2 jbd2/sda1-8         0  0.0
    104       2 kworker/R-ext4-     0  0.0
    105       2 kworker/3:1H-kb     0  0.0
    106       2 kworker/3:2-cgr     0  0.0
    108       2 kworker/1:1H-kb     0  0.0
    170       2 kworker/1:2-eve     0  0.5
    173       2 kworker/2:2-eve     0  0.0
    179       2 kworker/R-kmpat     0  0.0
    180       2 kworker/R-kmpat     0  0.0
    198       2 kworker/2:3-cgr     0  0.0
    199       2 kworker/3:3         0  0.0
    200       2 kworker/3:4-eve     0  0.0
    212       2 kworker/0:2-eve     0  0.0
    239       2 psimon              0  0.0
    308       2 kworker/0:3-rcu     0  0.0
    369       2 kworker/1:3         0  0.0
    409       2 jbd2/sda16-8        0  0.0
    410       2 kworker/R-ext4-     0  0.0
    787       2 kworker/u16:5-k     0  0.4
   1199       2 kworker/R-tls-s     0  0.0
   1951       2 psimon              0  0.0
   2522       2 kworker/R-mlx5_     0  0.0
   2525       2 kworker/R-mlx5_     0  0.0
   2526       2 kworker/R-mlx5_     0  0.0
   2527       2 kworker/R-mlx5_     0  0.0
   2528       2 ptp1                0  0.0
   2529       2 kworker/R-mlx5_     0  0.0
   2530       2 kworker/R-mlx5_     0  0.0
   2531       2 kworker/R-mlx5e     0  0.0
   2532       2 kworker/R-mlx5e     0  0.0
   2544       2 kworker/R-ib-co     0  0.0
   2545       2 kworker/R-ib-co     0  0.0
   2546       2 kworker/R-ib_mc     0  0.0
   2547       2 kworker/R-ib_nl     0  0.0
   2549       2 kworker/R-mkey_     0  0.0
