    PID    PPID COMMAND           RSS %CPU
   2033    2013 Runner.Worker   174316 6.6
   1974    1972 provjobd3479344 146524 0.6
   2013    1955 Runner.Listener 95424  1.8
   1194       1 dockerd         72404  0.0
    902       1 php-fpm8.3      51596  0.0
    994       1 containerd      45776  0.0
    220       1 multipathd      43708  0.0
   1515     936 python3         37124  0.2
    936       1 python3         31340  0.0
   1252     902 php-fpm8.3      21476  0.0
   1255     902 php-fpm8.3      21476  0.0
    900       1 networkd-dispat 20996  0.0
   1955       1 hosted-compute- 19320  0.0
    157       1 systemd-journal 17860  0.0
      1       0 systemd         14296  0.8
    928       1 udisksd         13720  0.0
    496       1 systemd-resolve 13132  0.0
   1082       1 ModemManager    12980  0.0
   1066       1 systemd         11404  0.0
    730       1 systemd-network  9856  0.0
    914       1 systemd-logind   9824  0.0
    907       1 polkitd          8188  0.0
    226       1 systemd-udevd    8056  0.0
   1972    1955 sudo             7148  0.0
   1070       1 rsyslogd         6124  0.0
    895       1 dbus-daemon      5704  0.0
    581       1 haveged          5128  0.0
   2628    2614 ps               4300  0.0
   1033       1 chronyd          3824  0.0
   2614    2613 bash             3668  0.0
   2612    2033 bash             3604  0.0
   1131    1066 (sd-pam)         3572  0.0
    404       1 hv_kvp_daemon    2972  0.0
    947       1 cron             2888  0.0
   1006       1 agetty           2224  0.0
   2613    2612 timeout          2176  0.0
   1016       1 agetty           2108  0.0
   1036    1033 chronyd          1296  0.0
      2       0 kthreadd            0  0.0
      3       2 pool_workqueue_     0  0.0
      4       2 kworker/R-rcu_g     0  0.0
      5       2 kworker/R-sync_     0  0.0
      6       2 kworker/R-kvfre     0  0.0
      7       2 kworker/R-slub_     0  0.0
      8       2 kworker/R-netns     0  0.0
      9       2 kworker/0:0-eve     0  0.0
     10       2 kworker/0:0H-ev     0  0.0
     11       2 kworker/0:1-eve     0  0.0
     12       2 kworker/u16:0-f     0  0.0
     13       2 kworker/R-mm_pe     0  0.0
     14       2 ksoftirqd/0         0  0.0
     15       2 rcu_sched           0  0.0
     16       2 rcu_exp_par_gp_     0  0.0
     17       2 rcu_exp_gp_kthr     0  0.0
     18       2 migration/0         0  0.0
     19       2 idle_inject/0       0  0.0
     20       2 cpuhp/0             0  0.0
     21       2 cpuhp/2             0  0.0
     22       2 idle_inject/2       0  0.0
     23       2 migration/2         0  0.2
     24       2 ksoftirqd/2         0  0.0
     25       2 kworker/2:0-ino     0  0.0
     26       2 kworker/2:0H-ev     0  0.0
     27       2 cpuhp/1             0  0.0
     28       2 idle_inject/1       0  0.0
     29       2 migration/1         0  0.2
     30       2 ksoftirqd/1         0  0.0
     31       2 kworker/1:0-eve     0  0.0
     32       2 kworker/1:0H-ev     0  0.0
     33       2 cpuhp/3             0  0.0
     34       2 idle_inject/3       0  0.0
     35       2 migration/3         0  0.3
     36       2 ksoftirqd/3         0  0.0
     37       2 kworker/3:0-eve     0  0.0
     38       2 kworker/3:0H-kb     0  0.0
     39       2 kdevtmpfs           0  0.0
     40       2 kworker/R-inet_     0  0.0
     41       2 rcu_tasks_rude_     0  0.0
     42       2 rcu_tasks_trace     0  0.0
     43       2 kauditd             0  0.0
     44       2 khungtaskd          0  0.0
     45       2 oom_reaper          0  0.0
     46       2 kworker/u16:1-e     0  0.0
     47       2 kworker/u16:2-i     0  0.1
     48       2 kworker/R-write     0  0.0
     49       2 kcompactd0          0  0.0
     50       2 ksmd                0  0.0
     51       2 khugepaged          0  0.0
     52       2 kworker/R-kbloc     0  0.0
     53       2 kworker/R-blkcg     0  0.0
     54       2 kworker/R-kinte     0  0.0
     55       2 irq/9-acpi          0  0.0
     56       2 kworker/1:1-eve     0  0.0
     57       2 kworker/3:1-eve     0  0.0
     58       2 kworker/2:1-eve     0  0.0
     59       2 kworker/R-tpm_d     0  0.0
     60       2 kworker/R-ata_s     0  0.0
     61       2 kworker/R-md        0  0.0
     62       2 kworker/R-md_bi     0  0.0
     63       2 kworker/R-edac-     0  0.0
     64       2 kworker/R-hv_vm     0  0.0
     65       2 kworker/R-hv_vm     0  0.0
     66       2 kworker/R-hv_pr     0  0.0
     67       2 kworker/R-hv_su     0  0.0
     68       2 kworker/R-devfr     0  0.0
     69       2 watchdogd           0  0.0
     70       2 kworker/R-quota     0  0.0
     71       2 kworker/1:1H-kb     0  0.0
     72       2 kswapd0             0  0.0
     73       2 ecryptfs-kthrea     0  0.0
     74       2 kworker/R-kthro     0  0.0
     75       2 kworker/R-nfit      0  0.0
     76       2 scsi_eh_0           0  0.0
     77       2 scsi_eh_1           0  0.0
     78       2 kworker/R-scsi_     0  0.0
     79       2 kworker/R-scsi_     0  0.0
     80       2 kworker/R-nvme-     0  0.0
     81       2 kworker/R-nvme-     0  0.0
     82       2 kworker/R-nvme-     0  0.0
     83       2 kworker/R-nvme-     0  0.0
     84       2 kworker/u16:3-k     0  0.0
     85       2 kworker/u16:4-f     0  0.0
     86       2 kworker/u16:5-e     0  0.1
     87       2 kworker/R-mld       0  0.0
     88       2 kworker/0:1H-kb     0  0.0
     89       2 kworker/R-ipv6_     0  0.0
     90       2 hv_balloon          0  0.0
     91       2 kworker/R-kstrp     0  0.0
     93       2 kworker/u17:0       0  0.0
    104       2 jbd2/sda1-8         0  0.0
    105       2 kworker/R-ext4-     0  0.0
    106       2 kworker/2:1H-kb     0  0.0
    107       2 kworker/2:2-ino     0  0.0
    135       2 kworker/3:1H-kb     0  0.0
    172       2 kworker/0:2-eve     0  0.0
    179       2 kworker/R-kmpat     0  0.0
    180       2 kworker/R-kmpat     0  0.0
    198       2 kworker/0:3         0  0.0
    211       2 kworker/3:2-eve     0  0.0
    227       2 kworker/1:2-eve     0  0.0
    238       2 psimon              0  0.0
    317       2 kworker/0:4-hv_     0  0.0
    328       2 kworker/1:3-eve     0  0.0
    390       2 jbd2/sda16-8        0  0.0
    391       2 kworker/R-ext4-     0  0.0
    642       2 kworker/R-mana_     0  0.0
    647       2 kworker/R-ib-co     0  0.0
    648       2 kworker/R-ib-co     0  0.0
    649       2 kworker/R-ib_mc     0  0.0
    650       2 kworker/R-ib_nl     0  0.0
    651       2 kworker/R-ib_ma     0  0.0
   1350       2 kworker/2:3-eve     0  0.0
   1351       2 kworker/2:4-ino     0  0.0
   1352       2 kworker/2:5-ino     0  0.0
   1353       2 kworker/2:6-ino     0  0.0
   1354       2 kworker/2:7         0  0.0
   1397       2 kworker/R-tls-s     0  0.0
   1953       2 psimon              0  0.0
