--------- beginning of main
09-10 05:11:51.725  3136  3136 I t.compare:godot: Late-enabling -Xcheck:jni
09-10 05:11:51.759  3136  3136 I t.compare:godot: Using CollectorTypeCMC GC.
09-10 05:11:51.763  3136  3136 W t.compare:godot: Unexpected CPU variant for x86: x86_64.
09-10 05:11:51.763  3136  3136 W t.compare:godot: Known variants: atom, sandybridge, silvermont, goldmont, goldmont-plus, goldmont-without-sha-xsaves, tremont, kabylake, default
09-10 05:11:51.876  3136  3136 D nativeloader: Load libframework-connectivity-tiramisu-jni.so using APEX ns com_android_tethering for caller /apex/com.android.tethering/javalib/framework-connectivity-t.jar: ok
09-10 05:11:51.941  3136  3136 W ziparchive: Unable to open '/data/app/~~USp6zQ0ACEARflgcW8eP4Q==/dev.partydeck.godot.compare-HFH68qHLJGh-yX35tBMm0A==/base.dm': No such file or directory
09-10 05:11:51.941  3136  3136 W ziparchive: Unable to open '/data/app/~~USp6zQ0ACEARflgcW8eP4Q==/dev.partydeck.godot.compare-HFH68qHLJGh-yX35tBMm0A==/base.dm': No such file or directory
09-10 05:11:52.022  3136  3136 D nativeloader: Configuring clns-7 for other apk /data/app/~~USp6zQ0ACEARflgcW8eP4Q==/dev.partydeck.godot.compare-HFH68qHLJGh-yX35tBMm0A==/base.apk. target_sdk_version=36, uses_libraries=, library_path=/data/app/~~USp6zQ0ACEARflgcW8eP4Q==/dev.partydeck.godot.compare-HFH68qHLJGh-yX35tBMm0A==/lib/x86_64:/data/app/~~USp6zQ0ACEARflgcW8eP4Q==/dev.partydeck.godot.compare-HFH68qHLJGh-yX35tBMm0A==/base.apk!/lib/x86_64, permitted_path=/data:/mnt/expand:/data/user/0/dev.partydeck.godot.compare
09-10 05:11:52.029  3136  3136 V GraphicsEnvironment: Currently set values for:
09-10 05:11:52.029  3136  3136 V GraphicsEnvironment:   angle_gl_driver_selection_pkgs=[]
09-10 05:11:52.029  3136  3136 V GraphicsEnvironment:   angle_gl_driver_selection_values=[]
09-10 05:11:52.029  3136  3136 V GraphicsEnvironment: Global.Settings values are invalid: number of packages: 0, number of values: 0
09-10 05:11:52.029  3136  3136 V GraphicsEnvironment: Neither updatable production driver nor prerelease driver is supported.
09-10 05:11:52.302  3136  3136 V Godot   : Initializing Godot plugin registry
09-10 05:11:52.303  3136  3136 I GodotPluginRegistry: Registering runtime plugin AndroidRuntime
09-10 05:11:52.303  3136  3136 I GodotPluginRegistry: Registering runtime plugin PartyDeckBridge
09-10 05:11:52.303  3136  3136 V Godot   : InitEngine with params: [--main-pack, res://partydeck-last-light.pck, --rendering-method, gl_compatibility, --xr-mode, off]
09-10 05:11:52.325  3136  3136 D nativeloader: Load /data/app/~~USp6zQ0ACEARflgcW8eP4Q==/dev.partydeck.godot.compare-HFH68qHLJGh-yX35tBMm0A==/base.apk!/lib/x86_64/libgodot_android.so using ns clns-7 from class loader (caller=/data/app/~~USp6zQ0ACEARflgcW8eP4Q==/dev.partydeck.godot.compare-HFH68qHLJGh-yX35tBMm0A==/base.apk): ok
09-10 05:11:52.327  3136  3136 V Godot   : Godot native layer initialization completed: true
09-10 05:11:52.327  3136  3136 V Godot   : Setting up native layer with params: [--main-pack, res://partydeck-last-light.pck, --rendering-method, gl_compatibility, --xr-mode, off]
09-10 05:11:52.366  3136  3136 V Godot   : Godot native layer setup completed
09-10 05:11:52.367  3136  3136 V Godot   : OnInitRenderView: GodotFragment{66a738f} (e9b34008-195b-412e-8eac-9a40974c076d id=0x7f07002b tag=partydeck-godot)
09-10 05:11:52.400  3136  3136 D Godot   : Render view should be transparent: false
09-10 05:11:52.401  3136  3136 D Godot   : renderingDevice: opengl3 (ProjectSettings)
09-10 05:11:52.401  3136  3136 D Godot   : 			renderer: gl_compatibility (Default)
09-10 05:11:52.412  3136  3136 V Godot   : OnStart: GodotFragment{66a738f} (e9b34008-195b-412e-8eac-9a40974c076d id=0x7f07002b tag=partydeck-godot)
09-10 05:11:52.414  3136  3136 W WindowOnBackDispatcher: OnBackInvokedCallback is not enabled for the application.
09-10 05:11:52.414  3136  3136 W WindowOnBackDispatcher: Set 'android:enableOnBackInvokedCallback="true"' in the application manifest.
09-10 05:11:52.416  3136  3136 V Godot   : OnResume: GodotFragment{66a738f} (e9b34008-195b-412e-8eac-9a40974c076d id=0x7f07002b tag=partydeck-godot)
09-10 05:11:52.420  3136  3136 W HWUI    : Unknown dataspace 0
09-10 05:11:52.446  3136  3140 I t.compare:godot: Compiler allocated 4219KB to compile void android.widget.TextView.<init>(android.content.Context, android.util.AttributeSet, int, int)
09-10 05:11:52.447  3136  3162 I EGL_emulation: Opening libGLESv1_CM_emulation.so
09-10 05:11:52.448  3136  3162 I EGL_emulation: Opening libGLESv2_emulation.so
09-10 05:11:52.464  3136  3162 W HWUI    : Failed to choose config with EGL_SWAP_BEHAVIOR_PRESERVED, retrying without...
09-10 05:11:52.464  3136  3162 W HWUI    : Failed to initialize 101010-2 format, error = EGL_SUCCESS
09-10 05:11:52.502  3136  3171 W RegularContextFactory: creating OpenGL ES 3.0 context :
09-10 05:11:52.512  3136  3171 I Gralloc4: mapper 4.x is not supported
09-10 05:11:52.539  3136  3171 I godot   : Godot Engine v4.7.2.stable.official.ed1daf0bf - https://godotengine.org
09-10 05:11:52.976  3136  3140 I t.compare:godot: Compiler allocated 5174KB to compile void android.view.ViewRootImpl.performTraversals()
09-10 05:11:53.246  3136  3171 I godot   : OpenGL API OpenGL ES 3.1 (OpenGL ES 3.1.0 (ANGLE 2.1.17841 git hash: 5fa2e61da947)) - Compatibility - Using Device: Google (Google Inc. (Google)) - Android Emulator OpenGL ES Translator (ANGLE (Google, Vulkan 1.3.0 (SwiftShader Device (Subzero) (0x0000C0DE)), SwiftShader driver-5.0.0))
09-10 05:11:53.247  3136  3171 D t.compare:godot: PlayerBase::PlayerBase()
09-10 05:11:53.247  3136  3171 D t.compare:godot: TrackPlayerBase::TrackPlayerBase()
09-10 05:11:53.247  3136  3171 I libOpenSLES: Emulating old channel mask behavior (ignoring positional mask 0x3, using default mask 0x3 based on channel count of 2)
09-10 05:11:53.252  3136  3171 I godot   : 
09-10 05:11:53.631  3136  3162 D EGL_emulation: app_time_stats: avg=245.83ms min=8.38ms max=819.53ms count=4
09-10 05:11:53.765  3136  3171 V Godot   : OnGodotSetupCompleted
09-10 05:11:53.808  3136  3171 V Godot   : OnGodotMainLoopStarted
09-10 05:11:54.665  3136  3162 D EGL_emulation: app_time_stats: avg=129.30ms min=46.65ms max=231.17ms count=8
09-10 05:12:04.549  3136  3141 I t.compare:godot: Background concurrent mark compact GC freed 8889KB AllocSpace bytes, 9(708KB) LOS objects, 49% free, 2803KB/5606KB, paused 55us,5.091ms total 15.606ms
09-10 05:12:05.392  3136  3136 D AutofillManager: Fill dialog is enabled:false, hints=[]
09-10 05:12:05.423  3136  3162 D EGL_emulation: app_time_stats: avg=10755.82ms min=10755.82ms max=10755.82ms count=1
09-10 05:12:09.827  3136  3171 D EGL_emulation: app_time_stats: avg=4113.03ms min=32.33ms max=15603.46ms count=4
09-10 05:12:14.187  3136  3162 D EGL_emulation: app_time_stats: avg=1743.29ms min=25.18ms max=8591.04ms count=5
09-10 05:12:18.416  3136  3171 D EGL_emulation: app_time_stats: avg=1717.74ms min=54.17ms max=8310.46ms count=5
09-10 05:12:22.486  3136  3162 D EGL_emulation: app_time_stats: avg=2071.60ms min=14.69ms max=8126.49ms count=4
09-10 05:12:31.738  3136  3162 D EGL_emulation: app_time_stats: avg=1848.02ms min=16.59ms max=9046.12ms count=5
09-10 05:12:35.908  3136  3171 D EGL_emulation: app_time_stats: avg=17491.79ms min=17491.79ms max=17491.79ms count=1
09-10 05:12:40.005  3136  3162 D EGL_emulation: app_time_stats: avg=1652.76ms min=25.29ms max=8065.89ms count=5
09-10 05:12:49.222  3136  3162 D EGL_emulation: app_time_stats: avg=1841.29ms min=9.20ms max=9050.02ms count=5
09-10 05:12:53.461  3136  3171 D EGL_emulation: app_time_stats: avg=17552.82ms min=17552.82ms max=17552.82ms count=1
09-10 05:12:57.555  3136  3162 D EGL_emulation: app_time_stats: avg=1660.10ms min=14.05ms max=8146.91ms count=5
09-10 05:13:06.821  3136  3162 D EGL_emulation: app_time_stats: avg=1847.04ms min=17.18ms max=9075.45ms count=5
09-10 05:13:11.061  3136  3171 D EGL_emulation: app_time_stats: avg=17600.51ms min=17600.51ms max=17600.51ms count=1
09-10 05:13:15.153  3136  3162 D EGL_emulation: app_time_stats: avg=1656.66ms min=15.11ms max=8142.11ms count=5
09-10 05:13:21.423  3136  3162 D EGL_emulation: app_time_stats: avg=1251.76ms min=8.59ms max=6085.78ms count=5
09-10 05:13:25.619  3136  3171 D EGL_emulation: app_time_stats: avg=14557.75ms min=14557.75ms max=14557.75ms count=1
09-10 05:13:29.738  3136  3162 D EGL_emulation: app_time_stats: avg=1659.00ms min=14.31ms max=8131.32ms count=5
09-10 05:13:31.960  3136  3136 V Godot   : OnPause: GodotFragment{66a738f} (e9b34008-195b-412e-8eac-9a40974c076d id=0x7f07002b tag=partydeck-godot)
09-10 05:13:31.964  3136  3171 D t.compare:godot: PlayerBase::pause() from IPlayer
09-10 05:13:32.071  3136  3162 D EGL_emulation: app_time_stats: avg=462.19ms min=11.70ms max=2148.02ms count=5
09-10 05:13:32.538  3136  3171 D EGL_emulation: app_time_stats: avg=6919.05ms min=6919.05ms max=6919.05ms count=1
09-10 05:13:32.565  3136  3136 D VRI[GodotGameActivity]: visibilityChanged oldVisibility=true newVisibility=false
09-10 05:13:32.642  3136  3136 E Surface : freeAllBuffers: 1 buffers were freed while being dequeued!
09-10 05:13:32.647  3136  3136 V Godot   : OnStop: GodotFragment{66a738f} (e9b34008-195b-412e-8eac-9a40974c076d id=0x7f07002b tag=partydeck-godot)
09-10 05:13:32.682  3136  3171 E Surface : getSlotFromBufferLocked: unknown buffer: 0x0
09-10 05:13:32.682  3136  3171 E Surface : freeAllBuffers: 1 buffers were freed while being dequeued!
09-10 05:13:45.200  3136  3136 V Godot   : OnStart: GodotFragment{66a738f} (e9b34008-195b-412e-8eac-9a40974c076d id=0x7f07002b tag=partydeck-godot)
09-10 05:13:45.200  3136  3136 W WindowOnBackDispatcher: OnBackInvokedCallback is not enabled for the application.
09-10 05:13:45.200  3136  3136 W WindowOnBackDispatcher: Set 'android:enableOnBackInvokedCallback="true"' in the application manifest.
09-10 05:13:45.211  3136  3136 V Godot   : OnResume: GodotFragment{66a738f} (e9b34008-195b-412e-8eac-9a40974c076d id=0x7f07002b tag=partydeck-godot)
09-10 05:13:49.906  3136  3162 D EGL_emulation: app_time_stats: avg=488.92ms min=34.76ms max=3520.86ms count=9
09-10 05:13:59.270  3136  3162 D EGL_emulation: app_time_stats: avg=1869.00ms min=10.12ms max=9189.62ms count=5
09-10 05:14:03.551  3136  3171 D EGL_emulation: app_time_stats: avg=9005.47ms min=330.60ms max=17680.34ms count=2
09-10 05:14:07.654  3136  3162 D EGL_emulation: app_time_stats: avg=1671.83ms min=13.31ms max=8204.53ms count=5
09-10 05:14:13.887  3136  3162 D EGL_emulation: app_time_stats: avg=1235.00ms min=15.54ms max=6050.59ms count=5
09-10 05:14:18.125  3136  3171 D EGL_emulation: app_time_stats: avg=14574.40ms min=14574.40ms max=14574.40ms count=1
09-10 05:14:22.254  3136  3162 D EGL_emulation: app_time_stats: avg=1663.93ms min=10.96ms max=8183.36ms count=5
09-10 05:14:28.487  3136  3162 D EGL_emulation: app_time_stats: avg=1241.68ms min=17.02ms max=6057.26ms count=5
09-10 05:14:32.738  3136  3171 D EGL_emulation: app_time_stats: avg=14612.47ms min=14612.47ms max=14612.47ms count=1
09-10 05:14:32.820  3136  3162 D EGL_emulation: app_time_stats: avg=857.77ms min=12.68ms max=4154.61ms count=5
09-10 05:14:37.420  3136  3162 D EGL_emulation: app_time_stats: avg=764.63ms min=31.24ms max=3752.54ms count=6
09-10 05:14:43.736  3136  3162 D EGL_emulation: app_time_stats: avg=1254.19ms min=15.36ms max=6144.49ms count=5
09-10 05:14:56.136  3136  3162 D EGL_emulation: app_time_stats: avg=2474.10ms min=11.99ms max=12212.70ms count=5
09-10 05:15:00.421  3136  3171 D EGL_emulation: app_time_stats: avg=6920.79ms min=161.01ms max=26837.13ms count=4
09-10 05:15:00.524  3136  3162 D EGL_emulation: app_time_stats: avg=872.94ms min=16.62ms max=4199.34ms count=5
09-10 05:15:05.037  3136  3162 D EGL_emulation: app_time_stats: avg=744.56ms min=18.39ms max=3738.05ms count=6
09-10 05:15:11.304  3136  3162 D EGL_emulation: app_time_stats: avg=1250.35ms min=12.21ms max=6057.27ms count=5
09-10 05:15:20.670  3136  3162 D EGL_emulation: app_time_stats: avg=1861.24ms min=16.93ms max=9161.14ms count=5
09-10 05:15:24.906  3136  3171 D EGL_emulation: app_time_stats: avg=8161.76ms min=222.63ms max=23715.82ms count=3
09-10 05:15:24.994  3136  3162 D EGL_emulation: app_time_stats: avg=855.82ms min=18.53ms max=4132.05ms count=5
09-10 05:15:29.536  3136  3162 D EGL_emulation: app_time_stats: avg=756.89ms min=44.54ms max=3734.05ms count=6
09-10 05:15:35.804  3136  3162 D EGL_emulation: app_time_stats: avg=1246.60ms min=13.58ms max=6093.48ms count=5
09-10 05:15:42.089  3136  3162 D EGL_emulation: app_time_stats: avg=1241.48ms min=2.68ms max=6100.10ms count=5
09-10 05:15:46.360  3136  3171 D EGL_emulation: app_time_stats: avg=7151.24ms min=196.48ms max=20671.90ms count=3
09-10 05:15:46.437  3136  3162 D EGL_emulation: app_time_stats: avg=862.01ms min=17.94ms max=4135.78ms count=5
09-10 05:15:50.971  3136  3162 D EGL_emulation: app_time_stats: avg=750.41ms min=8.09ms max=3761.64ms count=6
09-10 05:15:57.222  3136  3162 D EGL_emulation: app_time_stats: avg=1239.71ms min=11.62ms max=6037.64ms count=5
09-10 05:16:03.504  3136  3162 D EGL_emulation: app_time_stats: avg=1249.12ms min=11.96ms max=6082.51ms count=5
09-10 05:16:07.756  3136  3171 D EGL_emulation: app_time_stats: avg=7131.09ms min=217.20ms max=20634.08ms count=3
09-10 05:16:07.772  3136  3141 I t.compare:godot: Background concurrent mark compact GC freed 3092KB AllocSpace bytes, 0(0B) LOS objects, 49% free, 2836KB/5673KB, paused 219us,6.922ms total 37.386ms
09-10 05:16:07.817  3136  3162 D EGL_emulation: app_time_stats: avg=857.03ms min=10.32ms max=4139.65ms count=5
09-10 05:16:12.022  3136  3162 D EGL_emulation: app_time_stats: avg=692.00ms min=38.99ms max=3400.15ms count=6
09-10 05:16:18.270  3136  3162 D EGL_emulation: app_time_stats: avg=1244.22ms min=19.37ms max=6066.95ms count=5
09-10 05:16:27.622  3136  3162 D EGL_emulation: app_time_stats: avg=1869.60ms min=15.40ms max=9151.27ms count=5
09-10 05:16:31.884  3136  3171 D EGL_emulation: app_time_stats: avg=12063.74ms min=109.43ms max=24018.05ms count=2
09-10 05:16:31.952  3136  3162 D EGL_emulation: app_time_stats: avg=864.00ms min=16.32ms max=4153.26ms count=5
09-10 05:16:36.087  3136  3162 D EGL_emulation: app_time_stats: avg=689.20ms min=48.07ms max=3338.03ms count=6
09-10 05:16:42.304  3136  3162 D EGL_emulation: app_time_stats: avg=1240.90ms min=14.04ms max=6010.30ms count=5
09-10 05:16:48.571  3136  3162 D EGL_emulation: app_time_stats: avg=1246.41ms min=12.44ms max=6089.90ms count=5
09-10 05:16:53.001  3136  3171 D EGL_emulation: app_time_stats: avg=10558.47ms min=232.56ms max=20884.37ms count=2
09-10 05:16:57.371  3136  3162 D EGL_emulation: app_time_stats: avg=1756.27ms min=9.91ms max=8613.32ms count=5
09-10 05:17:01.622  3136  3171 D EGL_emulation: app_time_stats: avg=1724.15ms min=52.84ms max=8321.87ms count=5
09-10 05:17:05.720  3136  3162 D EGL_emulation: app_time_stats: avg=1661.60ms min=17.45ms max=8155.08ms count=5
09-10 05:17:05.881  3136  3141 I t.compare:godot: Background concurrent mark compact GC freed 2488KB AllocSpace bytes, 0(0B) LOS objects, 49% free, 2756KB/5513KB, paused 122us,5.917ms total 38.349ms
09-10 05:17:12.003  3136  3162 D EGL_emulation: app_time_stats: avg=1251.87ms min=12.86ms max=6090.97ms count=5
09-10 05:17:16.257  3136  3171 D EGL_emulation: app_time_stats: avg=14635.16ms min=14635.16ms max=14635.16ms count=1
09-10 05:17:20.387  3136  3162 D EGL_emulation: app_time_stats: avg=1670.68ms min=8.30ms max=8205.49ms count=5
09-10 05:17:26.653  3136  3162 D EGL_emulation: app_time_stats: avg=1247.77ms min=10.59ms max=6076.68ms count=5
09-10 05:17:30.965  3136  3171 D EGL_emulation: app_time_stats: avg=14707.89ms min=14707.89ms max=14707.89ms count=1
09-10 05:17:31.031  3136  3162 D EGL_emulation: app_time_stats: avg=871.44ms min=10.68ms max=4201.82ms count=5
09-10 05:17:35.570  3136  3162 D EGL_emulation: app_time_stats: avg=751.54ms min=9.39ms max=3762.39ms count=6
09-10 05:17:41.857  3136  3162 D EGL_emulation: app_time_stats: avg=1041.67ms min=15.06ms max=6019.42ms count=6
09-10 05:17:48.171  3136  3162 D EGL_emulation: app_time_stats: avg=1250.47ms min=13.33ms max=6122.40ms count=5
09-10 05:17:52.377  3136  3171 D EGL_emulation: app_time_stats: avg=7137.35ms min=211.50ms max=20652.52ms count=3
09-10 05:17:52.485  3136  3162 D EGL_emulation: app_time_stats: avg=860.19ms min=12.62ms max=4137.33ms count=5
09-10 05:17:52.511  3136  3141 I t.compare:godot: Background concurrent mark compact GC freed 2696KB AllocSpace bytes, 0(0B) LOS objects, 49% free, 2716KB/5433KB, paused 62us,8.138ms total 32.835ms
09-10 05:17:57.087  3136  3162 D EGL_emulation: app_time_stats: avg=762.16ms min=8.09ms max=3845.76ms count=6
09-10 05:18:03.336  3136  3162 D EGL_emulation: app_time_stats: avg=1240.42ms min=14.16ms max=6042.99ms count=5
09-10 05:18:09.637  3136  3162 D EGL_emulation: app_time_stats: avg=1255.79ms min=16.57ms max=6127.24ms count=5
09-10 05:18:13.895  3136  3171 D EGL_emulation: app_time_stats: avg=7172.33ms min=265.12ms max=20734.84ms count=3
09-10 05:18:13.997  3136  3162 D EGL_emulation: app_time_stats: avg=868.39ms min=15.31ms max=4187.47ms count=5
09-10 05:18:18.540  3136  3162 D EGL_emulation: app_time_stats: avg=753.00ms min=11.59ms max=3778.71ms count=6
09-10 05:18:24.838  3136  3162 D EGL_emulation: app_time_stats: avg=1254.85ms min=11.17ms max=6097.45ms count=5
09-10 05:18:31.104  3136  3162 D EGL_emulation: app_time_stats: avg=1245.70ms min=16.47ms max=6062.04ms count=5
09-10 05:18:35.439  3136  3162 D EGL_emulation: app_time_stats: avg=859.02ms min=13.38ms max=4112.01ms count=5
09-10 05:18:35.449  3136  3171 D EGL_emulation: app_time_stats: avg=7184.81ms min=171.56ms max=20769.96ms count=3
09-10 05:18:40.055  3136  3162 D EGL_emulation: app_time_stats: avg=769.35ms min=50.15ms max=3737.71ms count=6
09-10 05:18:46.337  3136  3162 D EGL_emulation: app_time_stats: avg=1253.38ms min=12.59ms max=6117.13ms count=5
09-10 05:18:52.621  3136  3162 D EGL_emulation: app_time_stats: avg=1252.00ms min=15.08ms max=6112.95ms count=5
09-10 05:18:56.837  3136  3171 D EGL_emulation: app_time_stats: avg=7129.44ms min=234.39ms max=20633.61ms count=3
09-10 05:18:56.931  3136  3162 D EGL_emulation: app_time_stats: avg=856.25ms min=7.53ms max=4135.72ms count=5
09-10 05:18:57.118  3136  3141 I t.compare:godot: Background concurrent mark compact GC freed 2668KB AllocSpace bytes, 0(0B) LOS objects, 49% free, 2756KB/5513KB, paused 62us,23.632ms total 88.795ms
09-10 05:19:01.107  3136  3162 D EGL_emulation: app_time_stats: avg=694.05ms min=50.19ms max=3388.08ms count=6
09-10 05:19:07.354  3136  3162 D EGL_emulation: app_time_stats: avg=1240.58ms min=11.30ms max=6073.85ms count=5
09-10 05:19:13.605  3136  3162 D EGL_emulation: app_time_stats: avg=1245.51ms min=10.58ms max=6053.97ms count=5
09-10 05:19:17.931  3136  3171 D EGL_emulation: app_time_stats: avg=7030.96ms min=110.39ms max=20736.18ms count=3
09-10 05:19:18.054  3136  3162 D EGL_emulation: app_time_stats: avg=884.37ms min=10.24ms max=4258.09ms count=5
09-10 05:19:22.556  3136  3162 D EGL_emulation: app_time_stats: avg=746.31ms min=12.49ms max=3775.70ms count=6
09-10 05:19:28.786  3136  3162 D EGL_emulation: app_time_stats: avg=1239.71ms min=10.16ms max=6053.81ms count=5
09-10 05:19:35.039  3136  3162 D EGL_emulation: app_time_stats: avg=1238.40ms min=3.59ms max=6065.09ms count=5
09-10 05:19:39.285  3136  3162 D EGL_emulation: app_time_stats: avg=841.48ms min=26.39ms max=4064.41ms count=5
09-10 05:19:39.308  3136  3171 D EGL_emulation: app_time_stats: avg=7125.89ms min=245.13ms max=20606.40ms count=3
09-10 05:19:43.905  3136  3162 D EGL_emulation: app_time_stats: avg=769.95ms min=40.89ms max=3753.30ms count=6
09-10 05:19:50.137  3136  3162 D EGL_emulation: app_time_stats: avg=1241.75ms min=19.69ms max=6043.85ms count=5
09-10 05:19:56.387  3136  3162 D EGL_emulation: app_time_stats: avg=1248.44ms min=25.19ms max=6047.07ms count=5
09-10 05:20:00.635  3136  3162 D EGL_emulation: app_time_stats: avg=847.13ms min=12.31ms max=4076.20ms count=5
09-10 05:20:00.688  3136  3171 D EGL_emulation: app_time_stats: avg=7126.39ms min=167.14ms max=20635.06ms count=3
09-10 05:20:05.253  3136  3162 D EGL_emulation: app_time_stats: avg=769.60ms min=44.92ms max=3745.97ms count=6
09-10 05:20:11.471  3136  3162 D EGL_emulation: app_time_stats: avg=1236.34ms min=16.58ms max=6036.04ms count=5
09-10 05:20:17.756  3136  3162 D EGL_emulation: app_time_stats: avg=1251.55ms min=10.96ms max=6109.06ms count=5
09-10 05:20:22.037  3136  3171 D EGL_emulation: app_time_stats: avg=7116.39ms min=111.49ms max=20633.27ms count=3
09-10 05:20:22.141  3136  3162 D EGL_emulation: app_time_stats: avg=870.07ms min=19.44ms max=4182.39ms count=5
09-10 05:20:26.670  3136  3162 D EGL_emulation: app_time_stats: avg=754.32ms min=25.76ms max=3756.34ms count=6
09-10 05:20:32.971  3136  3162 D EGL_emulation: app_time_stats: avg=1254.49ms min=7.79ms max=6105.99ms count=5
09-10 05:20:39.272  3136  3162 D EGL_emulation: app_time_stats: avg=1254.64ms min=9.76ms max=6129.30ms count=5
09-10 05:20:43.523  3136  3171 D EGL_emulation: app_time_stats: avg=7161.91ms min=212.02ms max=20716.81ms count=3
09-10 05:20:43.582  3136  3162 D EGL_emulation: app_time_stats: avg=853.48ms min=9.84ms max=4133.81ms count=5
09-10 05:20:48.157  3136  3162 D EGL_emulation: app_time_stats: avg=760.08ms min=10.11ms max=3730.72ms count=6
09-10 05:20:54.437  3136  3162 D EGL_emulation: app_time_stats: avg=1248.39ms min=19.38ms max=6081.52ms count=5
09-10 05:21:00.687  3136  3162 D EGL_emulation: app_time_stats: avg=1242.85ms min=12.14ms max=6059.54ms count=5
09-10 05:21:04.947  3136  3171 D EGL_emulation: app_time_stats: avg=7141.26ms min=158.70ms max=20619.52ms count=3
09-10 05:21:04.982  3136  3162 D EGL_emulation: app_time_stats: avg=847.76ms min=12.92ms max=4125.40ms count=5
09-10 05:21:09.574  3136  3162 D EGL_emulation: app_time_stats: avg=765.29ms min=43.59ms max=3757.53ms count=6
09-10 05:21:15.836  3136  3162 D EGL_emulation: app_time_stats: avg=1239.52ms min=14.79ms max=6062.92ms count=5
09-10 05:21:25.187  3136  3162 D EGL_emulation: app_time_stats: avg=1857.44ms min=22.71ms max=9143.48ms count=5
09-10 05:21:29.448  3136  3171 D EGL_emulation: app_time_stats: avg=8166.96ms min=179.62ms max=23737.01ms count=3
09-10 05:21:29.512  3136  3162 D EGL_emulation: app_time_stats: avg=861.91ms min=10.77ms max=4147.61ms count=5
09-10 05:21:29.606  3136  3171 D GLThread: Exiting render thread
09-10 05:21:29.606  3136  3171 D GodotRenderer: Destroying Godot Engine
09-10 05:21:29.647  3136  3171 D t.compare:godot: PlayerBase::stop() from IPlayer
09-10 05:21:29.647  3136  3171 D AudioTrack: stop(16): called with 24840648 frames delivered
09-10 05:21:29.651  3136  3171 E eglCodecCommon: removeVertexArrayObject: ERROR: 7 not found in VAO state!
09-10 05:21:29.678  3136  3171 V Godot   : OnGodotTerminating
09-10 05:21:29.684  3136  3136 V Godot   : OnDestroy: GodotFragment{66a738f} (e9b34008-195b-412e-8eac-9a40974c076d id=0x7f07002b tag=partydeck-godot)
09-10 05:21:29.692  3136  3136 V Godot   : OnPause: GodotFragment{66a738f} (e9b34008-195b-412e-8eac-9a40974c076d id=0x7f07002b tag=partydeck-godot)
09-10 05:21:29.818  3136  3136 I PartyDeckGodotHost: Engine process exit requested
09-10 05:21:29.825  3136  3136 I Process : Sending signal. PID: 3136 SIG: 9
