--------- beginning of main
09-10 08:58:03.260  8815  8815 I t.compare:godot: Late-enabling -Xcheck:jni
09-10 08:58:03.296  8815  8815 I t.compare:godot: Using CollectorTypeCMC GC.
09-10 08:58:03.297  8815  8815 W t.compare:godot: Unexpected CPU variant for x86: x86_64.
09-10 08:58:03.297  8815  8815 W t.compare:godot: Known variants: atom, sandybridge, silvermont, goldmont, goldmont-plus, goldmont-without-sha-xsaves, tremont, kabylake, default
09-10 08:58:03.368  8815  8815 D nativeloader: Load libframework-connectivity-tiramisu-jni.so using APEX ns com_android_tethering for caller /apex/com.android.tethering/javalib/framework-connectivity-t.jar: ok
09-10 08:58:03.423  8815  8815 W ziparchive: Unable to open '/data/app/~~eEi0GwiV14CsrtmkesdUow==/dev.partydeck.godot.compare-F-nNNPuQnFzlyTW3d7EkpA==/base.dm': No such file or directory
09-10 08:58:03.425  8815  8815 W ziparchive: Unable to open '/data/app/~~eEi0GwiV14CsrtmkesdUow==/dev.partydeck.godot.compare-F-nNNPuQnFzlyTW3d7EkpA==/base.dm': No such file or directory
09-10 08:58:03.606  8815  8815 D nativeloader: Configuring clns-7 for other apk /data/app/~~eEi0GwiV14CsrtmkesdUow==/dev.partydeck.godot.compare-F-nNNPuQnFzlyTW3d7EkpA==/base.apk. target_sdk_version=36, uses_libraries=, library_path=/data/app/~~eEi0GwiV14CsrtmkesdUow==/dev.partydeck.godot.compare-F-nNNPuQnFzlyTW3d7EkpA==/lib/x86_64:/data/app/~~eEi0GwiV14CsrtmkesdUow==/dev.partydeck.godot.compare-F-nNNPuQnFzlyTW3d7EkpA==/base.apk!/lib/x86_64, permitted_path=/data:/mnt/expand:/data/user/0/dev.partydeck.godot.compare
09-10 08:58:03.653  8815  8815 V GraphicsEnvironment: Currently set values for:
09-10 08:58:03.653  8815  8815 V GraphicsEnvironment:   angle_gl_driver_selection_pkgs=[]
09-10 08:58:03.653  8815  8815 V GraphicsEnvironment:   angle_gl_driver_selection_values=[]
09-10 08:58:03.654  8815  8815 V GraphicsEnvironment: Global.Settings values are invalid: number of packages: 0, number of values: 0
09-10 08:58:03.654  8815  8815 V GraphicsEnvironment: Neither updatable production driver nor prerelease driver is supported.
09-10 08:58:04.223  8815  8815 V Godot   : Initializing Godot plugin registry
09-10 08:58:04.224  8815  8815 I GodotPluginRegistry: Registering runtime plugin AndroidRuntime
09-10 08:58:04.224  8815  8815 I GodotPluginRegistry: Registering runtime plugin PartyDeckBridge
09-10 08:58:04.224  8815  8815 V Godot   : InitEngine with params: [--main-pack, res://partydeck-last-light.pck, --rendering-method, gl_compatibility, --xr-mode, off]
09-10 08:58:04.275  8815  8815 D nativeloader: Load /data/app/~~eEi0GwiV14CsrtmkesdUow==/dev.partydeck.godot.compare-F-nNNPuQnFzlyTW3d7EkpA==/base.apk!/lib/x86_64/libgodot_android.so using ns clns-7 from class loader (caller=/data/app/~~eEi0GwiV14CsrtmkesdUow==/dev.partydeck.godot.compare-F-nNNPuQnFzlyTW3d7EkpA==/base.apk): ok
09-10 08:58:04.277  8815  8815 V Godot   : Godot native layer initialization completed: true
09-10 08:58:04.277  8815  8815 V Godot   : Setting up native layer with params: [--main-pack, res://partydeck-last-light.pck, --rendering-method, gl_compatibility, --xr-mode, off]
09-10 08:58:04.310  8815  8815 V Godot   : Godot native layer setup completed
09-10 08:58:04.310  8815  8815 V Godot   : OnInitRenderView: GodotFragment{1e74cc2} (96288fff-7cd9-43bf-b5ec-9d367303a851 id=0x7f07002b tag=partydeck-godot)
09-10 08:58:04.324  8815  8815 D Godot   : Render view should be transparent: false
09-10 08:58:04.325  8815  8815 D Godot   : renderingDevice: opengl3 (ProjectSettings)
09-10 08:58:04.325  8815  8815 D Godot   : 			renderer: gl_compatibility (Default)
09-10 08:58:04.344  8815  8815 V Godot   : OnStart: GodotFragment{1e74cc2} (96288fff-7cd9-43bf-b5ec-9d367303a851 id=0x7f07002b tag=partydeck-godot)
09-10 08:58:04.346  8815  8815 W WindowOnBackDispatcher: OnBackInvokedCallback is not enabled for the application.
09-10 08:58:04.346  8815  8815 W WindowOnBackDispatcher: Set 'android:enableOnBackInvokedCallback="true"' in the application manifest.
09-10 08:58:04.351  8815  8815 V Godot   : OnResume: GodotFragment{1e74cc2} (96288fff-7cd9-43bf-b5ec-9d367303a851 id=0x7f07002b tag=partydeck-godot)
09-10 08:58:04.356  8815  8815 W HWUI    : Unknown dataspace 0
09-10 08:58:04.399  8815  8830 I EGL_emulation: Opening libGLESv1_CM_emulation.so
09-10 08:58:04.400  8815  8830 I EGL_emulation: Opening libGLESv2_emulation.so
09-10 08:58:04.429  8815  8830 W HWUI    : Failed to choose config with EGL_SWAP_BEHAVIOR_PRESERVED, retrying without...
09-10 08:58:04.429  8815  8830 W HWUI    : Failed to initialize 101010-2 format, error = EGL_SUCCESS
09-10 08:58:04.462  8815  8850 W RegularContextFactory: creating OpenGL ES 3.0 context :
09-10 08:58:04.469  8815  8850 I Gralloc4: mapper 4.x is not supported
09-10 08:58:04.521  8815  8850 I godot   : Godot Engine v4.7.2.stable.official.ed1daf0bf - https://godotengine.org
09-10 08:58:04.790  8815  8820 I t.compare:godot: Compiler allocated 4219KB to compile void android.widget.TextView.<init>(android.content.Context, android.util.AttributeSet, int, int)
09-10 08:58:04.801  8815  8850 E godot   : WARNING: Failed to load cached shader, recompiling.
09-10 08:58:04.801  8815  8850 E godot   :    at: _load_from_cache (drivers/gles3/shader_gles3.cpp:615)
09-10 08:58:05.357  8815  8820 I t.compare:godot: Compiler allocated 5174KB to compile void android.view.ViewRootImpl.performTraversals()
09-10 08:58:05.468  8815  8853 E SurfaceSyncGroup: Failed to receive transaction ready in 1000ms. Marking SurfaceSyncGroup(wmsSync-VRI[GodotGameActivity]#1) as ready
09-10 08:58:05.486  8815  8853 E SurfaceSyncGroup: Failed to receive transaction ready in 1000ms. Marking SurfaceSyncGroup(VRI[GodotGameActivity]#2) as ready
09-10 08:58:05.487  8815  8853 E SurfaceSyncGroup: Failed to receive transaction ready in 1000ms. Marking SurfaceSyncGroup(SurfaceView[dev.partydeck.godot.compare/dev.partydeck.godot.compare.GodotGameActivity]#0) as ready
09-10 08:58:05.667  8815  8830 D EGL_emulation: app_time_stats: avg=498.36ms min=53.42ms max=943.29ms count=2
09-10 08:58:06.146  8815  8850 I godot   : OpenGL API OpenGL ES 3.1 (OpenGL ES 3.1.0 (ANGLE 2.1.17841 git hash: 5fa2e61da947)) - Compatibility - Using Device: Google (Google Inc. (Google)) - Android Emulator OpenGL ES Translator (ANGLE (Google, Vulkan 1.3.0 (SwiftShader Device (Subzero) (0x0000C0DE)), SwiftShader driver-5.0.0))
09-10 08:58:06.148  8815  8850 D t.compare:godot: PlayerBase::PlayerBase()
09-10 08:58:06.148  8815  8850 D t.compare:godot: TrackPlayerBase::TrackPlayerBase()
09-10 08:58:06.148  8815  8850 I libOpenSLES: Emulating old channel mask behavior (ignoring positional mask 0x3, using default mask 0x3 based on channel count of 2)
09-10 08:58:06.154  8815  8850 I godot   : 
09-10 08:58:06.695  8815  8850 V Godot   : OnGodotSetupCompleted
09-10 08:58:06.702  8815  8850 V Godot   : OnGodotMainLoopStarted
09-10 08:58:06.889  8815  8830 D EGL_emulation: app_time_stats: avg=400.94ms min=71.69ms max=699.96ms count=3
09-10 08:58:07.913  8815  8830 D EGL_emulation: app_time_stats: avg=133.21ms min=2.75ms max=403.26ms count=7
09-10 08:58:17.117  8815  8815 D AutofillManager: Fill dialog is enabled:false, hints=[]
09-10 08:58:17.151  8815  8830 D EGL_emulation: app_time_stats: avg=9237.36ms min=9237.36ms max=9237.36ms count=1
09-10 08:58:21.658  8815  8815 I PartyDeckGodotBridge: Close requested elapsed_ms=702528
09-10 08:58:21.666  8815  8850 D EGL_emulation: app_time_stats: avg=3828.61ms min=10.12ms max=14451.98ms count=4
09-10 08:58:21.666  8815  8830 D EGL_emulation: app_time_stats: avg=737.49ms min=16.97ms max=4097.45ms count=6
09-10 08:58:21.669  8815  8850 I PartyDeckGodotBridge: Close dispatch started elapsed_ms=702536
09-10 08:58:21.669  8815  8850 I PartyDeckGodotBridge: Close native barrier elapsed_ms=702539
09-10 08:58:21.680  8815  8815 I PartyDeckGodotHost: Close main callback elapsed_ms=702550
09-10 08:58:21.684  8815  8850 D GLThread: Exiting render thread
09-10 08:58:21.684  8815  8850 D GodotRenderer: Destroying Godot Engine
09-10 08:58:21.721  8815  8850 D t.compare:godot: PlayerBase::stop() from IPlayer
09-10 08:58:21.721  8815  8850 D AudioTrack: stop(17): called with 689724 frames delivered
09-10 08:58:21.801  8815  8850 E eglCodecCommon: removeVertexArrayObject: ERROR: 7 not found in VAO state!
09-10 08:58:21.850  8815  8850 V Godot   : OnGodotTerminating
09-10 08:58:21.921  8815  8815 V Godot   : OnDestroy: GodotFragment{1e74cc2} (96288fff-7cd9-43bf-b5ec-9d367303a851 id=0x7f07002b tag=partydeck-godot)
09-10 08:58:21.939  8815  8815 V Godot   : OnPause: GodotFragment{1e74cc2} (96288fff-7cd9-43bf-b5ec-9d367303a851 id=0x7f07002b tag=partydeck-godot)
09-10 08:58:22.163  8815  8815 I PartyDeckGodotHost: Engine process exit requested
09-10 08:58:22.164  8815  8815 I Process : Sending signal. PID: 8815 SIG: 9
