Input Method Manager Service state:
  mSystemReady=true
  mInteractive=true
  mConcurrentMultiUserModeEnabled=false
  mCurrentImeUserId=0
  mStylusIds=[2, 3, 4, 5, 6, 7, 8, 9, 10, 11, 12]
  mMenuControllerNew:
    isShowing: false
  mClientController:
    ClientState{f9d388 mUid=10150 mPid=3594 mSelfReportedDisplayId=0}:
      client=com.android.server.inputmethod.IInputMethodClientInvoker@f650201
      fallbackInputConnection=com.android.internal.inputmethod.IRemoteInputConnection$Stub$Proxy@26458a6
      sessionRequested=false
      sessionRequestedForAccessibility=true
      curSession=SessionState{uid=10150 pid=3594 method=6232904 session=fa3a946 channel=ClientState{f9d388 mUid=10150 mPid=3594 mSelfReportedDisplayId=0} userId=0}
      selfReportedDisplayId=0
      uid=10150
      pid=3594
    ClientState{e2082e7 mUid=10124 mPid=1066 mSelfReportedDisplayId=0}:
      client=com.android.server.inputmethod.IInputMethodClientInvoker@1644e94
      fallbackInputConnection=com.android.internal.inputmethod.IRemoteInputConnection$Stub$Proxy@21ebd3d
      sessionRequested=false
      sessionRequestedForAccessibility=false
      curSession=null
      selfReportedDisplayId=0
      uid=10124
      pid=1066
    ClientState{de091da mUid=10121 mPid=1382 mSelfReportedDisplayId=0}:
      client=com.android.server.inputmethod.IInputMethodClientInvoker@eed5932
      fallbackInputConnection=com.android.internal.inputmethod.IRemoteInputConnection$Stub$Proxy@ae86683
      sessionRequested=false
      sessionRequestedForAccessibility=false
      curSession=SessionState{uid=10121 pid=1382 method=6232904 session=5acacdf channel=ClientState{de091da mUid=10121 mPid=1382 mSelfReportedDisplayId=0} userId=0}
      selfReportedDisplayId=0
      uid=10121
      pid=1382
    ClientState{81c000 mUid=10113 mPid=1743 mSelfReportedDisplayId=0}:
      client=com.android.server.inputmethod.IInputMethodClientInvoker@fbef039
      fallbackInputConnection=com.android.internal.inputmethod.IRemoteInputConnection$Stub$Proxy@693d67e
      sessionRequested=false
      sessionRequestedForAccessibility=false
      curSession=null
      selfReportedDisplayId=0
      uid=10113
      pid=1743
    ClientState{bc0e7df mUid=10062 mPid=1817 mSelfReportedDisplayId=0}:
      client=com.android.server.inputmethod.IInputMethodClientInvoker@d42dc2c
      fallbackInputConnection=com.android.internal.inputmethod.IRemoteInputConnection$Stub$Proxy@a9556f5
      sessionRequested=false
      sessionRequestedForAccessibility=false
      curSession=null
      selfReportedDisplayId=0
      uid=10062
      pid=1817
    ClientState{ff5dc1e mUid=10065 mPid=4895 mSelfReportedDisplayId=0}:
      client=com.android.server.inputmethod.IInputMethodClientInvoker@230490e
      fallbackInputConnection=com.android.internal.inputmethod.IRemoteInputConnection$Stub$Proxy@3a58f2f
      sessionRequested=false
      sessionRequestedForAccessibility=false
      curSession=SessionState{uid=10065 pid=4895 method=6232904 session=d196acc channel=ClientState{ff5dc1e mUid=10065 mPid=4895 mSelfReportedDisplayId=0} userId=0}
      selfReportedDisplayId=0
      uid=10065
      pid=4895
    ClientState{d5b8be3 mUid=1000 mPid=1328 mSelfReportedDisplayId=0}:
      client=com.android.server.inputmethod.IInputMethodClientInvoker@892dc8a
      fallbackInputConnection=com.android.internal.inputmethod.IRemoteInputConnection$Stub$Proxy@27622fb
      sessionRequested=false
      sessionRequestedForAccessibility=false
      curSession=SessionState{uid=1000 pid=1328 method=6232904 session=8fdeed channel=ClientState{d5b8be3 mUid=1000 mPid=1328 mSelfReportedDisplayId=0} userId=0}
      selfReportedDisplayId=0
      uid=1000
      pid=1328
  mUserDataRepository:
    userId=0
      unlocked=true
      hasMainConnection=true
      isVisibleBound=true
      boundToMethod=true
      curClient=ClientState{f9d388 mUid=10150 mPid=3594 mSelfReportedDisplayId=0}
      curEditorInfo:
        inputType=0x2001 imeOptions=0x2000005 privateImeOptions=null
        actionLabel=null actionId=0
        initialSelStart=0 initialSelEnd=0 initialToolType=1 initialCapsMode=0x0
        hintText=null label=null
        packageName=dev.partydeck.app autofillId=1073741824 fieldId=-1 fieldName=null
        hintLocales=null
        supportedHandwritingGestureTypes=SELECT|SELECT_RANGE|INSERT|DELETE|DELETE_RANGE|REMOVE_SPACE|JOIN_OR_SPLIT
        supportedHandwritingGesturePreviewTypes=SELECT|SELECT_RANGE|DELETE|DELETE_RANGE
        isStylusHandwritingEnabled=true
        writingToolsEnabled=true
        contentMimeTypes=null
      imeBindingState:
        mFocusedWindow=android.os.BinderProxy@8223479
        mFocusedWindowSoftInputMode=STATE_UNSPECIFIED|ADJUST_RESIZE
        mFocusedWindowClient=ClientState{f9d388 mUid=10150 mPid=3594 mSelfReportedDisplayId=0}
      enabledSession=SessionState{uid=10150 pid=3594 method=6232904 session=fa3a946 channel=ClientState{f9d388 mUid=10150 mPid=3594 mSelfReportedDisplayId=0} userId=0}
      inFullscreenMode=false
      imeDrawsNavBar=false
      switchingController:
        mSwitchingAwareRotationList:
          rank=0 item=ImeSubtypeListItem{mImeName=Android Keyboard (AOSP) mSubtypeName=English (US) mSubtypeIndex=0 mIsSystemLocale=false mIsSystemLanguage=false}
        mSwitchingUnawareRotationList:
        mRotationList:
          Static order:
            i=0 item=ImeSubtypeListItem{mImeName=Android Keyboard (AOSP) mSubtypeName=English (US) mSubtypeIndex=0 mIsSystemLocale=false mIsSystemLanguage=false}
          Recency order:
            i=0 item=ImeSubtypeListItem{mImeName=Android Keyboard (AOSP) mSubtypeName=English (US) mSubtypeIndex=0 mIsSystemLocale=false mIsSystemLanguage=false}
        mHardwareRotationList:
          Static order:
            i=0 item=ImeSubtypeListItem{mImeName=Android Keyboard (AOSP) mSubtypeName=English (US) mSubtypeIndex=0 mIsSystemLocale=false mIsSystemLanguage=false}
          Recency order:
            i=0 item=ImeSubtypeListItem{mImeName=Android Keyboard (AOSP) mSubtypeName=English (US) mSubtypeIndex=0 mIsSystemLocale=false mIsSystemLanguage=false}
        User action since last switch: false
      mLastEnabledInputMethodsStr=com.android.inputmethod.latin/.LatinIME
  mStartInputHistory:
    StartInput #0:
      time=2026-09-10 18:47:46.117 (timestamp=32776) reason=SESSION_CREATED_BY_IME restarting=false
      imeToken=android.os.Binder@2ad2542 [com.android.inputmethod.latin/.LatinIME] imeUserId=0 imeDisplayId=0
      targetWin=android.os.BinderProxy@9fc7fba [com.android.settings] targetUserId=0 targetDisplayId=0 clientBindSeq=2
      softInputMode=STATE_UNSPECIFIED|ADJUST_PAN
      inputType=0x0 imeOptions=0x0 fieldId=0x0 fieldName=null actionId=0 actionLabel=null
    StartInput #1:
      time=2026-09-10 18:47:48.628 (timestamp=35287) reason=SESSION_CREATED_BY_IME restarting=false
      imeToken=android.os.Binder@2ad2542 [com.android.inputmethod.latin/.LatinIME] imeUserId=0 imeDisplayId=0
      targetWin=android.os.BinderProxy@6c9808e [com.android.launcher3] targetUserId=0 targetDisplayId=0 clientBindSeq=3
      softInputMode=STATE_UNSPECIFIED|ADJUST_NOTHING
      inputType=0x0 imeOptions=0x0 fieldId=0x0 fieldName=null actionId=0 actionLabel=null
    StartInput #2:
      time=2026-09-10 18:47:51.006 (timestamp=37664) reason=WINDOW_FOCUS_GAIN restarting=false
      imeToken=android.os.Binder@2ad2542 [com.android.inputmethod.latin/.LatinIME] imeUserId=0 imeDisplayId=0
      targetWin=android.os.BinderProxy@325cd7d [com.android.launcher3] targetUserId=0 targetDisplayId=0 clientBindSeq=4
      softInputMode=STATE_UNSPECIFIED|ADJUST_NOTHING
      inputType=0x0 imeOptions=0x0 fieldId=0x0 fieldName=null actionId=0 actionLabel=null
    StartInput #3:
      time=2026-09-10 18:48:13.840 (timestamp=60498) reason=SESSION_CREATED_BY_IME restarting=false
      imeToken=android.os.Binder@2ad2542 [com.android.inputmethod.latin/.LatinIME] imeUserId=0 imeDisplayId=0
      targetWin=android.os.BinderProxy@5cecd70 [dev.partydeck.app] targetUserId=0 targetDisplayId=0 clientBindSeq=5
      softInputMode=STATE_UNSPECIFIED|ADJUST_RESIZE|IS_FORWARD_NAVIGATION
      inputType=0x0 imeOptions=0x0 fieldId=0x0 fieldName=null actionId=0 actionLabel=null
    StartInput #4:
      time=2026-09-10 18:48:43.857 (timestamp=90515) reason=WINDOW_FOCUS_GAIN restarting=false
      imeToken=android.os.Binder@2ad2542 [com.android.inputmethod.latin/.LatinIME] imeUserId=0 imeDisplayId=0
      targetWin=android.os.BinderProxy@248e249 [dev.partydeck.app] targetUserId=0 targetDisplayId=0 clientBindSeq=6
      softInputMode=STATE_UNSPECIFIED|ADJUST_PAN
      inputType=0x0 imeOptions=0x0 fieldId=0x0 fieldName=null actionId=0 actionLabel=null
    StartInput #5:
      time=2026-09-10 18:48:46.013 (timestamp=92671) reason=WINDOW_FOCUS_GAIN restarting=false
      imeToken=android.os.Binder@2ad2542 [com.android.inputmethod.latin/.LatinIME] imeUserId=0 imeDisplayId=0
      targetWin=android.os.BinderProxy@5cecd70 [dev.partydeck.app] targetUserId=0 targetDisplayId=0 clientBindSeq=7
      softInputMode=STATE_UNSPECIFIED|ADJUST_RESIZE
      inputType=0x0 imeOptions=0x0 fieldId=0x0 fieldName=null actionId=0 actionLabel=null
    StartInput #6:
      time=2026-09-10 18:49:11.595 (timestamp=118254) reason=SESSION_CREATED_BY_IME restarting=false
      imeToken=android.os.Binder@2ad2542 [com.android.inputmethod.latin/.LatinIME] imeUserId=0 imeDisplayId=0
      targetWin=android.os.BinderProxy@8223479 [dev.partydeck.app] targetUserId=0 targetDisplayId=0 clientBindSeq=8
      softInputMode=STATE_UNSPECIFIED|ADJUST_RESIZE|IS_FORWARD_NAVIGATION
      inputType=0x0 imeOptions=0x0 fieldId=0x0 fieldName=null actionId=0 actionLabel=null
    StartInput #7:
      time=2026-09-10 18:50:12.635 (timestamp=179293) reason=WINDOW_FOCUS_GAIN restarting=false
      imeToken=android.os.Binder@2ad2542 [com.android.inputmethod.latin/.LatinIME] imeUserId=0 imeDisplayId=0
      targetWin=android.os.BinderProxy@325cd7d [com.android.launcher3] targetUserId=0 targetDisplayId=0 clientBindSeq=9
      softInputMode=STATE_UNSPECIFIED|ADJUST_NOTHING|IS_FORWARD_NAVIGATION
      inputType=0x0 imeOptions=0x0 fieldId=0x0 fieldName=null actionId=0 actionLabel=null
    StartInput #8:
      time=2026-09-10 18:50:15.338 (timestamp=181997) reason=WINDOW_FOCUS_GAIN restarting=false
      imeToken=android.os.Binder@2ad2542 [com.android.inputmethod.latin/.LatinIME] imeUserId=0 imeDisplayId=0
      targetWin=android.os.BinderProxy@8223479 [dev.partydeck.app] targetUserId=0 targetDisplayId=0 clientBindSeq=10
      softInputMode=STATE_UNSPECIFIED|ADJUST_RESIZE
      inputType=0x0 imeOptions=0x0 fieldId=0x0 fieldName=null actionId=0 actionLabel=null
    StartInput #9:
      time=2026-09-10 18:50:41.024 (timestamp=207682) reason=WINDOW_FOCUS_GAIN restarting=false
      imeToken=android.os.Binder@2ad2542 [com.android.inputmethod.latin/.LatinIME] imeUserId=0 imeDisplayId=0
      targetWin=android.os.BinderProxy@b284711 [dev.partydeck.app] targetUserId=0 targetDisplayId=0 clientBindSeq=11
      softInputMode=STATE_UNSPECIFIED|ADJUST_PAN
      inputType=0x0 imeOptions=0x0 fieldId=0x0 fieldName=null actionId=0 actionLabel=null
    StartInput #10:
      time=2026-09-10 18:50:43.124 (timestamp=209782) reason=WINDOW_FOCUS_GAIN restarting=false
      imeToken=android.os.Binder@2ad2542 [com.android.inputmethod.latin/.LatinIME] imeUserId=0 imeDisplayId=0
      targetWin=android.os.BinderProxy@8223479 [dev.partydeck.app] targetUserId=0 targetDisplayId=0 clientBindSeq=12
      softInputMode=STATE_UNSPECIFIED|ADJUST_RESIZE
      inputType=0x0 imeOptions=0x0 fieldId=0x0 fieldName=null actionId=0 actionLabel=null
    StartInput #11:
      time=2026-09-10 18:50:51.464 (timestamp=218123) reason=CHECK_FOCUS restarting=false
      imeToken=android.os.Binder@2ad2542 [com.android.inputmethod.latin/.LatinIME] imeUserId=0 imeDisplayId=0
      targetWin=android.os.BinderProxy@8223479 [dev.partydeck.app] targetUserId=0 targetDisplayId=0 clientBindSeq=13
      softInputMode=STATE_UNSPECIFIED|ADJUST_RESIZE
      inputType=0x2001 imeOptions=0x2000006 fieldId=0xffffffff fieldName=null actionId=0 actionLabel=null
    StartInput #12:
      time=2026-09-10 18:50:51.465 (timestamp=218123) reason=APP_CALLED_RESTART_INPUT_API restarting=true
      imeToken=android.os.Binder@2ad2542 [com.android.inputmethod.latin/.LatinIME] imeUserId=0 imeDisplayId=0
      targetWin=android.os.BinderProxy@8223479 [dev.partydeck.app] targetUserId=0 targetDisplayId=0 clientBindSeq=14
      softInputMode=STATE_UNSPECIFIED|ADJUST_RESIZE
      inputType=0x2001 imeOptions=0x2000006 fieldId=0xffffffff fieldName=null actionId=0 actionLabel=null
    StartInput #13:
      time=2026-09-10 18:51:04.445 (timestamp=231104) reason=APP_CALLED_RESTART_INPUT_API restarting=true
      imeToken=android.os.Binder@2ad2542 [com.android.inputmethod.latin/.LatinIME] imeUserId=0 imeDisplayId=0
      targetWin=android.os.BinderProxy@8223479 [dev.partydeck.app] targetUserId=0 targetDisplayId=0 clientBindSeq=15
      softInputMode=STATE_UNSPECIFIED|ADJUST_RESIZE
      inputType=0x0 imeOptions=0x0 fieldId=0x0 fieldName=null actionId=0 actionLabel=null
    StartInput #14:
      time=2026-09-10 18:51:09.693 (timestamp=236352) reason=WINDOW_FOCUS_GAIN restarting=false
      imeToken=android.os.Binder@2ad2542 [com.android.inputmethod.latin/.LatinIME] imeUserId=0 imeDisplayId=0
      targetWin=android.os.BinderProxy@6fe13d8 [dev.partydeck.app] targetUserId=0 targetDisplayId=0 clientBindSeq=16
      softInputMode=STATE_UNSPECIFIED|ADJUST_PAN
      inputType=0x0 imeOptions=0x0 fieldId=0x0 fieldName=null actionId=0 actionLabel=null
    StartInput #15:
      time=2026-09-10 18:51:20.274 (timestamp=246932) reason=SESSION_CREATED_BY_IME restarting=false
      imeToken=android.os.Binder@2ad2542 [com.android.inputmethod.latin/.LatinIME] imeUserId=0 imeDisplayId=0
      targetWin=android.os.BinderProxy@e8820f [com.android.intentresolver] targetUserId=0 targetDisplayId=0 clientBindSeq=17
      softInputMode=STATE_UNSPECIFIED|ADJUST_RESIZE|IS_FORWARD_NAVIGATION
      inputType=0x0 imeOptions=0x0 fieldId=0x0 fieldName=null actionId=0 actionLabel=null
    StartInput #16:
      time=2026-09-10 18:51:22.322 (timestamp=248981) reason=WINDOW_FOCUS_GAIN restarting=false
      imeToken=android.os.Binder@2ad2542 [com.android.inputmethod.latin/.LatinIME] imeUserId=0 imeDisplayId=0
      targetWin=android.os.BinderProxy@6fe13d8 [dev.partydeck.app] targetUserId=0 targetDisplayId=0 clientBindSeq=18
      softInputMode=STATE_UNSPECIFIED|ADJUST_PAN
      inputType=0x0 imeOptions=0x0 fieldId=0x0 fieldName=null actionId=0 actionLabel=null
    StartInput #17:
      time=2026-09-10 18:51:24.645 (timestamp=251303) reason=WINDOW_FOCUS_GAIN restarting=false
      imeToken=android.os.Binder@2ad2542 [com.android.inputmethod.latin/.LatinIME] imeUserId=0 imeDisplayId=0
      targetWin=android.os.BinderProxy@8223479 [dev.partydeck.app] targetUserId=0 targetDisplayId=0 clientBindSeq=19
      softInputMode=STATE_UNSPECIFIED|ADJUST_RESIZE
      inputType=0x0 imeOptions=0x0 fieldId=0x0 fieldName=null actionId=0 actionLabel=null
    StartInput #18:
      time=2026-09-10 18:51:29.259 (timestamp=255918) reason=WINDOW_FOCUS_GAIN restarting=false
      imeToken=android.os.Binder@2ad2542 [com.android.inputmethod.latin/.LatinIME] imeUserId=0 imeDisplayId=0
      targetWin=android.os.BinderProxy@91c1ad5 [dev.partydeck.app] targetUserId=0 targetDisplayId=0 clientBindSeq=20
      softInputMode=STATE_UNSPECIFIED|ADJUST_PAN
      inputType=0x0 imeOptions=0x0 fieldId=0x0 fieldName=null actionId=0 actionLabel=null
    StartInput #19:
      time=2026-09-10 18:51:31.365 (timestamp=258023) reason=WINDOW_FOCUS_GAIN restarting=false
      imeToken=android.os.Binder@2ad2542 [com.android.inputmethod.latin/.LatinIME] imeUserId=0 imeDisplayId=0
      targetWin=android.os.BinderProxy@8223479 [dev.partydeck.app] targetUserId=0 targetDisplayId=0 clientBindSeq=21
      softInputMode=STATE_UNSPECIFIED|ADJUST_RESIZE
      inputType=0x0 imeOptions=0x0 fieldId=0x0 fieldName=null actionId=0 actionLabel=null
    StartInput #20:
      time=2026-09-10 18:51:39.774 (timestamp=266432) reason=CHECK_FOCUS restarting=false
      imeToken=android.os.Binder@2ad2542 [com.android.inputmethod.latin/.LatinIME] imeUserId=0 imeDisplayId=0
      targetWin=android.os.BinderProxy@8223479 [dev.partydeck.app] targetUserId=0 targetDisplayId=0 clientBindSeq=22
      softInputMode=STATE_UNSPECIFIED|ADJUST_RESIZE
      inputType=0x2001 imeOptions=0x2000005 fieldId=0xffffffff fieldName=null actionId=0 actionLabel=null
    StartInput #21:
      time=2026-09-10 18:51:39.774 (timestamp=266433) reason=APP_CALLED_RESTART_INPUT_API restarting=true
      imeToken=android.os.Binder@2ad2542 [com.android.inputmethod.latin/.LatinIME] imeUserId=0 imeDisplayId=0
      targetWin=android.os.BinderProxy@8223479 [dev.partydeck.app] targetUserId=0 targetDisplayId=0 clientBindSeq=23
      softInputMode=STATE_UNSPECIFIED|ADJUST_RESIZE
      inputType=0x2001 imeOptions=0x2000005 fieldId=0xffffffff fieldName=null actionId=0 actionLabel=null
  mSoftInputShowHideHistory:
    SoftInputShowHide[0] #0:
      time=2026-09-10 18:50:51.471 (timestamp=218129)
      reason=SHOW_SOFT_INPUT inFullscreenMode=false
      requestClient=ClientState{f9d388 mUid=10150 mPid=3594 mSelfReportedDisplayId=0}
      focusedWindowName=12365be dev.partydeck.app/dev.partydeck.app.MainActivity
      requestWindowName=12365be dev.partydeck.app/dev.partydeck.app.MainActivity
      imeControlTargetName=12365be dev.partydeck.app/dev.partydeck.app.MainActivity
      imeTargetNameFromWm=12365be dev.partydeck.app/dev.partydeck.app.MainActivity
      imeSurfaceParentName=Surface(name=ActivityRecord{141295458 u0 dev.partydeck.app/.MainActivity)/@0x1c5e36c
      editorInfo: inputType=0 privateImeOptions=null fieldId (viewId)=0
      focusedWindowSoftInputMode=STATE_UNSPECIFIED|ADJUST_RESIZE
    SoftInputShowHide[0] #1:
      time=2026-09-10 18:51:02.086 (timestamp=228745)
      reason=HIDE_SOFT_INPUT inFullscreenMode=false
      requestClient=ClientState{f9d388 mUid=10150 mPid=3594 mSelfReportedDisplayId=0}
      focusedWindowName=12365be dev.partydeck.app/dev.partydeck.app.MainActivity
      requestWindowName=12365be dev.partydeck.app/dev.partydeck.app.MainActivity
      imeControlTargetName=12365be dev.partydeck.app/dev.partydeck.app.MainActivity
      imeTargetNameFromWm=12365be dev.partydeck.app/dev.partydeck.app.MainActivity
      imeSurfaceParentName=Surface(name=ActivityRecord{141295458 u0 dev.partydeck.app/.MainActivity)/@0x1c5e36c
      editorInfo: inputType=0 privateImeOptions=null fieldId (viewId)=0
      focusedWindowSoftInputMode=STATE_UNSPECIFIED|ADJUST_RESIZE
    SoftInputShowHide[0] #2:
      time=2026-09-10 18:51:39.778 (timestamp=266437)
      reason=SHOW_SOFT_INPUT inFullscreenMode=false
      requestClient=ClientState{f9d388 mUid=10150 mPid=3594 mSelfReportedDisplayId=0}
      focusedWindowName=12365be dev.partydeck.app/dev.partydeck.app.MainActivity
      requestWindowName=12365be dev.partydeck.app/dev.partydeck.app.MainActivity
      imeControlTargetName=12365be dev.partydeck.app/dev.partydeck.app.MainActivity
      imeTargetNameFromWm=12365be dev.partydeck.app/dev.partydeck.app.MainActivity
      imeSurfaceParentName=Surface(name=ActivityRecord{141295458 u0 dev.partydeck.app/.MainActivity)/@0x1c5e36c
      editorInfo: inputType=0 privateImeOptions=null fieldId (viewId)=0
      focusedWindowSoftInputMode=STATE_UNSPECIFIED|ADJUST_RESIZE
  mImeTrackerService#History:
    mLiveEntries: 0 elements
    mEntries: 51 elements
      #0 TYPE_HIDE - STATUS_CANCEL - com.android.settings:4e01b361 (17ms):
        startTime=2026-09-10 18:47:44.184 ORIGIN_SERVER
        reason=HIDE_UNSPECIFIED_WINDOW PHASE_CLIENT_ALREADY_HIDDEN
        requestWindowName=not set
      #1 TYPE_HIDE - STATUS_CANCEL - com.android.settings:7e264e85 (3ms):
        startTime=2026-09-10 18:47:44.535 ORIGIN_SERVER
        reason=HIDE_UNSPECIFIED_WINDOW PHASE_CLIENT_ALREADY_HIDDEN
        requestWindowName=not set
      #2 TYPE_HIDE - STATUS_CANCEL - system_server:a4809cf8 (1ms):
        startTime=2026-09-10 18:47:46.110 ORIGIN_SERVER
        reason=IME_REQUESTED_CHANGED_LISTENER PHASE_SERVER_SHOULD_HIDE
        requestWindowName=not set
      #3 TYPE_HIDE - STATUS_CANCEL - system_server:9d9f88c3 (1ms):
        startTime=2026-09-10 18:47:46.153 ORIGIN_SERVER
        reason=IME_REQUESTED_CHANGED_LISTENER PHASE_SERVER_SHOULD_HIDE
        requestWindowName=not set
      #5 TYPE_HIDE - STATUS_CANCEL - system_server:5fdf2abf (1ms):
        startTime=2026-09-10 18:47:48.650 ORIGIN_SERVER
        reason=IME_REQUESTED_CHANGED_LISTENER PHASE_SERVER_SHOULD_HIDE
        requestWindowName=not set
      #4 TYPE_HIDE - STATUS_CANCEL - com.android.launcher3:3993ffc3 (516ms):
        startTime=2026-09-10 18:47:48.570 ORIGIN_SERVER
        reason=HIDE_UNSPECIFIED_WINDOW PHASE_CLIENT_ALREADY_HIDDEN
        requestWindowName=not set
      #7 TYPE_HIDE - STATUS_CANCEL - system_server:3848724e (14ms):
        startTime=2026-09-10 18:47:51.034 ORIGIN_SERVER
        reason=IME_REQUESTED_CHANGED_LISTENER PHASE_SERVER_SHOULD_HIDE
        requestWindowName=not set
      #6 TYPE_HIDE - STATUS_CANCEL - com.android.launcher3:4598f05a (83ms):
        startTime=2026-09-10 18:47:51.005 ORIGIN_SERVER
        reason=HIDE_UNSPECIFIED_WINDOW PHASE_CLIENT_ALREADY_HIDDEN
        requestWindowName=not set
      #8 TYPE_HIDE - STATUS_CANCEL - dev.partydeck.app:77130f3 (9ms):
        startTime=2026-09-10 18:48:13.839 ORIGIN_SERVER
        reason=HIDE_UNSPECIFIED_WINDOW PHASE_CLIENT_ALREADY_HIDDEN
        requestWindowName=not set
      #9 TYPE_HIDE - STATUS_CANCEL - system_server:c22cdb84 (1ms):
        startTime=2026-09-10 18:48:13.853 ORIGIN_SERVER
        reason=IME_REQUESTED_CHANGED_LISTENER PHASE_SERVER_SHOULD_HIDE
        requestWindowName=not set
      #11 TYPE_HIDE - STATUS_CANCEL - system_server:447a4a74 (1ms):
        startTime=2026-09-10 18:48:43.877 ORIGIN_SERVER
        reason=IME_REQUESTED_CHANGED_LISTENER PHASE_SERVER_SHOULD_HIDE
        requestWindowName=not set
      #10 TYPE_HIDE - STATUS_CANCEL - dev.partydeck.app:faced9f (28ms):
        startTime=2026-09-10 18:48:43.857 ORIGIN_SERVER
        reason=HIDE_UNSPECIFIED_WINDOW PHASE_CLIENT_ALREADY_HIDDEN
        requestWindowName=not set
      #12 TYPE_HIDE - STATUS_CANCEL - system_server:3f7eca76 (1ms):
        startTime=2026-09-10 18:48:45.781 ORIGIN_SERVER
        reason=IME_REQUESTED_CHANGED_LISTENER PHASE_SERVER_SHOULD_HIDE
        requestWindowName=not set
      #13 TYPE_HIDE - STATUS_CANCEL - dev.partydeck.app:ef8f272c (1ms):
        startTime=2026-09-10 18:48:46.013 ORIGIN_SERVER
        reason=HIDE_UNSPECIFIED_WINDOW PHASE_CLIENT_ALREADY_HIDDEN
        requestWindowName=not set
      #14 TYPE_HIDE - STATUS_CANCEL - system_server:c665d939 (0ms):
        startTime=2026-09-10 18:48:46.014 ORIGIN_SERVER
        reason=IME_REQUESTED_CHANGED_LISTENER PHASE_SERVER_SHOULD_HIDE
        requestWindowName=not set
      #15 TYPE_HIDE - STATUS_CANCEL - dev.partydeck.app:42e6044b (0ms):
        startTime=2026-09-10 18:49:09.529 ORIGIN_SERVER
        reason=HIDE_REMOVE_CLIENT PHASE_SERVER_SHOULD_HIDE
        requestWindowName=not set
      #16 TYPE_HIDE - STATUS_CANCEL - system_server:8dc247e3 (673ms):
        startTime=2026-09-10 18:49:09.608 ORIGIN_SERVER
        reason=IME_REQUESTED_CHANGED_LISTENER PHASE_SERVER_SHOULD_HIDE
        requestWindowName=not set
      #18 TYPE_HIDE - STATUS_CANCEL - system_server:dd98b130 (1ms):
        startTime=2026-09-10 18:49:11.596 ORIGIN_SERVER
        reason=IME_REQUESTED_CHANGED_LISTENER PHASE_SERVER_SHOULD_HIDE
        requestWindowName=not set
      #17 TYPE_HIDE - STATUS_CANCEL - dev.partydeck.app:94140b30 (11ms):
        startTime=2026-09-10 18:49:11.591 ORIGIN_SERVER
        reason=HIDE_UNSPECIFIED_WINDOW PHASE_CLIENT_ALREADY_HIDDEN
        requestWindowName=not set
      #19 TYPE_HIDE - STATUS_CANCEL - com.android.launcher3:88f7c5f9 (1ms):
        startTime=2026-09-10 18:50:12.633 ORIGIN_SERVER
        reason=HIDE_UNSPECIFIED_WINDOW PHASE_CLIENT_ALREADY_HIDDEN
        requestWindowName=not set
      #20 TYPE_HIDE - STATUS_CANCEL - system_server:aad84625 (704ms):
        startTime=2026-09-10 18:50:12.650 ORIGIN_SERVER
        reason=IME_REQUESTED_CHANGED_LISTENER PHASE_SERVER_SHOULD_HIDE
        requestWindowName=not set
      #21 TYPE_HIDE - STATUS_CANCEL - dev.partydeck.app:4ef34f4a (1ms):
        startTime=2026-09-10 18:50:15.337 ORIGIN_SERVER
        reason=HIDE_UNSPECIFIED_WINDOW PHASE_CLIENT_ALREADY_HIDDEN
        requestWindowName=not set
      #22 TYPE_HIDE - STATUS_CANCEL - system_server:80e65839 (1ms):
        startTime=2026-09-10 18:50:15.340 ORIGIN_SERVER
        reason=IME_REQUESTED_CHANGED_LISTENER PHASE_SERVER_SHOULD_HIDE
        requestWindowName=not set
      #23 TYPE_HIDE - STATUS_CANCEL - dev.partydeck.app:157472d6 (2ms):
        startTime=2026-09-10 18:50:41.024 ORIGIN_SERVER
        reason=HIDE_UNSPECIFIED_WINDOW PHASE_CLIENT_ALREADY_HIDDEN
        requestWindowName=not set
      #24 TYPE_HIDE - STATUS_CANCEL - system_server:6b4eff3a (2ms):
        startTime=2026-09-10 18:50:41.034 ORIGIN_SERVER
        reason=IME_REQUESTED_CHANGED_LISTENER PHASE_SERVER_SHOULD_HIDE
        requestWindowName=not set
      #25 TYPE_HIDE - STATUS_CANCEL - system_server:bed9613b (4ms):
        startTime=2026-09-10 18:50:42.910 ORIGIN_SERVER
        reason=IME_REQUESTED_CHANGED_LISTENER PHASE_SERVER_SHOULD_HIDE
        requestWindowName=not set
      #26 TYPE_HIDE - STATUS_CANCEL - dev.partydeck.app:5e6c8e9f (22ms):
        startTime=2026-09-10 18:50:43.124 ORIGIN_SERVER
        reason=HIDE_UNSPECIFIED_WINDOW PHASE_CLIENT_ALREADY_HIDDEN
        requestWindowName=not set
      #27 TYPE_HIDE - STATUS_CANCEL - system_server:402d80df (5ms):
        startTime=2026-09-10 18:50:43.142 ORIGIN_SERVER
        reason=IME_REQUESTED_CHANGED_LISTENER PHASE_SERVER_SHOULD_HIDE
        requestWindowName=not set
      #29 TYPE_SHOW - STATUS_CANCEL - dev.partydeck.app:3bdfeb (1ms):
        startTime=2026-09-10 18:50:51.514 ORIGIN_CLIENT
        reason=SHOW_SOFT_INPUT PHASE_CLIENT_REPORT_REQUESTED_VISIBLE_TYPES
        requestWindowName=not set
      #28 TYPE_SHOW - STATUS_SUCCESS - dev.partydeck.app:dfc93ef2 (900ms):
        startTime=2026-09-10 18:50:51.464 ORIGIN_CLIENT
        reason=SHOW_SOFT_INPUT_BY_INSETS_API PHASE_CLIENT_ANIMATION_FINISHED_SHOW
        requestWindowName=12365be dev.partydeck.app/dev.partydeck.app.MainActivity
      #30 TYPE_HIDE - STATUS_CANCEL - com.android.inputmethod.latin:95e52d1d (2ms):
        startTime=2026-09-10 18:51:02.047 ORIGIN_IME
        reason=HIDE_SOFT_INPUT_BY_BACK_KEY PHASE_CLIENT_ALREADY_HIDDEN
        requestWindowName=not set
      #31 TYPE_HIDE - STATUS_SUCCESS - system_server:5f6d8c86 (16ms):
        startTime=2026-09-10 18:51:02.077 ORIGIN_SERVER
        reason=IME_REQUESTED_CHANGED_LISTENER PHASE_CLIENT_NOTIFY_IME_VISIBILITY_CHANGED
        requestWindowName=12365be dev.partydeck.app/dev.partydeck.app.MainActivity
      #32 TYPE_SHOW - STATUS_CANCEL - system_server:172881b8 (47ms):
        startTime=2026-09-10 18:51:02.129 ORIGIN_SERVER
        reason=CONTROLS_CHANGED PHASE_CLIENT_ON_CONTROLS_CHANGED
        requestWindowName=not set
      #33 TYPE_HIDE - STATUS_CANCEL - system_server:865548f3 (1ms):
        startTime=2026-09-10 18:51:02.663 ORIGIN_SERVER
        reason=IME_REQUESTED_CHANGED_LISTENER PHASE_SERVER_SHOULD_HIDE
        requestWindowName=not set
      #34 TYPE_HIDE - STATUS_CANCEL - dev.partydeck.app:73d39917 (3ms):
        startTime=2026-09-10 18:51:04.443 ORIGIN_CLIENT
        reason=HIDE_SOFT_INPUT_BY_INSETS_API PHASE_CLIENT_ALREADY_HIDDEN
        requestWindowName=not set
      #35 TYPE_HIDE - STATUS_CANCEL - dev.partydeck.app:2e2f890a (2ms):
        startTime=2026-09-10 18:51:09.693 ORIGIN_SERVER
        reason=HIDE_UNSPECIFIED_WINDOW PHASE_CLIENT_ALREADY_HIDDEN
        requestWindowName=not set
      #36 TYPE_HIDE - STATUS_CANCEL - system_server:be269e19 (0ms):
        startTime=2026-09-10 18:51:09.695 ORIGIN_SERVER
        reason=IME_REQUESTED_CHANGED_LISTENER PHASE_SERVER_SHOULD_HIDE
        requestWindowName=not set
      #38 TYPE_HIDE - STATUS_CANCEL - system_server:a1565a18 (1ms):
        startTime=2026-09-10 18:51:20.275 ORIGIN_SERVER
        reason=IME_REQUESTED_CHANGED_LISTENER PHASE_SERVER_SHOULD_HIDE
        requestWindowName=not set
      #37 TYPE_HIDE - STATUS_CANCEL - com.android.intentresolver:21a5249f (334ms):
        startTime=2026-09-10 18:51:20.268 ORIGIN_SERVER
        reason=HIDE_UNSPECIFIED_WINDOW PHASE_CLIENT_ALREADY_HIDDEN
        requestWindowName=not set
      #39 TYPE_HIDE - STATUS_CANCEL - dev.partydeck.app:339dd260 (2ms):
        startTime=2026-09-10 18:51:22.320 ORIGIN_SERVER
        reason=HIDE_UNSPECIFIED_WINDOW PHASE_CLIENT_ALREADY_HIDDEN
        requestWindowName=not set
      #40 TYPE_HIDE - STATUS_CANCEL - system_server:5da70440 (0ms):
        startTime=2026-09-10 18:51:22.328 ORIGIN_SERVER
        reason=IME_REQUESTED_CHANGED_LISTENER PHASE_SERVER_SHOULD_HIDE
        requestWindowName=not set
      #41 TYPE_HIDE - STATUS_CANCEL - system_server:9dd557e4 (3ms):
        startTime=2026-09-10 18:51:24.562 ORIGIN_SERVER
        reason=IME_REQUESTED_CHANGED_LISTENER PHASE_SERVER_SHOULD_HIDE
        requestWindowName=not set
      #42 TYPE_HIDE - STATUS_CANCEL - dev.partydeck.app:7140039f (1ms):
        startTime=2026-09-10 18:51:24.644 ORIGIN_SERVER
        reason=HIDE_UNSPECIFIED_WINDOW PHASE_CLIENT_ALREADY_HIDDEN
        requestWindowName=not set
      #43 TYPE_HIDE - STATUS_CANCEL - system_server:2db19b3b (0ms):
        startTime=2026-09-10 18:51:24.652 ORIGIN_SERVER
        reason=IME_REQUESTED_CHANGED_LISTENER PHASE_SERVER_SHOULD_HIDE
        requestWindowName=not set
      #45 TYPE_HIDE - STATUS_CANCEL - system_server:f5a3df84 (1ms):
        startTime=2026-09-10 18:51:29.264 ORIGIN_SERVER
        reason=IME_REQUESTED_CHANGED_LISTENER PHASE_SERVER_SHOULD_HIDE
        requestWindowName=not set
      #44 TYPE_HIDE - STATUS_CANCEL - dev.partydeck.app:bbd1404 (7ms):
        startTime=2026-09-10 18:51:29.259 ORIGIN_SERVER
        reason=HIDE_UNSPECIFIED_WINDOW PHASE_CLIENT_ALREADY_HIDDEN
        requestWindowName=not set
      #46 TYPE_HIDE - STATUS_CANCEL - system_server:fddafaac (1ms):
        startTime=2026-09-10 18:51:31.160 ORIGIN_SERVER
        reason=IME_REQUESTED_CHANGED_LISTENER PHASE_SERVER_SHOULD_HIDE
        requestWindowName=not set
      #48 TYPE_HIDE - STATUS_CANCEL - system_server:f629fb4c (1ms):
        startTime=2026-09-10 18:51:31.370 ORIGIN_SERVER
        reason=IME_REQUESTED_CHANGED_LISTENER PHASE_SERVER_SHOULD_HIDE
        requestWindowName=not set
      #47 TYPE_HIDE - STATUS_CANCEL - dev.partydeck.app:13d745e0 (10ms):
        startTime=2026-09-10 18:51:31.364 ORIGIN_SERVER
        reason=HIDE_UNSPECIFIED_WINDOW PHASE_CLIENT_ALREADY_HIDDEN
        requestWindowName=not set
      #50 TYPE_SHOW - STATUS_CANCEL - dev.partydeck.app:ebd09736 (1ms):
        startTime=2026-09-10 18:51:39.797 ORIGIN_CLIENT
        reason=SHOW_SOFT_INPUT PHASE_CLIENT_REPORT_REQUESTED_VISIBLE_TYPES
        requestWindowName=not set
      #49 TYPE_SHOW - STATUS_SUCCESS - dev.partydeck.app:dd213add (872ms):
        startTime=2026-09-10 18:51:39.774 ORIGIN_CLIENT
        reason=SHOW_SOFT_INPUT_BY_INSETS_API PHASE_CLIENT_ANIMATION_FINISHED_SHOW
        requestWindowName=12365be dev.partydeck.app/dev.partydeck.app.MainActivity
  UserId=0
    mBindingController:
      mSelectedMethodId=com.android.inputmethod.latin/.LatinIME
      mCurrentSubtype=android.view.inputmethod.InputMethodSubtype@c9194f98
      mCurSeq=23
      mCurId=com.android.inputmethod.latin/.LatinIME
      mHasMainConnection=true
      mVisibleBound=true
      mCurToken=android.os.Binder@2ad2542
      mCurTokenDisplayId=0
      mCurHostInputToken=null
      mCurIntent=Intent { act=android.view.InputMethod xflg=0x4 cmp=com.android.inputmethod.latin/.LatinIME (has extras) }
      mCurMethod=com.android.server.inputmethod.IInputMethodInvoker@4178f18
      mImeWindowVis=3
      mBackDisposition=0
      mDisplayIdToShowIme=0
      mDeviceIdToShowIme=0
      mSupportsStylusHw=false
      mSupportsConnectionlessStylusHw=false
    mCurClient=ClientState{f9d388 mUid=10150 mPid=3594 mSelfReportedDisplayId=0}
    mFocusedWindowPerceptible={android.os.BinderProxy@b284711=true, android.os.BinderProxy@5cecd70=true, android.os.BinderProxy@9fc7fba=true, android.os.BinderProxy@325cd7d=true, android.os.BinderProxy@6fe13d8=true, android.os.BinderProxy@91c1ad5=true, android.os.BinderProxy@e8820f=true, android.os.BinderProxy@8223479=true, android.os.BinderProxy@6c9808e=true, null=true, android.os.BinderProxy@248e249=true}
    mImeBindingState:
      mFocusedWindow=android.os.BinderProxy@8223479
      mFocusedWindowSoftInputMode=STATE_UNSPECIFIED|ADJUST_RESIZE
      mFocusedWindowClient=ClientState{f9d388 mUid=10150 mPid=3594 mSelfReportedDisplayId=0}
    mBoundToMethod=true
    mEnabledSession=SessionState{uid=10150 pid=3594 method=6232904 session=fa3a946 channel=ClientState{f9d388 mUid=10150 mPid=3594 mSelfReportedDisplayId=0} userId=0}
    mVisibilityStateComputer:
      mRequestedShowExplicitly=true mShowForced=false
      mImeHiddenByDisplayPolicy=false
      mInputShown=true
      mLastImeTargetWindow=android.os.BinderProxy@8223479
    mInFullscreenMode=false
    Input Methods:
      InputMethod #0:
        mId=com.android.inputmethod.latin/.LatinIME mSettingsActivityName=com.android.inputmethod.latin.settings.SettingsActivity mLanguageSettingsActivityName=null mIsVrOnly=false mIsVirtualDeviceOnly=false mSupportsSwitchingToNextInputMethod=true mInlineSuggestionsEnabled=false mSupportsInlineSuggestionsWithTouchExploration=false mSuppressesSpellChecker=false mShowInInputMethodPicker=true mSupportsStylusHandwriting=false mSupportsConnectionlessStylusHandwriting=false mStylusHandwritingSettingsActivityAttr=null
        mIsDefaultResId=0x7f050012
        Service:
          priority=0 preferredOrder=0 match=0x108000 specificIndex=-1 isDefault=false
          ServiceInfo:
            name=com.android.inputmethod.latin.LatinIME
            packageName=com.android.inputmethod.latin
            labelRes=0x7f0f0053 nonLocalizedLabel=null icon=0x0 banner=0x0
            enabled=true exported=true directBootAware=true
            permission=android.permission.BIND_INPUT_METHOD
            flags=0x100000
            ApplicationInfo:
              packageName=com.android.inputmethod.latin
              labelRes=0x7f0f0053 nonLocalizedLabel=null icon=0x7f08009e banner=0x0
              processName=com.android.inputmethod.latin
              taskAffinity=com.android.inputmethod.latin
              uid=10113 flags=0x30c8be45 privateFlags=0x8c081060 theme=0x0
              requiresSmallestWidthDp=0 compatibleWidthLimitDp=0 largestWidthLimitDp=0
              sourceDir=/product/app/LatinIME/LatinIME.apk
              resourceDirs=[/product/overlay/EmulationPixel7/EmulationPixel7Overlay.apk]
              overlayPaths=[/product/overlay/EmulationPixel7/EmulationPixel7Overlay.apk]
              seinfo=default:targetSdkVersion=30:partition=product
              seinfoUser=:complete
              dataDir=/data/user_de/0/com.android.inputmethod.latin
              deviceProtectedDataDir=/data/user_de/0/com.android.inputmethod.latin
              credentialProtectedDataDir=/data/user/0/com.android.inputmethod.latin
              enabled=true minSdkVersion=21 targetSdkVersion=30 versionCode=30 targetSandboxVersion=1
              supportsRtl=true
              fullBackupContent=true
              crossProfile=false
              HiddenApiEnforcementPolicy=2
              usesNonSdkApi=false
              allowsPlaybackCapture=true
              nativeHeapZeroInitialized=0
              enableOnBackInvokedCallback=false
              allowCrossUidActivitySwitchFromBelow=true
              mPageSizeAppCompatFlags=0
              createTimestamp=116253
        InputMethodSubtype array: count=81
          InputMethodSubtype #0:
            mSubtypeNameOverride= mLayoutLabelNonLocalized= mPkLanguageTag= mPkLayoutType= mSubtypeId=-921088104 mSubtypeLocale=en_US mSubtypeLanguageTag=en-US mSubtypeMode=keyboard mIsAuxiliary=false mOverridesImplicitlyEnabledSubtype=false mIsAsciiCapable=true mSubtypeHashCode=-921088104
          InputMethodSubtype #1:
            mSubtypeNameOverride= mLayoutLabelNonLocalized= mPkLanguageTag= mPkLayoutType= mSubtypeId=-1337596075 mSubtypeLocale=en_GB mSubtypeLanguageTag=en-GB mSubtypeMode=keyboard mIsAuxiliary=false mOverridesImplicitlyEnabledSubtype=false mIsAsciiCapable=true mSubtypeHashCode=-1337596075
          InputMethodSubtype #2:
            mSubtypeNameOverride= mLayoutLabelNonLocalized= mPkLanguageTag= mPkLayoutType= mSubtypeId=1872175968 mSubtypeLocale=af mSubtypeLanguageTag= mSubtypeMode=keyboard mIsAuxiliary=false mOverridesImplicitlyEnabledSubtype=false mIsAsciiCapable=true mSubtypeHashCode=1872175968
          InputMethodSubtype #3:
            mSubtypeNameOverride= mLayoutLabelNonLocalized= mPkLanguageTag= mPkLayoutType= mSubtypeId=1494081088 mSubtypeLocale=ar mSubtypeLanguageTag= mSubtypeMode=keyboard mIsAuxiliary=false mOverridesImplicitlyEnabledSubtype=false mIsAsciiCapable=false mSubtypeHashCode=1494081088
          InputMethodSubtype #4:
            mSubtypeNameOverride= mLayoutLabelNonLocalized= mPkLanguageTag= mPkLayoutType= mSubtypeId=1890646388 mSubtypeLocale=az_AZ mSubtypeLanguageTag= mSubtypeMode=keyboard mIsAuxiliary=false mOverridesImplicitlyEnabledSubtype=false mIsAsciiCapable=true mSubtypeHashCode=1890646388
          InputMethodSubtype #5:
            mSubtypeNameOverride= mLayoutLabelNonLocalized= mPkLanguageTag= mPkLayoutType= mSubtypeId=499361881 mSubtypeLocale=be_BY mSubtypeLanguageTag= mSubtypeMode=keyboard mIsAuxiliary=false mOverridesImplicitlyEnabledSubtype=false mIsAsciiCapable=false mSubtypeHashCode=499361881
          InputMethodSubtype #6:
            mSubtypeNameOverride= mLayoutLabelNonLocalized= mPkLanguageTag= mPkLayoutType= mSubtypeId=195674344 mSubtypeLocale=bg mSubtypeLanguageTag= mSubtypeMode=keyboard mIsAuxiliary=false mOverridesImplicitlyEnabledSubtype=false mIsAsciiCapable=false mSubtypeHashCode=195674344
          InputMethodSubtype #7:
            mSubtypeNameOverride= mLayoutLabelNonLocalized= mPkLanguageTag= mPkLayoutType= mSubtypeId=1599191706 mSubtypeLocale=bg mSubtypeLanguageTag= mSubtypeMode=keyboard mIsAuxiliary=false mOverridesImplicitlyEnabledSubtype=false mIsAsciiCapable=false mSubtypeHashCode=1599191706
          InputMethodSubtype #8:
            mSubtypeNameOverride= mLayoutLabelNonLocalized= mPkLanguageTag= mPkLayoutType= mSubtypeId=-1575728372 mSubtypeLocale=bn_BD mSubtypeLanguageTag= mSubtypeMode=keyboard mIsAuxiliary=false mOverridesImplicitlyEnabledSubtype=false mIsAsciiCapable=false mSubtypeHashCode=-1575728372
          InputMethodSubtype #9:
            mSubtypeNameOverride= mLayoutLabelNonLocalized= mPkLanguageTag= mPkLayoutType= mSubtypeId=-1074423700 mSubtypeLocale=bn_IN mSubtypeLanguageTag= mSubtypeMode=keyboard mIsAuxiliary=false mOverridesImplicitlyEnabledSubtype=false mIsAsciiCapable=false mSubtypeHashCode=-1074423700
          InputMethodSubtype #10:
            mSubtypeNameOverride= mLayoutLabelNonLocalized= mPkLanguageTag= mPkLayoutType= mSubtypeId=-756735787 mSubtypeLocale=ca mSubtypeLanguageTag= mSubtypeMode=keyboard mIsAuxiliary=false mOverridesImplicitlyEnabledSubtype=false mIsAsciiCapable=true mSubtypeHashCode=-756735787
          InputMethodSubtype #11:
            mSubtypeNameOverride= mLayoutLabelNonLocalized= mPkLanguageTag= mPkLayoutType= mSubtypeId=758984400 mSubtypeLocale=cs mSubtypeLanguageTag= mSubtypeMode=keyboard mIsAuxiliary=false mOverridesImplicitlyEnabledSubtype=false mIsAsciiCapable=true mSubtypeHashCode=758984400
          InputMethodSubtype #12:
            mSubtypeNameOverride= mLayoutLabelNonLocalized= mPkLanguageTag= mPkLayoutType= mSubtypeId=770990173 mSubtypeLocale=da mSubtypeLanguageTag= mSubtypeMode=keyboard mIsAuxiliary=false mOverridesImplicitlyEnabledSubtype=false mIsAsciiCapable=true mSubtypeHashCode=770990173
          InputMethodSubtype #13:
            mSubtypeNameOverride= mLayoutLabelNonLocalized= mPkLanguageTag= mPkLayoutType= mSubtypeId=774684257 mSubtypeLocale=de mSubtypeLanguageTag= mSubtypeMode=keyboard mIsAuxiliary=false mOverridesImplicitlyEnabledSubtype=false mIsAsciiCapable=true mSubtypeHashCode=774684257
          InputMethodSubtype #14:
            mSubtypeNameOverride= mLayoutLabelNonLocalized= mPkLanguageTag= mPkLayoutType= mSubtypeId=2060439722 mSubtypeLocale=de_CH mSubtypeLanguageTag= mSubtypeMode=keyboard mIsAuxiliary=false mOverridesImplicitlyEnabledSubtype=false mIsAsciiCapable=true mSubtypeHashCode=2060439722
          InputMethodSubtype #15:
            mSubtypeNameOverride= mLayoutLabelNonLocalized= mPkLanguageTag= mPkLayoutType= mSubtypeId=242746067 mSubtypeLocale=el mSubtypeLanguageTag= mSubtypeMode=keyboard mIsAuxiliary=false mOverridesImplicitlyEnabledSubtype=false mIsAsciiCapable=false mSubtypeHashCode=242746067
          InputMethodSubtype #16:
            mSubtypeNameOverride= mLayoutLabelNonLocalized= mPkLanguageTag= mPkLayoutType= mSubtypeId=-1923548115 mSubtypeLocale=en_IN mSubtypeLanguageTag= mSubtypeMode=keyboard mIsAuxiliary=false mOverridesImplicitlyEnabledSubtype=false mIsAsciiCapable=true mSubtypeHashCode=-1923548115
          InputMethodSubtype #17:
            mSubtypeNameOverride= mLayoutLabelNonLocalized= mPkLanguageTag= mPkLayoutType= mSubtypeId=1083200842 mSubtypeLocale=eo mSubtypeLanguageTag= mSubtypeMode=keyboard mIsAuxiliary=false mOverridesImplicitlyEnabledSubtype=false mIsAsciiCapable=false mSubtypeHashCode=1083200842
          InputMethodSubtype #18:
            mSubtypeNameOverride= mLayoutLabelNonLocalized= mPkLanguageTag= mPkLayoutType= mSubtypeId=816242702 mSubtypeLocale=es mSubtypeLanguageTag= mSubtypeMode=keyboard mIsAuxiliary=false mOverridesImplicitlyEnabledSubtype=false mIsAsciiCapable=true mSubtypeHashCode=816242702
          InputMethodSubtype #19:
            mSubtypeNameOverride= mLayoutLabelNonLocalized= mPkLanguageTag= mPkLayoutType= mSubtypeId=-2066550842 mSubtypeLocale=es_US mSubtypeLanguageTag= mSubtypeMode=keyboard mIsAuxiliary=false mOverridesImplicitlyEnabledSubtype=false mIsAsciiCapable=true mSubtypeHashCode=-2066550842
          InputMethodSubtype #20:
            mSubtypeNameOverride= mLayoutLabelNonLocalized= mPkLanguageTag= mPkLayoutType= mSubtypeId=-1572971239 mSubtypeLocale=es_419 mSubtypeLanguageTag= mSubtypeMode=keyboard mIsAuxiliary=false mOverridesImplicitlyEnabledSubtype=false mIsAsciiCapable=true mSubtypeHashCode=-1572971239
          InputMethodSubtype #21:
            mSubtypeNameOverride= mLayoutLabelNonLocalized= mPkLanguageTag= mPkLayoutType= mSubtypeId=-332580523 mSubtypeLocale=et_EE mSubtypeLanguageTag= mSubtypeMode=keyboard mIsAuxiliary=false mOverridesImplicitlyEnabledSubtype=false mIsAsciiCapable=true mSubtypeHashCode=-332580523
          InputMethodSubtype #22:
            mSubtypeNameOverride= mLayoutLabelNonLocalized= mPkLanguageTag= mPkLayoutType= mSubtypeId=118381575 mSubtypeLocale=eu_ES mSubtypeLanguageTag= mSubtypeMode=keyboard mIsAuxiliary=false mOverridesImplicitlyEnabledSubtype=false mIsAsciiCapable=true mSubtypeHashCode=118381575
          InputMethodSubtype #23:
            mSubtypeNameOverride= mLayoutLabelNonLocalized= mPkLanguageTag= mPkLayoutType= mSubtypeId=-1100561836 mSubtypeLocale=fa mSubtypeLanguageTag= mSubtypeMode=keyboard mIsAuxiliary=false mOverridesImplicitlyEnabledSubtype=false mIsAsciiCapable=false mSubtypeHashCode=-1100561836
          InputMethodSubtype #24:
            mSubtypeNameOverride= mLayoutLabelNonLocalized= mPkLanguageTag= mPkLayoutType= mSubtypeId=835636643 mSubtypeLocale=fi mSubtypeLanguageTag= mSubtypeMode=keyboard mIsAuxiliary=false mOverridesImplicitlyEnabledSubtype=false mIsAsciiCapable=true mSubtypeHashCode=835636643
          InputMethodSubtype #25:
            mSubtypeNameOverride= mLayoutLabelNonLocalized= mPkLanguageTag= mPkLayoutType= mSubtypeId=843948332 mSubtypeLocale=fr mSubtypeLanguageTag=fr mSubtypeMode=keyboard mIsAuxiliary=false mOverridesImplicitlyEnabledSubtype=false mIsAsciiCapable=true mSubtypeHashCode=843948332
          InputMethodSubtype #26:
            mSubtypeNameOverride= mLayoutLabelNonLocalized= mPkLanguageTag= mPkLayoutType= mSubtypeId=-354699631 mSubtypeLocale=fr_CA mSubtypeLanguageTag=fr-CA mSubtypeMode=keyboard mIsAuxiliary=false mOverridesImplicitlyEnabledSubtype=false mIsAsciiCapable=true mSubtypeHashCode=-354699631
          InputMethodSubtype #27:
            mSubtypeNameOverride= mLayoutLabelNonLocalized= mPkLanguageTag= mPkLayoutType= mSubtypeId=-354658827 mSubtypeLocale=fr_CH mSubtypeLanguageTag=fr-CH mSubtypeMode=keyboard mIsAuxiliary=false mOverridesImplicitlyEnabledSubtype=false mIsAsciiCapable=true mSubtypeHashCode=-354658827
          InputMethodSubtype #28:
            mSubtypeNameOverride= mLayoutLabelNonLocalized= mPkLanguageTag= mPkLayoutType= mSubtypeId=-1187424452 mSubtypeLocale=gl_ES mSubtypeLanguageTag= mSubtypeMode=keyboard mIsAuxiliary=false mOverridesImplicitlyEnabledSubtype=false mIsAsciiCapable=true mSubtypeHashCode=-1187424452
          InputMethodSubtype #29:
            mSubtypeNameOverride= mLayoutLabelNonLocalized= mPkLanguageTag= mPkLayoutType= mSubtypeId=963984255 mSubtypeLocale=hi mSubtypeLanguageTag= mSubtypeMode=keyboard mIsAuxiliary=false mOverridesImplicitlyEnabledSubtype=false mIsAsciiCapable=false mSubtypeHashCode=963984255
          InputMethodSubtype #30:
            mSubtypeNameOverride= mLayoutLabelNonLocalized= mPkLanguageTag= mPkLayoutType= mSubtypeId=-459503199 mSubtypeLocale=hi mSubtypeLanguageTag= mSubtypeMode=keyboard mIsAuxiliary=false mOverridesImplicitlyEnabledSubtype=false mIsAsciiCapable=false mSubtypeHashCode=-459503199
          InputMethodSubtype #31:
            mSubtypeNameOverride= mLayoutLabelNonLocalized= mPkLanguageTag= mPkLayoutType= mSubtypeId=901206634 mSubtypeLocale=hr mSubtypeLanguageTag= mSubtypeMode=keyboard mIsAuxiliary=false mOverridesImplicitlyEnabledSubtype=false mIsAsciiCapable=true mSubtypeHashCode=901206634
          InputMethodSubtype #32:
            mSubtypeNameOverride= mLayoutLabelNonLocalized= mPkLanguageTag= mPkLayoutType= mSubtypeId=903977197 mSubtypeLocale=hu mSubtypeLanguageTag= mSubtypeMode=keyboard mIsAuxiliary=false mOverridesImplicitlyEnabledSubtype=false mIsAsciiCapable=true mSubtypeHashCode=903977197
          InputMethodSubtype #33:
            mSubtypeNameOverride= mLayoutLabelNonLocalized= mPkLanguageTag= mPkLayoutType= mSubtypeId=-476396598 mSubtypeLocale=hy_AM mSubtypeLanguageTag= mSubtypeMode=keyboard mIsAuxiliary=false mOverridesImplicitlyEnabledSubtype=false mIsAsciiCapable=false mSubtypeHashCode=-476396598
          InputMethodSubtype #34:
            mSubtypeNameOverride= mLayoutLabelNonLocalized= mPkLanguageTag= mPkLayoutType= mSubtypeId=2108597344 mSubtypeLocale=in mSubtypeLanguageTag= mSubtypeMode=keyboard mIsAuxiliary=false mOverridesImplicitlyEnabledSubtype=false mIsAsciiCapable=true mSubtypeHashCode=2108597344
          InputMethodSubtype #35:
            mSubtypeNameOverride= mLayoutLabelNonLocalized= mPkLanguageTag= mPkLayoutType= mSubtypeId=2113214949 mSubtypeLocale=is mSubtypeLanguageTag= mSubtypeMode=keyboard mIsAuxiliary=false mOverridesImplicitlyEnabledSubtype=false mIsAsciiCapable=true mSubtypeHashCode=2113214949
          InputMethodSubtype #36:
            mSubtypeNameOverride= mLayoutLabelNonLocalized= mPkLanguageTag= mPkLayoutType= mSubtypeId=931682827 mSubtypeLocale=it mSubtypeLanguageTag= mSubtypeMode=keyboard mIsAuxiliary=false mOverridesImplicitlyEnabledSubtype=false mIsAsciiCapable=true mSubtypeHashCode=931682827
          InputMethodSubtype #37:
            mSubtypeNameOverride= mLayoutLabelNonLocalized= mPkLanguageTag= mPkLayoutType= mSubtypeId=-652935654 mSubtypeLocale=it_CH mSubtypeLanguageTag= mSubtypeMode=keyboard mIsAuxiliary=false mOverridesImplicitlyEnabledSubtype=false mIsAsciiCapable=true mSubtypeHashCode=-652935654
          InputMethodSubtype #38:
            mSubtypeNameOverride= mLayoutLabelNonLocalized= mPkLanguageTag= mPkLayoutType= mSubtypeId=1727731901 mSubtypeLocale=iw mSubtypeLanguageTag= mSubtypeMode=keyboard mIsAuxiliary=false mOverridesImplicitlyEnabledSubtype=false mIsAsciiCapable=false mSubtypeHashCode=1727731901
          InputMethodSubtype #39:
            mSubtypeNameOverride= mLayoutLabelNonLocalized= mPkLanguageTag= mPkLayoutType= mSubtypeId=1846648426 mSubtypeLocale=ka_GE mSubtypeLanguageTag= mSubtypeMode=keyboard mIsAuxiliary=false mOverridesImplicitlyEnabledSubtype=false mIsAsciiCapable=false mSubtypeHashCode=1846648426
          InputMethodSubtype #40:
            mSubtypeNameOverride= mLayoutLabelNonLocalized= mPkLanguageTag= mPkLayoutType= mSubtypeId=762565366 mSubtypeLocale=kk mSubtypeLanguageTag= mSubtypeMode=keyboard mIsAuxiliary=false mOverridesImplicitlyEnabledSubtype=false mIsAsciiCapable=false mSubtypeHashCode=762565366
          InputMethodSubtype #41:
            mSubtypeNameOverride= mLayoutLabelNonLocalized= mPkLanguageTag= mPkLayoutType= mSubtypeId=325412922 mSubtypeLocale=km_KH mSubtypeLanguageTag= mSubtypeMode=keyboard mIsAuxiliary=false mOverridesImplicitlyEnabledSubtype=false mIsAsciiCapable=false mSubtypeHashCode=325412922
          InputMethodSubtype #42:
            mSubtypeNameOverride= mLayoutLabelNonLocalized= mPkLanguageTag= mPkLayoutType= mSubtypeId=-1938291121 mSubtypeLocale=kn_IN mSubtypeLanguageTag= mSubtypeMode=keyboard mIsAuxiliary=false mOverridesImplicitlyEnabledSubtype=false mIsAsciiCapable=false mSubtypeHashCode=-1938291121
          InputMethodSubtype #43:
            mSubtypeNameOverride= mLayoutLabelNonLocalized= mPkLanguageTag= mPkLayoutType= mSubtypeId=775494660 mSubtypeLocale=ky mSubtypeLanguageTag= mSubtypeMode=keyboard mIsAuxiliary=false mOverridesImplicitlyEnabledSubtype=false mIsAsciiCapable=false mSubtypeHashCode=775494660
          InputMethodSubtype #44:
            mSubtypeNameOverride= mLayoutLabelNonLocalized= mPkLanguageTag= mPkLayoutType= mSubtypeId=-2095745236 mSubtypeLocale=lo_LA mSubtypeLanguageTag= mSubtypeMode=keyboard mIsAuxiliary=false mOverridesImplicitlyEnabledSubtype=false mIsAsciiCapable=false mSubtypeHashCode=-2095745236
          InputMethodSubtype #45:
            mSubtypeNameOverride= mLayoutLabelNonLocalized= mPkLanguageTag= mPkLayoutType= mSubtypeId=-2094941373 mSubtypeLocale=lt mSubtypeLanguageTag= mSubtypeMode=keyboard mIsAuxiliary=false mOverridesImplicitlyEnabledSubtype=false mIsAsciiCapable=true mSubtypeHashCode=-2094941373
          InputMethodSubtype #46:
            mSubtypeNameOverride= mLayoutLabelNonLocalized= mPkLanguageTag= mPkLayoutType= mSubtypeId=-2093094331 mSubtypeLocale=lv mSubtypeLanguageTag= mSubtypeMode=keyboard mIsAuxiliary=false mOverridesImplicitlyEnabledSubtype=false mIsAsciiCapable=true mSubtypeHashCode=-2093094331
          InputMethodSubtype #47:
            mSubtypeNameOverride= mLayoutLabelNonLocalized= mPkLanguageTag= mPkLayoutType= mSubtypeId=-1353667716 mSubtypeLocale=mk mSubtypeLanguageTag= mSubtypeMode=keyboard mIsAuxiliary=false mOverridesImplicitlyEnabledSubtype=false mIsAsciiCapable=false mSubtypeHashCode=-1353667716
          InputMethodSubtype #48:
            mSubtypeNameOverride= mLayoutLabelNonLocalized= mPkLanguageTag= mPkLayoutType= mSubtypeId=-1048384556 mSubtypeLocale=ml_IN mSubtypeLanguageTag= mSubtypeMode=keyboard mIsAuxiliary=false mOverridesImplicitlyEnabledSubtype=false mIsAsciiCapable=false mSubtypeHashCode=-1048384556
          InputMethodSubtype #49:
            mSubtypeNameOverride= mLayoutLabelNonLocalized= mPkLanguageTag= mPkLayoutType= mSubtypeId=-842021973 mSubtypeLocale=mn_MN mSubtypeLanguageTag= mSubtypeMode=keyboard mIsAuxiliary=false mOverridesImplicitlyEnabledSubtype=false mIsAsciiCapable=false mSubtypeHashCode=-842021973
          InputMethodSubtype #50:
            mSubtypeNameOverride= mLayoutLabelNonLocalized= mPkLanguageTag= mPkLayoutType= mSubtypeId=1954258691 mSubtypeLocale=mr_IN mSubtypeLanguageTag= mSubtypeMode=keyboard mIsAuxiliary=false mOverridesImplicitlyEnabledSubtype=false mIsAsciiCapable=false mSubtypeHashCode=1954258691
          InputMethodSubtype #51:
            mSubtypeNameOverride= mLayoutLabelNonLocalized= mPkLanguageTag= mPkLayoutType= mSubtypeId=-2067235743 mSubtypeLocale=ms_MY mSubtypeLanguageTag= mSubtypeMode=keyboard mIsAuxiliary=false mOverridesImplicitlyEnabledSubtype=false mIsAsciiCapable=true mSubtypeHashCode=-2067235743
          InputMethodSubtype #52:
            mSubtypeNameOverride= mLayoutLabelNonLocalized= mPkLanguageTag= mPkLayoutType= mSubtypeId=1058205204 mSubtypeLocale=nb mSubtypeLanguageTag= mSubtypeMode=keyboard mIsAuxiliary=false mOverridesImplicitlyEnabledSubtype=false mIsAsciiCapable=true mSubtypeHashCode=1058205204
          InputMethodSubtype #53:
            mSubtypeNameOverride= mLayoutLabelNonLocalized= mPkLanguageTag= mPkLayoutType= mSubtypeId=-670413586 mSubtypeLocale=ne_NP mSubtypeLanguageTag= mSubtypeMode=keyboard mIsAuxiliary=false mOverridesImplicitlyEnabledSubtype=false mIsAsciiCapable=false mSubtypeHashCode=-670413586
          InputMethodSubtype #54:
            mSubtypeNameOverride= mLayoutLabelNonLocalized= mPkLanguageTag= mPkLayoutType= mSubtypeId=1605364360 mSubtypeLocale=ne_NP mSubtypeLanguageTag= mSubtypeMode=keyboard mIsAuxiliary=false mOverridesImplicitlyEnabledSubtype=false mIsAsciiCapable=false mSubtypeHashCode=1605364360
          InputMethodSubtype #55:
            mSubtypeNameOverride= mLayoutLabelNonLocalized= mPkLanguageTag= mPkLayoutType= mSubtypeId=1067440414 mSubtypeLocale=nl mSubtypeLanguageTag= mSubtypeMode=keyboard mIsAuxiliary=false mOverridesImplicitlyEnabledSubtype=false mIsAsciiCapable=true mSubtypeHashCode=1067440414
          InputMethodSubtype #56:
            mSubtypeNameOverride= mLayoutLabelNonLocalized= mPkLanguageTag= mPkLayoutType= mSubtypeId=1343007020 mSubtypeLocale=nl_BE mSubtypeLanguageTag= mSubtypeMode=keyboard mIsAuxiliary=false mOverridesImplicitlyEnabledSubtype=false mIsAsciiCapable=true mSubtypeHashCode=1343007020
          InputMethodSubtype #57:
            mSubtypeNameOverride= mLayoutLabelNonLocalized= mPkLanguageTag= mPkLayoutType= mSubtypeId=1124698716 mSubtypeLocale=pl mSubtypeLanguageTag= mSubtypeMode=keyboard mIsAuxiliary=false mOverridesImplicitlyEnabledSubtype=false mIsAsciiCapable=true mSubtypeHashCode=1124698716
          InputMethodSubtype #58:
            mSubtypeNameOverride= mLayoutLabelNonLocalized= mPkLanguageTag= mPkLayoutType= mSubtypeId=-889195354 mSubtypeLocale=pt_BR mSubtypeLanguageTag= mSubtypeMode=keyboard mIsAuxiliary=false mOverridesImplicitlyEnabledSubtype=false mIsAsciiCapable=true mSubtypeHashCode=-889195354
          InputMethodSubtype #59:
            mSubtypeNameOverride= mLayoutLabelNonLocalized= mPkLanguageTag= mPkLayoutType= mSubtypeId=-486540198 mSubtypeLocale=pt_PT mSubtypeLanguageTag= mSubtypeMode=keyboard mIsAuxiliary=false mOverridesImplicitlyEnabledSubtype=false mIsAsciiCapable=true mSubtypeHashCode=-486540198
          InputMethodSubtype #60:
            mSubtypeNameOverride= mLayoutLabelNonLocalized= mPkLanguageTag= mPkLayoutType= mSubtypeId=-1927784072 mSubtypeLocale=ro mSubtypeLanguageTag= mSubtypeMode=keyboard mIsAuxiliary=false mOverridesImplicitlyEnabledSubtype=false mIsAsciiCapable=true mSubtypeHashCode=-1927784072
          InputMethodSubtype #61:
            mSubtypeNameOverride= mLayoutLabelNonLocalized= mPkLanguageTag= mPkLayoutType= mSubtypeId=1983547218 mSubtypeLocale=ru mSubtypeLanguageTag= mSubtypeMode=keyboard mIsAuxiliary=false mOverridesImplicitlyEnabledSubtype=false mIsAsciiCapable=false mSubtypeHashCode=1983547218
          InputMethodSubtype #62:
            mSubtypeNameOverride= mLayoutLabelNonLocalized= mPkLanguageTag= mPkLayoutType= mSubtypeId=-1902849005 mSubtypeLocale=sk mSubtypeLanguageTag= mSubtypeMode=keyboard mIsAuxiliary=false mOverridesImplicitlyEnabledSubtype=false mIsAsciiCapable=true mSubtypeHashCode=-1902849005
          InputMethodSubtype #63:
            mSubtypeNameOverride= mLayoutLabelNonLocalized= mPkLanguageTag= mPkLayoutType= mSubtypeId=-1901925484 mSubtypeLocale=sl mSubtypeLanguageTag= mSubtypeMode=keyboard mIsAuxiliary=false mOverridesImplicitlyEnabledSubtype=false mIsAsciiCapable=true mSubtypeHashCode=-1901925484
          InputMethodSubtype #64:
            mSubtypeNameOverride= mLayoutLabelNonLocalized= mPkLanguageTag= mPkLayoutType= mSubtypeId=2009405806 mSubtypeLocale=sr mSubtypeLanguageTag= mSubtypeMode=keyboard mIsAuxiliary=false mOverridesImplicitlyEnabledSubtype=false mIsAsciiCapable=false mSubtypeHashCode=2009405806
          InputMethodSubtype #65:
            mSubtypeNameOverride= mLayoutLabelNonLocalized= mPkLanguageTag= mPkLayoutType= mSubtypeId=-190490980 mSubtypeLocale=sr_ZZ mSubtypeLanguageTag=sr-Latn mSubtypeMode=keyboard mIsAuxiliary=false mOverridesImplicitlyEnabledSubtype=false mIsAsciiCapable=true mSubtypeHashCode=-190490980
          InputMethodSubtype #66:
            mSubtypeNameOverride= mLayoutLabelNonLocalized= mPkLanguageTag= mPkLayoutType= mSubtypeId=1219821379 mSubtypeLocale=sv mSubtypeLanguageTag= mSubtypeMode=keyboard mIsAuxiliary=false mOverridesImplicitlyEnabledSubtype=false mIsAsciiCapable=true mSubtypeHashCode=1219821379
          InputMethodSubtype #67:
            mSubtypeNameOverride= mLayoutLabelNonLocalized= mPkLanguageTag= mPkLayoutType= mSubtypeId=-1891766753 mSubtypeLocale=sw mSubtypeLanguageTag= mSubtypeMode=keyboard mIsAuxiliary=false mOverridesImplicitlyEnabledSubtype=false mIsAsciiCapable=true mSubtypeHashCode=-1891766753
          InputMethodSubtype #68:
            mSubtypeNameOverride= mLayoutLabelNonLocalized= mPkLanguageTag= mPkLayoutType= mSubtypeId=1739385386 mSubtypeLocale=ta_IN mSubtypeLanguageTag= mSubtypeMode=keyboard mIsAuxiliary=false mOverridesImplicitlyEnabledSubtype=false mIsAsciiCapable=false mSubtypeHashCode=1739385386
          InputMethodSubtype #69:
            mSubtypeNameOverride= mLayoutLabelNonLocalized= mPkLanguageTag= mPkLayoutType= mSubtypeId=2019212249 mSubtypeLocale=ta_SG mSubtypeLanguageTag= mSubtypeMode=keyboard mIsAuxiliary=false mOverridesImplicitlyEnabledSubtype=false mIsAsciiCapable=false mSubtypeHashCode=2019212249
          InputMethodSubtype #70:
            mSubtypeNameOverride= mLayoutLabelNonLocalized= mPkLanguageTag= mPkLayoutType= mSubtypeId=504853385 mSubtypeLocale=te_IN mSubtypeLanguageTag= mSubtypeMode=keyboard mIsAuxiliary=false mOverridesImplicitlyEnabledSubtype=false mIsAsciiCapable=false mSubtypeHashCode=504853385
          InputMethodSubtype #71:
            mSubtypeNameOverride= mLayoutLabelNonLocalized= mPkLanguageTag= mPkLayoutType= mSubtypeId=529847764 mSubtypeLocale=th mSubtypeLanguageTag= mSubtypeMode=keyboard mIsAuxiliary=false mOverridesImplicitlyEnabledSubtype=false mIsAsciiCapable=false mSubtypeHashCode=529847764
          InputMethodSubtype #72:
            mSubtypeNameOverride= mLayoutLabelNonLocalized= mPkLanguageTag= mPkLayoutType= mSubtypeId=-259881489 mSubtypeLocale=tl mSubtypeLanguageTag=fil mSubtypeMode=keyboard mIsAuxiliary=false mOverridesImplicitlyEnabledSubtype=false mIsAsciiCapable=true mSubtypeHashCode=-259881489
          InputMethodSubtype #73:
            mSubtypeNameOverride= mLayoutLabelNonLocalized= mPkLanguageTag= mPkLayoutType= mSubtypeId=1244756446 mSubtypeLocale=tr mSubtypeLanguageTag= mSubtypeMode=keyboard mIsAuxiliary=false mOverridesImplicitlyEnabledSubtype=false mIsAsciiCapable=true mSubtypeHashCode=1244756446
          InputMethodSubtype #74:
            mSubtypeNameOverride= mLayoutLabelNonLocalized= mPkLanguageTag= mPkLayoutType= mSubtypeId=1048856876 mSubtypeLocale=uk mSubtypeLanguageTag= mSubtypeMode=keyboard mIsAuxiliary=false mOverridesImplicitlyEnabledSubtype=false mIsAsciiCapable=false mSubtypeHashCode=1048856876
          InputMethodSubtype #75:
            mSubtypeNameOverride= mLayoutLabelNonLocalized= mPkLanguageTag= mPkLayoutType= mSubtypeId=-1386416138 mSubtypeLocale=uz_UZ mSubtypeLanguageTag= mSubtypeMode=keyboard mIsAuxiliary=false mOverridesImplicitlyEnabledSubtype=false mIsAsciiCapable=true mSubtypeHashCode=-1386416138
          InputMethodSubtype #76:
            mSubtypeNameOverride= mLayoutLabelNonLocalized= mPkLanguageTag= mPkLayoutType= mSubtypeId=-1818808594 mSubtypeLocale=vi mSubtypeLanguageTag= mSubtypeMode=keyboard mIsAuxiliary=false mOverridesImplicitlyEnabledSubtype=false mIsAsciiCapable=true mSubtypeHashCode=-1818808594
          InputMethodSubtype #77:
            mSubtypeNameOverride= mLayoutLabelNonLocalized= mPkLanguageTag= mPkLayoutType= mSubtypeId=-1693209738 mSubtypeLocale=zu mSubtypeLanguageTag= mSubtypeMode=keyboard mIsAuxiliary=false mOverridesImplicitlyEnabledSubtype=false mIsAsciiCapable=true mSubtypeHashCode=-1693209738
          InputMethodSubtype #78:
            mSubtypeNameOverride= mLayoutLabelNonLocalized= mPkLanguageTag= mPkLayoutType= mSubtypeId=-1573262419 mSubtypeLocale=zz mSubtypeLanguageTag= mSubtypeMode=keyboard mIsAuxiliary=false mOverridesImplicitlyEnabledSubtype=false mIsAsciiCapable=true mSubtypeHashCode=-1573262419
          InputMethodSubtype #79:
            mSubtypeNameOverride= mLayoutLabelNonLocalized= mPkLanguageTag= mPkLayoutType= mSubtypeId=784412869 mSubtypeLocale=de mSubtypeLanguageTag= mSubtypeMode=keyboard mIsAuxiliary=false mOverridesImplicitlyEnabledSubtype=false mIsAsciiCapable=false mSubtypeHashCode=784412869
          InputMethodSubtype #80:
            mSubtypeNameOverride= mLayoutLabelNonLocalized= mPkLanguageTag= mPkLayoutType= mSubtypeId=845917585 mSubtypeLocale=fr mSubtypeLanguageTag= mSubtypeMode=keyboard mIsAuxiliary=false mOverridesImplicitlyEnabledSubtype=false mIsAsciiCapable=false mSubtypeHashCode=845917585

Input method client state for android.view.inputmethod.InputMethodManager@e994bb5:
  mFallbackInputConnection=RemoteInputConnectionImpl{connection=android.view.inputmethod.BaseInputConnection@f54924a mDeactivateRequested=false mServedView=null}
  mActive=true mRestartOnNextWindowFocus=false mBindSequence=23 mCurImeId=com.android.inputmethod.latin/.LatinIME
  mFullscreenMode=false
  mCurMethod=com.android.internal.inputmethod.IInputMethodSession$Stub$Proxy@6210dcb
  mCurRootView=android.view.ViewRootImpl@4609ad8
  mServedView=androidx.compose.ui.platform.AndroidComposeView{9e5cfcd VFED..... .F...... 0,0-720,1600 aid=1073741824}
  mNextServedView=androidx.compose.ui.platform.AndroidComposeView{9e5cfcd VFED..... .F...... 0,0-720,1600 aid=1073741824}
  mServedConnecting=false
  mCurrentEditorInfo:
    inputType=0x2001 imeOptions=0x2000005 privateImeOptions=null
    actionLabel=null actionId=0
    initialSelStart=0 initialSelEnd=0 initialToolType=1 initialCapsMode=0x0
    hintText=null label=null
    packageName=dev.partydeck.app autofillId=1073741824 fieldId=-1 fieldName=null
    hintLocales=null
    supportedHandwritingGestureTypes=SELECT|SELECT_RANGE|INSERT|DELETE|DELETE_RANGE|REMOVE_SPACE|JOIN_OR_SPLIT
    supportedHandwritingGesturePreviewTypes=SELECT|SELECT_RANGE|DELETE|DELETE_RANGE
    isStylusHandwritingEnabled=false
    writingToolsEnabled=true
    contentMimeTypes=null
  mServedInputConnection=RemoteInputConnectionImpl{connection=androidx.compose.ui.text.input.NullableInputConnectionWrapperApi34@448e9a8 mDeactivateRequested=false mServedView=androidx.compose.ui.platform.AndroidComposeView{9e5cfcd VFED..... .F...... 0,0-720,1600 aid=1073741824}}
  mServedInputConnectionHandler=null
  mLastPendingStartSeqId=-1
  mCompletions=null
  mCursorRect=Rect(0, 0 - 0, 0)
  mCursorSelStart=8 mCursorSelEnd=8 mCursorCandStart=0 mCursorCandEnd=8

Input method service state for com.android.inputmethod.latin.LatinIME@bcb2a8c:
  mViewsCreated=true
  mDecorViewVisible=true mDecorViewWasVisible=true mWindowVisible=true mInShowWindow=false
  Configuration={1.0 310mcc260mnc [en_US] ldltr sw411dp w411dp h842dp 280dpi nrml long port finger qwerty/v/v -nav/h winConfig={ mBounds=Rect(0, 0 - 720, 1600) mAppBounds=Rect(0, 0 - 720, 1516) mMaxBounds=Rect(0, 0 - 720, 1600) mDisplayRotation=ROTATION_0 mWindowingMode=fullscreen mActivityType=undefined mAlwaysOnTop=undefined mRotation=ROTATION_0} as.3 s.35 fontWeightAdjustment=0}
  mToken=android.os.BinderProxy@2b7b0fd
  mInputBinding=InputBinding{android.os.BinderProxy@808b634 / uid 10150 / pid 3594}
  mInputConnection=RemoteInputConnection{idHash=#5cc02e2}
  mStartedInputConnection=RemoteInputConnection{idHash=#d8a4673}
  mInputStarted=true mInputViewStarted=true mCandidatesViewStarted=false
  mInputEditorInfo:
    inputType=0x2001 imeOptions=0x2000005 privateImeOptions=null
    actionLabel=null actionId=0
    initialSelStart=0 initialSelEnd=0 initialToolType=0 initialCapsMode=0x0
    hintText=null label=null
    packageName=dev.partydeck.app autofillId=1073741824 fieldId=-1 fieldName=null
    hintLocales=null
    supportedHandwritingGestureTypes=SELECT|SELECT_RANGE|INSERT|DELETE|DELETE_RANGE|REMOVE_SPACE|JOIN_OR_SPLIT
    supportedHandwritingGesturePreviewTypes=SELECT|SELECT_RANGE|DELETE|DELETE_RANGE
    isStylusHandwritingEnabled=true
    writingToolsEnabled=true
    contentMimeTypes=null
  mShowInputRequested=true mLastShowInputRequested=true mShowInputFlags=0x1
  mCandidatesVisibility=4 mFullscreenApplied=true mIsFullscreen=false mExtractViewHidden=false
  mExtractedText: null
  mExtractedToken=0
  mIsInputViewShown=true mStatusIcon=0
  Last computed insets:
    contentTopInsets=864 visibleTopInsets=864 touchableInsets=3 touchableRegion=SkRegion((0,864,720,1380))
  mSettingsObserver=SettingsObserver{mShowImeWithHardKeyboard=2}
  mNavigationBarController={mImeDrawsImeNavBar=false mNavigationBarFrame=null mShouldShowImeSwitcherWhenImeIsShown=false mCustomImeSwitcherButtonRequestedVisible=false mAppearance=0x0 mDarkIntensity=0.0 mDrawLegacyNavigationBarBackground=false}
  mCustomImeSwitcherButtonRequestedVisible=false
LatinIME state :
  VersionCode = 30
  VersionName = 16
  Keyboard mode = 0
Current settings :
   mSpacingAndPunctuations = mSortedSymbolsPrecededBySpace = [38, 40, 91, 123]
   mSortedSymbolsFollowedBySpace = [33, 38, 41, 44, 46, 58, 59, 63, 93, 125]
   mSortedWordConnectors = [39, 45]
   mSortedWordSeparators = [9, 10, 32, 33, 34, 38, 40, 41, 42, 43, 44, 46, 47, 58, 59, 60, 61, 62, 63, 91, 93, 95, 123, 124, 125, 160]
   mSuggestPuncList = PunctuationSuggestions:  words=[!, ?, \,, :, ;, ", (, ), ', -, /, @, _]
   mSentenceSeparator = 46
   mSentenceSeparatorAndSpace = . 
   mCurrentLanguageHasSpaces = true
   mUsesAmericanTypography = true
   mUsesGermanRules = false
   mDelayInMillisecondsToUpdateOldSuggestions = 300
   mAutoCap = true
   mVibrateOn = true
   mSoundOn = false
   mKeyPreviewPopupOn = true
   mShowsVoiceInputKey = true
   mIncludesOtherImesInLanguageSwitchList = true
   mShowsLanguageSwitchKey = true
   mUseContactsDict = true
   mUsePersonalizedDicts = true
   mUseDoubleSpacePeriod = true
   mBlockPotentiallyOffensive = true
   mBigramPredictionEnabled = true
   mGestureInputEnabled = false
   mGestureTrailEnabled = true
   mGestureFloatingPreviewTextEnabled = true
   mSlidingKeyInputPreviewEnabled = true
   mKeyLongpressTimeout = 300
   mLocale = en_US
   mInputAttributes = InputAttributes: inputType=0x00002001 noAutoCorrect shouldShowSuggestions insertSpaces targetApp=dev.partydeck.app

   mKeypressVibrationDuration = -1
   mKeypressSoundVolume = -1.0
   mKeyPreviewPopupDismissDelay = 70
   mAutoCorrectEnabled = true
   mAutoCorrectionThreshold = 0.185
   mAutoCorrectionEnabledPerUserSettings = false
   mSuggestionsEnabledPerUserSettings = true
   mDisplayOrientation = 1
   mAppWorkarounds = Target application : null
Package : dev.partydeck.app
Target app sdk version : 36
   mIsInternal = false
   mKeyPreviewShowUpDuration = 17
   mKeyPreviewDismissDuration = 53
   mKeyPreviewShowUpStartScaleX = 0.98
   mKeyPreviewShowUpStartScaleY = 0.98
   mKeyPreviewDismissEndScaleX = 0.94000006
   mKeyPreviewDismissEndScaleY = 0.94000006

