--------- beginning of main
09-10 03:35:02.775  3067  3067 I t.compare:godot: Late-enabling -Xcheck:jni
09-10 03:35:02.817  3067  3067 I t.compare:godot: Using CollectorTypeCMC GC.
09-10 03:35:02.818  3067  3067 W t.compare:godot: Unexpected CPU variant for x86: x86_64.
09-10 03:35:02.818  3067  3067 W t.compare:godot: Known variants: atom, sandybridge, silvermont, goldmont, goldmont-plus, goldmont-without-sha-xsaves, tremont, kabylake, default
09-10 03:35:02.890  3067  3067 D nativeloader: Load libframework-connectivity-tiramisu-jni.so using APEX ns com_android_tethering for caller /apex/com.android.tethering/javalib/framework-connectivity-t.jar: ok
09-10 03:35:02.917  3067  3067 W ziparchive: Unable to open '/data/app/~~2LmfLtAtQrF5Mh1UDBHxlw==/dev.partydeck.godot.compare-DeJ1_ISQAk-uKBa9TjvCqQ==/base.dm': No such file or directory
09-10 03:35:02.917  3067  3067 W ziparchive: Unable to open '/data/app/~~2LmfLtAtQrF5Mh1UDBHxlw==/dev.partydeck.godot.compare-DeJ1_ISQAk-uKBa9TjvCqQ==/base.dm': No such file or directory
09-10 03:35:03.023  3067  3067 D nativeloader: Configuring clns-7 for other apk /data/app/~~2LmfLtAtQrF5Mh1UDBHxlw==/dev.partydeck.godot.compare-DeJ1_ISQAk-uKBa9TjvCqQ==/base.apk. target_sdk_version=36, uses_libraries=, library_path=/data/app/~~2LmfLtAtQrF5Mh1UDBHxlw==/dev.partydeck.godot.compare-DeJ1_ISQAk-uKBa9TjvCqQ==/lib/x86_64:/data/app/~~2LmfLtAtQrF5Mh1UDBHxlw==/dev.partydeck.godot.compare-DeJ1_ISQAk-uKBa9TjvCqQ==/base.apk!/lib/x86_64, permitted_path=/data:/mnt/expand:/data/user/0/dev.partydeck.godot.compare
09-10 03:35:03.029  3067  3067 V GraphicsEnvironment: Currently set values for:
09-10 03:35:03.030  3067  3067 V GraphicsEnvironment:   angle_gl_driver_selection_pkgs=[]
09-10 03:35:03.030  3067  3067 V GraphicsEnvironment:   angle_gl_driver_selection_values=[]
09-10 03:35:03.035  3067  3067 V GraphicsEnvironment: Global.Settings values are invalid: number of packages: 0, number of values: 0
09-10 03:35:03.035  3067  3067 V GraphicsEnvironment: Neither updatable production driver nor prerelease driver is supported.
09-10 03:35:03.539  3067  3067 V Godot   : Initializing Godot plugin registry
09-10 03:35:03.540  3067  3067 I GodotPluginRegistry: Registering runtime plugin AndroidRuntime
09-10 03:35:03.540  3067  3067 I GodotPluginRegistry: Registering runtime plugin PartyDeckBridge
09-10 03:35:03.540  3067  3067 V Godot   : InitEngine with params: [--main-pack, res://partydeck-last-light.pck, --rendering-method, gl_compatibility, --xr-mode, off]
09-10 03:35:03.583  3067  3067 D nativeloader: Load /data/app/~~2LmfLtAtQrF5Mh1UDBHxlw==/dev.partydeck.godot.compare-DeJ1_ISQAk-uKBa9TjvCqQ==/base.apk!/lib/x86_64/libgodot_android.so using ns clns-7 from class loader (caller=/data/app/~~2LmfLtAtQrF5Mh1UDBHxlw==/dev.partydeck.godot.compare-DeJ1_ISQAk-uKBa9TjvCqQ==/base.apk): ok
09-10 03:35:03.585  3067  3067 V Godot   : Godot native layer initialization completed: true
09-10 03:35:03.585  3067  3067 V Godot   : Setting up native layer with params: [--main-pack, res://partydeck-last-light.pck, --rendering-method, gl_compatibility, --xr-mode, off]
09-10 03:35:03.643  3067  3067 V Godot   : Godot native layer setup completed
09-10 03:35:03.647  3067  3067 V Godot   : OnInitRenderView: GodotFragment{1c9a8c5} (3cc51ee5-1a7a-4b0e-acfc-824a8c0b0f25 id=0x7f07002b tag=partydeck-godot)
09-10 03:35:03.671  3067  3067 D Godot   : Render view should be transparent: false
09-10 03:35:03.671  3067  3067 D Godot   : renderingDevice: opengl3 (ProjectSettings)
09-10 03:35:03.671  3067  3067 D Godot   : 			renderer: gl_compatibility (Default)
09-10 03:35:03.690  3067  3067 V Godot   : OnStart: GodotFragment{1c9a8c5} (3cc51ee5-1a7a-4b0e-acfc-824a8c0b0f25 id=0x7f07002b tag=partydeck-godot)
09-10 03:35:03.691  3067  3067 W WindowOnBackDispatcher: OnBackInvokedCallback is not enabled for the application.
09-10 03:35:03.691  3067  3067 W WindowOnBackDispatcher: Set 'android:enableOnBackInvokedCallback="true"' in the application manifest.
09-10 03:35:03.694  3067  3067 V Godot   : OnResume: GodotFragment{1c9a8c5} (3cc51ee5-1a7a-4b0e-acfc-824a8c0b0f25 id=0x7f07002b tag=partydeck-godot)
09-10 03:35:03.698  3067  3067 W HWUI    : Unknown dataspace 0
09-10 03:35:03.704  3067  3067 I Choreographer: Skipped 30 frames!  The application may be doing too much work on its main thread.
09-10 03:35:03.735  3067  3092 I EGL_emulation: Opening libGLESv1_CM_emulation.so
09-10 03:35:03.738  3067  3092 I EGL_emulation: Opening libGLESv2_emulation.so
09-10 03:35:03.757  3067  3092 W HWUI    : Failed to choose config with EGL_SWAP_BEHAVIOR_PRESERVED, retrying without...
09-10 03:35:03.757  3067  3092 W HWUI    : Failed to initialize 101010-2 format, error = EGL_SUCCESS
09-10 03:35:03.793  3067  3102 W RegularContextFactory: creating OpenGL ES 3.0 context :
09-10 03:35:03.842  3067  3102 I Gralloc4: mapper 4.x is not supported
09-10 03:35:03.854  3067  3102 I godot   : Godot Engine v4.7.2.stable.official.ed1daf0bf - https://godotengine.org
09-10 03:35:03.942  3067  3072 I t.compare:godot: Compiler allocated 4219KB to compile void android.widget.TextView.<init>(android.content.Context, android.util.AttributeSet, int, int)
09-10 03:35:04.036  3067  3079 I HWUI    : Davey! duration=750ms; Flags=1, FrameTimelineVsyncId=4602, IntendedVsync=70870061796, Vsync=71370061776, InputEventId=0, HandleInputStart=71380696802, AnimationStart=71380701280, PerformTraversalsStart=71380775458, DrawStart=71530522459, FrameDeadline=70886728462, FrameInterval=71380282137, FrameStartTime=16666666, SyncQueued=71535067781, SyncStart=71535757990, IssueDrawCommandsStart=71536472615, SwapBuffers=71573458962, FrameCompleted=71621242584, DequeueBufferDuration=45117554, QueueBufferDuration=306122, GpuCompleted=71620796641, SwapBuffersCompleted=71621242584, DisplayPresentTime=16960825855817, CommandSubmissionCompleted=71573458962, 
09-10 03:35:04.500  3067  3072 I t.compare:godot: Compiler allocated 5174KB to compile void android.view.ViewRootImpl.performTraversals()
09-10 03:35:04.836  3067  3106 E SurfaceSyncGroup: Failed to receive transaction ready in 1000ms. Marking SurfaceSyncGroup(wmsSync-VRI[GodotGameActivity]#1) as ready
09-10 03:35:04.838  3067  3106 E SurfaceSyncGroup: Failed to receive transaction ready in 1000ms. Marking SurfaceSyncGroup(VRI[GodotGameActivity]#2) as ready
09-10 03:35:04.838  3067  3106 E SurfaceSyncGroup: Failed to receive transaction ready in 1000ms. Marking SurfaceSyncGroup(SurfaceView[dev.partydeck.godot.compare/dev.partydeck.godot.compare.GodotGameActivity]#0) as ready
09-10 03:35:04.963  3067  3092 D EGL_emulation: app_time_stats: avg=496.77ms min=7.05ms max=986.50ms count=2
09-10 03:35:05.215  3067  3102 I godot   : OpenGL API OpenGL ES 3.1 (OpenGL ES 3.1.0 (ANGLE 2.1.17841 git hash: 5fa2e61da947)) - Compatibility - Using Device: Google (Google Inc. (Google)) - Android Emulator OpenGL ES Translator (ANGLE (Google, Vulkan 1.3.0 (SwiftShader Device (Subzero) (0x0000C0DE)), SwiftShader driver-5.0.0))
09-10 03:35:05.216  3067  3102 D t.compare:godot: PlayerBase::PlayerBase()
09-10 03:35:05.216  3067  3102 D t.compare:godot: TrackPlayerBase::TrackPlayerBase()
09-10 03:35:05.216  3067  3102 I libOpenSLES: Emulating old channel mask behavior (ignoring positional mask 0x3, using default mask 0x3 based on channel count of 2)
09-10 03:35:05.221  3067  3102 I godot   : 
09-10 03:35:05.679  3067  3102 V Godot   : OnGodotSetupCompleted
09-10 03:35:05.730  3067  3102 V Godot   : OnGodotMainLoopStarted
09-10 03:35:06.374  3067  3092 D EGL_emulation: app_time_stats: avg=221.16ms min=18.19ms max=489.00ms count=6
09-10 03:35:06.525  3067  3102 D EGL_emulation: app_time_stats: avg=404.72ms min=65.08ms max=700.93ms count=3
09-10 03:35:16.304  3067  3067 D AutofillManager: Fill dialog is enabled:false, hints=[]
09-10 03:35:16.334  3067  3092 D EGL_emulation: app_time_stats: avg=1977.12ms min=24.98ms max=9564.39ms count=5
09-10 03:35:20.628  3067  3102 D EGL_emulation: app_time_stats: avg=14102.17ms min=14102.17ms max=14102.17ms count=1
09-10 03:35:25.032  3067  3092 D EGL_emulation: app_time_stats: avg=1736.16ms min=13.70ms max=8410.73ms count=5
09-10 03:35:29.302  3067  3102 D EGL_emulation: app_time_stats: avg=2168.58ms min=91.44ms max=8329.47ms count=4
09-10 03:35:33.347  3067  3092 D EGL_emulation: app_time_stats: avg=1657.79ms min=27.55ms max=8046.84ms count=5
09-10 03:35:43.213  3067  3092 D EGL_emulation: app_time_stats: avg=1965.54ms min=20.86ms max=9611.00ms count=5
09-10 03:35:47.513  3067  3102 D EGL_emulation: app_time_stats: avg=18210.28ms min=18210.28ms max=18210.28ms count=1
09-10 03:35:51.581  3067  3092 D EGL_emulation: app_time_stats: avg=1190.54ms min=19.96ms max=7960.11ms count=7
09-10 03:36:01.432  3067  3092 D EGL_emulation: app_time_stats: avg=1963.92ms min=23.05ms max=9569.99ms count=5
09-10 03:36:05.687  3067  3102 D EGL_emulation: app_time_stats: avg=18174.69ms min=18174.69ms max=18174.69ms count=1
09-10 03:36:09.764  3067  3092 D EGL_emulation: app_time_stats: avg=1655.32ms min=16.49ms max=8068.62ms count=5
09-10 03:36:19.715  3067  3092 D EGL_emulation: app_time_stats: avg=1981.01ms min=19.00ms max=9713.06ms count=5
09-10 03:36:24.039  3067  3102 D EGL_emulation: app_time_stats: avg=18351.25ms min=18351.25ms max=18351.25ms count=1
09-10 03:36:28.080  3067  3092 D EGL_emulation: app_time_stats: avg=1669.41ms min=17.22ms max=8093.43ms count=5
09-10 03:36:34.314  3067  3092 D EGL_emulation: app_time_stats: avg=1238.16ms min=24.69ms max=5970.35ms count=5
09-10 03:36:38.595  3067  3102 D EGL_emulation: app_time_stats: avg=14555.98ms min=14555.98ms max=14555.98ms count=1
09-10 03:36:42.664  3067  3092 D EGL_emulation: app_time_stats: avg=1657.28ms min=16.77ms max=8081.04ms count=5
09-10 03:36:44.890  3067  3067 V Godot   : OnPause: GodotFragment{1c9a8c5} (3cc51ee5-1a7a-4b0e-acfc-824a8c0b0f25 id=0x7f07002b tag=partydeck-godot)
09-10 03:36:44.910  3067  3102 D t.compare:godot: PlayerBase::pause() from IPlayer
09-10 03:36:44.957  3067  3092 D EGL_emulation: app_time_stats: avg=443.06ms min=15.64ms max=2027.66ms count=5
09-10 03:36:45.647  3067  3102 D EGL_emulation: app_time_stats: avg=7052.44ms min=7052.44ms max=7052.44ms count=1
09-10 03:36:45.753  3067  3067 D VRI[GodotGameActivity]: visibilityChanged oldVisibility=true newVisibility=false
09-10 03:36:45.761  3067  3067 E Surface : freeAllBuffers: 1 buffers were freed while being dequeued!
09-10 03:36:45.840  3067  3102 E Surface : getSlotFromBufferLocked: unknown buffer: 0x0
09-10 03:36:45.840  3067  3102 E Surface : freeAllBuffers: 1 buffers were freed while being dequeued!
09-10 03:36:45.923  3067  3067 V Godot   : OnStop: GodotFragment{1c9a8c5} (3cc51ee5-1a7a-4b0e-acfc-824a8c0b0f25 id=0x7f07002b tag=partydeck-godot)
09-10 03:36:59.788  3067  3067 V Godot   : OnStart: GodotFragment{1c9a8c5} (3cc51ee5-1a7a-4b0e-acfc-824a8c0b0f25 id=0x7f07002b tag=partydeck-godot)
09-10 03:36:59.789  3067  3067 W WindowOnBackDispatcher: OnBackInvokedCallback is not enabled for the application.
09-10 03:36:59.789  3067  3067 W WindowOnBackDispatcher: Set 'android:enableOnBackInvokedCallback="true"' in the application manifest.
09-10 03:36:59.793  3067  3067 V Godot   : OnResume: GodotFragment{1c9a8c5} (3cc51ee5-1a7a-4b0e-acfc-824a8c0b0f25 id=0x7f07002b tag=partydeck-godot)
09-10 03:37:04.697  3067  3092 D EGL_emulation: app_time_stats: avg=532.87ms min=60.28ms max=3608.29ms count=9
09-10 03:37:14.681  3067  3092 D EGL_emulation: app_time_stats: avg=1979.81ms min=2.00ms max=9723.13ms count=5
09-10 03:37:18.957  3067  3102 D EGL_emulation: app_time_stats: avg=9365.58ms min=474.72ms max=18256.45ms count=2
09-10 03:37:23.014  3067  3092 D EGL_emulation: app_time_stats: avg=1662.00ms min=14.39ms max=8084.79ms count=5
09-10 03:37:29.299  3067  3092 D EGL_emulation: app_time_stats: avg=1231.57ms min=4.98ms max=6015.92ms count=5
09-10 03:37:33.577  3067  3102 D EGL_emulation: app_time_stats: avg=14620.71ms min=14620.71ms max=14620.71ms count=1
09-10 03:37:37.632  3067  3092 D EGL_emulation: app_time_stats: avg=1656.62ms min=16.42ms max=8098.94ms count=5
09-10 03:37:43.914  3067  3092 D EGL_emulation: app_time_stats: avg=1250.13ms min=14.42ms max=5919.93ms count=5
09-10 03:37:48.128  3067  3102 D EGL_emulation: app_time_stats: avg=14550.28ms min=14550.28ms max=14550.28ms count=1
09-10 03:37:48.227  3067  3092 D EGL_emulation: app_time_stats: avg=853.19ms min=26.48ms max=4049.14ms count=5
09-10 03:37:52.731  3067  3092 D EGL_emulation: app_time_stats: avg=737.75ms min=97.51ms max=3633.06ms count=6
09-10 03:37:58.881  3067  3092 D EGL_emulation: app_time_stats: avg=1203.00ms min=1.39ms max=5882.49ms count=5
09-10 03:38:12.653  3067  3092 D EGL_emulation: app_time_stats: avg=2734.49ms min=1.57ms max=13517.03ms count=5
09-10 03:38:16.870  3067  3102 D EGL_emulation: app_time_stats: avg=9580.60ms min=353.52ms max=27939.62ms count=3
09-10 03:38:17.016  3067  3092 D EGL_emulation: app_time_stats: avg=852.61ms min=4.68ms max=4104.22ms count=5
09-10 03:38:21.482  3067  3092 D EGL_emulation: app_time_stats: avg=743.43ms min=61.95ms max=3668.78ms count=6
09-10 03:38:27.697  3067  3092 D EGL_emulation: app_time_stats: avg=1230.55ms min=17.44ms max=5958.44ms count=5
09-10 03:38:37.633  3067  3092 D EGL_emulation: app_time_stats: avg=1984.09ms min=22.20ms max=9678.12ms count=5
09-10 03:38:41.919  3067  3102 D EGL_emulation: app_time_stats: avg=8349.71ms min=366.75ms max=24254.02ms count=3
09-10 03:38:41.984  3067  3092 D EGL_emulation: app_time_stats: avg=862.32ms min=14.42ms max=4121.90ms count=5
09-10 03:38:46.515  3067  3092 D EGL_emulation: app_time_stats: avg=750.09ms min=60.98ms max=3682.96ms count=6
09-10 03:38:52.797  3067  3092 D EGL_emulation: app_time_stats: avg=1247.30ms min=13.85ms max=5994.34ms count=5
09-10 03:38:59.031  3067  3092 D EGL_emulation: app_time_stats: avg=1233.91ms min=16.32ms max=5978.58ms count=5
09-10 03:39:03.235  3067  3102 D EGL_emulation: app_time_stats: avg=7105.19ms min=319.93ms max=20516.06ms count=3
09-10 03:39:03.373  3067  3092 D EGL_emulation: app_time_stats: avg=857.59ms min=15.07ms max=4070.52ms count=5
09-10 03:39:07.830  3067  3092 D EGL_emulation: app_time_stats: avg=729.62ms min=13.91ms max=3678.50ms count=6
09-10 03:39:14.048  3067  3092 D EGL_emulation: app_time_stats: avg=1231.98ms min=20.75ms max=5929.64ms count=5
09-10 03:39:20.280  3067  3092 D EGL_emulation: app_time_stats: avg=1237.47ms min=18.70ms max=5993.36ms count=5
09-10 03:39:24.551  3067  3102 D EGL_emulation: app_time_stats: avg=7105.51ms min=299.87ms max=20523.09ms count=3
09-10 03:39:24.625  3067  3092 D EGL_emulation: app_time_stats: avg=852.16ms min=16.32ms max=4091.59ms count=5
09-10 03:39:28.715  3067  3092 D EGL_emulation: app_time_stats: avg=678.95ms min=21.12ms max=3331.86ms count=6
09-10 03:39:34.982  3067  3092 D EGL_emulation: app_time_stats: avg=1248.76ms min=28.07ms max=5961.17ms count=5
09-10 03:39:44.865  3067  3092 D EGL_emulation: app_time_stats: avg=1964.12ms min=14.67ms max=9622.29ms count=5
09-10 03:39:49.163  3067  3102 D EGL_emulation: app_time_stats: avg=12306.05ms min=328.27ms max=24283.84ms count=2
09-10 03:39:49.325  3067  3092 D EGL_emulation: app_time_stats: avg=885.66ms min=19.21ms max=4221.26ms count=5
09-10 03:39:53.314  3067  3092 D EGL_emulation: app_time_stats: avg=664.87ms min=61.75ms max=3274.30ms count=6
09-10 03:39:59.563  3067  3092 D EGL_emulation: app_time_stats: avg=1238.90ms min=21.09ms max=5996.20ms count=5
09-10 03:40:05.798  3067  3092 D EGL_emulation: app_time_stats: avg=1234.60ms min=18.61ms max=5973.57ms count=5
09-10 03:40:10.066  3067  3102 D EGL_emulation: app_time_stats: avg=10451.06ms min=402.63ms max=20499.48ms count=2
09-10 03:40:14.482  3067  3092 D EGL_emulation: app_time_stats: avg=1732.86ms min=15.10ms max=8432.55ms count=5
09-10 03:40:14.747  3067  3073 I t.compare:godot: Background concurrent mark compact GC freed 2772KB AllocSpace bytes, 0(0B) LOS objects, 49% free, 2796KB/5593KB, paused 94us,5.063ms total 86.183ms
09-10 03:40:18.707  3067  3102 D EGL_emulation: app_time_stats: avg=1728.14ms min=40.65ms max=8201.64ms count=5
09-10 03:40:22.747  3067  3092 D EGL_emulation: app_time_stats: avg=1644.46ms min=16.65ms max=7970.60ms count=5
09-10 03:40:28.930  3067  3092 D EGL_emulation: app_time_stats: avg=1226.66ms min=13.51ms max=5927.78ms count=5
09-10 03:40:33.205  3067  3102 D EGL_emulation: app_time_stats: avg=14498.39ms min=14498.39ms max=14498.39ms count=1
09-10 03:40:37.280  3067  3092 D EGL_emulation: app_time_stats: avg=1660.04ms min=11.90ms max=8111.72ms count=5
09-10 03:40:43.514  3067  3092 D EGL_emulation: app_time_stats: avg=1233.06ms min=17.73ms max=5976.52ms count=5
09-10 03:40:47.796  3067  3092 D EGL_emulation: app_time_stats: avg=848.04ms min=22.08ms max=4043.26ms count=5
09-10 03:40:47.943  3067  3102 D EGL_emulation: app_time_stats: avg=14737.93ms min=14737.93ms max=14737.93ms count=1
09-10 03:40:52.381  3067  3092 D EGL_emulation: app_time_stats: avg=749.93ms min=49.24ms max=3682.04ms count=6
09-10 03:40:58.614  3067  3092 D EGL_emulation: app_time_stats: avg=1238.73ms min=10.07ms max=5989.09ms count=5
09-10 03:41:04.798  3067  3092 D EGL_emulation: app_time_stats: avg=1218.53ms min=7.31ms max=5915.87ms count=5
09-10 03:41:09.020  3067  3102 D EGL_emulation: app_time_stats: avg=7025.67ms min=299.35ms max=20433.78ms count=3
09-10 03:41:09.052  3067  3073 I t.compare:godot: Background concurrent mark compact GC freed 2852KB AllocSpace bytes, 0(0B) LOS objects, 49% free, 2748KB/5497KB, paused 73us,8.727ms total 34.507ms
09-10 03:41:09.125  3067  3092 D EGL_emulation: app_time_stats: avg=855.66ms min=13.01ms max=4091.35ms count=5
09-10 03:41:13.631  3067  3092 D EGL_emulation: app_time_stats: avg=733.77ms min=11.38ms max=3692.64ms count=6
09-10 03:41:19.830  3067  3092 D EGL_emulation: app_time_stats: avg=1225.73ms min=18.91ms max=5944.98ms count=5
09-10 03:41:26.032  3067  3092 D EGL_emulation: app_time_stats: avg=1240.27ms min=22.53ms max=5930.33ms count=5
09-10 03:41:30.266  3067  3102 D EGL_emulation: app_time_stats: avg=7081.97ms min=293.08ms max=20449.37ms count=3
09-10 03:41:30.392  3067  3092 D EGL_emulation: app_time_stats: avg=856.87ms min=16.07ms max=4104.46ms count=5
09-10 03:41:34.898  3067  3092 D EGL_emulation: app_time_stats: avg=748.64ms min=23.23ms max=3700.90ms count=6
09-10 03:41:41.081  3067  3092 D EGL_emulation: app_time_stats: avg=1232.86ms min=19.63ms max=5930.37ms count=5
09-10 03:41:47.330  3067  3092 D EGL_emulation: app_time_stats: avg=1243.02ms min=14.30ms max=5977.86ms count=5
09-10 03:41:51.592  3067  3102 D EGL_emulation: app_time_stats: avg=5331.49ms min=224.13ms max=20502.12ms count=4
09-10 03:41:51.683  3067  3092 D EGL_emulation: app_time_stats: avg=862.36ms min=21.59ms max=4111.70ms count=5
09-10 03:41:56.181  3067  3092 D EGL_emulation: app_time_stats: avg=734.03ms min=12.78ms max=3670.81ms count=6
09-10 03:42:02.397  3067  3092 D EGL_emulation: app_time_stats: avg=1234.98ms min=15.67ms max=5948.70ms count=5
09-10 03:42:08.714  3067  3092 D EGL_emulation: app_time_stats: avg=1250.84ms min=18.85ms max=6056.53ms count=5
09-10 03:42:12.977  3067  3102 D EGL_emulation: app_time_stats: avg=7128.31ms min=318.39ms max=20590.47ms count=3
09-10 03:42:13.079  3067  3092 D EGL_emulation: app_time_stats: avg=855.24ms min=15.05ms max=4113.74ms count=5
09-10 03:42:17.247  3067  3092 D EGL_emulation: app_time_stats: avg=669.01ms min=5.06ms max=3381.69ms count=6
09-10 03:42:23.497  3067  3092 D EGL_emulation: app_time_stats: avg=1245.42ms min=13.96ms max=6009.93ms count=5
09-10 03:42:29.747  3067  3092 D EGL_emulation: app_time_stats: avg=1241.37ms min=18.08ms max=6003.08ms count=5
09-10 03:42:33.964  3067  3102 D EGL_emulation: app_time_stats: avg=10493.34ms min=412.25ms max=20574.43ms count=2
09-10 03:42:34.122  3067  3092 D EGL_emulation: app_time_stats: avg=831.14ms min=3.87ms max=4051.28ms count=5
09-10 03:42:38.564  3067  3092 D EGL_emulation: app_time_stats: avg=736.28ms min=17.80ms max=3678.82ms count=6
09-10 03:42:44.780  3067  3092 D EGL_emulation: app_time_stats: avg=1236.07ms min=22.68ms max=5954.69ms count=5
09-10 03:42:50.981  3067  3092 D EGL_emulation: app_time_stats: avg=1230.09ms min=20.97ms max=5948.47ms count=5
09-10 03:42:55.206  3067  3102 D EGL_emulation: app_time_stats: avg=7080.56ms min=266.27ms max=20435.35ms count=3
09-10 03:42:55.238  3067  3073 I t.compare:godot: Background concurrent mark compact GC freed 2648KB AllocSpace bytes, 0(0B) LOS objects, 49% free, 2780KB/5561KB, paused 138us,6.967ms total 35.811ms
09-10 03:42:55.295  3067  3092 D EGL_emulation: app_time_stats: avg=852.35ms min=20.19ms max=4067.55ms count=5
09-10 03:42:59.831  3067  3092 D EGL_emulation: app_time_stats: avg=753.89ms min=61.82ms max=3719.35ms count=6
09-10 03:43:06.081  3067  3092 D EGL_emulation: app_time_stats: avg=1245.65ms min=16.63ms max=6013.19ms count=5
09-10 03:43:12.297  3067  3092 D EGL_emulation: app_time_stats: avg=1231.83ms min=20.46ms max=5941.10ms count=5
09-10 03:43:16.516  3067  3102 D EGL_emulation: app_time_stats: avg=7103.50ms min=315.33ms max=20518.76ms count=3
09-10 03:43:16.617  3067  3092 D EGL_emulation: app_time_stats: avg=855.31ms min=15.60ms max=4081.25ms count=5
09-10 03:43:21.114  3067  3092 D EGL_emulation: app_time_stats: avg=738.48ms min=60.31ms max=3649.49ms count=6
09-10 03:43:27.364  3067  3092 D EGL_emulation: app_time_stats: avg=1240.80ms min=12.03ms max=6008.25ms count=5
09-10 03:43:33.631  3067  3092 D EGL_emulation: app_time_stats: avg=1247.40ms min=18.44ms max=5993.05ms count=5
09-10 03:43:37.911  3067  3102 D EGL_emulation: app_time_stats: avg=7131.47ms min=313.89ms max=20604.15ms count=3
09-10 03:43:38.059  3067  3092 D EGL_emulation: app_time_stats: avg=875.83ms min=14.00ms max=4185.46ms count=5
09-10 03:43:42.514  3067  3092 D EGL_emulation: app_time_stats: avg=738.48ms min=9.86ms max=3695.15ms count=6
09-10 03:43:48.730  3067  3092 D EGL_emulation: app_time_stats: avg=1234.74ms min=15.08ms max=5955.25ms count=5
09-10 03:43:54.966  3067  3092 D EGL_emulation: app_time_stats: avg=1236.35ms min=17.64ms max=6003.41ms count=5
09-10 03:43:59.168  3067  3102 D EGL_emulation: app_time_stats: avg=7085.75ms min=300.24ms max=20468.59ms count=3
09-10 03:43:59.339  3067  3092 D EGL_emulation: app_time_stats: avg=867.95ms min=27.34ms max=4088.47ms count=5
09-10 03:44:03.781  3067  3092 D EGL_emulation: app_time_stats: avg=740.18ms min=87.82ms max=3628.38ms count=6
09-10 03:44:09.999  3067  3092 D EGL_emulation: app_time_stats: avg=1233.66ms min=11.51ms max=5972.65ms count=5
09-10 03:44:16.232  3067  3092 D EGL_emulation: app_time_stats: avg=1236.67ms min=17.72ms max=5979.59ms count=5
09-10 03:44:20.455  3067  3102 D EGL_emulation: app_time_stats: avg=7095.55ms min=338.75ms max=20485.45ms count=3
09-10 03:44:20.610  3067  3092 D EGL_emulation: app_time_stats: avg=861.90ms min=20.85ms max=4071.88ms count=5
09-10 03:44:25.065  3067  3092 D EGL_emulation: app_time_stats: avg=740.00ms min=21.74ms max=3675.48ms count=6
09-10 03:44:31.347  3067  3092 D EGL_emulation: app_time_stats: avg=1233.06ms min=4.49ms max=6043.68ms count=5
09-10 03:44:41.230  3067  3092 D EGL_emulation: app_time_stats: avg=1965.70ms min=16.99ms max=9627.85ms count=5
09-10 03:44:45.502  3067  3092 D EGL_emulation: app_time_stats: avg=853.82ms min=19.41ms max=4035.65ms count=5
09-10 03:44:45.587  3067  3102 D EGL_emulation: app_time_stats: avg=8377.36ms min=316.79ms max=24333.53ms count=3
09-10 03:44:45.765  3067  3102 D GLThread: Exiting render thread
09-10 03:44:45.765  3067  3102 D GodotRenderer: Destroying Godot Engine
09-10 03:44:45.794  3067  3102 D t.compare:godot: PlayerBase::stop() from IPlayer
09-10 03:44:45.794  3067  3102 D AudioTrack: stop(16): called with 24952662 frames delivered
09-10 03:44:45.795  3067  3102 E eglCodecCommon: removeVertexArrayObject: ERROR: 7 not found in VAO state!
09-10 03:44:45.826  3067  3102 V Godot   : OnGodotTerminating
09-10 03:44:45.844  3067  3067 V Godot   : OnDestroy: GodotFragment{1c9a8c5} (3cc51ee5-1a7a-4b0e-acfc-824a8c0b0f25 id=0x7f07002b tag=partydeck-godot)
09-10 03:44:45.867  3067  3067 V Godot   : OnPause: GodotFragment{1c9a8c5} (3cc51ee5-1a7a-4b0e-acfc-824a8c0b0f25 id=0x7f07002b tag=partydeck-godot)
09-10 03:44:46.008  3067  3067 I PartyDeckGodotHost: Engine process exit requested
09-10 03:44:46.009  3067  3067 I Process : Sending signal. PID: 3067 SIG: 9
