--------- beginning of main
09-10 10:20:20.597 10562 10562 I t.compare:godot: Late-enabling -Xcheck:jni
09-10 10:20:20.617 10562 10562 I t.compare:godot: Using CollectorTypeCMC GC.
09-10 10:20:20.617 10562 10562 W t.compare:godot: Unexpected CPU variant for x86: x86_64.
09-10 10:20:20.617 10562 10562 W t.compare:godot: Known variants: atom, sandybridge, silvermont, goldmont, goldmont-plus, goldmont-without-sha-xsaves, tremont, kabylake, default
09-10 10:20:20.648 10562 10562 D nativeloader: Load libframework-connectivity-tiramisu-jni.so using APEX ns com_android_tethering for caller /apex/com.android.tethering/javalib/framework-connectivity-t.jar: ok
09-10 10:20:20.705 10562 10562 W ziparchive: Unable to open '/data/app/~~HsmByWhJY0u5zusmCQ_LHw==/dev.partydeck.godot.compare-Gno4DwCGEoU7Ri23dGV6KA==/base.dm': No such file or directory
09-10 10:20:20.705 10562 10562 W ziparchive: Unable to open '/data/app/~~HsmByWhJY0u5zusmCQ_LHw==/dev.partydeck.godot.compare-Gno4DwCGEoU7Ri23dGV6KA==/base.dm': No such file or directory
09-10 10:20:20.895 10562 10562 D nativeloader: Configuring clns-7 for other apk /data/app/~~HsmByWhJY0u5zusmCQ_LHw==/dev.partydeck.godot.compare-Gno4DwCGEoU7Ri23dGV6KA==/base.apk. target_sdk_version=36, uses_libraries=, library_path=/data/app/~~HsmByWhJY0u5zusmCQ_LHw==/dev.partydeck.godot.compare-Gno4DwCGEoU7Ri23dGV6KA==/lib/x86_64:/data/app/~~HsmByWhJY0u5zusmCQ_LHw==/dev.partydeck.godot.compare-Gno4DwCGEoU7Ri23dGV6KA==/base.apk!/lib/x86_64, permitted_path=/data:/mnt/expand:/data/user/0/dev.partydeck.godot.compare
09-10 10:20:20.924 10562 10562 V GraphicsEnvironment: Currently set values for:
09-10 10:20:20.925 10562 10562 V GraphicsEnvironment:   angle_gl_driver_selection_pkgs=[]
09-10 10:20:20.925 10562 10562 V GraphicsEnvironment:   angle_gl_driver_selection_values=[]
09-10 10:20:20.925 10562 10562 V GraphicsEnvironment: Global.Settings values are invalid: number of packages: 0, number of values: 0
09-10 10:20:20.925 10562 10562 V GraphicsEnvironment: Neither updatable production driver nor prerelease driver is supported.
09-10 10:20:21.426 10562 10562 V Godot   : Initializing Godot plugin registry
09-10 10:20:21.427 10562 10562 I GodotPluginRegistry: Registering runtime plugin AndroidRuntime
09-10 10:20:21.427 10562 10562 I GodotPluginRegistry: Registering runtime plugin PartyDeckBridge
09-10 10:20:21.428 10562 10562 V Godot   : InitEngine with params: [--main-pack, res://partydeck-last-light.pck, --rendering-method, gl_compatibility, --xr-mode, off]
09-10 10:20:21.451 10562 10562 D nativeloader: Load /data/app/~~HsmByWhJY0u5zusmCQ_LHw==/dev.partydeck.godot.compare-Gno4DwCGEoU7Ri23dGV6KA==/base.apk!/lib/x86_64/libgodot_android.so using ns clns-7 from class loader (caller=/data/app/~~HsmByWhJY0u5zusmCQ_LHw==/dev.partydeck.godot.compare-Gno4DwCGEoU7Ri23dGV6KA==/base.apk): ok
09-10 10:20:21.453 10562 10562 V Godot   : Godot native layer initialization completed: true
09-10 10:20:21.453 10562 10562 V Godot   : Setting up native layer with params: [--main-pack, res://partydeck-last-light.pck, --rendering-method, gl_compatibility, --xr-mode, off]
09-10 10:20:21.478 10562 10562 V Godot   : Godot native layer setup completed
09-10 10:20:21.478 10562 10562 V Godot   : OnInitRenderView: GodotFragment{cc685f5} (d92255ae-834b-4298-9c3a-21897b7548d5 id=0x7f07002b tag=partydeck-godot)
09-10 10:20:21.491 10562 10562 D Godot   : Render view should be transparent: false
09-10 10:20:21.492 10562 10562 D Godot   : renderingDevice: opengl3 (ProjectSettings)
09-10 10:20:21.492 10562 10562 D Godot   : 			renderer: gl_compatibility (Default)
09-10 10:20:21.509 10562 10562 V Godot   : OnStart: GodotFragment{cc685f5} (d92255ae-834b-4298-9c3a-21897b7548d5 id=0x7f07002b tag=partydeck-godot)
09-10 10:20:21.511 10562 10562 W WindowOnBackDispatcher: OnBackInvokedCallback is not enabled for the application.
09-10 10:20:21.511 10562 10562 W WindowOnBackDispatcher: Set 'android:enableOnBackInvokedCallback="true"' in the application manifest.
09-10 10:20:21.514 10562 10562 V Godot   : OnResume: GodotFragment{cc685f5} (d92255ae-834b-4298-9c3a-21897b7548d5 id=0x7f07002b tag=partydeck-godot)
09-10 10:20:21.518 10562 10562 W HWUI    : Unknown dataspace 0
09-10 10:20:21.569 10562 10580 I EGL_emulation: Opening libGLESv1_CM_emulation.so
09-10 10:20:21.570 10562 10580 I EGL_emulation: Opening libGLESv2_emulation.so
09-10 10:20:21.575 10562 10580 W HWUI    : Failed to choose config with EGL_SWAP_BEHAVIOR_PRESERVED, retrying without...
09-10 10:20:21.575 10562 10580 W HWUI    : Failed to initialize 101010-2 format, error = EGL_SUCCESS
09-10 10:20:21.582 10562 10600 W RegularContextFactory: creating OpenGL ES 3.0 context :
09-10 10:20:21.629 10562 10600 I Gralloc4: mapper 4.x is not supported
09-10 10:20:21.687 10562 10600 I godot   : Godot Engine v4.7.2.stable.official.ed1daf0bf - https://godotengine.org
09-10 10:20:21.836 10562 10569 I t.compare:godot: Compiler allocated 4219KB to compile void android.widget.TextView.<init>(android.content.Context, android.util.AttributeSet, int, int)
09-10 10:20:21.986 10562 10600 E godot   : WARNING: Failed to load cached shader, recompiling.
09-10 10:20:21.986 10562 10600 E godot   :    at: _load_from_cache (drivers/gles3/shader_gles3.cpp:615)
09-10 10:20:22.446 10562 10569 I t.compare:godot: Compiler allocated 5174KB to compile void android.view.ViewRootImpl.performTraversals()
09-10 10:20:22.629 10562 10603 E SurfaceSyncGroup: Failed to receive transaction ready in 1000ms. Marking SurfaceSyncGroup(wmsSync-VRI[GodotGameActivity]#1) as ready
09-10 10:20:22.630 10562 10603 E SurfaceSyncGroup: Failed to receive transaction ready in 1000ms. Marking SurfaceSyncGroup(VRI[GodotGameActivity]#2) as ready
09-10 10:20:22.630 10562 10603 E SurfaceSyncGroup: Failed to receive transaction ready in 1000ms. Marking SurfaceSyncGroup(SurfaceView[dev.partydeck.godot.compare/dev.partydeck.godot.compare.GodotGameActivity]#0) as ready
09-10 10:20:22.798 10562 10580 D EGL_emulation: app_time_stats: avg=516.66ms min=8.94ms max=1024.38ms count=2
09-10 10:20:23.162 10562 10600 I godot   : OpenGL API OpenGL ES 3.1 (OpenGL ES 3.1.0 (ANGLE 2.1.17841 git hash: 5fa2e61da947)) - Compatibility - Using Device: Google (Google Inc. (Google)) - Android Emulator OpenGL ES Translator (ANGLE (Google, Vulkan 1.3.0 (SwiftShader Device (Subzero) (0x0000C0DE)), SwiftShader driver-5.0.0))
09-10 10:20:23.164 10562 10600 D t.compare:godot: PlayerBase::PlayerBase()
09-10 10:20:23.164 10562 10600 D t.compare:godot: TrackPlayerBase::TrackPlayerBase()
09-10 10:20:23.164 10562 10600 I libOpenSLES: Emulating old channel mask behavior (ignoring positional mask 0x3, using default mask 0x3 based on channel count of 2)
09-10 10:20:23.169 10562 10600 I godot   : 
09-10 10:20:23.607 10562 10600 V Godot   : OnGodotSetupCompleted
09-10 10:20:23.614 10562 10600 V Godot   : OnGodotMainLoopStarted
09-10 10:20:24.051 10562 10580 D EGL_emulation: app_time_stats: avg=312.89ms min=179.08ms max=378.14ms count=4
09-10 10:20:33.840 10562 10562 D AutofillManager: Fill dialog is enabled:false, hints=[]
09-10 10:20:33.881 10562 10580 D EGL_emulation: app_time_stats: avg=1397.39ms min=48.01ms max=9200.44ms count=7
09-10 10:20:38.176 10562 10562 I PartyDeckGodotBridge: Close requested elapsed_ms=869537
09-10 10:20:38.185 10562 10600 D EGL_emulation: app_time_stats: avg=3731.08ms min=63.91ms max=14184.97ms count=4
09-10 10:20:38.186 10562 10600 I PartyDeckGodotBridge: Close dispatch started elapsed_ms=869546
09-10 10:20:38.186 10562 10600 I PartyDeckGodotBridge: Close native barrier elapsed_ms=869547
09-10 10:20:38.289 10562 10580 D EGL_emulation: app_time_stats: avg=874.27ms min=28.50ms max=4120.52ms count=5
09-10 10:20:38.290 10562 10562 I PartyDeckGodotHost: Close main callback elapsed_ms=869651
09-10 10:20:38.300 10562 10600 D GLThread: Exiting render thread
09-10 10:20:38.301 10562 10600 D GodotRenderer: Destroying Godot Engine
09-10 10:20:38.330 10562 10600 D t.compare:godot: PlayerBase::stop() from IPlayer
09-10 10:20:38.330 10562 10600 D AudioTrack: stop(17): called with 672744 frames delivered
09-10 10:20:38.337 10562 10600 E eglCodecCommon: removeVertexArrayObject: ERROR: 7 not found in VAO state!
09-10 10:20:38.423 10562 10600 V Godot   : OnGodotTerminating
09-10 10:20:38.465 10562 10562 V Godot   : OnDestroy: GodotFragment{cc685f5} (d92255ae-834b-4298-9c3a-21897b7548d5 id=0x7f07002b tag=partydeck-godot)
09-10 10:20:38.477 10562 10562 V Godot   : OnPause: GodotFragment{cc685f5} (d92255ae-834b-4298-9c3a-21897b7548d5 id=0x7f07002b tag=partydeck-godot)
09-10 10:20:38.597 10562 10562 I PartyDeckGodotHost: Engine process exit requested
09-10 10:20:38.597 10562 10562 I Process : Sending signal. PID: 10562 SIG: 9
