Input Method Manager Service state:
  mSystemReady=true
  mInteractive=true
  mConcurrentMultiUserModeEnabled=false
  mCurrentImeUserId=0
  mStylusIds=[2, 3, 4, 5, 6, 7, 8, 9, 10, 11, 12]
  mMenuControllerNew:
    isShowing: false
  mClientController:
    ClientState{6b1ec0 mUid=10124 mPid=1045 mSelfReportedDisplayId=0}:
      client=com.android.server.inputmethod.IInputMethodClientInvoker@97ac7f9
      fallbackInputConnection=com.android.internal.inputmethod.IRemoteInputConnection$Stub$Proxy@5cb333e
      sessionRequested=false
      sessionRequestedForAccessibility=false
      curSession=null
      selfReportedDisplayId=0
      uid=10124
      pid=1045
    ClientState{4350374 mUid=10150 mPid=5679 mSelfReportedDisplayId=0}:
      client=com.android.server.inputmethod.IInputMethodClientInvoker@abf5f5a
      fallbackInputConnection=com.android.internal.inputmethod.IRemoteInputConnection$Stub$Proxy@c25358b
      sessionRequested=false
      sessionRequestedForAccessibility=true
      curSession=SessionState{uid=10150 pid=5679 method=575f0c0 session=9164912 channel=ClientState{4350374 mUid=10150 mPid=5679 mSelfReportedDisplayId=0} userId=0}
      selfReportedDisplayId=0
      uid=10150
      pid=5679
    ClientState{3b77e78 mUid=10066 mPid=4883 mSelfReportedDisplayId=0}:
      client=com.android.server.inputmethod.IInputMethodClientInvoker@67c3a01
      fallbackInputConnection=com.android.internal.inputmethod.IRemoteInputConnection$Stub$Proxy@a5730a6
      sessionRequested=false
      sessionRequestedForAccessibility=false
      curSession=SessionState{uid=10066 pid=4883 method=575f0c0 session=42325b6 channel=ClientState{3b77e78 mUid=10066 mPid=4883 mSelfReportedDisplayId=0} userId=0}
      selfReportedDisplayId=0
      uid=10066
      pid=4883
    ClientState{ddfd43b mUid=10121 mPid=1344 mSelfReportedDisplayId=0}:
      client=com.android.server.inputmethod.IInputMethodClientInvoker@115e59f
      fallbackInputConnection=com.android.internal.inputmethod.IRemoteInputConnection$Stub$Proxy@a4366ec
      sessionRequested=false
      sessionRequestedForAccessibility=false
      curSession=SessionState{uid=10121 pid=1344 method=575f0c0 session=daba0b1 channel=ClientState{ddfd43b mUid=10121 mPid=1344 mSelfReportedDisplayId=0} userId=0}
      selfReportedDisplayId=0
      uid=10121
      pid=1344
    ClientState{f036c5c mUid=1000 mPid=1292 mSelfReportedDisplayId=0}:
      client=com.android.server.inputmethod.IInputMethodClientInvoker@e96eab5
      fallbackInputConnection=com.android.internal.inputmethod.IRemoteInputConnection$Stub$Proxy@ec3454a
      sessionRequested=false
      sessionRequestedForAccessibility=false
      curSession=SessionState{uid=1000 pid=1292 method=575f0c0 session=71231f9 channel=ClientState{f036c5c mUid=1000 mPid=1292 mSelfReportedDisplayId=0} userId=0}
      selfReportedDisplayId=0
      uid=1000
      pid=1292
    ClientState{97d3cbb mUid=10113 mPid=1731 mSelfReportedDisplayId=0}:
      client=com.android.server.inputmethod.IInputMethodClientInvoker@67605d8
      fallbackInputConnection=com.android.internal.inputmethod.IRemoteInputConnection$Stub$Proxy@3187d31
      sessionRequested=false
      sessionRequestedForAccessibility=false
      curSession=null
      selfReportedDisplayId=0
      uid=10113
      pid=1731
    ClientState{431a784 mUid=10062 mPid=1809 mSelfReportedDisplayId=0}:
      client=com.android.server.inputmethod.IInputMethodClientInvoker@e46bb6d
      fallbackInputConnection=com.android.internal.inputmethod.IRemoteInputConnection$Stub$Proxy@48733a2
      sessionRequested=false
      sessionRequestedForAccessibility=false
      curSession=null
      selfReportedDisplayId=0
      uid=10062
      pid=1809
  mUserDataRepository:
    userId=0
      unlocked=true
      hasMainConnection=true
      isVisibleBound=true
      boundToMethod=true
      curClient=ClientState{4350374 mUid=10150 mPid=5679 mSelfReportedDisplayId=0}
      curEditorInfo:
        inputType=0x2001 imeOptions=0x2000005 privateImeOptions=null
        actionLabel=null actionId=0
        initialSelStart=0 initialSelEnd=0 initialToolType=1 initialCapsMode=0x0
        hintText=null label=null
        packageName=dev.partydeck.app autofillId=1073741824 fieldId=-1 fieldName=null
        hintLocales=null
        supportedHandwritingGestureTypes=SELECT|SELECT_RANGE|INSERT|DELETE|DELETE_RANGE|REMOVE_SPACE|JOIN_OR_SPLIT
        supportedHandwritingGesturePreviewTypes=SELECT|SELECT_RANGE|DELETE|DELETE_RANGE
        isStylusHandwritingEnabled=true
        writingToolsEnabled=true
        contentMimeTypes=null
      imeBindingState:
        mFocusedWindow=android.os.BinderProxy@b5408ac
        mFocusedWindowSoftInputMode=STATE_UNSPECIFIED|ADJUST_RESIZE
        mFocusedWindowClient=ClientState{4350374 mUid=10150 mPid=5679 mSelfReportedDisplayId=0}
      enabledSession=SessionState{uid=10150 pid=5679 method=575f0c0 session=9164912 channel=ClientState{4350374 mUid=10150 mPid=5679 mSelfReportedDisplayId=0} userId=0}
      inFullscreenMode=false
      imeDrawsNavBar=false
      switchingController:
        mSwitchingAwareRotationList:
          rank=0 item=ImeSubtypeListItem{mImeName=Android Keyboard (AOSP) mSubtypeName=English (US) mSubtypeIndex=0 mIsSystemLocale=false mIsSystemLanguage=false}
        mSwitchingUnawareRotationList:
        mRotationList:
          Static order:
            i=0 item=ImeSubtypeListItem{mImeName=Android Keyboard (AOSP) mSubtypeName=English (US) mSubtypeIndex=0 mIsSystemLocale=false mIsSystemLanguage=false}
          Recency order:
            i=0 item=ImeSubtypeListItem{mImeName=Android Keyboard (AOSP) mSubtypeName=English (US) mSubtypeIndex=0 mIsSystemLocale=false mIsSystemLanguage=false}
        mHardwareRotationList:
          Static order:
            i=0 item=ImeSubtypeListItem{mImeName=Android Keyboard (AOSP) mSubtypeName=English (US) mSubtypeIndex=0 mIsSystemLocale=false mIsSystemLanguage=false}
          Recency order:
            i=0 item=ImeSubtypeListItem{mImeName=Android Keyboard (AOSP) mSubtypeName=English (US) mSubtypeIndex=0 mIsSystemLocale=false mIsSystemLanguage=false}
        User action since last switch: false
      mLastEnabledInputMethodsStr=com.android.inputmethod.latin/.LatinIME
  mStartInputHistory:
    StartInput #0:
      time=2026-09-10 09:00:19.355 (timestamp=34083) reason=SESSION_CREATED_BY_IME restarting=false
      imeToken=android.os.Binder@80d0866 [com.android.inputmethod.latin/.LatinIME] imeUserId=0 imeDisplayId=0
      targetWin=android.os.BinderProxy@9253188 [com.android.settings] targetUserId=0 targetDisplayId=0 clientBindSeq=2
      softInputMode=STATE_UNSPECIFIED|ADJUST_PAN
      inputType=0x0 imeOptions=0x0 fieldId=0x0 fieldName=null actionId=0 actionLabel=null
    StartInput #1:
      time=2026-09-10 09:00:21.010 (timestamp=35738) reason=SESSION_CREATED_BY_IME restarting=false
      imeToken=android.os.Binder@80d0866 [com.android.inputmethod.latin/.LatinIME] imeUserId=0 imeDisplayId=0
      targetWin=android.os.BinderProxy@ed7e3cb [com.android.launcher3] targetUserId=0 targetDisplayId=0 clientBindSeq=3
      softInputMode=STATE_UNSPECIFIED|ADJUST_NOTHING
      inputType=0x0 imeOptions=0x0 fieldId=0x0 fieldName=null actionId=0 actionLabel=null
    StartInput #2:
      time=2026-09-10 09:00:23.841 (timestamp=38569) reason=WINDOW_FOCUS_GAIN restarting=false
      imeToken=android.os.Binder@80d0866 [com.android.inputmethod.latin/.LatinIME] imeUserId=0 imeDisplayId=0
      targetWin=android.os.BinderProxy@7064473 [com.android.launcher3] targetUserId=0 targetDisplayId=0 clientBindSeq=4
      softInputMode=STATE_UNSPECIFIED|ADJUST_NOTHING
      inputType=0x0 imeOptions=0x0 fieldId=0x0 fieldName=null actionId=0 actionLabel=null
    StartInput #3:
      time=2026-09-10 09:00:46.505 (timestamp=61233) reason=SESSION_CREATED_BY_IME restarting=false
      imeToken=android.os.Binder@80d0866 [com.android.inputmethod.latin/.LatinIME] imeUserId=0 imeDisplayId=0
      targetWin=android.os.BinderProxy@ea8ffeb [dev.partydeck.app] targetUserId=0 targetDisplayId=0 clientBindSeq=5
      softInputMode=STATE_UNSPECIFIED|ADJUST_RESIZE|IS_FORWARD_NAVIGATION
      inputType=0x0 imeOptions=0x0 fieldId=0x0 fieldName=null actionId=0 actionLabel=null
    StartInput #4:
      time=2026-09-10 09:01:19.524 (timestamp=94251) reason=WINDOW_FOCUS_GAIN restarting=false
      imeToken=android.os.Binder@80d0866 [com.android.inputmethod.latin/.LatinIME] imeUserId=0 imeDisplayId=0
      targetWin=android.os.BinderProxy@fcd2e2b [dev.partydeck.app] targetUserId=0 targetDisplayId=0 clientBindSeq=6
      softInputMode=STATE_UNSPECIFIED|ADJUST_PAN
      inputType=0x0 imeOptions=0x0 fieldId=0x0 fieldName=null actionId=0 actionLabel=null
    StartInput #5:
      time=2026-09-10 09:01:21.645 (timestamp=96372) reason=WINDOW_FOCUS_GAIN restarting=false
      imeToken=android.os.Binder@80d0866 [com.android.inputmethod.latin/.LatinIME] imeUserId=0 imeDisplayId=0
      targetWin=android.os.BinderProxy@ea8ffeb [dev.partydeck.app] targetUserId=0 targetDisplayId=0 clientBindSeq=7
      softInputMode=STATE_UNSPECIFIED|ADJUST_RESIZE
      inputType=0x0 imeOptions=0x0 fieldId=0x0 fieldName=null actionId=0 actionLabel=null
    StartInput #6:
      time=2026-09-10 09:01:47.374 (timestamp=122102) reason=SESSION_CREATED_BY_IME restarting=false
      imeToken=android.os.Binder@80d0866 [com.android.inputmethod.latin/.LatinIME] imeUserId=0 imeDisplayId=0
      targetWin=android.os.BinderProxy@cba027e [dev.partydeck.app] targetUserId=0 targetDisplayId=0 clientBindSeq=8
      softInputMode=STATE_UNSPECIFIED|ADJUST_RESIZE
      inputType=0x0 imeOptions=0x0 fieldId=0x0 fieldName=null actionId=0 actionLabel=null
    StartInput #7:
      time=2026-09-10 09:02:48.951 (timestamp=183679) reason=WINDOW_FOCUS_GAIN restarting=false
      imeToken=android.os.Binder@80d0866 [com.android.inputmethod.latin/.LatinIME] imeUserId=0 imeDisplayId=0
      targetWin=android.os.BinderProxy@7064473 [com.android.launcher3] targetUserId=0 targetDisplayId=0 clientBindSeq=9
      softInputMode=STATE_UNSPECIFIED|ADJUST_NOTHING|IS_FORWARD_NAVIGATION
      inputType=0x0 imeOptions=0x0 fieldId=0x0 fieldName=null actionId=0 actionLabel=null
    StartInput #8:
      time=2026-09-10 09:02:51.480 (timestamp=186208) reason=WINDOW_FOCUS_GAIN restarting=false
      imeToken=android.os.Binder@80d0866 [com.android.inputmethod.latin/.LatinIME] imeUserId=0 imeDisplayId=0
      targetWin=android.os.BinderProxy@cba027e [dev.partydeck.app] targetUserId=0 targetDisplayId=0 clientBindSeq=10
      softInputMode=STATE_UNSPECIFIED|ADJUST_RESIZE
      inputType=0x0 imeOptions=0x0 fieldId=0x0 fieldName=null actionId=0 actionLabel=null
    StartInput #9:
      time=2026-09-10 09:03:17.397 (timestamp=212125) reason=WINDOW_FOCUS_GAIN restarting=false
      imeToken=android.os.Binder@80d0866 [com.android.inputmethod.latin/.LatinIME] imeUserId=0 imeDisplayId=0
      targetWin=android.os.BinderProxy@20cf810 [dev.partydeck.app] targetUserId=0 targetDisplayId=0 clientBindSeq=11
      softInputMode=STATE_UNSPECIFIED|ADJUST_PAN
      inputType=0x0 imeOptions=0x0 fieldId=0x0 fieldName=null actionId=0 actionLabel=null
    StartInput #10:
      time=2026-09-10 09:03:19.488 (timestamp=214215) reason=WINDOW_FOCUS_GAIN restarting=false
      imeToken=android.os.Binder@80d0866 [com.android.inputmethod.latin/.LatinIME] imeUserId=0 imeDisplayId=0
      targetWin=android.os.BinderProxy@cba027e [dev.partydeck.app] targetUserId=0 targetDisplayId=0 clientBindSeq=12
      softInputMode=STATE_UNSPECIFIED|ADJUST_RESIZE
      inputType=0x0 imeOptions=0x0 fieldId=0x0 fieldName=null actionId=0 actionLabel=null
    StartInput #11:
      time=2026-09-10 09:03:28.029 (timestamp=222757) reason=CHECK_FOCUS restarting=false
      imeToken=android.os.Binder@80d0866 [com.android.inputmethod.latin/.LatinIME] imeUserId=0 imeDisplayId=0
      targetWin=android.os.BinderProxy@cba027e [dev.partydeck.app] targetUserId=0 targetDisplayId=0 clientBindSeq=13
      softInputMode=STATE_UNSPECIFIED|ADJUST_RESIZE
      inputType=0x2001 imeOptions=0x2000006 fieldId=0xffffffff fieldName=null actionId=0 actionLabel=null
    StartInput #12:
      time=2026-09-10 09:03:28.030 (timestamp=222758) reason=APP_CALLED_RESTART_INPUT_API restarting=true
      imeToken=android.os.Binder@80d0866 [com.android.inputmethod.latin/.LatinIME] imeUserId=0 imeDisplayId=0
      targetWin=android.os.BinderProxy@cba027e [dev.partydeck.app] targetUserId=0 targetDisplayId=0 clientBindSeq=14
      softInputMode=STATE_UNSPECIFIED|ADJUST_RESIZE
      inputType=0x2001 imeOptions=0x2000006 fieldId=0xffffffff fieldName=null actionId=0 actionLabel=null
    StartInput #13:
      time=2026-09-10 09:03:40.920 (timestamp=235648) reason=APP_CALLED_RESTART_INPUT_API restarting=true
      imeToken=android.os.Binder@80d0866 [com.android.inputmethod.latin/.LatinIME] imeUserId=0 imeDisplayId=0
      targetWin=android.os.BinderProxy@cba027e [dev.partydeck.app] targetUserId=0 targetDisplayId=0 clientBindSeq=15
      softInputMode=STATE_UNSPECIFIED|ADJUST_RESIZE
      inputType=0x0 imeOptions=0x0 fieldId=0x0 fieldName=null actionId=0 actionLabel=null
    StartInput #14:
      time=2026-09-10 09:03:46.128 (timestamp=240856) reason=WINDOW_FOCUS_GAIN restarting=false
      imeToken=android.os.Binder@80d0866 [com.android.inputmethod.latin/.LatinIME] imeUserId=0 imeDisplayId=0
      targetWin=android.os.BinderProxy@dea5262 [dev.partydeck.app] targetUserId=0 targetDisplayId=0 clientBindSeq=16
      softInputMode=STATE_UNSPECIFIED|ADJUST_PAN
      inputType=0x0 imeOptions=0x0 fieldId=0x0 fieldName=null actionId=0 actionLabel=null
    StartInput #15:
      time=2026-09-10 09:03:56.533 (timestamp=251261) reason=SESSION_CREATED_BY_IME restarting=false
      imeToken=android.os.Binder@80d0866 [com.android.inputmethod.latin/.LatinIME] imeUserId=0 imeDisplayId=0
      targetWin=android.os.BinderProxy@e7875e1 [com.android.intentresolver] targetUserId=0 targetDisplayId=0 clientBindSeq=17
      softInputMode=STATE_UNSPECIFIED|ADJUST_RESIZE|IS_FORWARD_NAVIGATION
      inputType=0x0 imeOptions=0x0 fieldId=0x0 fieldName=null actionId=0 actionLabel=null
    StartInput #16:
      time=2026-09-10 09:03:58.502 (timestamp=253230) reason=WINDOW_FOCUS_GAIN restarting=false
      imeToken=android.os.Binder@80d0866 [com.android.inputmethod.latin/.LatinIME] imeUserId=0 imeDisplayId=0
      targetWin=android.os.BinderProxy@dea5262 [dev.partydeck.app] targetUserId=0 targetDisplayId=0 clientBindSeq=18
      softInputMode=STATE_UNSPECIFIED|ADJUST_PAN
      inputType=0x0 imeOptions=0x0 fieldId=0x0 fieldName=null actionId=0 actionLabel=null
    StartInput #17:
      time=2026-09-10 09:04:00.940 (timestamp=255668) reason=WINDOW_FOCUS_GAIN restarting=false
      imeToken=android.os.Binder@80d0866 [com.android.inputmethod.latin/.LatinIME] imeUserId=0 imeDisplayId=0
      targetWin=android.os.BinderProxy@cba027e [dev.partydeck.app] targetUserId=0 targetDisplayId=0 clientBindSeq=19
      softInputMode=STATE_UNSPECIFIED|ADJUST_RESIZE
      inputType=0x0 imeOptions=0x0 fieldId=0x0 fieldName=null actionId=0 actionLabel=null
    StartInput #18:
      time=2026-09-10 09:04:05.615 (timestamp=260342) reason=WINDOW_FOCUS_GAIN restarting=false
      imeToken=android.os.Binder@80d0866 [com.android.inputmethod.latin/.LatinIME] imeUserId=0 imeDisplayId=0
      targetWin=android.os.BinderProxy@b807ae4 [dev.partydeck.app] targetUserId=0 targetDisplayId=0 clientBindSeq=20
      softInputMode=STATE_UNSPECIFIED|ADJUST_PAN
      inputType=0x0 imeOptions=0x0 fieldId=0x0 fieldName=null actionId=0 actionLabel=null
    StartInput #19:
      time=2026-09-10 09:04:07.776 (timestamp=262504) reason=WINDOW_FOCUS_GAIN restarting=false
      imeToken=android.os.Binder@80d0866 [com.android.inputmethod.latin/.LatinIME] imeUserId=0 imeDisplayId=0
      targetWin=android.os.BinderProxy@cba027e [dev.partydeck.app] targetUserId=0 targetDisplayId=0 clientBindSeq=21
      softInputMode=STATE_UNSPECIFIED|ADJUST_RESIZE
      inputType=0x0 imeOptions=0x0 fieldId=0x0 fieldName=null actionId=0 actionLabel=null
    StartInput #20:
      time=2026-09-10 09:04:16.251 (timestamp=270979) reason=CHECK_FOCUS restarting=false
      imeToken=android.os.Binder@80d0866 [com.android.inputmethod.latin/.LatinIME] imeUserId=0 imeDisplayId=0
      targetWin=android.os.BinderProxy@cba027e [dev.partydeck.app] targetUserId=0 targetDisplayId=0 clientBindSeq=22
      softInputMode=STATE_UNSPECIFIED|ADJUST_RESIZE
      inputType=0x2001 imeOptions=0x2000005 fieldId=0xffffffff fieldName=null actionId=0 actionLabel=null
    StartInput #21:
      time=2026-09-10 09:04:16.252 (timestamp=270980) reason=APP_CALLED_RESTART_INPUT_API restarting=true
      imeToken=android.os.Binder@80d0866 [com.android.inputmethod.latin/.LatinIME] imeUserId=0 imeDisplayId=0
      targetWin=android.os.BinderProxy@cba027e [dev.partydeck.app] targetUserId=0 targetDisplayId=0 clientBindSeq=23
      softInputMode=STATE_UNSPECIFIED|ADJUST_RESIZE
      inputType=0x2001 imeOptions=0x2000005 fieldId=0xffffffff fieldName=null actionId=0 actionLabel=null
    StartInput #22:
      time=2026-09-10 09:04:32.599 (timestamp=287326) reason=APP_CALLED_RESTART_INPUT_API restarting=true
      imeToken=android.os.Binder@80d0866 [com.android.inputmethod.latin/.LatinIME] imeUserId=0 imeDisplayId=0
      targetWin=android.os.BinderProxy@cba027e [dev.partydeck.app] targetUserId=0 targetDisplayId=0 clientBindSeq=24
      softInputMode=STATE_UNSPECIFIED|ADJUST_RESIZE
      inputType=0x0 imeOptions=0x0 fieldId=0x0 fieldName=null actionId=0 actionLabel=null
    StartInput #23:
      time=2026-09-10 09:04:32.637 (timestamp=287364) reason=APP_CALLED_RESTART_INPUT_API restarting=true
      imeToken=android.os.Binder@80d0866 [com.android.inputmethod.latin/.LatinIME] imeUserId=0 imeDisplayId=0
      targetWin=android.os.BinderProxy@cba027e [dev.partydeck.app] targetUserId=0 targetDisplayId=0 clientBindSeq=25
      softInputMode=STATE_UNSPECIFIED|ADJUST_RESIZE
      inputType=0x20011 imeOptions=0x2000006 fieldId=0xffffffff fieldName=null actionId=0 actionLabel=null
    StartInput #24:
      time=2026-09-10 09:04:45.070 (timestamp=299797) reason=APP_CALLED_RESTART_INPUT_API restarting=true
      imeToken=android.os.Binder@80d0866 [com.android.inputmethod.latin/.LatinIME] imeUserId=0 imeDisplayId=0
      targetWin=android.os.BinderProxy@cba027e [dev.partydeck.app] targetUserId=0 targetDisplayId=0 clientBindSeq=26
      softInputMode=STATE_UNSPECIFIED|ADJUST_RESIZE
      inputType=0x0 imeOptions=0x0 fieldId=0x0 fieldName=null actionId=0 actionLabel=null
    StartInput #25:
      time=2026-09-10 09:04:49.511 (timestamp=304239) reason=APP_CALLED_RESTART_INPUT_API restarting=true
      imeToken=android.os.Binder@80d0866 [com.android.inputmethod.latin/.LatinIME] imeUserId=0 imeDisplayId=0
      targetWin=android.os.BinderProxy@cba027e [dev.partydeck.app] targetUserId=0 targetDisplayId=0 clientBindSeq=27
      softInputMode=STATE_UNSPECIFIED|ADJUST_RESIZE
      inputType=0x20011 imeOptions=0x2000006 fieldId=0xffffffff fieldName=null actionId=0 actionLabel=null
    StartInput #26:
      time=2026-09-10 09:05:08.862 (timestamp=323590) reason=APP_CALLED_RESTART_INPUT_API restarting=true
      imeToken=android.os.Binder@80d0866 [com.android.inputmethod.latin/.LatinIME] imeUserId=0 imeDisplayId=0
      targetWin=android.os.BinderProxy@cba027e [dev.partydeck.app] targetUserId=0 targetDisplayId=0 clientBindSeq=28
      softInputMode=STATE_UNSPECIFIED|ADJUST_RESIZE
      inputType=0x0 imeOptions=0x0 fieldId=0x0 fieldName=null actionId=0 actionLabel=null
    StartInput #27:
      time=2026-09-10 09:05:13.542 (timestamp=328269) reason=SESSION_CREATED_BY_IME restarting=false
      imeToken=android.os.Binder@80d0866 [com.android.inputmethod.latin/.LatinIME] imeUserId=0 imeDisplayId=0
      targetWin=android.os.BinderProxy@b5408ac [dev.partydeck.app] targetUserId=0 targetDisplayId=0 clientBindSeq=29
      softInputMode=STATE_UNSPECIFIED|ADJUST_RESIZE
      inputType=0x0 imeOptions=0x0 fieldId=0x0 fieldName=null actionId=0 actionLabel=null
    StartInput #28:
      time=2026-09-10 09:06:11.558 (timestamp=386285) reason=WINDOW_FOCUS_GAIN restarting=false
      imeToken=android.os.Binder@80d0866 [com.android.inputmethod.latin/.LatinIME] imeUserId=0 imeDisplayId=0
      targetWin=android.os.BinderProxy@e3c587d [dev.partydeck.app] targetUserId=0 targetDisplayId=0 clientBindSeq=30
      softInputMode=STATE_UNSPECIFIED|ADJUST_PAN
      inputType=0x0 imeOptions=0x0 fieldId=0x0 fieldName=null actionId=0 actionLabel=null
    StartInput #29:
      time=2026-09-10 09:06:13.704 (timestamp=388431) reason=WINDOW_FOCUS_GAIN restarting=false
      imeToken=android.os.Binder@80d0866 [com.android.inputmethod.latin/.LatinIME] imeUserId=0 imeDisplayId=0
      targetWin=android.os.BinderProxy@b5408ac [dev.partydeck.app] targetUserId=0 targetDisplayId=0 clientBindSeq=31
      softInputMode=STATE_UNSPECIFIED|ADJUST_RESIZE
      inputType=0x0 imeOptions=0x0 fieldId=0x0 fieldName=null actionId=0 actionLabel=null
    StartInput #30:
      time=2026-09-10 09:06:32.708 (timestamp=407435) reason=CHECK_FOCUS restarting=false
      imeToken=android.os.Binder@80d0866 [com.android.inputmethod.latin/.LatinIME] imeUserId=0 imeDisplayId=0
      targetWin=android.os.BinderProxy@b5408ac [dev.partydeck.app] targetUserId=0 targetDisplayId=0 clientBindSeq=32
      softInputMode=STATE_UNSPECIFIED|ADJUST_RESIZE
      inputType=0x2001 imeOptions=0x2000005 fieldId=0xffffffff fieldName=null actionId=0 actionLabel=null
    StartInput #31:
      time=2026-09-10 09:06:32.709 (timestamp=407437) reason=APP_CALLED_RESTART_INPUT_API restarting=true
      imeToken=android.os.Binder@80d0866 [com.android.inputmethod.latin/.LatinIME] imeUserId=0 imeDisplayId=0
      targetWin=android.os.BinderProxy@b5408ac [dev.partydeck.app] targetUserId=0 targetDisplayId=0 clientBindSeq=33
      softInputMode=STATE_UNSPECIFIED|ADJUST_RESIZE
      inputType=0x2001 imeOptions=0x2000005 fieldId=0xffffffff fieldName=null actionId=0 actionLabel=null
  mSoftInputShowHideHistory:
    SoftInputShowHide[0] #0:
      time=2026-09-10 09:03:28.044 (timestamp=222772)
      reason=SHOW_SOFT_INPUT inFullscreenMode=false
      requestClient=ClientState{bf30bad mUid=10150 mPid=3577 mSelfReportedDisplayId=0}
      focusedWindowName=369a3df dev.partydeck.app/dev.partydeck.app.MainActivity
      requestWindowName=369a3df dev.partydeck.app/dev.partydeck.app.MainActivity
      imeControlTargetName=369a3df dev.partydeck.app/dev.partydeck.app.MainActivity
      imeTargetNameFromWm=369a3df dev.partydeck.app/dev.partydeck.app.MainActivity
      imeSurfaceParentName=Surface(name=ActivityRecord{227218455 u0 dev.partydeck.app/.MainActivity)/@0x560dd7
      editorInfo: inputType=0 privateImeOptions=null fieldId (viewId)=0
      focusedWindowSoftInputMode=STATE_UNSPECIFIED|ADJUST_RESIZE
    SoftInputShowHide[0] #1:
      time=2026-09-10 09:03:38.727 (timestamp=233455)
      reason=HIDE_SOFT_INPUT inFullscreenMode=false
      requestClient=ClientState{bf30bad mUid=10150 mPid=3577 mSelfReportedDisplayId=0}
      focusedWindowName=369a3df dev.partydeck.app/dev.partydeck.app.MainActivity
      requestWindowName=369a3df dev.partydeck.app/dev.partydeck.app.MainActivity
      imeControlTargetName=369a3df dev.partydeck.app/dev.partydeck.app.MainActivity
      imeTargetNameFromWm=369a3df dev.partydeck.app/dev.partydeck.app.MainActivity
      imeSurfaceParentName=Surface(name=ActivityRecord{227218455 u0 dev.partydeck.app/.MainActivity)/@0x560dd7
      editorInfo: inputType=0 privateImeOptions=null fieldId (viewId)=0
      focusedWindowSoftInputMode=STATE_UNSPECIFIED|ADJUST_RESIZE
    SoftInputShowHide[0] #2:
      time=2026-09-10 09:04:16.257 (timestamp=270984)
      reason=SHOW_SOFT_INPUT inFullscreenMode=false
      requestClient=ClientState{bf30bad mUid=10150 mPid=3577 mSelfReportedDisplayId=0}
      focusedWindowName=369a3df dev.partydeck.app/dev.partydeck.app.MainActivity
      requestWindowName=369a3df dev.partydeck.app/dev.partydeck.app.MainActivity
      imeControlTargetName=369a3df dev.partydeck.app/dev.partydeck.app.MainActivity
      imeTargetNameFromWm=369a3df dev.partydeck.app/dev.partydeck.app.MainActivity
      imeSurfaceParentName=Surface(name=ActivityRecord{227218455 u0 dev.partydeck.app/.MainActivity)/@0x560dd7
      editorInfo: inputType=0 privateImeOptions=null fieldId (viewId)=0
      focusedWindowSoftInputMode=STATE_UNSPECIFIED|ADJUST_RESIZE
    SoftInputShowHide[0] #3:
      time=2026-09-10 09:04:30.222 (timestamp=284950)
      reason=HIDE_SOFT_INPUT inFullscreenMode=false
      requestClient=ClientState{bf30bad mUid=10150 mPid=3577 mSelfReportedDisplayId=0}
      focusedWindowName=369a3df dev.partydeck.app/dev.partydeck.app.MainActivity
      requestWindowName=369a3df dev.partydeck.app/dev.partydeck.app.MainActivity
      imeControlTargetName=369a3df dev.partydeck.app/dev.partydeck.app.MainActivity
      imeTargetNameFromWm=369a3df dev.partydeck.app/dev.partydeck.app.MainActivity
      imeSurfaceParentName=Surface(name=ActivityRecord{227218455 u0 dev.partydeck.app/.MainActivity)/@0x560dd7
      editorInfo: inputType=0 privateImeOptions=null fieldId (viewId)=0
      focusedWindowSoftInputMode=STATE_UNSPECIFIED|ADJUST_RESIZE
    SoftInputShowHide[0] #4:
      time=2026-09-10 09:04:32.643 (timestamp=287371)
      reason=SHOW_SOFT_INPUT inFullscreenMode=false
      requestClient=ClientState{bf30bad mUid=10150 mPid=3577 mSelfReportedDisplayId=0}
      focusedWindowName=369a3df dev.partydeck.app/dev.partydeck.app.MainActivity
      requestWindowName=369a3df dev.partydeck.app/dev.partydeck.app.MainActivity
      imeControlTargetName=369a3df dev.partydeck.app/dev.partydeck.app.MainActivity
      imeTargetNameFromWm=369a3df dev.partydeck.app/dev.partydeck.app.MainActivity
      imeSurfaceParentName=Surface(name=ActivityRecord{227218455 u0 dev.partydeck.app/.MainActivity)/@0x560dd7
      editorInfo: inputType=0 privateImeOptions=null fieldId (viewId)=0
      focusedWindowSoftInputMode=STATE_UNSPECIFIED|ADJUST_RESIZE
    SoftInputShowHide[0] #5:
      time=2026-09-10 09:04:42.849 (timestamp=297576)
      reason=HIDE_SOFT_INPUT inFullscreenMode=false
      requestClient=ClientState{bf30bad mUid=10150 mPid=3577 mSelfReportedDisplayId=0}
      focusedWindowName=369a3df dev.partydeck.app/dev.partydeck.app.MainActivity
      requestWindowName=369a3df dev.partydeck.app/dev.partydeck.app.MainActivity
      imeControlTargetName=369a3df dev.partydeck.app/dev.partydeck.app.MainActivity
      imeTargetNameFromWm=369a3df dev.partydeck.app/dev.partydeck.app.MainActivity
      imeSurfaceParentName=Surface(name=ActivityRecord{227218455 u0 dev.partydeck.app/.MainActivity)/@0x560dd7
      editorInfo: inputType=0 privateImeOptions=null fieldId (viewId)=0
      focusedWindowSoftInputMode=STATE_UNSPECIFIED|ADJUST_RESIZE
    SoftInputShowHide[0] #6:
      time=2026-09-10 09:04:49.520 (timestamp=304248)
      reason=SHOW_SOFT_INPUT inFullscreenMode=false
      requestClient=ClientState{bf30bad mUid=10150 mPid=3577 mSelfReportedDisplayId=0}
      focusedWindowName=369a3df dev.partydeck.app/dev.partydeck.app.MainActivity
      requestWindowName=369a3df dev.partydeck.app/dev.partydeck.app.MainActivity
      imeControlTargetName=369a3df dev.partydeck.app/dev.partydeck.app.MainActivity
      imeTargetNameFromWm=369a3df dev.partydeck.app/dev.partydeck.app.MainActivity
      imeSurfaceParentName=Surface(name=ActivityRecord{227218455 u0 dev.partydeck.app/.MainActivity)/@0x560dd7
      editorInfo: inputType=0 privateImeOptions=null fieldId (viewId)=0
      focusedWindowSoftInputMode=STATE_UNSPECIFIED|ADJUST_RESIZE
    SoftInputShowHide[0] #7:
      time=2026-09-10 09:05:00.262 (timestamp=314990)
      reason=HIDE_SOFT_INPUT inFullscreenMode=false
      requestClient=ClientState{bf30bad mUid=10150 mPid=3577 mSelfReportedDisplayId=0}
      focusedWindowName=369a3df dev.partydeck.app/dev.partydeck.app.MainActivity
      requestWindowName=369a3df dev.partydeck.app/dev.partydeck.app.MainActivity
      imeControlTargetName=369a3df dev.partydeck.app/dev.partydeck.app.MainActivity
      imeTargetNameFromWm=369a3df dev.partydeck.app/dev.partydeck.app.MainActivity
      imeSurfaceParentName=Surface(name=ActivityRecord{227218455 u0 dev.partydeck.app/.MainActivity)/@0x560dd7
      editorInfo: inputType=0 privateImeOptions=null fieldId (viewId)=0
      focusedWindowSoftInputMode=STATE_UNSPECIFIED|ADJUST_RESIZE
    SoftInputShowHide[0] #8:
      time=2026-09-10 09:06:32.720 (timestamp=407448)
      reason=SHOW_SOFT_INPUT inFullscreenMode=false
      requestClient=ClientState{4350374 mUid=10150 mPid=5679 mSelfReportedDisplayId=0}
      focusedWindowName=e744975 dev.partydeck.app/dev.partydeck.app.MainActivity
      requestWindowName=e744975 dev.partydeck.app/dev.partydeck.app.MainActivity
      imeControlTargetName=e744975 dev.partydeck.app/dev.partydeck.app.MainActivity
      imeTargetNameFromWm=e744975 dev.partydeck.app/dev.partydeck.app.MainActivity
      imeSurfaceParentName=Surface(name=ActivityRecord{196183653 u0 dev.partydeck.app/.MainActivity)/@0x31b5af9
      editorInfo: inputType=0 privateImeOptions=null fieldId (viewId)=0
      focusedWindowSoftInputMode=STATE_UNSPECIFIED|ADJUST_RESIZE
  mImeTrackerService#History:
    mLiveEntries: 0 elements
    mEntries: 82 elements
      #0 TYPE_HIDE - STATUS_FAIL - com.android.settings:fbc9ddad (211ms):
        startTime=2026-09-10 09:00:17.209 ORIGIN_SERVER
        reason=HIDE_UNSPECIFIED_WINDOW PHASE_CLIENT_HANDLE_SET_IME_VISIBILITY
        requestWindowName=not set
      #1 TYPE_HIDE - STATUS_CANCEL - com.android.settings:f6df27d5 (84ms):
        startTime=2026-09-10 09:00:17.650 ORIGIN_SERVER
        reason=HIDE_UNSPECIFIED_WINDOW PHASE_CLIENT_ALREADY_HIDDEN
        requestWindowName=not set
      #2 TYPE_HIDE - STATUS_CANCEL - system_server:e22c8e74 (7ms):
        startTime=2026-09-10 09:00:19.339 ORIGIN_SERVER
        reason=IME_REQUESTED_CHANGED_LISTENER PHASE_SERVER_SHOULD_HIDE
        requestWindowName=not set
      #3 TYPE_HIDE - STATUS_CANCEL - system_server:3cf803f8 (61ms):
        startTime=2026-09-10 09:00:19.394 ORIGIN_SERVER
        reason=IME_REQUESTED_CHANGED_LISTENER PHASE_SERVER_SHOULD_HIDE
        requestWindowName=not set
      #5 TYPE_HIDE - STATUS_CANCEL - system_server:e4a999c6 (6ms):
        startTime=2026-09-10 09:00:21.028 ORIGIN_SERVER
        reason=IME_REQUESTED_CHANGED_LISTENER PHASE_SERVER_SHOULD_HIDE
        requestWindowName=not set
      #4 TYPE_HIDE - STATUS_CANCEL - com.android.launcher3:61ab2718 (520ms):
        startTime=2026-09-10 09:00:20.987 ORIGIN_SERVER
        reason=HIDE_UNSPECIFIED_WINDOW PHASE_CLIENT_ALREADY_HIDDEN
        requestWindowName=not set
      #7 TYPE_HIDE - STATUS_CANCEL - system_server:73078e8f (0ms):
        startTime=2026-09-10 09:00:23.847 ORIGIN_SERVER
        reason=IME_REQUESTED_CHANGED_LISTENER PHASE_SERVER_SHOULD_HIDE
        requestWindowName=not set
      #6 TYPE_HIDE - STATUS_CANCEL - com.android.launcher3:4f2d7477 (192ms):
        startTime=2026-09-10 09:00:23.841 ORIGIN_SERVER
        reason=HIDE_UNSPECIFIED_WINDOW PHASE_CLIENT_ALREADY_HIDDEN
        requestWindowName=not set
      #9 TYPE_HIDE - STATUS_CANCEL - system_server:162bcb2b (1ms):
        startTime=2026-09-10 09:00:46.512 ORIGIN_SERVER
        reason=IME_REQUESTED_CHANGED_LISTENER PHASE_SERVER_SHOULD_HIDE
        requestWindowName=not set
      #8 TYPE_HIDE - STATUS_CANCEL - dev.partydeck.app:a0d6055a (44ms):
        startTime=2026-09-10 09:00:46.499 ORIGIN_SERVER
        reason=HIDE_UNSPECIFIED_WINDOW PHASE_CLIENT_ALREADY_HIDDEN
        requestWindowName=not set
      #11 TYPE_HIDE - STATUS_CANCEL - system_server:8f7ad3de (1ms):
        startTime=2026-09-10 09:01:19.526 ORIGIN_SERVER
        reason=IME_REQUESTED_CHANGED_LISTENER PHASE_SERVER_SHOULD_HIDE
        requestWindowName=not set
      #10 TYPE_HIDE - STATUS_CANCEL - dev.partydeck.app:1af53c13 (12ms):
        startTime=2026-09-10 09:01:19.523 ORIGIN_SERVER
        reason=HIDE_UNSPECIFIED_WINDOW PHASE_CLIENT_ALREADY_HIDDEN
        requestWindowName=not set
      #12 TYPE_HIDE - STATUS_CANCEL - system_server:6fffe25c (1ms):
        startTime=2026-09-10 09:01:21.441 ORIGIN_SERVER
        reason=IME_REQUESTED_CHANGED_LISTENER PHASE_SERVER_SHOULD_HIDE
        requestWindowName=not set
      #13 TYPE_HIDE - STATUS_CANCEL - dev.partydeck.app:fc3aebfb (1ms):
        startTime=2026-09-10 09:01:21.644 ORIGIN_SERVER
        reason=HIDE_UNSPECIFIED_WINDOW PHASE_CLIENT_ALREADY_HIDDEN
        requestWindowName=not set
      #14 TYPE_HIDE - STATUS_CANCEL - system_server:8a62a211 (1ms):
        startTime=2026-09-10 09:01:21.648 ORIGIN_SERVER
        reason=IME_REQUESTED_CHANGED_LISTENER PHASE_SERVER_SHOULD_HIDE
        requestWindowName=not set
      #15 TYPE_HIDE - STATUS_CANCEL - dev.partydeck.app:fe4963e3 (4ms):
        startTime=2026-09-10 09:01:45.616 ORIGIN_SERVER
        reason=HIDE_REMOVE_CLIENT PHASE_SERVER_SHOULD_HIDE
        requestWindowName=not set
      #16 TYPE_HIDE - STATUS_CANCEL - system_server:53c680ef (172ms):
        startTime=2026-09-10 09:01:46.384 ORIGIN_SERVER
        reason=IME_REQUESTED_CHANGED_LISTENER PHASE_SERVER_SHOULD_HIDE
        requestWindowName=not set
      #18 TYPE_HIDE - STATUS_CANCEL - system_server:e1155cc (10ms):
        startTime=2026-09-10 09:01:47.380 ORIGIN_SERVER
        reason=IME_REQUESTED_CHANGED_LISTENER PHASE_SERVER_SHOULD_HIDE
        requestWindowName=not set
      #17 TYPE_HIDE - STATUS_CANCEL - dev.partydeck.app:b55def2a (56ms):
        startTime=2026-09-10 09:01:47.336 ORIGIN_SERVER
        reason=HIDE_UNSPECIFIED_WINDOW PHASE_CLIENT_ALREADY_HIDDEN
        requestWindowName=not set
      #19 TYPE_HIDE - STATUS_CANCEL - com.android.launcher3:8487662b (5ms):
        startTime=2026-09-10 09:02:48.948 ORIGIN_SERVER
        reason=HIDE_UNSPECIFIED_WINDOW PHASE_CLIENT_ALREADY_HIDDEN
        requestWindowName=not set
      #20 TYPE_HIDE - STATUS_CANCEL - system_server:f8d90d0e (629ms):
        startTime=2026-09-10 09:02:48.953 ORIGIN_SERVER
        reason=IME_REQUESTED_CHANGED_LISTENER PHASE_SERVER_SHOULD_HIDE
        requestWindowName=not set
      #21 TYPE_HIDE - STATUS_CANCEL - dev.partydeck.app:34c688f8 (3ms):
        startTime=2026-09-10 09:02:51.480 ORIGIN_SERVER
        reason=HIDE_UNSPECIFIED_WINDOW PHASE_CLIENT_ALREADY_HIDDEN
        requestWindowName=not set
      #22 TYPE_HIDE - STATUS_CANCEL - system_server:af1920df (2ms):
        startTime=2026-09-10 09:02:51.484 ORIGIN_SERVER
        reason=IME_REQUESTED_CHANGED_LISTENER PHASE_SERVER_SHOULD_HIDE
        requestWindowName=not set
      #24 TYPE_HIDE - STATUS_CANCEL - system_server:bdb3391e (1ms):
        startTime=2026-09-10 09:03:17.400 ORIGIN_SERVER
        reason=IME_REQUESTED_CHANGED_LISTENER PHASE_SERVER_SHOULD_HIDE
        requestWindowName=not set
      #23 TYPE_HIDE - STATUS_CANCEL - dev.partydeck.app:652add98 (24ms):
        startTime=2026-09-10 09:03:17.397 ORIGIN_SERVER
        reason=HIDE_UNSPECIFIED_WINDOW PHASE_CLIENT_ALREADY_HIDDEN
        requestWindowName=not set
      #25 TYPE_HIDE - STATUS_CANCEL - system_server:654c3b30 (1ms):
        startTime=2026-09-10 09:03:19.324 ORIGIN_SERVER
        reason=IME_REQUESTED_CHANGED_LISTENER PHASE_SERVER_SHOULD_HIDE
        requestWindowName=not set
      #26 TYPE_HIDE - STATUS_CANCEL - dev.partydeck.app:c7c49fb2 (8ms):
        startTime=2026-09-10 09:03:19.486 ORIGIN_SERVER
        reason=HIDE_UNSPECIFIED_WINDOW PHASE_CLIENT_ALREADY_HIDDEN
        requestWindowName=not set
      #27 TYPE_HIDE - STATUS_CANCEL - system_server:10b223c3 (5ms):
        startTime=2026-09-10 09:03:19.489 ORIGIN_SERVER
        reason=IME_REQUESTED_CHANGED_LISTENER PHASE_SERVER_SHOULD_HIDE
        requestWindowName=not set
      #29 TYPE_SHOW - STATUS_CANCEL - dev.partydeck.app:95da4d98 (4ms):
        startTime=2026-09-10 09:03:28.086 ORIGIN_CLIENT
        reason=SHOW_SOFT_INPUT PHASE_CLIENT_REPORT_REQUESTED_VISIBLE_TYPES
        requestWindowName=not set
      #28 TYPE_SHOW - STATUS_SUCCESS - dev.partydeck.app:3192597f (1091ms):
        startTime=2026-09-10 09:03:28.030 ORIGIN_CLIENT
        reason=SHOW_SOFT_INPUT_BY_INSETS_API PHASE_CLIENT_ANIMATION_FINISHED_SHOW
        requestWindowName=369a3df dev.partydeck.app/dev.partydeck.app.MainActivity
      #30 TYPE_HIDE - STATUS_CANCEL - com.android.inputmethod.latin:462958d (1ms):
        startTime=2026-09-10 09:03:38.694 ORIGIN_IME
        reason=HIDE_SOFT_INPUT_BY_BACK_KEY PHASE_CLIENT_ALREADY_HIDDEN
        requestWindowName=not set
      #31 TYPE_HIDE - STATUS_SUCCESS - system_server:99724b8b (2ms):
        startTime=2026-09-10 09:03:38.724 ORIGIN_SERVER
        reason=IME_REQUESTED_CHANGED_LISTENER PHASE_CLIENT_NOTIFY_IME_VISIBILITY_CHANGED
        requestWindowName=not set
      #32 TYPE_SHOW - STATUS_CANCEL - system_server:d1ff6648 (79ms):
        startTime=2026-09-10 09:03:38.882 ORIGIN_SERVER
        reason=CONTROLS_CHANGED PHASE_CLIENT_ON_CONTROLS_CHANGED
        requestWindowName=not set
      #33 TYPE_HIDE - STATUS_CANCEL - system_server:4b2549ba (0ms):
        startTime=2026-09-10 09:03:39.241 ORIGIN_SERVER
        reason=IME_REQUESTED_CHANGED_LISTENER PHASE_SERVER_SHOULD_HIDE
        requestWindowName=not set
      #34 TYPE_HIDE - STATUS_CANCEL - dev.partydeck.app:d60b1da9 (4ms):
        startTime=2026-09-10 09:03:40.916 ORIGIN_CLIENT
        reason=HIDE_SOFT_INPUT_BY_INSETS_API PHASE_CLIENT_ALREADY_HIDDEN
        requestWindowName=not set
      #35 TYPE_HIDE - STATUS_CANCEL - dev.partydeck.app:39aa64c5 (49ms):
        startTime=2026-09-10 09:03:46.128 ORIGIN_SERVER
        reason=HIDE_UNSPECIFIED_WINDOW PHASE_CLIENT_ALREADY_HIDDEN
        requestWindowName=not set
      #36 TYPE_HIDE - STATUS_CANCEL - system_server:9a712c17 (0ms):
        startTime=2026-09-10 09:03:46.181 ORIGIN_SERVER
        reason=IME_REQUESTED_CHANGED_LISTENER PHASE_SERVER_SHOULD_HIDE
        requestWindowName=not set
      #38 TYPE_HIDE - STATUS_CANCEL - system_server:b39aa84a (1ms):
        startTime=2026-09-10 09:03:56.539 ORIGIN_SERVER
        reason=IME_REQUESTED_CHANGED_LISTENER PHASE_SERVER_SHOULD_HIDE
        requestWindowName=not set
      #37 TYPE_HIDE - STATUS_CANCEL - com.android.intentresolver:48eeca47 (343ms):
        startTime=2026-09-10 09:03:56.529 ORIGIN_SERVER
        reason=HIDE_UNSPECIFIED_WINDOW PHASE_CLIENT_ALREADY_HIDDEN
        requestWindowName=not set
      #39 TYPE_HIDE - STATUS_CANCEL - dev.partydeck.app:d0d6309f (1ms):
        startTime=2026-09-10 09:03:58.502 ORIGIN_SERVER
        reason=HIDE_UNSPECIFIED_WINDOW PHASE_CLIENT_ALREADY_HIDDEN
        requestWindowName=not set
      #40 TYPE_HIDE - STATUS_CANCEL - system_server:610e1e48 (7ms):
        startTime=2026-09-10 09:03:58.504 ORIGIN_SERVER
        reason=IME_REQUESTED_CHANGED_LISTENER PHASE_SERVER_SHOULD_HIDE
        requestWindowName=not set
      #41 TYPE_HIDE - STATUS_CANCEL - system_server:97e8c14b (1ms):
        startTime=2026-09-10 09:04:00.856 ORIGIN_SERVER
        reason=IME_REQUESTED_CHANGED_LISTENER PHASE_SERVER_SHOULD_HIDE
        requestWindowName=not set
      #43 TYPE_HIDE - STATUS_CANCEL - system_server:e9d2c9c4 (2ms):
        startTime=2026-09-10 09:04:00.943 ORIGIN_SERVER
        reason=IME_REQUESTED_CHANGED_LISTENER PHASE_SERVER_SHOULD_HIDE
        requestWindowName=not set
      #42 TYPE_HIDE - STATUS_CANCEL - dev.partydeck.app:9109a0e3 (39ms):
        startTime=2026-09-10 09:04:00.940 ORIGIN_SERVER
        reason=HIDE_UNSPECIFIED_WINDOW PHASE_CLIENT_ALREADY_HIDDEN
        requestWindowName=not set
      #44 TYPE_HIDE - STATUS_CANCEL - dev.partydeck.app:5df75fdd (2ms):
        startTime=2026-09-10 09:04:05.614 ORIGIN_SERVER
        reason=HIDE_UNSPECIFIED_WINDOW PHASE_CLIENT_ALREADY_HIDDEN
        requestWindowName=not set
      #45 TYPE_HIDE - STATUS_CANCEL - system_server:e28580c3 (1ms):
        startTime=2026-09-10 09:04:05.619 ORIGIN_SERVER
        reason=IME_REQUESTED_CHANGED_LISTENER PHASE_SERVER_SHOULD_HIDE
        requestWindowName=not set
      #46 TYPE_HIDE - STATUS_CANCEL - system_server:dac45837 (5ms):
        startTime=2026-09-10 09:04:07.561 ORIGIN_SERVER
        reason=IME_REQUESTED_CHANGED_LISTENER PHASE_SERVER_SHOULD_HIDE
        requestWindowName=not set
      #48 TYPE_HIDE - STATUS_CANCEL - system_server:ab8cffc8 (1ms):
        startTime=2026-09-10 09:04:07.782 ORIGIN_SERVER
        reason=IME_REQUESTED_CHANGED_LISTENER PHASE_SERVER_SHOULD_HIDE
        requestWindowName=not set
      #47 TYPE_HIDE - STATUS_CANCEL - dev.partydeck.app:34f1174f (11ms):
        startTime=2026-09-10 09:04:07.776 ORIGIN_SERVER
        reason=HIDE_UNSPECIFIED_WINDOW PHASE_CLIENT_ALREADY_HIDDEN
        requestWindowName=not set
      #50 TYPE_SHOW - STATUS_CANCEL - dev.partydeck.app:dcb3212e (3ms):
        startTime=2026-09-10 09:04:16.281 ORIGIN_CLIENT
        reason=SHOW_SOFT_INPUT PHASE_CLIENT_REPORT_REQUESTED_VISIBLE_TYPES
        requestWindowName=not set
      #49 TYPE_SHOW - STATUS_SUCCESS - dev.partydeck.app:2d7e358 (708ms):
        startTime=2026-09-10 09:04:16.252 ORIGIN_CLIENT
        reason=SHOW_SOFT_INPUT_BY_INSETS_API PHASE_CLIENT_ANIMATION_FINISHED_SHOW
        requestWindowName=369a3df dev.partydeck.app/dev.partydeck.app.MainActivity
      #51 TYPE_HIDE - STATUS_CANCEL - com.android.inputmethod.latin:f2e230ae (3ms):
        startTime=2026-09-10 09:04:30.184 ORIGIN_IME
        reason=HIDE_SOFT_INPUT_BY_BACK_KEY PHASE_CLIENT_ALREADY_HIDDEN
        requestWindowName=not set
      #52 TYPE_HIDE - STATUS_SUCCESS - system_server:addcaacc (16ms):
        startTime=2026-09-10 09:04:30.211 ORIGIN_SERVER
        reason=IME_REQUESTED_CHANGED_LISTENER PHASE_WM_NOTIFY_IME_VISIBILITY_CHANGED_FROM_CLIENT
        requestWindowName=369a3df dev.partydeck.app/dev.partydeck.app.MainActivity
      #53 TYPE_SHOW - STATUS_CANCEL - system_server:f25db147 (254ms):
        startTime=2026-09-10 09:04:30.256 ORIGIN_SERVER
        reason=CONTROLS_CHANGED PHASE_CLIENT_ON_CONTROLS_CHANGED
        requestWindowName=not set
      #54 TYPE_HIDE - STATUS_CANCEL - system_server:120532d6 (0ms):
        startTime=2026-09-10 09:04:30.767 ORIGIN_SERVER
        reason=IME_REQUESTED_CHANGED_LISTENER PHASE_SERVER_SHOULD_HIDE
        requestWindowName=not set
      #55 TYPE_HIDE - STATUS_CANCEL - dev.partydeck.app:e376c00b (0ms):
        startTime=2026-09-10 09:04:32.598 ORIGIN_CLIENT
        reason=HIDE_SOFT_INPUT_BY_INSETS_API PHASE_CLIENT_ALREADY_HIDDEN
        requestWindowName=not set
      #57 TYPE_SHOW - STATUS_CANCEL - dev.partydeck.app:361aca71 (3ms):
        startTime=2026-09-10 09:04:32.698 ORIGIN_CLIENT
        reason=SHOW_SOFT_INPUT PHASE_CLIENT_REPORT_REQUESTED_VISIBLE_TYPES
        requestWindowName=not set
      #56 TYPE_SHOW - STATUS_SUCCESS - dev.partydeck.app:e2c120f6 (383ms):
        startTime=2026-09-10 09:04:32.638 ORIGIN_CLIENT
        reason=SHOW_SOFT_INPUT_BY_INSETS_API PHASE_CLIENT_ANIMATION_FINISHED_SHOW
        requestWindowName=369a3df dev.partydeck.app/dev.partydeck.app.MainActivity
      #58 TYPE_HIDE - STATUS_CANCEL - com.android.inputmethod.latin:f9b3ad49 (3ms):
        startTime=2026-09-10 09:04:42.810 ORIGIN_IME
        reason=HIDE_SOFT_INPUT_BY_BACK_KEY PHASE_CLIENT_ALREADY_HIDDEN
        requestWindowName=not set
      #59 TYPE_HIDE - STATUS_SUCCESS - system_server:7d47a87e (17ms):
        startTime=2026-09-10 09:04:42.839 ORIGIN_SERVER
        reason=IME_REQUESTED_CHANGED_LISTENER PHASE_CLIENT_NOTIFY_IME_VISIBILITY_CHANGED
        requestWindowName=369a3df dev.partydeck.app/dev.partydeck.app.MainActivity
      #60 TYPE_SHOW - STATUS_CANCEL - system_server:77641b26 (195ms):
        startTime=2026-09-10 09:04:42.946 ORIGIN_SERVER
        reason=CONTROLS_CHANGED PHASE_CLIENT_ON_CONTROLS_CHANGED
        requestWindowName=not set
      #61 TYPE_HIDE - STATUS_CANCEL - system_server:59bf375c (1ms):
        startTime=2026-09-10 09:04:43.357 ORIGIN_SERVER
        reason=IME_REQUESTED_CHANGED_LISTENER PHASE_SERVER_SHOULD_HIDE
        requestWindowName=not set
      #62 TYPE_HIDE - STATUS_CANCEL - dev.partydeck.app:e413d0a2 (0ms):
        startTime=2026-09-10 09:04:45.069 ORIGIN_CLIENT
        reason=HIDE_SOFT_INPUT_BY_INSETS_API PHASE_CLIENT_ALREADY_HIDDEN
        requestWindowName=not set
      #64 TYPE_SHOW - STATUS_CANCEL - dev.partydeck.app:bfcdc8d9 (2ms):
        startTime=2026-09-10 09:04:49.532 ORIGIN_CLIENT
        reason=SHOW_SOFT_INPUT PHASE_CLIENT_REPORT_REQUESTED_VISIBLE_TYPES
        requestWindowName=not set
      #63 TYPE_SHOW - STATUS_SUCCESS - dev.partydeck.app:b3370008 (752ms):
        startTime=2026-09-10 09:04:49.512 ORIGIN_CLIENT
        reason=SHOW_SOFT_INPUT_BY_INSETS_API PHASE_CLIENT_ANIMATION_FINISHED_SHOW
        requestWindowName=369a3df dev.partydeck.app/dev.partydeck.app.MainActivity
      #65 TYPE_HIDE - STATUS_CANCEL - com.android.inputmethod.latin:5b83fb06 (2ms):
        startTime=2026-09-10 09:05:00.231 ORIGIN_IME
        reason=HIDE_SOFT_INPUT_BY_BACK_KEY PHASE_CLIENT_ALREADY_HIDDEN
        requestWindowName=not set
      #66 TYPE_HIDE - STATUS_SUCCESS - system_server:424ed567 (6ms):
        startTime=2026-09-10 09:05:00.256 ORIGIN_SERVER
        reason=IME_REQUESTED_CHANGED_LISTENER PHASE_CLIENT_NOTIFY_IME_VISIBILITY_CHANGED
        requestWindowName=not set
      #67 TYPE_SHOW - STATUS_CANCEL - system_server:840b4c3c (306ms):
        startTime=2026-09-10 09:05:00.315 ORIGIN_SERVER
        reason=CONTROLS_CHANGED PHASE_CLIENT_ON_CONTROLS_CHANGED
        requestWindowName=not set
      #68 TYPE_HIDE - STATUS_CANCEL - system_server:2b758f46 (1ms):
        startTime=2026-09-10 09:05:00.814 ORIGIN_SERVER
        reason=IME_REQUESTED_CHANGED_LISTENER PHASE_SERVER_SHOULD_HIDE
        requestWindowName=not set
      #69 TYPE_HIDE - STATUS_CANCEL - dev.partydeck.app:2473c7c2 (1ms):
        startTime=2026-09-10 09:05:08.861 ORIGIN_CLIENT
        reason=HIDE_SOFT_INPUT_BY_INSETS_API PHASE_CLIENT_ALREADY_HIDDEN
        requestWindowName=not set
      #70 TYPE_HIDE - STATUS_CANCEL - dev.partydeck.app:b4f43bbb (1ms):
        startTime=2026-09-10 09:05:11.036 ORIGIN_SERVER
        reason=HIDE_REMOVE_CLIENT PHASE_SERVER_SHOULD_HIDE
        requestWindowName=not set
      #71 TYPE_HIDE - STATUS_CANCEL - system_server:f2040679 (0ms):
        startTime=2026-09-10 09:05:11.039 ORIGIN_SERVER
        reason=IME_REQUESTED_CHANGED_LISTENER PHASE_SERVER_SHOULD_HIDE
        requestWindowName=not set
      #73 TYPE_HIDE - STATUS_CANCEL - system_server:76f5f44 (15ms):
        startTime=2026-09-10 09:05:13.546 ORIGIN_SERVER
        reason=IME_REQUESTED_CHANGED_LISTENER PHASE_SERVER_SHOULD_HIDE
        requestWindowName=not set
      #72 TYPE_HIDE - STATUS_CANCEL - dev.partydeck.app:dea37f00 (228ms):
        startTime=2026-09-10 09:05:13.536 ORIGIN_SERVER
        reason=HIDE_UNSPECIFIED_WINDOW PHASE_CLIENT_ALREADY_HIDDEN
        requestWindowName=not set
      #75 TYPE_HIDE - STATUS_CANCEL - system_server:9c2e619a (3ms):
        startTime=2026-09-10 09:06:11.560 ORIGIN_SERVER
        reason=IME_REQUESTED_CHANGED_LISTENER PHASE_SERVER_SHOULD_HIDE
        requestWindowName=not set
      #74 TYPE_HIDE - STATUS_CANCEL - dev.partydeck.app:b5431f2f (19ms):
        startTime=2026-09-10 09:06:11.557 ORIGIN_SERVER
        reason=HIDE_UNSPECIFIED_WINDOW PHASE_CLIENT_ALREADY_HIDDEN
        requestWindowName=not set
      #76 TYPE_HIDE - STATUS_CANCEL - system_server:f459f605 (0ms):
        startTime=2026-09-10 09:06:13.486 ORIGIN_SERVER
        reason=IME_REQUESTED_CHANGED_LISTENER PHASE_SERVER_SHOULD_HIDE
        requestWindowName=not set
      #77 TYPE_HIDE - STATUS_CANCEL - dev.partydeck.app:ba2cc423 (2ms):
        startTime=2026-09-10 09:06:13.703 ORIGIN_SERVER
        reason=HIDE_UNSPECIFIED_WINDOW PHASE_CLIENT_ALREADY_HIDDEN
        requestWindowName=not set
      #78 TYPE_HIDE - STATUS_CANCEL - system_server:dc83d943 (3ms):
        startTime=2026-09-10 09:06:13.705 ORIGIN_SERVER
        reason=IME_REQUESTED_CHANGED_LISTENER PHASE_SERVER_SHOULD_HIDE
        requestWindowName=not set
      #80 TYPE_SHOW - STATUS_CANCEL - dev.partydeck.app:40a24993 (1ms):
        startTime=2026-09-10 09:06:32.757 ORIGIN_CLIENT
        reason=SHOW_SOFT_INPUT PHASE_CLIENT_REPORT_REQUESTED_VISIBLE_TYPES
        requestWindowName=not set
      #79 TYPE_SHOW - STATUS_CANCEL - dev.partydeck.app:473f34c (780ms):
        startTime=2026-09-10 09:06:32.709 ORIGIN_CLIENT
        reason=SHOW_SOFT_INPUT_BY_INSETS_API PHASE_WM_POST_LAYOUT_NOTIFY_CONTROLS_CHANGED
        requestWindowName=e744975 dev.partydeck.app/dev.partydeck.app.MainActivity
      #81 TYPE_SHOW - STATUS_SUCCESS - system_server:deb5e5b5 (119ms):
        startTime=2026-09-10 09:06:33.501 ORIGIN_SERVER
        reason=CONTROLS_CHANGED PHASE_CLIENT_ANIMATION_FINISHED_SHOW
        requestWindowName=not set
  UserId=0
    mBindingController:
      mSelectedMethodId=com.android.inputmethod.latin/.LatinIME
      mCurrentSubtype=android.view.inputmethod.InputMethodSubtype@c9194f98
      mCurSeq=33
      mCurId=com.android.inputmethod.latin/.LatinIME
      mHasMainConnection=true
      mVisibleBound=true
      mCurToken=android.os.Binder@80d0866
      mCurTokenDisplayId=0
      mCurHostInputToken=null
      mCurIntent=Intent { act=android.view.InputMethod xflg=0x4 cmp=com.android.inputmethod.latin/.LatinIME (has extras) }
      mCurMethod=com.android.server.inputmethod.IInputMethodInvoker@988833
      mImeWindowVis=3
      mBackDisposition=0
      mDisplayIdToShowIme=0
      mDeviceIdToShowIme=0
      mSupportsStylusHw=false
      mSupportsConnectionlessStylusHw=false
    mCurClient=ClientState{4350374 mUid=10150 mPid=5679 mSelfReportedDisplayId=0}
    mFocusedWindowPerceptible={null=true, android.os.BinderProxy@ea8ffeb=true, android.os.BinderProxy@e7875e1=true, android.os.BinderProxy@b807ae4=true, android.os.BinderProxy@7064473=true, android.os.BinderProxy@e3c587d=true, android.os.BinderProxy@b5408ac=true, android.os.BinderProxy@cba027e=true, android.os.BinderProxy@20cf810=true, android.os.BinderProxy@fcd2e2b=true, android.os.BinderProxy@dea5262=true}
    mImeBindingState:
      mFocusedWindow=android.os.BinderProxy@b5408ac
      mFocusedWindowSoftInputMode=STATE_UNSPECIFIED|ADJUST_RESIZE
      mFocusedWindowClient=ClientState{4350374 mUid=10150 mPid=5679 mSelfReportedDisplayId=0}
    mBoundToMethod=true
    mEnabledSession=SessionState{uid=10150 pid=5679 method=575f0c0 session=9164912 channel=ClientState{4350374 mUid=10150 mPid=5679 mSelfReportedDisplayId=0} userId=0}
    mVisibilityStateComputer:
      mRequestedShowExplicitly=true mShowForced=false
      mImeHiddenByDisplayPolicy=false
      mInputShown=true
      mLastImeTargetWindow=android.os.BinderProxy@b5408ac
    mInFullscreenMode=false
    Input Methods:
      InputMethod #0:
        mId=com.android.inputmethod.latin/.LatinIME mSettingsActivityName=com.android.inputmethod.latin.settings.SettingsActivity mLanguageSettingsActivityName=null mIsVrOnly=false mIsVirtualDeviceOnly=false mSupportsSwitchingToNextInputMethod=true mInlineSuggestionsEnabled=false mSupportsInlineSuggestionsWithTouchExploration=false mSuppressesSpellChecker=false mShowInInputMethodPicker=true mSupportsStylusHandwriting=false mSupportsConnectionlessStylusHandwriting=false mStylusHandwritingSettingsActivityAttr=null
        mIsDefaultResId=0x7f050012
        Service:
          priority=0 preferredOrder=0 match=0x108000 specificIndex=-1 isDefault=false
          ServiceInfo:
            name=com.android.inputmethod.latin.LatinIME
            packageName=com.android.inputmethod.latin
            labelRes=0x7f0f0053 nonLocalizedLabel=null icon=0x0 banner=0x0
            enabled=true exported=true directBootAware=true
            permission=android.permission.BIND_INPUT_METHOD
            flags=0x100000
            ApplicationInfo:
              packageName=com.android.inputmethod.latin
              labelRes=0x7f0f0053 nonLocalizedLabel=null icon=0x7f08009e banner=0x0
              processName=com.android.inputmethod.latin
              taskAffinity=com.android.inputmethod.latin
              uid=10113 flags=0x30c8be45 privateFlags=0x8c081060 theme=0x0
              requiresSmallestWidthDp=0 compatibleWidthLimitDp=0 largestWidthLimitDp=0
              sourceDir=/product/app/LatinIME/LatinIME.apk
              resourceDirs=[/product/overlay/EmulationPixel7/EmulationPixel7Overlay.apk]
              overlayPaths=[/product/overlay/EmulationPixel7/EmulationPixel7Overlay.apk]
              seinfo=default:targetSdkVersion=30:partition=product
              seinfoUser=:complete
              dataDir=/data/user_de/0/com.android.inputmethod.latin
              deviceProtectedDataDir=/data/user_de/0/com.android.inputmethod.latin
              credentialProtectedDataDir=/data/user/0/com.android.inputmethod.latin
              enabled=true minSdkVersion=21 targetSdkVersion=30 versionCode=30 targetSandboxVersion=1
              supportsRtl=true
              fullBackupContent=true
              crossProfile=false
              HiddenApiEnforcementPolicy=2
              usesNonSdkApi=false
              allowsPlaybackCapture=true
              nativeHeapZeroInitialized=0
              enableOnBackInvokedCallback=false
              allowCrossUidActivitySwitchFromBelow=true
              mPageSizeAppCompatFlags=0
              createTimestamp=326306
        InputMethodSubtype array: count=81
          InputMethodSubtype #0:
            mSubtypeNameOverride= mLayoutLabelNonLocalized= mPkLanguageTag= mPkLayoutType= mSubtypeId=-921088104 mSubtypeLocale=en_US mSubtypeLanguageTag=en-US mSubtypeMode=keyboard mIsAuxiliary=false mOverridesImplicitlyEnabledSubtype=false mIsAsciiCapable=true mSubtypeHashCode=-921088104
          InputMethodSubtype #1:
            mSubtypeNameOverride= mLayoutLabelNonLocalized= mPkLanguageTag= mPkLayoutType= mSubtypeId=-1337596075 mSubtypeLocale=en_GB mSubtypeLanguageTag=en-GB mSubtypeMode=keyboard mIsAuxiliary=false mOverridesImplicitlyEnabledSubtype=false mIsAsciiCapable=true mSubtypeHashCode=-1337596075
          InputMethodSubtype #2:
            mSubtypeNameOverride= mLayoutLabelNonLocalized= mPkLanguageTag= mPkLayoutType= mSubtypeId=1872175968 mSubtypeLocale=af mSubtypeLanguageTag= mSubtypeMode=keyboard mIsAuxiliary=false mOverridesImplicitlyEnabledSubtype=false mIsAsciiCapable=true mSubtypeHashCode=1872175968
          InputMethodSubtype #3:
            mSubtypeNameOverride= mLayoutLabelNonLocalized= mPkLanguageTag= mPkLayoutType= mSubtypeId=1494081088 mSubtypeLocale=ar mSubtypeLanguageTag= mSubtypeMode=keyboard mIsAuxiliary=false mOverridesImplicitlyEnabledSubtype=false mIsAsciiCapable=false mSubtypeHashCode=1494081088
          InputMethodSubtype #4:
            mSubtypeNameOverride= mLayoutLabelNonLocalized= mPkLanguageTag= mPkLayoutType= mSubtypeId=1890646388 mSubtypeLocale=az_AZ mSubtypeLanguageTag= mSubtypeMode=keyboard mIsAuxiliary=false mOverridesImplicitlyEnabledSubtype=false mIsAsciiCapable=true mSubtypeHashCode=1890646388
          InputMethodSubtype #5:
            mSubtypeNameOverride= mLayoutLabelNonLocalized= mPkLanguageTag= mPkLayoutType= mSubtypeId=499361881 mSubtypeLocale=be_BY mSubtypeLanguageTag= mSubtypeMode=keyboard mIsAuxiliary=false mOverridesImplicitlyEnabledSubtype=false mIsAsciiCapable=false mSubtypeHashCode=499361881
          InputMethodSubtype #6:
            mSubtypeNameOverride= mLayoutLabelNonLocalized= mPkLanguageTag= mPkLayoutType= mSubtypeId=195674344 mSubtypeLocale=bg mSubtypeLanguageTag= mSubtypeMode=keyboard mIsAuxiliary=false mOverridesImplicitlyEnabledSubtype=false mIsAsciiCapable=false mSubtypeHashCode=195674344
          InputMethodSubtype #7:
            mSubtypeNameOverride= mLayoutLabelNonLocalized= mPkLanguageTag= mPkLayoutType= mSubtypeId=1599191706 mSubtypeLocale=bg mSubtypeLanguageTag= mSubtypeMode=keyboard mIsAuxiliary=false mOverridesImplicitlyEnabledSubtype=false mIsAsciiCapable=false mSubtypeHashCode=1599191706
          InputMethodSubtype #8:
            mSubtypeNameOverride= mLayoutLabelNonLocalized= mPkLanguageTag= mPkLayoutType= mSubtypeId=-1575728372 mSubtypeLocale=bn_BD mSubtypeLanguageTag= mSubtypeMode=keyboard mIsAuxiliary=false mOverridesImplicitlyEnabledSubtype=false mIsAsciiCapable=false mSubtypeHashCode=-1575728372
          InputMethodSubtype #9:
            mSubtypeNameOverride= mLayoutLabelNonLocalized= mPkLanguageTag= mPkLayoutType= mSubtypeId=-1074423700 mSubtypeLocale=bn_IN mSubtypeLanguageTag= mSubtypeMode=keyboard mIsAuxiliary=false mOverridesImplicitlyEnabledSubtype=false mIsAsciiCapable=false mSubtypeHashCode=-1074423700
          InputMethodSubtype #10:
            mSubtypeNameOverride= mLayoutLabelNonLocalized= mPkLanguageTag= mPkLayoutType= mSubtypeId=-756735787 mSubtypeLocale=ca mSubtypeLanguageTag= mSubtypeMode=keyboard mIsAuxiliary=false mOverridesImplicitlyEnabledSubtype=false mIsAsciiCapable=true mSubtypeHashCode=-756735787
          InputMethodSubtype #11:
            mSubtypeNameOverride= mLayoutLabelNonLocalized= mPkLanguageTag= mPkLayoutType= mSubtypeId=758984400 mSubtypeLocale=cs mSubtypeLanguageTag= mSubtypeMode=keyboard mIsAuxiliary=false mOverridesImplicitlyEnabledSubtype=false mIsAsciiCapable=true mSubtypeHashCode=758984400
          InputMethodSubtype #12:
            mSubtypeNameOverride= mLayoutLabelNonLocalized= mPkLanguageTag= mPkLayoutType= mSubtypeId=770990173 mSubtypeLocale=da mSubtypeLanguageTag= mSubtypeMode=keyboard mIsAuxiliary=false mOverridesImplicitlyEnabledSubtype=false mIsAsciiCapable=true mSubtypeHashCode=770990173
          InputMethodSubtype #13:
            mSubtypeNameOverride= mLayoutLabelNonLocalized= mPkLanguageTag= mPkLayoutType= mSubtypeId=774684257 mSubtypeLocale=de mSubtypeLanguageTag= mSubtypeMode=keyboard mIsAuxiliary=false mOverridesImplicitlyEnabledSubtype=false mIsAsciiCapable=true mSubtypeHashCode=774684257
          InputMethodSubtype #14:
            mSubtypeNameOverride= mLayoutLabelNonLocalized= mPkLanguageTag= mPkLayoutType= mSubtypeId=2060439722 mSubtypeLocale=de_CH mSubtypeLanguageTag= mSubtypeMode=keyboard mIsAuxiliary=false mOverridesImplicitlyEnabledSubtype=false mIsAsciiCapable=true mSubtypeHashCode=2060439722
          InputMethodSubtype #15:
            mSubtypeNameOverride= mLayoutLabelNonLocalized= mPkLanguageTag= mPkLayoutType= mSubtypeId=242746067 mSubtypeLocale=el mSubtypeLanguageTag= mSubtypeMode=keyboard mIsAuxiliary=false mOverridesImplicitlyEnabledSubtype=false mIsAsciiCapable=false mSubtypeHashCode=242746067
          InputMethodSubtype #16:
            mSubtypeNameOverride= mLayoutLabelNonLocalized= mPkLanguageTag= mPkLayoutType= mSubtypeId=-1923548115 mSubtypeLocale=en_IN mSubtypeLanguageTag= mSubtypeMode=keyboard mIsAuxiliary=false mOverridesImplicitlyEnabledSubtype=false mIsAsciiCapable=true mSubtypeHashCode=-1923548115
          InputMethodSubtype #17:
            mSubtypeNameOverride= mLayoutLabelNonLocalized= mPkLanguageTag= mPkLayoutType= mSubtypeId=1083200842 mSubtypeLocale=eo mSubtypeLanguageTag= mSubtypeMode=keyboard mIsAuxiliary=false mOverridesImplicitlyEnabledSubtype=false mIsAsciiCapable=false mSubtypeHashCode=1083200842
          InputMethodSubtype #18:
            mSubtypeNameOverride= mLayoutLabelNonLocalized= mPkLanguageTag= mPkLayoutType= mSubtypeId=816242702 mSubtypeLocale=es mSubtypeLanguageTag= mSubtypeMode=keyboard mIsAuxiliary=false mOverridesImplicitlyEnabledSubtype=false mIsAsciiCapable=true mSubtypeHashCode=816242702
          InputMethodSubtype #19:
            mSubtypeNameOverride= mLayoutLabelNonLocalized= mPkLanguageTag= mPkLayoutType= mSubtypeId=-2066550842 mSubtypeLocale=es_US mSubtypeLanguageTag= mSubtypeMode=keyboard mIsAuxiliary=false mOverridesImplicitlyEnabledSubtype=false mIsAsciiCapable=true mSubtypeHashCode=-2066550842
          InputMethodSubtype #20:
            mSubtypeNameOverride= mLayoutLabelNonLocalized= mPkLanguageTag= mPkLayoutType= mSubtypeId=-1572971239 mSubtypeLocale=es_419 mSubtypeLanguageTag= mSubtypeMode=keyboard mIsAuxiliary=false mOverridesImplicitlyEnabledSubtype=false mIsAsciiCapable=true mSubtypeHashCode=-1572971239
          InputMethodSubtype #21:
            mSubtypeNameOverride= mLayoutLabelNonLocalized= mPkLanguageTag= mPkLayoutType= mSubtypeId=-332580523 mSubtypeLocale=et_EE mSubtypeLanguageTag= mSubtypeMode=keyboard mIsAuxiliary=false mOverridesImplicitlyEnabledSubtype=false mIsAsciiCapable=true mSubtypeHashCode=-332580523
          InputMethodSubtype #22:
            mSubtypeNameOverride= mLayoutLabelNonLocalized= mPkLanguageTag= mPkLayoutType= mSubtypeId=118381575 mSubtypeLocale=eu_ES mSubtypeLanguageTag= mSubtypeMode=keyboard mIsAuxiliary=false mOverridesImplicitlyEnabledSubtype=false mIsAsciiCapable=true mSubtypeHashCode=118381575
          InputMethodSubtype #23:
            mSubtypeNameOverride= mLayoutLabelNonLocalized= mPkLanguageTag= mPkLayoutType= mSubtypeId=-1100561836 mSubtypeLocale=fa mSubtypeLanguageTag= mSubtypeMode=keyboard mIsAuxiliary=false mOverridesImplicitlyEnabledSubtype=false mIsAsciiCapable=false mSubtypeHashCode=-1100561836
          InputMethodSubtype #24:
            mSubtypeNameOverride= mLayoutLabelNonLocalized= mPkLanguageTag= mPkLayoutType= mSubtypeId=835636643 mSubtypeLocale=fi mSubtypeLanguageTag= mSubtypeMode=keyboard mIsAuxiliary=false mOverridesImplicitlyEnabledSubtype=false mIsAsciiCapable=true mSubtypeHashCode=835636643
          InputMethodSubtype #25:
            mSubtypeNameOverride= mLayoutLabelNonLocalized= mPkLanguageTag= mPkLayoutType= mSubtypeId=843948332 mSubtypeLocale=fr mSubtypeLanguageTag=fr mSubtypeMode=keyboard mIsAuxiliary=false mOverridesImplicitlyEnabledSubtype=false mIsAsciiCapable=true mSubtypeHashCode=843948332
          InputMethodSubtype #26:
            mSubtypeNameOverride= mLayoutLabelNonLocalized= mPkLanguageTag= mPkLayoutType= mSubtypeId=-354699631 mSubtypeLocale=fr_CA mSubtypeLanguageTag=fr-CA mSubtypeMode=keyboard mIsAuxiliary=false mOverridesImplicitlyEnabledSubtype=false mIsAsciiCapable=true mSubtypeHashCode=-354699631
          InputMethodSubtype #27:
            mSubtypeNameOverride= mLayoutLabelNonLocalized= mPkLanguageTag= mPkLayoutType= mSubtypeId=-354658827 mSubtypeLocale=fr_CH mSubtypeLanguageTag=fr-CH mSubtypeMode=keyboard mIsAuxiliary=false mOverridesImplicitlyEnabledSubtype=false mIsAsciiCapable=true mSubtypeHashCode=-354658827
          InputMethodSubtype #28:
            mSubtypeNameOverride= mLayoutLabelNonLocalized= mPkLanguageTag= mPkLayoutType= mSubtypeId=-1187424452 mSubtypeLocale=gl_ES mSubtypeLanguageTag= mSubtypeMode=keyboard mIsAuxiliary=false mOverridesImplicitlyEnabledSubtype=false mIsAsciiCapable=true mSubtypeHashCode=-1187424452
          InputMethodSubtype #29:
            mSubtypeNameOverride= mLayoutLabelNonLocalized= mPkLanguageTag= mPkLayoutType= mSubtypeId=963984255 mSubtypeLocale=hi mSubtypeLanguageTag= mSubtypeMode=keyboard mIsAuxiliary=false mOverridesImplicitlyEnabledSubtype=false mIsAsciiCapable=false mSubtypeHashCode=963984255
          InputMethodSubtype #30:
            mSubtypeNameOverride= mLayoutLabelNonLocalized= mPkLanguageTag= mPkLayoutType= mSubtypeId=-459503199 mSubtypeLocale=hi mSubtypeLanguageTag= mSubtypeMode=keyboard mIsAuxiliary=false mOverridesImplicitlyEnabledSubtype=false mIsAsciiCapable=false mSubtypeHashCode=-459503199
          InputMethodSubtype #31:
            mSubtypeNameOverride= mLayoutLabelNonLocalized= mPkLanguageTag= mPkLayoutType= mSubtypeId=901206634 mSubtypeLocale=hr mSubtypeLanguageTag= mSubtypeMode=keyboard mIsAuxiliary=false mOverridesImplicitlyEnabledSubtype=false mIsAsciiCapable=true mSubtypeHashCode=901206634
          InputMethodSubtype #32:
            mSubtypeNameOverride= mLayoutLabelNonLocalized= mPkLanguageTag= mPkLayoutType= mSubtypeId=903977197 mSubtypeLocale=hu mSubtypeLanguageTag= mSubtypeMode=keyboard mIsAuxiliary=false mOverridesImplicitlyEnabledSubtype=false mIsAsciiCapable=true mSubtypeHashCode=903977197
          InputMethodSubtype #33:
            mSubtypeNameOverride= mLayoutLabelNonLocalized= mPkLanguageTag= mPkLayoutType= mSubtypeId=-476396598 mSubtypeLocale=hy_AM mSubtypeLanguageTag= mSubtypeMode=keyboard mIsAuxiliary=false mOverridesImplicitlyEnabledSubtype=false mIsAsciiCapable=false mSubtypeHashCode=-476396598
          InputMethodSubtype #34:
            mSubtypeNameOverride= mLayoutLabelNonLocalized= mPkLanguageTag= mPkLayoutType= mSubtypeId=2108597344 mSubtypeLocale=in mSubtypeLanguageTag= mSubtypeMode=keyboard mIsAuxiliary=false mOverridesImplicitlyEnabledSubtype=false mIsAsciiCapable=true mSubtypeHashCode=2108597344
          InputMethodSubtype #35:
            mSubtypeNameOverride= mLayoutLabelNonLocalized= mPkLanguageTag= mPkLayoutType= mSubtypeId=2113214949 mSubtypeLocale=is mSubtypeLanguageTag= mSubtypeMode=keyboard mIsAuxiliary=false mOverridesImplicitlyEnabledSubtype=false mIsAsciiCapable=true mSubtypeHashCode=2113214949
          InputMethodSubtype #36:
            mSubtypeNameOverride= mLayoutLabelNonLocalized= mPkLanguageTag= mPkLayoutType= mSubtypeId=931682827 mSubtypeLocale=it mSubtypeLanguageTag= mSubtypeMode=keyboard mIsAuxiliary=false mOverridesImplicitlyEnabledSubtype=false mIsAsciiCapable=true mSubtypeHashCode=931682827
          InputMethodSubtype #37:
            mSubtypeNameOverride= mLayoutLabelNonLocalized= mPkLanguageTag= mPkLayoutType= mSubtypeId=-652935654 mSubtypeLocale=it_CH mSubtypeLanguageTag= mSubtypeMode=keyboard mIsAuxiliary=false mOverridesImplicitlyEnabledSubtype=false mIsAsciiCapable=true mSubtypeHashCode=-652935654
          InputMethodSubtype #38:
            mSubtypeNameOverride= mLayoutLabelNonLocalized= mPkLanguageTag= mPkLayoutType= mSubtypeId=1727731901 mSubtypeLocale=iw mSubtypeLanguageTag= mSubtypeMode=keyboard mIsAuxiliary=false mOverridesImplicitlyEnabledSubtype=false mIsAsciiCapable=false mSubtypeHashCode=1727731901
          InputMethodSubtype #39:
            mSubtypeNameOverride= mLayoutLabelNonLocalized= mPkLanguageTag= mPkLayoutType= mSubtypeId=1846648426 mSubtypeLocale=ka_GE mSubtypeLanguageTag= mSubtypeMode=keyboard mIsAuxiliary=false mOverridesImplicitlyEnabledSubtype=false mIsAsciiCapable=false mSubtypeHashCode=1846648426
          InputMethodSubtype #40:
            mSubtypeNameOverride= mLayoutLabelNonLocalized= mPkLanguageTag= mPkLayoutType= mSubtypeId=762565366 mSubtypeLocale=kk mSubtypeLanguageTag= mSubtypeMode=keyboard mIsAuxiliary=false mOverridesImplicitlyEnabledSubtype=false mIsAsciiCapable=false mSubtypeHashCode=762565366
          InputMethodSubtype #41:
            mSubtypeNameOverride= mLayoutLabelNonLocalized= mPkLanguageTag= mPkLayoutType= mSubtypeId=325412922 mSubtypeLocale=km_KH mSubtypeLanguageTag= mSubtypeMode=keyboard mIsAuxiliary=false mOverridesImplicitlyEnabledSubtype=false mIsAsciiCapable=false mSubtypeHashCode=325412922
          InputMethodSubtype #42:
            mSubtypeNameOverride= mLayoutLabelNonLocalized= mPkLanguageTag= mPkLayoutType= mSubtypeId=-1938291121 mSubtypeLocale=kn_IN mSubtypeLanguageTag= mSubtypeMode=keyboard mIsAuxiliary=false mOverridesImplicitlyEnabledSubtype=false mIsAsciiCapable=false mSubtypeHashCode=-1938291121
          InputMethodSubtype #43:
            mSubtypeNameOverride= mLayoutLabelNonLocalized= mPkLanguageTag= mPkLayoutType= mSubtypeId=775494660 mSubtypeLocale=ky mSubtypeLanguageTag= mSubtypeMode=keyboard mIsAuxiliary=false mOverridesImplicitlyEnabledSubtype=false mIsAsciiCapable=false mSubtypeHashCode=775494660
          InputMethodSubtype #44:
            mSubtypeNameOverride= mLayoutLabelNonLocalized= mPkLanguageTag= mPkLayoutType= mSubtypeId=-2095745236 mSubtypeLocale=lo_LA mSubtypeLanguageTag= mSubtypeMode=keyboard mIsAuxiliary=false mOverridesImplicitlyEnabledSubtype=false mIsAsciiCapable=false mSubtypeHashCode=-2095745236
          InputMethodSubtype #45:
            mSubtypeNameOverride= mLayoutLabelNonLocalized= mPkLanguageTag= mPkLayoutType= mSubtypeId=-2094941373 mSubtypeLocale=lt mSubtypeLanguageTag= mSubtypeMode=keyboard mIsAuxiliary=false mOverridesImplicitlyEnabledSubtype=false mIsAsciiCapable=true mSubtypeHashCode=-2094941373
          InputMethodSubtype #46:
            mSubtypeNameOverride= mLayoutLabelNonLocalized= mPkLanguageTag= mPkLayoutType= mSubtypeId=-2093094331 mSubtypeLocale=lv mSubtypeLanguageTag= mSubtypeMode=keyboard mIsAuxiliary=false mOverridesImplicitlyEnabledSubtype=false mIsAsciiCapable=true mSubtypeHashCode=-2093094331
          InputMethodSubtype #47:
            mSubtypeNameOverride= mLayoutLabelNonLocalized= mPkLanguageTag= mPkLayoutType= mSubtypeId=-1353667716 mSubtypeLocale=mk mSubtypeLanguageTag= mSubtypeMode=keyboard mIsAuxiliary=false mOverridesImplicitlyEnabledSubtype=false mIsAsciiCapable=false mSubtypeHashCode=-1353667716
          InputMethodSubtype #48:
            mSubtypeNameOverride= mLayoutLabelNonLocalized= mPkLanguageTag= mPkLayoutType= mSubtypeId=-1048384556 mSubtypeLocale=ml_IN mSubtypeLanguageTag= mSubtypeMode=keyboard mIsAuxiliary=false mOverridesImplicitlyEnabledSubtype=false mIsAsciiCapable=false mSubtypeHashCode=-1048384556
          InputMethodSubtype #49:
            mSubtypeNameOverride= mLayoutLabelNonLocalized= mPkLanguageTag= mPkLayoutType= mSubtypeId=-842021973 mSubtypeLocale=mn_MN mSubtypeLanguageTag= mSubtypeMode=keyboard mIsAuxiliary=false mOverridesImplicitlyEnabledSubtype=false mIsAsciiCapable=false mSubtypeHashCode=-842021973
          InputMethodSubtype #50:
            mSubtypeNameOverride= mLayoutLabelNonLocalized= mPkLanguageTag= mPkLayoutType= mSubtypeId=1954258691 mSubtypeLocale=mr_IN mSubtypeLanguageTag= mSubtypeMode=keyboard mIsAuxiliary=false mOverridesImplicitlyEnabledSubtype=false mIsAsciiCapable=false mSubtypeHashCode=1954258691
          InputMethodSubtype #51:
            mSubtypeNameOverride= mLayoutLabelNonLocalized= mPkLanguageTag= mPkLayoutType= mSubtypeId=-2067235743 mSubtypeLocale=ms_MY mSubtypeLanguageTag= mSubtypeMode=keyboard mIsAuxiliary=false mOverridesImplicitlyEnabledSubtype=false mIsAsciiCapable=true mSubtypeHashCode=-2067235743
          InputMethodSubtype #52:
            mSubtypeNameOverride= mLayoutLabelNonLocalized= mPkLanguageTag= mPkLayoutType= mSubtypeId=1058205204 mSubtypeLocale=nb mSubtypeLanguageTag= mSubtypeMode=keyboard mIsAuxiliary=false mOverridesImplicitlyEnabledSubtype=false mIsAsciiCapable=true mSubtypeHashCode=1058205204
          InputMethodSubtype #53:
            mSubtypeNameOverride= mLayoutLabelNonLocalized= mPkLanguageTag= mPkLayoutType= mSubtypeId=-670413586 mSubtypeLocale=ne_NP mSubtypeLanguageTag= mSubtypeMode=keyboard mIsAuxiliary=false mOverridesImplicitlyEnabledSubtype=false mIsAsciiCapable=false mSubtypeHashCode=-670413586
          InputMethodSubtype #54:
            mSubtypeNameOverride= mLayoutLabelNonLocalized= mPkLanguageTag= mPkLayoutType= mSubtypeId=1605364360 mSubtypeLocale=ne_NP mSubtypeLanguageTag= mSubtypeMode=keyboard mIsAuxiliary=false mOverridesImplicitlyEnabledSubtype=false mIsAsciiCapable=false mSubtypeHashCode=1605364360
          InputMethodSubtype #55:
            mSubtypeNameOverride= mLayoutLabelNonLocalized= mPkLanguageTag= mPkLayoutType= mSubtypeId=1067440414 mSubtypeLocale=nl mSubtypeLanguageTag= mSubtypeMode=keyboard mIsAuxiliary=false mOverridesImplicitlyEnabledSubtype=false mIsAsciiCapable=true mSubtypeHashCode=1067440414
          InputMethodSubtype #56:
            mSubtypeNameOverride= mLayoutLabelNonLocalized= mPkLanguageTag= mPkLayoutType= mSubtypeId=1343007020 mSubtypeLocale=nl_BE mSubtypeLanguageTag= mSubtypeMode=keyboard mIsAuxiliary=false mOverridesImplicitlyEnabledSubtype=false mIsAsciiCapable=true mSubtypeHashCode=1343007020
          InputMethodSubtype #57:
            mSubtypeNameOverride= mLayoutLabelNonLocalized= mPkLanguageTag= mPkLayoutType= mSubtypeId=1124698716 mSubtypeLocale=pl mSubtypeLanguageTag= mSubtypeMode=keyboard mIsAuxiliary=false mOverridesImplicitlyEnabledSubtype=false mIsAsciiCapable=true mSubtypeHashCode=1124698716
          InputMethodSubtype #58:
            mSubtypeNameOverride= mLayoutLabelNonLocalized= mPkLanguageTag= mPkLayoutType= mSubtypeId=-889195354 mSubtypeLocale=pt_BR mSubtypeLanguageTag= mSubtypeMode=keyboard mIsAuxiliary=false mOverridesImplicitlyEnabledSubtype=false mIsAsciiCapable=true mSubtypeHashCode=-889195354
          InputMethodSubtype #59:
            mSubtypeNameOverride= mLayoutLabelNonLocalized= mPkLanguageTag= mPkLayoutType= mSubtypeId=-486540198 mSubtypeLocale=pt_PT mSubtypeLanguageTag= mSubtypeMode=keyboard mIsAuxiliary=false mOverridesImplicitlyEnabledSubtype=false mIsAsciiCapable=true mSubtypeHashCode=-486540198
          InputMethodSubtype #60:
            mSubtypeNameOverride= mLayoutLabelNonLocalized= mPkLanguageTag= mPkLayoutType= mSubtypeId=-1927784072 mSubtypeLocale=ro mSubtypeLanguageTag= mSubtypeMode=keyboard mIsAuxiliary=false mOverridesImplicitlyEnabledSubtype=false mIsAsciiCapable=true mSubtypeHashCode=-1927784072
          InputMethodSubtype #61:
            mSubtypeNameOverride= mLayoutLabelNonLocalized= mPkLanguageTag= mPkLayoutType= mSubtypeId=1983547218 mSubtypeLocale=ru mSubtypeLanguageTag= mSubtypeMode=keyboard mIsAuxiliary=false mOverridesImplicitlyEnabledSubtype=false mIsAsciiCapable=false mSubtypeHashCode=1983547218
          InputMethodSubtype #62:
            mSubtypeNameOverride= mLayoutLabelNonLocalized= mPkLanguageTag= mPkLayoutType= mSubtypeId=-1902849005 mSubtypeLocale=sk mSubtypeLanguageTag= mSubtypeMode=keyboard mIsAuxiliary=false mOverridesImplicitlyEnabledSubtype=false mIsAsciiCapable=true mSubtypeHashCode=-1902849005
          InputMethodSubtype #63:
            mSubtypeNameOverride= mLayoutLabelNonLocalized= mPkLanguageTag= mPkLayoutType= mSubtypeId=-1901925484 mSubtypeLocale=sl mSubtypeLanguageTag= mSubtypeMode=keyboard mIsAuxiliary=false mOverridesImplicitlyEnabledSubtype=false mIsAsciiCapable=true mSubtypeHashCode=-1901925484
          InputMethodSubtype #64:
            mSubtypeNameOverride= mLayoutLabelNonLocalized= mPkLanguageTag= mPkLayoutType= mSubtypeId=2009405806 mSubtypeLocale=sr mSubtypeLanguageTag= mSubtypeMode=keyboard mIsAuxiliary=false mOverridesImplicitlyEnabledSubtype=false mIsAsciiCapable=false mSubtypeHashCode=2009405806
          InputMethodSubtype #65:
            mSubtypeNameOverride= mLayoutLabelNonLocalized= mPkLanguageTag= mPkLayoutType= mSubtypeId=-190490980 mSubtypeLocale=sr_ZZ mSubtypeLanguageTag=sr-Latn mSubtypeMode=keyboard mIsAuxiliary=false mOverridesImplicitlyEnabledSubtype=false mIsAsciiCapable=true mSubtypeHashCode=-190490980
          InputMethodSubtype #66:
            mSubtypeNameOverride= mLayoutLabelNonLocalized= mPkLanguageTag= mPkLayoutType= mSubtypeId=1219821379 mSubtypeLocale=sv mSubtypeLanguageTag= mSubtypeMode=keyboard mIsAuxiliary=false mOverridesImplicitlyEnabledSubtype=false mIsAsciiCapable=true mSubtypeHashCode=1219821379
          InputMethodSubtype #67:
            mSubtypeNameOverride= mLayoutLabelNonLocalized= mPkLanguageTag= mPkLayoutType= mSubtypeId=-1891766753 mSubtypeLocale=sw mSubtypeLanguageTag= mSubtypeMode=keyboard mIsAuxiliary=false mOverridesImplicitlyEnabledSubtype=false mIsAsciiCapable=true mSubtypeHashCode=-1891766753
          InputMethodSubtype #68:
            mSubtypeNameOverride= mLayoutLabelNonLocalized= mPkLanguageTag= mPkLayoutType= mSubtypeId=1739385386 mSubtypeLocale=ta_IN mSubtypeLanguageTag= mSubtypeMode=keyboard mIsAuxiliary=false mOverridesImplicitlyEnabledSubtype=false mIsAsciiCapable=false mSubtypeHashCode=1739385386
          InputMethodSubtype #69:
            mSubtypeNameOverride= mLayoutLabelNonLocalized= mPkLanguageTag= mPkLayoutType= mSubtypeId=2019212249 mSubtypeLocale=ta_SG mSubtypeLanguageTag= mSubtypeMode=keyboard mIsAuxiliary=false mOverridesImplicitlyEnabledSubtype=false mIsAsciiCapable=false mSubtypeHashCode=2019212249
          InputMethodSubtype #70:
            mSubtypeNameOverride= mLayoutLabelNonLocalized= mPkLanguageTag= mPkLayoutType= mSubtypeId=504853385 mSubtypeLocale=te_IN mSubtypeLanguageTag= mSubtypeMode=keyboard mIsAuxiliary=false mOverridesImplicitlyEnabledSubtype=false mIsAsciiCapable=false mSubtypeHashCode=504853385
          InputMethodSubtype #71:
            mSubtypeNameOverride= mLayoutLabelNonLocalized= mPkLanguageTag= mPkLayoutType= mSubtypeId=529847764 mSubtypeLocale=th mSubtypeLanguageTag= mSubtypeMode=keyboard mIsAuxiliary=false mOverridesImplicitlyEnabledSubtype=false mIsAsciiCapable=false mSubtypeHashCode=529847764
          InputMethodSubtype #72:
            mSubtypeNameOverride= mLayoutLabelNonLocalized= mPkLanguageTag= mPkLayoutType= mSubtypeId=-259881489 mSubtypeLocale=tl mSubtypeLanguageTag=fil mSubtypeMode=keyboard mIsAuxiliary=false mOverridesImplicitlyEnabledSubtype=false mIsAsciiCapable=true mSubtypeHashCode=-259881489
          InputMethodSubtype #73:
            mSubtypeNameOverride= mLayoutLabelNonLocalized= mPkLanguageTag= mPkLayoutType= mSubtypeId=1244756446 mSubtypeLocale=tr mSubtypeLanguageTag= mSubtypeMode=keyboard mIsAuxiliary=false mOverridesImplicitlyEnabledSubtype=false mIsAsciiCapable=true mSubtypeHashCode=1244756446
          InputMethodSubtype #74:
            mSubtypeNameOverride= mLayoutLabelNonLocalized= mPkLanguageTag= mPkLayoutType= mSubtypeId=1048856876 mSubtypeLocale=uk mSubtypeLanguageTag= mSubtypeMode=keyboard mIsAuxiliary=false mOverridesImplicitlyEnabledSubtype=false mIsAsciiCapable=false mSubtypeHashCode=1048856876
          InputMethodSubtype #75:
            mSubtypeNameOverride= mLayoutLabelNonLocalized= mPkLanguageTag= mPkLayoutType= mSubtypeId=-1386416138 mSubtypeLocale=uz_UZ mSubtypeLanguageTag= mSubtypeMode=keyboard mIsAuxiliary=false mOverridesImplicitlyEnabledSubtype=false mIsAsciiCapable=true mSubtypeHashCode=-1386416138
          InputMethodSubtype #76:
            mSubtypeNameOverride= mLayoutLabelNonLocalized= mPkLanguageTag= mPkLayoutType= mSubtypeId=-1818808594 mSubtypeLocale=vi mSubtypeLanguageTag= mSubtypeMode=keyboard mIsAuxiliary=false mOverridesImplicitlyEnabledSubtype=false mIsAsciiCapable=true mSubtypeHashCode=-1818808594
          InputMethodSubtype #77:
            mSubtypeNameOverride= mLayoutLabelNonLocalized= mPkLanguageTag= mPkLayoutType= mSubtypeId=-1693209738 mSubtypeLocale=zu mSubtypeLanguageTag= mSubtypeMode=keyboard mIsAuxiliary=false mOverridesImplicitlyEnabledSubtype=false mIsAsciiCapable=true mSubtypeHashCode=-1693209738
          InputMethodSubtype #78:
            mSubtypeNameOverride= mLayoutLabelNonLocalized= mPkLanguageTag= mPkLayoutType= mSubtypeId=-1573262419 mSubtypeLocale=zz mSubtypeLanguageTag= mSubtypeMode=keyboard mIsAuxiliary=false mOverridesImplicitlyEnabledSubtype=false mIsAsciiCapable=true mSubtypeHashCode=-1573262419
          InputMethodSubtype #79:
            mSubtypeNameOverride= mLayoutLabelNonLocalized= mPkLanguageTag= mPkLayoutType= mSubtypeId=784412869 mSubtypeLocale=de mSubtypeLanguageTag= mSubtypeMode=keyboard mIsAuxiliary=false mOverridesImplicitlyEnabledSubtype=false mIsAsciiCapable=false mSubtypeHashCode=784412869
          InputMethodSubtype #80:
            mSubtypeNameOverride= mLayoutLabelNonLocalized= mPkLanguageTag= mPkLayoutType= mSubtypeId=845917585 mSubtypeLocale=fr mSubtypeLanguageTag= mSubtypeMode=keyboard mIsAuxiliary=false mOverridesImplicitlyEnabledSubtype=false mIsAsciiCapable=false mSubtypeHashCode=845917585

Input method client state for android.view.inputmethod.InputMethodManager@7475119:
  mFallbackInputConnection=RemoteInputConnectionImpl{connection=android.view.inputmethod.BaseInputConnection@66955de mDeactivateRequested=false mServedView=null}
  mActive=true mRestartOnNextWindowFocus=false mBindSequence=33 mCurImeId=com.android.inputmethod.latin/.LatinIME
  mFullscreenMode=false
  mCurMethod=com.android.internal.inputmethod.IInputMethodSession$Stub$Proxy@ab763bf
  mCurRootView=android.view.ViewRootImpl@533da8c
  mServedView=androidx.compose.ui.platform.AndroidComposeView{c7e6240 VFED..... .F...... 0,0-720,1600 aid=1073741824}
  mNextServedView=androidx.compose.ui.platform.AndroidComposeView{c7e6240 VFED..... .F...... 0,0-720,1600 aid=1073741824}
  mServedConnecting=false
  mCurrentEditorInfo:
    inputType=0x2001 imeOptions=0x2000005 privateImeOptions=null
    actionLabel=null actionId=0
    initialSelStart=0 initialSelEnd=0 initialToolType=1 initialCapsMode=0x0
    hintText=null label=null
    packageName=dev.partydeck.app autofillId=1073741824 fieldId=-1 fieldName=null
    hintLocales=null
    supportedHandwritingGestureTypes=SELECT|SELECT_RANGE|INSERT|DELETE|DELETE_RANGE|REMOVE_SPACE|JOIN_OR_SPLIT
    supportedHandwritingGesturePreviewTypes=SELECT|SELECT_RANGE|DELETE|DELETE_RANGE
    isStylusHandwritingEnabled=false
    writingToolsEnabled=true
    contentMimeTypes=null
  mServedInputConnection=RemoteInputConnectionImpl{connection=androidx.compose.ui.text.input.NullableInputConnectionWrapperApi34@7f2e5d5 mDeactivateRequested=false mServedView=androidx.compose.ui.platform.AndroidComposeView{c7e6240 VFED..... .F...... 0,0-720,1600 aid=1073741824}}
  mServedInputConnectionHandler=null
  mLastPendingStartSeqId=-1
  mCompletions=null
  mCursorRect=Rect(0, 0 - 0, 0)
  mCursorSelStart=8 mCursorSelEnd=8 mCursorCandStart=0 mCursorCandEnd=8

Input method service state for com.android.inputmethod.latin.LatinIME@7d937e8:
  mViewsCreated=true
  mDecorViewVisible=true mDecorViewWasVisible=true mWindowVisible=true mInShowWindow=false
  Configuration={2.0 310mcc260mnc [en_US] ldltr sw411dp w411dp h789dp 280dpi nrml long port finger qwerty/v/v -nav/h winConfig={ mBounds=Rect(0, 0 - 720, 1600) mAppBounds=Rect(0, 136 - 720, 1516) mMaxBounds=Rect(0, 0 - 720, 1600) mDisplayRotation=ROTATION_0 mWindowingMode=fullscreen mActivityType=undefined mAlwaysOnTop=undefined mRotation=ROTATION_0} as.3 s.84 fontWeightAdjustment=0}
  mToken=android.os.BinderProxy@4bc85a9
  mInputBinding=InputBinding{android.os.BinderProxy@e45cb37 / uid 10150 / pid 5679}
  mInputConnection=RemoteInputConnection{idHash=#b2c78a4}
  mStartedInputConnection=RemoteInputConnection{idHash=#189860d}
  mInputStarted=true mInputViewStarted=true mCandidatesViewStarted=false
  mInputEditorInfo:
    inputType=0x2001 imeOptions=0x2000005 privateImeOptions=null
    actionLabel=null actionId=0
    initialSelStart=0 initialSelEnd=0 initialToolType=0 initialCapsMode=0x0
    hintText=null label=null
    packageName=dev.partydeck.app autofillId=1073741824 fieldId=-1 fieldName=null
    hintLocales=null
    supportedHandwritingGestureTypes=SELECT|SELECT_RANGE|INSERT|DELETE|DELETE_RANGE|REMOVE_SPACE|JOIN_OR_SPLIT
    supportedHandwritingGesturePreviewTypes=SELECT|SELECT_RANGE|DELETE|DELETE_RANGE
    isStylusHandwritingEnabled=true
    writingToolsEnabled=true
    contentMimeTypes=null
  mShowInputRequested=true mLastShowInputRequested=true mShowInputFlags=0x1
  mCandidatesVisibility=4 mFullscreenApplied=true mIsFullscreen=false mExtractViewHidden=false
  mExtractedText: null
  mExtractedToken=0
  mIsInputViewShown=true mStatusIcon=0
  Last computed insets:
    contentTopInsets=864 visibleTopInsets=864 touchableInsets=3 touchableRegion=SkRegion((0,864,720,1380))
  mSettingsObserver=SettingsObserver{mShowImeWithHardKeyboard=2}
  mNavigationBarController={mImeDrawsImeNavBar=false mNavigationBarFrame=null mShouldShowImeSwitcherWhenImeIsShown=false mCustomImeSwitcherButtonRequestedVisible=false mAppearance=0x0 mDarkIntensity=0.0 mDrawLegacyNavigationBarBackground=false}
  mCustomImeSwitcherButtonRequestedVisible=false
LatinIME state :
  VersionCode = 30
  VersionName = 16
  Keyboard mode = 0
Current settings :
   mSpacingAndPunctuations = mSortedSymbolsPrecededBySpace = [38, 40, 91, 123]
   mSortedSymbolsFollowedBySpace = [33, 38, 41, 44, 46, 58, 59, 63, 93, 125]
   mSortedWordConnectors = [39, 45]
   mSortedWordSeparators = [9, 10, 32, 33, 34, 38, 40, 41, 42, 43, 44, 46, 47, 58, 59, 60, 61, 62, 63, 91, 93, 95, 123, 124, 125, 160]
   mSuggestPuncList = PunctuationSuggestions:  words=[!, ?, \,, :, ;, ", (, ), ', -, /, @, _]
   mSentenceSeparator = 46
   mSentenceSeparatorAndSpace = . 
   mCurrentLanguageHasSpaces = true
   mUsesAmericanTypography = true
   mUsesGermanRules = false
   mDelayInMillisecondsToUpdateOldSuggestions = 300
   mAutoCap = true
   mVibrateOn = true
   mSoundOn = false
   mKeyPreviewPopupOn = true
   mShowsVoiceInputKey = true
   mIncludesOtherImesInLanguageSwitchList = true
   mShowsLanguageSwitchKey = true
   mUseContactsDict = true
   mUsePersonalizedDicts = true
   mUseDoubleSpacePeriod = true
   mBlockPotentiallyOffensive = true
   mBigramPredictionEnabled = true
   mGestureInputEnabled = false
   mGestureTrailEnabled = true
   mGestureFloatingPreviewTextEnabled = true
   mSlidingKeyInputPreviewEnabled = true
   mKeyLongpressTimeout = 300
   mLocale = en_US
   mInputAttributes = InputAttributes: inputType=0x00002001 noAutoCorrect shouldShowSuggestions insertSpaces targetApp=dev.partydeck.app

   mKeypressVibrationDuration = -1
   mKeypressSoundVolume = -1.0
   mKeyPreviewPopupDismissDelay = 70
   mAutoCorrectEnabled = true
   mAutoCorrectionThreshold = 0.185
   mAutoCorrectionEnabledPerUserSettings = false
   mSuggestionsEnabledPerUserSettings = true
   mDisplayOrientation = 1
   mAppWorkarounds = Target application : null
Package : dev.partydeck.app
Target app sdk version : 36
   mIsInternal = false
   mKeyPreviewShowUpDuration = 17
   mKeyPreviewDismissDuration = 53
   mKeyPreviewShowUpStartScaleX = 0.98
   mKeyPreviewShowUpStartScaleY = 0.98
   mKeyPreviewDismissEndScaleX = 0.94000006
   mKeyPreviewDismissEndScaleY = 0.94000006

