--------- beginning of main
09-10 02:53:31.398  3020  3020 I t.compare:godot: Late-enabling -Xcheck:jni
09-10 02:53:31.431  3020  3020 I t.compare:godot: Using CollectorTypeCMC GC.
09-10 02:53:31.432  3020  3020 W t.compare:godot: Unexpected CPU variant for x86: x86_64.
09-10 02:53:31.432  3020  3020 W t.compare:godot: Known variants: atom, sandybridge, silvermont, goldmont, goldmont-plus, goldmont-without-sha-xsaves, tremont, kabylake, default
09-10 02:53:31.468  3020  3020 D nativeloader: Load libframework-connectivity-tiramisu-jni.so using APEX ns com_android_tethering for caller /apex/com.android.tethering/javalib/framework-connectivity-t.jar: ok
09-10 02:53:31.913  3020  3020 W ziparchive: Unable to open '/data/app/~~h-BGmMhfbTpMWLl7JkVqpw==/dev.partydeck.godot.compare-EsV2bMZ5QHskZMB-EGW3SQ==/base.dm': No such file or directory
09-10 02:53:31.913  3020  3020 W ziparchive: Unable to open '/data/app/~~h-BGmMhfbTpMWLl7JkVqpw==/dev.partydeck.godot.compare-EsV2bMZ5QHskZMB-EGW3SQ==/base.dm': No such file or directory
09-10 02:53:32.197  3020  3020 D nativeloader: Configuring clns-7 for other apk /data/app/~~h-BGmMhfbTpMWLl7JkVqpw==/dev.partydeck.godot.compare-EsV2bMZ5QHskZMB-EGW3SQ==/base.apk. target_sdk_version=36, uses_libraries=, library_path=/data/app/~~h-BGmMhfbTpMWLl7JkVqpw==/dev.partydeck.godot.compare-EsV2bMZ5QHskZMB-EGW3SQ==/lib/x86_64:/data/app/~~h-BGmMhfbTpMWLl7JkVqpw==/dev.partydeck.godot.compare-EsV2bMZ5QHskZMB-EGW3SQ==/base.apk!/lib/x86_64, permitted_path=/data:/mnt/expand:/data/user/0/dev.partydeck.godot.compare
09-10 02:53:32.209  3020  3020 V GraphicsEnvironment: Currently set values for:
09-10 02:53:32.211  3020  3020 V GraphicsEnvironment:   angle_gl_driver_selection_pkgs=[]
09-10 02:53:32.211  3020  3020 V GraphicsEnvironment:   angle_gl_driver_selection_values=[]
09-10 02:53:32.211  3020  3020 V GraphicsEnvironment: Global.Settings values are invalid: number of packages: 0, number of values: 0
09-10 02:53:32.212  3020  3020 V GraphicsEnvironment: Neither updatable production driver nor prerelease driver is supported.
09-10 02:53:33.184  3020  3020 V Godot   : Initializing Godot plugin registry
09-10 02:53:33.185  3020  3020 I GodotPluginRegistry: Registering runtime plugin AndroidRuntime
09-10 02:53:33.185  3020  3020 I GodotPluginRegistry: Registering runtime plugin PartyDeckBridge
09-10 02:53:33.185  3020  3020 V Godot   : InitEngine with params: [--main-pack, res://partydeck-last-light.pck, --rendering-method, gl_compatibility, --xr-mode, off]
09-10 02:53:33.210  3020  3020 D nativeloader: Load /data/app/~~h-BGmMhfbTpMWLl7JkVqpw==/dev.partydeck.godot.compare-EsV2bMZ5QHskZMB-EGW3SQ==/base.apk!/lib/x86_64/libgodot_android.so using ns clns-7 from class loader (caller=/data/app/~~h-BGmMhfbTpMWLl7JkVqpw==/dev.partydeck.godot.compare-EsV2bMZ5QHskZMB-EGW3SQ==/base.apk): ok
09-10 02:53:33.212  3020  3020 V Godot   : Godot native layer initialization completed: true
09-10 02:53:33.212  3020  3020 V Godot   : Setting up native layer with params: [--main-pack, res://partydeck-last-light.pck, --rendering-method, gl_compatibility, --xr-mode, off]
09-10 02:53:33.367  3020  3020 V Godot   : Godot native layer setup completed
09-10 02:53:33.368  3020  3020 V Godot   : OnInitRenderView: GodotFragment{658495b} (8d9be1b1-4b2a-4501-8808-2e6ee9e23989 id=0x7f07002b tag=partydeck-godot)
09-10 02:53:33.408  3020  3020 D Godot   : Render view should be transparent: false
09-10 02:53:33.409  3020  3020 D Godot   : renderingDevice: opengl3 (ProjectSettings)
09-10 02:53:33.409  3020  3020 D Godot   : 			renderer: gl_compatibility (Default)
09-10 02:53:33.428  3020  3020 V Godot   : OnStart: GodotFragment{658495b} (8d9be1b1-4b2a-4501-8808-2e6ee9e23989 id=0x7f07002b tag=partydeck-godot)
09-10 02:53:33.433  3020  3020 W WindowOnBackDispatcher: OnBackInvokedCallback is not enabled for the application.
09-10 02:53:33.433  3020  3020 W WindowOnBackDispatcher: Set 'android:enableOnBackInvokedCallback="true"' in the application manifest.
09-10 02:53:33.437  3020  3020 V Godot   : OnResume: GodotFragment{658495b} (8d9be1b1-4b2a-4501-8808-2e6ee9e23989 id=0x7f07002b tag=partydeck-godot)
09-10 02:53:33.442  3020  3020 W HWUI    : Unknown dataspace 0
09-10 02:53:33.455  3020  3020 I Choreographer: Skipped 41 frames!  The application may be doing too much work on its main thread.
09-10 02:53:33.492  3020  3035 I EGL_emulation: Opening libGLESv1_CM_emulation.so
09-10 02:53:33.493  3020  3035 I EGL_emulation: Opening libGLESv2_emulation.so
09-10 02:53:33.589  3020  3035 W HWUI    : Failed to choose config with EGL_SWAP_BEHAVIOR_PRESERVED, retrying without...
09-10 02:53:33.591  3020  3035 W HWUI    : Failed to initialize 101010-2 format, error = EGL_SUCCESS
09-10 02:53:33.644  3020  3053 W RegularContextFactory: creating OpenGL ES 3.0 context :
09-10 02:53:33.760  3020  3053 I Gralloc4: mapper 4.x is not supported
09-10 02:53:33.877  3020  3053 I godot   : Godot Engine v4.7.2.stable.official.ed1daf0bf - https://godotengine.org
09-10 02:53:34.006  3020  3020 I Choreographer: Skipped 32 frames!  The application may be doing too much work on its main thread.
09-10 02:53:34.112  3020  3031 I HWUI    : Davey! duration=1234ms; Flags=1, FrameTimelineVsyncId=7242, IntendedVsync=96710226037, Vsync=97393559343, InputEventId=0, HandleInputStart=97399334303, AnimationStart=97399340024, PerformTraversalsStart=97399388334, DrawStart=97822113463, FrameDeadline=96726892703, FrameInterval=97399071302, FrameStartTime=16666666, SyncQueued=97830690900, SyncStart=97831598597, IssueDrawCommandsStart=97832828283, SwapBuffers=97890640451, FrameCompleted=97945824774, DequeueBufferDuration=3183525, QueueBufferDuration=691330, GpuCompleted=97941054798, SwapBuffersCompleted=97945824774, DisplayPresentTime=72904454231359566, CommandSubmissionCompleted=97890640451, 
09-10 02:53:34.568  3020  3057 E SurfaceSyncGroup: Failed to receive transaction ready in 1000ms. Marking SurfaceSyncGroup(wmsSync-VRI[GodotGameActivity]#1) as ready
09-10 02:53:34.571  3020  3057 E SurfaceSyncGroup: Failed to receive transaction ready in 1000ms. Marking SurfaceSyncGroup(VRI[GodotGameActivity]#2) as ready
09-10 02:53:34.574  3020  3057 E SurfaceSyncGroup: Failed to receive transaction ready in 1000ms. Marking SurfaceSyncGroup(SurfaceView[dev.partydeck.godot.compare/dev.partydeck.godot.compare.GodotGameActivity]#0) as ready
09-10 02:53:35.436  3020  3025 I t.compare:godot: Compiler allocated 4219KB to compile void android.widget.TextView.<init>(android.content.Context, android.util.AttributeSet, int, int)
09-10 02:53:36.389  3020  3025 I t.compare:godot: Compiler allocated 5174KB to compile void android.view.ViewRootImpl.performTraversals()
09-10 02:53:36.720  3020  3053 I godot   : OpenGL API OpenGL ES 3.1 (OpenGL ES 3.1.0 (ANGLE 2.1.17841 git hash: 5fa2e61da947)) - Compatibility - Using Device: Google (Google Inc. (Google)) - Android Emulator OpenGL ES Translator (ANGLE (Google, Vulkan 1.3.0 (SwiftShader Device (Subzero) (0x0000C0DE)), SwiftShader driver-5.0.0))
09-10 02:53:36.721  3020  3053 D t.compare:godot: PlayerBase::PlayerBase()
09-10 02:53:36.722  3020  3053 D t.compare:godot: TrackPlayerBase::TrackPlayerBase()
09-10 02:53:36.722  3020  3053 I libOpenSLES: Emulating old channel mask behavior (ignoring positional mask 0x3, using default mask 0x3 based on channel count of 2)
09-10 02:53:36.734  3020  3053 I godot   : 
09-10 02:53:36.951  3020  3035 D EGL_emulation: app_time_stats: avg=715.88ms min=110.00ms max=1916.59ms count=4
09-10 02:53:37.927  3020  3053 V Godot   : OnGodotSetupCompleted
09-10 02:53:37.944  3020  3053 E godot   : ERROR: PartyDeck Android bridge did not provide its display density.
09-10 02:53:37.944  3020  3053 E godot   :    at: push_error (core/variant/variant_utility.cpp:1023)
09-10 02:53:37.949  3020  3053 V Godot   : OnGodotMainLoopStarted
09-10 02:53:38.108  3020  3035 D EGL_emulation: app_time_stats: avg=1157.14ms min=1157.14ms max=1157.14ms count=1
09-10 02:53:38.254  3020  3020 V Godot   : OnDestroy: GodotFragment{658495b} (8d9be1b1-4b2a-4501-8808-2e6ee9e23989 id=0x7f07002b tag=partydeck-godot)
09-10 02:53:38.288  3020  3053 D EGL_emulation: app_time_stats: avg=553.88ms min=280.38ms max=827.38ms count=2
09-10 02:53:38.288  3020  3053 D GLThread: Exiting render thread
09-10 02:53:38.289  3020  3053 D GodotRenderer: Destroying Godot Engine
09-10 02:53:38.310  3020  3053 D t.compare:godot: PlayerBase::stop() from IPlayer
09-10 02:53:38.310  3020  3053 D AudioTrack: stop(16): called with 75852 frames delivered
09-10 02:53:38.314  3020  3053 E eglCodecCommon: removeVertexArrayObject: ERROR: 7 not found in VAO state!
09-10 02:53:38.367  3020  3053 V Godot   : OnGodotTerminating
09-10 02:53:38.427  3020  3020 V Godot   : OnPause: GodotFragment{658495b} (8d9be1b1-4b2a-4501-8808-2e6ee9e23989 id=0x7f07002b tag=partydeck-godot)
09-10 02:53:38.558  3020  3020 I PartyDeckGodotHost: Engine process exit requested
09-10 02:53:38.561  3020  3020 I Process : Sending signal. PID: 3020 SIG: 9
