--------- beginning of main
09-10 09:01:55.231 10994 10994 I t.compare:godot: Late-enabling -Xcheck:jni
09-10 09:01:55.254 10994 10994 I t.compare:godot: Using CollectorTypeCMC GC.
09-10 09:01:55.255 10994 10994 W t.compare:godot: Unexpected CPU variant for x86: x86_64.
09-10 09:01:55.255 10994 10994 W t.compare:godot: Known variants: atom, sandybridge, silvermont, goldmont, goldmont-plus, goldmont-without-sha-xsaves, tremont, kabylake, default
09-10 09:01:55.301 10994 10994 D nativeloader: Load libframework-connectivity-tiramisu-jni.so using APEX ns com_android_tethering for caller /apex/com.android.tethering/javalib/framework-connectivity-t.jar: ok
09-10 09:01:55.448 10994 10994 W ziparchive: Unable to open '/data/app/~~x94b1WvU7Erur5NzR9xQag==/dev.partydeck.godot.compare-MoiJk9O5tcEIHh2kucb8_w==/base.dm': No such file or directory
09-10 09:01:55.449 10994 10994 W ziparchive: Unable to open '/data/app/~~x94b1WvU7Erur5NzR9xQag==/dev.partydeck.godot.compare-MoiJk9O5tcEIHh2kucb8_w==/base.dm': No such file or directory
09-10 09:01:55.644 10994 10994 D nativeloader: Configuring clns-7 for other apk /data/app/~~x94b1WvU7Erur5NzR9xQag==/dev.partydeck.godot.compare-MoiJk9O5tcEIHh2kucb8_w==/base.apk. target_sdk_version=36, uses_libraries=, library_path=/data/app/~~x94b1WvU7Erur5NzR9xQag==/dev.partydeck.godot.compare-MoiJk9O5tcEIHh2kucb8_w==/lib/x86_64:/data/app/~~x94b1WvU7Erur5NzR9xQag==/dev.partydeck.godot.compare-MoiJk9O5tcEIHh2kucb8_w==/base.apk!/lib/x86_64, permitted_path=/data:/mnt/expand:/data/user/0/dev.partydeck.godot.compare
09-10 09:01:55.681 10994 10994 V GraphicsEnvironment: Currently set values for:
09-10 09:01:55.681 10994 10994 V GraphicsEnvironment:   angle_gl_driver_selection_pkgs=[]
09-10 09:01:55.681 10994 10994 V GraphicsEnvironment:   angle_gl_driver_selection_values=[]
09-10 09:01:55.682 10994 10994 V GraphicsEnvironment: Global.Settings values are invalid: number of packages: 0, number of values: 0
09-10 09:01:55.682 10994 10994 V GraphicsEnvironment: Neither updatable production driver nor prerelease driver is supported.
09-10 09:01:56.101 10994 10994 V Godot   : Initializing Godot plugin registry
09-10 09:01:56.101 10994 10994 I GodotPluginRegistry: Registering runtime plugin AndroidRuntime
09-10 09:01:56.101 10994 10994 I GodotPluginRegistry: Registering runtime plugin PartyDeckBridge
09-10 09:01:56.102 10994 10994 V Godot   : InitEngine with params: [--main-pack, res://partydeck-last-light.pck, --rendering-method, gl_compatibility, --xr-mode, off]
09-10 09:01:56.146 10994 10994 D nativeloader: Load /data/app/~~x94b1WvU7Erur5NzR9xQag==/dev.partydeck.godot.compare-MoiJk9O5tcEIHh2kucb8_w==/base.apk!/lib/x86_64/libgodot_android.so using ns clns-7 from class loader (caller=/data/app/~~x94b1WvU7Erur5NzR9xQag==/dev.partydeck.godot.compare-MoiJk9O5tcEIHh2kucb8_w==/base.apk): ok
09-10 09:01:56.149 10994 10994 V Godot   : Godot native layer initialization completed: true
09-10 09:01:56.149 10994 10994 V Godot   : Setting up native layer with params: [--main-pack, res://partydeck-last-light.pck, --rendering-method, gl_compatibility, --xr-mode, off]
09-10 09:01:56.202 10994 10994 V Godot   : Godot native layer setup completed
09-10 09:01:56.202 10994 10994 V Godot   : OnInitRenderView: GodotFragment{cfc207f} (5286f998-51b3-43aa-b694-2dd0b450f9a5 id=0x7f07002b tag=partydeck-godot)
09-10 09:01:56.247 10994 10994 D Godot   : Render view should be transparent: false
09-10 09:01:56.248 10994 10994 D Godot   : renderingDevice: opengl3 (ProjectSettings)
09-10 09:01:56.248 10994 10994 D Godot   : 			renderer: gl_compatibility (Default)
09-10 09:01:56.262 10994 10994 V Godot   : OnStart: GodotFragment{cfc207f} (5286f998-51b3-43aa-b694-2dd0b450f9a5 id=0x7f07002b tag=partydeck-godot)
09-10 09:01:56.264 10994 10994 W WindowOnBackDispatcher: OnBackInvokedCallback is not enabled for the application.
09-10 09:01:56.264 10994 10994 W WindowOnBackDispatcher: Set 'android:enableOnBackInvokedCallback="true"' in the application manifest.
09-10 09:01:56.267 10994 10994 V Godot   : OnResume: GodotFragment{cfc207f} (5286f998-51b3-43aa-b694-2dd0b450f9a5 id=0x7f07002b tag=partydeck-godot)
09-10 09:01:56.271 10994 10994 W HWUI    : Unknown dataspace 0
09-10 09:01:56.314 10994 11011 I EGL_emulation: Opening libGLESv1_CM_emulation.so
09-10 09:01:56.319 10994 11011 I EGL_emulation: Opening libGLESv2_emulation.so
09-10 09:01:56.335 10994 11011 W HWUI    : Failed to choose config with EGL_SWAP_BEHAVIOR_PRESERVED, retrying without...
09-10 09:01:56.335 10994 11011 W HWUI    : Failed to initialize 101010-2 format, error = EGL_SUCCESS
09-10 09:01:56.428 10994 11031 W RegularContextFactory: creating OpenGL ES 3.0 context :
09-10 09:01:56.437 10994 11031 I Gralloc4: mapper 4.x is not supported
09-10 09:01:56.451 10994 11031 I godot   : Godot Engine v4.7.2.stable.official.ed1daf0bf - https://godotengine.org
09-10 09:01:56.516 10994 10998 I t.compare:godot: Compiler allocated 4219KB to compile void android.widget.TextView.<init>(android.content.Context, android.util.AttributeSet, int, int)
09-10 09:01:56.761 10994 11031 E godot   : WARNING: Failed to load cached shader, recompiling.
09-10 09:01:56.761 10994 11031 E godot   :    at: _load_from_cache (drivers/gles3/shader_gles3.cpp:615)
09-10 09:01:57.180 10994 10998 I t.compare:godot: Compiler allocated 5174KB to compile void android.view.ViewRootImpl.performTraversals()
09-10 09:01:57.334 10994 11035 E SurfaceSyncGroup: Failed to receive transaction ready in 1000ms. Marking SurfaceSyncGroup(wmsSync-VRI[GodotGameActivity]#1) as ready
09-10 09:01:57.335 10994 11035 E SurfaceSyncGroup: Failed to receive transaction ready in 1000ms. Marking SurfaceSyncGroup(VRI[GodotGameActivity]#2) as ready
09-10 09:01:57.335 10994 11035 E SurfaceSyncGroup: Failed to receive transaction ready in 1000ms. Marking SurfaceSyncGroup(SurfaceView[dev.partydeck.godot.compare/dev.partydeck.godot.compare.GodotGameActivity]#0) as ready
09-10 09:01:57.848 10994 11031 I godot   : OpenGL API OpenGL ES 3.1 (OpenGL ES 3.1.0 (ANGLE 2.1.17841 git hash: 5fa2e61da947)) - Compatibility - Using Device: Google (Google Inc. (Google)) - Android Emulator OpenGL ES Translator (ANGLE (Google, Vulkan 1.3.0 (SwiftShader Device (Subzero) (0x0000C0DE)), SwiftShader driver-5.0.0))
09-10 09:01:57.849 10994 11031 D t.compare:godot: PlayerBase::PlayerBase()
09-10 09:01:57.850 10994 11031 D t.compare:godot: TrackPlayerBase::TrackPlayerBase()
09-10 09:01:57.850 10994 11031 I libOpenSLES: Emulating old channel mask behavior (ignoring positional mask 0x3, using default mask 0x3 based on channel count of 2)
09-10 09:01:57.856 10994 11031 I godot   : 
09-10 09:01:58.144 10994 11011 D EGL_emulation: app_time_stats: avg=383.68ms min=74.37ms max=834.82ms count=4
09-10 09:01:58.351 10994 11031 V Godot   : OnGodotSetupCompleted
09-10 09:01:58.358 10994 11031 V Godot   : OnGodotMainLoopStarted
09-10 09:01:59.163 10994 11011 D EGL_emulation: app_time_stats: avg=198.63ms min=53.20ms max=509.82ms count=5
09-10 09:02:06.630 10994 10994 D AutofillManager: Fill dialog is enabled:false, hints=[]
09-10 09:02:06.658 10994 10994 I PartyDeckGodotBridge: Close requested elapsed_ms=908351
09-10 09:02:06.669 10994 11011 D EGL_emulation: app_time_stats: avg=1873.32ms min=47.08ms max=7112.30ms count=4
09-10 09:02:06.675 10994 11031 I PartyDeckGodotBridge: Close dispatch started elapsed_ms=908365
09-10 09:02:06.676 10994 11031 I PartyDeckGodotBridge: Close native barrier elapsed_ms=908369
09-10 09:02:06.813 10994 11031 D EGL_emulation: app_time_stats: avg=2197.90ms min=9.14ms max=7960.36ms count=4
09-10 09:02:06.837 10994 10994 I PartyDeckGodotHost: Close main callback elapsed_ms=908531
09-10 09:02:06.850 10994 11031 D GLThread: Exiting render thread
09-10 09:02:06.850 10994 11031 D GodotRenderer: Destroying Godot Engine
09-10 09:02:06.956 10994 11031 D t.compare:godot: PlayerBase::stop() from IPlayer
09-10 09:02:06.956 10994 11031 D AudioTrack: stop(18): called with 404851 frames delivered
09-10 09:02:06.958 10994 11031 E eglCodecCommon: removeVertexArrayObject: ERROR: 7 not found in VAO state!
09-10 09:02:06.994 10994 11031 V Godot   : OnGodotTerminating
09-10 09:02:07.011 10994 10994 V Godot   : OnDestroy: GodotFragment{cfc207f} (5286f998-51b3-43aa-b694-2dd0b450f9a5 id=0x7f07002b tag=partydeck-godot)
09-10 09:02:07.023 10994 10994 V Godot   : OnPause: GodotFragment{cfc207f} (5286f998-51b3-43aa-b694-2dd0b450f9a5 id=0x7f07002b tag=partydeck-godot)
09-10 09:02:07.157 10994 10994 I PartyDeckGodotHost: Engine process exit requested
09-10 09:02:07.157 10994 10994 I Process : Sending signal. PID: 10994 SIG: 9
