{"utc": "2026-09-10T10:07:30.051768+00:00", "jobId": 102827792329, "name": "Shared authority, matched desktop gameplay and Android packages", "current": "completed", "failures": [], "status": "completed", "conclusion": "success"}
{"utc": "2026-09-10T10:07:30.051872+00:00", "jobId": 102828700840, "name": "Android 3d / 2.0x text / debug", "current": "Exercise real touch and native lifecycle on a fresh AVD", "failures": [], "status": "in_progress", "conclusion": null}
{"utc": "2026-09-10T10:07:30.051899+00:00", "jobId": 102828700880, "name": "Android 3d / 1.0x text / debug", "current": "Exercise real touch and native lifecycle on a fresh AVD", "failures": [], "status": "in_progress", "conclusion": null}
{"utc": "2026-09-10T10:07:30.051916+00:00", "jobId": 102828700910, "name": "Android 2d / 1.0x text / debug", "current": "Exercise real touch and native lifecycle on a fresh AVD", "failures": [], "status": "in_progress", "conclusion": null}
{"utc": "2026-09-10T10:07:30.051932+00:00", "jobId": 102828700982, "name": "Android 2d / 2.0x text / debug", "current": "Exercise real touch and native lifecycle on a fresh AVD", "failures": [], "status": "in_progress", "conclusion": null}
Downloading godot-comparison-builds (219482371 bytes)
Downloading godot-comparison-runtime-apk (111373229 bytes)
Saved Shared authority, matched desktop gameplay and Android packages log: /tmp/partydeck-engine-ci/34463877910/job-102827792329.log
{"utc": "2026-09-10T10:08:43.338362+00:00", "jobId": 102827792329, "name": "Shared authority, matched desktop gameplay and Android packages", "current": "completed", "failures": [], "status": "completed", "conclusion": "success"}
{"utc": "2026-09-10T10:08:43.338451+00:00", "jobId": 102828700840, "name": "Android 3d / 2.0x text / debug", "current": "Exercise real touch and native lifecycle on a fresh AVD", "failures": [], "status": "in_progress", "conclusion": null}
{"utc": "2026-09-10T10:08:43.338473+00:00", "jobId": 102828700880, "name": "Android 3d / 1.0x text / debug", "current": "Exercise real touch and native lifecycle on a fresh AVD", "failures": [], "status": "in_progress", "conclusion": null}
{"utc": "2026-09-10T10:08:43.338490+00:00", "jobId": 102828700910, "name": "Android 2d / 1.0x text / debug", "current": "Exercise real touch and native lifecycle on a fresh AVD", "failures": [], "status": "in_progress", "conclusion": null}
{"utc": "2026-09-10T10:08:43.338507+00:00", "jobId": 102828700982, "name": "Android 2d / 2.0x text / debug", "current": "Exercise real touch and native lifecycle on a fresh AVD", "failures": [], "status": "in_progress", "conclusion": null}
Downloaded godot-comparison-runtime-apk: /tmp/partydeck-engine-ci/34463877910/godot-comparison-runtime-apk
{"utc": "2026-09-10T10:09:52.399066+00:00", "jobId": 102827792329, "name": "Shared authority, matched desktop gameplay and Android packages", "current": "completed", "failures": [], "status": "completed", "conclusion": "success"}
{"utc": "2026-09-10T10:09:52.399167+00:00", "jobId": 102828700840, "name": "Android 3d / 2.0x text / debug", "current": "Exercise real touch and native lifecycle on a fresh AVD", "failures": [], "status": "in_progress", "conclusion": null}
{"utc": "2026-09-10T10:09:52.399189+00:00", "jobId": 102828700880, "name": "Android 3d / 1.0x text / debug", "current": "Exercise real touch and native lifecycle on a fresh AVD", "failures": [], "status": "in_progress", "conclusion": null}
{"utc": "2026-09-10T10:09:52.399204+00:00", "jobId": 102828700910, "name": "Android 2d / 1.0x text / debug", "current": "Exercise real touch and native lifecycle on a fresh AVD", "failures": [], "status": "in_progress", "conclusion": null}
{"utc": "2026-09-10T10:09:52.399218+00:00", "jobId": 102828700982, "name": "Android 2d / 2.0x text / debug", "current": "Exercise real touch and native lifecycle on a fresh AVD", "failures": [], "status": "in_progress", "conclusion": null}
Downloaded godot-comparison-builds: /tmp/partydeck-engine-ci/34463877910/godot-comparison-builds
{"utc": "2026-09-10T10:11:02.372418+00:00", "jobId": 102827792329, "name": "Shared authority, matched desktop gameplay and Android packages", "current": "completed", "failures": [], "status": "completed", "conclusion": "success"}
{"utc": "2026-09-10T10:11:02.372648+00:00", "jobId": 102828700840, "name": "Android 3d / 2.0x text / debug", "current": "Exercise real touch and native lifecycle on a fresh AVD", "failures": [], "status": "in_progress", "conclusion": null}
{"utc": "2026-09-10T10:11:02.372712+00:00", "jobId": 102828700880, "name": "Android 3d / 1.0x text / debug", "current": "Exercise real touch and native lifecycle on a fresh AVD", "failures": [], "status": "in_progress", "conclusion": null}
{"utc": "2026-09-10T10:11:02.372751+00:00", "jobId": 102828700910, "name": "Android 2d / 1.0x text / debug", "current": "Exercise real touch and native lifecycle on a fresh AVD", "failures": [], "status": "in_progress", "conclusion": null}
{"utc": "2026-09-10T10:11:02.372781+00:00", "jobId": 102828700982, "name": "Android 2d / 2.0x text / debug", "current": "Exercise real touch and native lifecycle on a fresh AVD", "failures": [], "status": "in_progress", "conclusion": null}
{"utc": "2026-09-10T10:12:11.516334+00:00", "jobId": 102827792329, "name": "Shared authority, matched desktop gameplay and Android packages", "current": "completed", "failures": [], "status": "completed", "conclusion": "success"}
{"utc": "2026-09-10T10:12:11.516428+00:00", "jobId": 102828700840, "name": "Android 3d / 2.0x text / debug", "current": "Exercise real touch and native lifecycle on a fresh AVD", "failures": [], "status": "in_progress", "conclusion": null}
{"utc": "2026-09-10T10:12:11.516463+00:00", "jobId": 102828700880, "name": "Android 3d / 1.0x text / debug", "current": "Exercise real touch and native lifecycle on a fresh AVD", "failures": [], "status": "in_progress", "conclusion": null}
{"utc": "2026-09-10T10:12:11.516489+00:00", "jobId": 102828700910, "name": "Android 2d / 1.0x text / debug", "current": "Exercise real touch and native lifecycle on a fresh AVD", "failures": [], "status": "in_progress", "conclusion": null}
{"utc": "2026-09-10T10:12:11.516514+00:00", "jobId": 102828700982, "name": "Android 2d / 2.0x text / debug", "current": "Exercise real touch and native lifecycle on a fresh AVD", "failures": [], "status": "in_progress", "conclusion": null}
{"utc": "2026-09-10T10:13:20.559791+00:00", "jobId": 102827792329, "name": "Shared authority, matched desktop gameplay and Android packages", "current": "completed", "failures": [], "status": "completed", "conclusion": "success"}
{"utc": "2026-09-10T10:13:20.560045+00:00", "jobId": 102828700840, "name": "Android 3d / 2.0x text / debug", "current": "Exercise real touch and native lifecycle on a fresh AVD", "failures": [], "status": "in_progress", "conclusion": null}
{"utc": "2026-09-10T10:13:20.560082+00:00", "jobId": 102828700880, "name": "Android 3d / 1.0x text / debug", "current": "Exercise real touch and native lifecycle on a fresh AVD", "failures": [], "status": "in_progress", "conclusion": null}
{"utc": "2026-09-10T10:13:20.560106+00:00", "jobId": 102828700910, "name": "Android 2d / 1.0x text / debug", "current": "Exercise real touch and native lifecycle on a fresh AVD", "failures": [], "status": "in_progress", "conclusion": null}
{"utc": "2026-09-10T10:13:20.560127+00:00", "jobId": 102828700982, "name": "Android 2d / 2.0x text / debug", "current": "Exercise real touch and native lifecycle on a fresh AVD", "failures": [], "status": "in_progress", "conclusion": null}
{"utc": "2026-09-10T10:14:29.519534+00:00", "jobId": 102827792329, "name": "Shared authority, matched desktop gameplay and Android packages", "current": "completed", "failures": [], "status": "completed", "conclusion": "success"}
{"utc": "2026-09-10T10:14:29.519653+00:00", "jobId": 102828700840, "name": "Android 3d / 2.0x text / debug", "current": "Exercise real touch and native lifecycle on a fresh AVD", "failures": [], "status": "in_progress", "conclusion": null}
{"utc": "2026-09-10T10:14:29.519718+00:00", "jobId": 102828700880, "name": "Android 3d / 1.0x text / debug", "current": "Exercise real touch and native lifecycle on a fresh AVD", "failures": [], "status": "in_progress", "conclusion": null}
{"utc": "2026-09-10T10:14:29.519769+00:00", "jobId": 102828700910, "name": "Android 2d / 1.0x text / debug", "current": "Exercise real touch and native lifecycle on a fresh AVD", "failures": [], "status": "in_progress", "conclusion": null}
{"utc": "2026-09-10T10:14:29.519799+00:00", "jobId": 102828700982, "name": "Android 2d / 2.0x text / debug", "current": "Exercise real touch and native lifecycle on a fresh AVD", "failures": [], "status": "in_progress", "conclusion": null}
{"utc": "2026-09-10T10:15:38.580682+00:00", "jobId": 102827792329, "name": "Shared authority, matched desktop gameplay and Android packages", "current": "completed", "failures": [], "status": "completed", "conclusion": "success"}
{"utc": "2026-09-10T10:15:38.581107+00:00", "jobId": 102828700840, "name": "Android 3d / 2.0x text / debug", "current": "Exercise real touch and native lifecycle on a fresh AVD", "failures": [], "status": "in_progress", "conclusion": null}
{"utc": "2026-09-10T10:15:38.581146+00:00", "jobId": 102828700880, "name": "Android 3d / 1.0x text / debug", "current": "Exercise real touch and native lifecycle on a fresh AVD", "failures": [], "status": "in_progress", "conclusion": null}
{"utc": "2026-09-10T10:15:38.581170+00:00", "jobId": 102828700910, "name": "Android 2d / 1.0x text / debug", "current": "Exercise real touch and native lifecycle on a fresh AVD", "failures": [], "status": "in_progress", "conclusion": null}
{"utc": "2026-09-10T10:15:38.581191+00:00", "jobId": 102828700982, "name": "Android 2d / 2.0x text / debug", "current": "Exercise real touch and native lifecycle on a fresh AVD", "failures": [], "status": "in_progress", "conclusion": null}
{"utc": "2026-09-10T10:16:47.589240+00:00", "jobId": 102827792329, "name": "Shared authority, matched desktop gameplay and Android packages", "current": "completed", "failures": [], "status": "completed", "conclusion": "success"}
{"utc": "2026-09-10T10:16:47.589412+00:00", "jobId": 102828700840, "name": "Android 3d / 2.0x text / debug", "current": "Exercise real touch and native lifecycle on a fresh AVD", "failures": [], "status": "in_progress", "conclusion": null}
{"utc": "2026-09-10T10:16:47.589454+00:00", "jobId": 102828700880, "name": "Android 3d / 1.0x text / debug", "current": "Exercise real touch and native lifecycle on a fresh AVD", "failures": [], "status": "in_progress", "conclusion": null}
{"utc": "2026-09-10T10:16:47.589472+00:00", "jobId": 102828700910, "name": "Android 2d / 1.0x text / debug", "current": "Exercise real touch and native lifecycle on a fresh AVD", "failures": [], "status": "in_progress", "conclusion": null}
{"utc": "2026-09-10T10:16:47.589489+00:00", "jobId": 102828700982, "name": "Android 2d / 2.0x text / debug", "current": "Exercise real touch and native lifecycle on a fresh AVD", "failures": [], "status": "in_progress", "conclusion": null}
{"utc": "2026-09-10T10:17:56.535517+00:00", "jobId": 102827792329, "name": "Shared authority, matched desktop gameplay and Android packages", "current": "completed", "failures": [], "status": "completed", "conclusion": "success"}
{"utc": "2026-09-10T10:17:56.535604+00:00", "jobId": 102828700840, "name": "Android 3d / 2.0x text / debug", "current": "Exercise real touch and native lifecycle on a fresh AVD", "failures": [], "status": "in_progress", "conclusion": null}
{"utc": "2026-09-10T10:17:56.535624+00:00", "jobId": 102828700880, "name": "Android 3d / 1.0x text / debug", "current": "Exercise real touch and native lifecycle on a fresh AVD", "failures": [], "status": "in_progress", "conclusion": null}
{"utc": "2026-09-10T10:17:56.535639+00:00", "jobId": 102828700910, "name": "Android 2d / 1.0x text / debug", "current": "completed", "failures": [], "status": "completed", "conclusion": "success"}
{"utc": "2026-09-10T10:17:56.535657+00:00", "jobId": 102828700982, "name": "Android 2d / 2.0x text / debug", "current": "Exercise real touch and native lifecycle on a fresh AVD", "failures": [], "status": "in_progress", "conclusion": null}
Downloading godot-android-2d-font-1.0-debug (4722581 bytes)
Saved Android 2d / 1.0x text / debug log: /tmp/partydeck-engine-ci/34463877910/job-102828700910.log
{"utc": "2026-09-10T10:18:33.960670+00:00", "jobId": 102828700880, "name": "Android 3d / 1.0x text / debug", "current": "completed", "failures": [], "status": "completed", "conclusion": "success"}
Downloaded godot-android-2d-font-1.0-debug: /tmp/partydeck-engine-ci/34463877910/godot-android-2d-font-1.0-debug
Downloading godot-android-3d-font-1.0-debug (4886647 bytes)
Saved Android 3d / 1.0x text / debug log: /tmp/partydeck-engine-ci/34463877910/job-102828700880.log
{"utc": "2026-09-10T10:19:11.317543+00:00", "jobId": 102827792329, "name": "Shared authority, matched desktop gameplay and Android packages", "current": "completed", "failures": [], "status": "completed", "conclusion": "success"}
{"utc": "2026-09-10T10:19:11.317806+00:00", "jobId": 102828700840, "name": "Android 3d / 2.0x text / debug", "current": "Exercise real touch and native lifecycle on a fresh AVD", "failures": [], "status": "in_progress", "conclusion": null}
{"utc": "2026-09-10T10:19:11.317841+00:00", "jobId": 102828700880, "name": "Android 3d / 1.0x text / debug", "current": "completed", "failures": [], "status": "completed", "conclusion": "success"}
{"utc": "2026-09-10T10:19:11.317865+00:00", "jobId": 102828700910, "name": "Android 2d / 1.0x text / debug", "current": "completed", "failures": [], "status": "completed", "conclusion": "success"}
{"utc": "2026-09-10T10:19:11.317885+00:00", "jobId": 102828700982, "name": "Android 2d / 2.0x text / debug", "current": "Exercise real touch and native lifecycle on a fresh AVD", "failures": [], "status": "in_progress", "conclusion": null}
Downloaded godot-android-3d-font-1.0-debug: /tmp/partydeck-engine-ci/34463877910/godot-android-3d-font-1.0-debug
{"utc": "2026-09-10T10:20:20.370710+00:00", "jobId": 102827792329, "name": "Shared authority, matched desktop gameplay and Android packages", "current": "completed", "failures": [], "status": "completed", "conclusion": "success"}
{"utc": "2026-09-10T10:20:20.370812+00:00", "jobId": 102828700840, "name": "Android 3d / 2.0x text / debug", "current": "Exercise real touch and native lifecycle on a fresh AVD", "failures": [], "status": "in_progress", "conclusion": null}
{"utc": "2026-09-10T10:20:20.370842+00:00", "jobId": 102828700880, "name": "Android 3d / 1.0x text / debug", "current": "completed", "failures": [], "status": "completed", "conclusion": "success"}
{"utc": "2026-09-10T10:20:20.370865+00:00", "jobId": 102828700910, "name": "Android 2d / 1.0x text / debug", "current": "completed", "failures": [], "status": "completed", "conclusion": "success"}
{"utc": "2026-09-10T10:20:20.370884+00:00", "jobId": 102828700982, "name": "Android 2d / 2.0x text / debug", "current": "Exercise real touch and native lifecycle on a fresh AVD", "failures": [], "status": "in_progress", "conclusion": null}
{"utc": "2026-09-10T10:21:29.394619+00:00", "jobId": 102827792329, "name": "Shared authority, matched desktop gameplay and Android packages", "current": "completed", "failures": [], "status": "completed", "conclusion": "success"}
{"utc": "2026-09-10T10:21:29.394686+00:00", "jobId": 102828700840, "name": "Android 3d / 2.0x text / debug", "current": "completed", "failures": [], "status": "completed", "conclusion": "success"}
{"utc": "2026-09-10T10:21:29.394724+00:00", "jobId": 102828700880, "name": "Android 3d / 1.0x text / debug", "current": "completed", "failures": [], "status": "completed", "conclusion": "success"}
{"utc": "2026-09-10T10:21:29.394741+00:00", "jobId": 102828700910, "name": "Android 2d / 1.0x text / debug", "current": "completed", "failures": [], "status": "completed", "conclusion": "success"}
{"utc": "2026-09-10T10:21:29.394757+00:00", "jobId": 102828700982, "name": "Android 2d / 2.0x text / debug", "current": "in_progress", "failures": [], "status": "in_progress", "conclusion": null}
Downloading godot-android-2d-font-2.0-debug (4950853 bytes)
Downloading godot-android-3d-font-2.0-debug (5428479 bytes)
Saved Android 3d / 2.0x text / debug log: /tmp/partydeck-engine-ci/34463877910/job-102828700840.log
{"utc": "2026-09-10T10:22:06.781312+00:00", "jobId": 102828700982, "name": "Android 2d / 2.0x text / debug", "current": "completed", "failures": [], "status": "completed", "conclusion": "success"}
Downloaded godot-android-2d-font-2.0-debug: /tmp/partydeck-engine-ci/34463877910/godot-android-2d-font-2.0-debug
Downloaded godot-android-3d-font-2.0-debug: /tmp/partydeck-engine-ci/34463877910/godot-android-3d-font-2.0-debug
Saved Android 2d / 2.0x text / debug log: /tmp/partydeck-engine-ci/34463877910/job-102828700982.log
{"runId": "34463877910", "head": "bbfde024d95f5e4d62a26b57495a6a90447d6033", "conclusion": "success", "downloadedArtifacts": ["godot-android-2d-font-1.0-debug", "godot-android-2d-font-2.0-debug", "godot-android-3d-font-1.0-debug", "godot-android-3d-font-2.0-debug", "godot-comparison-builds", "godot-comparison-runtime-apk"], "missingExpectedArtifacts": [], "output": "/tmp/partydeck-engine-ci/34463877910"}
