--------- beginning of main
09-10 06:56:55.326  8821  8821 I t.compare:godot: Late-enabling -Xcheck:jni
09-10 06:56:55.433  8821  8821 I t.compare:godot: Using CollectorTypeCMC GC.
09-10 06:56:55.434  8821  8821 W t.compare:godot: Unexpected CPU variant for x86: x86_64.
09-10 06:56:55.434  8821  8821 W t.compare:godot: Known variants: atom, sandybridge, silvermont, goldmont, goldmont-plus, goldmont-without-sha-xsaves, tremont, kabylake, default
09-10 06:56:55.475  8821  8821 D nativeloader: Load libframework-connectivity-tiramisu-jni.so using APEX ns com_android_tethering for caller /apex/com.android.tethering/javalib/framework-connectivity-t.jar: ok
09-10 06:56:55.554  8821  8821 W ziparchive: Unable to open '/data/app/~~oi_r0CluMOdEMpjrrrwDqw==/dev.partydeck.godot.compare-fwZASRIEUwackOQh5vjqtA==/base.dm': No such file or directory
09-10 06:56:55.554  8821  8821 W ziparchive: Unable to open '/data/app/~~oi_r0CluMOdEMpjrrrwDqw==/dev.partydeck.godot.compare-fwZASRIEUwackOQh5vjqtA==/base.dm': No such file or directory
09-10 06:56:55.623  8821  8821 D nativeloader: Configuring clns-7 for other apk /data/app/~~oi_r0CluMOdEMpjrrrwDqw==/dev.partydeck.godot.compare-fwZASRIEUwackOQh5vjqtA==/base.apk. target_sdk_version=36, uses_libraries=, library_path=/data/app/~~oi_r0CluMOdEMpjrrrwDqw==/dev.partydeck.godot.compare-fwZASRIEUwackOQh5vjqtA==/lib/x86_64:/data/app/~~oi_r0CluMOdEMpjrrrwDqw==/dev.partydeck.godot.compare-fwZASRIEUwackOQh5vjqtA==/base.apk!/lib/x86_64, permitted_path=/data:/mnt/expand:/data/user/0/dev.partydeck.godot.compare
09-10 06:56:55.633  8821  8821 V GraphicsEnvironment: Currently set values for:
09-10 06:56:55.633  8821  8821 V GraphicsEnvironment:   angle_gl_driver_selection_pkgs=[]
09-10 06:56:55.633  8821  8821 V GraphicsEnvironment:   angle_gl_driver_selection_values=[]
09-10 06:56:55.633  8821  8821 V GraphicsEnvironment: Global.Settings values are invalid: number of packages: 0, number of values: 0
09-10 06:56:55.633  8821  8821 V GraphicsEnvironment: Neither updatable production driver nor prerelease driver is supported.
09-10 06:56:55.869  8821  8821 V Godot   : Initializing Godot plugin registry
09-10 06:56:55.870  8821  8821 I GodotPluginRegistry: Registering runtime plugin AndroidRuntime
09-10 06:56:55.870  8821  8821 I GodotPluginRegistry: Registering runtime plugin PartyDeckBridge
09-10 06:56:55.871  8821  8821 V Godot   : InitEngine with params: [--main-pack, res://partydeck-last-light.pck, --rendering-method, gl_compatibility, --xr-mode, off]
09-10 06:56:55.893  8821  8821 D nativeloader: Load /data/app/~~oi_r0CluMOdEMpjrrrwDqw==/dev.partydeck.godot.compare-fwZASRIEUwackOQh5vjqtA==/base.apk!/lib/x86_64/libgodot_android.so using ns clns-7 from class loader (caller=/data/app/~~oi_r0CluMOdEMpjrrrwDqw==/dev.partydeck.godot.compare-fwZASRIEUwackOQh5vjqtA==/base.apk): ok
09-10 06:56:55.894  8821  8821 V Godot   : Godot native layer initialization completed: true
09-10 06:56:55.894  8821  8821 V Godot   : Setting up native layer with params: [--main-pack, res://partydeck-last-light.pck, --rendering-method, gl_compatibility, --xr-mode, off]
09-10 06:56:55.948  8821  8821 V Godot   : Godot native layer setup completed
09-10 06:56:55.948  8821  8821 V Godot   : OnInitRenderView: GodotFragment{f3956c4} (cd1b08b9-7cc8-4fbe-bed1-411ba6b166a5 id=0x7f07002b tag=partydeck-godot)
09-10 06:56:55.987  8821  8821 D Godot   : Render view should be transparent: false
09-10 06:56:55.987  8821  8821 D Godot   : renderingDevice: opengl3 (ProjectSettings)
09-10 06:56:55.987  8821  8821 D Godot   : 			renderer: gl_compatibility (Default)
09-10 06:56:56.000  8821  8821 V Godot   : OnStart: GodotFragment{f3956c4} (cd1b08b9-7cc8-4fbe-bed1-411ba6b166a5 id=0x7f07002b tag=partydeck-godot)
09-10 06:56:56.001  8821  8821 W WindowOnBackDispatcher: OnBackInvokedCallback is not enabled for the application.
09-10 06:56:56.001  8821  8821 W WindowOnBackDispatcher: Set 'android:enableOnBackInvokedCallback="true"' in the application manifest.
09-10 06:56:56.004  8821  8821 V Godot   : OnResume: GodotFragment{f3956c4} (cd1b08b9-7cc8-4fbe-bed1-411ba6b166a5 id=0x7f07002b tag=partydeck-godot)
09-10 06:56:56.008  8821  8821 W HWUI    : Unknown dataspace 0
09-10 06:56:56.042  8821  8849 I EGL_emulation: Opening libGLESv1_CM_emulation.so
09-10 06:56:56.042  8821  8849 I EGL_emulation: Opening libGLESv2_emulation.so
09-10 06:56:56.056  8821  8849 W HWUI    : Failed to choose config with EGL_SWAP_BEHAVIOR_PRESERVED, retrying without...
09-10 06:56:56.057  8821  8828 I t.compare:godot: Compiler allocated 4219KB to compile void android.widget.TextView.<init>(android.content.Context, android.util.AttributeSet, int, int)
09-10 06:56:56.060  8821  8849 W HWUI    : Failed to initialize 101010-2 format, error = EGL_SUCCESS
09-10 06:56:56.079  8821  8858 W RegularContextFactory: creating OpenGL ES 3.0 context :
09-10 06:56:56.111  8821  8858 I Gralloc4: mapper 4.x is not supported
09-10 06:56:56.123  8821  8858 I godot   : Godot Engine v4.7.2.stable.official.ed1daf0bf - https://godotengine.org
09-10 06:56:56.338  8821  8858 E godot   : WARNING: Failed to load cached shader, recompiling.
09-10 06:56:56.338  8821  8858 E godot   :    at: _load_from_cache (drivers/gles3/shader_gles3.cpp:615)
09-10 06:56:56.546  8821  8828 I t.compare:godot: Compiler allocated 5174KB to compile void android.view.ViewRootImpl.performTraversals()
09-10 06:56:56.802  8821  8858 I godot   : OpenGL API OpenGL ES 3.1 (OpenGL ES 3.1.0 (ANGLE 2.1.17841 git hash: 5fa2e61da947)) - Compatibility - Using Device: Google (Google Inc. (Google)) - Android Emulator OpenGL ES Translator (ANGLE (Google, Vulkan 1.3.0 (SwiftShader Device (Subzero) (0x0000C0DE)), SwiftShader driver-5.0.0))
09-10 06:56:56.804  8821  8858 D t.compare:godot: PlayerBase::PlayerBase()
09-10 06:56:56.805  8821  8858 D t.compare:godot: TrackPlayerBase::TrackPlayerBase()
09-10 06:56:56.805  8821  8858 I libOpenSLES: Emulating old channel mask behavior (ignoring positional mask 0x3, using default mask 0x3 based on channel count of 2)
09-10 06:56:56.809  8821  8858 I godot   : 
09-10 06:56:57.318  8821  8858 V Godot   : OnGodotSetupCompleted
09-10 06:56:57.325  8821  8858 V Godot   : OnGodotMainLoopStarted
09-10 06:56:57.602  8821  8849 D EGL_emulation: app_time_stats: avg=267.40ms min=38.44ms max=748.49ms count=5
09-10 06:56:59.365  8821  8858 D EGL_emulation: app_time_stats: avg=817.75ms min=103.60ms max=1695.71ms count=3
09-10 06:56:59.583  8821  8849 D EGL_emulation: app_time_stats: avg=990.18ms min=697.97ms max=1282.38ms count=2
09-10 06:57:08.910  8821  8821 D AutofillManager: Fill dialog is enabled:false, hints=[]
09-10 06:57:08.931  8821  8829 I t.compare:godot: Background concurrent mark compact GC freed 9565KB AllocSpace bytes, 9(708KB) LOS objects, 49% free, 2867KB/5734KB, paused 201us,6.169ms total 21.242ms
09-10 06:57:08.934  8821  8849 D EGL_emulation: app_time_stats: avg=2326.26ms min=10.24ms max=9209.67ms count=4
09-10 06:57:13.154  8821  8849 D EGL_emulation: app_time_stats: avg=840.52ms min=11.92ms max=4036.52ms count=5
09-10 06:57:13.171  8821  8858 D EGL_emulation: app_time_stats: avg=6903.06ms min=90.83ms max=13715.29ms count=2
09-10 06:57:13.172  8821  8858 D GLThread: Exiting render thread
09-10 06:57:13.172  8821  8858 D GodotRenderer: Destroying Godot Engine
09-10 06:57:13.224  8821  8858 D t.compare:godot: PlayerBase::stop() from IPlayer
09-10 06:57:13.224  8821  8858 D AudioTrack: stop(17): called with 728532 frames delivered
09-10 06:57:13.228  8821  8858 E eglCodecCommon: removeVertexArrayObject: ERROR: 7 not found in VAO state!
09-10 06:57:13.269  8821  8858 V Godot   : OnGodotTerminating
09-10 06:57:13.293  8821  8821 V Godot   : OnDestroy: GodotFragment{f3956c4} (cd1b08b9-7cc8-4fbe-bed1-411ba6b166a5 id=0x7f07002b tag=partydeck-godot)
09-10 06:57:13.308  8821  8821 V Godot   : OnPause: GodotFragment{f3956c4} (cd1b08b9-7cc8-4fbe-bed1-411ba6b166a5 id=0x7f07002b tag=partydeck-godot)
09-10 06:57:13.431  8821  8821 I PartyDeckGodotHost: Engine process exit requested
09-10 06:57:13.431  8821  8821 I Process : Sending signal. PID: 8821 SIG: 9
