    PID    PPID COMMAND           RSS %CPU
   1903    1882 Runner.Worker   173376 5.1
   1846    1843 provjobd3442847 141732 2.0
   1882    1829 Runner.Listener 95692  1.5
   1021       1 dockerd         72320  0.2
    771       1 php-fpm8.3      51488  0.1
    841       1 containerd      48072  0.1
    220       1 multipathd      43676  0.0
   1155     802 python3         37328  0.8
    802       1 python3         31804  0.2
   1136     771 php-fpm8.3      21468  0.0
   1138     771 php-fpm8.3      21468  0.0
    768       1 networkd-dispat 21020  0.1
   1829       1 hosted-compute- 19272  0.0
    156       1 systemd-journal 17840  0.2
      1       0 systemd         14344  2.6
    800       1 udisksd         13812  0.0
    449       1 systemd-resolve 13288  0.1
    954       1 ModemManager    13100  0.0
    910       1 systemd         11448  0.1
    782       1 systemd-logind   9960  0.0
    648       1 systemd-network  9848  0.0
    775       1 polkitd          8268  0.0
    225       1 systemd-udevd    8080  0.1
   1843    1829 sudo             7152  0.0
    989       1 rsyslogd         6468  0.0
    763       1 dbus-daemon      5612  0.1
    487       1 haveged          5124  0.2
   2506    2492 ps               4316  0.0
    926       1 chronyd          3780  0.0
   2492    2491 bash             3676  0.0
    940     910 (sd-pam)         3640  0.0
   2490    1903 bash             3636  0.0
    328       1 hv_kvp_daemon    2972  0.0
    820       1 cron             2888  0.0
    877       1 agetty           2224  0.0
   2491    2490 timeout          2172  0.0
    886       1 agetty           2108  0.0
    932     926 chronyd          1220  0.0
      2       0 kthreadd            0  0.0
      3       2 pool_workqueue_     0  0.0
      4       2 kworker/R-rcu_g     0  0.0
      5       2 kworker/R-sync_     0  0.0
      6       2 kworker/R-kvfre     0  0.0
      7       2 kworker/R-slub_     0  0.0
      8       2 kworker/R-netns     0  0.0
      9       2 kworker/0:0-eve     0  0.0
     10       2 kworker/0:1-eve     0  0.1
     11       2 kworker/0:0H-ev     0  0.0
     12       2 kworker/u16:0-e     0  0.4
     13       2 kworker/R-mm_pe     0  0.0
     14       2 ksoftirqd/0         0  0.0
     15       2 rcu_sched           0  0.0
     16       2 rcu_exp_par_gp_     0  0.0
     17       2 rcu_exp_gp_kthr     0  0.0
     18       2 migration/0         0  0.0
     19       2 idle_inject/0       0  0.0
     20       2 cpuhp/0             0  0.0
     21       2 cpuhp/2             0  0.0
     22       2 idle_inject/2       0  0.0
     23       2 migration/2         0  0.6
     24       2 ksoftirqd/2         0  0.0
     25       2 kworker/2:0-eve     0  0.0
     26       2 kworker/2:0H-ev     0  0.0
     27       2 cpuhp/1             0  0.2
     28       2 idle_inject/1       0  0.0
     29       2 migration/1         0  0.6
     30       2 ksoftirqd/1         0  0.0
     31       2 kworker/1:0-cgr     0  0.0
     32       2 kworker/1:0H-ev     0  0.0
     33       2 cpuhp/3             0  0.0
     34       2 idle_inject/3       0  0.0
     35       2 migration/3         0  1.0
     36       2 ksoftirqd/3         0  0.0
     37       2 kworker/3:0-ino     0  0.0
     38       2 kworker/3:0H-ev     0  0.0
     39       2 kdevtmpfs           0  0.0
     40       2 kworker/R-inet_     0  0.0
     41       2 rcu_tasks_rude_     0  0.0
     42       2 rcu_tasks_trace     0  0.0
     43       2 kauditd             0  0.0
     44       2 khungtaskd          0  0.0
     45       2 oom_reaper          0  0.0
     46       2 kworker/u16:1-f     0  0.2
     47       2 kworker/u16:2-i     0  0.2
     48       2 kworker/R-write     0  0.0
     49       2 kcompactd0          0  0.0
     50       2 ksmd                0  0.0
     51       2 khugepaged          0  0.0
     52       2 kworker/R-kbloc     0  0.0
     53       2 kworker/R-blkcg     0  0.0
     54       2 kworker/R-kinte     0  0.0
     55       2 irq/9-acpi          0  0.0
     56       2 kworker/3:1-cgw     0  0.0
     57       2 kworker/1:1-mm_     0  0.0
     58       2 kworker/2:1-mm_     0  0.0
     59       2 kworker/R-tpm_d     0  0.0
     60       2 kworker/R-ata_s     0  0.0
     61       2 kworker/R-md        0  0.0
     62       2 kworker/R-md_bi     0  0.0
     63       2 kworker/R-edac-     0  0.0
     64       2 kworker/R-hv_vm     0  0.0
     65       2 kworker/R-hv_vm     0  0.0
     66       2 kworker/R-hv_pr     0  0.0
     67       2 kworker/R-hv_su     0  0.0
     68       2 kworker/R-devfr     0  0.0
     69       2 watchdogd           0  0.0
     70       2 kworker/R-quota     0  0.0
     71       2 kworker/0:1H-kb     0  0.0
     72       2 kswapd0             0  0.0
     73       2 ecryptfs-kthrea     0  0.0
     74       2 kworker/R-kthro     0  0.0
     75       2 kworker/R-nfit      0  0.0
     76       2 scsi_eh_0           0  0.0
     77       2 kworker/R-scsi_     0  0.0
     78       2 kworker/R-nvme-     0  0.0
     79       2 kworker/R-nvme-     0  0.0
     80       2 kworker/R-nvme-     0  0.0
     81       2 kworker/R-nvme-     0  0.0
     82       2 kworker/u16:3-e     0  0.0
     83       2 kworker/u16:4-f     0  0.0
     84       2 kworker/u16:5-f     0  0.0
     85       2 kworker/R-mld       0  0.0
     86       2 kworker/2:1H-kb     0  0.0
     87       2 kworker/R-ipv6_     0  0.0
     88       2 kworker/0:2-eve     0  0.0
     89       2 kworker/R-kstrp     0  0.0
     90       2 hv_balloon          0  0.0
     92       2 kworker/u17:0       0  0.0
    103       2 jbd2/nvme0n1p1-     0  0.0
    104       2 kworker/R-ext4-     0  0.0
    105       2 kworker/3:1H-kb     0  0.0
    106       2 kworker/3:2-eve     0  0.0
    139       2 kworker/1:1H-kb     0  0.0
    171       2 kworker/2:2-eve     0  0.0
    178       2 kworker/R-kmpat     0  0.0
    179       2 kworker/R-kmpat     0  0.0
    197       2 kworker/1:2-mm_     0  0.0
    212       2 ext4lazyinit        0  0.0
    215       2 kworker/2:3-cgr     0  0.0
    216       2 kworker/2:4-eve     0  0.0
    237       2 psimon              0  0.0
    292       2 kworker/0:3-eve     0  0.0
    303       2 jbd2/nvme0n1p16     0  0.0
    304       2 kworker/R-ext4-     0  0.0
    490       2 kworker/3:3-ino     0  0.0
    626       2 kworker/R-mana_     0  0.0
    638       2 kworker/R-ib-co     0  0.0
    639       2 kworker/R-ib-co     0  0.0
    640       2 kworker/R-ib_mc     0  0.0
    641       2 kworker/R-ib_nl     0  0.0
    643       2 kworker/R-ib_ma     0  0.0
    915       2 kworker/3:4-ino     0  0.0
    916       2 kworker/3:5-ino     0  0.0
    917       2 kworker/3:6-ino     0  0.0
    918       2 kworker/3:7-ino     0  0.0
    919       2 kworker/3:8-eve     0  0.0
    920       2 kworker/3:9-mm_     0  0.0
   1106       2 kworker/R-tls-s     0  0.0
   1826       2 psimon              0  0.0
   2319       2 kworker/u16:6-k     0  0.0
   2320       2 kworker/u16:7-f     0  0.0
   2321       2 kworker/u16:8-e     0  0.0
