--------- beginning of main
09-10 10:17:06.085  9111  9111 I t.compare:godot: Late-enabling -Xcheck:jni
09-10 10:17:06.109  9111  9111 I t.compare:godot: Using CollectorTypeCMC GC.
09-10 10:17:06.110  9111  9111 W t.compare:godot: Unexpected CPU variant for x86: x86_64.
09-10 10:17:06.110  9111  9111 W t.compare:godot: Known variants: atom, sandybridge, silvermont, goldmont, goldmont-plus, goldmont-without-sha-xsaves, tremont, kabylake, default
09-10 10:17:06.138  9111  9111 D nativeloader: Load libframework-connectivity-tiramisu-jni.so using APEX ns com_android_tethering for caller /apex/com.android.tethering/javalib/framework-connectivity-t.jar: ok
09-10 10:17:06.163  9111  9111 W ziparchive: Unable to open '/data/app/~~J_f6056pFFAZq0YoucoDGw==/dev.partydeck.godot.compare-Hp_eO7yxOgehJsAnijGhlQ==/base.dm': No such file or directory
09-10 10:17:06.163  9111  9111 W ziparchive: Unable to open '/data/app/~~J_f6056pFFAZq0YoucoDGw==/dev.partydeck.godot.compare-Hp_eO7yxOgehJsAnijGhlQ==/base.dm': No such file or directory
09-10 10:17:06.323  9111  9111 D nativeloader: Configuring clns-7 for other apk /data/app/~~J_f6056pFFAZq0YoucoDGw==/dev.partydeck.godot.compare-Hp_eO7yxOgehJsAnijGhlQ==/base.apk. target_sdk_version=36, uses_libraries=, library_path=/data/app/~~J_f6056pFFAZq0YoucoDGw==/dev.partydeck.godot.compare-Hp_eO7yxOgehJsAnijGhlQ==/lib/x86_64:/data/app/~~J_f6056pFFAZq0YoucoDGw==/dev.partydeck.godot.compare-Hp_eO7yxOgehJsAnijGhlQ==/base.apk!/lib/x86_64, permitted_path=/data:/mnt/expand:/data/user/0/dev.partydeck.godot.compare
09-10 10:17:06.335  9111  9111 V GraphicsEnvironment: Currently set values for:
09-10 10:17:06.335  9111  9111 V GraphicsEnvironment:   angle_gl_driver_selection_pkgs=[]
09-10 10:17:06.335  9111  9111 V GraphicsEnvironment:   angle_gl_driver_selection_values=[]
09-10 10:17:06.335  9111  9111 V GraphicsEnvironment: Global.Settings values are invalid: number of packages: 0, number of values: 0
09-10 10:17:06.335  9111  9111 V GraphicsEnvironment: Neither updatable production driver nor prerelease driver is supported.
09-10 10:17:06.585  9111  9111 V Godot   : Initializing Godot plugin registry
09-10 10:17:06.586  9111  9111 I GodotPluginRegistry: Registering runtime plugin AndroidRuntime
09-10 10:17:06.586  9111  9111 I GodotPluginRegistry: Registering runtime plugin PartyDeckBridge
09-10 10:17:06.586  9111  9111 V Godot   : InitEngine with params: [--main-pack, res://partydeck-last-light.pck, --rendering-method, gl_compatibility, --xr-mode, off]
09-10 10:17:06.634  9111  9111 D nativeloader: Load /data/app/~~J_f6056pFFAZq0YoucoDGw==/dev.partydeck.godot.compare-Hp_eO7yxOgehJsAnijGhlQ==/base.apk!/lib/x86_64/libgodot_android.so using ns clns-7 from class loader (caller=/data/app/~~J_f6056pFFAZq0YoucoDGw==/dev.partydeck.godot.compare-Hp_eO7yxOgehJsAnijGhlQ==/base.apk): ok
09-10 10:17:06.635  9111  9111 V Godot   : Godot native layer initialization completed: true
09-10 10:17:06.635  9111  9111 V Godot   : Setting up native layer with params: [--main-pack, res://partydeck-last-light.pck, --rendering-method, gl_compatibility, --xr-mode, off]
09-10 10:17:06.683  9111  9111 V Godot   : Godot native layer setup completed
09-10 10:17:06.684  9111  9111 V Godot   : OnInitRenderView: GodotFragment{67a0108} (7120147a-93b3-4781-bcd1-44beb2d9dfa8 id=0x7f07002b tag=partydeck-godot)
09-10 10:17:06.706  9111  9111 D Godot   : Render view should be transparent: false
09-10 10:17:06.706  9111  9111 D Godot   : renderingDevice: opengl3 (ProjectSettings)
09-10 10:17:06.706  9111  9111 D Godot   : 			renderer: gl_compatibility (Default)
09-10 10:17:06.726  9111  9111 V Godot   : OnStart: GodotFragment{67a0108} (7120147a-93b3-4781-bcd1-44beb2d9dfa8 id=0x7f07002b tag=partydeck-godot)
09-10 10:17:06.735  9111  9111 W WindowOnBackDispatcher: OnBackInvokedCallback is not enabled for the application.
09-10 10:17:06.735  9111  9111 W WindowOnBackDispatcher: Set 'android:enableOnBackInvokedCallback="true"' in the application manifest.
09-10 10:17:06.741  9111  9111 V Godot   : OnResume: GodotFragment{67a0108} (7120147a-93b3-4781-bcd1-44beb2d9dfa8 id=0x7f07002b tag=partydeck-godot)
09-10 10:17:06.744  9111  9111 W HWUI    : Unknown dataspace 0
09-10 10:17:06.774  9111  9139 I EGL_emulation: Opening libGLESv1_CM_emulation.so
09-10 10:17:06.781  9111  9139 I EGL_emulation: Opening libGLESv2_emulation.so
09-10 10:17:06.786  9111  9139 W HWUI    : Failed to choose config with EGL_SWAP_BEHAVIOR_PRESERVED, retrying without...
09-10 10:17:06.786  9111  9139 W HWUI    : Failed to initialize 101010-2 format, error = EGL_SUCCESS
09-10 10:17:06.827  9111  9148 W RegularContextFactory: creating OpenGL ES 3.0 context :
09-10 10:17:06.834  9111  9148 I Gralloc4: mapper 4.x is not supported
09-10 10:17:06.844  9111  9148 I godot   : Godot Engine v4.7.2.stable.official.ed1daf0bf - https://godotengine.org
09-10 10:17:06.986  9111  9118 I t.compare:godot: Compiler allocated 4219KB to compile void android.widget.TextView.<init>(android.content.Context, android.util.AttributeSet, int, int)
09-10 10:17:07.039  9111  9148 E godot   : WARNING: Failed to load cached shader, recompiling.
09-10 10:17:07.039  9111  9148 E godot   :    at: _load_from_cache (drivers/gles3/shader_gles3.cpp:615)
09-10 10:17:07.358  9111  9118 I t.compare:godot: Compiler allocated 5174KB to compile void android.view.ViewRootImpl.performTraversals()
09-10 10:17:07.562  9111  9148 I godot   : OpenGL API OpenGL ES 3.1 (OpenGL ES 3.1.0 (ANGLE 2.1.17841 git hash: 5fa2e61da947)) - Compatibility - Using Device: Google (Google Inc. (Google)) - Android Emulator OpenGL ES Translator (ANGLE (Google, Vulkan 1.3.0 (SwiftShader Device (Subzero) (0x0000C0DE)), SwiftShader driver-5.0.0))
09-10 10:17:07.562  9111  9148 D t.compare:godot: PlayerBase::PlayerBase()
09-10 10:17:07.563  9111  9148 D t.compare:godot: TrackPlayerBase::TrackPlayerBase()
09-10 10:17:07.563  9111  9148 I libOpenSLES: Emulating old channel mask behavior (ignoring positional mask 0x3, using default mask 0x3 based on channel count of 2)
09-10 10:17:07.567  9111  9148 I godot   : 
09-10 10:17:08.068  9111  9148 V Godot   : OnGodotSetupCompleted
09-10 10:17:08.073  9111  9148 V Godot   : OnGodotMainLoopStarted
09-10 10:17:08.126  9111  9139 D EGL_emulation: app_time_stats: avg=238.43ms min=47.90ms max=690.65ms count=5
09-10 10:17:16.063  9111  9111 D AutofillManager: Fill dialog is enabled:false, hints=[]
09-10 10:17:16.080  9111  9111 I PartyDeckGodotBridge: Close requested elapsed_ms=668251
09-10 10:17:16.091  9111  9148 I PartyDeckGodotBridge: Close dispatch started elapsed_ms=668261
09-10 10:17:16.092  9111  9148 I PartyDeckGodotBridge: Close native barrier elapsed_ms=668264
09-10 10:17:16.099  9111  9139 D EGL_emulation: app_time_stats: avg=992.65ms min=9.37ms max=7123.36ms count=8
09-10 10:17:16.189  9111  9111 I PartyDeckGodotHost: Close main callback elapsed_ms=668360
09-10 10:17:16.254  9111  9148 D EGL_emulation: app_time_stats: avg=2123.99ms min=26.56ms max=7914.67ms count=4
09-10 10:17:16.256  9111  9148 D GLThread: Exiting render thread
09-10 10:17:16.256  9111  9148 D GodotRenderer: Destroying Godot Engine
09-10 10:17:16.283  9111  9148 D t.compare:godot: PlayerBase::stop() from IPlayer
09-10 10:17:16.283  9111  9148 D AudioTrack: stop(18): called with 385434 frames delivered
09-10 10:17:16.287  9111  9148 E eglCodecCommon: removeVertexArrayObject: ERROR: 7 not found in VAO state!
09-10 10:17:16.320  9111  9148 V Godot   : OnGodotTerminating
09-10 10:17:16.325  9111  9111 V Godot   : OnDestroy: GodotFragment{67a0108} (7120147a-93b3-4781-bcd1-44beb2d9dfa8 id=0x7f07002b tag=partydeck-godot)
09-10 10:17:16.348  9111  9111 V Godot   : OnPause: GodotFragment{67a0108} (7120147a-93b3-4781-bcd1-44beb2d9dfa8 id=0x7f07002b tag=partydeck-godot)
09-10 10:17:16.517  9111  9111 I PartyDeckGodotHost: Engine process exit requested
09-10 10:17:16.517  9111  9111 I Process : Sending signal. PID: 9111 SIG: 9
