ACTIVITY MANAGER ACTIVITIES (dumpsys activity activities)
Display #0 (activities from top to bottom):
  * Task{f1f4fb3 #8 type=standard A=10150:dev.partydeck.app U=0 visible=true visibleRequested=true mode=fullscreen translucent=false sz=2}
    mLastPausedActivity: ActivityRecord{72771874 u0 dev.partydeck.app/.MainActivity t8}
    mLastNonFullscreenBounds=Rect(631, 96 - 885, 673)
    isSleeping=false
    topResumedActivity=ActivityRecord{179895373 u0 dev.partydeck.app/.godot.SessionGodotActivity t8}
    * Hist  #1: ActivityRecord{179895373 u0 dev.partydeck.app/.godot.SessionGodotActivity t8}
      packageName=dev.partydeck.app processName=dev.partydeck.app:godot
      launchedFromUid=10150 launchedFromPackage=dev.partydeck.app launchedFromFeature=null userId=0
      app=ProcessRecord{6b01650 10794:dev.partydeck.app:godot/u0a150}
      Intent { flg=0x40000 xflg=0x4 cmp=dev.partydeck.app/.godot.SessionGodotActivity (has extras) }
      rootOfTask=false task=Task{f1f4fb3 #8 type=standard A=10150:dev.partydeck.app}
      taskAffinity=10150:dev.partydeck.app
      mActivityComponent=dev.partydeck.app/.godot.SessionGodotActivity
      baseDir=/data/app/~~3J0Kj2rb2WOId0CTpZKLGQ==/dev.partydeck.app-G69ACRYSebeqM3-vKP2yqQ==/base.apk
      dataDir=/data/user/0/dev.partydeck.app
      stateNotNeeded=false componentSpecified=true mActivityType=standard
      compat={280dpi} theme=0x7f0e010d
      mLastReportedConfigurations:
        mGlobalConfig={1.0 310mcc260mnc [en_US] ldltr sw411dp w914dp h411dp 280dpi nrml long land finger qwerty/v/v -nav/h winConfig={ mBounds=Rect(0, 0 - 1600, 720) mAppBounds=Rect(0, 0 - 1600, 720) mMaxBounds=Rect(0, 0 - 1600, 720) mDisplayRotation=ROTATION_90 mWindowingMode=fullscreen mActivityType=undefined mAlwaysOnTop=undefined mRotation=ROTATION_90} as.3 s.320 fontWeightAdjustment=0}
        mOverrideConfig={1.0 310mcc260mnc [en_US] ldltr sw411dp w914dp h411dp 280dpi nrml long land finger qwerty/v/v -nav/h winConfig={ mBounds=Rect(0, 0 - 1600, 720) mAppBounds=Rect(0, 0 - 1600, 720) mMaxBounds=Rect(0, 0 - 1600, 720) mDisplayRotation=ROTATION_90 mWindowingMode=fullscreen mActivityType=standard mAlwaysOnTop=undefined mRotation=ROTATION_90} as.3 s.2 fontWeightAdjustment=0}
      mLastReportedActivityWindowInfo=ActivityWindowInfo{isEmbedded=false, taskBounds=Rect(0, 0 - 1600, 720), taskFragmentBounds=Rect(0, 0 - 1600, 720)}
      CurrentConfiguration={1.0 310mcc260mnc [en_US] ldltr sw411dp w914dp h411dp 280dpi nrml long land finger qwerty/v/v -nav/h winConfig={ mBounds=Rect(0, 0 - 1600, 720) mAppBounds=Rect(0, 0 - 1600, 720) mMaxBounds=Rect(0, 0 - 1600, 720) mDisplayRotation=ROTATION_90 mWindowingMode=fullscreen mActivityType=standard mAlwaysOnTop=undefined mRotation=ROTATION_90} as.3 s.2 fontWeightAdjustment=0}
      RequestedOverrideConfiguration={0.0 ?mcc0mnc ?localeList ?layoutDir ?swdp ?wdp ?hdp ?density ?lsize ?long ?ldr ?wideColorGamut ?orien ?uimode ?night ?touch ?keyb/?/? ?nav/? winConfig={ mBounds=Rect(0, 0 - 0, 0) mAppBounds=null mMaxBounds=Rect(0, 0 - 0, 0) mDisplayRotation=undefined mWindowingMode=undefined mActivityType=undefined mAlwaysOnTop=undefined mRotation=undefined} ?fontWeightAdjustment}
      taskDescription: label="null" icon=null iconResource=/0 iconFilename=null primaryColor=ff212121
        backgroundColor=ff303030 statusBarColor=ff000000 navigationBarColor=808080
       backgroundColorFloating=ff424242
      launchFailed=false launchCount=1 lastLaunchTime=-4s980ms
      mHaveState=false mIcicle=null
      state=RESUMED delayedResume=false finishing=false
      keysPaused=false inHistory=true idle=true
      occludesParent=true mNoDisplay=false immersive=false launchMode=1
      mActivityType=standard
      windows=[Window{949d261 u0 dev.partydeck.app/dev.partydeck.app.godot.SessionGodotActivity}]
      windowType=2
      mOccludesParent=true
      overrideOrientation=SCREEN_ORIENTATION_FULL_USER
      requestedOrientation=SCREEN_ORIENTATION_FULL_USER
      mVisibleRequested=true mVisible=true mClientVisible=true reportedDrawn=true reportedVisible=true
      mNumInterestingWindows=1 mNumDrawnWindows=1 allDrawn=true)
      startingData=null firstWindowDrawn=true
      nowVisible=true lastVisibleTime=-3s937ms
      resizeMode=RESIZE_MODE_RESIZEABLE
      mLastReportedMultiWindowMode=false mLastReportedPictureInPictureMode=false
      supportsSizeChanges=SIZE_CHANGES_UNSUPPORTED_METADATA
      configChanges=0x1ff3
      neverSandboxDisplayApis=false
      alwaysSandboxDisplayApis=false
      isTransparentPolicyRunning=false
      areBoundsLetterboxed=false
      isLetterboxRunning=false
    * Hist  #0: ActivityRecord{72771874 u0 dev.partydeck.app/.MainActivity t8}
      packageName=dev.partydeck.app processName=dev.partydeck.app
      launchedFromUid=2000 launchedFromPackage=com.android.shell launchedFromFeature=null userId=0
      app=ProcessRecord{1cf5ed2 2951:dev.partydeck.app/u0a150}
      Intent { flg=0x10000000 xflg=0x5 cmp=dev.partydeck.app/.MainActivity }
      rootOfTask=true task=Task{f1f4fb3 #8 type=standard A=10150:dev.partydeck.app}
      taskAffinity=10150:dev.partydeck.app
      mActivityComponent=dev.partydeck.app/.MainActivity
      baseDir=/data/app/~~3J0Kj2rb2WOId0CTpZKLGQ==/dev.partydeck.app-G69ACRYSebeqM3-vKP2yqQ==/base.apk
      dataDir=/data/user/0/dev.partydeck.app
      stateNotNeeded=false componentSpecified=true mActivityType=standard
      compat={280dpi} theme=0x7f0e010d
      mLastReportedConfigurations:
        mGlobalConfig={1.0 310mcc260mnc [en_US] ldltr sw411dp w914dp h411dp 280dpi nrml long land finger qwerty/v/v -nav/h winConfig={ mBounds=Rect(0, 0 - 1600, 720) mAppBounds=Rect(0, 0 - 1600, 720) mMaxBounds=Rect(0, 0 - 1600, 720) mDisplayRotation=ROTATION_90 mWindowingMode=fullscreen mActivityType=undefined mAlwaysOnTop=undefined mRotation=ROTATION_90} as.3 s.318 fontWeightAdjustment=0}
        mOverrideConfig={1.0 310mcc260mnc [en_US] ldltr sw411dp w914dp h411dp 280dpi nrml long land finger qwerty/v/v -nav/h winConfig={ mBounds=Rect(0, 0 - 1600, 720) mAppBounds=Rect(0, 0 - 1600, 720) mMaxBounds=Rect(0, 0 - 1600, 720) mDisplayRotation=ROTATION_90 mWindowingMode=fullscreen mActivityType=standard mAlwaysOnTop=undefined mRotation=ROTATION_90} as.3 s.7 fontWeightAdjustment=0}
      mLastReportedActivityWindowInfo=ActivityWindowInfo{isEmbedded=false, taskBounds=Rect(0, 0 - 1600, 720), taskFragmentBounds=Rect(0, 0 - 1600, 720)}
      CurrentConfiguration={1.0 310mcc260mnc [en_US] ldltr sw411dp w914dp h411dp 280dpi nrml long land finger qwerty/v/v -nav/h winConfig={ mBounds=Rect(0, 0 - 1600, 720) mAppBounds=Rect(0, 0 - 1600, 720) mMaxBounds=Rect(0, 0 - 1600, 720) mDisplayRotation=ROTATION_90 mWindowingMode=fullscreen mActivityType=standard mAlwaysOnTop=undefined mRotation=ROTATION_90} as.3 s.7 fontWeightAdjustment=0}
      RequestedOverrideConfiguration={0.0 ?mcc0mnc ?localeList ?layoutDir ?swdp ?wdp ?hdp ?density ?lsize ?long ?ldr ?wideColorGamut ?orien ?uimode ?night ?touch ?keyb/?/? ?nav/? winConfig={ mBounds=Rect(0, 0 - 0, 0) mAppBounds=null mMaxBounds=Rect(0, 0 - 0, 0) mDisplayRotation=undefined mWindowingMode=undefined mActivityType=standard mAlwaysOnTop=undefined mRotation=undefined} ?fontWeightAdjustment}
      taskDescription: label="null" icon=null iconResource=/0 iconFilename=null primaryColor=ff212121
        backgroundColor=ff303030 statusBarColor=ff000000 navigationBarColor=808080
       backgroundColorFloating=ff424242
      launchFailed=false launchCount=0 lastLaunchTime=-8m45s384ms
      mHaveState=true mIcicle=Bundle[mParcelledData.dataSize=1704]
      state=STOPPED delayedResume=false finishing=false
      keysPaused=false inHistory=true idle=true
      occludesParent=true mNoDisplay=false immersive=false launchMode=0
      mActivityType=standard
      windows=[Window{9ff017c u0 dev.partydeck.app/dev.partydeck.app.MainActivity}]
      windowType=2
      mOccludesParent=true
      overrideOrientation=SCREEN_ORIENTATION_UNSPECIFIED
      requestedOrientation=SCREEN_ORIENTATION_UNSPECIFIED
      mVisibleRequested=false mVisible=false mClientVisible=false reportedDrawn=false reportedVisible=false
      mAppStopped=true
      mNumInterestingWindows=2 mNumDrawnWindows=2 allDrawn=false)
      nowVisible=false lastVisibleTime=-51s457ms
      resizeMode=RESIZE_MODE_RESIZEABLE
      mLastReportedMultiWindowMode=false mLastReportedPictureInPictureMode=false
      supportsSizeChanges=SIZE_CHANGES_UNSUPPORTED_METADATA
      configChanges=0x3
      neverSandboxDisplayApis=false
      alwaysSandboxDisplayApis=false
      isTransparentPolicyRunning=false
      areBoundsLetterboxed=false
      isLetterboxRunning=false

  * Task{210eddc #9 type=standard A=1000:com.android.settings U=0 visible=false visibleRequested=false mode=fullscreen translucent=true sz=1}
    mLastPausedActivity: ActivityRecord{58356303 u0 com.android.settings/.Settings$DisplaySettingsActivity t9}
    mLastNonFullscreenBounds=Rect(631, 96 - 885, 673)
    isSleeping=false
    * Hist  #0: ActivityRecord{58356303 u0 com.android.settings/.Settings$DisplaySettingsActivity t9}
      packageName=com.android.settings processName=com.android.settings
      launchedFromUid=2000 launchedFromPackage=com.android.shell launchedFromFeature=null userId=0
      app=ProcessRecord{8b7d76d 1303:com.android.settings/1000}
      Intent { act=android.settings.DISPLAY_SETTINGS flg=0x10000000 xflg=0x4 cmp=com.android.settings/.Settings$DisplaySettingsActivity }
      rootOfTask=true task=Task{210eddc #9 type=standard A=1000:com.android.settings}
      taskAffinity=1000:com.android.settings
      mActivityComponent=com.android.settings/.Settings$DisplaySettingsActivity
      baseDir=/system_ext/priv-app/Settings/Settings.apk
      dataDir=/data/user_de/0/com.android.settings
      stateNotNeeded=false componentSpecified=false mActivityType=standard
      compat={280dpi} theme=0x7f150510
      mLastReportedConfigurations:
        mGlobalConfig={1.0 310mcc260mnc [en_US] ldltr sw411dp w914dp h411dp 280dpi nrml long land finger qwerty/v/v -nav/h winConfig={ mBounds=Rect(0, 0 - 1600, 720) mAppBounds=Rect(0, 0 - 1600, 720) mMaxBounds=Rect(0, 0 - 1600, 720) mDisplayRotation=ROTATION_90 mWindowingMode=fullscreen mActivityType=undefined mAlwaysOnTop=undefined mRotation=ROTATION_90} as.3 s.309 fontWeightAdjustment=0}
        mOverrideConfig={1.0 310mcc260mnc [en_US] ldltr sw411dp w914dp h411dp 280dpi nrml long land finger qwerty/v/v -nav/h winConfig={ mBounds=Rect(0, 0 - 1600, 720) mAppBounds=Rect(0, 0 - 1600, 720) mMaxBounds=Rect(0, 0 - 1600, 720) mDisplayRotation=ROTATION_90 mWindowingMode=fullscreen mActivityType=standard mAlwaysOnTop=undefined mRotation=ROTATION_90} as.3 s.1 fontWeightAdjustment=0}
      mLastReportedActivityWindowInfo=ActivityWindowInfo{isEmbedded=false, taskBounds=Rect(0, 0 - 1600, 720), taskFragmentBounds=Rect(0, 0 - 1600, 720)}
      CurrentConfiguration={1.0 310mcc260mnc [en_US] ldltr sw411dp w914dp h411dp 280dpi nrml long land finger qwerty/v/v -nav/h winConfig={ mBounds=Rect(0, 0 - 1600, 720) mAppBounds=Rect(0, 0 - 1600, 720) mMaxBounds=Rect(0, 0 - 1600, 720) mDisplayRotation=ROTATION_90 mWindowingMode=fullscreen mActivityType=standard mAlwaysOnTop=undefined mRotation=ROTATION_90} as.3 s.1 fontWeightAdjustment=0}
      RequestedOverrideConfiguration={0.0 ?mcc0mnc ?localeList ?layoutDir ?swdp ?wdp ?hdp ?density ?lsize ?long ?ldr ?wideColorGamut ?orien ?uimode ?night ?touch ?keyb/?/? ?nav/? winConfig={ mBounds=Rect(0, 0 - 0, 0) mAppBounds=null mMaxBounds=Rect(0, 0 - 0, 0) mDisplayRotation=undefined mWindowingMode=undefined mActivityType=standard mAlwaysOnTop=undefined mRotation=undefined} ?fontWeightAdjustment}
      ResolvedOverrideConfiguration={0.0 ?mcc0mnc ?localeList ?layoutDir ?swdp ?wdp ?hdp ?density ?lsize ?long ?ldr ?wideColorGamut ?orien ?uimode ?night ?touch ?keyb/?/? ?nav/? winConfig={ mBounds=Rect(0, 0 - 0, 0) mAppBounds=null mMaxBounds=Rect(0, 0 - 0, 0) mDisplayRotation=undefined mWindowingMode=undefined mActivityType=undefined mAlwaysOnTop=undefined mRotation=undefined} s.1 ?fontWeightAdjustment}
      taskDescription: label="null" icon=null iconResource=com.android.settings/2131231302 iconFilename=null primaryColor=fff1f0f7
        backgroundColor=ffeeedf4 statusBarColor=0 navigationBarColor=0
       backgroundColorFloating=fff1f0f7
      launchFailed=false launchCount=0 lastLaunchTime=-52s874ms
      mHaveState=true mIcicle=Bundle[mParcelledData.dataSize=10396]
      state=STOPPED delayedResume=false finishing=false
      keysPaused=false inHistory=true idle=true
      occludesParent=true mNoDisplay=false immersive=false launchMode=0
      mActivityType=standard
      windows=[Window{fec18a0 u0 com.android.settings/com.android.settings.Settings$DisplaySettingsActivity}]
      windowType=2
      mOccludesParent=true
      overrideOrientation=SCREEN_ORIENTATION_UNSPECIFIED
      requestedOrientation=SCREEN_ORIENTATION_UNSPECIFIED
      mVisibleRequested=false mVisible=false mClientVisible=false reportedDrawn=false reportedVisible=false
      mAppStopped=true
      mNumInterestingWindows=1 mNumDrawnWindows=1 allDrawn=false)
      nowVisible=false lastVisibleTime=-52s162ms
      resizeMode=RESIZE_MODE_RESIZEABLE_VIA_SDK_VERSION
      mLastReportedMultiWindowMode=false mLastReportedPictureInPictureMode=false
      supportsSizeChanges=SIZE_CHANGES_UNSUPPORTED_METADATA
      configChanges=0x3
      neverSandboxDisplayApis=false
      alwaysSandboxDisplayApis=false
      isTransparentPolicyRunning=false
      areBoundsLetterboxed=false
      isLetterboxRunning=false

  * Task{1f6fb4d #1 type=home U=0 visible=false visibleRequested=false mode=fullscreen translucent=true sz=1}
    * Task{3bb059 #7 type=home I=com.android.launcher3/.uioverrides.QuickstepLauncher U=0 rootTaskId=1 visible=false visibleRequested=false mode=fullscreen translucent=true sz=1}
      mLastPausedActivity: ActivityRecord{234480035 u0 com.android.launcher3/.uioverrides.QuickstepLauncher t7}
      mLastNonFullscreenBounds=Rect(184, 422 - 537, 1142)
      isSleeping=false
      * Hist  #0: ActivityRecord{234480035 u0 com.android.launcher3/.uioverrides.QuickstepLauncher t7}
        packageName=com.android.launcher3 processName=com.android.launcher3
        launchedFromUid=0 launchedFromPackage=null launchedFromFeature=null userId=0
        app=ProcessRecord{eb3977b 1363:com.android.launcher3/u0a122}
        Intent { act=android.intent.action.MAIN cat=[android.intent.category.HOME] flg=0x10000100 cmp=com.android.launcher3/.uioverrides.QuickstepLauncher (has extras) }
        rootOfTask=true task=Task{3bb059 #7 type=home I=com.android.launcher3/.uioverrides.QuickstepLauncher}
        taskAffinity=null
        mActivityComponent=com.android.launcher3/.uioverrides.QuickstepLauncher
        baseDir=/system_ext/priv-app/Launcher3QuickStep/Launcher3QuickStep.apk
        dataDir=/data/user/0/com.android.launcher3
        stateNotNeeded=true componentSpecified=true mActivityType=home
        compat={280dpi} theme=0x7f12000f
        mLastReportedConfigurations:
          mGlobalConfig={1.0 310mcc260mnc [en_US] ldltr sw411dp w411dp h914dp 280dpi nrml long port finger qwerty/v/v -nav/h winConfig={ mBounds=Rect(0, 0 - 720, 1600) mAppBounds=Rect(0, 0 - 720, 1600) mMaxBounds=Rect(0, 0 - 720, 1600) mDisplayRotation=ROTATION_0 mWindowingMode=fullscreen mActivityType=undefined mAlwaysOnTop=undefined mRotation=ROTATION_0} as.3 s.57 fontWeightAdjustment=0}
          mOverrideConfig={1.0 310mcc260mnc [en_US] ldltr sw411dp w411dp h914dp 280dpi nrml long port finger qwerty/v/v -nav/h winConfig={ mBounds=Rect(0, 0 - 720, 1600) mAppBounds=Rect(0, 0 - 720, 1600) mMaxBounds=Rect(0, 0 - 720, 1600) mDisplayRotation=ROTATION_0 mWindowingMode=fullscreen mActivityType=home mAlwaysOnTop=undefined mRotation=ROTATION_0} as.3 s.4 fontWeightAdjustment=0}
        mLastReportedActivityWindowInfo=ActivityWindowInfo{isEmbedded=false, taskBounds=Rect(0, 0 - 720, 1600), taskFragmentBounds=Rect(0, 0 - 720, 1600)}
        CurrentConfiguration={1.0 310mcc260mnc [en_US] ldltr sw411dp w914dp h411dp 280dpi nrml long land finger qwerty/v/v -nav/h winConfig={ mBounds=Rect(0, 0 - 1600, 720) mAppBounds=Rect(0, 0 - 1600, 720) mMaxBounds=Rect(0, 0 - 1600, 720) mDisplayRotation=ROTATION_90 mWindowingMode=fullscreen mActivityType=home mAlwaysOnTop=undefined mRotation=ROTATION_90} as.3 s.10 fontWeightAdjustment=0}
        RequestedOverrideConfiguration={0.0 ?mcc0mnc ?localeList ?layoutDir ?swdp ?wdp ?hdp ?density ?lsize ?long ?ldr ?wideColorGamut ?orien ?uimode ?night ?touch ?keyb/?/? ?nav/? winConfig={ mBounds=Rect(0, 0 - 0, 0) mAppBounds=null mMaxBounds=Rect(0, 0 - 0, 0) mDisplayRotation=undefined mWindowingMode=undefined mActivityType=home mAlwaysOnTop=undefined mRotation=undefined} as.3 ?fontWeightAdjustment}
        taskDescription: label="null" icon=null iconResource=/0 iconFilename=null primaryColor=fff1f0f7
          backgroundColor=ffeeedf4 statusBarColor=0 navigationBarColor=0
         backgroundColorFloating=fff1f0f7
        launchFailed=false launchCount=0 lastLaunchTime=-9m16s766ms
        mHaveState=true mIcicle=Bundle[mParcelledData.dataSize=5480]
        state=STOPPED delayedResume=false finishing=false
        keysPaused=false inHistory=true idle=true
        occludesParent=true mNoDisplay=false immersive=false launchMode=2
        mActivityType=home
        windows=[Window{800cb57 u0 com.android.launcher3/com.android.launcher3.uioverrides.QuickstepLauncher}]
        windowType=2
        mOccludesParent=true
        overrideOrientation=SCREEN_ORIENTATION_NOSENSOR
        requestedOrientation=SCREEN_ORIENTATION_NOSENSOR
        mVisibleRequested=false mVisible=false mClientVisible=false reportedDrawn=false reportedVisible=false
        mAppStopped=true
        mNumInterestingWindows=1 mNumDrawnWindows=1 allDrawn=false)
        nowVisible=false lastVisibleTime=-9m11s970ms
        connections={ConnectionRecord{5142bfe u0 com.android.launcher3/com.android.quickstep.TouchInteractionService:@5d2bb9 flags=0x0}}
        resizeMode=RESIZE_MODE_RESIZEABLE
        mLastReportedMultiWindowMode=false mLastReportedPictureInPictureMode=false
        supportsSizeChanges=SIZE_CHANGES_UNSUPPORTED_METADATA
        configChanges=0xff3
        neverSandboxDisplayApis=false
        alwaysSandboxDisplayApis=false
        isTransparentPolicyRunning=false
        areBoundsLetterboxed=false
        isLetterboxRunning=false

  * Task{36796fb #2 type=undefined U=0 visible=false visibleRequested=false mode=fullscreen translucent=true sz=2}
    mCreatedByOrganizer=true
    * Task{b020171 #4 type=undefined U=0 rootTaskId=2 visible=false visibleRequested=false mode=multi-window translucent=true sz=0}
      mBounds=Rect(0, 1600 - 720, 2400)
      mCreatedByOrganizer=true
      isSleeping=false
    * Task{43df318 #3 type=undefined U=0 rootTaskId=2 visible=false visibleRequested=false mode=multi-window translucent=true sz=0}
      mCreatedByOrganizer=true
      isSleeping=false

  Resumed activities in task display areas (from top to bottom):
    Resumed: ActivityRecord{179895373 u0 dev.partydeck.app/.godot.SessionGodotActivity t8}

  ResumedActivity: ActivityRecord{179895373 u0 dev.partydeck.app/.godot.SessionGodotActivity t8}

ActivityTaskSupervisor state:
  topDisplayFocusedRootTask=Task{f1f4fb3 #8 type=standard A=10150:dev.partydeck.app}
  Display: mDisplayId=0 (organized)
    init=720x1600 280dpi mMinSizeOfResizeableTaskDp=220 cur=1600x720 app=1600x720 rng=720x720-1600x1600
    deferred=false mLayoutNeeded=false
  mLastOrientationSource=WindowedMagnification:0:31@30459892
  deepestLastOrientationSource=ActivityRecord{179895373 u0 dev.partydeck.app/.godot.SessionGodotActivity t8}
  overrideConfig={1.0 310mcc260mnc [en_US] ldltr sw411dp w914dp h411dp 280dpi nrml long land finger qwerty/v/v -nav/h winConfig={ mBounds=Rect(0, 0 - 1600, 720) mAppBounds=Rect(0, 0 - 1600, 720) mMaxBounds=Rect(0, 0 - 1600, 720) mDisplayRotation=ROTATION_90 mWindowingMode=fullscreen mActivityType=undefined mAlwaysOnTop=undefined mRotation=ROTATION_90} as.3 s.271 fontWeightAdjustment=0}
  ignoreOrientationRequest=false
  mLayoutSeq=424
  mCurrentFocus=Window{949d261 u0 dev.partydeck.app/dev.partydeck.app.godot.SessionGodotActivity}
  mFocusedApp=ActivityRecord{179895373 u0 dev.partydeck.app/.godot.SessionGodotActivity t8}

  mHoldScreenWindow=Window{949d261 u0 dev.partydeck.app/dev.partydeck.app.godot.SessionGodotActivity}
  mObscuringWindow=null
  mLastWakeLockHoldingWindow=Window{949d261 u0 dev.partydeck.app/dev.partydeck.app.godot.SessionGodotActivity}
  mLastWakeLockObscuringWindow=null

  displayId=0
  mWallpaperTarget=null
  mLastWallpaperZoomOut=0.0
  token WallpaperWindowToken{72a6232 showWhenLocked=true}:
    mWallpaperX=0.0
    mWallpaperY=0.5
    mWallpaperXStep=0.33333334
    mWallpaperYStep=1.0
    mWallpaperDisplayOffsetX=NA
    mWallpaperDisplayOffsetY=NA

  mSystemGestureExclusion=SkRegion()

  Display areas in top down Z order:
    * Leaf:36:36
    * HideDisplayCutout:32:35
      * OneHanded:34:35
        * AppZoomOut:34:35
          * Leaf:34:35
      * AppZoomOut:33:33
        * Leaf:33:33
      * OneHanded:32:32
        * AppZoomOut:32:32
          * Leaf:32:32
    * WindowedMagnification:0:31
      * HideDisplayCutout:26:31
        * OneHanded:26:31
          * AppZoomOut:26:31
            * Leaf:26:31
      * Leaf:24:25
      * HideDisplayCutout:18:23
        * OneHanded:18:23
          * AppZoomOut:23:23
            * Leaf:23:23
          * Leaf:22:22
          * AppZoomOut:20:21
            * Leaf:20:21
          * Leaf:19:19
          * AppZoomOut:18:18
            * Leaf:18:18
      * OneHanded:17:17
        * Leaf:17:17
      * HideDisplayCutout:16:16
        * OneHanded:16:16
          * AppZoomOut:16:16
            * Leaf:16:16
      * OneHanded:15:15
        * Leaf:15:15
      * HideDisplayCutout:0:14
        * OneHanded:0:14
          * AppZoomOut:2:14
            * ImePlaceholder:13:14
              * ImeContainer
            * Leaf:3:12
            * DefaultTaskDisplayArea (organized)
          * Leaf:1:1
          * AppZoomOut:0:0
            * Leaf:0:0

  Task display areas in top down Z order:
    TaskDisplayArea DefaultTaskDisplayArea
      overrideConfig={0.0 ?mcc0mnc ?localeList ?layoutDir ?swdp ?wdp ?hdp ?density ?lsize ?long ?ldr ?wideColorGamut ?orien ?uimode ?night ?touch ?keyb/?/? ?nav/? winConfig={ mBounds=Rect(0, 0 - 0, 0) mAppBounds=null mMaxBounds=Rect(0, 0 - 0, 0) mDisplayRotation=undefined mWindowingMode=fullscreen mActivityType=undefined mAlwaysOnTop=undefined mRotation=undefined} ?fontWeightAdjustment}
      mPreferredTopFocusableRootTask=Task{f1f4fb3 #8 type=standard A=10150:dev.partydeck.app}
      mLastFocusedRootTask=Task{f1f4fb3 #8 type=standard A=10150:dev.partydeck.app}
      Application tokens in top down Z order:
      * Task{f1f4fb3 #8 type=standard A=10150:dev.partydeck.app U=0 visible=true visibleRequested=true mode=fullscreen translucent=false sz=2}
        bounds=[0,0][1600,720]
        * ActivityRecord{179895373 u0 dev.partydeck.app/.godot.SessionGodotActivity t8}
        * ActivityRecord{72771874 u0 dev.partydeck.app/.MainActivity t8}
      * Task{210eddc #9 type=standard A=1000:com.android.settings U=0 visible=false visibleRequested=false mode=fullscreen translucent=true sz=1}
        bounds=[0,0][1600,720]
        * ActivityRecord{58356303 u0 com.android.settings/.Settings$DisplaySettingsActivity t9}
      * Task{1f6fb4d #1 type=home U=0 visible=false visibleRequested=false mode=fullscreen translucent=true sz=1}
        bounds=[0,0][1600,720]
        * Task{3bb059 #7 type=home I=com.android.launcher3/.uioverrides.QuickstepLauncher U=0 rootTaskId=1 visible=false visibleRequested=false mode=fullscreen translucent=true sz=1}
          bounds=[0,0][1600,720]
          * ActivityRecord{234480035 u0 com.android.launcher3/.uioverrides.QuickstepLauncher t7}
      * Task{36796fb #2 type=undefined U=0 visible=false visibleRequested=false mode=fullscreen translucent=true sz=2}
        bounds=[0,0][1600,720]
        * Task{b020171 #4 type=undefined U=0 rootTaskId=2 visible=false visibleRequested=false mode=multi-window translucent=true sz=0}
          bounds=[0,1600][720,2400]
        * Task{43df318 #3 type=undefined U=0 rootTaskId=2 visible=false visibleRequested=false mode=multi-window translucent=true sz=0}
          bounds=[0,0][1600,720]

  rootHomeTask=Task=1

  PinnedTaskController
    mIsImeShowing=false
    mImeHeight=0
    mMinAspectRatio=0.41841003
    mMaxAspectRatio=2.39

  DisplayFrames w=1600 h=720 r=1

  DisplayPolicy
    mCarDockEnablesAccelerometer=true mDeskDockEnablesAccelerometer=true
    mDockMode=EXTRA_DOCK_STATE_UNDOCKED mLidState=LID_OPEN
    mAwake=true mScreenOnEarly=true mScreenOnFully=true
    mKeyguardDrawComplete=true mWindowManagerDrawComplete=true
    mHdmiPlugged=false
    mLastBehavior=DEFAULT
    mShowingDream=false mDreamingLockscreen=false
    mStatusBar=Window{853f887 u0 StatusBar}
    mExpandedPanel=Window{7e38efa u0 NotificationShade}
    isKeyguardShowing=false
    mNavigationBar=Window{f01c34f u0 Taskbar}
    mNavBarOpacityMode=0
    mNavigationBarCanMove=true
    mHasBottomNavigationBar=false
    mTopGestureHost=Window{853f887 u0 StatusBar}
    mRightGestureHost=Window{f01c34f u0 Taskbar}
    mFocusedWindow=Window{949d261 u0 dev.partydeck.app/dev.partydeck.app.godot.SessionGodotActivity}
    mTopFullscreenOpaqueWindowState=Window{949d261 u0 dev.partydeck.app/dev.partydeck.app.godot.SessionGodotActivity}
    mSystemBarColorApps={ActivityRecord{179895373 u0 dev.partydeck.app/.godot.SessionGodotActivity t8}}
    mNavBarColorWindowCandidate=Window{949d261 u0 dev.partydeck.app/dev.partydeck.app.godot.SessionGodotActivity}
    mNavBarBackgroundWindowCandidate=Window{949d261 u0 dev.partydeck.app/dev.partydeck.app.godot.SessionGodotActivity}
    mLastStatusBarAppearanceRegions=
      AppearanceRegion{ bounds=[0,0][1600,720]}
    mLastLetterboxDetails=
    mStatusBarBackgroundWindows=
      Window{949d261 u0 dev.partydeck.app/dev.partydeck.app.godot.SessionGodotActivity}
    mTopIsFullscreen=false
    mImeInsetsConsumed=false
    mForceShowNavigationBarEnabled=false mAllowLockscreenWhenOn=false
    mRemoteInsetsControllerControlsSystemBars=false
    mDecorInsetsInfo:
      ROTATION_0={nonDecorInsets=[0,0][0,0], overrideNonDecorInsets=[0,136][0,84], configInsets=[0,0][0,0], overrideConfigInsets=[0,136][0,84], nonDecorFrame=[0,0][720,1600], overrideNonDecorFrame=[0,136][720,1516], configFrame=[0,0][720,1600], overrideConfigFrame=[0,136][720,1516]}
      ROTATION_90={nonDecorInsets=[0,0][0,0], overrideNonDecorInsets=[136,0][84,0], configInsets=[0,0][0,0], overrideConfigInsets=[136,49][84,0], nonDecorFrame=[0,0][1600,720], overrideNonDecorFrame=[136,0][1516,720], configFrame=[0,0][1600,720], overrideConfigFrame=[136,49][1516,720]}
      ROTATION_180={nonDecorInsets=[0,0][0,0], overrideNonDecorInsets=[0,0][0,136], configInsets=[0,0][0,0], overrideConfigInsets=[0,49][0,136], nonDecorFrame=[0,0][720,1600], overrideNonDecorFrame=[0,0][720,1464], configFrame=[0,0][720,1600], overrideConfigFrame=[0,49][720,1464]}
      ROTATION_270={nonDecorInsets=[0,0][0,0], overrideNonDecorInsets=[84,0][136,0], configInsets=[0,0][0,0], overrideConfigInsets=[84,49][136,0], nonDecorFrame=[0,0][1600,720], overrideNonDecorFrame=[84,0][1464,720], configFrame=[0,0][1600,720], overrideConfigFrame=[84,49][1464,720]}
    SystemGestures:
      mDisplayCutoutTouchableRegionSize=21
      mSwipeStartThreshold=Rect(157, 42 - 42, 42)
      mSwipeDistanceThreshold=42

  DisplayRotation
    mCurrentAppOrientation=SCREEN_ORIENTATION_FULL_USER
    mLastOrientation=13
    mRotation=1 mDeferredRotationPauseCount=0
    mLandscapeRotation=ROTATION_90 mSeascapeRotation=ROTATION_270
    mPortraitRotation=ROTATION_0 mUpsideDownRotation=ROTATION_180
    mSupportAutoRotation=true
    WindowOrientationListener
      mEnabled=true
      mCurrentRotation=ROTATION_90
      mSensorType=null
      mSensor={Sensor name="Goldfish 3-axis Accelerometer", vendor="The Android Open Source Project", version=1, type=1, maxRange=39.300102, resolution=2.480159E-4, power=3.0, minDelay=10000}
      mRate=2
      AccelSensorJudge
        mProposedRotation=0
        mPredictedRotation=0
        mLastFilteredX=0.0
        mLastFilteredY=9.776321
        mLastFilteredZ=0.812345
        mLastFilteredTimestampNanos=585472566573 (7.125679ms ago)
        mTiltHistory={last: 5.0}
        mFlat=false
        mSwinging=false
        mAccelerating=false
        mOverhead=false
        mTouched=false
        mTiltToleranceConfig=[[-25, 70], [-25, 65], [-25, 60], [-25, 65]]

    mCarDockRotation=-1 mDeskDockRotation=-1
    mUserRotationMode=USER_ROTATION_LOCKED mUserRotation=ROTATION_90 mCameraRotationMode=0 mAllowAllRotations=false
    mDemoHdmiRotation=ROTATION_90 mDemoHdmiRotationLock=false mUndockedHdmiRotation=-1
    mLidOpenRotation=-1
    mFixedToUserRotation=false
  FoldController
    mPauseAutorotationDuringUnfolding=false
    mShouldDisableRotationSensor=false
    mShouldIgnoreSensorRotation=false
    mLastDisplaySwitchTime=0
    mLastHingeAngleEventTime=0
    mDeviceState=UNKNOWN

    RotationHistory
      09-10 18:38:04.562 ROTATION_0 to ROTATION_90
        source=ActivityRecord{72771874 u0 dev.partydeck.app/.MainActivity t8} SCREEN_ORIENTATION_UNSPECIFIED
        mode=USER_ROTATION_LOCKED user=ROTATION_90 sensor=ROTATION_0
       halfFoldSavedRotation=-1 mInHalfFoldTransition=false mFoldState=UNKNOWN
       reversionSlots= NOSENSOR false, CAMERA false HALF_FOLD false
      09-10 18:39:42.872 ROTATION_90 to ROTATION_0
        source=ActivityRecord{72771874 u0 dev.partydeck.app/.MainActivity t8} SCREEN_ORIENTATION_UNSPECIFIED
        mode=USER_ROTATION_LOCKED user=ROTATION_0 sensor=ROTATION_0
       halfFoldSavedRotation=-1 mInHalfFoldTransition=false mFoldState=UNKNOWN
       reversionSlots= NOSENSOR false, CAMERA false HALF_FOLD false
      09-10 18:41:48.695 ROTATION_0 to ROTATION_270
        source=ActivityRecord{72771874 u0 dev.partydeck.app/.MainActivity t8} SCREEN_ORIENTATION_UNSPECIFIED
        mode=USER_ROTATION_LOCKED user=ROTATION_270 sensor=ROTATION_0
       halfFoldSavedRotation=-1 mInHalfFoldTransition=false mFoldState=UNKNOWN
       reversionSlots= NOSENSOR false, CAMERA false HALF_FOLD false
      09-10 18:43:42.868 ROTATION_270 to ROTATION_0
        source=ActivityRecord{72771874 u0 dev.partydeck.app/.MainActivity t8} SCREEN_ORIENTATION_UNSPECIFIED
        mode=USER_ROTATION_LOCKED user=ROTATION_0 sensor=ROTATION_0
       halfFoldSavedRotation=-1 mInHalfFoldTransition=false mFoldState=UNKNOWN
       reversionSlots= NOSENSOR false, CAMERA false HALF_FOLD false
      09-10 18:45:49.851 ROTATION_0 to ROTATION_90
        source=ActivityRecord{72771874 u0 dev.partydeck.app/.MainActivity t8} SCREEN_ORIENTATION_UNSPECIFIED
        mode=USER_ROTATION_LOCKED user=ROTATION_90 sensor=ROTATION_0
       halfFoldSavedRotation=-1 mInHalfFoldTransition=false mFoldState=UNKNOWN
       reversionSlots= NOSENSOR false, CAMERA false HALF_FOLD false

        RotationLockHistory
          09-10 18:46:23.236: mode=USER_ROTATION_LOCKED, rotation=ROTATION_90, caller=UiAutomationConnection#restoreRotationStateLocked
          09-10 18:46:25.727: mode=USER_ROTATION_LOCKED, rotation=ROTATION_90, caller=UiAutomationConnection#restoreRotationStateLocked
          09-10 18:46:28.386: mode=USER_ROTATION_LOCKED, rotation=ROTATION_90, caller=UiAutomationConnection#restoreRotationStateLocked
          09-10 18:46:30.453: mode=USER_ROTATION_LOCKED, rotation=ROTATION_90, caller=UiAutomationConnection#restoreRotationStateLocked
          09-10 18:46:33.261: mode=USER_ROTATION_LOCKED, rotation=ROTATION_90, caller=UiAutomationConnection#restoreRotationStateLocked
          09-10 18:46:35.433: mode=USER_ROTATION_LOCKED, rotation=ROTATION_90, caller=UiAutomationConnection#restoreRotationStateLocked
          09-10 18:46:37.797: mode=USER_ROTATION_LOCKED, rotation=ROTATION_90, caller=UiAutomationConnection#restoreRotationStateLocked
          09-10 18:46:42.965: mode=USER_ROTATION_LOCKED, rotation=ROTATION_90, caller=UiAutomationConnection#restoreRotationStateLocked

  InputConsumers:
    name=recents_animation_input_consumer pid=1363 user=UserHandle{0}

  WindowInsetsStateController
    InsetsState
      mDisplayFrame=Rect(0, 0 - 1600, 720)
      mDisplayCutout=DisplayCutout{insets=Rect(136, 0 - 0, 0) waterfall=Insets{left=0, top=0, right=0, bottom=0} boundingRect={Bounds=[Rect(0, 95 - 136, 240), Rect(0, 0 - 0, 0), Rect(0, 0 - 0, 0), Rect(0, 0 - 0, 0)]} cutoutPathParserInfo={CutoutPathParserInfo{displayWidth=720 displayHeight=1600 physicalDisplayWidth=720 physicalDisplayHeight=1600 density={1.75} cutoutSpec={M 506,68 a 34,34 0 1 0 68,0 34,34 0 1 0 -68,0 Z @left} rotation={1} scale={1.0} physicalPixelDisplaySizeRatio={1.0}}} sideOverrides={}}
      mRoundedCorners=RoundedCorners{[RoundedCorner{position=TopLeft, radius=47, center=Point(47, 47)}, RoundedCorner{position=TopRight, radius=48, center=Point(1552, 48)}, RoundedCorner{position=BottomRight, radius=48, center=Point(1552, 672)}, RoundedCorner{position=BottomLeft, radius=47, center=Point(47, 673)}]}
      mRoundedCornerFrame=Rect(0, 0 - 0, 0)
      mPrivacyIndicatorBounds=PrivacyIndicatorBounds {static bounds=Rect(1420, 0 - 1564, 49) rotation=1}
      mDisplayShape=DisplayShape{ spec=2134893525 displayWidth=720 displayHeight=1600 physicalPixelDisplaySizeRatio=1.0 rotation=1 offsetX=0 offsetY=0 scale=1.0}
        InsetsSource id=db3b0000 type=statusBars frame=[0,0][1600,49] visible=true flags= sideHint=TOP boundingRects=null
        InsetsSource id=db3b0005 type=mandatorySystemGestures frame=[0,0][1600,49] visible=true flags= sideHint=TOP boundingRects=null
        InsetsSource id=db3b0006 type=tappableElement frame=[0,0][1600,49] visible=true flags= sideHint=TOP boundingRects=null
        InsetsSource id=fad90001 type=navigationBars frame=[1516,0][1600,720] visible=true flags=INSETS_ROUNDED_CORNER sideHint=RIGHT boundingRects=null
        InsetsSource id=fad90004 type=systemGestures frame=[0,0][0,0] visible=true flags= sideHint=NONE boundingRects=null
        InsetsSource id=fad90005 type=mandatorySystemGestures frame=[1516,0][1600,720] visible=true flags= sideHint=RIGHT boundingRects=null
        InsetsSource id=fad90006 type=tappableElement frame=[1516,0][1600,720] visible=true flags= sideHint=RIGHT boundingRects=null
        InsetsSource id=fad90024 type=systemGestures frame=[0,0][0,0] visible=true flags= sideHint=NONE boundingRects=null
        InsetsSource id=3 type=ime frame=[0,0][0,0] visible=false flags= sideHint=NONE boundingRects=null
        InsetsSource id=7 type=displayCutout frame=[0,0][136,720] visible=true flags= sideHint=LEFT boundingRects=null
    Control map:
      Window{949d261 u0 dev.partydeck.app/dev.partydeck.app.godot.SessionGodotActivity}:
        InsetsSourceControl: {3 mType=ime mSurfacePosition=Point(360, 1600) mInsetsHint=Insets{left=0, top=0, right=0, bottom=0}}
        InsetsSourceControl: {db3b0000 mType=statusBars initiallyVisible mSurfacePosition=Point(0, 0) mInsetsHint=Insets{left=0, top=49, right=0, bottom=0}}
        InsetsSourceControl: {fad90001 mType=navigationBars initiallyVisible mSurfacePosition=Point(1516, 0) mInsetsHint=Insets{left=0, top=0, right=84, bottom=0}}
    InsetsSourceProviders:
      ImeInsetsSourceProvider
        mSource=InsetsSource id=3 type=ime frame=[0,0][0,0] visible=false flags= sideHint=NONE boundingRects=null
        mSourceFrame=Rect(360, 1600 - 360, 1600)
        mControl=InsetsSourceControl mId=3 mType=ime mLeash=Surface(name=Surface(name=ecad7c5 InputMethod)/@0xf85184b - animation-leash of insets_animation)/@0xf3c1541 mInitiallyVisible=false mSurfacePosition=Point(360, 1600) mInsetsHint=Insets{left=0, top=0, right=0, bottom=0} mSkipAnimationOnce=false mImeStatsToken=null
        mInsetsHint=Insets{left=0, top=0, right=0, bottom=0} stale
        mIsLeashInitialized=true mHasPendingPosition=false
        mWindowContainer=Window{ecad7c5 u0 InputMethod}
        mAdapter=ControlAdapter mCapturedLeash=Surface(name=Surface(name=ecad7c5 InputMethod)/@0xf85184b - animation-leash of insets_animation)/@0xf3c1541
        mControlTarget=Window{949d261 u0 dev.partydeck.app/dev.partydeck.app.godot.SessionGodotActivity}
        mImeShowing=false mLastDrawn=false        showImePostLayout not scheduled, mImeRequester=null

      InsetsSourceProvider
        mSource=InsetsSource id=fad90024 type=systemGestures frame=[0,0][0,0] visible=true flags= sideHint=NONE boundingRects=null
        mSourceFrame=Rect(0, 0 - 0, 0)
        mIsLeashInitialized=false mHasPendingPosition=false
        mWindowContainer=Window{f01c34f u0 Taskbar}
      InsetsSourceProvider
        mSource=InsetsSource id=fad90006 type=tappableElement frame=[1516,0][1600,720] visible=true flags= sideHint=RIGHT boundingRects=null
        mSourceFrame=Rect(1516, 0 - 1600, 720)
        mOverrideFrames={2011=Rect(1516, 0 - 1600, 720), 2031=Rect(1516, 0 - 1600, 720)}
        mIsLeashInitialized=false mHasPendingPosition=false
        mWindowContainer=Window{f01c34f u0 Taskbar}
      InsetsSourceProvider
        mSource=InsetsSource id=fad90005 type=mandatorySystemGestures frame=[1516,0][1600,720] visible=true flags= sideHint=RIGHT boundingRects=null
        mSourceFrame=Rect(1516, 0 - 1600, 720)
        mOverrideFrames={2011=Rect(1516, 0 - 1600, 720), 2031=Rect(1516, 0 - 1600, 720)}
        mIsLeashInitialized=false mHasPendingPosition=false
        mWindowContainer=Window{f01c34f u0 Taskbar}
      InsetsSourceProvider
        mSource=InsetsSource id=fad90004 type=systemGestures frame=[0,0][0,0] visible=true flags= sideHint=NONE boundingRects=null
        mSourceFrame=Rect(0, 0 - 0, 0)
        mIsLeashInitialized=false mHasPendingPosition=false
        mWindowContainer=Window{f01c34f u0 Taskbar}
      InsetsSourceProvider
        mSource=InsetsSource id=fad90001 type=navigationBars frame=[1516,0][1600,720] visible=true flags=INSETS_ROUNDED_CORNER sideHint=RIGHT boundingRects=null
        mSourceFrame=Rect(1516, 0 - 1600, 720)
        mOverrideFrames={2011=Rect(1516, 0 - 1600, 720), 2031=Rect(1516, 0 - 1600, 720)}
        mControl=InsetsSourceControl mId=fad90001 mType=navigationBars mLeash=Surface(name=Surface(name=f01c34f Taskbar)/@0xcd7bea3 - animation-leash of insets_animation)/@0x90c9310 mInitiallyVisible=true mSurfacePosition=Point(1516, 0) mInsetsHint=Insets{left=0, top=0, right=84, bottom=0} mSkipAnimationOnce=false mImeStatsToken=null
        mInsetsHint=Insets{left=0, top=0, right=84, bottom=0}
        mIsLeashInitialized=true mHasPendingPosition=false
        mWindowContainer=Window{f01c34f u0 Taskbar}
        mAdapter=ControlAdapter mCapturedLeash=Surface(name=Surface(name=f01c34f Taskbar)/@0xcd7bea3 - animation-leash of insets_animation)/@0x90c9310
        mControlTarget=Window{949d261 u0 dev.partydeck.app/dev.partydeck.app.godot.SessionGodotActivity}
      InsetsSourceProvider
        mSource=InsetsSource id=db3b0006 type=tappableElement frame=[0,0][1600,49] visible=true flags= sideHint=TOP boundingRects=null
        mSourceFrame=Rect(0, 0 - 1600, 49)
        mIsLeashInitialized=false mHasPendingPosition=false
        mWindowContainer=Window{853f887 u0 StatusBar}
      InsetsSourceProvider
        mSource=InsetsSource id=db3b0005 type=mandatorySystemGestures frame=[0,0][1600,49] visible=true flags= sideHint=TOP boundingRects=null
        mSourceFrame=Rect(0, 0 - 1600, 49)
        mIsLeashInitialized=false mHasPendingPosition=false
        mWindowContainer=Window{853f887 u0 StatusBar}
      InsetsSourceProvider
        mSource=InsetsSource id=db3b0000 type=statusBars frame=[0,0][1600,49] visible=true flags= sideHint=TOP boundingRects=null
        mSourceFrame=Rect(0, 0 - 1600, 49)
        mControl=InsetsSourceControl mId=db3b0000 mType=statusBars mLeash=Surface(name=Surface(name=853f887 StatusBar)/@0x179c720 - animation-leash of insets_animation)/@0xd89ae09 mInitiallyVisible=true mSurfacePosition=Point(0, 0) mInsetsHint=Insets{left=0, top=49, right=0, bottom=0} mSkipAnimationOnce=false mImeStatsToken=null
        mInsetsHint=Insets{left=0, top=49, right=0, bottom=0}
        mIsLeashInitialized=true mHasPendingPosition=false
        mWindowContainer=Window{853f887 u0 StatusBar}
        mAdapter=ControlAdapter mCapturedLeash=Surface(name=Surface(name=853f887 StatusBar)/@0x179c720 - animation-leash of insets_animation)/@0xd89ae09
        mControlTarget=Window{949d261 u0 dev.partydeck.app/dev.partydeck.app.godot.SessionGodotActivity}
  InsetsPolicy
    status: WINDOW_STATE_SHOWING
    nav: WINDOW_STATE_SHOWING

  KeyguardController:
    mKeyguardShowing=false
    mAodShowing=false
    mKeyguardGoingAway=false
   KeyguardShowing=false AodShowing=false KeyguardGoingAway=false DismissalRequested=false  Occluded=false DismissingKeyguardActivity=null TurnScreenOnActivity=null at display=0
    mDismissalRequested=false

  LockTaskController:
    mLockTaskModeState=NONE
    mLockTaskModeTasks=
    mLockTaskPackages (userId:packages)=

  mCurTaskIdForUser={0=9}
  mUserRootTaskInFront={}
  mVisibilityTransactionDepth=0
  isHomeRecentsComponent=true
  mNoHistoryActivities=[]

  TaskOrganizerController:
      android.window.ITaskOrganizer$Stub$Proxy@12e9b8f uid=10124 (active):
        (fullscreen) Task{1f6fb4d #1 type=home}
        (fullscreen) Task{36796fb #2 type=undefined}
        (multi-window) Task{43df318 #3 type=undefined}
        (multi-window) Task{b020171 #4 type=undefined}
        (fullscreen) Task{f1f4fb3 #8 type=standard A=10150:dev.partydeck.app}
        (fullscreen) Task{210eddc #9 type=standard A=1000:com.android.settings}

  VisibleActivityProcess:[ ProcessRecord{6b01650 10794:dev.partydeck.app:godot/u0a150}]
  NumNonAppVisibleWindowUidMap:[ 10124:3 10122:1]
  SleepTokens={}
