--------- beginning of main
09-10 10:07:29.860  3054  3054 I t.compare:godot: Late-enabling -Xcheck:jni
09-10 10:07:29.902  3054  3054 I t.compare:godot: Using CollectorTypeCMC GC.
09-10 10:07:29.902  3054  3054 W t.compare:godot: Unexpected CPU variant for x86: x86_64.
09-10 10:07:29.902  3054  3054 W t.compare:godot: Known variants: atom, sandybridge, silvermont, goldmont, goldmont-plus, goldmont-without-sha-xsaves, tremont, kabylake, default
09-10 10:07:30.002  3054  3054 D nativeloader: Load libframework-connectivity-tiramisu-jni.so using APEX ns com_android_tethering for caller /apex/com.android.tethering/javalib/framework-connectivity-t.jar: ok
09-10 10:07:30.069  3054  3054 W ziparchive: Unable to open '/data/app/~~fYWEGxuyXBGEAnyxBUBYWg==/dev.partydeck.godot.compare-i4daJXoEY5F8_sd7zeVsEg==/base.dm': No such file or directory
09-10 10:07:30.069  3054  3054 W ziparchive: Unable to open '/data/app/~~fYWEGxuyXBGEAnyxBUBYWg==/dev.partydeck.godot.compare-i4daJXoEY5F8_sd7zeVsEg==/base.dm': No such file or directory
09-10 10:07:30.313  3054  3054 D nativeloader: Configuring clns-7 for other apk /data/app/~~fYWEGxuyXBGEAnyxBUBYWg==/dev.partydeck.godot.compare-i4daJXoEY5F8_sd7zeVsEg==/base.apk. target_sdk_version=36, uses_libraries=, library_path=/data/app/~~fYWEGxuyXBGEAnyxBUBYWg==/dev.partydeck.godot.compare-i4daJXoEY5F8_sd7zeVsEg==/lib/x86_64:/data/app/~~fYWEGxuyXBGEAnyxBUBYWg==/dev.partydeck.godot.compare-i4daJXoEY5F8_sd7zeVsEg==/base.apk!/lib/x86_64, permitted_path=/data:/mnt/expand:/data/user/0/dev.partydeck.godot.compare
09-10 10:07:30.361  3054  3054 V GraphicsEnvironment: Currently set values for:
09-10 10:07:30.361  3054  3054 V GraphicsEnvironment:   angle_gl_driver_selection_pkgs=[]
09-10 10:07:30.361  3054  3054 V GraphicsEnvironment:   angle_gl_driver_selection_values=[]
09-10 10:07:30.361  3054  3054 V GraphicsEnvironment: Global.Settings values are invalid: number of packages: 0, number of values: 0
09-10 10:07:30.361  3054  3054 V GraphicsEnvironment: Neither updatable production driver nor prerelease driver is supported.
09-10 10:07:30.692  3054  3054 V Godot   : Initializing Godot plugin registry
09-10 10:07:30.696  3054  3054 I GodotPluginRegistry: Registering runtime plugin AndroidRuntime
09-10 10:07:30.696  3054  3054 I GodotPluginRegistry: Registering runtime plugin PartyDeckBridge
09-10 10:07:30.696  3054  3054 V Godot   : InitEngine with params: [--main-pack, res://partydeck-last-light.pck, --rendering-method, gl_compatibility, --xr-mode, off]
09-10 10:07:30.745  3054  3054 D nativeloader: Load /data/app/~~fYWEGxuyXBGEAnyxBUBYWg==/dev.partydeck.godot.compare-i4daJXoEY5F8_sd7zeVsEg==/base.apk!/lib/x86_64/libgodot_android.so using ns clns-7 from class loader (caller=/data/app/~~fYWEGxuyXBGEAnyxBUBYWg==/dev.partydeck.godot.compare-i4daJXoEY5F8_sd7zeVsEg==/base.apk): ok
09-10 10:07:30.749  3054  3054 V Godot   : Godot native layer initialization completed: true
09-10 10:07:30.749  3054  3054 V Godot   : Setting up native layer with params: [--main-pack, res://partydeck-last-light.pck, --rendering-method, gl_compatibility, --xr-mode, off]
09-10 10:07:30.834  3054  3054 V Godot   : Godot native layer setup completed
09-10 10:07:30.834  3054  3054 V Godot   : OnInitRenderView: GodotFragment{f2aad5d} (9f628b26-d222-4b25-b96b-267bc4b3076a id=0x7f07002b tag=partydeck-godot)
09-10 10:07:30.864  3054  3054 D Godot   : Render view should be transparent: false
09-10 10:07:30.864  3054  3054 D Godot   : renderingDevice: opengl3 (ProjectSettings)
09-10 10:07:30.864  3054  3054 D Godot   : 			renderer: gl_compatibility (Default)
09-10 10:07:30.891  3054  3054 V Godot   : OnStart: GodotFragment{f2aad5d} (9f628b26-d222-4b25-b96b-267bc4b3076a id=0x7f07002b tag=partydeck-godot)
09-10 10:07:30.893  3054  3054 W WindowOnBackDispatcher: OnBackInvokedCallback is not enabled for the application.
09-10 10:07:30.893  3054  3054 W WindowOnBackDispatcher: Set 'android:enableOnBackInvokedCallback="true"' in the application manifest.
09-10 10:07:30.904  3054  3054 V Godot   : OnResume: GodotFragment{f2aad5d} (9f628b26-d222-4b25-b96b-267bc4b3076a id=0x7f07002b tag=partydeck-godot)
09-10 10:07:30.910  3054  3054 W HWUI    : Unknown dataspace 0
09-10 10:07:30.941  3054  3081 I EGL_emulation: Opening libGLESv1_CM_emulation.so
09-10 10:07:30.941  3054  3081 I EGL_emulation: Opening libGLESv2_emulation.so
09-10 10:07:30.952  3054  3081 W HWUI    : Failed to choose config with EGL_SWAP_BEHAVIOR_PRESERVED, retrying without...
09-10 10:07:30.952  3054  3081 W HWUI    : Failed to initialize 101010-2 format, error = EGL_SUCCESS
09-10 10:07:31.052  3054  3090 W RegularContextFactory: creating OpenGL ES 3.0 context :
09-10 10:07:31.059  3054  3090 I Gralloc4: mapper 4.x is not supported
09-10 10:07:31.069  3054  3090 I godot   : Godot Engine v4.7.2.stable.official.ed1daf0bf - https://godotengine.org
09-10 10:07:31.130  3054  3059 I t.compare:godot: Compiler allocated 4219KB to compile void android.widget.TextView.<init>(android.content.Context, android.util.AttributeSet, int, int)
09-10 10:07:31.830  3054  3059 I t.compare:godot: Compiler allocated 5174KB to compile void android.view.ViewRootImpl.performTraversals()
09-10 10:07:31.951  3054  3093 E SurfaceSyncGroup: Failed to receive transaction ready in 1000ms. Marking SurfaceSyncGroup(wmsSync-VRI[GodotGameActivity]#1) as ready
09-10 10:07:31.951  3054  3093 E SurfaceSyncGroup: Failed to receive transaction ready in 1000ms. Marking SurfaceSyncGroup(VRI[GodotGameActivity]#2) as ready
09-10 10:07:31.955  3054  3093 E SurfaceSyncGroup: Failed to receive transaction ready in 1000ms. Marking SurfaceSyncGroup(SurfaceView[dev.partydeck.godot.compare/dev.partydeck.godot.compare.GodotGameActivity]#0) as ready
09-10 10:07:32.483  3054  3090 I godot   : OpenGL API OpenGL ES 3.1 (OpenGL ES 3.1.0 (ANGLE 2.1.17841 git hash: 5fa2e61da947)) - Compatibility - Using Device: Google (Google Inc. (Google)) - Android Emulator OpenGL ES Translator (ANGLE (Google, Vulkan 1.3.0 (SwiftShader Device (Subzero) (0x0000C0DE)), SwiftShader driver-5.0.0))
09-10 10:07:32.484  3054  3090 D t.compare:godot: PlayerBase::PlayerBase()
09-10 10:07:32.484  3054  3090 D t.compare:godot: TrackPlayerBase::TrackPlayerBase()
09-10 10:07:32.484  3054  3090 I libOpenSLES: Emulating old channel mask behavior (ignoring positional mask 0x3, using default mask 0x3 based on channel count of 2)
09-10 10:07:32.489  3054  3090 I godot   : 
09-10 10:07:32.564  3054  3081 D EGL_emulation: app_time_stats: avg=329.46ms min=62.91ms max=834.63ms count=4
09-10 10:07:32.997  3054  3090 V Godot   : OnGodotSetupCompleted
09-10 10:07:33.004  3054  3090 V Godot   : OnGodotMainLoopStarted
09-10 10:07:34.123  3054  3081 D EGL_emulation: app_time_stats: avg=779.25ms min=696.82ms max=861.69ms count=2
09-10 10:07:35.044  3054  3090 E godot   : WARNING: Failed to load cached shader, recompiling.
09-10 10:07:35.044  3054  3090 E godot   :    at: _load_from_cache (drivers/gles3/shader_gles3.cpp:615)
09-10 10:07:35.993  3054  3090 D EGL_emulation: app_time_stats: avg=1114.43ms min=93.79ms max=2427.74ms count=3
09-10 10:07:36.177  3054  3081 D EGL_emulation: app_time_stats: avg=2053.88ms min=2053.88ms max=2053.88ms count=1
09-10 10:07:45.868  3054  3054 D AutofillManager: Fill dialog is enabled:false, hints=[]
09-10 10:07:45.894  3054  3081 D EGL_emulation: app_time_stats: avg=2424.42ms min=63.32ms max=9451.86ms count=4
09-10 10:07:50.218  3054  3090 D EGL_emulation: app_time_stats: avg=14224.29ms min=14224.29ms max=14224.29ms count=1
09-10 10:07:54.342  3054  3081 D EGL_emulation: app_time_stats: avg=1674.96ms min=23.53ms max=8172.44ms count=5
09-10 10:08:04.508  3054  3081 D EGL_emulation: app_time_stats: avg=2017.05ms min=16.67ms max=9912.88ms count=5
09-10 10:08:08.776  3054  3090 D EGL_emulation: app_time_stats: avg=6186.01ms min=150.71ms max=18217.34ms count=3
09-10 10:08:12.841  3054  3081 D EGL_emulation: app_time_stats: avg=1657.14ms min=16.17ms max=8033.54ms count=5
09-10 10:08:22.974  3054  3081 D EGL_emulation: app_time_stats: avg=2017.14ms min=11.57ms max=9881.06ms count=5
09-10 10:08:27.313  3054  3090 D EGL_emulation: app_time_stats: avg=6179.07ms min=86.47ms max=18237.54ms count=3
09-10 10:08:31.474  3054  3081 D EGL_emulation: app_time_stats: avg=1693.97ms min=24.65ms max=8222.11ms count=5
09-10 10:08:41.574  3054  3081 D EGL_emulation: app_time_stats: avg=2000.09ms min=15.15ms max=9823.73ms count=5
09-10 10:08:45.908  3054  3090 D EGL_emulation: app_time_stats: avg=6198.15ms min=101.96ms max=18303.74ms count=3
09-10 10:08:50.091  3054  3081 D EGL_emulation: app_time_stats: avg=1694.56ms min=20.68ms max=8267.51ms count=5
09-10 10:08:56.375  3054  3081 D EGL_emulation: app_time_stats: avg=1249.72ms min=17.96ms max=6023.39ms count=5
09-10 10:09:00.687  3054  3090 D EGL_emulation: app_time_stats: avg=4874.88ms min=73.63ms max=14470.29ms count=3
09-10 10:09:04.808  3054  3081 D EGL_emulation: app_time_stats: avg=1679.04ms min=21.71ms max=8179.42ms count=5
09-10 10:09:07.065  3054  3054 V Godot   : OnPause: GodotFragment{f2aad5d} (9f628b26-d222-4b25-b96b-267bc4b3076a id=0x7f07002b tag=partydeck-godot)
09-10 10:09:07.154  3054  3081 D EGL_emulation: app_time_stats: avg=460.37ms min=28.34ms max=2077.46ms count=5
09-10 10:09:08.007  3054  3054 D VRI[GodotGameActivity]: visibilityChanged oldVisibility=true newVisibility=false
09-10 10:09:08.025  3054  3054 E Surface : freeAllBuffers: 1 buffers were freed while being dequeued!
09-10 10:09:08.256  3054  3054 V Godot   : OnStop: GodotFragment{f2aad5d} (9f628b26-d222-4b25-b96b-267bc4b3076a id=0x7f07002b tag=partydeck-godot)
09-10 10:09:08.439  3054  3090 E Surface : getSlotFromBufferLocked: unknown buffer: 0x0
09-10 10:09:08.439  3054  3090 D EGL_emulation: app_time_stats: avg=2584.01ms min=128.61ms max=7462.85ms count=3
09-10 10:09:08.439  3054  3090 E BufferQueueProducer: [SurfaceView[dev.partydeck.godot.compare/dev.partydeck.godot.compare.GodotGameActivity]#1(BLAST Consumer)1](id:bee00000001,api:0,p:-1,c:3054) dequeueBuffer: BufferQueue has been abandoned
09-10 10:09:08.439  3054  3090 E EGL_emulation: tid 3090: swapBuffers(789): error 0x300d (EGL_BAD_SURFACE)
09-10 10:09:08.439  3054  3090 W GLThread: eglSwapBuffers failed: EGL_BAD_SURFACE
09-10 10:09:08.441  3054  3090 D t.compare:godot: PlayerBase::pause() from IPlayer
09-10 10:09:08.520  3054  3090 E Surface : freeAllBuffers: 1 buffers were freed while being dequeued!
09-10 10:09:22.088  3054  3054 V Godot   : OnStart: GodotFragment{f2aad5d} (9f628b26-d222-4b25-b96b-267bc4b3076a id=0x7f07002b tag=partydeck-godot)
09-10 10:09:22.089  3054  3054 W WindowOnBackDispatcher: OnBackInvokedCallback is not enabled for the application.
09-10 10:09:22.089  3054  3054 W WindowOnBackDispatcher: Set 'android:enableOnBackInvokedCallback="true"' in the application manifest.
09-10 10:09:22.096  3054  3054 V Godot   : OnResume: GodotFragment{f2aad5d} (9f628b26-d222-4b25-b96b-267bc4b3076a id=0x7f07002b tag=partydeck-godot)
09-10 10:09:23.639  3054  3081 D EGL_emulation: app_time_stats: avg=120.39ms min=3.67ms max=294.30ms count=9
09-10 10:09:27.025  3054  3081 D EGL_emulation: app_time_stats: avg=1689.99ms min=16.49ms max=3363.48ms count=2
09-10 10:09:37.025  3054  3081 D EGL_emulation: app_time_stats: avg=1989.45ms min=17.00ms max=9715.73ms count=5
09-10 10:09:41.332  3054  3090 D EGL_emulation: app_time_stats: avg=9360.98ms min=409.58ms max=18312.39ms count=2
09-10 10:09:45.457  3054  3081 D EGL_emulation: app_time_stats: avg=1673.92ms min=14.81ms max=8162.39ms count=5
09-10 10:09:51.778  3054  3081 D EGL_emulation: app_time_stats: avg=1256.00ms min=18.59ms max=6051.52ms count=5
09-10 10:09:56.105  3054  3090 D EGL_emulation: app_time_stats: avg=4924.42ms min=185.80ms max=14363.70ms count=3
09-10 10:10:00.243  3054  3081 D EGL_emulation: app_time_stats: avg=1677.48ms min=21.45ms max=8192.74ms count=5
09-10 10:10:06.541  3054  3081 D EGL_emulation: app_time_stats: avg=1252.30ms min=13.91ms max=6047.56ms count=5
09-10 10:10:10.818  3054  3090 D EGL_emulation: app_time_stats: avg=4904.30ms min=129.60ms max=14433.51ms count=3
09-10 10:10:15.808  3054  3081 D EGL_emulation: app_time_stats: avg=1846.13ms min=20.60ms max=8999.79ms count=5
09-10 10:10:20.076  3054  3081 D EGL_emulation: app_time_stats: avg=850.74ms min=17.86ms max=3981.08ms count=5
09-10 10:10:20.275  3054  3090 D EGL_emulation: app_time_stats: avg=1050.48ms min=18.53ms max=8510.58ms count=9
09-10 10:10:21.127  3054  3081 D EGL_emulation: app_time_stats: avg=209.49ms min=71.26ms max=337.27ms count=5
09-10 10:10:24.678  3054  3081 D EGL_emulation: app_time_stats: avg=3488.97ms min=3488.97ms max=3488.97ms count=1
09-10 10:10:30.974  3054  3081 D EGL_emulation: app_time_stats: avg=1256.03ms min=17.15ms max=6045.11ms count=5
09-10 10:10:45.158  3054  3081 D EGL_emulation: app_time_stats: avg=2831.06ms min=15.56ms max=13948.72ms count=5
09-10 10:10:49.539  3054  3090 D EGL_emulation: app_time_stats: avg=7316.07ms min=169.57ms max=28483.74ms count=4
09-10 10:10:54.008  3054  3081 D EGL_emulation: app_time_stats: avg=1760.22ms min=16.12ms max=8595.33ms count=5
09-10 10:10:58.307  3054  3090 D EGL_emulation: app_time_stats: avg=2191.99ms min=52.48ms max=8406.06ms count=4
09-10 10:10:58.421  3054  3081 D EGL_emulation: app_time_stats: avg=867.11ms min=16.80ms max=4149.28ms count=5
09-10 10:10:59.419  3054  3090 D EGL_emulation: app_time_stats: avg=370.61ms min=300.81ms max=500.13ms count=3
09-10 10:11:02.924  3054  3081 D EGL_emulation: app_time_stats: avg=747.49ms min=83.41ms max=3516.31ms count=6
09-10 10:11:09.192  3054  3081 D EGL_emulation: app_time_stats: avg=1248.06ms min=27.79ms max=6005.82ms count=5
09-10 10:11:19.341  3054  3081 D EGL_emulation: app_time_stats: avg=2013.17ms min=16.81ms max=9871.21ms count=5
09-10 10:11:23.689  3054  3090 D EGL_emulation: app_time_stats: avg=24269.46ms min=24269.46ms max=24269.46ms count=1
09-10 10:11:28.174  3054  3081 D EGL_emulation: app_time_stats: avg=1758.84ms min=33.07ms max=8559.30ms count=5
09-10 10:11:32.408  3054  3081 D EGL_emulation: app_time_stats: avg=832.55ms min=17.21ms max=3966.00ms count=5
09-10 10:11:32.490  3054  3090 D EGL_emulation: app_time_stats: avg=2199.51ms min=91.25ms max=8406.81ms count=4
09-10 10:11:33.456  3054  3081 D EGL_emulation: app_time_stats: avg=209.46ms min=99.84ms max=271.43ms count=5
09-10 10:11:33.552  3054  3090 D EGL_emulation: app_time_stats: avg=353.87ms min=316.59ms max=416.63ms count=3
09-10 10:11:37.007  3054  3081 D EGL_emulation: app_time_stats: avg=3453.67ms min=3453.67ms max=3453.67ms count=1
09-10 10:11:43.275  3054  3081 D EGL_emulation: app_time_stats: avg=1246.52ms min=14.27ms max=6016.23ms count=5
09-10 10:11:49.525  3054  3081 D EGL_emulation: app_time_stats: avg=1242.72ms min=19.69ms max=5993.50ms count=5
09-10 10:11:53.885  3054  3090 D EGL_emulation: app_time_stats: avg=20333.07ms min=20333.07ms max=20333.07ms count=1
09-10 10:11:58.291  3054  3081 D EGL_emulation: app_time_stats: avg=1743.64ms min=17.97ms max=8523.44ms count=5
09-10 10:12:02.575  3054  3081 D EGL_emulation: app_time_stats: avg=852.69ms min=16.03ms max=4036.46ms count=5
09-10 10:12:02.662  3054  3090 D EGL_emulation: app_time_stats: avg=2194.13ms min=95.11ms max=8428.47ms count=4
09-10 10:12:07.174  3054  3081 D EGL_emulation: app_time_stats: avg=766.59ms min=98.52ms max=3626.70ms count=6
09-10 10:12:13.461  3054  3081 D EGL_emulation: app_time_stats: avg=1252.88ms min=16.45ms max=6021.08ms count=5
09-10 10:12:19.657  3054  3081 D EGL_emulation: app_time_stats: avg=1227.80ms min=14.90ms max=5927.83ms count=5
09-10 10:12:23.977  3054  3090 D EGL_emulation: app_time_stats: avg=5328.65ms min=209.76ms max=20332.21ms count=4
09-10 10:12:25.148  3054  3090 D EGL_emulation: app_time_stats: avg=111.91ms min=62.32ms max=152.11ms count=9
09-10 10:12:29.024  3054  3081 D EGL_emulation: app_time_stats: avg=1862.38ms min=18.57ms max=9096.23ms count=5
09-10 10:12:33.281  3054  3090 D EGL_emulation: app_time_stats: avg=8133.16ms min=8133.16ms max=8133.16ms count=1
09-10 10:12:37.725  3054  3081 D EGL_emulation: app_time_stats: avg=1735.58ms min=20.51ms max=8418.17ms count=5
09-10 10:12:41.973  3054  3081 D EGL_emulation: app_time_stats: avg=840.09ms min=17.57ms max=3982.18ms count=5
09-10 10:12:42.162  3054  3090 D EGL_emulation: app_time_stats: avg=2220.03ms min=101.11ms max=8528.54ms count=4
09-10 10:12:42.221  3054  3060 I t.compare:godot: Background concurrent mark compact GC freed 2772KB AllocSpace bytes, 0(0B) LOS objects, 49% free, 2768KB/5537KB, paused 80us,9.148ms total 53.356ms
09-10 10:12:46.108  3054  3081 D EGL_emulation: app_time_stats: avg=689.06ms min=81.75ms max=3252.81ms count=6
09-10 10:12:52.357  3054  3081 D EGL_emulation: app_time_stats: avg=1235.43ms min=17.17ms max=5977.54ms count=5
09-10 10:13:02.491  3054  3081 D EGL_emulation: app_time_stats: avg=2019.33ms min=21.43ms max=9848.93ms count=5
09-10 10:13:06.777  3054  3090 D EGL_emulation: app_time_stats: avg=12307.45ms min=282.99ms max=24331.92ms count=2
09-10 10:13:11.291  3054  3081 D EGL_emulation: app_time_stats: avg=1757.45ms min=18.14ms max=8513.60ms count=5
09-10 10:13:15.574  3054  3081 D EGL_emulation: app_time_stats: avg=849.72ms min=18.40ms max=4030.18ms count=5
09-10 10:13:15.638  3054  3090 D EGL_emulation: app_time_stats: avg=1772.27ms min=101.66ms max=8378.46ms count=5
09-10 10:13:19.774  3054  3081 D EGL_emulation: app_time_stats: avg=699.51ms min=70.42ms max=3331.38ms count=6
09-10 10:13:26.008  3054  3081 D EGL_emulation: app_time_stats: avg=1239.89ms min=13.40ms max=5966.15ms count=5
09-10 10:13:32.241  3054  3081 D EGL_emulation: app_time_stats: avg=1229.94ms min=23.67ms max=5980.06ms count=5
09-10 10:13:36.490  3054  3090 D EGL_emulation: app_time_stats: avg=10425.85ms min=377.27ms max=20474.43ms count=2
09-10 10:13:40.575  3054  3081 D EGL_emulation: app_time_stats: avg=1660.45ms min=17.58ms max=8055.46ms count=5
09-10 10:13:46.825  3054  3081 D EGL_emulation: app_time_stats: avg=1228.74ms min=19.15ms max=5914.00ms count=5
09-10 10:13:51.112  3054  3090 D EGL_emulation: app_time_stats: avg=4874.01ms min=123.75ms max=14344.90ms count=3
09-10 10:13:55.242  3054  3081 D EGL_emulation: app_time_stats: avg=1660.15ms min=4.17ms max=8133.43ms count=5
09-10 10:14:01.441  3054  3081 D EGL_emulation: app_time_stats: avg=1228.95ms min=15.60ms max=5916.81ms count=5
09-10 10:14:05.725  3054  3090 D EGL_emulation: app_time_stats: avg=4870.87ms min=135.63ms max=14336.67ms count=3
09-10 10:14:10.274  3054  3081 D EGL_emulation: app_time_stats: avg=1755.88ms min=18.70ms max=8565.45ms count=5
09-10 10:14:14.606  3054  3081 D EGL_emulation: app_time_stats: avg=857.70ms min=18.92ms max=4050.41ms count=5
09-10 10:14:14.687  3054  3090 D EGL_emulation: app_time_stats: avg=1792.43ms min=103.90ms max=8441.08ms count=5
09-10 10:14:19.208  3054  3081 D EGL_emulation: app_time_stats: avg=766.90ms min=100.27ms max=3667.22ms count=6
09-10 10:14:25.474  3054  3081 D EGL_emulation: app_time_stats: avg=1242.21ms min=17.81ms max=6013.23ms count=5
09-10 10:14:31.724  3054  3081 D EGL_emulation: app_time_stats: avg=1247.01ms min=13.78ms max=5973.80ms count=5
09-10 10:14:36.067  3054  3090 D EGL_emulation: app_time_stats: avg=5344.85ms min=125.58ms max=20466.13ms count=4
09-10 10:14:40.841  3054  3081 D EGL_emulation: app_time_stats: avg=1818.68ms min=17.91ms max=8822.39ms count=5
09-10 10:14:45.156  3054  3081 D EGL_emulation: app_time_stats: avg=855.79ms min=16.19ms max=4003.76ms count=5
09-10 10:14:45.240  3054  3090 D EGL_emulation: app_time_stats: avg=1310.51ms min=82.02ms max=8458.78ms count=7
09-10 10:14:49.757  3054  3081 D EGL_emulation: app_time_stats: avg=745.09ms min=15.28ms max=3549.97ms count=6
09-10 10:14:56.042  3054  3081 D EGL_emulation: app_time_stats: avg=1247.01ms min=16.27ms max=6035.22ms count=5
09-10 10:15:02.307  3054  3081 D EGL_emulation: app_time_stats: avg=1242.71ms min=15.79ms max=6026.94ms count=5
09-10 10:15:06.598  3054  3090 D EGL_emulation: app_time_stats: avg=5339.36ms min=209.67ms max=20416.17ms count=4
09-10 10:15:11.259  3054  3081 D EGL_emulation: app_time_stats: avg=1783.25ms min=20.99ms max=8675.28ms count=5
09-10 10:15:15.562  3054  3090 D EGL_emulation: app_time_stats: avg=1480.17ms min=89.19ms max=8299.07ms count=6
09-10 10:15:15.718  3054  3081 D EGL_emulation: app_time_stats: avg=880.87ms min=17.15ms max=4204.68ms count=5
09-10 10:15:16.651  3054  3090 D EGL_emulation: app_time_stats: avg=362.98ms min=261.12ms max=430.53ms count=3
09-10 10:15:20.158  3054  3081 D EGL_emulation: app_time_stats: avg=727.30ms min=90.00ms max=3617.97ms count=6
09-10 10:15:26.392  3054  3081 D EGL_emulation: app_time_stats: avg=1235.35ms min=26.69ms max=5984.39ms count=5
09-10 10:15:32.674  3054  3081 D EGL_emulation: app_time_stats: avg=1246.41ms min=17.61ms max=6023.52ms count=5
09-10 10:15:36.970  3054  3090 D EGL_emulation: app_time_stats: avg=20318.13ms min=20318.13ms max=20318.13ms count=1
09-10 10:15:41.742  3054  3081 D EGL_emulation: app_time_stats: avg=1803.91ms min=15.54ms max=8809.31ms count=5
09-10 10:15:46.006  3054  3081 D EGL_emulation: app_time_stats: avg=842.77ms min=18.34ms max=4014.00ms count=5
09-10 10:15:46.156  3054  3090 D EGL_emulation: app_time_stats: avg=1312.34ms min=87.71ms max=8511.09ms count=7
09-10 10:15:46.156  3054  3060 I t.compare:godot: Background concurrent mark compact GC freed 2684KB AllocSpace bytes, 0(0B) LOS objects, 49% free, 2796KB/5593KB, paused 66us,14.402ms total 62ms
09-10 10:15:50.591  3054  3081 D EGL_emulation: app_time_stats: avg=750.49ms min=77.33ms max=3540.03ms count=6
09-10 10:15:56.857  3054  3081 D EGL_emulation: app_time_stats: avg=1244.81ms min=13.85ms max=6009.07ms count=5
09-10 10:16:03.057  3054  3081 D EGL_emulation: app_time_stats: avg=1227.15ms min=27.86ms max=5900.29ms count=5
09-10 10:16:07.391  3054  3090 D EGL_emulation: app_time_stats: avg=5308.78ms min=222.15ms max=20368.09ms count=4
09-10 10:16:08.392  3054  3090 D EGL_emulation: app_time_stats: avg=125.01ms min=87.81ms max=205.65ms count=8
09-10 10:16:12.507  3054  3081 D EGL_emulation: app_time_stats: avg=1879.41ms min=18.97ms max=9213.16ms count=5
09-10 10:16:16.796  3054  3090 D EGL_emulation: app_time_stats: avg=2074.68ms min=101.00ms max=7934.33ms count=4
09-10 10:16:21.224  3054  3081 D EGL_emulation: app_time_stats: avg=1727.31ms min=18.32ms max=8446.08ms count=5
09-10 10:16:25.472  3054  3090 D EGL_emulation: app_time_stats: avg=2169.05ms min=100.61ms max=8316.43ms count=4
09-10 10:16:25.550  3054  3081 D EGL_emulation: app_time_stats: avg=857.59ms min=18.36ms max=4041.86ms count=5
09-10 10:16:29.691  3054  3081 D EGL_emulation: app_time_stats: avg=675.50ms min=65.81ms max=3302.69ms count=6
09-10 10:16:35.957  3054  3081 D EGL_emulation: app_time_stats: avg=1242.67ms min=11.74ms max=6017.54ms count=5
09-10 10:16:42.191  3054  3081 D EGL_emulation: app_time_stats: avg=1240.20ms min=14.27ms max=5958.91ms count=5
09-10 10:16:46.489  3054  3090 D EGL_emulation: app_time_stats: avg=7005.55ms min=197.80ms max=20351.47ms count=3
09-10 10:16:51.275  3054  3081 D EGL_emulation: app_time_stats: avg=1810.90ms min=14.85ms max=8835.58ms count=5
09-10 10:16:55.491  3054  3081 D EGL_emulation: app_time_stats: avg=832.21ms min=14.62ms max=3981.39ms count=5
09-10 10:16:55.584  3054  3090 D EGL_emulation: app_time_stats: avg=1265.05ms min=49.60ms max=8413.64ms count=7
09-10 10:16:56.920  3054  3090 D EGL_emulation: app_time_stats: avg=668.18ms min=331.81ms max=1004.55ms count=2
09-10 10:16:56.995  3054  3081 D EGL_emulation: app_time_stats: avg=300.89ms min=117.05ms max=672.45ms count=5
09-10 10:17:00.126  3054  3081 D EGL_emulation: app_time_stats: avg=3130.39ms min=3130.39ms max=3130.39ms count=1
09-10 10:17:06.394  3054  3081 D EGL_emulation: app_time_stats: avg=1244.49ms min=18.08ms max=6003.21ms count=5
09-10 10:17:12.624  3054  3081 D EGL_emulation: app_time_stats: avg=1240.35ms min=12.93ms max=5987.01ms count=5
09-10 10:17:16.961  3054  3090 D EGL_emulation: app_time_stats: avg=10020.55ms min=175.09ms max=19866.01ms count=2
09-10 10:17:21.458  3054  3081 D EGL_emulation: app_time_stats: avg=1760.68ms min=19.43ms max=8583.65ms count=5
09-10 10:17:25.673  3054  3081 D EGL_emulation: app_time_stats: avg=836.20ms min=17.74ms max=3949.25ms count=5
09-10 10:17:25.926  3054  3090 D EGL_emulation: app_time_stats: avg=1779.34ms min=62.38ms max=8505.46ms count=5
09-10 10:17:27.092  3054  3090 D EGL_emulation: app_time_stats: avg=582.88ms min=204.22ms max=961.54ms count=2
09-10 10:17:27.163  3054  3081 D EGL_emulation: app_time_stats: avg=298.15ms min=99.98ms max=674.13ms count=5
09-10 10:17:30.274  3054  3081 D EGL_emulation: app_time_stats: avg=3110.35ms min=3110.35ms max=3110.35ms count=1
09-10 10:17:36.557  3054  3081 D EGL_emulation: app_time_stats: avg=1250.24ms min=15.96ms max=5997.80ms count=5
09-10 10:17:42.724  3054  3081 D EGL_emulation: app_time_stats: avg=1223.49ms min=19.05ms max=5887.94ms count=5
09-10 10:17:47.032  3054  3090 D EGL_emulation: app_time_stats: avg=9928.24ms min=72.85ms max=19783.63ms count=2
09-10 10:17:51.524  3054  3081 D EGL_emulation: app_time_stats: avg=1748.22ms min=22.88ms max=8497.42ms count=5
09-10 10:17:55.775  3054  3081 D EGL_emulation: app_time_stats: avg=847.52ms min=13.63ms max=4002.28ms count=5
09-10 10:17:55.776  3054  3090 D EGL_emulation: app_time_stats: avg=1748.74ms min=99.75ms max=8265.41ms count=5
09-10 10:17:57.181  3054  3090 D EGL_emulation: app_time_stats: avg=702.37ms min=346.51ms max=1058.23ms count=2
09-10 10:17:57.352  3054  3081 D EGL_emulation: app_time_stats: avg=315.17ms min=100.99ms max=760.97ms count=5
09-10 10:18:00.374  3054  3081 D EGL_emulation: app_time_stats: avg=3022.28ms min=3022.28ms max=3022.28ms count=1
09-10 10:18:06.591  3054  3081 D EGL_emulation: app_time_stats: avg=1223.30ms min=5.08ms max=5930.25ms count=5
09-10 10:18:12.858  3054  3081 D EGL_emulation: app_time_stats: avg=1243.74ms min=16.31ms max=6005.15ms count=5
09-10 10:18:17.135  3054  3090 D EGL_emulation: app_time_stats: avg=9976.94ms min=182.75ms max=19771.14ms count=2
09-10 10:18:21.657  3054  3081 D EGL_emulation: app_time_stats: avg=1745.62ms min=16.98ms max=8497.23ms count=5
09-10 10:18:25.907  3054  3081 D EGL_emulation: app_time_stats: avg=844.35ms min=8.79ms max=3980.51ms count=5
09-10 10:18:25.997  3054  3090 D EGL_emulation: app_time_stats: avg=1772.43ms min=109.19ms max=8359.33ms count=5
09-10 10:18:27.278  3054  3090 D EGL_emulation: app_time_stats: avg=640.32ms min=245.36ms max=1035.28ms count=2
09-10 10:18:27.541  3054  3081 D EGL_emulation: app_time_stats: avg=326.77ms min=100.13ms max=818.07ms count=5
09-10 10:18:30.509  3054  3081 D EGL_emulation: app_time_stats: avg=2968.40ms min=2968.40ms max=2968.40ms count=1
09-10 10:18:36.775  3054  3081 D EGL_emulation: app_time_stats: avg=1239.65ms min=18.70ms max=5996.21ms count=5
09-10 10:18:43.025  3054  3081 D EGL_emulation: app_time_stats: avg=1240.39ms min=26.35ms max=5963.27ms count=5
09-10 10:18:47.371  3054  3090 D EGL_emulation: app_time_stats: avg=9985.59ms min=87.12ms max=19884.05ms count=2
09-10 10:18:52.141  3054  3081 D EGL_emulation: app_time_stats: avg=1815.74ms min=20.89ms max=8812.36ms count=5
09-10 10:18:56.437  3054  3090 D EGL_emulation: app_time_stats: avg=1295.12ms min=74.44ms max=8363.40ms count=7
09-10 10:18:56.547  3054  3081 D EGL_emulation: app_time_stats: avg=872.55ms min=16.28ms max=4152.50ms count=5
09-10 10:18:57.825  3054  3090 D EGL_emulation: app_time_stats: avg=693.89ms min=357.42ms max=1030.36ms count=2
09-10 10:18:57.958  3054  3081 D EGL_emulation: app_time_stats: avg=261.95ms min=19.32ms max=718.69ms count=5
09-10 10:19:01.026  3054  3081 D EGL_emulation: app_time_stats: avg=3067.62ms min=3067.62ms max=3067.62ms count=1
09-10 10:19:07.224  3054  3081 D EGL_emulation: app_time_stats: avg=1233.12ms min=21.02ms max=5931.38ms count=5
09-10 10:19:13.491  3054  3081 D EGL_emulation: app_time_stats: avg=1246.25ms min=17.11ms max=6033.37ms count=5
09-10 10:19:17.819  3054  3090 D EGL_emulation: app_time_stats: avg=9996.95ms min=144.11ms max=19849.79ms count=2
09-10 10:19:22.341  3054  3081 D EGL_emulation: app_time_stats: avg=1760.14ms min=11.91ms max=8597.28ms count=5
09-10 10:19:26.569  3054  3090 D EGL_emulation: app_time_stats: avg=1724.93ms min=49.81ms max=8276.71ms count=5
09-10 10:19:26.689  3054  3081 D EGL_emulation: app_time_stats: avg=863.06ms min=18.44ms max=4078.25ms count=5
09-10 10:19:28.007  3054  3090 D EGL_emulation: app_time_stats: avg=719.33ms min=300.24ms max=1138.41ms count=2
09-10 10:19:28.153  3054  3081 D EGL_emulation: app_time_stats: avg=277.84ms min=98.40ms max=757.10ms count=5
09-10 10:19:31.209  3054  3081 D EGL_emulation: app_time_stats: avg=3056.41ms min=3056.41ms max=3056.41ms count=1
09-10 10:19:37.408  3054  3081 D EGL_emulation: app_time_stats: avg=1233.56ms min=17.98ms max=5948.10ms count=5
09-10 10:19:47.492  3054  3081 D EGL_emulation: app_time_stats: avg=2002.67ms min=3.72ms max=9849.72ms count=5
09-10 10:19:51.857  3054  3090 D EGL_emulation: app_time_stats: avg=11924.54ms min=146.14ms max=23702.94ms count=2
09-10 10:19:52.924  3054  3090 D EGL_emulation: app_time_stats: avg=118.55ms min=91.13ms max=161.82ms count=9
09-10 10:19:57.041  3054  3081 D EGL_emulation: app_time_stats: avg=1902.30ms min=19.85ms max=9247.08ms count=5
09-10 10:20:01.271  3054  3054 I PartyDeckGodotBridge: Close requested elapsed_ms=824653
09-10 10:20:01.279  3054  3081 D EGL_emulation: app_time_stats: avg=838.99ms min=21.31ms max=3969.18ms count=5
09-10 10:20:01.304  3054  3090 D EGL_emulation: app_time_stats: avg=4190.00ms min=160.45ms max=8219.54ms count=2
09-10 10:20:01.304  3054  3090 I PartyDeckGodotBridge: Close dispatch started elapsed_ms=824686
09-10 10:20:01.305  3054  3090 I PartyDeckGodotBridge: Close native barrier elapsed_ms=824687
09-10 10:20:01.307  3054  3054 I PartyDeckGodotHost: Close main callback elapsed_ms=824689
09-10 10:20:01.423  3054  3090 D GLThread: Exiting render thread
09-10 10:20:01.423  3054  3090 D GodotRenderer: Destroying Godot Engine
09-10 10:20:01.443  3054  3090 D t.compare:godot: PlayerBase::stop() from IPlayer
09-10 10:20:01.443  3054  3090 D AudioTrack: stop(16): called with 32427037 frames delivered
09-10 10:20:01.444  3054  3090 E eglCodecCommon: removeVertexArrayObject: ERROR: 7 not found in VAO state!
09-10 10:20:01.482  3054  3090 V Godot   : OnGodotTerminating
09-10 10:20:01.494  3054  3054 V Godot   : OnDestroy: GodotFragment{f2aad5d} (9f628b26-d222-4b25-b96b-267bc4b3076a id=0x7f07002b tag=partydeck-godot)
09-10 10:20:01.507  3054  3054 V Godot   : OnPause: GodotFragment{f2aad5d} (9f628b26-d222-4b25-b96b-267bc4b3076a id=0x7f07002b tag=partydeck-godot)
09-10 10:20:01.686  3054  3054 I PartyDeckGodotHost: Engine process exit requested
09-10 10:20:01.686  3054  3054 I Process : Sending signal. PID: 3054 SIG: 9
