--------- beginning of main
09-10 05:11:50.771  3144  3144 I t.compare:godot: Late-enabling -Xcheck:jni
09-10 05:11:50.784  3144  3144 I t.compare:godot: Using CollectorTypeCMC GC.
09-10 05:11:50.785  3144  3144 W t.compare:godot: Unexpected CPU variant for x86: x86_64.
09-10 05:11:50.785  3144  3144 W t.compare:godot: Known variants: atom, sandybridge, silvermont, goldmont, goldmont-plus, goldmont-without-sha-xsaves, tremont, kabylake, default
09-10 05:11:50.814  3144  3144 D nativeloader: Load libframework-connectivity-tiramisu-jni.so using APEX ns com_android_tethering for caller /apex/com.android.tethering/javalib/framework-connectivity-t.jar: ok
09-10 05:11:50.945  3144  3144 W ziparchive: Unable to open '/data/app/~~-54_FvsZlunkX3v7x5bHAg==/dev.partydeck.godot.compare-uuwcmno5K6Ng7tRUS9p_Yg==/base.dm': No such file or directory
09-10 05:11:50.948  3144  3144 W ziparchive: Unable to open '/data/app/~~-54_FvsZlunkX3v7x5bHAg==/dev.partydeck.godot.compare-uuwcmno5K6Ng7tRUS9p_Yg==/base.dm': No such file or directory
09-10 05:11:51.151  3144  3144 D nativeloader: Configuring clns-7 for other apk /data/app/~~-54_FvsZlunkX3v7x5bHAg==/dev.partydeck.godot.compare-uuwcmno5K6Ng7tRUS9p_Yg==/base.apk. target_sdk_version=36, uses_libraries=, library_path=/data/app/~~-54_FvsZlunkX3v7x5bHAg==/dev.partydeck.godot.compare-uuwcmno5K6Ng7tRUS9p_Yg==/lib/x86_64:/data/app/~~-54_FvsZlunkX3v7x5bHAg==/dev.partydeck.godot.compare-uuwcmno5K6Ng7tRUS9p_Yg==/base.apk!/lib/x86_64, permitted_path=/data:/mnt/expand:/data/user/0/dev.partydeck.godot.compare
09-10 05:11:51.169  3144  3144 V GraphicsEnvironment: Currently set values for:
09-10 05:11:51.169  3144  3144 V GraphicsEnvironment:   angle_gl_driver_selection_pkgs=[]
09-10 05:11:51.169  3144  3144 V GraphicsEnvironment:   angle_gl_driver_selection_values=[]
09-10 05:11:51.169  3144  3144 V GraphicsEnvironment: Global.Settings values are invalid: number of packages: 0, number of values: 0
09-10 05:11:51.170  3144  3144 V GraphicsEnvironment: Neither updatable production driver nor prerelease driver is supported.
09-10 05:11:51.561  3144  3144 V Godot   : Initializing Godot plugin registry
09-10 05:11:51.561  3144  3144 I GodotPluginRegistry: Registering runtime plugin AndroidRuntime
09-10 05:11:51.562  3144  3144 I GodotPluginRegistry: Registering runtime plugin PartyDeckBridge
09-10 05:11:51.562  3144  3144 V Godot   : InitEngine with params: [--main-pack, res://partydeck-last-light.pck, --rendering-method, gl_compatibility, --xr-mode, off]
09-10 05:11:51.600  3144  3144 D nativeloader: Load /data/app/~~-54_FvsZlunkX3v7x5bHAg==/dev.partydeck.godot.compare-uuwcmno5K6Ng7tRUS9p_Yg==/base.apk!/lib/x86_64/libgodot_android.so using ns clns-7 from class loader (caller=/data/app/~~-54_FvsZlunkX3v7x5bHAg==/dev.partydeck.godot.compare-uuwcmno5K6Ng7tRUS9p_Yg==/base.apk): ok
09-10 05:11:51.601  3144  3144 V Godot   : Godot native layer initialization completed: true
09-10 05:11:51.601  3144  3144 V Godot   : Setting up native layer with params: [--main-pack, res://partydeck-last-light.pck, --rendering-method, gl_compatibility, --xr-mode, off]
09-10 05:11:51.656  3144  3144 V Godot   : Godot native layer setup completed
09-10 05:11:51.656  3144  3144 V Godot   : OnInitRenderView: GodotFragment{384e4c8} (1f9db5e0-4b9e-4043-a0e7-414e2dfd5ac3 id=0x7f07002b tag=partydeck-godot)
09-10 05:11:51.683  3144  3144 D Godot   : Render view should be transparent: false
09-10 05:11:51.683  3144  3144 D Godot   : renderingDevice: opengl3 (ProjectSettings)
09-10 05:11:51.683  3144  3144 D Godot   : 			renderer: gl_compatibility (Default)
09-10 05:11:51.707  3144  3144 V Godot   : OnStart: GodotFragment{384e4c8} (1f9db5e0-4b9e-4043-a0e7-414e2dfd5ac3 id=0x7f07002b tag=partydeck-godot)
09-10 05:11:51.709  3144  3144 W WindowOnBackDispatcher: OnBackInvokedCallback is not enabled for the application.
09-10 05:11:51.709  3144  3144 W WindowOnBackDispatcher: Set 'android:enableOnBackInvokedCallback="true"' in the application manifest.
09-10 05:11:51.717  3144  3144 V Godot   : OnResume: GodotFragment{384e4c8} (1f9db5e0-4b9e-4043-a0e7-414e2dfd5ac3 id=0x7f07002b tag=partydeck-godot)
09-10 05:11:51.723  3144  3144 W HWUI    : Unknown dataspace 0
09-10 05:11:51.754  3144  3170 I EGL_emulation: Opening libGLESv1_CM_emulation.so
09-10 05:11:51.755  3144  3170 I EGL_emulation: Opening libGLESv2_emulation.so
09-10 05:11:51.772  3144  3170 W HWUI    : Failed to choose config with EGL_SWAP_BEHAVIOR_PRESERVED, retrying without...
09-10 05:11:51.777  3144  3170 W HWUI    : Failed to initialize 101010-2 format, error = EGL_SUCCESS
09-10 05:11:51.799  3144  3179 W RegularContextFactory: creating OpenGL ES 3.0 context :
09-10 05:11:51.812  3144  3179 I Gralloc4: mapper 4.x is not supported
09-10 05:11:51.853  3144  3179 I godot   : Godot Engine v4.7.2.stable.official.ed1daf0bf - https://godotengine.org
09-10 05:11:51.929  3144  3148 I t.compare:godot: Compiler allocated 4219KB to compile void android.widget.TextView.<init>(android.content.Context, android.util.AttributeSet, int, int)
09-10 05:11:52.633  3144  3148 I t.compare:godot: Compiler allocated 5174KB to compile void android.view.ViewRootImpl.performTraversals()
09-10 05:11:52.806  3144  3183 E SurfaceSyncGroup: Failed to receive transaction ready in 1000ms. Marking SurfaceSyncGroup(wmsSync-VRI[GodotGameActivity]#1) as ready
09-10 05:11:52.807  3144  3183 E SurfaceSyncGroup: Failed to receive transaction ready in 1000ms. Marking SurfaceSyncGroup(VRI[GodotGameActivity]#2) as ready
09-10 05:11:52.808  3144  3183 E SurfaceSyncGroup: Failed to receive transaction ready in 1000ms. Marking SurfaceSyncGroup(SurfaceView[dev.partydeck.godot.compare/dev.partydeck.godot.compare.GodotGameActivity]#0) as ready
09-10 05:11:53.047  3144  3170 D EGL_emulation: app_time_stats: avg=329.07ms min=14.53ms max=875.57ms count=3
09-10 05:11:53.292  3144  3179 I godot   : OpenGL API OpenGL ES 3.1 (OpenGL ES 3.1.0 (ANGLE 2.1.17841 git hash: 5fa2e61da947)) - Compatibility - Using Device: Google (Google Inc. (Google)) - Android Emulator OpenGL ES Translator (ANGLE (Google, Vulkan 1.3.0 (SwiftShader Device (Subzero) (0x0000C0DE)), SwiftShader driver-5.0.0))
09-10 05:11:53.293  3144  3179 D t.compare:godot: PlayerBase::PlayerBase()
09-10 05:11:53.293  3144  3179 D t.compare:godot: TrackPlayerBase::TrackPlayerBase()
09-10 05:11:53.293  3144  3179 I libOpenSLES: Emulating old channel mask behavior (ignoring positional mask 0x3, using default mask 0x3 based on channel count of 2)
09-10 05:11:53.298  3144  3179 I godot   : 
09-10 05:11:53.769  3144  3179 V Godot   : OnGodotSetupCompleted
09-10 05:11:54.189  3144  3179 V Godot   : OnGodotMainLoopStarted
09-10 05:11:54.210  3144  3170 D EGL_emulation: app_time_stats: avg=543.67ms min=364.71ms max=722.64ms count=2
09-10 05:11:54.472  3144  3179 D EGL_emulation: app_time_stats: avg=500.34ms min=11.71ms max=988.97ms count=2
09-10 05:11:56.231  3144  3179 E godot   : WARNING: Failed to load cached shader, recompiling.
09-10 05:11:56.231  3144  3179 E godot   :    at: _load_from_cache (drivers/gles3/shader_gles3.cpp:615)
09-10 05:11:57.007  3144  3170 D EGL_emulation: app_time_stats: avg=463.62ms min=20.65ms max=2000.03ms count=6
09-10 05:11:57.233  3144  3179 D EGL_emulation: app_time_stats: avg=2761.75ms min=2761.75ms max=2761.75ms count=1
