--------- beginning of main
09-10 10:20:50.625 10899 10899 I t.compare:godot: Late-enabling -Xcheck:jni
09-10 10:20:50.658 10899 10899 I t.compare:godot: Using CollectorTypeCMC GC.
09-10 10:20:50.659 10899 10899 W t.compare:godot: Unexpected CPU variant for x86: x86_64.
09-10 10:20:50.659 10899 10899 W t.compare:godot: Known variants: atom, sandybridge, silvermont, goldmont, goldmont-plus, goldmont-without-sha-xsaves, tremont, kabylake, default
09-10 10:20:50.702 10899 10899 D nativeloader: Load libframework-connectivity-tiramisu-jni.so using APEX ns com_android_tethering for caller /apex/com.android.tethering/javalib/framework-connectivity-t.jar: ok
09-10 10:20:50.744 10899 10899 W ziparchive: Unable to open '/data/app/~~fYWEGxuyXBGEAnyxBUBYWg==/dev.partydeck.godot.compare-i4daJXoEY5F8_sd7zeVsEg==/base.dm': No such file or directory
09-10 10:20:50.746 10899 10899 W ziparchive: Unable to open '/data/app/~~fYWEGxuyXBGEAnyxBUBYWg==/dev.partydeck.godot.compare-i4daJXoEY5F8_sd7zeVsEg==/base.dm': No such file or directory
09-10 10:20:50.985 10899 10899 D nativeloader: Configuring clns-7 for other apk /data/app/~~fYWEGxuyXBGEAnyxBUBYWg==/dev.partydeck.godot.compare-i4daJXoEY5F8_sd7zeVsEg==/base.apk. target_sdk_version=36, uses_libraries=, library_path=/data/app/~~fYWEGxuyXBGEAnyxBUBYWg==/dev.partydeck.godot.compare-i4daJXoEY5F8_sd7zeVsEg==/lib/x86_64:/data/app/~~fYWEGxuyXBGEAnyxBUBYWg==/dev.partydeck.godot.compare-i4daJXoEY5F8_sd7zeVsEg==/base.apk!/lib/x86_64, permitted_path=/data:/mnt/expand:/data/user/0/dev.partydeck.godot.compare
09-10 10:20:51.006 10899 10899 V GraphicsEnvironment: Currently set values for:
09-10 10:20:51.006 10899 10899 V GraphicsEnvironment:   angle_gl_driver_selection_pkgs=[]
09-10 10:20:51.007 10899 10899 V GraphicsEnvironment:   angle_gl_driver_selection_values=[]
09-10 10:20:51.007 10899 10899 V GraphicsEnvironment: Global.Settings values are invalid: number of packages: 0, number of values: 0
09-10 10:20:51.007 10899 10899 V GraphicsEnvironment: Neither updatable production driver nor prerelease driver is supported.
09-10 10:20:51.467 10899 10899 V Godot   : Initializing Godot plugin registry
09-10 10:20:51.468 10899 10899 I GodotPluginRegistry: Registering runtime plugin AndroidRuntime
09-10 10:20:51.468 10899 10899 I GodotPluginRegistry: Registering runtime plugin PartyDeckBridge
09-10 10:20:51.469 10899 10899 V Godot   : InitEngine with params: [--main-pack, res://partydeck-last-light.pck, --rendering-method, gl_compatibility, --xr-mode, off]
09-10 10:20:51.513 10899 10899 D nativeloader: Load /data/app/~~fYWEGxuyXBGEAnyxBUBYWg==/dev.partydeck.godot.compare-i4daJXoEY5F8_sd7zeVsEg==/base.apk!/lib/x86_64/libgodot_android.so using ns clns-7 from class loader (caller=/data/app/~~fYWEGxuyXBGEAnyxBUBYWg==/dev.partydeck.godot.compare-i4daJXoEY5F8_sd7zeVsEg==/base.apk): ok
09-10 10:20:51.515 10899 10899 V Godot   : Godot native layer initialization completed: true
09-10 10:20:51.515 10899 10899 V Godot   : Setting up native layer with params: [--main-pack, res://partydeck-last-light.pck, --rendering-method, gl_compatibility, --xr-mode, off]
09-10 10:20:51.564 10899 10899 V Godot   : Godot native layer setup completed
09-10 10:20:51.564 10899 10899 V Godot   : OnInitRenderView: GodotFragment{f2aad5d} (c8595848-abc7-4b42-94ef-2bb93461dcff id=0x7f07002b tag=partydeck-godot)
09-10 10:20:51.588 10899 10899 D Godot   : Render view should be transparent: false
09-10 10:20:51.590 10899 10899 D Godot   : renderingDevice: opengl3 (ProjectSettings)
09-10 10:20:51.590 10899 10899 D Godot   : 			renderer: gl_compatibility (Default)
09-10 10:20:51.618 10899 10899 V Godot   : OnStart: GodotFragment{f2aad5d} (c8595848-abc7-4b42-94ef-2bb93461dcff id=0x7f07002b tag=partydeck-godot)
09-10 10:20:51.620 10899 10899 W WindowOnBackDispatcher: OnBackInvokedCallback is not enabled for the application.
09-10 10:20:51.620 10899 10899 W WindowOnBackDispatcher: Set 'android:enableOnBackInvokedCallback="true"' in the application manifest.
09-10 10:20:51.624 10899 10899 V Godot   : OnResume: GodotFragment{f2aad5d} (c8595848-abc7-4b42-94ef-2bb93461dcff id=0x7f07002b tag=partydeck-godot)
09-10 10:20:51.628 10899 10899 W HWUI    : Unknown dataspace 0
09-10 10:20:51.679 10899 10923 I EGL_emulation: Opening libGLESv1_CM_emulation.so
09-10 10:20:51.680 10899 10923 I EGL_emulation: Opening libGLESv2_emulation.so
09-10 10:20:51.685 10899 10923 W HWUI    : Failed to choose config with EGL_SWAP_BEHAVIOR_PRESERVED, retrying without...
09-10 10:20:51.686 10899 10923 W HWUI    : Failed to initialize 101010-2 format, error = EGL_SUCCESS
09-10 10:20:51.730 10899 10936 W RegularContextFactory: creating OpenGL ES 3.0 context :
09-10 10:20:51.744 10899 10936 I Gralloc4: mapper 4.x is not supported
09-10 10:20:51.785 10899 10936 I godot   : Godot Engine v4.7.2.stable.official.ed1daf0bf - https://godotengine.org
09-10 10:20:52.021 10899 10936 E godot   : WARNING: Failed to load cached shader, recompiling.
09-10 10:20:52.021 10899 10936 E godot   :    at: _load_from_cache (drivers/gles3/shader_gles3.cpp:615)
09-10 10:20:52.033 10899 10906 I t.compare:godot: Compiler allocated 4219KB to compile void android.widget.TextView.<init>(android.content.Context, android.util.AttributeSet, int, int)
09-10 10:20:52.524 10899 10906 I t.compare:godot: Compiler allocated 5174KB to compile void android.view.ViewRootImpl.performTraversals()
09-10 10:20:52.688 10899 10940 E SurfaceSyncGroup: Failed to receive transaction ready in 1000ms. Marking SurfaceSyncGroup(wmsSync-VRI[GodotGameActivity]#1) as ready
09-10 10:20:52.688 10899 10940 E SurfaceSyncGroup: Failed to receive transaction ready in 1000ms. Marking SurfaceSyncGroup(VRI[GodotGameActivity]#2) as ready
09-10 10:20:52.690 10899 10940 E SurfaceSyncGroup: Failed to receive transaction ready in 1000ms. Marking SurfaceSyncGroup(SurfaceView[dev.partydeck.godot.compare/dev.partydeck.godot.compare.GodotGameActivity]#0) as ready
09-10 10:20:53.058 10899 10936 I godot   : OpenGL API OpenGL ES 3.1 (OpenGL ES 3.1.0 (ANGLE 2.1.17841 git hash: 5fa2e61da947)) - Compatibility - Using Device: Google (Google Inc. (Google)) - Android Emulator OpenGL ES Translator (ANGLE (Google, Vulkan 1.3.0 (SwiftShader Device (Subzero) (0x0000C0DE)), SwiftShader driver-5.0.0))
09-10 10:20:53.061 10899 10936 D t.compare:godot: PlayerBase::PlayerBase()
09-10 10:20:53.061 10899 10936 D t.compare:godot: TrackPlayerBase::TrackPlayerBase()
09-10 10:20:53.061 10899 10936 I libOpenSLES: Emulating old channel mask behavior (ignoring positional mask 0x3, using default mask 0x3 based on channel count of 2)
09-10 10:20:53.067 10899 10936 I godot   : 
09-10 10:20:53.177 10899 10923 D EGL_emulation: app_time_stats: avg=307.66ms min=7.39ms max=960.76ms count=4
09-10 10:20:53.484 10899 10936 V Godot   : OnGodotSetupCompleted
09-10 10:20:53.489 10899 10936 V Godot   : OnGodotMainLoopStarted
09-10 10:20:54.677 10899 10923 D EGL_emulation: app_time_stats: avg=749.98ms min=701.63ms max=798.33ms count=2
09-10 10:20:56.006 10899 10936 D EGL_emulation: app_time_stats: avg=939.06ms min=77.04ms max=1916.35ms count=3
09-10 10:20:56.069 10899 10923 D EGL_emulation: app_time_stats: avg=1392.40ms min=1392.40ms max=1392.40ms count=1
09-10 10:21:02.142 10899 10899 I PartyDeckGodotBridge: Close requested elapsed_ms=885523
09-10 10:21:02.156 10899 10936 I PartyDeckGodotBridge: Close dispatch started elapsed_ms=885538
09-10 10:21:02.159 10899 10936 I PartyDeckGodotBridge: Close native barrier elapsed_ms=885541
09-10 10:21:02.164 10899 10923 D EGL_emulation: app_time_stats: avg=1512.43ms min=60.60ms max=5848.91ms count=4
09-10 10:21:02.198 10899 10899 I PartyDeckGodotHost: Close main callback elapsed_ms=885580
09-10 10:21:02.273 10899 10936 D EGL_emulation: app_time_stats: avg=6267.59ms min=6267.59ms max=6267.59ms count=1
09-10 10:21:02.275 10899 10936 D GLThread: Exiting render thread
09-10 10:21:02.275 10899 10936 D GodotRenderer: Destroying Godot Engine
09-10 10:21:02.291 10899 10936 D t.compare:godot: PlayerBase::stop() from IPlayer
09-10 10:21:02.291 10899 10936 D AudioTrack: stop(18): called with 410849 frames delivered
09-10 10:21:02.295 10899 10936 E eglCodecCommon: removeVertexArrayObject: ERROR: 7 not found in VAO state!
09-10 10:21:02.322 10899 10936 V Godot   : OnGodotTerminating
09-10 10:21:02.399 10899 10899 V Godot   : OnDestroy: GodotFragment{f2aad5d} (c8595848-abc7-4b42-94ef-2bb93461dcff id=0x7f07002b tag=partydeck-godot)
09-10 10:21:02.412 10899 10899 V Godot   : OnPause: GodotFragment{f2aad5d} (c8595848-abc7-4b42-94ef-2bb93461dcff id=0x7f07002b tag=partydeck-godot)
09-10 10:21:02.557 10899 10899 I PartyDeckGodotHost: Engine process exit requested
09-10 10:21:02.557 10899 10899 I Process : Sending signal. PID: 10899 SIG: 9
