--------- beginning of main
09-10 03:34:49.451  3074  3074 I t.compare:godot: Late-enabling -Xcheck:jni
09-10 03:34:49.464  3074  3074 I t.compare:godot: Using CollectorTypeCMC GC.
09-10 03:34:49.465  3074  3074 W t.compare:godot: Unexpected CPU variant for x86: x86_64.
09-10 03:34:49.465  3074  3074 W t.compare:godot: Known variants: atom, sandybridge, silvermont, goldmont, goldmont-plus, goldmont-without-sha-xsaves, tremont, kabylake, default
09-10 03:34:49.521  3074  3074 D nativeloader: Load libframework-connectivity-tiramisu-jni.so using APEX ns com_android_tethering for caller /apex/com.android.tethering/javalib/framework-connectivity-t.jar: ok
09-10 03:34:49.595  3074  3074 W ziparchive: Unable to open '/data/app/~~SCfoSP302c40A6w2pMiSKg==/dev.partydeck.godot.compare-JwVPc_f0mQiaXDU2xmuj0g==/base.dm': No such file or directory
09-10 03:34:49.595  3074  3074 W ziparchive: Unable to open '/data/app/~~SCfoSP302c40A6w2pMiSKg==/dev.partydeck.godot.compare-JwVPc_f0mQiaXDU2xmuj0g==/base.dm': No such file or directory
09-10 03:34:49.716  3074  3074 D nativeloader: Configuring clns-7 for other apk /data/app/~~SCfoSP302c40A6w2pMiSKg==/dev.partydeck.godot.compare-JwVPc_f0mQiaXDU2xmuj0g==/base.apk. target_sdk_version=36, uses_libraries=, library_path=/data/app/~~SCfoSP302c40A6w2pMiSKg==/dev.partydeck.godot.compare-JwVPc_f0mQiaXDU2xmuj0g==/lib/x86_64:/data/app/~~SCfoSP302c40A6w2pMiSKg==/dev.partydeck.godot.compare-JwVPc_f0mQiaXDU2xmuj0g==/base.apk!/lib/x86_64, permitted_path=/data:/mnt/expand:/data/user/0/dev.partydeck.godot.compare
09-10 03:34:49.748  3074  3074 V GraphicsEnvironment: Currently set values for:
09-10 03:34:49.748  3074  3074 V GraphicsEnvironment:   angle_gl_driver_selection_pkgs=[]
09-10 03:34:49.748  3074  3074 V GraphicsEnvironment:   angle_gl_driver_selection_values=[]
09-10 03:34:49.748  3074  3074 V GraphicsEnvironment: Global.Settings values are invalid: number of packages: 0, number of values: 0
09-10 03:34:49.748  3074  3074 V GraphicsEnvironment: Neither updatable production driver nor prerelease driver is supported.
09-10 03:34:50.010  3074  3074 V Godot   : Initializing Godot plugin registry
09-10 03:34:50.011  3074  3074 I GodotPluginRegistry: Registering runtime plugin AndroidRuntime
09-10 03:34:50.011  3074  3074 I GodotPluginRegistry: Registering runtime plugin PartyDeckBridge
09-10 03:34:50.011  3074  3074 V Godot   : InitEngine with params: [--main-pack, res://partydeck-last-light.pck, --rendering-method, gl_compatibility, --xr-mode, off]
09-10 03:34:50.063  3074  3074 D nativeloader: Load /data/app/~~SCfoSP302c40A6w2pMiSKg==/dev.partydeck.godot.compare-JwVPc_f0mQiaXDU2xmuj0g==/base.apk!/lib/x86_64/libgodot_android.so using ns clns-7 from class loader (caller=/data/app/~~SCfoSP302c40A6w2pMiSKg==/dev.partydeck.godot.compare-JwVPc_f0mQiaXDU2xmuj0g==/base.apk): ok
09-10 03:34:50.066  3074  3074 V Godot   : Godot native layer initialization completed: true
09-10 03:34:50.066  3074  3074 V Godot   : Setting up native layer with params: [--main-pack, res://partydeck-last-light.pck, --rendering-method, gl_compatibility, --xr-mode, off]
09-10 03:34:50.121  3074  3074 V Godot   : Godot native layer setup completed
09-10 03:34:50.122  3074  3074 V Godot   : OnInitRenderView: GodotFragment{24b1024} (a8cdcd51-ff0d-4a09-b13f-9e0f12650d32 id=0x7f07002b tag=partydeck-godot)
09-10 03:34:50.131  3074  3074 D Godot   : Render view should be transparent: false
09-10 03:34:50.131  3074  3074 D Godot   : renderingDevice: opengl3 (ProjectSettings)
09-10 03:34:50.131  3074  3074 D Godot   : 			renderer: gl_compatibility (Default)
09-10 03:34:50.138  3074  3074 V Godot   : OnStart: GodotFragment{24b1024} (a8cdcd51-ff0d-4a09-b13f-9e0f12650d32 id=0x7f07002b tag=partydeck-godot)
09-10 03:34:50.139  3074  3074 W WindowOnBackDispatcher: OnBackInvokedCallback is not enabled for the application.
09-10 03:34:50.139  3074  3074 W WindowOnBackDispatcher: Set 'android:enableOnBackInvokedCallback="true"' in the application manifest.
09-10 03:34:50.141  3074  3074 V Godot   : OnResume: GodotFragment{24b1024} (a8cdcd51-ff0d-4a09-b13f-9e0f12650d32 id=0x7f07002b tag=partydeck-godot)
09-10 03:34:50.144  3074  3074 W HWUI    : Unknown dataspace 0
09-10 03:34:50.158  3074  3102 I EGL_emulation: Opening libGLESv1_CM_emulation.so
09-10 03:34:50.160  3074  3102 I EGL_emulation: Opening libGLESv2_emulation.so
09-10 03:34:50.188  3074  3102 W HWUI    : Failed to choose config with EGL_SWAP_BEHAVIOR_PRESERVED, retrying without...
09-10 03:34:50.193  3074  3102 W HWUI    : Failed to initialize 101010-2 format, error = EGL_SUCCESS
09-10 03:34:50.207  3074  3111 W RegularContextFactory: creating OpenGL ES 3.0 context :
09-10 03:34:50.237  3074  3111 I Gralloc4: mapper 4.x is not supported
09-10 03:34:50.246  3074  3111 I godot   : Godot Engine v4.7.2.stable.official.ed1daf0bf - https://godotengine.org
09-10 03:34:50.399  3074  3079 I t.compare:godot: Compiler allocated 4219KB to compile void android.widget.TextView.<init>(android.content.Context, android.util.AttributeSet, int, int)
09-10 03:34:50.688  3074  3079 I t.compare:godot: Compiler allocated 5174KB to compile void android.view.ViewRootImpl.performTraversals()
09-10 03:34:50.891  3074  3111 I godot   : OpenGL API OpenGL ES 3.1 (OpenGL ES 3.1.0 (ANGLE 2.1.17841 git hash: 5fa2e61da947)) - Compatibility - Using Device: Google (Google Inc. (Google)) - Android Emulator OpenGL ES Translator (ANGLE (Google, Vulkan 1.3.0 (SwiftShader Device (Subzero) (0x0000C0DE)), SwiftShader driver-5.0.0))
09-10 03:34:50.892  3074  3111 D t.compare:godot: PlayerBase::PlayerBase()
09-10 03:34:50.892  3074  3111 D t.compare:godot: TrackPlayerBase::TrackPlayerBase()
09-10 03:34:50.892  3074  3111 I libOpenSLES: Emulating old channel mask behavior (ignoring positional mask 0x3, using default mask 0x3 based on channel count of 2)
09-10 03:34:50.896  3074  3111 I godot   : 
09-10 03:34:51.241  3074  3111 V Godot   : OnGodotSetupCompleted
09-10 03:34:51.387  3074  3111 V Godot   : OnGodotMainLoopStarted
09-10 03:34:51.396  3074  3102 D EGL_emulation: app_time_stats: avg=196.87ms min=12.55ms max=655.18ms count=5
09-10 03:34:52.733  3074  3111 E godot   : WARNING: Failed to load cached shader, recompiling.
09-10 03:34:52.733  3074  3111 E godot   :    at: _load_from_cache (drivers/gles3/shader_gles3.cpp:615)
09-10 03:34:53.222  3074  3111 D EGL_emulation: app_time_stats: avg=730.17ms min=55.23ms max=1679.81ms count=3
09-10 03:34:53.369  3074  3102 D EGL_emulation: app_time_stats: avg=328.82ms min=51.11ms max=1159.25ms count=6
