Exported 33 attachments for: RetainedHostUITests/testActiveAndDormantBackgroundTransitionsStayConcealed():
File: 0516A0D1-38ED-4769-83E7-4F51D205A531.json, suggested name: "Dormant application lifecycle did not restart the engine services measurements_0_9D3642D1-54DF-473D-916A-E79E3A2D9F43.json"
File: 104C4B9F-A1A4-4FD7-B08D-CF5D2F21B7D6.png, suggested name: "Dormant application lifecycle did not restart the engine services_0_D3E206E2-5C18-4F95-855C-6D24EE418DF4.png"
File: 13A48649-CA66-42A9-A111-109C47CC98FD.json, suggested name: "Whole recipient scene retired; retained services dormant measurements_0_04B703EA-504A-4E6E-A888-96E7E00B0DCD.json"
File: 929CB5E1-1799-4854-900E-B25D7B91AAEB.png, suggested name: "Whole recipient scene retired; retained services dormant_0_B6653EC9-3719-4DC8-B696-FB4ABC964E38.png"
File: D050E6BA-856E-4C27-BA62-1A0860A18262.json, suggested name: "Measured real touch target_0_BA12D4D4-38C2-48BF-A41F-5C019324677A.json"
File: 44291169-D656-4762-BBB6-EBF0613FE51C.json, suggested name: "Measured dormant shell interval_0_B76EB882-4188-49D3-BA8D-379516D174CD.json"
File: 3E0E3C43-B596-4428-BF36-7790D4AEE164.json, suggested name: "Dormant Homeactivate accepted native observation_0_1938A577-73BE-4811-8BEC-0502C01155C9.json"
File: 7D7E1315-44AF-4D20-8571-499DF67A3E62.png, suggested name: "Actual Home screen_0_417DD31A-0BED-43A2-A22E-BB96A5DB8F2E.png"
File: 75091C57-69C5-4C90-BAE9-B2D7F7D9EFB9.txt, suggested name: "Actual SpringBoard hierarchy_0_64C6E580-CF3A-4B2D-8A04-73CED22F15CB.txt"
File: DE885506-730C-4B13-A7CF-1A1255E2FDDC.json, suggested name: "Actual Home state and dock observation_0_8C5F4144-3ADF-4117-B193-6F478F22748B.json"
File: 76F34739-918E-41D5-AD44-4062AE98B885.json, suggested name: "Measured dormant shell interval_0_2421B3E0-B85B-41D5-AA55-238B4D94D405.json"
File: 8835435A-6B54-48FD-8BDD-B50E03B87ECE.json, suggested name: "Whole recipient scene retired; retained services dormant measurements_0_FA0B2194-810A-4C0A-B1F1-5D6445D09F3A.json"
File: C9FD2ED3-744A-4A63-B939-199FC80AFFE9.png, suggested name: "Whole recipient scene retired; retained services dormant_0_1AA1DAD7-6B27-4071-A999-D6ACEF83DDFB.png"
File: E6A89C59-1DC5-4A29-BA16-556BFC417FA6.json, suggested name: "Measured real touch target_0_3D2F853F-75AD-463A-93E8-0409747D3AD9.json"
File: 77C97373-0517-4CE6-BDCB-B5D6E2AE65D7.json, suggested name: "Real background and resume kept the same authority concealed measurements_0_11694B8E-1C48-44E0-835B-A5F3D6E95ADF.json"
File: 0DB9B036-BD1A-451F-94EE-A2ECFD12BF6E.png, suggested name: "Real background and resume kept the same authority concealed_0_77796DA5-CAE1-4D43-B7EC-13D5466C99CF.png"
File: 716319E7-5C87-4653-BD49-A70BEF9B5BBB.png, suggested name: "Actual Home screen_0_F8753D20-C0B1-48A2-88D1-52111E59D75F.png"
File: 9641A8DF-5600-46C5-A5BC-11443854CBD3.txt, suggested name: "Actual SpringBoard hierarchy_0_20113C88-9165-4B19-AACA-7EE584CFBD8A.txt"
File: 69311787-9D77-42FF-AB3E-EFBD3AD5A234.json, suggested name: "Actual Home state and dock observation_0_C8217FE3-45A6-43B4-AE3A-78C4DB858BBB.json"
File: F0F1EC76-9D0C-4839-AED8-0F7E5626B14E.json, suggested name: "Real reveal and card selection measurements_0_55B367F7-BBAA-455B-8263-85273C468B55.json"
File: 173B5002-ADAC-4FD7-B9D5-63BF874A5C8E.png, suggested name: "Real reveal and card selection_0_2BADFB14-B882-4AE8-A421-939C95A290C7.png"
File: 00C97AA9-6346-4516-911E-A902951844BD.json, suggested name: "Measured real touch target_0_349E5591-CC25-4482-9AFA-BB43F71CE2D8.json"
File: 65733F1F-A6F9-45C2-BEB4-5B389A32F96D.json, suggested name: "Measured real touch target_0_9919246E-09A9-4F58-9DAB-19C6966E2FF1.json"
File: 80272592-5184-466D-82AE-0D2A782DF9B4.json, suggested name: "Real reveal and card selection measurements_0_E70FC4CE-AA8D-40D9-B4EE-4C41DCEC3393.json"
File: D7232367-29BE-44A5-B8D0-FD5D72204A44.png, suggested name: "Real reveal and card selection_0_A3A1ABA4-CEF5-476F-81D0-6613981E8769.png"
File: 6A634392-3656-4BFA-957A-63E32CB4804E.json, suggested name: "Measured real touch target_0_659A99FC-C7F7-40B2-BED0-505DA3ED8492.json"
File: F8CC6CD9-7E3D-408B-8D72-D48194DDA7E7.json, suggested name: "Measured real touch target_0_29B71ECA-69A9-46D8-BD31-A808D285D5D1.json"
File: 55A330A0-B5F4-485E-8B23-DD43933A1D39.json, suggested name: "Coalesced native foreground loss and regain returned concealed measurements_0_67EEB83E-A006-4D5B-A4E6-F692A09818F9.json"
File: 08D94A4D-EE94-4797-903D-3B0C69DE1B1A.png, suggested name: "Coalesced native foreground loss and regain returned concealed_0_9B679798-5147-4C84-96A6-FEE9A3327B1D.png"
File: DE7407A9-4AFA-46EF-97E9-F8D26C287835.json, suggested name: "Real reveal and card selection measurements_0_9F00D734-74F8-4AE5-AF83-392032B7C675.json"
File: 4F544D0D-E94E-4102-B1A9-7EC39BA4A3F8.png, suggested name: "Real reveal and card selection_0_D3C31C3F-6E02-4076-A0EE-46E1D5121EDE.png"
File: 2CEF9C96-7670-437E-B0B9-9651E2793E13.json, suggested name: "Measured real touch target_0_6D698678-72F7-4E4B-ACAF-BDC0AAF32BAB.json"
File: 89C2710A-ED5C-4B73-BB73-7512886A0B9F.json, suggested name: "Measured real touch target_0_972B76FE-4F7E-4E33-85A2-DD8B36D5F8E7.json"

Exported 54 attachments for: RetainedHostUITests/testRepeated2DAnd3DKeepOneDormantEngine():
File: F7408BEF-50A0-435B-898F-4505E40E31E3.json, suggested name: "Four completed real entries in one retained engine process measurements_0_E9E4F146-42AC-4A13-B0D4-5E14812272D7.json"
File: 79177A8C-1463-4261-8064-34F4DED4A57E.png, suggested name: "Four completed real entries in one retained engine process_0_1B4FBAB7-0B2A-40D3-93BA-6B4C1B6E4CEE.png"
File: 4253BF5C-8674-4C30-AF5E-6C86E2E4EAC4.json, suggested name: "Measured dormant shell interval_0_39468204-6BB3-4077-9E98-2A745B1C3872.json"
File: D92FA586-A72E-4E42-92F2-0486C59D3EBE.json, suggested name: "Whole recipient scene retired; retained services dormant measurements_0_8E79D33C-45C1-4E28-AF5F-F18F9F060854.json"
File: 746701B4-BB40-49D0-961F-940A9A268D67.png, suggested name: "Whole recipient scene retired; retained services dormant_0_BA1D63E5-6578-4622-8A8E-3B123A11C427.png"
File: 33C47B4F-FCEE-4771-9ED8-269EF5053EC1.json, suggested name: "Measured real touch target_0_D45B0E03-55DE-4FA2-9192-5B46FC0123B5.json"
File: 5C1E1247-22CE-4405-9F4C-78ABB878D80A.json, suggested name: "Real play accepted by the Kotlin authority measurements_0_3FC93E65-1DF6-4716-9DCB-3DBCC66B29D7.json"
File: 0367B4DC-3294-4FF7-BE76-A4385DD41FB1.png, suggested name: "Real play accepted by the Kotlin authority_0_989F2B2C-4D5F-451E-83F4-1FB077515513.png"
File: 14B08164-B594-4F42-90E0-BE1F62370C66.json, suggested name: "Measured real touch target_0_1DE30566-02CF-4B39-B5A8-1B199F2386C9.json"
File: BA0FC975-B47D-4B31-BD2D-72B7DBBD43BE.json, suggested name: "Real reveal and card selection measurements_0_C07BAE60-138F-416B-B1E7-54DC84C38D14.json"
File: 8C27215D-FCEC-4349-BEF1-E3526A995CF0.png, suggested name: "Real reveal and card selection_0_AD021703-F875-488D-B613-0C8C1366A236.png"
File: E2323E51-B1CD-49A3-BE5E-E84294282720.json, suggested name: "Measured real touch target_0_B07C0F23-1A11-4845-AA7A-54F64FA6678C.json"
File: 7F3EB059-8015-463B-B8EC-B89449C5B94C.json, suggested name: "Measured real touch target_0_3459A6D7-655D-4943-9B09-4910DBDACC37.json"
File: B7C22B42-ED6C-4D76-AC32-28081F54E566.json, suggested name: "Entry 4 fresh concealed 3d measurements_0_41DFAFEC-1041-49CA-AFB3-0A8FF19EACF1.json"
File: 8A5D1A3B-FC0E-4C11-9653-ECE2BFD2E3DE.png, suggested name: "Entry 4 fresh concealed 3d_0_A5140266-604E-4E56-ACF8-4AE071190EC2.png"
File: 35DB55FA-8162-45D4-97FB-3CA135230A64.json, suggested name: "Measured dormant shell interval_0_316CC225-09AA-441B-9CE6-9FA79C9EC22D.json"
File: 1A754198-2A54-444C-A123-D7A9DBDA82F6.json, suggested name: "Whole recipient scene retired; retained services dormant measurements_0_FAEC285D-88EC-43BF-B034-2833D7E12651.json"
File: FAD56AF5-1036-4A1C-9F80-DFF2B6F09B4A.png, suggested name: "Whole recipient scene retired; retained services dormant_0_33B3D763-733A-493E-8640-555A6FBBAECC.png"
File: AF433CF8-DEB1-4C93-9A31-E521E1BCAB81.json, suggested name: "Measured real touch target_0_A1AECB74-6A0C-482F-99F8-1958E0080314.json"
File: 90505B52-64FA-45A9-976A-914B4C6050AA.json, suggested name: "Real play accepted by the Kotlin authority measurements_0_568AFCDB-6735-4863-B906-E65C36F1C743.json"
File: A5F04D34-BE30-447F-8C23-9D919808E1E8.png, suggested name: "Real play accepted by the Kotlin authority_0_6691F6F7-1A5E-45FB-A316-587ECBCD6A16.png"
File: 3C293088-94F5-468A-81D1-6DAA67EF5F1C.json, suggested name: "Measured real touch target_0_619CA2D9-AC5E-4AC5-87D7-DF44C00C4BCD.json"
File: 4EAF89F2-05BB-4F48-943C-10D34FCFAF81.json, suggested name: "Real reveal and card selection measurements_0_4DA0DA76-FA2B-4594-9EC1-61DCAC683931.json"
File: C34F4000-C14F-4F9E-A5DB-0D347CA93984.png, suggested name: "Real reveal and card selection_0_65D54781-7D0A-47B4-88C7-8AB26974A90E.png"
File: 68E2AF52-ACB6-47A3-B809-439BA944235E.json, suggested name: "Measured real touch target_0_0F5B3553-7883-4514-9166-BA1163130ECF.json"
File: 2113ADE1-1519-48F7-BE0A-0CB7BDBAA866.json, suggested name: "Measured real touch target_0_C58F0787-5D7E-45E3-B2C7-319936D5E122.json"
File: DBB9406B-B46C-4E03-806C-E2D03B01DCE3.json, suggested name: "Entry 3 fresh concealed 2d measurements_0_15456336-6B0E-41FF-B73B-1178878B0299.json"
File: F35C9A2A-94AE-4BDF-9B3B-8F4C1D5A938D.png, suggested name: "Entry 3 fresh concealed 2d_0_6D634DC0-96D8-4667-8A27-B5EA03CB676E.png"
File: 9D6D8B3E-C192-4CE3-AE80-AFE225675B70.json, suggested name: "Measured dormant shell interval_0_B0A510D9-9DF1-48DA-8C0E-96877D4077E3.json"
File: 46FDA824-0EAB-441A-911B-88051BBADA7D.json, suggested name: "Whole recipient scene retired; retained services dormant measurements_0_C9B83CC2-9EBA-4C60-9795-BD55D5088484.json"
File: E960A1D4-490E-4FC1-9752-03C0434B2BEB.png, suggested name: "Whole recipient scene retired; retained services dormant_0_2DFB8EEF-E50F-48D7-B981-2E5883883872.png"
File: 303502A6-BC5B-40C7-B632-1AD45FA8A415.json, suggested name: "Measured real touch target_0_D80962F2-B64E-47DF-8D2E-7950C312FD51.json"
File: C3CDCA86-40FB-4FC1-A23A-DB76F60C8CBE.json, suggested name: "Real play accepted by the Kotlin authority measurements_0_C0C7D787-5B02-4F81-9F5C-0A75C50FB517.json"
File: 91BEC9B4-DCFB-4709-ABBB-E7D6ABF2C013.png, suggested name: "Real play accepted by the Kotlin authority_0_64B01152-9350-4A01-9F20-FA683F3FE36D.png"
File: 9A1C78B8-7554-493F-8974-1EF8F90F15D8.json, suggested name: "Measured real touch target_0_F1128FC5-538A-4F78-B1BE-56AE73A99A7A.json"
File: 9E744EFD-1F96-47FB-854A-730076A85346.json, suggested name: "Real reveal and card selection measurements_0_C709EBBB-2A23-4765-8913-C9F51FA60BAA.json"
File: 83E30B20-E184-454C-B9B5-7A5A1CF37DA4.png, suggested name: "Real reveal and card selection_0_4075A35F-78DD-4BEF-AA26-E6697E7BC073.png"
File: 354034E7-72D9-43DE-B156-2BDB0B78C525.json, suggested name: "Measured real touch target_0_1755DB2C-610E-4506-A42C-B44AE3C02FB8.json"
File: BFDD37F0-E46D-407A-9FB9-04749FE19B00.json, suggested name: "Measured real touch target_0_F4A49146-3BB3-4A3A-B1E1-8AB582065ABC.json"
File: 7B913BCE-E6FD-445A-86EC-665B55EFE8F6.json, suggested name: "Entry 2 fresh concealed 3d measurements_0_4C675502-E86A-4E30-A617-A7F0C4C65263.json"
File: 3B94E34D-1074-451B-B7C1-8A944D8F8247.png, suggested name: "Entry 2 fresh concealed 3d_0_18DAAF8C-803B-4437-8319-15ABEE076BBE.png"
File: 7C9B0BAC-DE81-46B1-AB2B-469D9D9582BC.json, suggested name: "Measured dormant shell interval_0_DEDB0D3B-9255-459E-BECE-EB175DC2FC58.json"
File: 650B3D93-7836-47C7-95D4-59D5B0109C5C.json, suggested name: "Whole recipient scene retired; retained services dormant measurements_0_BBA1A8AC-DC38-4270-BBBC-13EDDB182A4D.json"
File: D076EE3E-5C11-4187-9C5C-72F9F529FD4A.png, suggested name: "Whole recipient scene retired; retained services dormant_0_E488980B-0BCC-4103-A811-C9EA4A0C7637.png"
File: 24F5F1A0-5411-4538-BE0C-37151C994A6B.json, suggested name: "Measured real touch target_0_36E58EC2-4D52-4722-8423-1C8CF1A24CBC.json"
File: 2B845602-2053-4140-9D94-FBF765C93083.json, suggested name: "Real play accepted by the Kotlin authority measurements_0_467A445B-8E30-49CA-98EF-2B5F9016E921.json"
File: 10B6E206-A0B6-4A6E-83F4-537CFAE13F87.png, suggested name: "Real play accepted by the Kotlin authority_0_C75C6FA0-815D-4301-A3DA-9A75A674A1D0.png"
File: 3D687776-E47A-4317-8DEA-B79E7018BC0D.json, suggested name: "Measured real touch target_0_5A0E29AD-1916-4FDD-8853-5519FE4B5C38.json"
File: 10D90657-4AB6-4A42-B43E-B4A613844FD9.json, suggested name: "Real reveal and card selection measurements_0_3667D814-763B-4629-9E1F-DAF6B018F3B9.json"
File: 617E9842-EDFF-41DE-919D-47B21DF0EBE2.png, suggested name: "Real reveal and card selection_0_AAC97F96-5115-404B-960C-ADB833D92AF6.png"
File: 9C3A50EF-58A4-459A-AD59-4F8A063B982D.json, suggested name: "Measured real touch target_0_81288EA1-C8B1-4BDB-AE0B-704131A5C05C.json"
File: E61BCE48-4B02-410D-BE2F-F8FEB99391EB.json, suggested name: "Measured real touch target_0_AEC6AD06-499D-4EC8-B722-05087263CB11.json"
File: 55E50F56-8E76-4166-8F04-FDEA34E5489A.json, suggested name: "Entry 1 fresh concealed 2d measurements_0_3E4AE66C-FE3F-4A8E-8457-828F1B80FD7C.json"
File: D8DC6F91-F686-4FDA-BB84-752CAB0571D4.png, suggested name: "Entry 1 fresh concealed 2d_0_8913207F-6AC5-4DB9-9325-4312F2CA61D5.png"

Exported 6 attachments for: RetainedHostUITests/testStaleFirstReadyAndCloseCompletionReentry():
File: 6797C3E7-71D5-4A0C-AA01-0B87A538E8FE.json, suggested name: "Failed retained observation measurements_0_CE7D103A-3811-4E16-A8D7-B009C30BBE7C.json"
File: 6AE27F4E-016E-49D8-91F2-0549CB4DC36B.png, suggested name: "Failed retained observation_0_56017706-622D-4709-8A57-DF50521D6518.png"
File: 41E860BC-8B03-4E1B-9757-4CCC046CFD67.json, suggested name: "Last rejected retained wait observation_0_F1A0B773-B456-43DF-B401-014BD2D763EC.json"
File: B13BB83F-75DD-4ACB-84FB-218F95D77240, suggested name: "Synthesized Event 2026-09-10 at 07.46.53 PM"
File: 93C7C0F3-E5C1-401D-B819-7850B1D99FBC, suggested name: "Synthesized Event 2026-09-10 at 07.46.48 PM"
File: 3EF2F06E-29EB-4E41-97B7-18F362E5E5C6.mp4, suggested name: "Screen Recording 2026-09-10 at 07.46.39 PM.mp4"

Generated manifest file with attachment details: /Users/runner/work/PartyDeck/PartyDeck/godot/ios-host/build/retained-host-test/artifacts/attachments/manifest.json
