Get:1 file:/etc/apt/apt-mirrors.txt Mirrorlist [144 B]
Hit:2 http://azure.archive.ubuntu.com/ubuntu noble InRelease
Get:3 http://azure.archive.ubuntu.com/ubuntu noble-updates InRelease [126 kB]
Get:4 http://azure.archive.ubuntu.com/ubuntu noble-backports InRelease [126 kB]
Get:5 http://azure.archive.ubuntu.com/ubuntu noble-security InRelease [126 kB]
Get:6 http://azure.archive.ubuntu.com/ubuntu noble-updates/main amd64 Packages [1262 kB]
Get:7 http://azure.archive.ubuntu.com/ubuntu noble-updates/main Translation-en [292 kB]
Get:8 http://azure.archive.ubuntu.com/ubuntu noble-updates/main amd64 Components [180 kB]
Get:9 http://azure.archive.ubuntu.com/ubuntu noble-updates/universe amd64 Packages [1690 kB]
Get:10 http://azure.archive.ubuntu.com/ubuntu noble-updates/universe Translation-en [339 kB]
Get:11 http://azure.archive.ubuntu.com/ubuntu noble-updates/universe amd64 Components [388 kB]
Get:12 http://azure.archive.ubuntu.com/ubuntu noble-updates/restricted amd64 Packages [1540 kB]
Get:13 http://azure.archive.ubuntu.com/ubuntu noble-updates/restricted Translation-en [353 kB]
Get:14 http://azure.archive.ubuntu.com/ubuntu noble-updates/multiverse amd64 Components [940 B]
Get:15 http://azure.archive.ubuntu.com/ubuntu noble-backports/main amd64 Components [5784 B]
Get:16 http://azure.archive.ubuntu.com/ubuntu noble-backports/universe amd64 Components [12.6 kB]
Get:17 http://azure.archive.ubuntu.com/ubuntu noble-security/main amd64 Packages [1005 kB]
Get:18 http://azure.archive.ubuntu.com/ubuntu noble-security/main Translation-en [213 kB]
Get:19 http://azure.archive.ubuntu.com/ubuntu noble-security/main amd64 Components [46.4 kB]
Get:20 http://azure.archive.ubuntu.com/ubuntu noble-security/universe amd64 Packages [1206 kB]
Get:21 http://azure.archive.ubuntu.com/ubuntu noble-security/universe Translation-en [241 kB]
Get:22 http://azure.archive.ubuntu.com/ubuntu noble-security/universe amd64 Components [76.2 kB]
Get:23 http://azure.archive.ubuntu.com/ubuntu noble-security/restricted amd64 Packages [1441 kB]
Get:24 http://azure.archive.ubuntu.com/ubuntu noble-security/restricted Translation-en [334 kB]
Fetched 11.0 MB in 1s (8178 kB/s)
Reading package lists...
