--------- beginning of main
09-10 07:46:20.787  9101  9101 I t.compare:godot: Late-enabling -Xcheck:jni
09-10 07:46:20.820  9101  9101 I t.compare:godot: Using CollectorTypeCMC GC.
09-10 07:46:20.820  9101  9101 W t.compare:godot: Unexpected CPU variant for x86: x86_64.
09-10 07:46:20.820  9101  9101 W t.compare:godot: Known variants: atom, sandybridge, silvermont, goldmont, goldmont-plus, goldmont-without-sha-xsaves, tremont, kabylake, default
09-10 07:46:20.915  9101  9101 D nativeloader: Load libframework-connectivity-tiramisu-jni.so using APEX ns com_android_tethering for caller /apex/com.android.tethering/javalib/framework-connectivity-t.jar: ok
09-10 07:46:20.970  9101  9101 W ziparchive: Unable to open '/data/app/~~lZTYXQTcmIxR6FaWNeZodw==/dev.partydeck.godot.compare--il3E5kdF3Svt-92LY4Ffg==/base.dm': No such file or directory
09-10 07:46:20.970  9101  9101 W ziparchive: Unable to open '/data/app/~~lZTYXQTcmIxR6FaWNeZodw==/dev.partydeck.godot.compare--il3E5kdF3Svt-92LY4Ffg==/base.dm': No such file or directory
09-10 07:46:21.070  9101  9101 D nativeloader: Configuring clns-7 for other apk /data/app/~~lZTYXQTcmIxR6FaWNeZodw==/dev.partydeck.godot.compare--il3E5kdF3Svt-92LY4Ffg==/base.apk. target_sdk_version=36, uses_libraries=, library_path=/data/app/~~lZTYXQTcmIxR6FaWNeZodw==/dev.partydeck.godot.compare--il3E5kdF3Svt-92LY4Ffg==/lib/x86_64:/data/app/~~lZTYXQTcmIxR6FaWNeZodw==/dev.partydeck.godot.compare--il3E5kdF3Svt-92LY4Ffg==/base.apk!/lib/x86_64, permitted_path=/data:/mnt/expand:/data/user/0/dev.partydeck.godot.compare
09-10 07:46:21.085  9101  9101 V GraphicsEnvironment: Currently set values for:
09-10 07:46:21.087  9101  9101 V GraphicsEnvironment:   angle_gl_driver_selection_pkgs=[]
09-10 07:46:21.087  9101  9101 V GraphicsEnvironment:   angle_gl_driver_selection_values=[]
09-10 07:46:21.087  9101  9101 V GraphicsEnvironment: Global.Settings values are invalid: number of packages: 0, number of values: 0
09-10 07:46:21.087  9101  9101 V GraphicsEnvironment: Neither updatable production driver nor prerelease driver is supported.
09-10 07:46:21.533  9101  9101 V Godot   : Initializing Godot plugin registry
09-10 07:46:21.534  9101  9101 I GodotPluginRegistry: Registering runtime plugin AndroidRuntime
09-10 07:46:21.534  9101  9101 I GodotPluginRegistry: Registering runtime plugin PartyDeckBridge
09-10 07:46:21.534  9101  9101 V Godot   : InitEngine with params: [--main-pack, res://partydeck-last-light.pck, --rendering-method, gl_compatibility, --xr-mode, off]
09-10 07:46:21.557  9101  9101 D nativeloader: Load /data/app/~~lZTYXQTcmIxR6FaWNeZodw==/dev.partydeck.godot.compare--il3E5kdF3Svt-92LY4Ffg==/base.apk!/lib/x86_64/libgodot_android.so using ns clns-7 from class loader (caller=/data/app/~~lZTYXQTcmIxR6FaWNeZodw==/dev.partydeck.godot.compare--il3E5kdF3Svt-92LY4Ffg==/base.apk): ok
09-10 07:46:21.558  9101  9101 V Godot   : Godot native layer initialization completed: true
09-10 07:46:21.558  9101  9101 V Godot   : Setting up native layer with params: [--main-pack, res://partydeck-last-light.pck, --rendering-method, gl_compatibility, --xr-mode, off]
09-10 07:46:21.585  9101  9101 V Godot   : Godot native layer setup completed
09-10 07:46:21.586  9101  9101 V Godot   : OnInitRenderView: GodotFragment{b6c7c32} (22b5e77f-6a2c-46d0-9401-6ed02df5be9a id=0x7f07002b tag=partydeck-godot)
09-10 07:46:21.597  9101  9101 D Godot   : Render view should be transparent: false
09-10 07:46:21.598  9101  9101 D Godot   : renderingDevice: opengl3 (ProjectSettings)
09-10 07:46:21.598  9101  9101 D Godot   : 			renderer: gl_compatibility (Default)
09-10 07:46:21.612  9101  9101 V Godot   : OnStart: GodotFragment{b6c7c32} (22b5e77f-6a2c-46d0-9401-6ed02df5be9a id=0x7f07002b tag=partydeck-godot)
09-10 07:46:21.613  9101  9101 W WindowOnBackDispatcher: OnBackInvokedCallback is not enabled for the application.
09-10 07:46:21.613  9101  9101 W WindowOnBackDispatcher: Set 'android:enableOnBackInvokedCallback="true"' in the application manifest.
09-10 07:46:21.615  9101  9101 V Godot   : OnResume: GodotFragment{b6c7c32} (22b5e77f-6a2c-46d0-9401-6ed02df5be9a id=0x7f07002b tag=partydeck-godot)
09-10 07:46:21.618  9101  9101 W HWUI    : Unknown dataspace 0
09-10 07:46:21.648  9101  9125 I EGL_emulation: Opening libGLESv1_CM_emulation.so
09-10 07:46:21.652  9101  9125 I EGL_emulation: Opening libGLESv2_emulation.so
09-10 07:46:21.682  9101  9125 W HWUI    : Failed to choose config with EGL_SWAP_BEHAVIOR_PRESERVED, retrying without...
09-10 07:46:21.682  9101  9125 W HWUI    : Failed to initialize 101010-2 format, error = EGL_SUCCESS
09-10 07:46:21.717  9101  9140 W RegularContextFactory: creating OpenGL ES 3.0 context :
09-10 07:46:21.734  9101  9140 I Gralloc4: mapper 4.x is not supported
09-10 07:46:21.775  9101  9140 I godot   : Godot Engine v4.7.2.stable.official.ed1daf0bf - https://godotengine.org
09-10 07:46:21.819  9101  9108 I t.compare:godot: Compiler allocated 4219KB to compile void android.widget.TextView.<init>(android.content.Context, android.util.AttributeSet, int, int)
09-10 07:46:22.002  9101  9140 E godot   : WARNING: Failed to load cached shader, recompiling.
09-10 07:46:22.002  9101  9140 E godot   :    at: _load_from_cache (drivers/gles3/shader_gles3.cpp:615)
09-10 07:46:22.506  9101  9108 I t.compare:godot: Compiler allocated 5174KB to compile void android.view.ViewRootImpl.performTraversals()
09-10 07:46:22.678  9101  9144 E SurfaceSyncGroup: Failed to receive transaction ready in 1000ms. Marking SurfaceSyncGroup(wmsSync-VRI[GodotGameActivity]#1) as ready
09-10 07:46:22.678  9101  9144 E SurfaceSyncGroup: Failed to receive transaction ready in 1000ms. Marking SurfaceSyncGroup(VRI[GodotGameActivity]#2) as ready
09-10 07:46:22.679  9101  9144 E SurfaceSyncGroup: Failed to receive transaction ready in 1000ms. Marking SurfaceSyncGroup(SurfaceView[dev.partydeck.godot.compare/dev.partydeck.godot.compare.GodotGameActivity]#0) as ready
09-10 07:46:23.115  9101  9140 I godot   : OpenGL API OpenGL ES 3.1 (OpenGL ES 3.1.0 (ANGLE 2.1.17841 git hash: 5fa2e61da947)) - Compatibility - Using Device: Google (Google Inc. (Google)) - Android Emulator OpenGL ES Translator (ANGLE (Google, Vulkan 1.3.0 (SwiftShader Device (Subzero) (0x0000C0DE)), SwiftShader driver-5.0.0))
09-10 07:46:23.116  9101  9140 D t.compare:godot: PlayerBase::PlayerBase()
09-10 07:46:23.116  9101  9140 D t.compare:godot: TrackPlayerBase::TrackPlayerBase()
09-10 07:46:23.116  9101  9140 I libOpenSLES: Emulating old channel mask behavior (ignoring positional mask 0x3, using default mask 0x3 based on channel count of 2)
09-10 07:46:23.122  9101  9140 I godot   : 
09-10 07:46:23.302  9101  9125 D EGL_emulation: app_time_stats: avg=316.42ms min=8.36ms max=844.45ms count=4
09-10 07:46:23.489  9101  9140 V Godot   : OnGodotSetupCompleted
09-10 07:46:23.497  9101  9140 V Godot   : OnGodotMainLoopStarted
09-10 07:46:24.320  9101  9125 D EGL_emulation: app_time_stats: avg=188.75ms min=49.85ms max=505.39ms count=5
09-10 07:46:31.780  9101  9101 D AutofillManager: Fill dialog is enabled:false, hints=[]
09-10 07:46:31.826  9101  9140 D EGL_emulation: app_time_stats: avg=2154.41ms min=6.91ms max=7804.06ms count=4
09-10 07:46:31.854  9101  9125 D EGL_emulation: app_time_stats: avg=1877.57ms min=50.73ms max=7158.56ms count=4
09-10 07:46:31.873  9101  9140 D GLThread: Exiting render thread
09-10 07:46:31.873  9101  9140 D GodotRenderer: Destroying Godot Engine
09-10 07:46:31.902  9101  9140 D t.compare:godot: PlayerBase::stop() from IPlayer
09-10 07:46:31.902  9101  9140 D AudioTrack: stop(18): called with 387858 frames delivered
09-10 07:46:31.952  9101  9140 E eglCodecCommon: removeVertexArrayObject: ERROR: 7 not found in VAO state!
09-10 07:46:31.989  9101  9140 V Godot   : OnGodotTerminating
09-10 07:46:32.052  9101  9101 V Godot   : OnDestroy: GodotFragment{b6c7c32} (22b5e77f-6a2c-46d0-9401-6ed02df5be9a id=0x7f07002b tag=partydeck-godot)
09-10 07:46:32.078  9101  9101 V Godot   : OnPause: GodotFragment{b6c7c32} (22b5e77f-6a2c-46d0-9401-6ed02df5be9a id=0x7f07002b tag=partydeck-godot)
09-10 07:46:32.241  9101  9101 I PartyDeckGodotHost: Engine process exit requested
09-10 07:46:32.241  9101  9101 I Process : Sending signal. PID: 9101 SIG: 9
