App stdout/stderr line 7027:
2026-09-10 02:16:45.616406+0000 ProbeHost[15911:57207] [Default] Sending animations idle reply with error: (null)
2026-09-10 02:16:45.622877+0000 ProbeHost[15911:53757] [ERROR] main/main.cpp:1784:setup(): `--path` was specified on the command line, but this Godot binary was compiled without support for path overrides. Aborting.
To be able to use it, use the `disable_path_overrides=no` SCons option when compiling Godot.
 `--path` was specified on the command line, but this Godot binary was compiled without support for path overrides. Aborting.
To be able to use it, use the `disable_path_overrides=no` SCons option when compiling Godot.

App stdout/stderr line 68885:
}
2026-09-10 02:18:24.472505+0000 ProbeHost[22586:70555] [ERROR] main/main.cpp:1784:setup(): `--path` was specified on the command line, but this Godot binary was compiled without support for path overrides. Aborting.
To be able to use it, use the `disable_path_overrides=no` SCons option when compiling Godot.
 `--path` was specified on the command line, but this Godot binary was compiled without support for path overrides. Aborting.
To be able to use it, use the `disable_path_overrides=no` SCons option when compiling Godot.

App stdout/stderr line 150403:
}
2026-09-10 02:19:32.251361+0000 ProbeHost[26393:79210] [ERROR] main/main.cpp:1784:setup(): `--path` was specified on the command line, but this Godot binary was compiled without support for path overrides. Aborting.
To be able to use it, use the `disable_path_overrides=no` SCons option when compiling Godot.
 `--path` was specified on the command line, but this Godot binary was compiled without support for path overrides. Aborting.
To be able to use it, use the `disable_path_overrides=no` SCons option when compiling Godot.

App stdout/stderr line 232975:
}
2026-09-10 02:20:43.944972+0000 ProbeHost[29779:87181] [ERROR] main/main.cpp:1784:setup(): `--path` was specified on the command line, but this Godot binary was compiled without support for path overrides. Aborting.
To be able to use it, use the `disable_path_overrides=no` SCons option when compiling Godot.
 `--path` was specified on the command line, but this Godot binary was compiled without support for path overrides. Aborting.
To be able to use it, use the `disable_path_overrides=no` SCons option when compiling Godot.
