--------- beginning of main
09-10 06:47:16.195  3072  3072 I t.compare:godot: Late-enabling -Xcheck:jni
09-10 06:47:16.228  3072  3072 I t.compare:godot: Using CollectorTypeCMC GC.
09-10 06:47:16.232  3072  3072 W t.compare:godot: Unexpected CPU variant for x86: x86_64.
09-10 06:47:16.232  3072  3072 W t.compare:godot: Known variants: atom, sandybridge, silvermont, goldmont, goldmont-plus, goldmont-without-sha-xsaves, tremont, kabylake, default
09-10 06:47:16.302  3072  3072 D nativeloader: Load libframework-connectivity-tiramisu-jni.so using APEX ns com_android_tethering for caller /apex/com.android.tethering/javalib/framework-connectivity-t.jar: ok
09-10 06:47:16.383  3072  3072 W ziparchive: Unable to open '/data/app/~~1y1nYFFThGs8j0q9nYjoDQ==/dev.partydeck.godot.compare-g-x6BBOlDU1KwV4lsQss-A==/base.dm': No such file or directory
09-10 06:47:16.383  3072  3072 W ziparchive: Unable to open '/data/app/~~1y1nYFFThGs8j0q9nYjoDQ==/dev.partydeck.godot.compare-g-x6BBOlDU1KwV4lsQss-A==/base.dm': No such file or directory
09-10 06:47:16.519  3072  3072 D nativeloader: Configuring clns-7 for other apk /data/app/~~1y1nYFFThGs8j0q9nYjoDQ==/dev.partydeck.godot.compare-g-x6BBOlDU1KwV4lsQss-A==/base.apk. target_sdk_version=36, uses_libraries=, library_path=/data/app/~~1y1nYFFThGs8j0q9nYjoDQ==/dev.partydeck.godot.compare-g-x6BBOlDU1KwV4lsQss-A==/lib/x86_64:/data/app/~~1y1nYFFThGs8j0q9nYjoDQ==/dev.partydeck.godot.compare-g-x6BBOlDU1KwV4lsQss-A==/base.apk!/lib/x86_64, permitted_path=/data:/mnt/expand:/data/user/0/dev.partydeck.godot.compare
09-10 06:47:16.536  3072  3072 V GraphicsEnvironment: Currently set values for:
09-10 06:47:16.537  3072  3072 V GraphicsEnvironment:   angle_gl_driver_selection_pkgs=[]
09-10 06:47:16.537  3072  3072 V GraphicsEnvironment:   angle_gl_driver_selection_values=[]
09-10 06:47:16.537  3072  3072 V GraphicsEnvironment: Global.Settings values are invalid: number of packages: 0, number of values: 0
09-10 06:47:16.537  3072  3072 V GraphicsEnvironment: Neither updatable production driver nor prerelease driver is supported.
09-10 06:47:16.825  3072  3072 V Godot   : Initializing Godot plugin registry
09-10 06:47:16.825  3072  3072 I GodotPluginRegistry: Registering runtime plugin AndroidRuntime
09-10 06:47:16.825  3072  3072 I GodotPluginRegistry: Registering runtime plugin PartyDeckBridge
09-10 06:47:16.825  3072  3072 V Godot   : InitEngine with params: [--main-pack, res://partydeck-last-light.pck, --rendering-method, gl_compatibility, --xr-mode, off]
09-10 06:47:16.871  3072  3072 D nativeloader: Load /data/app/~~1y1nYFFThGs8j0q9nYjoDQ==/dev.partydeck.godot.compare-g-x6BBOlDU1KwV4lsQss-A==/base.apk!/lib/x86_64/libgodot_android.so using ns clns-7 from class loader (caller=/data/app/~~1y1nYFFThGs8j0q9nYjoDQ==/dev.partydeck.godot.compare-g-x6BBOlDU1KwV4lsQss-A==/base.apk): ok
09-10 06:47:16.874  3072  3072 V Godot   : Godot native layer initialization completed: true
09-10 06:47:16.874  3072  3072 V Godot   : Setting up native layer with params: [--main-pack, res://partydeck-last-light.pck, --rendering-method, gl_compatibility, --xr-mode, off]
09-10 06:47:16.924  3072  3072 V Godot   : Godot native layer setup completed
09-10 06:47:16.925  3072  3072 V Godot   : OnInitRenderView: GodotFragment{96e3936} (abf976be-8d93-47c6-8df2-3c114cd72ab1 id=0x7f07002b tag=partydeck-godot)
09-10 06:47:16.936  3072  3072 D Godot   : Render view should be transparent: false
09-10 06:47:16.936  3072  3072 D Godot   : renderingDevice: opengl3 (ProjectSettings)
09-10 06:47:16.936  3072  3072 D Godot   : 			renderer: gl_compatibility (Default)
09-10 06:47:16.943  3072  3072 V Godot   : OnStart: GodotFragment{96e3936} (abf976be-8d93-47c6-8df2-3c114cd72ab1 id=0x7f07002b tag=partydeck-godot)
09-10 06:47:16.944  3072  3072 W WindowOnBackDispatcher: OnBackInvokedCallback is not enabled for the application.
09-10 06:47:16.944  3072  3072 W WindowOnBackDispatcher: Set 'android:enableOnBackInvokedCallback="true"' in the application manifest.
09-10 06:47:16.945  3072  3072 V Godot   : OnResume: GodotFragment{96e3936} (abf976be-8d93-47c6-8df2-3c114cd72ab1 id=0x7f07002b tag=partydeck-godot)
09-10 06:47:16.948  3072  3072 W HWUI    : Unknown dataspace 0
09-10 06:47:16.973  3072  3102 I EGL_emulation: Opening libGLESv1_CM_emulation.so
09-10 06:47:16.980  3072  3102 I EGL_emulation: Opening libGLESv2_emulation.so
09-10 06:47:16.987  3072  3111 W RegularContextFactory: creating OpenGL ES 3.0 context :
09-10 06:47:16.988  3072  3102 W HWUI    : Failed to choose config with EGL_SWAP_BEHAVIOR_PRESERVED, retrying without...
09-10 06:47:16.988  3072  3102 W HWUI    : Failed to initialize 101010-2 format, error = EGL_SUCCESS
09-10 06:47:17.015  3072  3111 I Gralloc4: mapper 4.x is not supported
09-10 06:47:17.028  3072  3111 I godot   : Godot Engine v4.7.2.stable.official.ed1daf0bf - https://godotengine.org
09-10 06:47:17.100  3072  3079 I t.compare:godot: Compiler allocated 4219KB to compile void android.widget.TextView.<init>(android.content.Context, android.util.AttributeSet, int, int)
09-10 06:47:17.428  3072  3079 I t.compare:godot: Compiler allocated 5174KB to compile void android.view.ViewRootImpl.performTraversals()
09-10 06:47:17.669  3072  3111 I godot   : OpenGL API OpenGL ES 3.1 (OpenGL ES 3.1.0 (ANGLE 2.1.17841 git hash: 5fa2e61da947)) - Compatibility - Using Device: Google (Google Inc. (Google)) - Android Emulator OpenGL ES Translator (ANGLE (Google, Vulkan 1.3.0 (SwiftShader Device (Subzero) (0x0000C0DE)), SwiftShader driver-5.0.0))
09-10 06:47:17.670  3072  3111 D t.compare:godot: PlayerBase::PlayerBase()
09-10 06:47:17.670  3072  3111 D t.compare:godot: TrackPlayerBase::TrackPlayerBase()
09-10 06:47:17.670  3072  3111 I libOpenSLES: Emulating old channel mask behavior (ignoring positional mask 0x3, using default mask 0x3 based on channel count of 2)
09-10 06:47:17.673  3072  3111 I godot   : 
09-10 06:47:18.018  3072  3111 V Godot   : OnGodotSetupCompleted
09-10 06:47:18.022  3072  3111 V Godot   : OnGodotMainLoopStarted
09-10 06:47:18.292  3072  3102 D EGL_emulation: app_time_stats: avg=184.70ms min=7.86ms max=660.79ms count=6
09-10 06:47:28.915  3072  3072 D AutofillManager: Fill dialog is enabled:false, hints=[]
09-10 06:47:28.953  3072  3102 D EGL_emulation: app_time_stats: avg=1523.03ms min=37.21ms max=10045.68ms count=7
09-10 06:47:32.989  3072  3111 D EGL_emulation: app_time_stats: avg=3803.33ms min=8.32ms max=14746.97ms count=4
09-10 06:47:36.915  3072  3102 D EGL_emulation: app_time_stats: avg=1583.11ms min=10.09ms max=7805.14ms count=5
09-10 06:47:45.648  3072  3102 D EGL_emulation: app_time_stats: avg=1746.16ms min=21.59ms max=8556.33ms count=5
09-10 06:47:49.665  3072  3111 D EGL_emulation: app_time_stats: avg=16675.34ms min=16675.34ms max=16675.34ms count=1
09-10 06:47:53.598  3072  3102 D EGL_emulation: app_time_stats: avg=1587.99ms min=16.39ms max=7786.80ms count=5
09-10 06:48:02.347  3072  3102 D EGL_emulation: app_time_stats: avg=1747.24ms min=11.83ms max=8594.68ms count=5
09-10 06:48:06.345  3072  3111 D EGL_emulation: app_time_stats: avg=16680.47ms min=16680.47ms max=16680.47ms count=1
09-10 06:48:10.264  3072  3102 D EGL_emulation: app_time_stats: avg=1579.41ms min=20.83ms max=7744.28ms count=5
09-10 06:48:19.048  3072  3102 D EGL_emulation: app_time_stats: avg=1752.16ms min=6.57ms max=8631.38ms count=5
09-10 06:48:23.045  3072  3111 D EGL_emulation: app_time_stats: avg=16699.64ms min=16699.64ms max=16699.64ms count=1
09-10 06:48:26.948  3072  3102 D EGL_emulation: app_time_stats: avg=1575.34ms min=9.14ms max=7748.60ms count=5
09-10 06:48:32.948  3072  3102 D EGL_emulation: app_time_stats: avg=1196.07ms min=8.27ms max=5845.64ms count=5
09-10 06:48:37.007  3072  3111 D EGL_emulation: app_time_stats: avg=13962.17ms min=13962.17ms max=13962.17ms count=1
09-10 06:48:40.916  3072  3102 D EGL_emulation: app_time_stats: avg=1589.06ms min=11.07ms max=7816.06ms count=5
09-10 06:48:43.005  3072  3072 V Godot   : OnPause: GodotFragment{96e3936} (abf976be-8d93-47c6-8df2-3c114cd72ab1 id=0x7f07002b tag=partydeck-godot)
09-10 06:48:43.005  3072  3111 D t.compare:godot: PlayerBase::pause() from IPlayer
09-10 06:48:43.095  3072  3102 D EGL_emulation: app_time_stats: avg=434.18ms min=12.86ms max=2014.46ms count=5
09-10 06:48:43.362  3072  3111 D EGL_emulation: app_time_stats: avg=6355.11ms min=6355.11ms max=6355.11ms count=1
09-10 06:48:43.509  3072  3072 D VRI[GodotGameActivity]: visibilityChanged oldVisibility=true newVisibility=false
09-10 06:48:43.511  3072  3072 E Surface : freeAllBuffers: 1 buffers were freed while being dequeued!
09-10 06:48:43.534  3072  3111 E Surface : getSlotFromBufferLocked: unknown buffer: 0x0
09-10 06:48:43.534  3072  3111 E Surface : freeAllBuffers: 1 buffers were freed while being dequeued!
09-10 06:48:43.542  3072  3072 V Godot   : OnStop: GodotFragment{96e3936} (abf976be-8d93-47c6-8df2-3c114cd72ab1 id=0x7f07002b tag=partydeck-godot)
09-10 06:48:55.602  3072  3072 V Godot   : OnStart: GodotFragment{96e3936} (abf976be-8d93-47c6-8df2-3c114cd72ab1 id=0x7f07002b tag=partydeck-godot)
09-10 06:48:55.602  3072  3072 W WindowOnBackDispatcher: OnBackInvokedCallback is not enabled for the application.
09-10 06:48:55.602  3072  3072 W WindowOnBackDispatcher: Set 'android:enableOnBackInvokedCallback="true"' in the application manifest.
09-10 06:48:55.605  3072  3072 V Godot   : OnResume: GodotFragment{96e3936} (abf976be-8d93-47c6-8df2-3c114cd72ab1 id=0x7f07002b tag=partydeck-godot)
09-10 06:49:00.097  3072  3102 D EGL_emulation: app_time_stats: avg=400.27ms min=36.04ms max=3272.02ms count=11
09-10 06:49:08.964  3072  3102 D EGL_emulation: app_time_stats: avg=1767.39ms min=9.97ms max=8713.96ms count=5
09-10 06:49:13.012  3072  3111 D EGL_emulation: app_time_stats: avg=8567.64ms min=283.69ms max=16851.59ms count=2
09-10 06:49:17.032  3072  3102 D EGL_emulation: app_time_stats: avg=1609.97ms min=9.55ms max=7917.45ms count=5
09-10 06:49:23.081  3072  3102 D EGL_emulation: app_time_stats: avg=1194.67ms min=3.69ms max=5861.82ms count=5
09-10 06:49:27.167  3072  3111 D EGL_emulation: app_time_stats: avg=7077.64ms min=90.29ms max=14064.99ms count=2
09-10 06:49:31.131  3072  3102 D EGL_emulation: app_time_stats: avg=1607.29ms min=9.80ms max=7897.04ms count=5
09-10 06:49:37.148  3072  3102 D EGL_emulation: app_time_stats: avg=1198.96ms min=9.54ms max=5847.69ms count=5
09-10 06:49:41.279  3072  3111 D EGL_emulation: app_time_stats: avg=14112.00ms min=14112.00ms max=14112.00ms count=1
09-10 06:49:42.325  3072  3111 D EGL_emulation: app_time_stats: avg=46.51ms min=11.59ms max=88.57ms count=16
09-10 06:49:46.116  3072  3102 D EGL_emulation: app_time_stats: avg=1783.21ms min=6.21ms max=8793.32ms count=5
09-10 06:49:50.242  3072  3111 D EGL_emulation: app_time_stats: avg=7917.09ms min=7917.09ms max=7917.09ms count=1
09-10 06:49:50.333  3072  3102 D EGL_emulation: app_time_stats: avg=836.42ms min=9.00ms max=4063.26ms count=5
09-10 06:49:54.781  3072  3102 D EGL_emulation: app_time_stats: avg=741.32ms min=42.96ms max=3691.09ms count=6
09-10 06:50:00.868  3072  3102 D EGL_emulation: app_time_stats: avg=1212.62ms min=9.50ms max=5933.42ms count=5
09-10 06:50:12.665  3072  3102 D EGL_emulation: app_time_stats: avg=2353.11ms min=8.03ms max=11636.29ms count=5
09-10 06:50:16.810  3072  3111 D EGL_emulation: app_time_stats: avg=8855.99ms min=172.68ms max=25815.98ms count=3
09-10 06:50:17.823  3072  3111 D EGL_emulation: app_time_stats: avg=46.04ms min=23.06ms max=101.11ms count=18
09-10 06:50:21.730  3072  3102 D EGL_emulation: app_time_stats: avg=1810.17ms min=19.79ms max=8906.69ms count=5
09-10 06:50:25.879  3072  3111 D EGL_emulation: app_time_stats: avg=4007.32ms min=41.14ms max=7973.50ms count=2
09-10 06:50:25.929  3072  3102 D EGL_emulation: app_time_stats: avg=590.38ms min=12.09ms max=3920.52ms count=7
09-10 06:50:30.431  3072  3102 D EGL_emulation: app_time_stats: avg=749.37ms min=15.73ms max=3712.65ms count=6
09-10 06:50:36.483  3072  3102 D EGL_emulation: app_time_stats: avg=1204.83ms min=11.26ms max=5895.71ms count=5
09-10 06:50:45.431  3072  3102 D EGL_emulation: app_time_stats: avg=1784.83ms min=10.70ms max=8798.69ms count=5
09-10 06:50:49.573  3072  3111 D EGL_emulation: app_time_stats: avg=7898.16ms min=212.51ms max=22963.69ms count=3
09-10 06:50:50.604  3072  3111 D EGL_emulation: app_time_stats: avg=57.60ms min=24.77ms max=79.37ms count=17
09-10 06:50:54.480  3072  3102 D EGL_emulation: app_time_stats: avg=1805.72ms min=9.81ms max=8899.71ms count=5
09-10 06:50:58.583  3072  3102 D EGL_emulation: app_time_stats: avg=815.73ms min=9.70ms max=3920.84ms count=5
09-10 06:50:58.594  3072  3111 D EGL_emulation: app_time_stats: avg=2655.87ms min=65.25ms max=7828.76ms count=3
09-10 06:51:03.114  3072  3102 D EGL_emulation: app_time_stats: avg=755.14ms min=46.81ms max=3671.00ms count=6
09-10 06:51:09.148  3072  3102 D EGL_emulation: app_time_stats: avg=1204.96ms min=10.76ms max=5862.46ms count=5
09-10 06:51:15.198  3072  3102 D EGL_emulation: app_time_stats: avg=1205.54ms min=10.04ms max=5882.27ms count=5
09-10 06:51:19.329  3072  3111 D EGL_emulation: app_time_stats: avg=6911.59ms min=185.28ms max=19982.94ms count=3
09-10 06:51:20.339  3072  3111 D EGL_emulation: app_time_stats: avg=42.49ms min=18.99ms max=63.85ms count=18
09-10 06:51:24.314  3072  3102 D EGL_emulation: app_time_stats: avg=1818.23ms min=9.67ms max=8947.66ms count=5
09-10 06:51:28.399  3072  3102 D EGL_emulation: app_time_stats: avg=805.02ms min=2.58ms max=3930.73ms count=5
09-10 06:51:28.409  3072  3111 D EGL_emulation: app_time_stats: avg=2017.29ms min=53.76ms max=7879.92ms count=4
09-10 06:51:32.931  3072  3102 D EGL_emulation: app_time_stats: avg=747.37ms min=42.80ms max=3671.36ms count=6
09-10 06:51:38.981  3072  3102 D EGL_emulation: app_time_stats: avg=1204.81ms min=9.74ms max=5901.44ms count=5
09-10 06:51:44.998  3072  3102 D EGL_emulation: app_time_stats: avg=1199.89ms min=7.96ms max=5865.46ms count=5
09-10 06:51:49.160  3072  3111 D EGL_emulation: app_time_stats: avg=6916.86ms min=133.72ms max=20028.41ms count=3
09-10 06:51:53.931  3072  3102 D EGL_emulation: app_time_stats: avg=1774.79ms min=13.56ms max=8736.56ms count=5
09-10 06:51:57.958  3072  3111 D EGL_emulation: app_time_stats: avg=483.38ms min=30.45ms max=7770.90ms count=18
09-10 06:51:58.004  3072  3102 D EGL_emulation: app_time_stats: avg=808.93ms min=9.27ms max=3894.84ms count=5
09-10 06:52:01.980  3072  3102 D EGL_emulation: app_time_stats: avg=662.24ms min=22.39ms max=3195.73ms count=6
09-10 06:52:07.965  3072  3102 D EGL_emulation: app_time_stats: avg=1191.68ms min=6.55ms max=5823.50ms count=5
09-10 06:52:16.782  3072  3102 D EGL_emulation: app_time_stats: avg=1758.55ms min=8.69ms max=8646.71ms count=5
09-10 06:52:20.875  3072  3111 D EGL_emulation: app_time_stats: avg=11458.68ms min=151.23ms max=22766.13ms count=2
09-10 06:52:21.912  3072  3111 D EGL_emulation: app_time_stats: avg=40.18ms min=16.25ms max=76.92ms count=18
09-10 06:52:25.798  3072  3102 D EGL_emulation: app_time_stats: avg=1800.75ms min=11.71ms max=8857.80ms count=5
09-10 06:52:29.809  3072  3111 D EGL_emulation: app_time_stats: avg=2632.30ms min=64.14ms max=7719.01ms count=3
09-10 06:52:29.838  3072  3102 D EGL_emulation: app_time_stats: avg=803.09ms min=10.11ms max=3883.14ms count=5
09-10 06:52:33.851  3072  3102 D EGL_emulation: app_time_stats: avg=664.84ms min=19.56ms max=3214.18ms count=6
09-10 06:52:39.849  3072  3102 D EGL_emulation: app_time_stats: avg=1195.11ms min=12.27ms max=5847.67ms count=5
09-10 06:52:45.864  3072  3102 D EGL_emulation: app_time_stats: avg=1201.56ms min=10.14ms max=5845.33ms count=5
09-10 06:52:49.934  3072  3111 D EGL_emulation: app_time_stats: avg=10062.67ms min=88.88ms max=20036.46ms count=2
09-10 06:52:53.930  3072  3102 D EGL_emulation: app_time_stats: avg=1608.02ms min=9.32ms max=7908.10ms count=5
09-10 06:52:59.931  3072  3102 D EGL_emulation: app_time_stats: avg=1196.18ms min=9.11ms max=5830.36ms count=5
09-10 06:53:04.046  3072  3111 D EGL_emulation: app_time_stats: avg=7055.92ms min=59.93ms max=14051.92ms count=2
09-10 06:53:08.032  3072  3102 D EGL_emulation: app_time_stats: avg=1607.40ms min=8.89ms max=7897.77ms count=5
09-10 06:53:14.064  3072  3102 D EGL_emulation: app_time_stats: avg=1204.74ms min=9.25ms max=5875.87ms count=5
09-10 06:53:18.128  3072  3111 D EGL_emulation: app_time_stats: avg=14081.48ms min=14081.48ms max=14081.48ms count=1
09-10 06:53:19.151  3072  3111 D EGL_emulation: app_time_stats: avg=45.05ms min=10.00ms max=79.25ms count=17
09-10 06:53:23.014  3072  3102 D EGL_emulation: app_time_stats: avg=1783.95ms min=9.04ms max=8777.85ms count=5
09-10 06:53:27.097  3072  3102 D EGL_emulation: app_time_stats: avg=813.02ms min=8.02ms max=3930.37ms count=5
09-10 06:53:27.098  3072  3111 D EGL_emulation: app_time_stats: avg=3973.19ms min=69.64ms max=7876.73ms count=2
09-10 06:53:31.614  3072  3102 D EGL_emulation: app_time_stats: avg=752.76ms min=42.75ms max=3675.10ms count=6
09-10 06:53:37.630  3072  3102 D EGL_emulation: app_time_stats: avg=1196.60ms min=14.29ms max=5837.80ms count=5
09-10 06:53:43.647  3072  3102 D EGL_emulation: app_time_stats: avg=1200.01ms min=9.95ms max=5862.21ms count=5
09-10 06:53:47.769  3072  3111 D EGL_emulation: app_time_stats: avg=5167.71ms min=160.44ms max=19961.32ms count=4
09-10 06:53:48.788  3072  3111 D EGL_emulation: app_time_stats: avg=50.33ms min=13.65ms max=85.51ms count=18
09-10 06:53:52.748  3072  3102 D EGL_emulation: app_time_stats: avg=1816.34ms min=12.45ms max=8947.27ms count=5
09-10 06:53:57.033  3072  3111 D EGL_emulation: app_time_stats: avg=2041.38ms min=26.13ms max=8036.05ms count=4
09-10 06:54:01.299  3072  3102 D EGL_emulation: app_time_stats: avg=1706.48ms min=12.27ms max=8374.51ms count=5
09-10 06:54:05.331  3072  3102 D EGL_emulation: app_time_stats: avg=804.55ms min=12.36ms max=3859.44ms count=5
09-10 06:54:05.345  3072  3111 D EGL_emulation: app_time_stats: avg=1166.71ms min=15.45ms max=8009.56ms count=7
09-10 06:54:09.864  3072  3102 D EGL_emulation: app_time_stats: avg=749.63ms min=9.23ms max=3672.47ms count=6
09-10 06:54:15.898  3072  3102 D EGL_emulation: app_time_stats: avg=1202.20ms min=9.75ms max=5871.85ms count=5
09-10 06:54:21.914  3072  3102 D EGL_emulation: app_time_stats: avg=1198.97ms min=9.59ms max=5861.98ms count=5
09-10 06:54:26.046  3072  3111 D EGL_emulation: app_time_stats: avg=6874.15ms min=79.07ms max=19949.59ms count=3
09-10 06:54:27.051  3072  3111 D EGL_emulation: app_time_stats: avg=50.52ms min=19.92ms max=68.96ms count=18
09-10 06:54:31.064  3072  3102 D EGL_emulation: app_time_stats: avg=1827.71ms min=12.33ms max=8972.57ms count=5
09-10 06:54:35.266  3072  3111 D EGL_emulation: app_time_stats: avg=2048.50ms min=10.74ms max=8033.95ms count=4
09-10 06:54:39.581  3072  3102 D EGL_emulation: app_time_stats: avg=1692.04ms min=21.75ms max=8315.53ms count=5
09-10 06:54:43.632  3072  3111 D EGL_emulation: app_time_stats: avg=1031.70ms min=28.83ms max=7939.45ms count=8
09-10 06:54:43.632  3072  3102 D EGL_emulation: app_time_stats: avg=806.02ms min=10.88ms max=3878.97ms count=5
09-10 06:54:48.152  3072  3102 D EGL_emulation: app_time_stats: avg=748.40ms min=20.27ms max=3660.22ms count=6
09-10 06:54:54.181  3072  3102 D EGL_emulation: app_time_stats: avg=1194.46ms min=11.42ms max=5863.58ms count=5
09-10 06:55:00.215  3072  3102 D EGL_emulation: app_time_stats: avg=1203.80ms min=11.16ms max=5864.56ms count=5
09-10 06:55:04.343  3072  3111 D EGL_emulation: app_time_stats: avg=6903.72ms min=78.33ms max=19982.96ms count=3
09-10 06:55:05.375  3072  3111 D EGL_emulation: app_time_stats: avg=39.66ms min=19.55ms max=82.26ms count=19
09-10 06:55:09.281  3072  3102 D EGL_emulation: app_time_stats: avg=1805.63ms min=7.31ms max=8912.02ms count=5
09-10 06:55:13.354  3072  3111 D EGL_emulation: app_time_stats: avg=1986.98ms min=55.88ms max=7771.16ms count=4
09-10 06:55:13.419  3072  3102 D EGL_emulation: app_time_stats: avg=824.43ms min=26.62ms max=3965.81ms count=5
09-10 06:55:17.881  3072  3102 D EGL_emulation: app_time_stats: avg=738.00ms min=18.50ms max=3666.98ms count=6
09-10 06:55:23.865  3072  3102 D EGL_emulation: app_time_stats: avg=1189.38ms min=8.21ms max=5806.08ms count=5
09-10 06:55:29.880  3072  3102 D EGL_emulation: app_time_stats: avg=1198.06ms min=11.26ms max=5846.83ms count=5
09-10 06:55:34.011  3072  3111 D EGL_emulation: app_time_stats: avg=6885.72ms min=177.07ms max=19932.02ms count=3
09-10 06:55:38.482  3072  3102 D EGL_emulation: app_time_stats: avg=1716.53ms min=11.26ms max=8447.82ms count=5
09-10 06:55:42.554  3072  3080 I t.compare:godot: Background concurrent mark compact GC freed 2804KB AllocSpace bytes, 0(0B) LOS objects, 49% free, 2836KB/5673KB, paused 73us,5.278ms total 23.039ms
09-10 06:55:42.554  3072  3111 D EGL_emulation: app_time_stats: avg=637.15ms min=16.74ms max=7796.91ms count=13
09-10 06:55:42.585  3072  3102 D EGL_emulation: app_time_stats: avg=818.71ms min=11.57ms max=3930.57ms count=5
09-10 06:55:46.664  3072  3102 D EGL_emulation: app_time_stats: avg=679.84ms min=43.36ms max=3275.42ms count=6
09-10 06:55:52.597  3072  3102 D EGL_emulation: app_time_stats: avg=1181.66ms min=7.43ms max=5784.83ms count=5
09-10 06:55:58.564  3072  3102 D EGL_emulation: app_time_stats: avg=1183.21ms min=10.19ms max=5785.29ms count=5
09-10 06:56:02.660  3072  3111 D EGL_emulation: app_time_stats: avg=10053.20ms min=171.97ms max=19934.43ms count=2
09-10 06:56:03.669  3072  3111 D EGL_emulation: app_time_stats: avg=47.48ms min=10.20ms max=77.91ms count=18
09-10 06:56:07.597  3072  3102 D EGL_emulation: app_time_stats: avg=1801.23ms min=8.56ms max=8876.54ms count=5
09-10 06:56:11.782  3072  3111 D EGL_emulation: app_time_stats: avg=2704.39ms min=35.23ms max=8000.02ms count=3
09-10 06:56:16.047  3072  3102 D EGL_emulation: app_time_stats: avg=1200.68ms min=10.90ms max=8200.86ms count=7
09-10 06:56:20.076  3072  3111 D EGL_emulation: app_time_stats: avg=1175.10ms min=29.17ms max=7901.54ms count=7
09-10 06:56:20.152  3072  3102 D EGL_emulation: app_time_stats: avg=816.76ms min=11.09ms max=3933.78ms count=5
09-10 06:56:24.597  3072  3102 D EGL_emulation: app_time_stats: avg=739.13ms min=43.65ms max=3658.13ms count=6
09-10 06:56:30.581  3072  3102 D EGL_emulation: app_time_stats: avg=1182.78ms min=1.57ms max=5810.66ms count=5
09-10 06:56:36.566  3072  3102 D EGL_emulation: app_time_stats: avg=1192.14ms min=7.26ms max=5834.49ms count=5
09-10 06:56:40.688  3072  3111 D EGL_emulation: app_time_stats: avg=6870.67ms min=130.92ms max=19881.97ms count=3
09-10 06:56:41.728  3072  3111 D EGL_emulation: app_time_stats: avg=46.45ms min=28.91ms max=70.95ms count=18
09-10 06:56:45.647  3072  3102 D EGL_emulation: app_time_stats: avg=1804.40ms min=7.79ms max=8911.34ms count=5
09-10 06:56:49.709  3072  3111 D EGL_emulation: app_time_stats: avg=3959.97ms min=31.89ms max=7888.05ms count=2
09-10 06:56:49.738  3072  3102 D EGL_emulation: app_time_stats: avg=817.30ms min=14.26ms max=3946.17ms count=5
09-10 06:56:54.231  3072  3102 D EGL_emulation: app_time_stats: avg=747.53ms min=7.85ms max=3674.32ms count=6
09-10 06:57:00.214  3072  3102 D EGL_emulation: app_time_stats: avg=1194.13ms min=20.38ms max=5812.30ms count=5
09-10 06:57:06.247  3072  3102 D EGL_emulation: app_time_stats: avg=1201.87ms min=14.25ms max=5859.49ms count=5
09-10 06:57:10.359  3072  3111 D EGL_emulation: app_time_stats: avg=6883.06ms min=83.07ms max=19932.68ms count=3
09-10 06:57:11.386  3072  3111 D EGL_emulation: app_time_stats: avg=40.48ms min=22.71ms max=68.02ms count=19
09-10 06:57:15.247  3072  3102 D EGL_emulation: app_time_stats: avg=1795.60ms min=10.57ms max=8844.29ms count=5
09-10 06:57:19.312  3072  3111 D EGL_emulation: app_time_stats: avg=3935.73ms min=32.12ms max=7839.34ms count=2
09-10 06:57:19.348  3072  3102 D EGL_emulation: app_time_stats: avg=674.28ms min=11.68ms max=3898.45ms count=6
09-10 06:57:23.831  3072  3102 D EGL_emulation: app_time_stats: avg=747.14ms min=43.81ms max=3657.78ms count=6
09-10 06:57:29.881  3072  3102 D EGL_emulation: app_time_stats: avg=1205.60ms min=14.58ms max=5896.00ms count=5
09-10 06:57:35.948  3072  3102 D EGL_emulation: app_time_stats: avg=1211.43ms min=8.90ms max=5915.01ms count=5
09-10 06:57:40.029  3072  3111 D EGL_emulation: app_time_stats: avg=6905.40ms min=196.21ms max=19966.11ms count=3
09-10 06:57:41.064  3072  3111 D EGL_emulation: app_time_stats: avg=52.36ms min=19.18ms max=96.48ms count=18
09-10 06:57:44.947  3072  3102 D EGL_emulation: app_time_stats: avg=1795.32ms min=9.87ms max=8845.26ms count=5
09-10 06:57:48.979  3072  3102 D EGL_emulation: app_time_stats: avg=803.70ms min=11.18ms max=3857.18ms count=5
09-10 06:57:49.010  3072  3111 D EGL_emulation: app_time_stats: avg=2640.11ms min=58.52ms max=7796.48ms count=3
09-10 06:57:53.497  3072  3102 D EGL_emulation: app_time_stats: avg=750.02ms min=20.87ms max=3680.38ms count=6
09-10 06:57:59.448  3072  3102 D EGL_emulation: app_time_stats: avg=1187.56ms min=11.94ms max=5804.85ms count=5
09-10 06:58:05.399  3072  3102 D EGL_emulation: app_time_stats: avg=1186.52ms min=9.21ms max=5799.83ms count=5
09-10 06:58:09.507  3072  3111 D EGL_emulation: app_time_stats: avg=6817.10ms min=48.54ms max=19798.72ms count=3
09-10 06:58:10.574  3072  3111 D EGL_emulation: app_time_stats: avg=51.78ms min=25.80ms max=83.78ms count=20
09-10 06:58:14.414  3072  3102 D EGL_emulation: app_time_stats: avg=1797.72ms min=9.18ms max=8865.62ms count=5
09-10 06:58:18.577  3072  3111 D EGL_emulation: app_time_stats: avg=3984.70ms min=52.78ms max=7916.63ms count=2
09-10 06:58:22.814  3072  3102 D EGL_emulation: app_time_stats: avg=1676.09ms min=9.20ms max=8251.60ms count=5
09-10 06:58:26.846  3072  3111 D EGL_emulation: app_time_stats: avg=1012.94ms min=16.93ms max=7903.20ms count=8
09-10 06:58:26.883  3072  3102 D EGL_emulation: app_time_stats: avg=808.30ms min=11.18ms max=3904.19ms count=5
09-10 06:58:31.349  3072  3102 D EGL_emulation: app_time_stats: avg=742.83ms min=38.50ms max=3660.72ms count=6
09-10 06:58:37.331  3072  3102 D EGL_emulation: app_time_stats: avg=1192.27ms min=11.39ms max=5831.71ms count=5
09-10 06:58:43.298  3072  3102 D EGL_emulation: app_time_stats: avg=1191.60ms min=8.82ms max=5818.94ms count=5
09-10 06:58:47.408  3072  3111 D EGL_emulation: app_time_stats: avg=6853.96ms min=77.09ms max=19816.24ms count=3
09-10 06:58:48.446  3072  3111 D EGL_emulation: app_time_stats: avg=46.24ms min=3.57ms max=67.46ms count=19
09-10 06:58:52.331  3072  3102 D EGL_emulation: app_time_stats: avg=1802.30ms min=8.49ms max=8862.49ms count=5
09-10 06:58:56.431  3072  3102 D EGL_emulation: app_time_stats: avg=815.88ms min=10.48ms max=3955.94ms count=5
09-10 06:58:56.445  3072  3111 D EGL_emulation: app_time_stats: avg=1587.74ms min=41.05ms max=7718.65ms count=5
09-10 06:59:00.964  3072  3102 D EGL_emulation: app_time_stats: avg=755.41ms min=44.68ms max=3673.50ms count=6
09-10 06:59:06.951  3072  3102 D EGL_emulation: app_time_stats: avg=1189.88ms min=5.29ms max=5820.39ms count=5
09-10 06:59:15.815  3072  3102 D EGL_emulation: app_time_stats: avg=1770.35ms min=10.02ms max=8713.54ms count=5
09-10 06:59:19.955  3072  3111 D EGL_emulation: app_time_stats: avg=7836.57ms min=160.40ms max=22796.56ms count=3
09-10 06:59:20.996  3072  3111 D EGL_emulation: app_time_stats: avg=52.92ms min=27.41ms max=82.06ms count=18
09-10 06:59:24.831  3072  3102 D EGL_emulation: app_time_stats: avg=1798.77ms min=7.70ms max=8844.47ms count=5
09-10 06:59:28.900  3072  3102 D EGL_emulation: app_time_stats: avg=810.58ms min=10.91ms max=3895.34ms count=5
09-10 06:59:28.913  3072  3111 D EGL_emulation: app_time_stats: avg=3958.58ms min=71.92ms max=7845.23ms count=2
09-10 06:59:29.023  3072  3111 D GLThread: Exiting render thread
09-10 06:59:29.023  3072  3111 D GodotRenderer: Destroying Godot Engine
09-10 06:59:29.032  3072  3111 D t.compare:godot: PlayerBase::stop() from IPlayer
09-10 06:59:29.032  3072  3111 D AudioTrack: stop(16): called with 31704326 frames delivered
09-10 06:59:29.035  3072  3111 E eglCodecCommon: removeVertexArrayObject: ERROR: 7 not found in VAO state!
09-10 06:59:29.077  3072  3111 V Godot   : OnGodotTerminating
09-10 06:59:29.083  3072  3072 V Godot   : OnDestroy: GodotFragment{96e3936} (abf976be-8d93-47c6-8df2-3c114cd72ab1 id=0x7f07002b tag=partydeck-godot)
09-10 06:59:29.089  3072  3072 V Godot   : OnPause: GodotFragment{96e3936} (abf976be-8d93-47c6-8df2-3c114cd72ab1 id=0x7f07002b tag=partydeck-godot)
09-10 06:59:29.200  3072  3072 I PartyDeckGodotHost: Engine process exit requested
09-10 06:59:29.200  3072  3072 I Process : Sending signal. PID: 3072 SIG: 9
