--------- beginning of main
09-10 10:17:37.583  9138  9138 I t.compare:godot: Late-enabling -Xcheck:jni
09-10 10:17:37.597  9138  9138 I t.compare:godot: Using CollectorTypeCMC GC.
09-10 10:17:37.597  9138  9138 W t.compare:godot: Unexpected CPU variant for x86: x86_64.
09-10 10:17:37.597  9138  9138 W t.compare:godot: Known variants: atom, sandybridge, silvermont, goldmont, goldmont-plus, goldmont-without-sha-xsaves, tremont, kabylake, default
09-10 10:17:37.656  9138  9138 D nativeloader: Load libframework-connectivity-tiramisu-jni.so using APEX ns com_android_tethering for caller /apex/com.android.tethering/javalib/framework-connectivity-t.jar: ok
09-10 10:17:37.737  9138  9138 W ziparchive: Unable to open '/data/app/~~eVqm6EJco72KvyoAhHVB5A==/dev.partydeck.godot.compare-Y_lT6G_OkJ_9lFu91fffHQ==/base.dm': No such file or directory
09-10 10:17:37.737  9138  9138 W ziparchive: Unable to open '/data/app/~~eVqm6EJco72KvyoAhHVB5A==/dev.partydeck.godot.compare-Y_lT6G_OkJ_9lFu91fffHQ==/base.dm': No such file or directory
09-10 10:17:37.877  9138  9138 D nativeloader: Configuring clns-7 for other apk /data/app/~~eVqm6EJco72KvyoAhHVB5A==/dev.partydeck.godot.compare-Y_lT6G_OkJ_9lFu91fffHQ==/base.apk. target_sdk_version=36, uses_libraries=, library_path=/data/app/~~eVqm6EJco72KvyoAhHVB5A==/dev.partydeck.godot.compare-Y_lT6G_OkJ_9lFu91fffHQ==/lib/x86_64:/data/app/~~eVqm6EJco72KvyoAhHVB5A==/dev.partydeck.godot.compare-Y_lT6G_OkJ_9lFu91fffHQ==/base.apk!/lib/x86_64, permitted_path=/data:/mnt/expand:/data/user/0/dev.partydeck.godot.compare
09-10 10:17:37.894  9138  9138 V GraphicsEnvironment: Currently set values for:
09-10 10:17:37.894  9138  9138 V GraphicsEnvironment:   angle_gl_driver_selection_pkgs=[]
09-10 10:17:37.894  9138  9138 V GraphicsEnvironment:   angle_gl_driver_selection_values=[]
09-10 10:17:37.894  9138  9138 V GraphicsEnvironment: Global.Settings values are invalid: number of packages: 0, number of values: 0
09-10 10:17:37.894  9138  9138 V GraphicsEnvironment: Neither updatable production driver nor prerelease driver is supported.
09-10 10:17:38.379  9138  9138 V Godot   : Initializing Godot plugin registry
09-10 10:17:38.381  9138  9138 I GodotPluginRegistry: Registering runtime plugin AndroidRuntime
09-10 10:17:38.381  9138  9138 I GodotPluginRegistry: Registering runtime plugin PartyDeckBridge
09-10 10:17:38.381  9138  9138 V Godot   : InitEngine with params: [--main-pack, res://partydeck-last-light.pck, --rendering-method, gl_compatibility, --xr-mode, off]
09-10 10:17:38.429  9138  9138 D nativeloader: Load /data/app/~~eVqm6EJco72KvyoAhHVB5A==/dev.partydeck.godot.compare-Y_lT6G_OkJ_9lFu91fffHQ==/base.apk!/lib/x86_64/libgodot_android.so using ns clns-7 from class loader (caller=/data/app/~~eVqm6EJco72KvyoAhHVB5A==/dev.partydeck.godot.compare-Y_lT6G_OkJ_9lFu91fffHQ==/base.apk): ok
09-10 10:17:38.434  9138  9138 V Godot   : Godot native layer initialization completed: true
09-10 10:17:38.434  9138  9138 V Godot   : Setting up native layer with params: [--main-pack, res://partydeck-last-light.pck, --rendering-method, gl_compatibility, --xr-mode, off]
09-10 10:17:38.473  9138  9138 V Godot   : Godot native layer setup completed
09-10 10:17:38.474  9138  9138 V Godot   : OnInitRenderView: GodotFragment{2d7c1b} (6a5068f7-6818-4961-a52e-b6bb314723cd id=0x7f07002b tag=partydeck-godot)
09-10 10:17:38.496  9138  9138 D Godot   : Render view should be transparent: false
09-10 10:17:38.496  9138  9138 D Godot   : renderingDevice: opengl3 (ProjectSettings)
09-10 10:17:38.496  9138  9138 D Godot   : 			renderer: gl_compatibility (Default)
09-10 10:17:38.516  9138  9138 V Godot   : OnStart: GodotFragment{2d7c1b} (6a5068f7-6818-4961-a52e-b6bb314723cd id=0x7f07002b tag=partydeck-godot)
09-10 10:17:38.518  9138  9138 W WindowOnBackDispatcher: OnBackInvokedCallback is not enabled for the application.
09-10 10:17:38.518  9138  9138 W WindowOnBackDispatcher: Set 'android:enableOnBackInvokedCallback="true"' in the application manifest.
09-10 10:17:38.523  9138  9138 V Godot   : OnResume: GodotFragment{2d7c1b} (6a5068f7-6818-4961-a52e-b6bb314723cd id=0x7f07002b tag=partydeck-godot)
09-10 10:17:38.527  9138  9138 W HWUI    : Unknown dataspace 0
09-10 10:17:38.561  9138  9155 I EGL_emulation: Opening libGLESv1_CM_emulation.so
09-10 10:17:38.562  9138  9155 I EGL_emulation: Opening libGLESv2_emulation.so
09-10 10:17:38.573  9138  9155 W HWUI    : Failed to choose config with EGL_SWAP_BEHAVIOR_PRESERVED, retrying without...
09-10 10:17:38.578  9138  9155 W HWUI    : Failed to initialize 101010-2 format, error = EGL_SUCCESS
09-10 10:17:38.613  9138  9173 W RegularContextFactory: creating OpenGL ES 3.0 context :
09-10 10:17:38.666  9138  9173 I Gralloc4: mapper 4.x is not supported
09-10 10:17:38.715  9138  9173 I godot   : Godot Engine v4.7.2.stable.official.ed1daf0bf - https://godotengine.org
09-10 10:17:38.980  9138  9143 I t.compare:godot: Compiler allocated 4219KB to compile void android.widget.TextView.<init>(android.content.Context, android.util.AttributeSet, int, int)
09-10 10:17:39.010  9138  9173 E godot   : WARNING: Failed to load cached shader, recompiling.
09-10 10:17:39.010  9138  9173 E godot   :    at: _load_from_cache (drivers/gles3/shader_gles3.cpp:615)
09-10 10:17:39.464  9138  9143 I t.compare:godot: Compiler allocated 5174KB to compile void android.view.ViewRootImpl.performTraversals()
09-10 10:17:39.663  9138  9177 E SurfaceSyncGroup: Failed to receive transaction ready in 1000ms. Marking SurfaceSyncGroup(wmsSync-VRI[GodotGameActivity]#1) as ready
09-10 10:17:39.667  9138  9177 E SurfaceSyncGroup: Failed to receive transaction ready in 1000ms. Marking SurfaceSyncGroup(VRI[GodotGameActivity]#2) as ready
09-10 10:17:39.667  9138  9177 E SurfaceSyncGroup: Failed to receive transaction ready in 1000ms. Marking SurfaceSyncGroup(SurfaceView[dev.partydeck.godot.compare/dev.partydeck.godot.compare.GodotGameActivity]#0) as ready
09-10 10:17:39.820  9138  9155 D EGL_emulation: app_time_stats: avg=508.48ms min=12.54ms max=1004.43ms count=2
09-10 10:17:40.081  9138  9173 I godot   : OpenGL API OpenGL ES 3.1 (OpenGL ES 3.1.0 (ANGLE 2.1.17841 git hash: 5fa2e61da947)) - Compatibility - Using Device: Google (Google Inc. (Google)) - Android Emulator OpenGL ES Translator (ANGLE (Google, Vulkan 1.3.0 (SwiftShader Device (Subzero) (0x0000C0DE)), SwiftShader driver-5.0.0))
09-10 10:17:40.083  9138  9173 D t.compare:godot: PlayerBase::PlayerBase()
09-10 10:17:40.083  9138  9173 D t.compare:godot: TrackPlayerBase::TrackPlayerBase()
09-10 10:17:40.083  9138  9173 I libOpenSLES: Emulating old channel mask behavior (ignoring positional mask 0x3, using default mask 0x3 based on channel count of 2)
09-10 10:17:40.087  9138  9173 I godot   : 
09-10 10:17:40.462  9138  9173 V Godot   : OnGodotSetupCompleted
09-10 10:17:40.467  9138  9173 V Godot   : OnGodotMainLoopStarted
09-10 10:17:40.919  9138  9155 D EGL_emulation: app_time_stats: avg=360.13ms min=21.63ms max=663.46ms count=3
09-10 10:17:42.996  9138  9173 D EGL_emulation: app_time_stats: avg=930.13ms min=7.23ms max=1979.52ms count=3
09-10 10:17:43.304  9138  9155 D EGL_emulation: app_time_stats: avg=1192.49ms min=699.76ms max=1685.22ms count=2
09-10 10:17:49.126  9138  9138 I PartyDeckGodotBridge: Close requested elapsed_ms=702404
09-10 10:17:49.138  9138  9173 I PartyDeckGodotBridge: Close dispatch started elapsed_ms=702417
09-10 10:17:49.143  9138  9155 D EGL_emulation: app_time_stats: avg=1449.06ms min=39.68ms max=5653.21ms count=4
09-10 10:17:49.144  9138  9173 I PartyDeckGodotBridge: Close native barrier elapsed_ms=702422
09-10 10:17:49.157  9138  9138 I PartyDeckGodotHost: Close main callback elapsed_ms=702436
09-10 10:17:49.340  9138  9173 D EGL_emulation: app_time_stats: avg=3171.96ms min=160.08ms max=6183.83ms count=2
09-10 10:17:49.340  9138  9173 D GLThread: Exiting render thread
09-10 10:17:49.340  9138  9173 D GodotRenderer: Destroying Godot Engine
09-10 10:17:49.349  9138  9173 D t.compare:godot: PlayerBase::stop() from IPlayer
09-10 10:17:49.350  9138  9173 D AudioTrack: stop(18): called with 412776 frames delivered
09-10 10:17:49.363  9138  9173 E eglCodecCommon: removeVertexArrayObject: ERROR: 7 not found in VAO state!
09-10 10:17:49.414  9138  9173 V Godot   : OnGodotTerminating
09-10 10:17:49.422  9138  9138 V Godot   : OnDestroy: GodotFragment{2d7c1b} (6a5068f7-6818-4961-a52e-b6bb314723cd id=0x7f07002b tag=partydeck-godot)
09-10 10:17:49.485  9138  9138 V Godot   : OnPause: GodotFragment{2d7c1b} (6a5068f7-6818-4961-a52e-b6bb314723cd id=0x7f07002b tag=partydeck-godot)
09-10 10:17:49.660  9138  9138 I PartyDeckGodotHost: Engine process exit requested
09-10 10:17:49.661  9138  9138 I Process : Sending signal. PID: 9138 SIG: 9
