--------- beginning of main
09-10 03:35:07.744  3074  3074 I t.compare:godot: Late-enabling -Xcheck:jni
09-10 03:35:07.781  3074  3074 I t.compare:godot: Using CollectorTypeCMC GC.
09-10 03:35:07.785  3074  3074 W t.compare:godot: Unexpected CPU variant for x86: x86_64.
09-10 03:35:07.785  3074  3074 W t.compare:godot: Known variants: atom, sandybridge, silvermont, goldmont, goldmont-plus, goldmont-without-sha-xsaves, tremont, kabylake, default
09-10 03:35:07.817  3074  3074 D nativeloader: Load libframework-connectivity-tiramisu-jni.so using APEX ns com_android_tethering for caller /apex/com.android.tethering/javalib/framework-connectivity-t.jar: ok
09-10 03:35:07.883  3074  3074 W ziparchive: Unable to open '/data/app/~~OyS5mMxcdFZnZ2_Ao6zIJA==/dev.partydeck.godot.compare-_7vzpB776wQonCYFJTo3JA==/base.dm': No such file or directory
09-10 03:35:07.884  3074  3074 W ziparchive: Unable to open '/data/app/~~OyS5mMxcdFZnZ2_Ao6zIJA==/dev.partydeck.godot.compare-_7vzpB776wQonCYFJTo3JA==/base.dm': No such file or directory
09-10 03:35:08.077  3074  3074 D nativeloader: Configuring clns-7 for other apk /data/app/~~OyS5mMxcdFZnZ2_Ao6zIJA==/dev.partydeck.godot.compare-_7vzpB776wQonCYFJTo3JA==/base.apk. target_sdk_version=36, uses_libraries=, library_path=/data/app/~~OyS5mMxcdFZnZ2_Ao6zIJA==/dev.partydeck.godot.compare-_7vzpB776wQonCYFJTo3JA==/lib/x86_64:/data/app/~~OyS5mMxcdFZnZ2_Ao6zIJA==/dev.partydeck.godot.compare-_7vzpB776wQonCYFJTo3JA==/base.apk!/lib/x86_64, permitted_path=/data:/mnt/expand:/data/user/0/dev.partydeck.godot.compare
09-10 03:35:08.091  3074  3074 V GraphicsEnvironment: Currently set values for:
09-10 03:35:08.091  3074  3074 V GraphicsEnvironment:   angle_gl_driver_selection_pkgs=[]
09-10 03:35:08.091  3074  3074 V GraphicsEnvironment:   angle_gl_driver_selection_values=[]
09-10 03:35:08.091  3074  3074 V GraphicsEnvironment: Global.Settings values are invalid: number of packages: 0, number of values: 0
09-10 03:35:08.091  3074  3074 V GraphicsEnvironment: Neither updatable production driver nor prerelease driver is supported.
09-10 03:35:08.525  3074  3074 V Godot   : Initializing Godot plugin registry
09-10 03:35:08.526  3074  3074 I GodotPluginRegistry: Registering runtime plugin AndroidRuntime
09-10 03:35:08.526  3074  3074 I GodotPluginRegistry: Registering runtime plugin PartyDeckBridge
09-10 03:35:08.526  3074  3074 V Godot   : InitEngine with params: [--main-pack, res://partydeck-last-light.pck, --rendering-method, gl_compatibility, --xr-mode, off]
09-10 03:35:08.557  3074  3074 D nativeloader: Load /data/app/~~OyS5mMxcdFZnZ2_Ao6zIJA==/dev.partydeck.godot.compare-_7vzpB776wQonCYFJTo3JA==/base.apk!/lib/x86_64/libgodot_android.so using ns clns-7 from class loader (caller=/data/app/~~OyS5mMxcdFZnZ2_Ao6zIJA==/dev.partydeck.godot.compare-_7vzpB776wQonCYFJTo3JA==/base.apk): ok
09-10 03:35:08.558  3074  3074 V Godot   : Godot native layer initialization completed: true
09-10 03:35:08.558  3074  3074 V Godot   : Setting up native layer with params: [--main-pack, res://partydeck-last-light.pck, --rendering-method, gl_compatibility, --xr-mode, off]
09-10 03:35:08.609  3074  3074 V Godot   : Godot native layer setup completed
09-10 03:35:08.610  3074  3074 V Godot   : OnInitRenderView: GodotFragment{afbbc79} (9181908c-e22c-49c6-bc61-cca02340a02d id=0x7f07002b tag=partydeck-godot)
09-10 03:35:08.666  3074  3074 D Godot   : Render view should be transparent: false
09-10 03:35:08.667  3074  3074 D Godot   : renderingDevice: opengl3 (ProjectSettings)
09-10 03:35:08.667  3074  3074 D Godot   : 			renderer: gl_compatibility (Default)
09-10 03:35:08.684  3074  3074 V Godot   : OnStart: GodotFragment{afbbc79} (9181908c-e22c-49c6-bc61-cca02340a02d id=0x7f07002b tag=partydeck-godot)
09-10 03:35:08.685  3074  3074 W WindowOnBackDispatcher: OnBackInvokedCallback is not enabled for the application.
09-10 03:35:08.685  3074  3074 W WindowOnBackDispatcher: Set 'android:enableOnBackInvokedCallback="true"' in the application manifest.
09-10 03:35:08.688  3074  3074 V Godot   : OnResume: GodotFragment{afbbc79} (9181908c-e22c-49c6-bc61-cca02340a02d id=0x7f07002b tag=partydeck-godot)
09-10 03:35:08.692  3074  3074 W HWUI    : Unknown dataspace 0
09-10 03:35:08.722  3074  3098 I EGL_emulation: Opening libGLESv1_CM_emulation.so
09-10 03:35:08.729  3074  3098 I EGL_emulation: Opening libGLESv2_emulation.so
09-10 03:35:08.752  3074  3098 W HWUI    : Failed to choose config with EGL_SWAP_BEHAVIOR_PRESERVED, retrying without...
09-10 03:35:08.754  3074  3098 W HWUI    : Failed to initialize 101010-2 format, error = EGL_SUCCESS
09-10 03:35:08.780  3074  3112 W RegularContextFactory: creating OpenGL ES 3.0 context :
09-10 03:35:08.792  3074  3112 I Gralloc4: mapper 4.x is not supported
09-10 03:35:08.825  3074  3112 I godot   : Godot Engine v4.7.2.stable.official.ed1daf0bf - https://godotengine.org
09-10 03:35:08.901  3074  3081 I t.compare:godot: Compiler allocated 4219KB to compile void android.widget.TextView.<init>(android.content.Context, android.util.AttributeSet, int, int)
09-10 03:35:09.509  3074  3081 I t.compare:godot: Compiler allocated 5174KB to compile void android.view.ViewRootImpl.performTraversals()
09-10 03:35:09.743  3074  3112 I godot   : OpenGL API OpenGL ES 3.1 (OpenGL ES 3.1.0 (ANGLE 2.1.17841 git hash: 5fa2e61da947)) - Compatibility - Using Device: Google (Google Inc. (Google)) - Android Emulator OpenGL ES Translator (ANGLE (Google, Vulkan 1.3.0 (SwiftShader Device (Subzero) (0x0000C0DE)), SwiftShader driver-5.0.0))
09-10 03:35:09.744  3074  3112 D t.compare:godot: PlayerBase::PlayerBase()
09-10 03:35:09.745  3074  3112 D t.compare:godot: TrackPlayerBase::TrackPlayerBase()
09-10 03:35:09.745  3074  3112 I libOpenSLES: Emulating old channel mask behavior (ignoring positional mask 0x3, using default mask 0x3 based on channel count of 2)
09-10 03:35:09.751  3074  3112 I godot   : 
09-10 03:35:09.788  3074  3116 E SurfaceSyncGroup: Failed to receive transaction ready in 1000ms. Marking SurfaceSyncGroup(wmsSync-VRI[GodotGameActivity]#1) as ready
09-10 03:35:09.792  3074  3116 E SurfaceSyncGroup: Failed to receive transaction ready in 1000ms. Marking SurfaceSyncGroup(VRI[GodotGameActivity]#2) as ready
09-10 03:35:09.794  3074  3116 E SurfaceSyncGroup: Failed to receive transaction ready in 1000ms. Marking SurfaceSyncGroup(SurfaceView[dev.partydeck.godot.compare/dev.partydeck.godot.compare.GodotGameActivity]#0) as ready
09-10 03:35:10.009  3074  3098 D EGL_emulation: app_time_stats: avg=363.80ms min=86.48ms max=905.99ms count=3
09-10 03:35:10.473  3074  3112 V Godot   : OnGodotSetupCompleted
09-10 03:35:10.778  3074  3112 V Godot   : OnGodotMainLoopStarted
09-10 03:35:11.161  3074  3112 D EGL_emulation: app_time_stats: avg=496.77ms min=49.99ms max=943.54ms count=2
09-10 03:35:11.383  3074  3098 D EGL_emulation: app_time_stats: avg=267.35ms min=75.69ms max=486.20ms count=5
09-10 03:35:12.717  3074  3112 E godot   : WARNING: Failed to load cached shader, recompiling.
09-10 03:35:12.717  3074  3112 E godot   :    at: _load_from_cache (drivers/gles3/shader_gles3.cpp:615)
09-10 03:35:13.566  3074  3112 D EGL_emulation: app_time_stats: avg=2404.48ms min=2404.48ms max=2404.48ms count=1
09-10 03:35:13.811  3074  3098 D EGL_emulation: app_time_stats: avg=809.55ms min=107.48ms max=2207.06ms count=3
