Input #0, mov,mp4,m4a,3gp,3g2,mj2, from '/root/projects/PartyDeck/artifacts/evidence-storage/34478720554/godot-ios-authority-gameplay/artifacts/authority-attachments/856F498D-90C1-48CC-8225-0A35C78305BA.mp4':
  Metadata:
    major_brand     : qt  
    minor_version   : 0
    compatible_brands: qt  
    creation_time   : 2026-09-10T12:59:01.000000Z
  Duration: 00:01:28.84, start: 0.000000, bitrate: 158 kb/s
  Stream #0:0[0x1](und): Video: h264 (High) (avc1 / 0x31637661), yuv420p(tv, bt709/bt709/iec61966-2-1, progressive), 1206x2622, 157 kb/s, 1.45 fps, 600 tbr, 600 tbn (default)
    Metadata:
      creation_time   : 2026-09-10T12:59:01.000000Z
      handler_name    : Core Media Video
      vendor_id       : [0][0][0][0]
      encoder         : H.264
Stream mapping:
  Stream #0:0 -> #0:0 (h264 (native) -> png (native))
Output #0, image2, to '/root/projects/PartyDeck/artifacts/evidence-storage/34478720554-2d200-launch-review/frames/frame-%04d.png':
  Metadata:
    major_brand     : qt  
    minor_version   : 0
    compatible_brands: qt  
    encoder         : Lavf60.16.100
  Stream #0:0(und): Video: png, rgb24(pc, gbr/bt709/iec61966-2-1, progressive), 1206x2622, q=2-31, 200 kb/s, 1.45 fps, 1.45 tbn (default)
    Metadata:
      creation_time   : 2026-09-10T12:59:01.000000Z
      handler_name    : Core Media Video
      vendor_id       : [0][0][0][0]
      encoder         : Lavc60.31.102 png
frame=    0 fps=0.0 q=0.0 size=       0kB time=N/A bitrate=N/A speed=N/A    [image2 @ 0x55662fe5e780] Application provided invalid, non monotonically increasing dts to muxer in stream 0: 111 >= 111
    Last message repeated 10 times
frame=   14 fps=0.0 q=-0.0 size=N/A time=00:01:16.44 bitrate=N/A speed= 128x    [image2 @ 0x55662fe5e780] Application provided invalid, non monotonically increasing dts to muxer in stream 0: 111 >= 111
    Last message repeated 8 times
[image2 @ 0x55662fe5e780] Application provided invalid, non monotonically increasing dts to muxer in stream 0: 116 >= 116
    Last message repeated 28 times
[image2 @ 0x55662fe5e780] Application provided invalid, non monotonically increasing dts to muxer in stream 0: 117 >= 117
    Last message repeated 10 times
[image2 @ 0x55662fe5e780] Application provided invalid, non monotonically increasing dts to muxer in stream 0: 118 >= 118
frame=   68 fps= 62 q=-0.0 size=N/A time=00:01:21.26 bitrate=N/A speed=73.8x    [image2 @ 0x55662fe5e780] Application provided invalid, non monotonically increasing dts to muxer in stream 0: 118 >= 118
    Last message repeated 3 times
[image2 @ 0x55662fe5e780] Application provided invalid, non monotonically increasing dts to muxer in stream 0: 123 >= 123
    Last message repeated 25 times
[image2 @ 0x55662fe5e780] Application provided invalid, non monotonically increasing dts to muxer in stream 0: 124 >= 124
    Last message repeated 4 times
[image2 @ 0x55662fe5e780] Application provided invalid, non monotonically increasing dts to muxer in stream 0: 125 >= 125
    Last message repeated 4 times
[image2 @ 0x55662fe5e780] Application provided invalid, non monotonically increasing dts to muxer in stream 0: 126 >= 126
    Last message repeated 4 times
[image2 @ 0x55662fe5e780] Application provided invalid, non monotonically increasing dts to muxer in stream 0: 127 >= 127
    Last message repeated 2 times
[image2 @ 0x55662fe5e780] Application provided invalid, non monotonically increasing dts to muxer in stream 0: 128 >= 128
    Last message repeated 4 times
[image2 @ 0x55662fe5e780] Application provided invalid, non monotonically increasing dts to muxer in stream 0: 129 >= 129
[out#0/image2 @ 0x55662fe62d40] video:51643kB audio:0kB subtitle:0kB other streams:0kB global headers:0kB muxing overhead: unknown
frame=  129 fps= 87 q=-0.0 Lsize=N/A time=00:01:28.84 bitrate=N/A speed=60.1x    
