{
    "frames": [
        {
            "key_frame": 1,
            "pts": 0,
            "pts_time": "0.000000",
            "best_effort_timestamp": 0,
            "best_effort_timestamp_time": "0.000000",
            "pkt_duration": 1,
            "pkt_duration_time": "0.001667",
            "duration": 1,
            "duration_time": "0.001667",
            "width": 1206,
            "height": 2622,
            "pix_fmt": "yuv420p",
            "pict_type": "I",
            "side_data_list": [
                {
                    "side_data_type": "H.26[45] User Data Unregistered SEI message"
                }
            ]
        },
        {
            "key_frame": 0,
            "pts": 35011,
            "pts_time": "58.351667",
            "best_effort_timestamp": 35011,
            "best_effort_timestamp_time": "58.351667",
            "pkt_duration": 1,
            "pkt_duration_time": "0.001667",
            "duration": 1,
            "duration_time": "0.001667",
            "width": 1206,
            "height": 2622,
            "pix_fmt": "yuv420p",
            "pict_type": "B"
        },
        {
            "key_frame": 0,
            "pts": 45771,
            "pts_time": "76.285000",
            "best_effort_timestamp": 45771,
            "best_effort_timestamp_time": "76.285000",
            "pkt_duration": 1,
            "pkt_duration_time": "0.001667",
            "duration": 1,
            "duration_time": "0.001667",
            "width": 1206,
            "height": 2622,
            "pix_fmt": "yuv420p",
            "pict_type": "B"
        },
        {
            "key_frame": 0,
            "pts": 45804,
            "pts_time": "76.340000",
            "best_effort_timestamp": 45804,
            "best_effort_timestamp_time": "76.340000",
            "pkt_duration": 1,
            "pkt_duration_time": "0.001667",
            "duration": 1,
            "duration_time": "0.001667",
            "width": 1206,
            "height": 2622,
            "pix_fmt": "yuv420p",
            "pict_type": "B"
        },
        {
            "key_frame": 0,
            "pts": 45809,
            "pts_time": "76.348333",
            "best_effort_timestamp": 45809,
            "best_effort_timestamp_time": "76.348333",
            "pkt_duration": 1,
            "pkt_duration_time": "0.001667",
            "duration": 1,
            "duration_time": "0.001667",
            "width": 1206,
            "height": 2622,
            "pix_fmt": "yuv420p",
            "pict_type": "P"
        },
        {
            "key_frame": 0,
            "pts": 45815,
            "pts_time": "76.358333",
            "best_effort_timestamp": 45815,
            "best_effort_timestamp_time": "76.358333",
            "pkt_duration": 1,
            "pkt_duration_time": "0.001667",
            "duration": 1,
            "duration_time": "0.001667",
            "width": 1206,
            "height": 2622,
            "pix_fmt": "yuv420p",
            "pict_type": "B"
        },
        {
            "key_frame": 0,
            "pts": 45821,
            "pts_time": "76.368333",
            "best_effort_timestamp": 45821,
            "best_effort_timestamp_time": "76.368333",
            "pkt_duration": 1,
            "pkt_duration_time": "0.001667",
            "duration": 1,
            "duration_time": "0.001667",
            "width": 1206,
            "height": 2622,
            "pix_fmt": "yuv420p",
            "pict_type": "P"
        },
        {
            "key_frame": 0,
            "pts": 45826,
            "pts_time": "76.376667",
            "best_effort_timestamp": 45826,
            "best_effort_timestamp_time": "76.376667",
            "pkt_duration": 1,
            "pkt_duration_time": "0.001667",
            "duration": 1,
            "duration_time": "0.001667",
            "width": 1206,
            "height": 2622,
            "pix_fmt": "yuv420p",
            "pict_type": "B"
        },
        {
            "key_frame": 0,
            "pts": 45830,
            "pts_time": "76.383333",
            "best_effort_timestamp": 45830,
            "best_effort_timestamp_time": "76.383333",
            "pkt_duration": 1,
            "pkt_duration_time": "0.001667",
            "duration": 1,
            "duration_time": "0.001667",
            "width": 1206,
            "height": 2622,
            "pix_fmt": "yuv420p",
            "pict_type": "P"
        },
        {
            "key_frame": 0,
            "pts": 45831,
            "pts_time": "76.385000",
            "best_effort_timestamp": 45831,
            "best_effort_timestamp_time": "76.385000",
            "pkt_duration": 1,
            "pkt_duration_time": "0.001667",
            "duration": 1,
            "duration_time": "0.001667",
            "width": 1206,
            "height": 2622,
            "pix_fmt": "yuv420p",
            "pict_type": "B"
        },
        {
            "key_frame": 0,
            "pts": 45838,
            "pts_time": "76.396667",
            "best_effort_timestamp": 45838,
            "best_effort_timestamp_time": "76.396667",
            "pkt_duration": 1,
            "pkt_duration_time": "0.001667",
            "duration": 1,
            "duration_time": "0.001667",
            "width": 1206,
            "height": 2622,
            "pix_fmt": "yuv420p",
            "pict_type": "B"
        },
        {
            "key_frame": 0,
            "pts": 45843,
            "pts_time": "76.405000",
            "best_effort_timestamp": 45843,
            "best_effort_timestamp_time": "76.405000",
            "pkt_duration": 1,
            "pkt_duration_time": "0.001667",
            "duration": 1,
            "duration_time": "0.001667",
            "width": 1206,
            "height": 2622,
            "pix_fmt": "yuv420p",
            "pict_type": "B"
        },
        {
            "key_frame": 0,
            "pts": 45847,
            "pts_time": "76.411667",
            "best_effort_timestamp": 45847,
            "best_effort_timestamp_time": "76.411667",
            "pkt_duration": 1,
            "pkt_duration_time": "0.001667",
            "duration": 1,
            "duration_time": "0.001667",
            "width": 1206,
            "height": 2622,
            "pix_fmt": "yuv420p",
            "pict_type": "P"
        },
        {
            "key_frame": 0,
            "pts": 45848,
            "pts_time": "76.413333",
            "best_effort_timestamp": 45848,
            "best_effort_timestamp_time": "76.413333",
            "pkt_duration": 1,
            "pkt_duration_time": "0.001667",
            "duration": 1,
            "duration_time": "0.001667",
            "width": 1206,
            "height": 2622,
            "pix_fmt": "yuv420p",
            "pict_type": "B"
        },
        {
            "key_frame": 0,
            "pts": 45850,
            "pts_time": "76.416667",
            "best_effort_timestamp": 45850,
            "best_effort_timestamp_time": "76.416667",
            "pkt_duration": 1,
            "pkt_duration_time": "0.001667",
            "duration": 1,
            "duration_time": "0.001667",
            "width": 1206,
            "height": 2622,
            "pix_fmt": "yuv420p",
            "pict_type": "B"
        },
        {
            "key_frame": 0,
            "pts": 45867,
            "pts_time": "76.445000",
            "best_effort_timestamp": 45867,
            "best_effort_timestamp_time": "76.445000",
            "pkt_duration": 1,
            "pkt_duration_time": "0.001667",
            "duration": 1,
            "duration_time": "0.001667",
            "width": 1206,
            "height": 2622,
            "pix_fmt": "yuv420p",
            "pict_type": "B"
        },
        {
            "key_frame": 0,
            "pts": 45894,
            "pts_time": "76.490000",
            "best_effort_timestamp": 45894,
            "best_effort_timestamp_time": "76.490000",
            "pkt_duration": 1,
            "pkt_duration_time": "0.001667",
            "duration": 1,
            "duration_time": "0.001667",
            "width": 1206,
            "height": 2622,
            "pix_fmt": "yuv420p",
            "pict_type": "P"
        },
        {
            "key_frame": 0,
            "pts": 45925,
            "pts_time": "76.541667",
            "best_effort_timestamp": 45925,
            "best_effort_timestamp_time": "76.541667",
            "pkt_duration": 1,
            "pkt_duration_time": "0.001667",
            "duration": 1,
            "duration_time": "0.001667",
            "width": 1206,
            "height": 2622,
            "pix_fmt": "yuv420p",
            "pict_type": "B"
        },
        {
            "key_frame": 0,
            "pts": 45935,
            "pts_time": "76.558333",
            "best_effort_timestamp": 45935,
            "best_effort_timestamp_time": "76.558333",
            "pkt_duration": 1,
            "pkt_duration_time": "0.001667",
            "duration": 1,
            "duration_time": "0.001667",
            "width": 1206,
            "height": 2622,
            "pix_fmt": "yuv420p",
            "pict_type": "B"
        },
        {
            "key_frame": 0,
            "pts": 45954,
            "pts_time": "76.590000",
            "best_effort_timestamp": 45954,
            "best_effort_timestamp_time": "76.590000",
            "pkt_duration": 1,
            "pkt_duration_time": "0.001667",
            "duration": 1,
            "duration_time": "0.001667",
            "width": 1206,
            "height": 2622,
            "pix_fmt": "yuv420p",
            "pict_type": "B"
        },
        {
            "key_frame": 0,
            "pts": 45984,
            "pts_time": "76.640000",
            "best_effort_timestamp": 45984,
            "best_effort_timestamp_time": "76.640000",
            "pkt_duration": 1,
            "pkt_duration_time": "0.001667",
            "duration": 1,
            "duration_time": "0.001667",
            "width": 1206,
            "height": 2622,
            "pix_fmt": "yuv420p",
            "pict_type": "P"
        },
        {
            "key_frame": 0,
            "pts": 45986,
            "pts_time": "76.643333",
            "best_effort_timestamp": 45986,
            "best_effort_timestamp_time": "76.643333",
            "pkt_duration": 1,
            "pkt_duration_time": "0.001667",
            "duration": 1,
            "duration_time": "0.001667",
            "width": 1206,
            "height": 2622,
            "pix_fmt": "yuv420p",
            "pict_type": "B"
        },
        {
            "key_frame": 0,
            "pts": 46009,
            "pts_time": "76.681667",
            "best_effort_timestamp": 46009,
            "best_effort_timestamp_time": "76.681667",
            "pkt_duration": 1,
            "pkt_duration_time": "0.001667",
            "duration": 1,
            "duration_time": "0.001667",
            "width": 1206,
            "height": 2622,
            "pix_fmt": "yuv420p",
            "pict_type": "B"
        },
        {
            "key_frame": 0,
            "pts": 47623,
            "pts_time": "79.371667",
            "best_effort_timestamp": 47623,
            "best_effort_timestamp_time": "79.371667",
            "pkt_duration": 1,
            "pkt_duration_time": "0.001667",
            "duration": 1,
            "duration_time": "0.001667",
            "width": 1206,
            "height": 2622,
            "pix_fmt": "yuv420p",
            "pict_type": "B"
        },
        {
            "key_frame": 0,
            "pts": 47825,
            "pts_time": "79.708333",
            "best_effort_timestamp": 47825,
            "best_effort_timestamp_time": "79.708333",
            "pkt_duration": 1,
            "pkt_duration_time": "0.001667",
            "duration": 1,
            "duration_time": "0.001667",
            "width": 1206,
            "height": 2622,
            "pix_fmt": "yuv420p",
            "pict_type": "P"
        },
        {
            "key_frame": 0,
            "pts": 47911,
            "pts_time": "79.851667",
            "best_effort_timestamp": 47911,
            "best_effort_timestamp_time": "79.851667",
            "pkt_duration": 1,
            "pkt_duration_time": "0.001667",
            "duration": 1,
            "duration_time": "0.001667",
            "width": 1206,
            "height": 2622,
            "pix_fmt": "yuv420p",
            "pict_type": "B"
        },
        {
            "key_frame": 0,
            "pts": 47955,
            "pts_time": "79.925000",
            "best_effort_timestamp": 47955,
            "best_effort_timestamp_time": "79.925000",
            "pkt_duration": 1,
            "pkt_duration_time": "0.001667",
            "duration": 1,
            "duration_time": "0.001667",
            "width": 1206,
            "height": 2622,
            "pix_fmt": "yuv420p",
            "pict_type": "P"
        },
        {
            "key_frame": 0,
            "pts": 47964,
            "pts_time": "79.940000",
            "best_effort_timestamp": 47964,
            "best_effort_timestamp_time": "79.940000",
            "pkt_duration": 1,
            "pkt_duration_time": "0.001667",
            "duration": 1,
            "duration_time": "0.001667",
            "width": 1206,
            "height": 2622,
            "pix_fmt": "yuv420p",
            "pict_type": "B"
        },
        {
            "key_frame": 0,
            "pts": 47965,
            "pts_time": "79.941667",
            "best_effort_timestamp": 47965,
            "best_effort_timestamp_time": "79.941667",
            "pkt_duration": 1,
            "pkt_duration_time": "0.001667",
            "duration": 1,
            "duration_time": "0.001667",
            "width": 1206,
            "height": 2622,
            "pix_fmt": "yuv420p",
            "pict_type": "P"
        },
        {
            "key_frame": 1,
            "pts": 47966,
            "pts_time": "79.943333",
            "best_effort_timestamp": 47966,
            "best_effort_timestamp_time": "79.943333",
            "pkt_duration": 1,
            "pkt_duration_time": "0.001667",
            "duration": 1,
            "duration_time": "0.001667",
            "width": 1206,
            "height": 2622,
            "pix_fmt": "yuv420p",
            "pict_type": "I",
            "side_data_list": [
                {
                    "side_data_type": "H.26[45] User Data Unregistered SEI message"
                }
            ]
        },
        {
            "key_frame": 0,
            "pts": 47968,
            "pts_time": "79.946667",
            "best_effort_timestamp": 47968,
            "best_effort_timestamp_time": "79.946667",
            "pkt_duration": 1,
            "pkt_duration_time": "0.001667",
            "duration": 1,
            "duration_time": "0.001667",
            "width": 1206,
            "height": 2622,
            "pix_fmt": "yuv420p",
            "pict_type": "B"
        },
        {
            "key_frame": 0,
            "pts": 47980,
            "pts_time": "79.966667",
            "best_effort_timestamp": 47980,
            "best_effort_timestamp_time": "79.966667",
            "pkt_duration": 1,
            "pkt_duration_time": "0.001667",
            "duration": 1,
            "duration_time": "0.001667",
            "width": 1206,
            "height": 2622,
            "pix_fmt": "yuv420p",
            "pict_type": "B"
        },
        {
            "key_frame": 0,
            "pts": 47981,
            "pts_time": "79.968333",
            "best_effort_timestamp": 47981,
            "best_effort_timestamp_time": "79.968333",
            "pkt_duration": 1,
            "pkt_duration_time": "0.001667",
            "duration": 1,
            "duration_time": "0.001667",
            "width": 1206,
            "height": 2622,
            "pix_fmt": "yuv420p",
            "pict_type": "B"
        },
        {
            "key_frame": 0,
            "pts": 47983,
            "pts_time": "79.971667",
            "best_effort_timestamp": 47983,
            "best_effort_timestamp_time": "79.971667",
            "pkt_duration": 1,
            "pkt_duration_time": "0.001667",
            "duration": 1,
            "duration_time": "0.001667",
            "width": 1206,
            "height": 2622,
            "pix_fmt": "yuv420p",
            "pict_type": "P"
        },
        {
            "key_frame": 0,
            "pts": 47984,
            "pts_time": "79.973333",
            "best_effort_timestamp": 47984,
            "best_effort_timestamp_time": "79.973333",
            "pkt_duration": 1,
            "pkt_duration_time": "0.001667",
            "duration": 1,
            "duration_time": "0.001667",
            "width": 1206,
            "height": 2622,
            "pix_fmt": "yuv420p",
            "pict_type": "B"
        },
        {
            "key_frame": 0,
            "pts": 47986,
            "pts_time": "79.976667",
            "best_effort_timestamp": 47986,
            "best_effort_timestamp_time": "79.976667",
            "pkt_duration": 1,
            "pkt_duration_time": "0.001667",
            "duration": 1,
            "duration_time": "0.001667",
            "width": 1206,
            "height": 2622,
            "pix_fmt": "yuv420p",
            "pict_type": "B"
        },
        {
            "key_frame": 0,
            "pts": 47990,
            "pts_time": "79.983333",
            "best_effort_timestamp": 47990,
            "best_effort_timestamp_time": "79.983333",
            "pkt_duration": 1,
            "pkt_duration_time": "0.001667",
            "duration": 1,
            "duration_time": "0.001667",
            "width": 1206,
            "height": 2622,
            "pix_fmt": "yuv420p",
            "pict_type": "B"
        },
        {
            "key_frame": 0,
            "pts": 47992,
            "pts_time": "79.986667",
            "best_effort_timestamp": 47992,
            "best_effort_timestamp_time": "79.986667",
            "pkt_duration": 1,
            "pkt_duration_time": "0.001667",
            "duration": 1,
            "duration_time": "0.001667",
            "width": 1206,
            "height": 2622,
            "pix_fmt": "yuv420p",
            "pict_type": "P"
        },
        {
            "key_frame": 0,
            "pts": 47993,
            "pts_time": "79.988333",
            "best_effort_timestamp": 47993,
            "best_effort_timestamp_time": "79.988333",
            "pkt_duration": 1,
            "pkt_duration_time": "0.001667",
            "duration": 1,
            "duration_time": "0.001667",
            "width": 1206,
            "height": 2622,
            "pix_fmt": "yuv420p",
            "pict_type": "B"
        },
        {
            "key_frame": 0,
            "pts": 47998,
            "pts_time": "79.996667",
            "best_effort_timestamp": 47998,
            "best_effort_timestamp_time": "79.996667",
            "pkt_duration": 1,
            "pkt_duration_time": "0.001667",
            "duration": 1,
            "duration_time": "0.001667",
            "width": 1206,
            "height": 2622,
            "pix_fmt": "yuv420p",
            "pict_type": "B"
        },
        {
            "key_frame": 0,
            "pts": 48000,
            "pts_time": "80.000000",
            "best_effort_timestamp": 48000,
            "best_effort_timestamp_time": "80.000000",
            "pkt_duration": 1,
            "pkt_duration_time": "0.001667",
            "duration": 1,
            "duration_time": "0.001667",
            "width": 1206,
            "height": 2622,
            "pix_fmt": "yuv420p",
            "pict_type": "B"
        },
        {
            "key_frame": 0,
            "pts": 48008,
            "pts_time": "80.013333",
            "best_effort_timestamp": 48008,
            "best_effort_timestamp_time": "80.013333",
            "pkt_duration": 1,
            "pkt_duration_time": "0.001667",
            "duration": 1,
            "duration_time": "0.001667",
            "width": 1206,
            "height": 2622,
            "pix_fmt": "yuv420p",
            "pict_type": "P"
        },
        {
            "key_frame": 0,
            "pts": 48010,
            "pts_time": "80.016667",
            "best_effort_timestamp": 48010,
            "best_effort_timestamp_time": "80.016667",
            "pkt_duration": 1,
            "pkt_duration_time": "0.001667",
            "duration": 1,
            "duration_time": "0.001667",
            "width": 1206,
            "height": 2622,
            "pix_fmt": "yuv420p",
            "pict_type": "B"
        },
        {
            "key_frame": 0,
            "pts": 48013,
            "pts_time": "80.021667",
            "best_effort_timestamp": 48013,
            "best_effort_timestamp_time": "80.021667",
            "pkt_duration": 1,
            "pkt_duration_time": "0.001667",
            "duration": 1,
            "duration_time": "0.001667",
            "width": 1206,
            "height": 2622,
            "pix_fmt": "yuv420p",
            "pict_type": "B"
        },
        {
            "key_frame": 0,
            "pts": 48019,
            "pts_time": "80.031667",
            "best_effort_timestamp": 48019,
            "best_effort_timestamp_time": "80.031667",
            "pkt_duration": 1,
            "pkt_duration_time": "0.001667",
            "duration": 1,
            "duration_time": "0.001667",
            "width": 1206,
            "height": 2622,
            "pix_fmt": "yuv420p",
            "pict_type": "B"
        },
        {
            "key_frame": 0,
            "pts": 48020,
            "pts_time": "80.033333",
            "best_effort_timestamp": 48020,
            "best_effort_timestamp_time": "80.033333",
            "pkt_duration": 1,
            "pkt_duration_time": "0.001667",
            "duration": 1,
            "duration_time": "0.001667",
            "width": 1206,
            "height": 2622,
            "pix_fmt": "yuv420p",
            "pict_type": "P"
        },
        {
            "key_frame": 0,
            "pts": 48022,
            "pts_time": "80.036667",
            "best_effort_timestamp": 48022,
            "best_effort_timestamp_time": "80.036667",
            "pkt_duration": 1,
            "pkt_duration_time": "0.001667",
            "duration": 1,
            "duration_time": "0.001667",
            "width": 1206,
            "height": 2622,
            "pix_fmt": "yuv420p",
            "pict_type": "B"
        },
        {
            "key_frame": 0,
            "pts": 48023,
            "pts_time": "80.038333",
            "best_effort_timestamp": 48023,
            "best_effort_timestamp_time": "80.038333",
            "pkt_duration": 1,
            "pkt_duration_time": "0.001667",
            "duration": 1,
            "duration_time": "0.001667",
            "width": 1206,
            "height": 2622,
            "pix_fmt": "yuv420p",
            "pict_type": "B"
        },
        {
            "key_frame": 0,
            "pts": 48029,
            "pts_time": "80.048333",
            "best_effort_timestamp": 48029,
            "best_effort_timestamp_time": "80.048333",
            "pkt_duration": 1,
            "pkt_duration_time": "0.001667",
            "duration": 1,
            "duration_time": "0.001667",
            "width": 1206,
            "height": 2622,
            "pix_fmt": "yuv420p",
            "pict_type": "B"
        },
        {
            "key_frame": 0,
            "pts": 48031,
            "pts_time": "80.051667",
            "best_effort_timestamp": 48031,
            "best_effort_timestamp_time": "80.051667",
            "pkt_duration": 1,
            "pkt_duration_time": "0.001667",
            "duration": 1,
            "duration_time": "0.001667",
            "width": 1206,
            "height": 2622,
            "pix_fmt": "yuv420p",
            "pict_type": "P"
        },
        {
            "key_frame": 0,
            "pts": 48033,
            "pts_time": "80.055000",
            "best_effort_timestamp": 48033,
            "best_effort_timestamp_time": "80.055000",
            "pkt_duration": 1,
            "pkt_duration_time": "0.001667",
            "duration": 1,
            "duration_time": "0.001667",
            "width": 1206,
            "height": 2622,
            "pix_fmt": "yuv420p",
            "pict_type": "B"
        },
        {
            "key_frame": 0,
            "pts": 48037,
            "pts_time": "80.061667",
            "best_effort_timestamp": 48037,
            "best_effort_timestamp_time": "80.061667",
            "pkt_duration": 1,
            "pkt_duration_time": "0.001667",
            "duration": 1,
            "duration_time": "0.001667",
            "width": 1206,
            "height": 2622,
            "pix_fmt": "yuv420p",
            "pict_type": "B"
        },
        {
            "key_frame": 0,
            "pts": 48043,
            "pts_time": "80.071667",
            "best_effort_timestamp": 48043,
            "best_effort_timestamp_time": "80.071667",
            "pkt_duration": 1,
            "pkt_duration_time": "0.001667",
            "duration": 1,
            "duration_time": "0.001667",
            "width": 1206,
            "height": 2622,
            "pix_fmt": "yuv420p",
            "pict_type": "B"
        },
        {
            "key_frame": 0,
            "pts": 48051,
            "pts_time": "80.085000",
            "best_effort_timestamp": 48051,
            "best_effort_timestamp_time": "80.085000",
            "pkt_duration": 1,
            "pkt_duration_time": "0.001667",
            "duration": 1,
            "duration_time": "0.001667",
            "width": 1206,
            "height": 2622,
            "pix_fmt": "yuv420p",
            "pict_type": "P"
        },
        {
            "key_frame": 0,
            "pts": 48297,
            "pts_time": "80.495000",
            "best_effort_timestamp": 48297,
            "best_effort_timestamp_time": "80.495000",
            "pkt_duration": 1,
            "pkt_duration_time": "0.001667",
            "duration": 1,
            "duration_time": "0.001667",
            "width": 1206,
            "height": 2622,
            "pix_fmt": "yuv420p",
            "pict_type": "B"
        },
        {
            "key_frame": 0,
            "pts": 48466,
            "pts_time": "80.776667",
            "best_effort_timestamp": 48466,
            "best_effort_timestamp_time": "80.776667",
            "pkt_duration": 1,
            "pkt_duration_time": "0.001667",
            "duration": 1,
            "duration_time": "0.001667",
            "width": 1206,
            "height": 2622,
            "pix_fmt": "yuv420p",
            "pict_type": "B"
        },
        {
            "key_frame": 0,
            "pts": 48499,
            "pts_time": "80.831667",
            "best_effort_timestamp": 48499,
            "best_effort_timestamp_time": "80.831667",
            "pkt_duration": 1,
            "pkt_duration_time": "0.001667",
            "duration": 1,
            "duration_time": "0.001667",
            "width": 1206,
            "height": 2622,
            "pix_fmt": "yuv420p",
            "pict_type": "B"
        },
        {
            "key_frame": 0,
            "pts": 48506,
            "pts_time": "80.843333",
            "best_effort_timestamp": 48506,
            "best_effort_timestamp_time": "80.843333",
            "pkt_duration": 1,
            "pkt_duration_time": "0.001667",
            "duration": 1,
            "duration_time": "0.001667",
            "width": 1206,
            "height": 2622,
            "pix_fmt": "yuv420p",
            "pict_type": "P"
        },
        {
            "key_frame": 1,
            "pts": 48509,
            "pts_time": "80.848333",
            "best_effort_timestamp": 48509,
            "best_effort_timestamp_time": "80.848333",
            "pkt_duration": 1,
            "pkt_duration_time": "0.001667",
            "duration": 1,
            "duration_time": "0.001667",
            "width": 1206,
            "height": 2622,
            "pix_fmt": "yuv420p",
            "pict_type": "I",
            "side_data_list": [
                {
                    "side_data_type": "H.26[45] User Data Unregistered SEI message"
                }
            ]
        },
        {
            "key_frame": 0,
            "pts": 48510,
            "pts_time": "80.850000",
            "best_effort_timestamp": 48510,
            "best_effort_timestamp_time": "80.850000",
            "pkt_duration": 1,
            "pkt_duration_time": "0.001667",
            "duration": 1,
            "duration_time": "0.001667",
            "width": 1206,
            "height": 2622,
            "pix_fmt": "yuv420p",
            "pict_type": "B"
        },
        {
            "key_frame": 0,
            "pts": 48511,
            "pts_time": "80.851667",
            "best_effort_timestamp": 48511,
            "best_effort_timestamp_time": "80.851667",
            "pkt_duration": 1,
            "pkt_duration_time": "0.001667",
            "duration": 1,
            "duration_time": "0.001667",
            "width": 1206,
            "height": 2622,
            "pix_fmt": "yuv420p",
            "pict_type": "B"
        },
        {
            "key_frame": 0,
            "pts": 48513,
            "pts_time": "80.855000",
            "best_effort_timestamp": 48513,
            "best_effort_timestamp_time": "80.855000",
            "pkt_duration": 1,
            "pkt_duration_time": "0.001667",
            "duration": 1,
            "duration_time": "0.001667",
            "width": 1206,
            "height": 2622,
            "pix_fmt": "yuv420p",
            "pict_type": "B"
        },
        {
            "key_frame": 0,
            "pts": 48518,
            "pts_time": "80.863333",
            "best_effort_timestamp": 48518,
            "best_effort_timestamp_time": "80.863333",
            "pkt_duration": 1,
            "pkt_duration_time": "0.001667",
            "duration": 1,
            "duration_time": "0.001667",
            "width": 1206,
            "height": 2622,
            "pix_fmt": "yuv420p",
            "pict_type": "P"
        },
        {
            "key_frame": 0,
            "pts": 48527,
            "pts_time": "80.878333",
            "best_effort_timestamp": 48527,
            "best_effort_timestamp_time": "80.878333",
            "pkt_duration": 1,
            "pkt_duration_time": "0.001667",
            "duration": 1,
            "duration_time": "0.001667",
            "width": 1206,
            "height": 2622,
            "pix_fmt": "yuv420p",
            "pict_type": "B"
        },
        {
            "key_frame": 0,
            "pts": 48536,
            "pts_time": "80.893333",
            "best_effort_timestamp": 48536,
            "best_effort_timestamp_time": "80.893333",
            "pkt_duration": 1,
            "pkt_duration_time": "0.001667",
            "duration": 1,
            "duration_time": "0.001667",
            "width": 1206,
            "height": 2622,
            "pix_fmt": "yuv420p",
            "pict_type": "B"
        },
        {
            "key_frame": 0,
            "pts": 48547,
            "pts_time": "80.911667",
            "best_effort_timestamp": 48547,
            "best_effort_timestamp_time": "80.911667",
            "pkt_duration": 1,
            "pkt_duration_time": "0.001667",
            "duration": 1,
            "duration_time": "0.001667",
            "width": 1206,
            "height": 2622,
            "pix_fmt": "yuv420p",
            "pict_type": "B"
        },
        {
            "key_frame": 0,
            "pts": 48556,
            "pts_time": "80.926667",
            "best_effort_timestamp": 48556,
            "best_effort_timestamp_time": "80.926667",
            "pkt_duration": 1,
            "pkt_duration_time": "0.001667",
            "duration": 1,
            "duration_time": "0.001667",
            "width": 1206,
            "height": 2622,
            "pix_fmt": "yuv420p",
            "pict_type": "P"
        },
        {
            "key_frame": 0,
            "pts": 48567,
            "pts_time": "80.945000",
            "best_effort_timestamp": 48567,
            "best_effort_timestamp_time": "80.945000",
            "pkt_duration": 1,
            "pkt_duration_time": "0.001667",
            "duration": 1,
            "duration_time": "0.001667",
            "width": 1206,
            "height": 2622,
            "pix_fmt": "yuv420p",
            "pict_type": "B"
        },
        {
            "key_frame": 0,
            "pts": 48577,
            "pts_time": "80.961667",
            "best_effort_timestamp": 48577,
            "best_effort_timestamp_time": "80.961667",
            "pkt_duration": 1,
            "pkt_duration_time": "0.001667",
            "duration": 1,
            "duration_time": "0.001667",
            "width": 1206,
            "height": 2622,
            "pix_fmt": "yuv420p",
            "pict_type": "B"
        },
        {
            "key_frame": 0,
            "pts": 48587,
            "pts_time": "80.978333",
            "best_effort_timestamp": 48587,
            "best_effort_timestamp_time": "80.978333",
            "pkt_duration": 1,
            "pkt_duration_time": "0.001667",
            "duration": 1,
            "duration_time": "0.001667",
            "width": 1206,
            "height": 2622,
            "pix_fmt": "yuv420p",
            "pict_type": "B"
        },
        {
            "key_frame": 0,
            "pts": 48595,
            "pts_time": "80.991667",
            "best_effort_timestamp": 48595,
            "best_effort_timestamp_time": "80.991667",
            "pkt_duration": 1,
            "pkt_duration_time": "0.001667",
            "duration": 1,
            "duration_time": "0.001667",
            "width": 1206,
            "height": 2622,
            "pix_fmt": "yuv420p",
            "pict_type": "P"
        },
        {
            "key_frame": 0,
            "pts": 48605,
            "pts_time": "81.008333",
            "best_effort_timestamp": 48605,
            "best_effort_timestamp_time": "81.008333",
            "pkt_duration": 1,
            "pkt_duration_time": "0.001667",
            "duration": 1,
            "duration_time": "0.001667",
            "width": 1206,
            "height": 2622,
            "pix_fmt": "yuv420p",
            "pict_type": "B"
        },
        {
            "key_frame": 0,
            "pts": 50706,
            "pts_time": "84.510000",
            "best_effort_timestamp": 50706,
            "best_effort_timestamp_time": "84.510000",
            "pkt_duration": 1,
            "pkt_duration_time": "0.001667",
            "duration": 1,
            "duration_time": "0.001667",
            "width": 1206,
            "height": 2622,
            "pix_fmt": "yuv420p",
            "pict_type": "B"
        },
        {
            "key_frame": 0,
            "pts": 50722,
            "pts_time": "84.536667",
            "best_effort_timestamp": 50722,
            "best_effort_timestamp_time": "84.536667",
            "pkt_duration": 1,
            "pkt_duration_time": "0.001667",
            "duration": 1,
            "duration_time": "0.001667",
            "width": 1206,
            "height": 2622,
            "pix_fmt": "yuv420p",
            "pict_type": "B"
        },
        {
            "key_frame": 0,
            "pts": 50726,
            "pts_time": "84.543333",
            "best_effort_timestamp": 50726,
            "best_effort_timestamp_time": "84.543333",
            "pkt_duration": 1,
            "pkt_duration_time": "0.001667",
            "duration": 1,
            "duration_time": "0.001667",
            "width": 1206,
            "height": 2622,
            "pix_fmt": "yuv420p",
            "pict_type": "P"
        },
        {
            "key_frame": 0,
            "pts": 50730,
            "pts_time": "84.550000",
            "best_effort_timestamp": 50730,
            "best_effort_timestamp_time": "84.550000",
            "pkt_duration": 1,
            "pkt_duration_time": "0.001667",
            "duration": 1,
            "duration_time": "0.001667",
            "width": 1206,
            "height": 2622,
            "pix_fmt": "yuv420p",
            "pict_type": "B"
        },
        {
            "key_frame": 0,
            "pts": 50731,
            "pts_time": "84.551667",
            "best_effort_timestamp": 50731,
            "best_effort_timestamp_time": "84.551667",
            "pkt_duration": 1,
            "pkt_duration_time": "0.001667",
            "duration": 1,
            "duration_time": "0.001667",
            "width": 1206,
            "height": 2622,
            "pix_fmt": "yuv420p",
            "pict_type": "B"
        },
        {
            "key_frame": 0,
            "pts": 50736,
            "pts_time": "84.560000",
            "best_effort_timestamp": 50736,
            "best_effort_timestamp_time": "84.560000",
            "pkt_duration": 1,
            "pkt_duration_time": "0.001667",
            "duration": 1,
            "duration_time": "0.001667",
            "width": 1206,
            "height": 2622,
            "pix_fmt": "yuv420p",
            "pict_type": "B"
        },
        {
            "key_frame": 0,
            "pts": 50740,
            "pts_time": "84.566667",
            "best_effort_timestamp": 50740,
            "best_effort_timestamp_time": "84.566667",
            "pkt_duration": 1,
            "pkt_duration_time": "0.001667",
            "duration": 1,
            "duration_time": "0.001667",
            "width": 1206,
            "height": 2622,
            "pix_fmt": "yuv420p",
            "pict_type": "P"
        },
        {
            "key_frame": 0,
            "pts": 50754,
            "pts_time": "84.590000",
            "best_effort_timestamp": 50754,
            "best_effort_timestamp_time": "84.590000",
            "pkt_duration": 1,
            "pkt_duration_time": "0.001667",
            "duration": 1,
            "duration_time": "0.001667",
            "width": 1206,
            "height": 2622,
            "pix_fmt": "yuv420p",
            "pict_type": "B"
        },
        {
            "key_frame": 0,
            "pts": 50759,
            "pts_time": "84.598333",
            "best_effort_timestamp": 50759,
            "best_effort_timestamp_time": "84.598333",
            "pkt_duration": 1,
            "pkt_duration_time": "0.001667",
            "duration": 1,
            "duration_time": "0.001667",
            "width": 1206,
            "height": 2622,
            "pix_fmt": "yuv420p",
            "pict_type": "B"
        },
        {
            "key_frame": 0,
            "pts": 50773,
            "pts_time": "84.621667",
            "best_effort_timestamp": 50773,
            "best_effort_timestamp_time": "84.621667",
            "pkt_duration": 1,
            "pkt_duration_time": "0.001667",
            "duration": 1,
            "duration_time": "0.001667",
            "width": 1206,
            "height": 2622,
            "pix_fmt": "yuv420p",
            "pict_type": "B"
        },
        {
            "key_frame": 0,
            "pts": 50783,
            "pts_time": "84.638333",
            "best_effort_timestamp": 50783,
            "best_effort_timestamp_time": "84.638333",
            "pkt_duration": 1,
            "pkt_duration_time": "0.001667",
            "duration": 1,
            "duration_time": "0.001667",
            "width": 1206,
            "height": 2622,
            "pix_fmt": "yuv420p",
            "pict_type": "P"
        },
        {
            "key_frame": 0,
            "pts": 50795,
            "pts_time": "84.658333",
            "best_effort_timestamp": 50795,
            "best_effort_timestamp_time": "84.658333",
            "pkt_duration": 1,
            "pkt_duration_time": "0.001667",
            "duration": 1,
            "duration_time": "0.001667",
            "width": 1206,
            "height": 2622,
            "pix_fmt": "yuv420p",
            "pict_type": "B"
        },
        {
            "key_frame": 0,
            "pts": 50805,
            "pts_time": "84.675000",
            "best_effort_timestamp": 50805,
            "best_effort_timestamp_time": "84.675000",
            "pkt_duration": 1,
            "pkt_duration_time": "0.001667",
            "duration": 1,
            "duration_time": "0.001667",
            "width": 1206,
            "height": 2622,
            "pix_fmt": "yuv420p",
            "pict_type": "B"
        },
        {
            "key_frame": 0,
            "pts": 50812,
            "pts_time": "84.686667",
            "best_effort_timestamp": 50812,
            "best_effort_timestamp_time": "84.686667",
            "pkt_duration": 1,
            "pkt_duration_time": "0.001667",
            "duration": 1,
            "duration_time": "0.001667",
            "width": 1206,
            "height": 2622,
            "pix_fmt": "yuv420p",
            "pict_type": "B"
        },
        {
            "key_frame": 0,
            "pts": 50823,
            "pts_time": "84.705000",
            "best_effort_timestamp": 50823,
            "best_effort_timestamp_time": "84.705000",
            "pkt_duration": 1,
            "pkt_duration_time": "0.001667",
            "duration": 1,
            "duration_time": "0.001667",
            "width": 1206,
            "height": 2622,
            "pix_fmt": "yuv420p",
            "pict_type": "P"
        },
        {
            "key_frame": 1,
            "pts": 50828,
            "pts_time": "84.713333",
            "best_effort_timestamp": 50828,
            "best_effort_timestamp_time": "84.713333",
            "pkt_duration": 1,
            "pkt_duration_time": "0.001667",
            "duration": 1,
            "duration_time": "0.001667",
            "width": 1206,
            "height": 2622,
            "pix_fmt": "yuv420p",
            "pict_type": "I",
            "side_data_list": [
                {
                    "side_data_type": "H.26[45] User Data Unregistered SEI message"
                }
            ]
        },
        {
            "key_frame": 0,
            "pts": 50834,
            "pts_time": "84.723333",
            "best_effort_timestamp": 50834,
            "best_effort_timestamp_time": "84.723333",
            "pkt_duration": 1,
            "pkt_duration_time": "0.001667",
            "duration": 1,
            "duration_time": "0.001667",
            "width": 1206,
            "height": 2622,
            "pix_fmt": "yuv420p",
            "pict_type": "B"
        },
        {
            "key_frame": 0,
            "pts": 50844,
            "pts_time": "84.740000",
            "best_effort_timestamp": 50844,
            "best_effort_timestamp_time": "84.740000",
            "pkt_duration": 1,
            "pkt_duration_time": "0.001667",
            "duration": 1,
            "duration_time": "0.001667",
            "width": 1206,
            "height": 2622,
            "pix_fmt": "yuv420p",
            "pict_type": "B"
        },
        {
            "key_frame": 0,
            "pts": 50855,
            "pts_time": "84.758333",
            "best_effort_timestamp": 50855,
            "best_effort_timestamp_time": "84.758333",
            "pkt_duration": 1,
            "pkt_duration_time": "0.001667",
            "duration": 1,
            "duration_time": "0.001667",
            "width": 1206,
            "height": 2622,
            "pix_fmt": "yuv420p",
            "pict_type": "B"
        },
        {
            "key_frame": 0,
            "pts": 50858,
            "pts_time": "84.763333",
            "best_effort_timestamp": 50858,
            "best_effort_timestamp_time": "84.763333",
            "pkt_duration": 1,
            "pkt_duration_time": "0.001667",
            "duration": 1,
            "duration_time": "0.001667",
            "width": 1206,
            "height": 2622,
            "pix_fmt": "yuv420p",
            "pict_type": "P"
        },
        {
            "key_frame": 0,
            "pts": 50867,
            "pts_time": "84.778333",
            "best_effort_timestamp": 50867,
            "best_effort_timestamp_time": "84.778333",
            "pkt_duration": 1,
            "pkt_duration_time": "0.001667",
            "duration": 1,
            "duration_time": "0.001667",
            "width": 1206,
            "height": 2622,
            "pix_fmt": "yuv420p",
            "pict_type": "B"
        },
        {
            "key_frame": 0,
            "pts": 50877,
            "pts_time": "84.795000",
            "best_effort_timestamp": 50877,
            "best_effort_timestamp_time": "84.795000",
            "pkt_duration": 1,
            "pkt_duration_time": "0.001667",
            "duration": 1,
            "duration_time": "0.001667",
            "width": 1206,
            "height": 2622,
            "pix_fmt": "yuv420p",
            "pict_type": "B"
        },
        {
            "key_frame": 0,
            "pts": 50885,
            "pts_time": "84.808333",
            "best_effort_timestamp": 50885,
            "best_effort_timestamp_time": "84.808333",
            "pkt_duration": 1,
            "pkt_duration_time": "0.001667",
            "duration": 1,
            "duration_time": "0.001667",
            "width": 1206,
            "height": 2622,
            "pix_fmt": "yuv420p",
            "pict_type": "B"
        },
        {
            "key_frame": 0,
            "pts": 50897,
            "pts_time": "84.828333",
            "best_effort_timestamp": 50897,
            "best_effort_timestamp_time": "84.828333",
            "pkt_duration": 1,
            "pkt_duration_time": "0.001667",
            "duration": 1,
            "duration_time": "0.001667",
            "width": 1206,
            "height": 2622,
            "pix_fmt": "yuv420p",
            "pict_type": "P"
        },
        {
            "key_frame": 0,
            "pts": 50955,
            "pts_time": "84.925000",
            "best_effort_timestamp": 50955,
            "best_effort_timestamp_time": "84.925000",
            "pkt_duration": 1,
            "pkt_duration_time": "0.001667",
            "duration": 1,
            "duration_time": "0.001667",
            "width": 1206,
            "height": 2622,
            "pix_fmt": "yuv420p",
            "pict_type": "B"
        },
        {
            "key_frame": 0,
            "pts": 50975,
            "pts_time": "84.958333",
            "best_effort_timestamp": 50975,
            "best_effort_timestamp_time": "84.958333",
            "pkt_duration": 1,
            "pkt_duration_time": "0.001667",
            "duration": 1,
            "duration_time": "0.001667",
            "width": 1206,
            "height": 2622,
            "pix_fmt": "yuv420p",
            "pict_type": "B"
        },
        {
            "key_frame": 0,
            "pts": 50981,
            "pts_time": "84.968333",
            "best_effort_timestamp": 50981,
            "best_effort_timestamp_time": "84.968333",
            "pkt_duration": 1,
            "pkt_duration_time": "0.001667",
            "duration": 1,
            "duration_time": "0.001667",
            "width": 1206,
            "height": 2622,
            "pix_fmt": "yuv420p",
            "pict_type": "B"
        },
        {
            "key_frame": 0,
            "pts": 51114,
            "pts_time": "85.190000",
            "best_effort_timestamp": 51114,
            "best_effort_timestamp_time": "85.190000",
            "pkt_duration": 1,
            "pkt_duration_time": "0.001667",
            "duration": 1,
            "duration_time": "0.001667",
            "width": 1206,
            "height": 2622,
            "pix_fmt": "yuv420p",
            "pict_type": "P"
        },
        {
            "key_frame": 0,
            "pts": 51127,
            "pts_time": "85.211667",
            "best_effort_timestamp": 51127,
            "best_effort_timestamp_time": "85.211667",
            "pkt_duration": 1,
            "pkt_duration_time": "0.001667",
            "duration": 1,
            "duration_time": "0.001667",
            "width": 1206,
            "height": 2622,
            "pix_fmt": "yuv420p",
            "pict_type": "B"
        },
        {
            "key_frame": 0,
            "pts": 51237,
            "pts_time": "85.395000",
            "best_effort_timestamp": 51237,
            "best_effort_timestamp_time": "85.395000",
            "pkt_duration": 1,
            "pkt_duration_time": "0.001667",
            "duration": 1,
            "duration_time": "0.001667",
            "width": 1206,
            "height": 2622,
            "pix_fmt": "yuv420p",
            "pict_type": "B"
        },
        {
            "key_frame": 0,
            "pts": 51244,
            "pts_time": "85.406667",
            "best_effort_timestamp": 51244,
            "best_effort_timestamp_time": "85.406667",
            "pkt_duration": 1,
            "pkt_duration_time": "0.001667",
            "duration": 1,
            "duration_time": "0.001667",
            "width": 1206,
            "height": 2622,
            "pix_fmt": "yuv420p",
            "pict_type": "B"
        },
        {
            "key_frame": 0,
            "pts": 51366,
            "pts_time": "85.610000",
            "best_effort_timestamp": 51366,
            "best_effort_timestamp_time": "85.610000",
            "pkt_duration": 1,
            "pkt_duration_time": "0.001667",
            "duration": 1,
            "duration_time": "0.001667",
            "width": 1206,
            "height": 2622,
            "pix_fmt": "yuv420p",
            "pict_type": "P"
        },
        {
            "key_frame": 0,
            "pts": 51372,
            "pts_time": "85.620000",
            "best_effort_timestamp": 51372,
            "best_effort_timestamp_time": "85.620000",
            "pkt_duration": 1,
            "pkt_duration_time": "0.001667",
            "duration": 1,
            "duration_time": "0.001667",
            "width": 1206,
            "height": 2622,
            "pix_fmt": "yuv420p",
            "pict_type": "B"
        },
        {
            "key_frame": 0,
            "pts": 51792,
            "pts_time": "86.320000",
            "best_effort_timestamp": 51792,
            "best_effort_timestamp_time": "86.320000",
            "pkt_duration": 1,
            "pkt_duration_time": "0.001667",
            "duration": 1,
            "duration_time": "0.001667",
            "width": 1206,
            "height": 2622,
            "pix_fmt": "yuv420p",
            "pict_type": "B"
        },
        {
            "key_frame": 0,
            "pts": 51798,
            "pts_time": "86.330000",
            "best_effort_timestamp": 51798,
            "best_effort_timestamp_time": "86.330000",
            "pkt_duration": 1,
            "pkt_duration_time": "0.001667",
            "duration": 1,
            "duration_time": "0.001667",
            "width": 1206,
            "height": 2622,
            "pix_fmt": "yuv420p",
            "pict_type": "B"
        },
        {
            "key_frame": 0,
            "pts": 51800,
            "pts_time": "86.333333",
            "best_effort_timestamp": 51800,
            "best_effort_timestamp_time": "86.333333",
            "pkt_duration": 1,
            "pkt_duration_time": "0.001667",
            "duration": 1,
            "duration_time": "0.001667",
            "width": 1206,
            "height": 2622,
            "pix_fmt": "yuv420p",
            "pict_type": "P"
        },
        {
            "key_frame": 0,
            "pts": 51801,
            "pts_time": "86.335000",
            "best_effort_timestamp": 51801,
            "best_effort_timestamp_time": "86.335000",
            "pkt_duration": 1,
            "pkt_duration_time": "0.001667",
            "duration": 1,
            "duration_time": "0.001667",
            "width": 1206,
            "height": 2622,
            "pix_fmt": "yuv420p",
            "pict_type": "B"
        },
        {
            "key_frame": 0,
            "pts": 51802,
            "pts_time": "86.336667",
            "best_effort_timestamp": 51802,
            "best_effort_timestamp_time": "86.336667",
            "pkt_duration": 1,
            "pkt_duration_time": "0.001667",
            "duration": 1,
            "duration_time": "0.001667",
            "width": 1206,
            "height": 2622,
            "pix_fmt": "yuv420p",
            "pict_type": "B"
        },
        {
            "key_frame": 0,
            "pts": 51804,
            "pts_time": "86.340000",
            "best_effort_timestamp": 51804,
            "best_effort_timestamp_time": "86.340000",
            "pkt_duration": 1,
            "pkt_duration_time": "0.001667",
            "duration": 1,
            "duration_time": "0.001667",
            "width": 1206,
            "height": 2622,
            "pix_fmt": "yuv420p",
            "pict_type": "B"
        },
        {
            "key_frame": 0,
            "pts": 51880,
            "pts_time": "86.466667",
            "best_effort_timestamp": 51880,
            "best_effort_timestamp_time": "86.466667",
            "pkt_duration": 1,
            "pkt_duration_time": "0.001667",
            "duration": 1,
            "duration_time": "0.001667",
            "width": 1206,
            "height": 2622,
            "pix_fmt": "yuv420p",
            "pict_type": "P"
        },
        {
            "key_frame": 0,
            "pts": 51887,
            "pts_time": "86.478333",
            "best_effort_timestamp": 51887,
            "best_effort_timestamp_time": "86.478333",
            "pkt_duration": 1,
            "pkt_duration_time": "0.001667",
            "duration": 1,
            "duration_time": "0.001667",
            "width": 1206,
            "height": 2622,
            "pix_fmt": "yuv420p",
            "pict_type": "B"
        },
        {
            "key_frame": 0,
            "pts": 52010,
            "pts_time": "86.683333",
            "best_effort_timestamp": 52010,
            "best_effort_timestamp_time": "86.683333",
            "pkt_duration": 1,
            "pkt_duration_time": "0.001667",
            "duration": 1,
            "duration_time": "0.001667",
            "width": 1206,
            "height": 2622,
            "pix_fmt": "yuv420p",
            "pict_type": "B"
        },
        {
            "key_frame": 0,
            "pts": 52020,
            "pts_time": "86.700000",
            "best_effort_timestamp": 52020,
            "best_effort_timestamp_time": "86.700000",
            "pkt_duration": 1,
            "pkt_duration_time": "0.001667",
            "duration": 1,
            "duration_time": "0.001667",
            "width": 1206,
            "height": 2622,
            "pix_fmt": "yuv420p",
            "pict_type": "B"
        },
        {
            "key_frame": 0,
            "pts": 52228,
            "pts_time": "87.046667",
            "best_effort_timestamp": 52228,
            "best_effort_timestamp_time": "87.046667",
            "pkt_duration": 1,
            "pkt_duration_time": "0.001667",
            "duration": 1,
            "duration_time": "0.001667",
            "width": 1206,
            "height": 2622,
            "pix_fmt": "yuv420p",
            "pict_type": "P"
        },
        {
            "key_frame": 1,
            "pts": 52237,
            "pts_time": "87.061667",
            "best_effort_timestamp": 52237,
            "best_effort_timestamp_time": "87.061667",
            "pkt_duration": 1,
            "pkt_duration_time": "0.001667",
            "duration": 1,
            "duration_time": "0.001667",
            "width": 1206,
            "height": 2622,
            "pix_fmt": "yuv420p",
            "pict_type": "I",
            "side_data_list": [
                {
                    "side_data_type": "H.26[45] User Data Unregistered SEI message"
                }
            ]
        },
        {
            "key_frame": 0,
            "pts": 52512,
            "pts_time": "87.520000",
            "best_effort_timestamp": 52512,
            "best_effort_timestamp_time": "87.520000",
            "pkt_duration": 1,
            "pkt_duration_time": "0.001667",
            "duration": 1,
            "duration_time": "0.001667",
            "width": 1206,
            "height": 2622,
            "pix_fmt": "yuv420p",
            "pict_type": "B"
        },
        {
            "key_frame": 0,
            "pts": 52519,
            "pts_time": "87.531667",
            "best_effort_timestamp": 52519,
            "best_effort_timestamp_time": "87.531667",
            "pkt_duration": 1,
            "pkt_duration_time": "0.001667",
            "duration": 1,
            "duration_time": "0.001667",
            "width": 1206,
            "height": 2622,
            "pix_fmt": "yuv420p",
            "pict_type": "B"
        },
        {
            "key_frame": 0,
            "pts": 52638,
            "pts_time": "87.730000",
            "best_effort_timestamp": 52638,
            "best_effort_timestamp_time": "87.730000",
            "pkt_duration": 1,
            "pkt_duration_time": "0.001667",
            "duration": 1,
            "duration_time": "0.001667",
            "width": 1206,
            "height": 2622,
            "pix_fmt": "yuv420p",
            "pict_type": "B"
        },
        {
            "key_frame": 0,
            "pts": 52650,
            "pts_time": "87.750000",
            "best_effort_timestamp": 52650,
            "best_effort_timestamp_time": "87.750000",
            "pkt_duration": 1,
            "pkt_duration_time": "0.001667",
            "duration": 1,
            "duration_time": "0.001667",
            "width": 1206,
            "height": 2622,
            "pix_fmt": "yuv420p",
            "pict_type": "P"
        },
        {
            "key_frame": 0,
            "pts": 52771,
            "pts_time": "87.951667",
            "best_effort_timestamp": 52771,
            "best_effort_timestamp_time": "87.951667",
            "pkt_duration": 1,
            "pkt_duration_time": "0.001667",
            "duration": 1,
            "duration_time": "0.001667",
            "width": 1206,
            "height": 2622,
            "pix_fmt": "yuv420p",
            "pict_type": "B"
        },
        {
            "key_frame": 0,
            "pts": 52781,
            "pts_time": "87.968333",
            "best_effort_timestamp": 52781,
            "best_effort_timestamp_time": "87.968333",
            "pkt_duration": 1,
            "pkt_duration_time": "0.001667",
            "duration": 1,
            "duration_time": "0.001667",
            "width": 1206,
            "height": 2622,
            "pix_fmt": "yuv420p",
            "pict_type": "B"
        },
        {
            "key_frame": 0,
            "pts": 52903,
            "pts_time": "88.171667",
            "best_effort_timestamp": 52903,
            "best_effort_timestamp_time": "88.171667",
            "pkt_duration": 1,
            "pkt_duration_time": "0.001667",
            "duration": 1,
            "duration_time": "0.001667",
            "width": 1206,
            "height": 2622,
            "pix_fmt": "yuv420p",
            "pict_type": "B"
        },
        {
            "key_frame": 0,
            "pts": 52931,
            "pts_time": "88.218333",
            "best_effort_timestamp": 52931,
            "best_effort_timestamp_time": "88.218333",
            "pkt_duration": 1,
            "pkt_duration_time": "0.001667",
            "duration": 1,
            "duration_time": "0.001667",
            "width": 1206,
            "height": 2622,
            "pix_fmt": "yuv420p",
            "pict_type": "P"
        },
        {
            "key_frame": 0,
            "pts": 53027,
            "pts_time": "88.378333",
            "best_effort_timestamp": 53027,
            "best_effort_timestamp_time": "88.378333",
            "pkt_duration": 1,
            "pkt_duration_time": "0.001667",
            "duration": 1,
            "duration_time": "0.001667",
            "width": 1206,
            "height": 2622,
            "pix_fmt": "yuv420p",
            "pict_type": "B"
        },
        {
            "key_frame": 0,
            "pts": 53036,
            "pts_time": "88.393333",
            "best_effort_timestamp": 53036,
            "best_effort_timestamp_time": "88.393333",
            "pkt_duration": 1,
            "pkt_duration_time": "0.001667",
            "duration": 1,
            "duration_time": "0.001667",
            "width": 1206,
            "height": 2622,
            "pix_fmt": "yuv420p",
            "pict_type": "B"
        },
        {
            "key_frame": 0,
            "pts": 53292,
            "pts_time": "88.820000",
            "best_effort_timestamp": 53292,
            "best_effort_timestamp_time": "88.820000",
            "pkt_duration": 1,
            "pkt_duration_time": "0.001667",
            "duration": 1,
            "duration_time": "0.001667",
            "width": 1206,
            "height": 2622,
            "pix_fmt": "yuv420p",
            "pict_type": "B"
        },
        {
            "key_frame": 0,
            "pts": 53299,
            "pts_time": "88.831667",
            "best_effort_timestamp": 53299,
            "best_effort_timestamp_time": "88.831667",
            "pkt_duration": 1,
            "pkt_duration_time": "0.001667",
            "duration": 1,
            "duration_time": "0.001667",
            "width": 1206,
            "height": 2622,
            "pix_fmt": "yuv420p",
            "pict_type": "P"
        }
    ]
}
