--------- beginning of main
09-10 08:47:44.733  3056  3056 I t.compare:godot: Late-enabling -Xcheck:jni
09-10 08:47:44.755  3056  3056 I t.compare:godot: Using CollectorTypeCMC GC.
09-10 08:47:44.755  3056  3056 W t.compare:godot: Unexpected CPU variant for x86: x86_64.
09-10 08:47:44.755  3056  3056 W t.compare:godot: Known variants: atom, sandybridge, silvermont, goldmont, goldmont-plus, goldmont-without-sha-xsaves, tremont, kabylake, default
09-10 08:47:44.787  3056  3056 D nativeloader: Load libframework-connectivity-tiramisu-jni.so using APEX ns com_android_tethering for caller /apex/com.android.tethering/javalib/framework-connectivity-t.jar: ok
09-10 08:47:44.867  3056  3056 W ziparchive: Unable to open '/data/app/~~1G4TIYvNIQj5vQHz7kyWzw==/dev.partydeck.godot.compare-R3UF8INwMHF4-Jb1ftaMPw==/base.dm': No such file or directory
09-10 08:47:44.867  3056  3056 W ziparchive: Unable to open '/data/app/~~1G4TIYvNIQj5vQHz7kyWzw==/dev.partydeck.godot.compare-R3UF8INwMHF4-Jb1ftaMPw==/base.dm': No such file or directory
09-10 08:47:44.978  3056  3056 D nativeloader: Configuring clns-7 for other apk /data/app/~~1G4TIYvNIQj5vQHz7kyWzw==/dev.partydeck.godot.compare-R3UF8INwMHF4-Jb1ftaMPw==/base.apk. target_sdk_version=36, uses_libraries=, library_path=/data/app/~~1G4TIYvNIQj5vQHz7kyWzw==/dev.partydeck.godot.compare-R3UF8INwMHF4-Jb1ftaMPw==/lib/x86_64:/data/app/~~1G4TIYvNIQj5vQHz7kyWzw==/dev.partydeck.godot.compare-R3UF8INwMHF4-Jb1ftaMPw==/base.apk!/lib/x86_64, permitted_path=/data:/mnt/expand:/data/user/0/dev.partydeck.godot.compare
09-10 08:47:45.002  3056  3056 V GraphicsEnvironment: Currently set values for:
09-10 08:47:45.002  3056  3056 V GraphicsEnvironment:   angle_gl_driver_selection_pkgs=[]
09-10 08:47:45.002  3056  3056 V GraphicsEnvironment:   angle_gl_driver_selection_values=[]
09-10 08:47:45.002  3056  3056 V GraphicsEnvironment: Global.Settings values are invalid: number of packages: 0, number of values: 0
09-10 08:47:45.003  3056  3056 V GraphicsEnvironment: Neither updatable production driver nor prerelease driver is supported.
09-10 08:47:45.353  3056  3056 V Godot   : Initializing Godot plugin registry
09-10 08:47:45.354  3056  3056 I GodotPluginRegistry: Registering runtime plugin AndroidRuntime
09-10 08:47:45.354  3056  3056 I GodotPluginRegistry: Registering runtime plugin PartyDeckBridge
09-10 08:47:45.354  3056  3056 V Godot   : InitEngine with params: [--main-pack, res://partydeck-last-light.pck, --rendering-method, gl_compatibility, --xr-mode, off]
09-10 08:47:45.399  3056  3056 D nativeloader: Load /data/app/~~1G4TIYvNIQj5vQHz7kyWzw==/dev.partydeck.godot.compare-R3UF8INwMHF4-Jb1ftaMPw==/base.apk!/lib/x86_64/libgodot_android.so using ns clns-7 from class loader (caller=/data/app/~~1G4TIYvNIQj5vQHz7kyWzw==/dev.partydeck.godot.compare-R3UF8INwMHF4-Jb1ftaMPw==/base.apk): ok
09-10 08:47:45.401  3056  3056 V Godot   : Godot native layer initialization completed: true
09-10 08:47:45.401  3056  3056 V Godot   : Setting up native layer with params: [--main-pack, res://partydeck-last-light.pck, --rendering-method, gl_compatibility, --xr-mode, off]
09-10 08:47:45.458  3056  3056 V Godot   : Godot native layer setup completed
09-10 08:47:45.458  3056  3056 V Godot   : OnInitRenderView: GodotFragment{5cfaa47} (5f3e3a5b-ffe8-48a0-beb3-1d0148c37210 id=0x7f07002b tag=partydeck-godot)
09-10 08:47:45.474  3056  3056 D Godot   : Render view should be transparent: false
09-10 08:47:45.474  3056  3056 D Godot   : renderingDevice: opengl3 (ProjectSettings)
09-10 08:47:45.474  3056  3056 D Godot   : 			renderer: gl_compatibility (Default)
09-10 08:47:45.489  3056  3056 V Godot   : OnStart: GodotFragment{5cfaa47} (5f3e3a5b-ffe8-48a0-beb3-1d0148c37210 id=0x7f07002b tag=partydeck-godot)
09-10 08:47:45.495  3056  3056 W WindowOnBackDispatcher: OnBackInvokedCallback is not enabled for the application.
09-10 08:47:45.495  3056  3056 W WindowOnBackDispatcher: Set 'android:enableOnBackInvokedCallback="true"' in the application manifest.
09-10 08:47:45.499  3056  3056 V Godot   : OnResume: GodotFragment{5cfaa47} (5f3e3a5b-ffe8-48a0-beb3-1d0148c37210 id=0x7f07002b tag=partydeck-godot)
09-10 08:47:45.502  3056  3056 W HWUI    : Unknown dataspace 0
09-10 08:47:45.558  3056  3083 I EGL_emulation: Opening libGLESv1_CM_emulation.so
09-10 08:47:45.566  3056  3083 I EGL_emulation: Opening libGLESv2_emulation.so
09-10 08:47:45.587  3056  3083 W HWUI    : Failed to choose config with EGL_SWAP_BEHAVIOR_PRESERVED, retrying without...
09-10 08:47:45.588  3056  3083 W HWUI    : Failed to initialize 101010-2 format, error = EGL_SUCCESS
09-10 08:47:45.629  3056  3097 W RegularContextFactory: creating OpenGL ES 3.0 context :
09-10 08:47:45.674  3056  3097 I Gralloc4: mapper 4.x is not supported
09-10 08:47:45.684  3056  3097 I godot   : Godot Engine v4.7.2.stable.official.ed1daf0bf - https://godotengine.org
09-10 08:47:46.033  3056  3063 I t.compare:godot: Compiler allocated 4219KB to compile void android.widget.TextView.<init>(android.content.Context, android.util.AttributeSet, int, int)
09-10 08:47:46.550  3056  3063 I t.compare:godot: Compiler allocated 5174KB to compile void android.view.ViewRootImpl.performTraversals()
09-10 08:47:46.670  3056  3101 E SurfaceSyncGroup: Failed to receive transaction ready in 1000ms. Marking SurfaceSyncGroup(wmsSync-VRI[GodotGameActivity]#1) as ready
09-10 08:47:46.674  3056  3101 E SurfaceSyncGroup: Failed to receive transaction ready in 1000ms. Marking SurfaceSyncGroup(VRI[GodotGameActivity]#2) as ready
09-10 08:47:46.674  3056  3101 E SurfaceSyncGroup: Failed to receive transaction ready in 1000ms. Marking SurfaceSyncGroup(SurfaceView[dev.partydeck.godot.compare/dev.partydeck.godot.compare.GodotGameActivity]#0) as ready
09-10 08:47:46.882  3056  3083 D EGL_emulation: app_time_stats: avg=366.64ms min=62.90ms max=961.91ms count=3
09-10 08:47:47.128  3056  3097 I godot   : OpenGL API OpenGL ES 3.1 (OpenGL ES 3.1.0 (ANGLE 2.1.17841 git hash: 5fa2e61da947)) - Compatibility - Using Device: Google (Google Inc. (Google)) - Android Emulator OpenGL ES Translator (ANGLE (Google, Vulkan 1.3.0 (SwiftShader Device (Subzero) (0x0000C0DE)), SwiftShader driver-5.0.0))
09-10 08:47:47.130  3056  3097 D t.compare:godot: PlayerBase::PlayerBase()
09-10 08:47:47.130  3056  3097 D t.compare:godot: TrackPlayerBase::TrackPlayerBase()
09-10 08:47:47.130  3056  3097 I libOpenSLES: Emulating old channel mask behavior (ignoring positional mask 0x3, using default mask 0x3 based on channel count of 2)
09-10 08:47:47.138  3056  3097 I godot   : 
09-10 08:47:47.669  3056  3097 V Godot   : OnGodotSetupCompleted
09-10 08:47:47.675  3056  3097 V Godot   : OnGodotMainLoopStarted
09-10 08:47:48.098  3056  3083 D EGL_emulation: app_time_stats: avg=600.90ms min=510.91ms max=690.89ms count=2
09-10 08:47:49.755  3056  3097 E godot   : WARNING: Failed to load cached shader, recompiling.
09-10 08:47:49.755  3056  3097 E godot   :    at: _load_from_cache (drivers/gles3/shader_gles3.cpp:615)
09-10 08:47:50.663  3056  3097 D EGL_emulation: app_time_stats: avg=1131.86ms min=61.85ms max=2450.32ms count=3
09-10 08:47:50.957  3056  3083 D EGL_emulation: app_time_stats: avg=1429.28ms min=697.87ms max=2160.70ms count=2
09-10 08:48:00.760  3056  3056 D AutofillManager: Fill dialog is enabled:false, hints=[]
09-10 08:48:00.801  3056  3083 D EGL_emulation: app_time_stats: avg=2442.77ms min=3.66ms max=9653.42ms count=4
09-10 08:48:05.056  3056  3097 D EGL_emulation: app_time_stats: avg=7195.56ms min=188.75ms max=14202.38ms count=2
09-10 08:48:09.164  3056  3083 D EGL_emulation: app_time_stats: avg=1666.22ms min=27.75ms max=8097.91ms count=5
09-10 08:48:19.249  3056  3083 D EGL_emulation: app_time_stats: avg=2011.59ms min=18.07ms max=9826.68ms count=5
09-10 08:48:23.599  3056  3097 D EGL_emulation: app_time_stats: avg=6159.92ms min=90.99ms max=18177.74ms count=3
09-10 08:48:27.748  3056  3083 D EGL_emulation: app_time_stats: avg=1686.17ms min=23.81ms max=8219.93ms count=5
09-10 08:48:37.865  3056  3083 D EGL_emulation: app_time_stats: avg=2016.10ms min=17.02ms max=9877.42ms count=5
09-10 08:48:42.181  3056  3097 D EGL_emulation: app_time_stats: avg=6194.06ms min=150.10ms max=18277.12ms count=3
09-10 08:48:46.381  3056  3083 D EGL_emulation: app_time_stats: avg=1694.06ms min=28.22ms max=8267.81ms count=5
09-10 08:48:56.515  3056  3083 D EGL_emulation: app_time_stats: avg=2020.00ms min=17.08ms max=9896.84ms count=5
09-10 08:49:00.796  3056  3097 D EGL_emulation: app_time_stats: avg=6154.27ms min=82.68ms max=18286.78ms count=3
09-10 08:49:04.932  3056  3083 D EGL_emulation: app_time_stats: avg=1678.73ms min=15.32ms max=8179.72ms count=5
09-10 08:49:11.183  3056  3083 D EGL_emulation: app_time_stats: avg=1235.60ms min=18.12ms max=6014.55ms count=5
09-10 08:49:15.485  3056  3097 D EGL_emulation: app_time_stats: avg=4896.24ms min=151.00ms max=14313.39ms count=3
09-10 08:49:19.648  3056  3083 D EGL_emulation: app_time_stats: avg=1684.59ms min=14.20ms max=8196.72ms count=5
09-10 08:49:21.862  3056  3056 V Godot   : OnPause: GodotFragment{5cfaa47} (5f3e3a5b-ffe8-48a0-beb3-1d0148c37210 id=0x7f07002b tag=partydeck-godot)
09-10 08:49:21.873  3056  3097 D t.compare:godot: PlayerBase::pause() from IPlayer
09-10 08:49:21.940  3056  3083 D EGL_emulation: app_time_stats: avg=443.82ms min=13.55ms max=2040.19ms count=5
09-10 08:49:22.759  3056  3056 D VRI[GodotGameActivity]: visibilityChanged oldVisibility=true newVisibility=false
09-10 08:49:22.762  3056  3056 E Surface : freeAllBuffers: 1 buffers were freed while being dequeued!
09-10 08:49:22.947  3056  3056 V Godot   : OnStop: GodotFragment{5cfaa47} (5f3e3a5b-ffe8-48a0-beb3-1d0148c37210 id=0x7f07002b tag=partydeck-godot)
09-10 08:49:23.025  3056  3097 E Surface : getSlotFromBufferLocked: unknown buffer: 0x0
09-10 08:49:23.025  3056  3097 D EGL_emulation: app_time_stats: avg=2486.31ms min=89.26ms max=7235.70ms count=3
09-10 08:49:23.025  3056  3097 E BufferQueueProducer: [SurfaceView[dev.partydeck.godot.compare/dev.partydeck.godot.compare.GodotGameActivity]#1(BLAST Consumer)1](id:bf000000001,api:0,p:-1,c:3056) dequeueBuffer: BufferQueue has been abandoned
09-10 08:49:23.025  3056  3097 E EGL_emulation: tid 3097: swapBuffers(789): error 0x300d (EGL_BAD_SURFACE)
09-10 08:49:23.026  3056  3097 W GLThread: eglSwapBuffers failed: EGL_BAD_SURFACE
09-10 08:49:23.105  3056  3097 E Surface : freeAllBuffers: 1 buffers were freed while being dequeued!
09-10 08:49:36.953  3056  3056 V Godot   : OnStart: GodotFragment{5cfaa47} (5f3e3a5b-ffe8-48a0-beb3-1d0148c37210 id=0x7f07002b tag=partydeck-godot)
09-10 08:49:36.954  3056  3056 W WindowOnBackDispatcher: OnBackInvokedCallback is not enabled for the application.
09-10 08:49:36.954  3056  3056 W WindowOnBackDispatcher: Set 'android:enableOnBackInvokedCallback="true"' in the application manifest.
09-10 08:49:36.956  3056  3056 V Godot   : OnResume: GodotFragment{5cfaa47} (5f3e3a5b-ffe8-48a0-beb3-1d0148c37210 id=0x7f07002b tag=partydeck-godot)
09-10 08:49:38.529  3056  3083 D EGL_emulation: app_time_stats: avg=153.90ms min=42.02ms max=388.08ms count=9
09-10 08:49:41.916  3056  3083 D EGL_emulation: app_time_stats: avg=1693.14ms min=60.89ms max=3325.39ms count=2
09-10 08:49:52.015  3056  3083 D EGL_emulation: app_time_stats: avg=2006.63ms min=19.26ms max=9829.01ms count=5
09-10 08:49:56.289  3056  3097 D EGL_emulation: app_time_stats: avg=9171.30ms min=54.74ms max=18287.86ms count=2
09-10 08:50:00.381  3056  3083 D EGL_emulation: app_time_stats: avg=1666.49ms min=18.51ms max=8112.49ms count=5
09-10 08:50:06.631  3056  3083 D EGL_emulation: app_time_stats: avg=1231.13ms min=15.60ms max=5953.57ms count=5
09-10 08:50:10.944  3056  3097 D EGL_emulation: app_time_stats: avg=4865.68ms min=98.52ms max=14268.89ms count=3
09-10 08:50:15.149  3056  3083 D EGL_emulation: app_time_stats: avg=1685.57ms min=4.48ms max=8276.35ms count=5
09-10 08:50:21.382  3056  3083 D EGL_emulation: app_time_stats: avg=1235.52ms min=14.95ms max=5980.28ms count=5
09-10 08:50:25.667  3056  3083 D EGL_emulation: app_time_stats: avg=848.12ms min=15.48ms max=3971.02ms count=5
09-10 08:50:25.918  3056  3097 D EGL_emulation: app_time_stats: avg=4991.37ms min=103.25ms max=14663.61ms count=3
09-10 08:50:26.800  3056  3083 D EGL_emulation: app_time_stats: avg=210.17ms min=77.70ms max=359.12ms count=5
09-10 08:50:26.930  3056  3097 D EGL_emulation: app_time_stats: avg=336.15ms min=215.51ms max=420.05ms count=3
09-10 08:50:30.281  3056  3083 D EGL_emulation: app_time_stats: avg=3480.84ms min=3480.84ms max=3480.84ms count=1
09-10 08:50:36.583  3056  3083 D EGL_emulation: app_time_stats: avg=1224.24ms min=2.63ms max=5971.10ms count=5
09-10 08:50:50.382  3056  3083 D EGL_emulation: app_time_stats: avg=2749.65ms min=31.42ms max=13522.06ms count=5
09-10 08:50:54.699  3056  3083 D EGL_emulation: app_time_stats: avg=844.77ms min=4.27ms max=4069.02ms count=5
09-10 08:50:54.953  3056  3097 D EGL_emulation: app_time_stats: avg=14011.38ms min=205.59ms max=27817.17ms count=2
09-10 08:50:55.486  3056  3064 I t.compare:godot: Background concurrent mark compact GC freed 2948KB AllocSpace bytes, 0(0B) LOS objects, 49% free, 2796KB/5593KB, paused 278us,7.778ms total 68.267ms
09-10 08:50:55.709  3056  3083 D EGL_emulation: app_time_stats: avg=232.14ms min=84.63ms max=368.73ms count=4
09-10 08:50:55.991  3056  3097 D EGL_emulation: app_time_stats: avg=259.45ms min=72.33ms max=391.39ms count=4
09-10 08:50:59.402  3056  3083 D EGL_emulation: app_time_stats: avg=1839.60ms min=75.95ms max=3603.24ms count=2
09-10 08:51:05.689  3056  3083 D EGL_emulation: app_time_stats: avg=1246.22ms min=12.85ms max=6053.41ms count=5
09-10 08:51:15.750  3056  3083 D EGL_emulation: app_time_stats: avg=2001.35ms min=10.80ms max=9805.32ms count=5
09-10 08:51:19.967  3056  3083 D EGL_emulation: app_time_stats: avg=838.26ms min=15.99ms max=3936.44ms count=5
09-10 08:51:19.982  3056  3097 D EGL_emulation: app_time_stats: avg=23921.38ms min=23921.38ms max=23921.38ms count=1
09-10 08:51:24.564  3056  3083 D EGL_emulation: app_time_stats: avg=744.50ms min=42.23ms max=3587.79ms count=6
09-10 08:51:30.949  3056  3083 D EGL_emulation: app_time_stats: avg=1266.71ms min=18.73ms max=6090.31ms count=5
09-10 08:51:37.216  3056  3083 D EGL_emulation: app_time_stats: avg=1247.78ms min=16.61ms max=5984.68ms count=5
09-10 08:51:41.525  3056  3097 D EGL_emulation: app_time_stats: avg=4308.59ms min=142.38ms max=20581.30ms count=5
09-10 08:51:41.705  3056  3083 D EGL_emulation: app_time_stats: avg=729.90ms min=14.35ms max=4152.35ms count=6
09-10 08:51:42.699  3056  3097 D EGL_emulation: app_time_stats: avg=293.45ms min=159.29ms max=411.64ms count=4
09-10 08:51:46.115  3056  3083 D EGL_emulation: app_time_stats: avg=734.87ms min=78.33ms max=3515.61ms count=6
09-10 08:51:52.314  3056  3083 D EGL_emulation: app_time_stats: avg=1229.68ms min=14.85ms max=5941.50ms count=5
09-10 08:51:58.582  3056  3083 D EGL_emulation: app_time_stats: avg=1250.68ms min=9.65ms max=6019.20ms count=5
09-10 08:52:02.847  3056  3083 D EGL_emulation: app_time_stats: avg=849.71ms min=15.93ms max=4031.55ms count=5
09-10 08:52:03.006  3056  3097 D EGL_emulation: app_time_stats: avg=20307.13ms min=20307.13ms max=20307.13ms count=1
09-10 08:52:07.048  3056  3083 D EGL_emulation: app_time_stats: avg=699.10ms min=59.57ms max=3341.81ms count=6
09-10 08:52:13.298  3056  3083 D EGL_emulation: app_time_stats: avg=1239.04ms min=17.86ms max=5952.15ms count=5
09-10 08:52:23.231  3056  3083 D EGL_emulation: app_time_stats: avg=1978.65ms min=21.53ms max=9680.25ms count=5
09-10 08:52:27.530  3056  3083 D EGL_emulation: app_time_stats: avg=851.20ms min=12.93ms max=4074.80ms count=5
09-10 08:52:27.629  3056  3097 D EGL_emulation: app_time_stats: avg=8207.46ms min=118.98ms max=24152.89ms count=3
09-10 08:52:31.715  3056  3083 D EGL_emulation: app_time_stats: avg=684.99ms min=18.80ms max=3347.30ms count=6
09-10 08:52:37.966  3056  3083 D EGL_emulation: app_time_stats: avg=1235.00ms min=16.22ms max=6006.82ms count=5
09-10 08:52:44.197  3056  3083 D EGL_emulation: app_time_stats: avg=1237.24ms min=16.00ms max=5987.18ms count=5
09-10 08:52:48.510  3056  3097 D EGL_emulation: app_time_stats: avg=6960.26ms min=152.24ms max=20352.06ms count=3
09-10 08:52:52.682  3056  3083 D EGL_emulation: app_time_stats: avg=1201.88ms min=18.63ms max=8082.93ms count=7
09-10 08:52:58.915  3056  3083 D EGL_emulation: app_time_stats: avg=1239.57ms min=16.49ms max=5971.91ms count=5
09-10 08:53:03.202  3056  3097 D EGL_emulation: app_time_stats: avg=4897.24ms min=98.11ms max=14410.42ms count=3
09-10 08:53:07.315  3056  3083 D EGL_emulation: app_time_stats: avg=1666.88ms min=16.57ms max=8148.05ms count=5
09-10 08:53:13.598  3056  3083 D EGL_emulation: app_time_stats: avg=1243.33ms min=3.85ms max=6031.47ms count=5
09-10 08:53:17.880  3056  3083 D EGL_emulation: app_time_stats: avg=844.67ms min=22.86ms max=4033.77ms count=5
09-10 08:53:18.097  3056  3097 D EGL_emulation: app_time_stats: avg=4964.80ms min=96.08ms max=14653.48ms count=3
09-10 08:53:19.007  3056  3083 D EGL_emulation: app_time_stats: avg=225.26ms min=104.57ms max=399.50ms count=5
09-10 08:53:22.482  3056  3083 D EGL_emulation: app_time_stats: avg=3474.81ms min=3474.81ms max=3474.81ms count=1
09-10 08:53:28.731  3056  3083 D EGL_emulation: app_time_stats: avg=1233.67ms min=1.74ms max=6008.24ms count=5
09-10 08:53:35.048  3056  3083 D EGL_emulation: app_time_stats: avg=1254.53ms min=18.24ms max=6041.94ms count=5
09-10 08:53:39.244  3056  3097 D EGL_emulation: app_time_stats: avg=4229.53ms min=147.42ms max=20298.36ms count=5
09-10 08:53:39.440  3056  3083 D EGL_emulation: app_time_stats: avg=868.64ms min=9.93ms max=4120.65ms count=5
09-10 08:53:43.867  3056  3083 D EGL_emulation: app_time_stats: avg=728.31ms min=13.59ms max=3518.48ms count=6
09-10 08:53:50.098  3056  3083 D EGL_emulation: app_time_stats: avg=1240.93ms min=15.08ms max=5982.28ms count=5
09-10 08:53:56.315  3056  3083 D EGL_emulation: app_time_stats: avg=1232.79ms min=18.50ms max=5933.88ms count=5
09-10 08:54:00.597  3056  3083 D EGL_emulation: app_time_stats: avg=846.76ms min=22.06ms max=4027.91ms count=5
09-10 08:54:00.694  3056  3097 D EGL_emulation: app_time_stats: avg=4289.59ms min=83.40ms max=20534.44ms count=5
09-10 08:54:01.671  3056  3083 D EGL_emulation: app_time_stats: avg=210.71ms min=84.53ms max=440.85ms count=5
09-10 08:54:05.198  3056  3083 D EGL_emulation: app_time_stats: avg=3526.51ms min=3526.51ms max=3526.51ms count=1
09-10 08:54:11.414  3056  3083 D EGL_emulation: app_time_stats: avg=1234.30ms min=14.89ms max=5948.33ms count=5
09-10 08:54:17.685  3056  3083 D EGL_emulation: app_time_stats: avg=1246.86ms min=16.09ms max=6025.31ms count=5
09-10 08:54:21.963  3056  3083 D EGL_emulation: app_time_stats: avg=848.36ms min=16.14ms max=4050.96ms count=5
09-10 08:54:22.047  3056  3097 D EGL_emulation: app_time_stats: avg=4270.76ms min=116.69ms max=20486.79ms count=5
09-10 08:54:23.066  3056  3083 D EGL_emulation: app_time_stats: avg=220.42ms min=124.27ms max=262.12ms count=5
09-10 08:54:23.104  3056  3097 D EGL_emulation: app_time_stats: avg=264.09ms min=191.87ms max=330.81ms count=4
09-10 08:54:26.548  3056  3083 D EGL_emulation: app_time_stats: avg=3480.04ms min=3480.04ms max=3480.04ms count=1
09-10 08:54:32.799  3056  3083 D EGL_emulation: app_time_stats: avg=1241.68ms min=19.60ms max=6001.36ms count=5
09-10 08:54:38.998  3056  3083 D EGL_emulation: app_time_stats: avg=1233.36ms min=19.89ms max=5945.86ms count=5
09-10 08:54:43.280  3056  3083 D EGL_emulation: app_time_stats: avg=849.01ms min=17.84ms max=4043.49ms count=5
09-10 08:54:43.566  3056  3097 D EGL_emulation: app_time_stats: avg=20462.35ms min=20462.35ms max=20462.35ms count=1
09-10 08:54:47.364  3056  3083 D EGL_emulation: app_time_stats: avg=680.57ms min=16.82ms max=3267.22ms count=6
09-10 08:54:53.669  3056  3083 D EGL_emulation: app_time_stats: avg=1251.24ms min=18.21ms max=6051.32ms count=5
09-10 08:54:59.898  3056  3083 D EGL_emulation: app_time_stats: avg=1242.80ms min=15.95ms max=5943.12ms count=5
09-10 08:55:04.205  3056  3097 D EGL_emulation: app_time_stats: avg=6879.49ms min=113.55ms max=20345.51ms count=3
09-10 08:55:04.323  3056  3083 D EGL_emulation: app_time_stats: avg=876.09ms min=14.60ms max=4160.65ms count=5
09-10 08:55:05.691  3056  3097 D EGL_emulation: app_time_stats: avg=495.20ms min=215.76ms max=871.63ms count=3
09-10 08:55:05.841  3056  3083 D EGL_emulation: app_time_stats: avg=300.35ms min=75.33ms max=786.18ms count=5
09-10 08:55:08.831  3056  3083 D EGL_emulation: app_time_stats: avg=2989.72ms min=2989.72ms max=2989.72ms count=1
09-10 08:55:15.098  3056  3083 D EGL_emulation: app_time_stats: avg=1244.55ms min=20.61ms max=6024.05ms count=5
09-10 08:55:21.315  3056  3083 D EGL_emulation: app_time_stats: avg=1229.97ms min=18.50ms max=5918.49ms count=5
09-10 08:55:25.513  3056  3083 D EGL_emulation: app_time_stats: avg=830.72ms min=19.20ms max=3942.82ms count=5
09-10 08:55:25.612  3056  3097 D EGL_emulation: app_time_stats: avg=9960.58ms min=200.14ms max=19721.02ms count=2
09-10 08:55:26.925  3056  3097 D EGL_emulation: app_time_stats: avg=437.73ms min=119.09ms max=821.39ms count=3
09-10 08:55:27.146  3056  3083 D EGL_emulation: app_time_stats: avg=299.14ms min=16.01ms max=811.59ms count=5
09-10 08:55:30.098  3056  3083 D EGL_emulation: app_time_stats: avg=2952.53ms min=2952.53ms max=2952.53ms count=1
09-10 08:55:36.348  3056  3083 D EGL_emulation: app_time_stats: avg=1240.88ms min=14.92ms max=5974.53ms count=5
09-10 08:55:42.648  3056  3083 D EGL_emulation: app_time_stats: avg=1040.59ms min=19.01ms max=5966.49ms count=6
09-10 08:55:46.930  3056  3083 D EGL_emulation: app_time_stats: avg=847.34ms min=18.02ms max=4035.42ms count=5
09-10 08:55:47.110  3056  3097 D EGL_emulation: app_time_stats: avg=10092.28ms min=234.71ms max=19949.85ms count=2
09-10 08:55:48.266  3056  3097 D EGL_emulation: app_time_stats: avg=385.24ms min=162.28ms max=735.42ms count=3
09-10 08:55:48.410  3056  3083 D EGL_emulation: app_time_stats: avg=295.84ms min=100.38ms max=663.41ms count=5
09-10 08:55:51.516  3056  3083 D EGL_emulation: app_time_stats: avg=3106.19ms min=3106.19ms max=3106.19ms count=1
09-10 08:55:57.749  3056  3083 D EGL_emulation: app_time_stats: avg=1240.32ms min=16.26ms max=5997.93ms count=5
09-10 08:56:04.032  3056  3083 D EGL_emulation: app_time_stats: avg=1251.45ms min=21.45ms max=5957.83ms count=5
09-10 08:56:08.263  3056  3083 D EGL_emulation: app_time_stats: avg=836.07ms min=16.93ms max=3981.74ms count=5
09-10 08:56:08.339  3056  3097 D EGL_emulation: app_time_stats: avg=10036.90ms min=191.65ms max=19882.15ms count=2
09-10 08:56:09.739  3056  3097 D EGL_emulation: app_time_stats: avg=466.24ms min=297.67ms max=783.75ms count=3
09-10 08:56:09.843  3056  3083 D EGL_emulation: app_time_stats: avg=316.02ms min=127.52ms max=695.17ms count=5
09-10 08:56:12.916  3056  3083 D EGL_emulation: app_time_stats: avg=3072.90ms min=3072.90ms max=3072.90ms count=1
09-10 08:56:19.149  3056  3083 D EGL_emulation: app_time_stats: avg=1240.72ms min=23.47ms max=5969.22ms count=5
09-10 08:56:25.315  3056  3083 D EGL_emulation: app_time_stats: avg=1223.98ms min=12.66ms max=5907.53ms count=5
09-10 08:56:29.630  3056  3083 D EGL_emulation: app_time_stats: avg=862.96ms min=17.32ms max=4078.87ms count=5
09-10 08:56:29.736  3056  3097 D EGL_emulation: app_time_stats: avg=9998.32ms min=168.77ms max=19827.87ms count=2
09-10 08:56:31.056  3056  3097 D EGL_emulation: app_time_stats: avg=440.09ms min=173.00ms max=760.41ms count=3
09-10 08:56:31.152  3056  3083 D EGL_emulation: app_time_stats: avg=304.40ms min=99.22ms max=681.92ms count=5
09-10 08:56:34.248  3056  3083 D EGL_emulation: app_time_stats: avg=3095.61ms min=3095.61ms max=3095.61ms count=1
09-10 08:56:40.499  3056  3083 D EGL_emulation: app_time_stats: avg=1240.99ms min=17.44ms max=5989.42ms count=5
09-10 08:56:46.765  3056  3083 D EGL_emulation: app_time_stats: avg=1236.89ms min=9.54ms max=5982.77ms count=5
09-10 08:56:51.047  3056  3083 D EGL_emulation: app_time_stats: avg=841.67ms min=18.41ms max=4048.41ms count=5
09-10 08:56:51.250  3056  3097 D EGL_emulation: app_time_stats: avg=10097.05ms min=298.33ms max=19895.77ms count=2
09-10 08:56:52.472  3056  3097 D EGL_emulation: app_time_stats: avg=407.14ms min=151.46ms max=813.13ms count=3
09-10 08:56:52.637  3056  3083 D EGL_emulation: app_time_stats: avg=292.41ms min=12.65ms max=774.46ms count=5
09-10 08:56:55.648  3056  3083 D EGL_emulation: app_time_stats: avg=3010.95ms min=3010.95ms max=3010.95ms count=1
09-10 08:57:01.898  3056  3083 D EGL_emulation: app_time_stats: avg=1243.60ms min=15.61ms max=6009.65ms count=5
09-10 08:57:11.931  3056  3083 D EGL_emulation: app_time_stats: avg=1994.82ms min=16.18ms max=9767.78ms count=5
09-10 08:57:16.119  3056  3056 I PartyDeckGodotBridge: Close requested elapsed_ms=642134
09-10 08:57:16.134  3056  3083 D EGL_emulation: app_time_stats: avg=832.95ms min=23.18ms max=3937.78ms count=5
09-10 08:57:16.369  3056  3056 I PartyDeckGodotHost: Close fallback elapsed_ms=642384
09-10 08:57:16.576  3056  3097 D EGL_emulation: app_time_stats: avg=12052.14ms min=277.69ms max=23826.58ms count=2
09-10 08:57:16.576  3056  3097 D GLThread: Exiting render thread
09-10 08:57:16.576  3056  3097 D GodotRenderer: Destroying Godot Engine
09-10 08:57:16.594  3056  3097 D t.compare:godot: PlayerBase::stop() from IPlayer
09-10 08:57:16.597  3056  3097 D AudioTrack: stop(16): called with 24455214 frames delivered
09-10 08:57:16.599  3056  3097 E eglCodecCommon: removeVertexArrayObject: ERROR: 7 not found in VAO state!
09-10 08:57:16.632  3056  3097 V Godot   : OnGodotTerminating
09-10 08:57:16.688  3056  3056 V Godot   : OnDestroy: GodotFragment{5cfaa47} (5f3e3a5b-ffe8-48a0-beb3-1d0148c37210 id=0x7f07002b tag=partydeck-godot)
09-10 08:57:16.704  3056  3056 V Godot   : OnPause: GodotFragment{5cfaa47} (5f3e3a5b-ffe8-48a0-beb3-1d0148c37210 id=0x7f07002b tag=partydeck-godot)
09-10 08:57:16.890  3056  3056 I PartyDeckGodotHost: Engine process exit requested
09-10 08:57:16.890  3056  3056 I Process : Sending signal. PID: 3056 SIG: 9
