--------- beginning of main
09-10 10:17:03.255  8789  8789 I t.compare:godot: Late-enabling -Xcheck:jni
09-10 10:17:03.285  8789  8789 I t.compare:godot: Using CollectorTypeCMC GC.
09-10 10:17:03.286  8789  8789 W t.compare:godot: Unexpected CPU variant for x86: x86_64.
09-10 10:17:03.286  8789  8789 W t.compare:godot: Known variants: atom, sandybridge, silvermont, goldmont, goldmont-plus, goldmont-without-sha-xsaves, tremont, kabylake, default
09-10 10:17:03.335  8789  8789 D nativeloader: Load libframework-connectivity-tiramisu-jni.so using APEX ns com_android_tethering for caller /apex/com.android.tethering/javalib/framework-connectivity-t.jar: ok
09-10 10:17:03.397  8789  8789 W ziparchive: Unable to open '/data/app/~~eVqm6EJco72KvyoAhHVB5A==/dev.partydeck.godot.compare-Y_lT6G_OkJ_9lFu91fffHQ==/base.dm': No such file or directory
09-10 10:17:03.397  8789  8789 W ziparchive: Unable to open '/data/app/~~eVqm6EJco72KvyoAhHVB5A==/dev.partydeck.godot.compare-Y_lT6G_OkJ_9lFu91fffHQ==/base.dm': No such file or directory
09-10 10:17:03.561  8789  8789 D nativeloader: Configuring clns-7 for other apk /data/app/~~eVqm6EJco72KvyoAhHVB5A==/dev.partydeck.godot.compare-Y_lT6G_OkJ_9lFu91fffHQ==/base.apk. target_sdk_version=36, uses_libraries=, library_path=/data/app/~~eVqm6EJco72KvyoAhHVB5A==/dev.partydeck.godot.compare-Y_lT6G_OkJ_9lFu91fffHQ==/lib/x86_64:/data/app/~~eVqm6EJco72KvyoAhHVB5A==/dev.partydeck.godot.compare-Y_lT6G_OkJ_9lFu91fffHQ==/base.apk!/lib/x86_64, permitted_path=/data:/mnt/expand:/data/user/0/dev.partydeck.godot.compare
09-10 10:17:03.596  8789  8789 V GraphicsEnvironment: Currently set values for:
09-10 10:17:03.596  8789  8789 V GraphicsEnvironment:   angle_gl_driver_selection_pkgs=[]
09-10 10:17:03.596  8789  8789 V GraphicsEnvironment:   angle_gl_driver_selection_values=[]
09-10 10:17:03.596  8789  8789 V GraphicsEnvironment: Global.Settings values are invalid: number of packages: 0, number of values: 0
09-10 10:17:03.596  8789  8789 V GraphicsEnvironment: Neither updatable production driver nor prerelease driver is supported.
09-10 10:17:04.045  8789  8789 V Godot   : Initializing Godot plugin registry
09-10 10:17:04.046  8789  8789 I GodotPluginRegistry: Registering runtime plugin AndroidRuntime
09-10 10:17:04.046  8789  8789 I GodotPluginRegistry: Registering runtime plugin PartyDeckBridge
09-10 10:17:04.046  8789  8789 V Godot   : InitEngine with params: [--main-pack, res://partydeck-last-light.pck, --rendering-method, gl_compatibility, --xr-mode, off]
09-10 10:17:04.103  8789  8789 D nativeloader: Load /data/app/~~eVqm6EJco72KvyoAhHVB5A==/dev.partydeck.godot.compare-Y_lT6G_OkJ_9lFu91fffHQ==/base.apk!/lib/x86_64/libgodot_android.so using ns clns-7 from class loader (caller=/data/app/~~eVqm6EJco72KvyoAhHVB5A==/dev.partydeck.godot.compare-Y_lT6G_OkJ_9lFu91fffHQ==/base.apk): ok
09-10 10:17:04.105  8789  8789 V Godot   : Godot native layer initialization completed: true
09-10 10:17:04.105  8789  8789 V Godot   : Setting up native layer with params: [--main-pack, res://partydeck-last-light.pck, --rendering-method, gl_compatibility, --xr-mode, off]
09-10 10:17:04.158  8789  8789 V Godot   : Godot native layer setup completed
09-10 10:17:04.158  8789  8789 V Godot   : OnInitRenderView: GodotFragment{2d7c1b} (80b590ef-ec16-42c5-828c-36b41c0346ae id=0x7f07002b tag=partydeck-godot)
09-10 10:17:04.170  8789  8789 D Godot   : Render view should be transparent: false
09-10 10:17:04.171  8789  8789 D Godot   : renderingDevice: opengl3 (ProjectSettings)
09-10 10:17:04.171  8789  8789 D Godot   : 			renderer: gl_compatibility (Default)
09-10 10:17:04.183  8789  8789 V Godot   : OnStart: GodotFragment{2d7c1b} (80b590ef-ec16-42c5-828c-36b41c0346ae id=0x7f07002b tag=partydeck-godot)
09-10 10:17:04.184  8789  8789 W WindowOnBackDispatcher: OnBackInvokedCallback is not enabled for the application.
09-10 10:17:04.184  8789  8789 W WindowOnBackDispatcher: Set 'android:enableOnBackInvokedCallback="true"' in the application manifest.
09-10 10:17:04.187  8789  8789 V Godot   : OnResume: GodotFragment{2d7c1b} (80b590ef-ec16-42c5-828c-36b41c0346ae id=0x7f07002b tag=partydeck-godot)
09-10 10:17:04.191  8789  8789 W HWUI    : Unknown dataspace 0
09-10 10:17:04.241  8789  8806 I EGL_emulation: Opening libGLESv1_CM_emulation.so
09-10 10:17:04.241  8789  8806 I EGL_emulation: Opening libGLESv2_emulation.so
09-10 10:17:04.248  8789  8806 W HWUI    : Failed to choose config with EGL_SWAP_BEHAVIOR_PRESERVED, retrying without...
09-10 10:17:04.248  8789  8806 W HWUI    : Failed to initialize 101010-2 format, error = EGL_SUCCESS
09-10 10:17:04.363  8789  8826 W RegularContextFactory: creating OpenGL ES 3.0 context :
09-10 10:17:04.379  8789  8826 I Gralloc4: mapper 4.x is not supported
09-10 10:17:04.409  8789  8826 I godot   : Godot Engine v4.7.2.stable.official.ed1daf0bf - https://godotengine.org
09-10 10:17:04.527  8789  8796 I t.compare:godot: Compiler allocated 4219KB to compile void android.widget.TextView.<init>(android.content.Context, android.util.AttributeSet, int, int)
09-10 10:17:04.577  8789  8826 E godot   : WARNING: Failed to load cached shader, recompiling.
09-10 10:17:04.577  8789  8826 E godot   :    at: _load_from_cache (drivers/gles3/shader_gles3.cpp:615)
09-10 10:17:05.103  8789  8796 I t.compare:godot: Compiler allocated 5174KB to compile void android.view.ViewRootImpl.performTraversals()
09-10 10:17:05.369  8789  8831 E SurfaceSyncGroup: Failed to receive transaction ready in 1000ms. Marking SurfaceSyncGroup(wmsSync-VRI[GodotGameActivity]#1) as ready
09-10 10:17:05.373  8789  8831 E SurfaceSyncGroup: Failed to receive transaction ready in 1000ms. Marking SurfaceSyncGroup(VRI[GodotGameActivity]#2) as ready
09-10 10:17:05.375  8789  8831 E SurfaceSyncGroup: Failed to receive transaction ready in 1000ms. Marking SurfaceSyncGroup(SurfaceView[dev.partydeck.godot.compare/dev.partydeck.godot.compare.GodotGameActivity]#0) as ready
09-10 10:17:05.579  8789  8806 D EGL_emulation: app_time_stats: avg=526.70ms min=6.78ms max=1046.62ms count=2
09-10 10:17:05.880  8789  8826 I godot   : OpenGL API OpenGL ES 3.1 (OpenGL ES 3.1.0 (ANGLE 2.1.17841 git hash: 5fa2e61da947)) - Compatibility - Using Device: Google (Google Inc. (Google)) - Android Emulator OpenGL ES Translator (ANGLE (Google, Vulkan 1.3.0 (SwiftShader Device (Subzero) (0x0000C0DE)), SwiftShader driver-5.0.0))
09-10 10:17:05.882  8789  8826 D t.compare:godot: PlayerBase::PlayerBase()
09-10 10:17:05.882  8789  8826 D t.compare:godot: TrackPlayerBase::TrackPlayerBase()
09-10 10:17:05.882  8789  8826 I libOpenSLES: Emulating old channel mask behavior (ignoring positional mask 0x3, using default mask 0x3 based on channel count of 2)
09-10 10:17:05.887  8789  8826 I godot   : 
09-10 10:17:06.280  8789  8826 V Godot   : OnGodotSetupCompleted
09-10 10:17:06.286  8789  8826 V Godot   : OnGodotMainLoopStarted
09-10 10:17:06.704  8789  8806 D EGL_emulation: app_time_stats: avg=347.98ms min=79.17ms max=660.78ms count=3
09-10 10:17:08.811  8789  8826 D EGL_emulation: app_time_stats: avg=946.69ms min=7.95ms max=1982.12ms count=3
09-10 10:17:08.983  8789  8806 D EGL_emulation: app_time_stats: avg=1139.03ms min=712.43ms max=1565.64ms count=2
09-10 10:17:18.960  8789  8789 D AutofillManager: Fill dialog is enabled:false, hints=[]
09-10 10:17:18.990  8789  8806 D EGL_emulation: app_time_stats: avg=2493.68ms min=63.71ms max=9703.87ms count=4
09-10 10:17:23.230  8789  8789 I PartyDeckGodotBridge: Close requested elapsed_ms=676509
09-10 10:17:23.239  8789  8826 D EGL_emulation: app_time_stats: avg=7170.64ms min=86.43ms max=14254.85ms count=2
09-10 10:17:23.239  8789  8826 I PartyDeckGodotBridge: Close dispatch started elapsed_ms=676518
09-10 10:17:23.240  8789  8826 I PartyDeckGodotBridge: Close native barrier elapsed_ms=676518
09-10 10:17:23.262  8789  8806 D EGL_emulation: app_time_stats: avg=844.73ms min=21.98ms max=4009.56ms count=5
09-10 10:17:23.263  8789  8789 I PartyDeckGodotHost: Close main callback elapsed_ms=676541
09-10 10:17:23.270  8789  8826 D GLThread: Exiting render thread
09-10 10:17:23.270  8789  8826 D GodotRenderer: Destroying Godot Engine
09-10 10:17:23.295  8789  8826 D t.compare:godot: PlayerBase::stop() from IPlayer
09-10 10:17:23.296  8789  8826 D AudioTrack: stop(17): called with 771704 frames delivered
09-10 10:17:23.307  8789  8826 E eglCodecCommon: removeVertexArrayObject: ERROR: 7 not found in VAO state!
09-10 10:17:23.366  8789  8826 V Godot   : OnGodotTerminating
09-10 10:17:23.383  8789  8789 V Godot   : OnDestroy: GodotFragment{2d7c1b} (80b590ef-ec16-42c5-828c-36b41c0346ae id=0x7f07002b tag=partydeck-godot)
09-10 10:17:23.402  8789  8789 V Godot   : OnPause: GodotFragment{2d7c1b} (80b590ef-ec16-42c5-828c-36b41c0346ae id=0x7f07002b tag=partydeck-godot)
09-10 10:17:23.531  8789  8789 I PartyDeckGodotHost: Engine process exit requested
09-10 10:17:23.531  8789  8789 I Process : Sending signal. PID: 8789 SIG: 9
