Exported 34 attachments for: RetainedHostUITests/testActiveAndDormantBackgroundTransitionsStayConcealed():
File: E2F80C27-C7D1-499D-A7A1-BD995ECD0F8E.json, suggested name: "Dormant application lifecycle did not restart the engine services measurements_0_AE21DCCD-FA94-4481-B056-3067F5A056E9.json"
File: 5E006EB3-4871-4637-8F8E-1B380EC1DAD3.png, suggested name: "Dormant application lifecycle did not restart the engine services_0_E7C0EEA5-CA23-421A-A392-14A0DFB6BD55.png"
File: 382F0497-DC52-46A2-8553-728CEDBEFA40.json, suggested name: "Whole recipient scene retired; retained services dormant measurements_0_CB1C19D2-3F18-43EF-BCAD-D2015AA3FE5C.json"
File: 313A8B8F-21B6-4395-8B14-72D8DF331CBA.png, suggested name: "Whole recipient scene retired; retained services dormant_0_03D43D93-8ECB-48D2-A6F1-62DCF4BFD353.png"
File: A5166EB9-F332-4140-9556-31681CB07339.json, suggested name: "Measured real touch target_0_CBFE0CF2-C3CC-43EB-A1B0-93DE3091922D.json"
File: EEAF9D2F-5E77-4027-8FB8-58B69814F582.json, suggested name: "Measured dormant shell interval_0_E1E48828-6459-46FF-A6C5-06771D44C4D6.json"
File: DA6770AC-9D6B-4E93-94DC-0C7F7AA3D2DD.json, suggested name: "Dormant Homeactivate accepted native observation_0_642C2145-65E3-4E9E-B07B-6D1313FF4422.json"
File: 5A941CF3-CCBE-4DCA-AD85-7EBF53B244BB.png, suggested name: "Actual Home screen_0_0DC01278-7EA4-4F89-885C-51BF6D7528AD.png"
File: 2958F100-FB21-479F-ADD3-144C21BC9D87.txt, suggested name: "Actual SpringBoard hierarchy_0_E211CE4D-C576-4259-A9D9-0E1BF73A7FF6.txt"
File: 187B66EB-A7FE-4632-9A46-171AF054B4DE.json, suggested name: "Actual Home state and dock observation_0_17D79CAE-9A2D-40B5-97B8-53C614258E70.json"
File: 28620323-3F13-4DAA-980F-8A513A7C1502.json, suggested name: "Measured dormant shell interval_0_572717E7-EE87-4776-9D89-12E8DF611463.json"
File: A638AEB4-D9A5-4243-B59E-09ACA57BD3A5.json, suggested name: "Whole recipient scene retired; retained services dormant measurements_0_70B081B1-5E06-4A6B-B699-5935AFB847A1.json"
File: 9BE707D8-CBD0-409E-801D-C7B5068BD140.png, suggested name: "Whole recipient scene retired; retained services dormant_0_3A8E3DFC-A494-4575-94F5-F0A8770B5467.png"
File: FF9C7A34-388B-48CC-B84E-54E6D6F91789.json, suggested name: "Measured real touch target_0_D58721DD-65F2-499A-BCFB-B7A5EC64D132.json"
File: B7741D8E-D8B4-4F3D-8D3F-580A6C99944E.json, suggested name: "Real background and resume kept the same authority concealed measurements_0_ABAA64D5-8658-47C8-8FCF-45729F58B03D.json"
File: BF88A643-CECE-4D6E-839A-F0E65E92975B.png, suggested name: "Real background and resume kept the same authority concealed_0_DC51834F-17F1-4651-9D55-2B31D7FC5AB1.png"
File: 1EB5798E-7EFD-4BD0-9216-0196197844CB.png, suggested name: "Actual Home screen_0_181D20A7-BD33-4C5B-9C00-C14D103661A5.png"
File: 370B470C-0210-4B8A-976F-318D54014EA0.txt, suggested name: "Actual SpringBoard hierarchy_0_64AA9D85-61CE-4A04-87D3-3610D941829C.txt"
File: 9490A742-9B3E-493F-8330-F837D067003A.json, suggested name: "Actual Home state and dock observation_0_E6E4264E-9158-4A36-B7F0-F2072E3A8D74.json"
File: CC620F1E-00C9-44C6-8AE5-69E296C0D971.json, suggested name: "Real reveal and card selection measurements_0_52CA26C3-3E7E-48E2-A6DF-A619133785B9.json"
File: 10D37F51-600E-4AF2-9577-B698B6450326.png, suggested name: "Real reveal and card selection_0_217A99B7-BCDC-4C81-B7DC-3FB4AA7BDC7F.png"
File: FB831A7F-A2B0-417B-A1FD-6D9416446CC2.json, suggested name: "Measured real touch target_0_63F63068-F8C2-4B70-A606-BE833ABE4E19.json"
File: ABF685C4-C0F8-45F5-B03D-1DD80316DDDB.json, suggested name: "Measured real touch target_0_6305FF1F-F159-43F9-B280-2CCEFDE288FA.json"
File: 008091CA-77A4-48A3-8FFE-1470EDDB2E10.json, suggested name: "Real reveal and card selection measurements_0_1300D732-F16A-4190-BA38-B25D1E45550B.json"
File: 3C834BE2-0BF2-42EF-8F45-281634E5AE99.png, suggested name: "Real reveal and card selection_0_427BA910-17D9-4807-825C-3C8AD2142989.png"
File: D956228E-F395-419C-A50D-57F34E2DB054.json, suggested name: "Measured real touch target_0_6043D12A-4331-4D1B-B06B-E843339D072B.json"
File: 64F47659-C7B1-4AA6-BA9D-8AEBFF4E7904.json, suggested name: "Measured real touch target_0_E08783EF-8C34-426D-A97C-33C4357ED45F.json"
File: A7894965-F7EC-40A9-9F96-3302FEFBAB92.json, suggested name: "Coalesced native foreground loss and regain returned concealed measurements_0_372A3145-D286-4483-BD88-50B0AF189E33.json"
File: 06C12AC6-916D-40ED-B77F-6EBDEDB8E156.png, suggested name: "Coalesced native foreground loss and regain returned concealed_0_A41F25C3-00FF-4D12-AF16-18E5B60F43B0.png"
File: 3300E528-8B3F-4AA2-82EC-066449B61F13.json, suggested name: "Real reveal and card selection measurements_0_06935769-8DD7-4B28-B7AE-40E93B2FAEC9.json"
File: 2C3F36DC-6DBB-4FC3-9F61-F4AAB59A438F.png, suggested name: "Real reveal and card selection_0_8A7EDA45-69E6-410E-8D1C-585E1A8F2C81.png"
File: A2395430-AAFC-48D0-AF0F-66C6B36CCABB.json, suggested name: "Measured real touch target_0_97DC6A0E-37EA-480C-9382-EA51746E1BEC.json"
File: C9547225-D3DD-49A7-9352-5EFA287FF6BA.json, suggested name: "Measured real touch target_0_8A491C9F-EA9F-4608-90C5-BC4AE208E1D6.json"
File: 96C9CC33-42BC-4F2E-9DEA-7F8B3724EBA1.json, suggested name: "Measured real touch target_0_D0710719-2AB6-4749-B246-50447AB9A139.json"

Exported 46 attachments for: RetainedHostUITests/testRepeated2DAnd3DKeepOneDormantEngine():
File: C2BCB1DE-31BD-4BEC-A46A-310C3FF1DFD1.json, suggested name: "Failed retained observation measurements_0_04BDEAE4-A391-4ADC-BDA7-908BA147EC6B.json"
File: 8CDCE79D-40D7-4850-B191-639C1BE27F87.png, suggested name: "Failed retained observation_0_30C66697-DC2E-4694-872A-9B020F1E7158.png"
File: 28991551-729F-4C81-BC83-36823EDE4F1F.json, suggested name: "Last rejected retained wait observation_0_2BE237BC-2CDA-4BAD-95BF-7BEF98F7B5A3.json"
File: BA932085-3800-479E-B35C-46B271059267, suggested name: "UI Snapshot 2026-09-10 at 05.13.57 PM"
File: 32E27C2C-AA14-4B99-843D-25A0A62A971E, suggested name: "Synthesized Event 2026-09-10 at 05.13.58 PM"
File: 4AE2BD42-93A5-47C6-B9A9-1EA7B8FE9D04.json, suggested name: "Measured real touch target_0_D124F25D-B344-4E3C-84BC-4283CE820226.json"
File: 32FF3ECA-A251-43A4-8445-A47FAFAE33FE.json, suggested name: "Real reveal and card selection measurements_0_88D68E40-01D8-4D95-826E-E440E57A40DE.json"
File: A628F6E8-EB9C-451E-AD3D-6C084C3F2AB4.png, suggested name: "Real reveal and card selection_0_50B4BFBE-D507-4202-93ED-A2C9AE0EAE9E.png"
File: 5852DA05-9FDF-464E-9AF0-81C00467B0C5, suggested name: "UI Snapshot 2026-09-10 at 05.13.32 PM"
File: 3E7B2D97-898A-41B7-8B23-69DA08D92BBA, suggested name: "Synthesized Event 2026-09-10 at 05.13.32 PM"
File: 38993838-3656-4B7C-919F-16E87B713322.json, suggested name: "Measured real touch target_0_404636F0-D0EA-454A-9F7F-97D4222D163D.json"
File: D28647D6-D987-4BB1-9B41-648AAB47E980, suggested name: "UI Snapshot 2026-09-10 at 05.13.15 PM"
File: B3DD9183-B7A7-48F2-B45B-635C489EB9B2, suggested name: "Synthesized Event 2026-09-10 at 05.13.16 PM"
File: C98AFEEF-3954-4713-BDB3-E19B17EC5073.json, suggested name: "Measured real touch target_0_5653500B-772F-4046-8EEA-A5E71F82F50C.json"
File: 7DD8EA77-7AF5-428C-88BC-94C268A24698.json, suggested name: "Entry 2 fresh concealed 3d measurements_0_E8B1D35D-4951-43FA-B1C1-AEE7F7C9F47B.json"
File: 1F5AF9C6-78C9-4A21-B61C-F2197D3665A8.png, suggested name: "Entry 2 fresh concealed 3d_0_83B68DD9-0643-408F-A5BA-24537912FD3B.png"
File: 30F99C7D-C773-448D-8996-2BA14920F162, suggested name: "UI Snapshot 2026-09-10 at 05.12.44 PM"
File: DCDDF4C1-0573-42FB-95B1-00D9E705A002, suggested name: "Synthesized Event 2026-09-10 at 05.12.44 PM"
File: 23421E9F-A880-452B-A7BC-81ADADA7C053.json, suggested name: "Measured dormant shell interval_0_56D6D595-69CF-43BE-91BA-014723D55FCF.json"
File: 05726DDF-5256-4CBB-B92A-291861B2E093, suggested name: "UI Snapshot 2026-09-10 at 05.12.42 PM"
File: 299A1029-0830-4895-91A8-B4EB88C2208E, suggested name: "Synthesized Event 2026-09-10 at 05.12.42 PM"
File: C6E15484-9974-4909-A691-76D82F2CAA86.json, suggested name: "Whole recipient scene retired; retained services dormant measurements_0_CF94C7C3-DE8D-4019-A1C8-7B58A069EF86.json"
File: 088AF648-B6BF-414A-A0F1-939810FE8172.png, suggested name: "Whole recipient scene retired; retained services dormant_0_B70DE70F-8F90-49DC-B485-580C99B33D15.png"
File: 1820347D-40FC-4F9E-9801-D78471FD9D55, suggested name: "UI Snapshot 2026-09-10 at 05.12.40 PM"
File: C8EB7F8C-309E-462B-B815-63F0905A656E, suggested name: "Synthesized Event 2026-09-10 at 05.12.41 PM"
File: E1A5F474-3980-43DD-BFCB-7DA4B8C1A905.json, suggested name: "Measured real touch target_0_48057FFE-758D-4527-BFDE-AFF812D07C3D.json"
File: 6A643F29-9FD8-4FE7-927F-D467223B3EB0.json, suggested name: "Real play accepted by the Kotlin authority measurements_0_CB26E63C-3002-438A-A4AE-DB38CB07E608.json"
File: 90F412F8-0188-424B-ACB4-07EC5494E0AF.png, suggested name: "Real play accepted by the Kotlin authority_0_7433AAE2-0D84-4FDE-819B-A9D844074164.png"
File: 553DDBC4-4DE6-4C43-AA30-DD98357D135A, suggested name: "UI Snapshot 2026-09-10 at 05.12.38 PM"
File: 18A97195-A192-4C6C-BC4D-7D46C63E6145, suggested name: "Synthesized Event 2026-09-10 at 05.12.39 PM"
File: 186D67AB-248E-4CFD-968D-A50674825EC5.json, suggested name: "Measured real touch target_0_9F3E0D3C-F627-411F-AD54-7D997AA200A5.json"
File: 6CC5E966-0F81-4A6C-B405-9FCA251AB2C5.json, suggested name: "Real reveal and card selection measurements_0_0459CAF2-3962-4BBC-A297-E13647D99594.json"
File: C71A370C-759D-4683-8901-A0A3A81D0186.png, suggested name: "Real reveal and card selection_0_4E55CF04-7702-42CE-87A5-A489CACF1230.png"
File: A044712A-EE62-4B54-896C-92EE275A215C, suggested name: "UI Snapshot 2026-09-10 at 05.12.36 PM"
File: E841742C-A996-43AE-8D5C-75C901151867, suggested name: "Synthesized Event 2026-09-10 at 05.12.37 PM"
File: 3BE75165-04D6-48D9-B299-6361073D6537.json, suggested name: "Measured real touch target_0_BB0F363F-C47E-4BEF-A20A-430CBFB92891.json"
File: B612C3DD-E639-4EDC-83CD-AA9F7D8379D4, suggested name: "UI Snapshot 2026-09-10 at 05.12.34 PM"
File: 37BB91BE-02AB-47D9-81A8-DF6131380E66, suggested name: "Synthesized Event 2026-09-10 at 05.12.34 PM"
File: AEF71508-F368-43C8-9F60-C0E724C0E9DB.json, suggested name: "Measured real touch target_0_EA824ACA-9068-445E-993B-DCE3E3B5D9E5.json"
File: 8696CE19-01A4-4F21-94E8-0EB07477FC8C, suggested name: "UI Snapshot 2026-09-10 at 05.12.31 PM"
File: 159C3134-CBAF-4A20-A25B-53136848F106, suggested name: "Synthesized Event 2026-09-10 at 05.12.33 PM"
File: 328A4230-94AF-441D-892A-D5DDA4E8D900.json, suggested name: "Measured real touch target_0_3643CC8A-1275-4C11-9C42-D8F7026E681B.json"
File: 96D437AA-8977-4CF2-B5E3-7A072D1C1CBB.json, suggested name: "Entry 1 fresh concealed 2d measurements_0_70B25E27-4703-47D1-9F8B-4D8BFD53A4EA.json"
File: 04D687D0-A1F0-4DC9-A8B6-EAA72AF1A50D.png, suggested name: "Entry 1 fresh concealed 2d_0_380C1AE6-F8A0-42A3-9EE2-00F18D59AD5F.png"
File: 28250662-84AB-4D4A-878F-CD5C2B602188, suggested name: "Synthesized Event 2026-09-10 at 05.12.27 PM"
File: 5BC35438-EE8B-4271-ACFB-113054EA693D.mp4, suggested name: "Screen Recording 2026-09-10 at 05.12.09 PM.mp4"

Exported 6 attachments for: RetainedHostUITests/testStaleFirstReadyAndCloseCompletionReentry():
File: 98B831C3-6B87-4846-AA46-33A2C7E3C3A3.json, suggested name: "Failed retained observation measurements_0_478F3876-7540-4AF1-98D6-800C6CFBA817.json"
File: A65A135B-8D5E-457F-AEBF-A2F71E391C33.png, suggested name: "Failed retained observation_0_65B5D622-B7FA-4035-800A-D2B56A356151.png"
File: 97CA6E84-8BFE-4784-9FE1-6C774B4C5F44.json, suggested name: "Last rejected retained wait observation_0_37DADDCF-656F-48B0-A69E-7456D0039ACC.json"
File: A617CBCE-B989-4C4D-BC95-03B84780232A, suggested name: "Synthesized Event 2026-09-10 at 05.15.04 PM"
File: 8A8DDE7E-F77A-4067-A60E-460855591FDF, suggested name: "Synthesized Event 2026-09-10 at 05.15.00 PM"
File: 979D66AD-B49C-4C93-AD20-7A04E6EED121.mp4, suggested name: "Screen Recording 2026-09-10 at 05.14.48 PM.mp4"

Generated manifest file with attachment details: /Users/runner/work/PartyDeck/PartyDeck/godot/ios-host/build/retained-host-test/artifacts/attachments/manifest.json
