--------- beginning of main
09-10 07:36:05.092  3062  3062 I t.compare:godot: Late-enabling -Xcheck:jni
09-10 07:36:05.124  3062  3062 I t.compare:godot: Using CollectorTypeCMC GC.
09-10 07:36:05.125  3062  3062 W t.compare:godot: Unexpected CPU variant for x86: x86_64.
09-10 07:36:05.125  3062  3062 W t.compare:godot: Known variants: atom, sandybridge, silvermont, goldmont, goldmont-plus, goldmont-without-sha-xsaves, tremont, kabylake, default
09-10 07:36:05.156  3062  3062 D nativeloader: Load libframework-connectivity-tiramisu-jni.so using APEX ns com_android_tethering for caller /apex/com.android.tethering/javalib/framework-connectivity-t.jar: ok
09-10 07:36:05.282  3062  3062 W ziparchive: Unable to open '/data/app/~~3tI0v-WyiCgCpz3hnldwWg==/dev.partydeck.godot.compare-ie4WGAI_IuCgQhBwdCYgVg==/base.dm': No such file or directory
09-10 07:36:05.282  3062  3062 W ziparchive: Unable to open '/data/app/~~3tI0v-WyiCgCpz3hnldwWg==/dev.partydeck.godot.compare-ie4WGAI_IuCgQhBwdCYgVg==/base.dm': No such file or directory
09-10 07:36:05.471  3062  3062 D nativeloader: Configuring clns-7 for other apk /data/app/~~3tI0v-WyiCgCpz3hnldwWg==/dev.partydeck.godot.compare-ie4WGAI_IuCgQhBwdCYgVg==/base.apk. target_sdk_version=36, uses_libraries=, library_path=/data/app/~~3tI0v-WyiCgCpz3hnldwWg==/dev.partydeck.godot.compare-ie4WGAI_IuCgQhBwdCYgVg==/lib/x86_64:/data/app/~~3tI0v-WyiCgCpz3hnldwWg==/dev.partydeck.godot.compare-ie4WGAI_IuCgQhBwdCYgVg==/base.apk!/lib/x86_64, permitted_path=/data:/mnt/expand:/data/user/0/dev.partydeck.godot.compare
09-10 07:36:05.492  3062  3062 V GraphicsEnvironment: Currently set values for:
09-10 07:36:05.492  3062  3062 V GraphicsEnvironment:   angle_gl_driver_selection_pkgs=[]
09-10 07:36:05.493  3062  3062 V GraphicsEnvironment:   angle_gl_driver_selection_values=[]
09-10 07:36:05.493  3062  3062 V GraphicsEnvironment: Global.Settings values are invalid: number of packages: 0, number of values: 0
09-10 07:36:05.493  3062  3062 V GraphicsEnvironment: Neither updatable production driver nor prerelease driver is supported.
09-10 07:36:05.943  3062  3062 V Godot   : Initializing Godot plugin registry
09-10 07:36:05.944  3062  3062 I GodotPluginRegistry: Registering runtime plugin AndroidRuntime
09-10 07:36:05.944  3062  3062 I GodotPluginRegistry: Registering runtime plugin PartyDeckBridge
09-10 07:36:05.945  3062  3062 V Godot   : InitEngine with params: [--main-pack, res://partydeck-last-light.pck, --rendering-method, gl_compatibility, --xr-mode, off]
09-10 07:36:05.976  3062  3062 D nativeloader: Load /data/app/~~3tI0v-WyiCgCpz3hnldwWg==/dev.partydeck.godot.compare-ie4WGAI_IuCgQhBwdCYgVg==/base.apk!/lib/x86_64/libgodot_android.so using ns clns-7 from class loader (caller=/data/app/~~3tI0v-WyiCgCpz3hnldwWg==/dev.partydeck.godot.compare-ie4WGAI_IuCgQhBwdCYgVg==/base.apk): ok
09-10 07:36:05.977  3062  3062 V Godot   : Godot native layer initialization completed: true
09-10 07:36:05.977  3062  3062 V Godot   : Setting up native layer with params: [--main-pack, res://partydeck-last-light.pck, --rendering-method, gl_compatibility, --xr-mode, off]
09-10 07:36:06.044  3062  3062 V Godot   : Godot native layer setup completed
09-10 07:36:06.045  3062  3062 V Godot   : OnInitRenderView: GodotFragment{bede391} (b78df315-9a74-4f19-be3b-7991b9b0964f id=0x7f07002b tag=partydeck-godot)
09-10 07:36:06.086  3062  3062 D Godot   : Render view should be transparent: false
09-10 07:36:06.088  3062  3062 D Godot   : renderingDevice: opengl3 (ProjectSettings)
09-10 07:36:06.088  3062  3062 D Godot   : 			renderer: gl_compatibility (Default)
09-10 07:36:06.105  3062  3062 V Godot   : OnStart: GodotFragment{bede391} (b78df315-9a74-4f19-be3b-7991b9b0964f id=0x7f07002b tag=partydeck-godot)
09-10 07:36:06.107  3062  3062 W WindowOnBackDispatcher: OnBackInvokedCallback is not enabled for the application.
09-10 07:36:06.107  3062  3062 W WindowOnBackDispatcher: Set 'android:enableOnBackInvokedCallback="true"' in the application manifest.
09-10 07:36:06.110  3062  3062 V Godot   : OnResume: GodotFragment{bede391} (b78df315-9a74-4f19-be3b-7991b9b0964f id=0x7f07002b tag=partydeck-godot)
09-10 07:36:06.114  3062  3062 W HWUI    : Unknown dataspace 0
09-10 07:36:06.158  3062  3088 I EGL_emulation: Opening libGLESv1_CM_emulation.so
09-10 07:36:06.158  3062  3088 I EGL_emulation: Opening libGLESv2_emulation.so
09-10 07:36:06.171  3062  3088 W HWUI    : Failed to choose config with EGL_SWAP_BEHAVIOR_PRESERVED, retrying without...
09-10 07:36:06.172  3062  3088 W HWUI    : Failed to initialize 101010-2 format, error = EGL_SUCCESS
09-10 07:36:06.223  3062  3097 W RegularContextFactory: creating OpenGL ES 3.0 context :
09-10 07:36:06.230  3062  3097 I Gralloc4: mapper 4.x is not supported
09-10 07:36:06.272  3062  3067 I t.compare:godot: Compiler allocated 4219KB to compile void android.widget.TextView.<init>(android.content.Context, android.util.AttributeSet, int, int)
09-10 07:36:06.272  3062  3097 I godot   : Godot Engine v4.7.2.stable.official.ed1daf0bf - https://godotengine.org
09-10 07:36:06.897  3062  3067 I t.compare:godot: Compiler allocated 5174KB to compile void android.view.ViewRootImpl.performTraversals()
09-10 07:36:07.167  3062  3100 E SurfaceSyncGroup: Failed to receive transaction ready in 1000ms. Marking SurfaceSyncGroup(wmsSync-VRI[GodotGameActivity]#1) as ready
09-10 07:36:07.168  3062  3100 E SurfaceSyncGroup: Failed to receive transaction ready in 1000ms. Marking SurfaceSyncGroup(VRI[GodotGameActivity]#2) as ready
09-10 07:36:07.173  3062  3100 E SurfaceSyncGroup: Failed to receive transaction ready in 1000ms. Marking SurfaceSyncGroup(SurfaceView[dev.partydeck.godot.compare/dev.partydeck.godot.compare.GodotGameActivity]#0) as ready
09-10 07:36:07.228  3062  3097 I godot   : OpenGL API OpenGL ES 3.1 (OpenGL ES 3.1.0 (ANGLE 2.1.17841 git hash: 5fa2e61da947)) - Compatibility - Using Device: Google (Google Inc. (Google)) - Android Emulator OpenGL ES Translator (ANGLE (Google, Vulkan 1.3.0 (SwiftShader Device (Subzero) (0x0000C0DE)), SwiftShader driver-5.0.0))
09-10 07:36:07.230  3062  3097 D t.compare:godot: PlayerBase::PlayerBase()
09-10 07:36:07.230  3062  3097 D t.compare:godot: TrackPlayerBase::TrackPlayerBase()
09-10 07:36:07.231  3062  3097 I libOpenSLES: Emulating old channel mask behavior (ignoring positional mask 0x3, using default mask 0x3 based on channel count of 2)
09-10 07:36:07.236  3062  3097 I godot   : 
09-10 07:36:07.368  3062  3088 D EGL_emulation: app_time_stats: avg=499.73ms min=9.50ms max=989.96ms count=2
09-10 07:36:07.901  3062  3097 V Godot   : OnGodotSetupCompleted
09-10 07:36:07.906  3062  3097 V Godot   : OnGodotMainLoopStarted
09-10 07:36:08.944  3062  3088 D EGL_emulation: app_time_stats: avg=378.68ms min=17.30ms max=692.16ms count=4
09-10 07:36:09.942  3062  3097 E godot   : WARNING: Failed to load cached shader, recompiling.
09-10 07:36:09.942  3062  3097 E godot   :    at: _load_from_cache (drivers/gles3/shader_gles3.cpp:615)
09-10 07:36:10.622  3062  3097 D EGL_emulation: app_time_stats: avg=1010.43ms min=58.48ms max=2143.01ms count=3
09-10 07:36:11.089  3062  3088 D EGL_emulation: app_time_stats: avg=2145.17ms min=2145.17ms max=2145.17ms count=1
09-10 07:36:21.090  3062  3062 D AutofillManager: Fill dialog is enabled:false, hints=[]
09-10 07:36:21.119  3062  3088 D EGL_emulation: app_time_stats: avg=2495.96ms min=42.81ms max=9832.59ms count=4
09-10 07:36:25.573  3062  3097 D EGL_emulation: app_time_stats: avg=7475.54ms min=430.09ms max=14520.98ms count=2
09-10 07:36:29.730  3062  3088 D EGL_emulation: app_time_stats: avg=1418.90ms min=17.97ms max=8282.45ms count=6
09-10 07:36:39.996  3062  3088 D EGL_emulation: app_time_stats: avg=2044.44ms min=28.02ms max=10016.97ms count=5
09-10 07:36:44.364  3062  3097 D EGL_emulation: app_time_stats: avg=6263.41ms min=88.56ms max=18505.44ms count=3
09-10 07:36:48.613  3062  3088 D EGL_emulation: app_time_stats: avg=1710.87ms min=19.07ms max=8363.63ms count=5
09-10 07:36:58.865  3062  3088 D EGL_emulation: app_time_stats: avg=2050.40ms min=70.18ms max=9965.54ms count=5
09-10 07:37:03.221  3062  3097 D EGL_emulation: app_time_stats: avg=6285.57ms min=139.76ms max=18576.02ms count=3
09-10 07:37:07.365  3062  3088 D EGL_emulation: app_time_stats: avg=1684.69ms min=16.77ms max=8258.89ms count=5
09-10 07:37:17.663  3062  3088 D EGL_emulation: app_time_stats: avg=2052.37ms min=13.49ms max=10058.98ms count=5
09-10 07:37:22.046  3062  3097 D EGL_emulation: app_time_stats: avg=6274.12ms min=88.59ms max=18552.31ms count=3
09-10 07:37:26.263  3062  3088 D EGL_emulation: app_time_stats: avg=1715.07ms min=27.11ms max=8344.16ms count=5
09-10 07:37:32.646  3062  3088 D EGL_emulation: app_time_stats: avg=1270.99ms min=16.06ms max=6144.92ms count=5
09-10 07:37:36.974  3062  3097 D EGL_emulation: app_time_stats: avg=4975.74ms min=107.93ms max=14623.27ms count=3
09-10 07:37:41.166  3062  3088 D EGL_emulation: app_time_stats: avg=1690.47ms min=18.36ms max=8247.23ms count=5
09-10 07:37:43.432  3062  3062 V Godot   : OnPause: GodotFragment{bede391} (b78df315-9a74-4f19-be3b-7991b9b0964f id=0x7f07002b tag=partydeck-godot)
09-10 07:37:43.437  3062  3097 D t.compare:godot: PlayerBase::pause() from IPlayer
09-10 07:37:43.507  3062  3088 D EGL_emulation: app_time_stats: avg=457.01ms min=15.80ms max=2091.54ms count=5
09-10 07:37:44.213  3062  3062 D VRI[GodotGameActivity]: visibilityChanged oldVisibility=true newVisibility=false
09-10 07:37:44.229  3062  3062 E Surface : freeAllBuffers: 1 buffers were freed while being dequeued!
09-10 07:37:44.361  3062  3062 V Godot   : OnStop: GodotFragment{bede391} (b78df315-9a74-4f19-be3b-7991b9b0964f id=0x7f07002b tag=partydeck-godot)
09-10 07:37:44.502  3062  3097 E Surface : getSlotFromBufferLocked: unknown buffer: 0x0
09-10 07:37:44.502  3062  3097 D EGL_emulation: app_time_stats: avg=2509.33ms min=135.50ms max=7247.75ms count=3
09-10 07:37:44.502  3062  3097 E BufferQueueProducer: [SurfaceView[dev.partydeck.godot.compare/dev.partydeck.godot.compare.GodotGameActivity]#1(BLAST Consumer)1](id:bf600000001,api:0,p:-1,c:3062) dequeueBuffer: BufferQueue has been abandoned
09-10 07:37:44.502  3062  3097 E EGL_emulation: tid 3097: swapBuffers(789): error 0x300d (EGL_BAD_SURFACE)
09-10 07:37:44.502  3062  3097 W GLThread: eglSwapBuffers failed: EGL_BAD_SURFACE
09-10 07:37:44.575  3062  3097 E Surface : freeAllBuffers: 1 buffers were freed while being dequeued!
09-10 07:37:58.571  3062  3062 V Godot   : OnStart: GodotFragment{bede391} (b78df315-9a74-4f19-be3b-7991b9b0964f id=0x7f07002b tag=partydeck-godot)
09-10 07:37:58.572  3062  3062 W WindowOnBackDispatcher: OnBackInvokedCallback is not enabled for the application.
09-10 07:37:58.572  3062  3062 W WindowOnBackDispatcher: Set 'android:enableOnBackInvokedCallback="true"' in the application manifest.
09-10 07:37:58.574  3062  3062 V Godot   : OnResume: GodotFragment{bede391} (b78df315-9a74-4f19-be3b-7991b9b0964f id=0x7f07002b tag=partydeck-godot)
09-10 07:38:00.177  3062  3088 D EGL_emulation: app_time_stats: avg=147.28ms min=15.01ms max=411.07ms count=9
09-10 07:38:03.613  3062  3088 D EGL_emulation: app_time_stats: avg=1717.09ms min=19.70ms max=3414.49ms count=2
09-10 07:38:13.963  3062  3088 D EGL_emulation: app_time_stats: avg=2049.89ms min=1.50ms max=10113.63ms count=5
09-10 07:38:18.311  3062  3097 D EGL_emulation: app_time_stats: avg=9378.65ms min=62.53ms max=18694.76ms count=2
09-10 07:38:22.568  3062  3088 D EGL_emulation: app_time_stats: avg=1707.15ms min=17.46ms max=8321.97ms count=5
09-10 07:38:28.931  3062  3088 D EGL_emulation: app_time_stats: avg=1260.64ms min=20.89ms max=6091.96ms count=5
09-10 07:38:33.324  3062  3097 D EGL_emulation: app_time_stats: avg=5004.45ms min=137.72ms max=14632.19ms count=3
09-10 07:38:37.630  3062  3088 D EGL_emulation: app_time_stats: avg=1713.41ms min=5.51ms max=8406.40ms count=5
09-10 07:38:43.950  3062  3088 D EGL_emulation: app_time_stats: avg=1251.44ms min=16.97ms max=6078.93ms count=5
09-10 07:38:48.299  3062  3088 D EGL_emulation: app_time_stats: avg=861.53ms min=14.42ms max=4108.98ms count=5
09-10 07:38:48.601  3062  3097 D EGL_emulation: app_time_stats: avg=5092.31ms min=162.97ms max=14917.40ms count=3
09-10 07:38:49.321  3062  3088 D EGL_emulation: app_time_stats: avg=188.04ms min=57.38ms max=412.17ms count=5
09-10 07:38:49.671  3062  3097 D EGL_emulation: app_time_stats: avg=267.53ms min=218.67ms max=298.17ms count=4
09-10 07:38:52.946  3062  3088 D EGL_emulation: app_time_stats: avg=3624.94ms min=3624.94ms max=3624.94ms count=1
09-10 07:38:59.281  3062  3088 D EGL_emulation: app_time_stats: avg=1256.19ms min=17.40ms max=6097.26ms count=5
09-10 07:39:13.381  3062  3088 D EGL_emulation: app_time_stats: avg=2816.52ms min=10.65ms max=13862.43ms count=5
09-10 07:39:17.745  3062  3088 D EGL_emulation: app_time_stats: avg=863.72ms min=18.87ms max=4131.32ms count=5
09-10 07:39:17.889  3062  3097 D EGL_emulation: app_time_stats: avg=28217.72ms min=28217.72ms max=28217.72ms count=1
09-10 07:39:18.493  3062  3068 I t.compare:godot: Background concurrent mark compact GC freed 2800KB AllocSpace bytes, 0(0B) LOS objects, 49% free, 2852KB/5705KB, paused 5.070ms,3.709ms total 42.149ms
09-10 07:39:18.766  3062  3088 D EGL_emulation: app_time_stats: avg=190.09ms min=18.53ms max=414.22ms count=5
09-10 07:39:18.920  3062  3097 D EGL_emulation: app_time_stats: avg=343.59ms min=274.50ms max=478.19ms count=3
09-10 07:39:22.448  3062  3088 D EGL_emulation: app_time_stats: avg=3598.50ms min=3598.50ms max=3598.50ms count=1
09-10 07:39:28.813  3062  3088 D EGL_emulation: app_time_stats: avg=1260.68ms min=18.29ms max=6134.05ms count=5
09-10 07:39:39.081  3062  3088 D EGL_emulation: app_time_stats: avg=2043.62ms min=12.32ms max=9993.89ms count=5
09-10 07:39:43.433  3062  3088 D EGL_emulation: app_time_stats: avg=861.21ms min=14.81ms max=4113.77ms count=5
09-10 07:39:43.530  3062  3097 D EGL_emulation: app_time_stats: avg=12304.77ms min=154.05ms max=24455.50ms count=2
09-10 07:39:44.523  3062  3088 D EGL_emulation: app_time_stats: avg=204.32ms min=84.85ms max=351.16ms count=5
09-10 07:39:48.080  3062  3088 D EGL_emulation: app_time_stats: avg=3556.22ms min=3556.22ms max=3556.22ms count=1
09-10 07:39:54.413  3062  3088 D EGL_emulation: app_time_stats: avg=1254.48ms min=18.83ms max=6082.37ms count=5
09-10 07:40:00.780  3062  3088 D EGL_emulation: app_time_stats: avg=1259.06ms min=21.64ms max=6127.51ms count=5
09-10 07:40:05.123  3062  3088 D EGL_emulation: app_time_stats: avg=863.39ms min=13.69ms max=4126.21ms count=5
09-10 07:40:05.186  3062  3097 D EGL_emulation: app_time_stats: avg=4331.22ms min=121.38ms max=20714.82ms count=5
09-10 07:40:06.135  3062  3088 D EGL_emulation: app_time_stats: avg=202.39ms min=134.73ms max=283.68ms count=5
09-10 07:40:06.199  3062  3097 D EGL_emulation: app_time_stats: avg=253.27ms min=78.85ms max=426.06ms count=4
09-10 07:40:09.729  3062  3088 D EGL_emulation: app_time_stats: avg=3593.77ms min=3593.77ms max=3593.77ms count=1
09-10 07:40:16.012  3062  3088 D EGL_emulation: app_time_stats: avg=1256.04ms min=22.17ms max=6001.48ms count=5
09-10 07:40:22.330  3062  3088 D EGL_emulation: app_time_stats: avg=1254.09ms min=17.51ms max=6080.78ms count=5
09-10 07:40:26.616  3062  3088 D EGL_emulation: app_time_stats: avg=850.22ms min=21.06ms max=4060.16ms count=5
09-10 07:40:26.761  3062  3097 D EGL_emulation: app_time_stats: avg=20561.57ms min=20561.57ms max=20561.57ms count=1
09-10 07:40:30.762  3062  3088 D EGL_emulation: app_time_stats: avg=678.05ms min=60.55ms max=3291.09ms count=6
09-10 07:40:37.064  3062  3088 D EGL_emulation: app_time_stats: avg=1251.49ms min=19.00ms max=6055.67ms count=5
09-10 07:40:47.149  3062  3088 D EGL_emulation: app_time_stats: avg=2009.51ms min=19.21ms max=9833.71ms count=5
09-10 07:40:51.444  3062  3088 D EGL_emulation: app_time_stats: avg=854.71ms min=17.69ms max=4036.12ms count=5
09-10 07:40:51.465  3062  3097 D EGL_emulation: app_time_stats: avg=8234.67ms min=68.62ms max=24291.00ms count=3
09-10 07:40:55.680  3062  3088 D EGL_emulation: app_time_stats: avg=705.90ms min=67.96ms max=3368.01ms count=6
09-10 07:41:01.997  3062  3088 D EGL_emulation: app_time_stats: avg=1250.21ms min=20.60ms max=6072.31ms count=5
09-10 07:41:08.298  3062  3088 D EGL_emulation: app_time_stats: avg=1256.91ms min=18.05ms max=6061.59ms count=5
09-10 07:41:12.628  3062  3097 D EGL_emulation: app_time_stats: avg=7054.29ms min=212.12ms max=20530.59ms count=3
09-10 07:41:16.833  3062  3088 D EGL_emulation: app_time_stats: avg=1698.28ms min=18.93ms max=8302.86ms count=5
09-10 07:41:23.096  3062  3088 D EGL_emulation: app_time_stats: avg=1242.75ms min=12.94ms max=6028.93ms count=5
09-10 07:41:27.407  3062  3097 D EGL_emulation: app_time_stats: avg=4926.24ms min=144.24ms max=14456.94ms count=3
09-10 07:41:31.529  3062  3088 D EGL_emulation: app_time_stats: avg=1675.39ms min=20.39ms max=8213.97ms count=5
09-10 07:41:37.846  3062  3088 D EGL_emulation: app_time_stats: avg=1244.82ms min=16.64ms max=6036.26ms count=5
09-10 07:41:42.144  3062  3088 D EGL_emulation: app_time_stats: avg=845.27ms min=13.98ms max=4061.51ms count=5
09-10 07:41:42.301  3062  3097 D EGL_emulation: app_time_stats: avg=4964.71ms min=152.45ms max=14528.95ms count=3
09-10 07:41:43.237  3062  3088 D EGL_emulation: app_time_stats: avg=218.63ms min=101.91ms max=451.87ms count=5
09-10 07:41:46.746  3062  3088 D EGL_emulation: app_time_stats: avg=3508.17ms min=3508.17ms max=3508.17ms count=1
09-10 07:41:53.029  3062  3088 D EGL_emulation: app_time_stats: avg=1247.28ms min=17.33ms max=6054.23ms count=5
09-10 07:41:59.312  3062  3088 D EGL_emulation: app_time_stats: avg=1249.22ms min=22.76ms max=6054.08ms count=5
09-10 07:42:03.611  3062  3088 D EGL_emulation: app_time_stats: avg=845.99ms min=17.26ms max=4076.76ms count=5
09-10 07:42:03.738  3062  3097 D EGL_emulation: app_time_stats: avg=4287.28ms min=114.62ms max=20607.00ms count=5
09-10 07:42:04.709  3062  3088 D EGL_emulation: app_time_stats: avg=215.72ms min=67.70ms max=487.56ms count=5
09-10 07:42:08.195  3062  3088 D EGL_emulation: app_time_stats: avg=3485.79ms min=3485.79ms max=3485.79ms count=1
09-10 07:42:14.478  3062  3088 D EGL_emulation: app_time_stats: avg=1251.73ms min=18.44ms max=6010.72ms count=5
09-10 07:42:20.729  3062  3088 D EGL_emulation: app_time_stats: avg=1239.69ms min=17.33ms max=6011.79ms count=5
09-10 07:42:25.044  3062  3088 D EGL_emulation: app_time_stats: avg=863.03ms min=65.88ms max=4022.80ms count=5
09-10 07:42:25.132  3062  3097 D EGL_emulation: app_time_stats: avg=4266.35ms min=68.92ms max=20487.09ms count=5
09-10 07:42:26.154  3062  3088 D EGL_emulation: app_time_stats: avg=221.78ms min=159.77ms max=315.81ms count=5
09-10 07:42:29.680  3062  3088 D EGL_emulation: app_time_stats: avg=3526.34ms min=3526.34ms max=3526.34ms count=1
09-10 07:42:35.962  3062  3088 D EGL_emulation: app_time_stats: avg=1246.86ms min=22.65ms max=6045.45ms count=5
09-10 07:42:36.117  3062  3068 I t.compare:godot: Background concurrent mark compact GC freed 2708KB AllocSpace bytes, 0(0B) LOS objects, 49% free, 2848KB/5697KB, paused 195us,5.278ms total 52.765ms
09-10 07:42:42.312  3062  3088 D EGL_emulation: app_time_stats: avg=1253.09ms min=20.90ms max=6027.83ms count=5
09-10 07:42:46.560  3062  3097 D EGL_emulation: app_time_stats: avg=4285.73ms min=143.95ms max=20489.34ms count=5
09-10 07:42:46.686  3062  3088 D EGL_emulation: app_time_stats: avg=861.75ms min=16.57ms max=4136.20ms count=5
09-10 07:42:47.564  3062  3097 D EGL_emulation: app_time_stats: avg=250.88ms min=159.71ms max=347.75ms count=4
09-10 07:42:51.162  3062  3088 D EGL_emulation: app_time_stats: avg=733.69ms min=63.62ms max=3598.79ms count=6
09-10 07:42:57.429  3062  3088 D EGL_emulation: app_time_stats: avg=1244.98ms min=24.54ms max=6017.86ms count=5
09-10 07:43:03.695  3062  3088 D EGL_emulation: app_time_stats: avg=1249.59ms min=22.18ms max=6028.41ms count=5
09-10 07:43:07.967  3062  3097 D EGL_emulation: app_time_stats: avg=20402.89ms min=20402.89ms max=20402.89ms count=1
09-10 07:43:08.044  3062  3088 D EGL_emulation: app_time_stats: avg=857.55ms min=11.48ms max=4116.79ms count=5
09-10 07:43:12.248  3062  3088 D EGL_emulation: app_time_stats: avg=681.38ms min=47.93ms max=3298.94ms count=6
09-10 07:43:18.512  3062  3088 D EGL_emulation: app_time_stats: avg=1243.84ms min=13.16ms max=6022.34ms count=5
09-10 07:43:24.880  3062  3088 D EGL_emulation: app_time_stats: avg=1254.94ms min=5.29ms max=6133.13ms count=5
09-10 07:43:29.176  3062  3097 D EGL_emulation: app_time_stats: avg=5302.19ms min=240.62ms max=20384.49ms count=4
09-10 07:43:29.264  3062  3088 D EGL_emulation: app_time_stats: avg=870.24ms min=8.55ms max=4147.31ms count=5
09-10 07:43:29.995  3062  3068 I t.compare:godot: Background concurrent mark compact GC freed 3316KB AllocSpace bytes, 0(0B) LOS objects, 49% free, 2860KB/5721KB, paused 1.845ms,9.355ms total 86.978ms
09-10 07:43:30.751  3062  3097 D EGL_emulation: app_time_stats: avg=393.84ms min=179.94ms max=783.26ms count=4
09-10 07:43:30.957  3062  3088 D EGL_emulation: app_time_stats: avg=319.77ms min=64.53ms max=784.19ms count=5
09-10 07:43:33.930  3062  3088 D EGL_emulation: app_time_stats: avg=2973.31ms min=2973.31ms max=2973.31ms count=1
09-10 07:43:40.246  3062  3088 D EGL_emulation: app_time_stats: avg=1259.78ms min=11.47ms max=6068.89ms count=5
09-10 07:43:46.582  3062  3088 D EGL_emulation: app_time_stats: avg=1253.02ms min=16.22ms max=6012.35ms count=5
09-10 07:43:50.928  3062  3088 D EGL_emulation: app_time_stats: avg=861.57ms min=18.29ms max=4114.02ms count=5
09-10 07:43:51.019  3062  3097 D EGL_emulation: app_time_stats: avg=10134.08ms min=224.24ms max=20043.93ms count=2
09-10 07:43:52.289  3062  3097 D EGL_emulation: app_time_stats: avg=422.98ms min=111.44ms max=838.25ms count=3
09-10 07:43:52.371  3062  3088 D EGL_emulation: app_time_stats: avg=284.94ms min=14.83ms max=626.39ms count=5
09-10 07:43:55.563  3062  3088 D EGL_emulation: app_time_stats: avg=3191.57ms min=3191.57ms max=3191.57ms count=1
09-10 07:44:01.946  3062  3088 D EGL_emulation: app_time_stats: avg=1267.49ms min=26.87ms max=6127.37ms count=5
09-10 07:44:08.268  3062  3088 D EGL_emulation: app_time_stats: avg=1259.08ms min=15.62ms max=6077.28ms count=5
09-10 07:44:12.621  3062  3097 D EGL_emulation: app_time_stats: avg=10166.26ms min=199.24ms max=20133.29ms count=2
09-10 07:44:12.826  3062  3088 D EGL_emulation: app_time_stats: avg=895.15ms min=18.42ms max=4226.62ms count=5
09-10 07:44:13.402  3062  3068 I t.compare:godot: Background concurrent mark compact GC freed 2884KB AllocSpace bytes, 0(0B) LOS objects, 49% free, 2856KB/5713KB, paused 225us,5.906ms total 52.766ms
09-10 07:44:14.148  3062  3097 D EGL_emulation: app_time_stats: avg=381.51ms min=190.99ms max=662.55ms count=4
09-10 07:44:14.229  3062  3088 D EGL_emulation: app_time_stats: avg=267.92ms min=25.56ms max=632.15ms count=5
09-10 07:44:17.379  3062  3088 D EGL_emulation: app_time_stats: avg=3149.99ms min=3149.99ms max=3149.99ms count=1
09-10 07:44:23.712  3062  3088 D EGL_emulation: app_time_stats: avg=1260.08ms min=21.35ms max=6064.09ms count=5
09-10 07:44:30.080  3062  3088 D EGL_emulation: app_time_stats: avg=1263.78ms min=19.47ms max=6130.00ms count=5
09-10 07:44:34.428  3062  3088 D EGL_emulation: app_time_stats: avg=862.53ms min=20.55ms max=4106.03ms count=5
09-10 07:44:34.601  3062  3097 D EGL_emulation: app_time_stats: avg=10226.77ms min=205.95ms max=20247.59ms count=2
09-10 07:44:35.789  3062  3097 D EGL_emulation: app_time_stats: avg=395.76ms min=114.98ms max=809.23ms count=3
09-10 07:44:35.884  3062  3088 D EGL_emulation: app_time_stats: avg=277.48ms min=77.02ms max=640.24ms count=5
09-10 07:44:39.063  3062  3088 D EGL_emulation: app_time_stats: avg=3178.24ms min=3178.24ms max=3178.24ms count=1
09-10 07:44:45.395  3062  3088 D EGL_emulation: app_time_stats: avg=1254.32ms min=18.58ms max=6093.65ms count=5
09-10 07:44:51.763  3062  3088 D EGL_emulation: app_time_stats: avg=1255.43ms min=6.41ms max=6130.13ms count=5
09-10 07:44:56.082  3062  3088 D EGL_emulation: app_time_stats: avg=856.66ms min=26.09ms max=4077.14ms count=5
09-10 07:44:56.165  3062  3097 D EGL_emulation: app_time_stats: avg=10188.05ms min=182.29ms max=20193.81ms count=2
09-10 07:44:57.412  3062  3097 D EGL_emulation: app_time_stats: avg=415.66ms min=169.96ms max=709.49ms count=3
09-10 07:44:57.498  3062  3088 D EGL_emulation: app_time_stats: avg=283.27ms min=99.99ms max=604.38ms count=5
09-10 07:45:00.713  3062  3088 D EGL_emulation: app_time_stats: avg=3214.10ms min=3214.10ms max=3214.10ms count=1
09-10 07:45:07.029  3062  3088 D EGL_emulation: app_time_stats: avg=1251.93ms min=19.61ms max=6064.50ms count=5
09-10 07:45:13.397  3062  3088 D EGL_emulation: app_time_stats: avg=1267.53ms min=19.13ms max=6089.72ms count=5
09-10 07:45:17.745  3062  3097 D EGL_emulation: app_time_stats: avg=10166.34ms min=221.02ms max=20111.67ms count=2
09-10 07:45:17.855  3062  3088 D EGL_emulation: app_time_stats: avg=881.25ms min=19.40ms max=4225.64ms count=5
09-10 07:45:19.123  3062  3097 D EGL_emulation: app_time_stats: avg=459.50ms min=192.96ms max=856.30ms count=3
09-10 07:45:19.259  3062  3088 D EGL_emulation: app_time_stats: avg=276.07ms min=73.35ms max=697.35ms count=5
09-10 07:45:22.396  3062  3088 D EGL_emulation: app_time_stats: avg=3136.62ms min=3136.62ms max=3136.62ms count=1
09-10 07:45:28.747  3062  3088 D EGL_emulation: app_time_stats: avg=1253.72ms min=5.06ms max=6122.63ms count=5
09-10 07:45:39.014  3062  3088 D EGL_emulation: app_time_stats: avg=2047.62ms min=22.45ms max=10034.00ms count=5
09-10 07:45:43.334  3062  3088 D EGL_emulation: app_time_stats: avg=853.51ms min=26.36ms max=4063.34ms count=5
09-10 07:45:43.684  3062  3097 D EGL_emulation: app_time_stats: avg=12280.34ms min=200.47ms max=24360.21ms count=2
09-10 07:45:43.684  3062  3097 D GLThread: Exiting render thread
09-10 07:45:43.684  3062  3097 D GodotRenderer: Destroying Godot Engine
09-10 07:45:43.707  3062  3097 D t.compare:godot: PlayerBase::stop() from IPlayer
09-10 07:45:43.707  3062  3097 D AudioTrack: stop(16): called with 24756858 frames delivered
09-10 07:45:43.713  3062  3097 E eglCodecCommon: removeVertexArrayObject: ERROR: 7 not found in VAO state!
09-10 07:45:43.750  3062  3097 V Godot   : OnGodotTerminating
09-10 07:45:43.774  3062  3062 V Godot   : OnDestroy: GodotFragment{bede391} (b78df315-9a74-4f19-be3b-7991b9b0964f id=0x7f07002b tag=partydeck-godot)
09-10 07:45:43.814  3062  3062 V Godot   : OnPause: GodotFragment{bede391} (b78df315-9a74-4f19-be3b-7991b9b0964f id=0x7f07002b tag=partydeck-godot)
09-10 07:45:43.956  3062  3062 I PartyDeckGodotHost: Engine process exit requested
09-10 07:45:43.956  3062  3062 I Process : Sending signal. PID: 3062 SIG: 9
