--------- beginning of main
09-10 08:47:57.628  3063  3063 I t.compare:godot: Late-enabling -Xcheck:jni
09-10 08:47:57.666  3063  3063 I t.compare:godot: Using CollectorTypeCMC GC.
09-10 08:47:57.667  3063  3063 W t.compare:godot: Unexpected CPU variant for x86: x86_64.
09-10 08:47:57.667  3063  3063 W t.compare:godot: Known variants: atom, sandybridge, silvermont, goldmont, goldmont-plus, goldmont-without-sha-xsaves, tremont, kabylake, default
09-10 08:47:57.761  3063  3063 D nativeloader: Load libframework-connectivity-tiramisu-jni.so using APEX ns com_android_tethering for caller /apex/com.android.tethering/javalib/framework-connectivity-t.jar: ok
09-10 08:47:57.825  3063  3063 W ziparchive: Unable to open '/data/app/~~eEi0GwiV14CsrtmkesdUow==/dev.partydeck.godot.compare-F-nNNPuQnFzlyTW3d7EkpA==/base.dm': No such file or directory
09-10 08:47:57.828  3063  3063 W ziparchive: Unable to open '/data/app/~~eEi0GwiV14CsrtmkesdUow==/dev.partydeck.godot.compare-F-nNNPuQnFzlyTW3d7EkpA==/base.dm': No such file or directory
09-10 08:47:57.998  3063  3063 D nativeloader: Configuring clns-7 for other apk /data/app/~~eEi0GwiV14CsrtmkesdUow==/dev.partydeck.godot.compare-F-nNNPuQnFzlyTW3d7EkpA==/base.apk. target_sdk_version=36, uses_libraries=, library_path=/data/app/~~eEi0GwiV14CsrtmkesdUow==/dev.partydeck.godot.compare-F-nNNPuQnFzlyTW3d7EkpA==/lib/x86_64:/data/app/~~eEi0GwiV14CsrtmkesdUow==/dev.partydeck.godot.compare-F-nNNPuQnFzlyTW3d7EkpA==/base.apk!/lib/x86_64, permitted_path=/data:/mnt/expand:/data/user/0/dev.partydeck.godot.compare
09-10 08:47:58.017  3063  3063 V GraphicsEnvironment: Currently set values for:
09-10 08:47:58.017  3063  3063 V GraphicsEnvironment:   angle_gl_driver_selection_pkgs=[]
09-10 08:47:58.017  3063  3063 V GraphicsEnvironment:   angle_gl_driver_selection_values=[]
09-10 08:47:58.017  3063  3063 V GraphicsEnvironment: Global.Settings values are invalid: number of packages: 0, number of values: 0
09-10 08:47:58.017  3063  3063 V GraphicsEnvironment: Neither updatable production driver nor prerelease driver is supported.
09-10 08:47:58.565  3063  3063 V Godot   : Initializing Godot plugin registry
09-10 08:47:58.566  3063  3063 I GodotPluginRegistry: Registering runtime plugin AndroidRuntime
09-10 08:47:58.566  3063  3063 I GodotPluginRegistry: Registering runtime plugin PartyDeckBridge
09-10 08:47:58.566  3063  3063 V Godot   : InitEngine with params: [--main-pack, res://partydeck-last-light.pck, --rendering-method, gl_compatibility, --xr-mode, off]
09-10 08:47:58.631  3063  3063 D nativeloader: Load /data/app/~~eEi0GwiV14CsrtmkesdUow==/dev.partydeck.godot.compare-F-nNNPuQnFzlyTW3d7EkpA==/base.apk!/lib/x86_64/libgodot_android.so using ns clns-7 from class loader (caller=/data/app/~~eEi0GwiV14CsrtmkesdUow==/dev.partydeck.godot.compare-F-nNNPuQnFzlyTW3d7EkpA==/base.apk): ok
09-10 08:47:58.635  3063  3063 V Godot   : Godot native layer initialization completed: true
09-10 08:47:58.635  3063  3063 V Godot   : Setting up native layer with params: [--main-pack, res://partydeck-last-light.pck, --rendering-method, gl_compatibility, --xr-mode, off]
09-10 08:47:58.735  3063  3063 V Godot   : Godot native layer setup completed
09-10 08:47:58.736  3063  3063 V Godot   : OnInitRenderView: GodotFragment{1e74cc2} (29bde38b-e795-4218-ac9a-062daf47297e id=0x7f07002b tag=partydeck-godot)
09-10 08:47:58.758  3063  3063 D Godot   : Render view should be transparent: false
09-10 08:47:58.759  3063  3063 D Godot   : renderingDevice: opengl3 (ProjectSettings)
09-10 08:47:58.759  3063  3063 D Godot   : 			renderer: gl_compatibility (Default)
09-10 08:47:58.781  3063  3063 V Godot   : OnStart: GodotFragment{1e74cc2} (29bde38b-e795-4218-ac9a-062daf47297e id=0x7f07002b tag=partydeck-godot)
09-10 08:47:58.783  3063  3063 W WindowOnBackDispatcher: OnBackInvokedCallback is not enabled for the application.
09-10 08:47:58.783  3063  3063 W WindowOnBackDispatcher: Set 'android:enableOnBackInvokedCallback="true"' in the application manifest.
09-10 08:47:58.787  3063  3063 V Godot   : OnResume: GodotFragment{1e74cc2} (29bde38b-e795-4218-ac9a-062daf47297e id=0x7f07002b tag=partydeck-godot)
09-10 08:47:58.793  3063  3063 W HWUI    : Unknown dataspace 0
09-10 08:47:58.801  3063  3063 I Choreographer: Skipped 31 frames!  The application may be doing too much work on its main thread.
09-10 08:47:58.892  3063  3085 I EGL_emulation: Opening libGLESv1_CM_emulation.so
09-10 08:47:58.893  3063  3085 I EGL_emulation: Opening libGLESv2_emulation.so
09-10 08:47:58.902  3063  3085 W HWUI    : Failed to choose config with EGL_SWAP_BEHAVIOR_PRESERVED, retrying without...
09-10 08:47:58.904  3063  3085 W HWUI    : Failed to initialize 101010-2 format, error = EGL_SUCCESS
09-10 08:47:58.960  3063  3100 W RegularContextFactory: creating OpenGL ES 3.0 context :
09-10 08:47:58.978  3063  3100 I Gralloc4: mapper 4.x is not supported
09-10 08:47:59.024  3063  3069 I t.compare:godot: Compiler allocated 4219KB to compile void android.widget.TextView.<init>(android.content.Context, android.util.AttributeSet, int, int)
09-10 08:47:59.028  3063  3100 I godot   : Godot Engine v4.7.2.stable.official.ed1daf0bf - https://godotengine.org
09-10 08:47:59.193  3063  3105 I HWUI    : Davey! duration=846ms; Flags=1, FrameTimelineVsyncId=4757, IntendedVsync=79140345466, Vsync=79657012112, InputEventId=0, HandleInputStart=79671292502, AnimationStart=79671298984, PerformTraversalsStart=79671384246, DrawStart=79896254356, FrameDeadline=79157012132, FrameInterval=79670937343, FrameStartTime=16666666, SyncQueued=79904304663, SyncStart=79905575825, IssueDrawCommandsStart=79907140582, SwapBuffers=79953026042, FrameCompleted=79988419653, DequeueBufferDuration=19674090, QueueBufferDuration=5800439, GpuCompleted=79987078270, SwapBuffersCompleted=79988419653, DisplayPresentTime=0, CommandSubmissionCompleted=79953026042, 
09-10 08:47:59.827  3063  3069 I t.compare:godot: Compiler allocated 5174KB to compile void android.view.ViewRootImpl.performTraversals()
09-10 08:47:59.972  3063  3106 E SurfaceSyncGroup: Failed to receive transaction ready in 1000ms. Marking SurfaceSyncGroup(wmsSync-VRI[GodotGameActivity]#1) as ready
09-10 08:47:59.980  3063  3106 E SurfaceSyncGroup: Failed to receive transaction ready in 1000ms. Marking SurfaceSyncGroup(VRI[GodotGameActivity]#2) as ready
09-10 08:47:59.983  3063  3106 E SurfaceSyncGroup: Failed to receive transaction ready in 1000ms. Marking SurfaceSyncGroup(SurfaceView[dev.partydeck.godot.compare/dev.partydeck.godot.compare.GodotGameActivity]#0) as ready
09-10 08:48:00.238  3063  3085 D EGL_emulation: app_time_stats: avg=346.62ms min=75.03ms max=864.28ms count=3
09-10 08:48:00.765  3063  3100 I godot   : OpenGL API OpenGL ES 3.1 (OpenGL ES 3.1.0 (ANGLE 2.1.17841 git hash: 5fa2e61da947)) - Compatibility - Using Device: Google (Google Inc. (Google)) - Android Emulator OpenGL ES Translator (ANGLE (Google, Vulkan 1.3.0 (SwiftShader Device (Subzero) (0x0000C0DE)), SwiftShader driver-5.0.0))
09-10 08:48:00.767  3063  3100 D t.compare:godot: PlayerBase::PlayerBase()
09-10 08:48:00.768  3063  3100 D t.compare:godot: TrackPlayerBase::TrackPlayerBase()
09-10 08:48:00.768  3063  3100 I libOpenSLES: Emulating old channel mask behavior (ignoring positional mask 0x3, using default mask 0x3 based on channel count of 2)
09-10 08:48:00.782  3063  3100 I godot   : 
09-10 08:48:01.440  3063  3100 V Godot   : OnGodotSetupCompleted
09-10 08:48:01.448  3063  3100 V Godot   : OnGodotMainLoopStarted
09-10 08:48:01.526  3063  3085 D EGL_emulation: app_time_stats: avg=629.01ms min=428.18ms max=829.85ms count=2
09-10 08:48:02.064  3063  3100 D EGL_emulation: app_time_stats: avg=380.22ms min=83.31ms max=766.16ms count=3
09-10 08:48:02.689  3063  3085 D EGL_emulation: app_time_stats: avg=229.08ms min=19.73ms max=612.95ms count=5
09-10 08:48:12.048  3063  3063 D AutofillManager: Fill dialog is enabled:false, hints=[]
09-10 08:48:12.090  3063  3085 D EGL_emulation: app_time_stats: avg=4700.38ms min=76.02ms max=9324.74ms count=2
09-10 08:48:16.627  3063  3100 D EGL_emulation: app_time_stats: avg=14563.11ms min=14563.11ms max=14563.11ms count=1
09-10 08:48:20.957  3063  3085 D EGL_emulation: app_time_stats: avg=1471.91ms min=27.68ms max=8413.56ms count=6
09-10 08:48:31.308  3063  3085 D EGL_emulation: app_time_stats: avg=2057.28ms min=20.79ms max=10020.05ms count=5
09-10 08:48:35.830  3063  3100 D EGL_emulation: app_time_stats: avg=9600.99ms min=169.15ms max=19032.82ms count=2
09-10 08:48:40.058  3063  3085 D EGL_emulation: app_time_stats: avg=1745.47ms min=20.11ms max=8411.33ms count=5
09-10 08:48:50.359  3063  3085 D EGL_emulation: app_time_stats: avg=2052.79ms min=16.61ms max=9982.51ms count=5
09-10 08:48:54.863  3063  3100 D EGL_emulation: app_time_stats: avg=19033.49ms min=19033.49ms max=19033.49ms count=1
09-10 08:48:59.100  3063  3085 D EGL_emulation: app_time_stats: avg=1734.17ms min=22.45ms max=8427.68ms count=5
09-10 08:49:09.425  3063  3085 D EGL_emulation: app_time_stats: avg=2049.39ms min=19.48ms max=10011.36ms count=5
09-10 08:49:13.936  3063  3100 D EGL_emulation: app_time_stats: avg=19072.64ms min=19072.64ms max=19072.64ms count=1
09-10 08:49:18.124  3063  3085 D EGL_emulation: app_time_stats: avg=1711.68ms min=9.08ms max=8378.90ms count=5
09-10 08:49:24.676  3063  3085 D EGL_emulation: app_time_stats: avg=1297.94ms min=16.95ms max=6236.93ms count=5
09-10 08:49:29.165  3063  3100 D EGL_emulation: app_time_stats: avg=15228.83ms min=15228.83ms max=15228.83ms count=1
09-10 08:49:33.374  3063  3085 D EGL_emulation: app_time_stats: avg=1724.12ms min=18.24ms max=8396.03ms count=5
09-10 08:49:35.763  3063  3063 V Godot   : OnPause: GodotFragment{1e74cc2} (29bde38b-e795-4218-ac9a-062daf47297e id=0x7f07002b tag=partydeck-godot)
09-10 08:49:35.786  3063  3100 D t.compare:godot: PlayerBase::pause() from IPlayer
09-10 08:49:35.878  3063  3085 D EGL_emulation: app_time_stats: avg=400.23ms min=19.10ms max=2094.89ms count=6
09-10 08:49:36.879  3063  3100 D EGL_emulation: app_time_stats: avg=7714.48ms min=7714.48ms max=7714.48ms count=1
09-10 08:49:37.056  3063  3063 D VRI[GodotGameActivity]: visibilityChanged oldVisibility=true newVisibility=false
09-10 08:49:37.070  3063  3063 E Surface : freeAllBuffers: 1 buffers were freed while being dequeued!
09-10 08:49:37.178  3063  3100 E Surface : getSlotFromBufferLocked: unknown buffer: 0x0
09-10 08:49:37.178  3063  3100 E Surface : freeAllBuffers: 1 buffers were freed while being dequeued!
09-10 08:49:37.305  3063  3063 V Godot   : OnStop: GodotFragment{1e74cc2} (29bde38b-e795-4218-ac9a-062daf47297e id=0x7f07002b tag=partydeck-godot)
09-10 08:49:51.516  3063  3063 V Godot   : OnStart: GodotFragment{1e74cc2} (29bde38b-e795-4218-ac9a-062daf47297e id=0x7f07002b tag=partydeck-godot)
09-10 08:49:51.517  3063  3063 W WindowOnBackDispatcher: OnBackInvokedCallback is not enabled for the application.
09-10 08:49:51.517  3063  3063 W WindowOnBackDispatcher: Set 'android:enableOnBackInvokedCallback="true"' in the application manifest.
09-10 08:49:51.527  3063  3063 V Godot   : OnResume: GodotFragment{1e74cc2} (29bde38b-e795-4218-ac9a-062daf47297e id=0x7f07002b tag=partydeck-godot)
09-10 08:49:53.156  3063  3085 D EGL_emulation: app_time_stats: avg=132.27ms min=14.43ms max=303.84ms count=9
09-10 08:49:56.626  3063  3085 D EGL_emulation: app_time_stats: avg=1735.25ms min=75.73ms max=3394.76ms count=2
09-10 08:50:07.008  3063  3085 D EGL_emulation: app_time_stats: avg=2059.49ms min=15.80ms max=10061.65ms count=5
09-10 08:50:11.547  3063  3100 D EGL_emulation: app_time_stats: avg=9744.88ms min=479.59ms max=19010.16ms count=2
09-10 08:50:15.792  3063  3085 D EGL_emulation: app_time_stats: avg=1738.56ms min=17.51ms max=8476.08ms count=5
09-10 08:50:22.325  3063  3085 D EGL_emulation: app_time_stats: avg=1302.77ms min=13.55ms max=6242.59ms count=5
09-10 08:50:26.878  3063  3100 D EGL_emulation: app_time_stats: avg=15330.21ms min=15330.21ms max=15330.21ms count=1
09-10 08:50:31.092  3063  3085 D EGL_emulation: app_time_stats: avg=1743.14ms min=20.16ms max=8413.43ms count=5
09-10 08:50:37.692  3063  3085 D EGL_emulation: app_time_stats: avg=1312.76ms min=9.07ms max=6295.12ms count=5
09-10 08:50:42.243  3063  3100 D EGL_emulation: app_time_stats: avg=15365.54ms min=15365.54ms max=15365.54ms count=1
09-10 08:50:42.449  3063  3085 D EGL_emulation: app_time_stats: avg=938.47ms min=24.25ms max=4452.94ms count=5
09-10 08:50:46.959  3063  3085 D EGL_emulation: app_time_stats: avg=751.55ms min=100.91ms max=3737.34ms count=6
09-10 08:50:53.476  3063  3085 D EGL_emulation: app_time_stats: avg=1290.71ms min=26.85ms max=6162.07ms count=5
09-10 08:51:07.525  3063  3085 D EGL_emulation: app_time_stats: avg=2798.69ms min=25.16ms max=13733.62ms count=5
09-10 08:51:12.058  3063  3085 D EGL_emulation: app_time_stats: avg=878.55ms min=1.67ms max=4229.49ms count=5
09-10 08:51:12.173  3063  3100 D EGL_emulation: app_time_stats: avg=9976.15ms min=413.94ms max=29078.99ms count=3
09-10 08:51:13.081  3063  3085 D EGL_emulation: app_time_stats: avg=204.53ms min=80.96ms max=432.14ms count=5
09-10 08:51:16.759  3063  3085 D EGL_emulation: app_time_stats: avg=3677.55ms min=3677.55ms max=3677.55ms count=1
09-10 08:51:23.327  3063  3085 D EGL_emulation: app_time_stats: avg=1309.82ms min=19.20ms max=6237.50ms count=5
09-10 08:51:33.577  3063  3085 D EGL_emulation: app_time_stats: avg=2039.13ms min=12.21ms max=9964.30ms count=5
09-10 08:51:38.044  3063  3100 D EGL_emulation: app_time_stats: avg=8623.55ms min=226.03ms max=25163.29ms count=3
09-10 08:51:38.236  3063  3085 D EGL_emulation: app_time_stats: avg=919.13ms min=26.93ms max=4338.01ms count=5
09-10 08:51:42.762  3063  3085 D EGL_emulation: app_time_stats: avg=752.31ms min=15.37ms max=3721.02ms count=6
09-10 08:51:49.257  3063  3085 D EGL_emulation: app_time_stats: avg=1283.20ms min=18.19ms max=6163.09ms count=5
09-10 08:51:55.791  3063  3085 D EGL_emulation: app_time_stats: avg=1291.07ms min=26.04ms max=6204.78ms count=5
09-10 08:52:00.269  3063  3100 D EGL_emulation: app_time_stats: avg=7408.29ms min=415.33ms max=21386.06ms count=3
09-10 08:52:00.470  3063  3085 D EGL_emulation: app_time_stats: avg=924.02ms min=16.65ms max=4373.10ms count=5
09-10 08:52:05.008  3063  3085 D EGL_emulation: app_time_stats: avg=753.71ms min=13.47ms max=3742.19ms count=6
09-10 08:52:11.558  3063  3085 D EGL_emulation: app_time_stats: avg=1301.59ms min=18.54ms max=6240.09ms count=5
09-10 08:52:18.076  3063  3085 D EGL_emulation: app_time_stats: avg=1299.09ms min=28.31ms max=6200.00ms count=5
09-10 08:52:22.581  3063  3100 D EGL_emulation: app_time_stats: avg=5576.65ms min=203.41ms max=21471.89ms count=4
09-10 08:52:22.680  3063  3085 D EGL_emulation: app_time_stats: avg=908.40ms min=22.23ms max=4293.98ms count=5
09-10 08:52:26.892  3063  3085 D EGL_emulation: app_time_stats: avg=686.28ms min=83.88ms max=3419.54ms count=6
09-10 08:52:33.424  3063  3085 D EGL_emulation: app_time_stats: avg=1294.44ms min=28.72ms max=6217.01ms count=5
09-10 08:52:43.824  3063  3085 D EGL_emulation: app_time_stats: avg=2074.74ms min=26.11ms max=10064.78ms count=5
09-10 08:52:48.307  3063  3100 D EGL_emulation: app_time_stats: avg=12862.95ms min=387.43ms max=25338.47ms count=2
09-10 08:52:48.488  3063  3085 D EGL_emulation: app_time_stats: avg=925.95ms min=20.59ms max=4352.01ms count=5
09-10 08:52:52.658  3063  3085 D EGL_emulation: app_time_stats: avg=694.89ms min=82.49ms max=3453.13ms count=6
09-10 08:52:59.176  3063  3085 D EGL_emulation: app_time_stats: avg=1296.91ms min=20.52ms max=6217.97ms count=5
09-10 08:53:05.690  3063  3085 D EGL_emulation: app_time_stats: avg=1298.44ms min=13.65ms max=6214.46ms count=5
09-10 08:53:10.219  3063  3100 D EGL_emulation: app_time_stats: avg=10956.03ms min=398.83ms max=21513.23ms count=2
09-10 08:53:14.508  3063  3085 D EGL_emulation: app_time_stats: avg=1758.37ms min=21.31ms max=8487.67ms count=5
09-10 08:53:21.061  3063  3085 D EGL_emulation: app_time_stats: avg=1303.90ms min=28.60ms max=6247.50ms count=5
09-10 08:53:25.538  3063  3100 D EGL_emulation: app_time_stats: avg=7659.33ms min=155.80ms max=15162.87ms count=2
09-10 08:53:29.757  3063  3085 D EGL_emulation: app_time_stats: avg=1729.65ms min=24.40ms max=8384.75ms count=5
09-10 08:53:36.275  3063  3085 D EGL_emulation: app_time_stats: avg=1290.66ms min=23.69ms max=6200.77ms count=5
09-10 08:53:40.758  3063  3085 D EGL_emulation: app_time_stats: avg=879.25ms min=21.60ms max=4178.18ms count=5
09-10 08:53:40.954  3063  3100 D EGL_emulation: app_time_stats: avg=15416.29ms min=15416.29ms max=15416.29ms count=1
09-10 08:53:45.425  3063  3085 D EGL_emulation: app_time_stats: avg=774.62ms min=71.25ms max=3714.81ms count=6
09-10 08:53:51.991  3063  3085 D EGL_emulation: app_time_stats: avg=1313.09ms min=19.81ms max=6203.79ms count=5
09-10 08:53:58.476  3063  3085 D EGL_emulation: app_time_stats: avg=1290.38ms min=17.98ms max=6189.87ms count=5
09-10 08:54:02.949  3063  3100 D EGL_emulation: app_time_stats: avg=7331.50ms min=267.36ms max=21392.31ms count=3
09-10 08:54:03.067  3063  3085 D EGL_emulation: app_time_stats: avg=905.25ms min=18.82ms max=4268.13ms count=5
09-10 08:54:07.658  3063  3085 D EGL_emulation: app_time_stats: avg=758.69ms min=78.66ms max=3743.28ms count=6
09-10 08:54:14.192  3063  3085 D EGL_emulation: app_time_stats: avg=1291.78ms min=18.30ms max=6225.94ms count=5
09-10 08:54:20.725  3063  3085 D EGL_emulation: app_time_stats: avg=1294.39ms min=20.01ms max=6241.17ms count=5
09-10 08:54:25.206  3063  3085 D EGL_emulation: app_time_stats: avg=886.34ms min=27.73ms max=4180.41ms count=5
09-10 08:54:25.226  3063  3100 D EGL_emulation: app_time_stats: avg=7425.70ms min=310.11ms max=21475.70ms count=3
09-10 08:54:29.909  3063  3085 D EGL_emulation: app_time_stats: avg=783.91ms min=114.13ms max=3714.28ms count=6
09-10 08:54:36.427  3063  3085 D EGL_emulation: app_time_stats: avg=1293.56ms min=21.11ms max=6198.88ms count=5
09-10 08:54:42.928  3063  3085 D EGL_emulation: app_time_stats: avg=1292.80ms min=20.57ms max=6199.81ms count=5
09-10 08:54:47.434  3063  3100 D EGL_emulation: app_time_stats: avg=7402.68ms min=344.91ms max=21361.22ms count=3
09-10 08:54:47.542  3063  3085 D EGL_emulation: app_time_stats: avg=916.11ms min=18.24ms max=4292.63ms count=5
09-10 08:54:52.144  3063  3085 D EGL_emulation: app_time_stats: avg=761.34ms min=87.74ms max=3664.96ms count=6
09-10 08:54:58.643  3063  3085 D EGL_emulation: app_time_stats: avg=1295.85ms min=25.41ms max=6198.54ms count=5
09-10 08:55:05.226  3063  3085 D EGL_emulation: app_time_stats: avg=1286.12ms min=24.99ms max=6245.35ms count=5
09-10 08:55:09.707  3063  3085 D EGL_emulation: app_time_stats: avg=883.34ms min=18.56ms max=4185.66ms count=5
09-10 08:55:09.830  3063  3100 D EGL_emulation: app_time_stats: avg=7465.23ms min=398.89ms max=21407.01ms count=3
09-10 08:55:14.060  3063  3085 D EGL_emulation: app_time_stats: avg=725.44ms min=80.40ms max=3473.63ms count=6
09-10 08:55:20.592  3063  3085 D EGL_emulation: app_time_stats: avg=1298.28ms min=25.57ms max=6242.23ms count=5
09-10 08:55:27.142  3063  3085 D EGL_emulation: app_time_stats: avg=1292.12ms min=18.55ms max=6263.45ms count=5
09-10 08:55:31.629  3063  3100 D EGL_emulation: app_time_stats: avg=10899.32ms min=469.51ms max=21329.12ms count=2
09-10 08:55:31.734  3063  3085 D EGL_emulation: app_time_stats: avg=893.71ms min=2.01ms max=4283.81ms count=5
09-10 08:55:36.310  3063  3085 D EGL_emulation: app_time_stats: avg=758.86ms min=82.44ms max=3666.08ms count=6
09-10 08:55:42.775  3063  3085 D EGL_emulation: app_time_stats: avg=1268.43ms min=15.06ms max=6153.36ms count=5
09-10 08:55:49.277  3063  3085 D EGL_emulation: app_time_stats: avg=1260.08ms min=17.24ms max=6096.00ms count=5
09-10 08:55:53.743  3063  3085 D EGL_emulation: app_time_stats: avg=889.77ms min=16.56ms max=4163.22ms count=5
09-10 08:55:53.743  3063  3100 D EGL_emulation: app_time_stats: avg=7371.33ms min=394.03ms max=21309.08ms count=3
09-10 08:55:54.773  3063  3085 D EGL_emulation: app_time_stats: avg=206.02ms min=79.32ms max=284.42ms count=5
09-10 08:55:58.425  3063  3085 D EGL_emulation: app_time_stats: avg=3652.16ms min=3652.16ms max=3652.16ms count=1
09-10 08:56:04.944  3063  3085 D EGL_emulation: app_time_stats: avg=1285.70ms min=16.56ms max=6229.04ms count=5
09-10 08:56:11.457  3063  3085 D EGL_emulation: app_time_stats: avg=1299.37ms min=13.31ms max=6210.77ms count=5
09-10 08:56:15.908  3063  3085 D EGL_emulation: app_time_stats: avg=881.99ms min=27.31ms max=4149.39ms count=5
09-10 08:56:15.927  3063  3100 D EGL_emulation: app_time_stats: avg=7394.68ms min=365.73ms max=21359.57ms count=3
09-10 08:56:20.595  3063  3085 D EGL_emulation: app_time_stats: avg=779.24ms min=11.39ms max=3732.06ms count=6
09-10 08:56:27.126  3063  3085 D EGL_emulation: app_time_stats: avg=1301.91ms min=14.91ms max=6200.91ms count=5
09-10 08:56:33.609  3063  3085 D EGL_emulation: app_time_stats: avg=1282.49ms min=21.83ms max=6137.23ms count=5
09-10 08:56:38.096  3063  3100 D EGL_emulation: app_time_stats: avg=7389.60ms min=350.33ms max=21380.98ms count=3
09-10 08:56:38.202  3063  3085 D EGL_emulation: app_time_stats: avg=902.38ms min=21.00ms max=4273.28ms count=5
09-10 08:56:42.797  3063  3085 D EGL_emulation: app_time_stats: avg=761.66ms min=83.01ms max=3686.58ms count=6
09-10 08:56:49.325  3063  3085 D EGL_emulation: app_time_stats: avg=1289.28ms min=16.19ms max=6234.06ms count=5
09-10 08:56:55.874  3063  3085 D EGL_emulation: app_time_stats: avg=1299.45ms min=23.54ms max=6255.18ms count=5
09-10 08:57:00.330  3063  3100 D EGL_emulation: app_time_stats: avg=7411.16ms min=379.83ms max=21424.21ms count=3
09-10 08:57:00.431  3063  3085 D EGL_emulation: app_time_stats: avg=904.26ms min=16.89ms max=4250.97ms count=5
09-10 08:57:05.027  3063  3085 D EGL_emulation: app_time_stats: avg=748.48ms min=15.13ms max=3731.11ms count=6
09-10 08:57:11.543  3063  3085 D EGL_emulation: app_time_stats: avg=1292.67ms min=17.95ms max=6222.69ms count=5
09-10 08:57:18.109  3063  3085 D EGL_emulation: app_time_stats: avg=1302.55ms min=17.35ms max=6269.81ms count=5
09-10 08:57:22.590  3063  3085 D EGL_emulation: app_time_stats: avg=887.28ms min=20.36ms max=4162.09ms count=5
09-10 08:57:22.687  3063  3100 D EGL_emulation: app_time_stats: avg=7452.20ms min=378.00ms max=21537.50ms count=3
09-10 08:57:27.276  3063  3085 D EGL_emulation: app_time_stats: avg=755.93ms min=98.90ms max=3706.88ms count=6
09-10 08:57:33.811  3063  3085 D EGL_emulation: app_time_stats: avg=1293.70ms min=26.30ms max=6221.48ms count=5
09-10 08:57:44.042  3063  3085 D EGL_emulation: app_time_stats: avg=2038.99ms min=20.21ms max=9918.98ms count=5
09-10 08:57:48.519  3063  3063 I PartyDeckGodotBridge: Close requested elapsed_ms=669389
09-10 08:57:48.527  3063  3085 D EGL_emulation: app_time_stats: avg=884.63ms min=21.24ms max=4172.21ms count=5
09-10 08:57:48.759  3063  3100 D EGL_emulation: app_time_stats: avg=8690.54ms min=237.09ms max=25361.95ms count=3
09-10 08:57:48.759  3063  3100 I PartyDeckGodotBridge: Close dispatch started elapsed_ms=669629
09-10 08:57:48.759  3063  3100 I PartyDeckGodotBridge: Close native barrier elapsed_ms=669629
09-10 08:57:48.761  3063  3063 I PartyDeckGodotHost: Close main callback elapsed_ms=669630
09-10 08:57:48.947  3063  3100 D GLThread: Exiting render thread
09-10 08:57:48.947  3063  3100 D GodotRenderer: Destroying Godot Engine
09-10 08:57:48.966  3063  3100 D t.compare:godot: PlayerBase::stop() from IPlayer
09-10 08:57:48.966  3063  3100 D AudioTrack: stop(16): called with 25246910 frames delivered
09-10 08:57:48.968  3063  3100 E eglCodecCommon: removeVertexArrayObject: ERROR: 7 not found in VAO state!
09-10 08:57:49.003  3063  3100 V Godot   : OnGodotTerminating
09-10 08:57:49.017  3063  3063 V Godot   : OnDestroy: GodotFragment{1e74cc2} (29bde38b-e795-4218-ac9a-062daf47297e id=0x7f07002b tag=partydeck-godot)
09-10 08:57:49.026  3063  3063 V Godot   : OnPause: GodotFragment{1e74cc2} (29bde38b-e795-4218-ac9a-062daf47297e id=0x7f07002b tag=partydeck-godot)
09-10 08:57:49.276  3063  3063 I PartyDeckGodotHost: Engine process exit requested
09-10 08:57:49.276  3063  3063 I Process : Sending signal. PID: 3063 SIG: 9
