2026-09-10T22:01:20.3047140Z     t =   232.25s Find the "presentation-picker" Any
2026-09-10T22:01:20.3631720Z     t =   232.31s Find the "presentation-picker" Button
2026-09-10T22:01:20.4634640Z     t =   232.41s Tap "presentation-picker" Button
2026-09-10T22:01:20.4736260Z     t =   232.41s     Wait for dev.partydeck.app to idle
2026-09-10T22:01:20.4792390Z     t =   232.41s     Find the "presentation-picker" Button
2026-09-10T22:01:20.5325350Z     t =   232.47s     Check for interrupting elements affecting "presentation-picker" Button
2026-09-10T22:01:20.5774180Z     t =   232.52s     Synthesize event
2026-09-10T22:01:20.8809560Z     t =   232.83s     Wait for dev.partydeck.app to idle
2026-09-10T22:01:20.8980690Z     t =   232.85s Waiting 10.0s for "presentation-options" Any to exist
2026-09-10T22:01:21.9209120Z     t =   233.87s     Checking `Expect predicate `existsNoRetry == 1` for object "presentation-options" Any`
2026-09-10T22:01:21.9547790Z     t =   233.90s         Checking existence of `"presentation-options" Any`
2026-09-10T22:01:22.0517320Z     t =   234.00s Find the "presentation-choice-godot_2d" Any
2026-09-10T22:01:22.2028950Z     t =   234.15s Find the "presentation-choice-godot_2d" Any
2026-09-10T22:01:22.3150140Z     t =   234.25s Find the "presentation-choice-godot_2d" Any
2026-09-10T22:01:22.4274550Z     t =   234.38s Checking existence of `"godot-session-status" Any`
2026-09-10T22:01:22.5412640Z     t =   234.49s Checking existence of `"partydeck-session-qualification" Any`
2026-09-10T22:01:22.5944380Z     t =   234.54s Find the "partydeck-session-qualification" Any
2026-09-10T22:01:22.6591750Z     t =   234.61s Checking existence of `"presentation-choice-godot_2d" Any`
2026-09-10T22:01:22.7528830Z     t =   234.70s Find the "presentation-choice-godot_2d" Any
2026-09-10T22:01:22.8608010Z     t =   234.81s Find the "presentation-choice-godot_2d" Button
2026-09-10T22:01:22.9687600Z     t =   234.91s Tap "presentation-choice-godot_2d" Button
2026-09-10T22:01:22.9688540Z     t =   234.91s     Wait for dev.partydeck.app to idle
2026-09-10T22:01:22.9935000Z     t =   234.91s     Find the "presentation-choice-godot_2d" Button
2026-09-10T22:01:23.0447750Z     t =   234.99s     Check for interrupting elements affecting "presentation-choice-godot_2d" Button
2026-09-10T22:01:23.0884130Z     t =   235.03s     Synthesize event
2026-09-10T22:01:23.4188860Z     t =   235.33s     Wait for dev.partydeck.app to idle
2026-09-10T22:01:23.8852580Z     t =   235.83s Checking existence of `"godot-session-status" Any`
2026-09-10T22:01:23.9555400Z     t =   235.90s Checking existence of `"godot-session-status" Any`
2026-09-10T22:01:24.1799130Z     t =   236.13s Find the "godot-session-status" Any
2026-09-10T22:01:24.2097170Z     t =   236.16s Checking existence of `"godot-session-status" Any`
2026-09-10T22:01:24.4501430Z     t =   236.39s Checking existence of `"godot-session-status" Any`
2026-09-10T22:01:24.4899150Z     t =   236.44s Find the "godot-session-status" Any
2026-09-10T22:01:24.6764250Z     t =   236.63s Checking existence of `"godot-session-status" Any`
2026-09-10T22:01:24.7077190Z     t =   236.66s Checking existence of `"godot-session-status" Any`
2026-09-10T22:01:24.8800860Z     t =   236.83s Find the "godot-session-status" Any
2026-09-10T22:01:24.9157310Z     t =   236.87s Checking existence of `"godot-leave-table" Any`
2026-09-10T22:01:25.1108750Z     t =   237.06s Find the "godot-leave-table" Any
2026-09-10T22:01:25.1654750Z     t =   237.11s Find the "godot-leave-table" Button
2026-09-10T22:01:25.5395000Z     t =   237.48s Tap "godot-leave-table" Button
2026-09-10T22:01:25.5400480Z     t =   237.48s     Wait for dev.partydeck.app to idle
2026-09-10T22:01:25.6912170Z     t =   237.63s     Find the "godot-leave-table" Button
2026-09-10T22:01:25.7450120Z     t =   237.70s     Check for interrupting elements affecting "godot-leave-table" Button
2026-09-10T22:01:25.9468640Z     t =   237.89s     Synthesize event
2026-09-10T22:01:26.3878830Z     t =   238.34s     Wait for dev.partydeck.app to idle
2026-09-10T22:01:26.5335880Z     t =   238.48s Checking existence of `"godot-session-status" Any`
2026-09-10T22:01:26.5879040Z     t =   238.53s Checking existence of `"godot-session-status" Any`
2026-09-10T22:01:26.6084940Z     t =   238.56s Find the "godot-session-status" Any
2026-09-10T22:01:26.6411520Z     t =   238.59s Checking existence of `"leave-confirm" Any`
2026-09-10T22:01:26.9172580Z     t =   238.87s Checking existence of `"godot-session-status" Any`
2026-09-10T22:01:26.9605510Z     t =   238.90s Checking existence of `"godot-session-status" Any`
2026-09-10T22:01:27.1227640Z     t =   239.07s Find the "godot-session-status" Any
2026-09-10T22:01:28.2068160Z     t =   240.15s     Find the "godot-session-status" Any (retry 1)
2026-09-10T22:01:29.3661810Z     t =   241.31s     Find the "godot-session-status" Any (retry 2)
2026-09-10T22:01:29.4591300Z     t =   241.40s     Collecting debug information to assist test failure triage
2026-09-10T22:01:29.4693970Z     t =   241.40s         Requesting snapshot of accessibility hierarchy for app with pid 49189
2026-09-10T22:01:29.6467540Z     t =   241.60s     Requesting snapshot of accessibility hierarchy for app with pid 49189
2026-09-10T22:01:29.7192520Z     t =   241.65s     Requesting snapshot of accessibility hierarchy for app with pid 49189
2026-09-10T22:01:30.8502790Z ##[error]/Users/runner/work/PartyDeck/PartyDeck/iosApp/PartyDeckUITests/PartyDeckGodotSessionUITests.swift:520: error: -[PartyDeckUITests.PartyDeckGodotSessionUITests testProduction2DPracticeSession] : Failed to get matching snapshot: No matches found for first query match sequence: `Descendants matching type Any` -> `Elements matching predicate '"godot-session-status" IN identifiers'`, given input App element pid: 49189
2026-09-10T22:01:30.8815720Z     t =   242.58s Checking existence of `"leave-confirm" Any`
2026-09-10T22:01:30.8818420Z     t =   242.69s Find the "leave-confirm" Any
2026-09-10T22:01:30.8821040Z     t =   242.80s Find the "leave-confirm" Button
2026-09-10T22:01:30.9846720Z     t =   242.93s Checking existence of `"godot-session-status" Any`
2026-09-10T22:01:31.0888210Z     t =   243.04s Checking existence of `"partydeck-session-qualification" Any`
2026-09-10T22:01:31.1863000Z     t =   243.13s Find the "partydeck-session-qualification" Any
2026-09-10T22:01:31.2589680Z     t =   243.21s Checking existence of `"leave-cancel" Any`
2026-09-10T22:01:31.4785850Z     t =   243.42s Find the "leave-cancel" Any
2026-09-10T22:01:31.6310660Z     t =   243.58s Find the "leave-cancel" Button
2026-09-10T22:01:31.7597130Z     t =   243.70s Checking existence of `"invitation-dialog" Any`
2026-09-10T22:01:32.3236510Z     t =   244.26s Find the Target Application 'dev.partydeck.app'
2026-09-10T22:01:32.5216810Z     t =   244.47s Added attachment named 'Actual production Leave confirmation'
2026-09-10T22:01:32.5324540Z     t =   244.47s Added attachment named 'Actual production Leave confirmation latest sanitized observation'
2026-09-10T22:01:32.5425500Z     t =   244.47s Checking existence of `"godot-session-status" Any`
2026-09-10T22:01:32.6476260Z     t =   244.59s Checking existence of `"partydeck-session-qualification" Any`
2026-09-10T22:01:32.6787720Z     t =   244.63s Find the "partydeck-session-qualification" Any
2026-09-10T22:01:32.7231600Z     t =   244.66s Checking existence of `"leave-cancel" Any`
2026-09-10T22:01:32.8332650Z     t =   244.77s Find the "leave-cancel" Any
2026-09-10T22:01:32.8956500Z     t =   244.84s Find the "leave-cancel" Button
2026-09-10T22:01:33.0082250Z     t =   244.95s Tap "leave-cancel" Button
2026-09-10T22:01:33.0188600Z     t =   244.95s     Wait for dev.partydeck.app to idle
2026-09-10T22:01:33.0293270Z     t =   244.95s     Find the "leave-cancel" Button
2026-09-10T22:01:33.1041750Z     t =   245.03s     Check for interrupting elements affecting "leave-cancel" Button
2026-09-10T22:01:33.1543690Z     t =   245.10s Checking existence of `"godot-session-status" Any`
2026-09-10T22:01:33.2412420Z     t =   245.18s Checking existence of `"partydeck-session-qualification" Any`
2026-09-10T22:01:33.2722490Z     t =   245.22s Find the "partydeck-session-qualification" Any
2026-09-10T22:01:33.3888500Z     t =   245.34s Tear Down
2026-09-10T22:01:33.5806280Z     t =   245.50s     Checking existence of `"godot-session-status" Any`
2026-09-10T22:01:33.9616080Z     t =   245.90s     Checking existence of `"partydeck-session-qualification" Any`
2026-09-10T22:01:34.0541920Z     t =   245.99s     Find the "partydeck-session-qualification" Any
2026-09-10T22:01:34.1450620Z Test Case '-[PartyDeckUITests.PartyDeckGodotSessionUITests testProduction2DPracticeSession]' failed (246.082 seconds).
2026-09-10T22:01:34.1560270Z 2026-09-10 22:01:34.130887+0000 PartyDeckUITests-Runner[48650:129465] [Default] Flushing outgoing messages to the IDE with timeout 600.00s
2026-09-10T22:01:34.1662770Z 2026-09-10 22:01:34.135308+0000 PartyDeckUITests-Runner[48650:154099] [Default] Received confirmation that IDE processed remaining outgoing messages
2026-09-10T22:01:40.3521990Z 2026-09-10 22:01:40.205515+0000 PartyDeckUITests-Runner[59911:157308] [Default] Running tests...
2026-09-10T22:01:41.9568360Z     t =      nans Interface orientation changed to Portrait
2026-09-10T22:01:42.1746240Z 
2026-09-10T22:01:42.1782840Z Restarting after unexpected exit, crash, or test timeout; summary will include totals from previous launches.
2026-09-10T22:01:42.1784640Z 
2026-09-10T22:01:42.3667250Z Test Suite 'Selected tests' started at 2026-09-10 22:01:42.287.
2026-09-10T22:01:42.3704930Z Test Suite 'PartyDeckUITests.xctest' started at 2026-09-10 22:01:42.288.
2026-09-10T22:01:42.3826560Z Test Suite 'PartyDeckGodotSessionUITests' started at 2026-09-10 22:01:42.288.
2026-09-10T22:01:42.3906540Z Test Case '-[PartyDeckUITests.PartyDeckGodotSessionUITests testProduction3DPracticeSession]' started.
