Current Input Method Manager state:
  Input Methods:
  InputMethod #0:
    mId=com.android.inputmethod.latin/.LatinIME mSettingsActivityName=com.android.inputmethod.latin.settings.SettingsActivity mLanguageSettingsActivityName=null mIsVrOnly=false mIsVirtualDeviceOnly=false mSupportsSwitchingToNextInputMethod=true mInlineSuggestionsEnabled=false mSupportsInlineSuggestionsWithTouchExploration=false mSuppressesSpellChecker=false mShowInInputMethodPicker=true mSupportsStylusHandwriting=false mSupportsConnectionlessStylusHandwriting=false mStylusHandwritingSettingsActivityAttr=null
    mIsDefaultResId=0x7f050012
    Service:
      priority=0 preferredOrder=0 match=0x108000 specificIndex=-1 isDefault=false
      ServiceInfo:
        name=com.android.inputmethod.latin.LatinIME
        packageName=com.android.inputmethod.latin
        labelRes=0x7f0f0053 nonLocalizedLabel=null icon=0x0 banner=0x0
        enabled=true exported=true directBootAware=true
        permission=android.permission.BIND_INPUT_METHOD
        flags=0x100000
        ApplicationInfo:
          packageName=com.android.inputmethod.latin
          labelRes=0x7f0f0053 nonLocalizedLabel=null icon=0x7f08009e banner=0x0
          processName=com.android.inputmethod.latin
          taskAffinity=com.android.inputmethod.latin
          uid=10109 flags=0x30c8be45 privateFlags=0x8c081060 theme=0x0
          requiresSmallestWidthDp=0 compatibleWidthLimitDp=0 largestWidthLimitDp=0
          sourceDir=/product/app/LatinIME/LatinIME.apk
          resourceDirs=[/product/overlay/EmulationPixel7/EmulationPixel7Overlay.apk]
          overlayPaths=[/product/overlay/EmulationPixel7/EmulationPixel7Overlay.apk]
          seinfo=default:targetSdkVersion=30:partition=product
          seinfoUser=:complete
          dataDir=/data/user_de/0/com.android.inputmethod.latin
          deviceProtectedDataDir=/data/user_de/0/com.android.inputmethod.latin
          credentialProtectedDataDir=/data/user/0/com.android.inputmethod.latin
          enabled=true minSdkVersion=21 targetSdkVersion=30 versionCode=30 targetSandboxVersion=1
          supportsRtl=true
          fullBackupContent=true
          crossProfile=false
          HiddenApiEnforcementPolicy=2
          usesNonSdkApi=false
          allowsPlaybackCapture=true
          nativeHeapZeroInitialized=0
          enableOnBackInvokedCallback=false
          allowCrossUidActivitySwitchFromBelow=true
          createTimestamp=122689
    InputMethodSubtype array: count=81
      InputMethodSubtype #0:
        mSubtypeNameOverride= mPkLanguageTag= mPkLayoutType= mSubtypeId=-921088104 mSubtypeLocale=en_US mSubtypeLanguageTag=en-US mSubtypeMode=keyboard mIsAuxiliary=false mOverridesImplicitlyEnabledSubtype=false mIsAsciiCapable=true mSubtypeHashCode=-921088104
      InputMethodSubtype #1:
        mSubtypeNameOverride= mPkLanguageTag= mPkLayoutType= mSubtypeId=-1337596075 mSubtypeLocale=en_GB mSubtypeLanguageTag=en-GB mSubtypeMode=keyboard mIsAuxiliary=false mOverridesImplicitlyEnabledSubtype=false mIsAsciiCapable=true mSubtypeHashCode=-1337596075
      InputMethodSubtype #2:
        mSubtypeNameOverride= mPkLanguageTag= mPkLayoutType= mSubtypeId=1872175968 mSubtypeLocale=af mSubtypeLanguageTag= mSubtypeMode=keyboard mIsAuxiliary=false mOverridesImplicitlyEnabledSubtype=false mIsAsciiCapable=true mSubtypeHashCode=1872175968
      InputMethodSubtype #3:
        mSubtypeNameOverride= mPkLanguageTag= mPkLayoutType= mSubtypeId=1494081088 mSubtypeLocale=ar mSubtypeLanguageTag= mSubtypeMode=keyboard mIsAuxiliary=false mOverridesImplicitlyEnabledSubtype=false mIsAsciiCapable=false mSubtypeHashCode=1494081088
      InputMethodSubtype #4:
        mSubtypeNameOverride= mPkLanguageTag= mPkLayoutType= mSubtypeId=1890646388 mSubtypeLocale=az_AZ mSubtypeLanguageTag= mSubtypeMode=keyboard mIsAuxiliary=false mOverridesImplicitlyEnabledSubtype=false mIsAsciiCapable=true mSubtypeHashCode=1890646388
      InputMethodSubtype #5:
        mSubtypeNameOverride= mPkLanguageTag= mPkLayoutType= mSubtypeId=499361881 mSubtypeLocale=be_BY mSubtypeLanguageTag= mSubtypeMode=keyboard mIsAuxiliary=false mOverridesImplicitlyEnabledSubtype=false mIsAsciiCapable=false mSubtypeHashCode=499361881
      InputMethodSubtype #6:
        mSubtypeNameOverride= mPkLanguageTag= mPkLayoutType= mSubtypeId=195674344 mSubtypeLocale=bg mSubtypeLanguageTag= mSubtypeMode=keyboard mIsAuxiliary=false mOverridesImplicitlyEnabledSubtype=false mIsAsciiCapable=false mSubtypeHashCode=195674344
      InputMethodSubtype #7:
        mSubtypeNameOverride= mPkLanguageTag= mPkLayoutType= mSubtypeId=1599191706 mSubtypeLocale=bg mSubtypeLanguageTag= mSubtypeMode=keyboard mIsAuxiliary=false mOverridesImplicitlyEnabledSubtype=false mIsAsciiCapable=false mSubtypeHashCode=1599191706
      InputMethodSubtype #8:
        mSubtypeNameOverride= mPkLanguageTag= mPkLayoutType= mSubtypeId=-1575728372 mSubtypeLocale=bn_BD mSubtypeLanguageTag= mSubtypeMode=keyboard mIsAuxiliary=false mOverridesImplicitlyEnabledSubtype=false mIsAsciiCapable=false mSubtypeHashCode=-1575728372
      InputMethodSubtype #9:
        mSubtypeNameOverride= mPkLanguageTag= mPkLayoutType= mSubtypeId=-1074423700 mSubtypeLocale=bn_IN mSubtypeLanguageTag= mSubtypeMode=keyboard mIsAuxiliary=false mOverridesImplicitlyEnabledSubtype=false mIsAsciiCapable=false mSubtypeHashCode=-1074423700
      InputMethodSubtype #10:
        mSubtypeNameOverride= mPkLanguageTag= mPkLayoutType= mSubtypeId=-756735787 mSubtypeLocale=ca mSubtypeLanguageTag= mSubtypeMode=keyboard mIsAuxiliary=false mOverridesImplicitlyEnabledSubtype=false mIsAsciiCapable=true mSubtypeHashCode=-756735787
      InputMethodSubtype #11:
        mSubtypeNameOverride= mPkLanguageTag= mPkLayoutType= mSubtypeId=758984400 mSubtypeLocale=cs mSubtypeLanguageTag= mSubtypeMode=keyboard mIsAuxiliary=false mOverridesImplicitlyEnabledSubtype=false mIsAsciiCapable=true mSubtypeHashCode=758984400
      InputMethodSubtype #12:
        mSubtypeNameOverride= mPkLanguageTag= mPkLayoutType= mSubtypeId=770990173 mSubtypeLocale=da mSubtypeLanguageTag= mSubtypeMode=keyboard mIsAuxiliary=false mOverridesImplicitlyEnabledSubtype=false mIsAsciiCapable=true mSubtypeHashCode=770990173
      InputMethodSubtype #13:
        mSubtypeNameOverride= mPkLanguageTag= mPkLayoutType= mSubtypeId=774684257 mSubtypeLocale=de mSubtypeLanguageTag= mSubtypeMode=keyboard mIsAuxiliary=false mOverridesImplicitlyEnabledSubtype=false mIsAsciiCapable=true mSubtypeHashCode=774684257
      InputMethodSubtype #14:
        mSubtypeNameOverride= mPkLanguageTag= mPkLayoutType= mSubtypeId=2060439722 mSubtypeLocale=de_CH mSubtypeLanguageTag= mSubtypeMode=keyboard mIsAuxiliary=false mOverridesImplicitlyEnabledSubtype=false mIsAsciiCapable=true mSubtypeHashCode=2060439722
      InputMethodSubtype #15:
        mSubtypeNameOverride= mPkLanguageTag= mPkLayoutType= mSubtypeId=242746067 mSubtypeLocale=el mSubtypeLanguageTag= mSubtypeMode=keyboard mIsAuxiliary=false mOverridesImplicitlyEnabledSubtype=false mIsAsciiCapable=false mSubtypeHashCode=242746067
      InputMethodSubtype #16:
        mSubtypeNameOverride= mPkLanguageTag= mPkLayoutType= mSubtypeId=-1923548115 mSubtypeLocale=en_IN mSubtypeLanguageTag= mSubtypeMode=keyboard mIsAuxiliary=false mOverridesImplicitlyEnabledSubtype=false mIsAsciiCapable=true mSubtypeHashCode=-1923548115
      InputMethodSubtype #17:
        mSubtypeNameOverride= mPkLanguageTag= mPkLayoutType= mSubtypeId=1083200842 mSubtypeLocale=eo mSubtypeLanguageTag= mSubtypeMode=keyboard mIsAuxiliary=false mOverridesImplicitlyEnabledSubtype=false mIsAsciiCapable=false mSubtypeHashCode=1083200842
      InputMethodSubtype #18:
        mSubtypeNameOverride= mPkLanguageTag= mPkLayoutType= mSubtypeId=816242702 mSubtypeLocale=es mSubtypeLanguageTag= mSubtypeMode=keyboard mIsAuxiliary=false mOverridesImplicitlyEnabledSubtype=false mIsAsciiCapable=true mSubtypeHashCode=816242702
      InputMethodSubtype #19:
        mSubtypeNameOverride= mPkLanguageTag= mPkLayoutType= mSubtypeId=-2066550842 mSubtypeLocale=es_US mSubtypeLanguageTag= mSubtypeMode=keyboard mIsAuxiliary=false mOverridesImplicitlyEnabledSubtype=false mIsAsciiCapable=true mSubtypeHashCode=-2066550842
      InputMethodSubtype #20:
        mSubtypeNameOverride= mPkLanguageTag= mPkLayoutType= mSubtypeId=-1572971239 mSubtypeLocale=es_419 mSubtypeLanguageTag= mSubtypeMode=keyboard mIsAuxiliary=false mOverridesImplicitlyEnabledSubtype=false mIsAsciiCapable=true mSubtypeHashCode=-1572971239
      InputMethodSubtype #21:
        mSubtypeNameOverride= mPkLanguageTag= mPkLayoutType= mSubtypeId=-332580523 mSubtypeLocale=et_EE mSubtypeLanguageTag= mSubtypeMode=keyboard mIsAuxiliary=false mOverridesImplicitlyEnabledSubtype=false mIsAsciiCapable=true mSubtypeHashCode=-332580523
      InputMethodSubtype #22:
        mSubtypeNameOverride= mPkLanguageTag= mPkLayoutType= mSubtypeId=118381575 mSubtypeLocale=eu_ES mSubtypeLanguageTag= mSubtypeMode=keyboard mIsAuxiliary=false mOverridesImplicitlyEnabledSubtype=false mIsAsciiCapable=true mSubtypeHashCode=118381575
      InputMethodSubtype #23:
        mSubtypeNameOverride= mPkLanguageTag= mPkLayoutType= mSubtypeId=-1100561836 mSubtypeLocale=fa mSubtypeLanguageTag= mSubtypeMode=keyboard mIsAuxiliary=false mOverridesImplicitlyEnabledSubtype=false mIsAsciiCapable=false mSubtypeHashCode=-1100561836
      InputMethodSubtype #24:
        mSubtypeNameOverride= mPkLanguageTag= mPkLayoutType= mSubtypeId=835636643 mSubtypeLocale=fi mSubtypeLanguageTag= mSubtypeMode=keyboard mIsAuxiliary=false mOverridesImplicitlyEnabledSubtype=false mIsAsciiCapable=true mSubtypeHashCode=835636643
      InputMethodSubtype #25:
        mSubtypeNameOverride= mPkLanguageTag= mPkLayoutType= mSubtypeId=843948332 mSubtypeLocale=fr mSubtypeLanguageTag=fr mSubtypeMode=keyboard mIsAuxiliary=false mOverridesImplicitlyEnabledSubtype=false mIsAsciiCapable=true mSubtypeHashCode=843948332
      InputMethodSubtype #26:
        mSubtypeNameOverride= mPkLanguageTag= mPkLayoutType= mSubtypeId=-354699631 mSubtypeLocale=fr_CA mSubtypeLanguageTag=fr-CA mSubtypeMode=keyboard mIsAuxiliary=false mOverridesImplicitlyEnabledSubtype=false mIsAsciiCapable=true mSubtypeHashCode=-354699631
      InputMethodSubtype #27:
        mSubtypeNameOverride= mPkLanguageTag= mPkLayoutType= mSubtypeId=-354658827 mSubtypeLocale=fr_CH mSubtypeLanguageTag=fr-CH mSubtypeMode=keyboard mIsAuxiliary=false mOverridesImplicitlyEnabledSubtype=false mIsAsciiCapable=true mSubtypeHashCode=-354658827
      InputMethodSubtype #28:
        mSubtypeNameOverride= mPkLanguageTag= mPkLayoutType= mSubtypeId=-1187424452 mSubtypeLocale=gl_ES mSubtypeLanguageTag= mSubtypeMode=keyboard mIsAuxiliary=false mOverridesImplicitlyEnabledSubtype=false mIsAsciiCapable=true mSubtypeHashCode=-1187424452
      InputMethodSubtype #29:
        mSubtypeNameOverride= mPkLanguageTag= mPkLayoutType= mSubtypeId=963984255 mSubtypeLocale=hi mSubtypeLanguageTag= mSubtypeMode=keyboard mIsAuxiliary=false mOverridesImplicitlyEnabledSubtype=false mIsAsciiCapable=false mSubtypeHashCode=963984255
      InputMethodSubtype #30:
        mSubtypeNameOverride= mPkLanguageTag= mPkLayoutType= mSubtypeId=-459503199 mSubtypeLocale=hi mSubtypeLanguageTag= mSubtypeMode=keyboard mIsAuxiliary=false mOverridesImplicitlyEnabledSubtype=false mIsAsciiCapable=false mSubtypeHashCode=-459503199
      InputMethodSubtype #31:
        mSubtypeNameOverride= mPkLanguageTag= mPkLayoutType= mSubtypeId=901206634 mSubtypeLocale=hr mSubtypeLanguageTag= mSubtypeMode=keyboard mIsAuxiliary=false mOverridesImplicitlyEnabledSubtype=false mIsAsciiCapable=true mSubtypeHashCode=901206634
      InputMethodSubtype #32:
        mSubtypeNameOverride= mPkLanguageTag= mPkLayoutType= mSubtypeId=903977197 mSubtypeLocale=hu mSubtypeLanguageTag= mSubtypeMode=keyboard mIsAuxiliary=false mOverridesImplicitlyEnabledSubtype=false mIsAsciiCapable=true mSubtypeHashCode=903977197
      InputMethodSubtype #33:
        mSubtypeNameOverride= mPkLanguageTag= mPkLayoutType= mSubtypeId=-476396598 mSubtypeLocale=hy_AM mSubtypeLanguageTag= mSubtypeMode=keyboard mIsAuxiliary=false mOverridesImplicitlyEnabledSubtype=false mIsAsciiCapable=false mSubtypeHashCode=-476396598
      InputMethodSubtype #34:
        mSubtypeNameOverride= mPkLanguageTag= mPkLayoutType= mSubtypeId=2108597344 mSubtypeLocale=in mSubtypeLanguageTag= mSubtypeMode=keyboard mIsAuxiliary=false mOverridesImplicitlyEnabledSubtype=false mIsAsciiCapable=true mSubtypeHashCode=2108597344
      InputMethodSubtype #35:
        mSubtypeNameOverride= mPkLanguageTag= mPkLayoutType= mSubtypeId=2113214949 mSubtypeLocale=is mSubtypeLanguageTag= mSubtypeMode=keyboard mIsAuxiliary=false mOverridesImplicitlyEnabledSubtype=false mIsAsciiCapable=true mSubtypeHashCode=2113214949
      InputMethodSubtype #36:
        mSubtypeNameOverride= mPkLanguageTag= mPkLayoutType= mSubtypeId=931682827 mSubtypeLocale=it mSubtypeLanguageTag= mSubtypeMode=keyboard mIsAuxiliary=false mOverridesImplicitlyEnabledSubtype=false mIsAsciiCapable=true mSubtypeHashCode=931682827
      InputMethodSubtype #37:
        mSubtypeNameOverride= mPkLanguageTag= mPkLayoutType= mSubtypeId=-652935654 mSubtypeLocale=it_CH mSubtypeLanguageTag= mSubtypeMode=keyboard mIsAuxiliary=false mOverridesImplicitlyEnabledSubtype=false mIsAsciiCapable=true mSubtypeHashCode=-652935654
      InputMethodSubtype #38:
        mSubtypeNameOverride= mPkLanguageTag= mPkLayoutType= mSubtypeId=1727731901 mSubtypeLocale=iw mSubtypeLanguageTag= mSubtypeMode=keyboard mIsAuxiliary=false mOverridesImplicitlyEnabledSubtype=false mIsAsciiCapable=false mSubtypeHashCode=1727731901
      InputMethodSubtype #39:
        mSubtypeNameOverride= mPkLanguageTag= mPkLayoutType= mSubtypeId=1846648426 mSubtypeLocale=ka_GE mSubtypeLanguageTag= mSubtypeMode=keyboard mIsAuxiliary=false mOverridesImplicitlyEnabledSubtype=false mIsAsciiCapable=false mSubtypeHashCode=1846648426
      InputMethodSubtype #40:
        mSubtypeNameOverride= mPkLanguageTag= mPkLayoutType= mSubtypeId=762565366 mSubtypeLocale=kk mSubtypeLanguageTag= mSubtypeMode=keyboard mIsAuxiliary=false mOverridesImplicitlyEnabledSubtype=false mIsAsciiCapable=false mSubtypeHashCode=762565366
      InputMethodSubtype #41:
        mSubtypeNameOverride= mPkLanguageTag= mPkLayoutType= mSubtypeId=325412922 mSubtypeLocale=km_KH mSubtypeLanguageTag= mSubtypeMode=keyboard mIsAuxiliary=false mOverridesImplicitlyEnabledSubtype=false mIsAsciiCapable=false mSubtypeHashCode=325412922
      InputMethodSubtype #42:
        mSubtypeNameOverride= mPkLanguageTag= mPkLayoutType= mSubtypeId=-1938291121 mSubtypeLocale=kn_IN mSubtypeLanguageTag= mSubtypeMode=keyboard mIsAuxiliary=false mOverridesImplicitlyEnabledSubtype=false mIsAsciiCapable=false mSubtypeHashCode=-1938291121
      InputMethodSubtype #43:
        mSubtypeNameOverride= mPkLanguageTag= mPkLayoutType= mSubtypeId=775494660 mSubtypeLocale=ky mSubtypeLanguageTag= mSubtypeMode=keyboard mIsAuxiliary=false mOverridesImplicitlyEnabledSubtype=false mIsAsciiCapable=false mSubtypeHashCode=775494660
      InputMethodSubtype #44:
        mSubtypeNameOverride= mPkLanguageTag= mPkLayoutType= mSubtypeId=-2095745236 mSubtypeLocale=lo_LA mSubtypeLanguageTag= mSubtypeMode=keyboard mIsAuxiliary=false mOverridesImplicitlyEnabledSubtype=false mIsAsciiCapable=false mSubtypeHashCode=-2095745236
      InputMethodSubtype #45:
        mSubtypeNameOverride= mPkLanguageTag= mPkLayoutType= mSubtypeId=-2094941373 mSubtypeLocale=lt mSubtypeLanguageTag= mSubtypeMode=keyboard mIsAuxiliary=false mOverridesImplicitlyEnabledSubtype=false mIsAsciiCapable=true mSubtypeHashCode=-2094941373
      InputMethodSubtype #46:
        mSubtypeNameOverride= mPkLanguageTag= mPkLayoutType= mSubtypeId=-2093094331 mSubtypeLocale=lv mSubtypeLanguageTag= mSubtypeMode=keyboard mIsAuxiliary=false mOverridesImplicitlyEnabledSubtype=false mIsAsciiCapable=true mSubtypeHashCode=-2093094331
      InputMethodSubtype #47:
        mSubtypeNameOverride= mPkLanguageTag= mPkLayoutType= mSubtypeId=-1353667716 mSubtypeLocale=mk mSubtypeLanguageTag= mSubtypeMode=keyboard mIsAuxiliary=false mOverridesImplicitlyEnabledSubtype=false mIsAsciiCapable=false mSubtypeHashCode=-1353667716
      InputMethodSubtype #48:
        mSubtypeNameOverride= mPkLanguageTag= mPkLayoutType= mSubtypeId=-1048384556 mSubtypeLocale=ml_IN mSubtypeLanguageTag= mSubtypeMode=keyboard mIsAuxiliary=false mOverridesImplicitlyEnabledSubtype=false mIsAsciiCapable=false mSubtypeHashCode=-1048384556
      InputMethodSubtype #49:
        mSubtypeNameOverride= mPkLanguageTag= mPkLayoutType= mSubtypeId=-842021973 mSubtypeLocale=mn_MN mSubtypeLanguageTag= mSubtypeMode=keyboard mIsAuxiliary=false mOverridesImplicitlyEnabledSubtype=false mIsAsciiCapable=false mSubtypeHashCode=-842021973
      InputMethodSubtype #50:
        mSubtypeNameOverride= mPkLanguageTag= mPkLayoutType= mSubtypeId=1954258691 mSubtypeLocale=mr_IN mSubtypeLanguageTag= mSubtypeMode=keyboard mIsAuxiliary=false mOverridesImplicitlyEnabledSubtype=false mIsAsciiCapable=false mSubtypeHashCode=1954258691
      InputMethodSubtype #51:
        mSubtypeNameOverride= mPkLanguageTag= mPkLayoutType= mSubtypeId=-2067235743 mSubtypeLocale=ms_MY mSubtypeLanguageTag= mSubtypeMode=keyboard mIsAuxiliary=false mOverridesImplicitlyEnabledSubtype=false mIsAsciiCapable=true mSubtypeHashCode=-2067235743
      InputMethodSubtype #52:
        mSubtypeNameOverride= mPkLanguageTag= mPkLayoutType= mSubtypeId=1058205204 mSubtypeLocale=nb mSubtypeLanguageTag= mSubtypeMode=keyboard mIsAuxiliary=false mOverridesImplicitlyEnabledSubtype=false mIsAsciiCapable=true mSubtypeHashCode=1058205204
      InputMethodSubtype #53:
        mSubtypeNameOverride= mPkLanguageTag= mPkLayoutType= mSubtypeId=-670413586 mSubtypeLocale=ne_NP mSubtypeLanguageTag= mSubtypeMode=keyboard mIsAuxiliary=false mOverridesImplicitlyEnabledSubtype=false mIsAsciiCapable=false mSubtypeHashCode=-670413586
      InputMethodSubtype #54:
        mSubtypeNameOverride= mPkLanguageTag= mPkLayoutType= mSubtypeId=1605364360 mSubtypeLocale=ne_NP mSubtypeLanguageTag= mSubtypeMode=keyboard mIsAuxiliary=false mOverridesImplicitlyEnabledSubtype=false mIsAsciiCapable=false mSubtypeHashCode=1605364360
      InputMethodSubtype #55:
        mSubtypeNameOverride= mPkLanguageTag= mPkLayoutType= mSubtypeId=1067440414 mSubtypeLocale=nl mSubtypeLanguageTag= mSubtypeMode=keyboard mIsAuxiliary=false mOverridesImplicitlyEnabledSubtype=false mIsAsciiCapable=true mSubtypeHashCode=1067440414
      InputMethodSubtype #56:
        mSubtypeNameOverride= mPkLanguageTag= mPkLayoutType= mSubtypeId=1343007020 mSubtypeLocale=nl_BE mSubtypeLanguageTag= mSubtypeMode=keyboard mIsAuxiliary=false mOverridesImplicitlyEnabledSubtype=false mIsAsciiCapable=true mSubtypeHashCode=1343007020
      InputMethodSubtype #57:
        mSubtypeNameOverride= mPkLanguageTag= mPkLayoutType= mSubtypeId=1124698716 mSubtypeLocale=pl mSubtypeLanguageTag= mSubtypeMode=keyboard mIsAuxiliary=false mOverridesImplicitlyEnabledSubtype=false mIsAsciiCapable=true mSubtypeHashCode=1124698716
      InputMethodSubtype #58:
        mSubtypeNameOverride= mPkLanguageTag= mPkLayoutType= mSubtypeId=-889195354 mSubtypeLocale=pt_BR mSubtypeLanguageTag= mSubtypeMode=keyboard mIsAuxiliary=false mOverridesImplicitlyEnabledSubtype=false mIsAsciiCapable=true mSubtypeHashCode=-889195354
      InputMethodSubtype #59:
        mSubtypeNameOverride= mPkLanguageTag= mPkLayoutType= mSubtypeId=-486540198 mSubtypeLocale=pt_PT mSubtypeLanguageTag= mSubtypeMode=keyboard mIsAuxiliary=false mOverridesImplicitlyEnabledSubtype=false mIsAsciiCapable=true mSubtypeHashCode=-486540198
      InputMethodSubtype #60:
        mSubtypeNameOverride= mPkLanguageTag= mPkLayoutType= mSubtypeId=-1927784072 mSubtypeLocale=ro mSubtypeLanguageTag= mSubtypeMode=keyboard mIsAuxiliary=false mOverridesImplicitlyEnabledSubtype=false mIsAsciiCapable=true mSubtypeHashCode=-1927784072
      InputMethodSubtype #61:
        mSubtypeNameOverride= mPkLanguageTag= mPkLayoutType= mSubtypeId=1983547218 mSubtypeLocale=ru mSubtypeLanguageTag= mSubtypeMode=keyboard mIsAuxiliary=false mOverridesImplicitlyEnabledSubtype=false mIsAsciiCapable=false mSubtypeHashCode=1983547218
      InputMethodSubtype #62:
        mSubtypeNameOverride= mPkLanguageTag= mPkLayoutType= mSubtypeId=-1902849005 mSubtypeLocale=sk mSubtypeLanguageTag= mSubtypeMode=keyboard mIsAuxiliary=false mOverridesImplicitlyEnabledSubtype=false mIsAsciiCapable=true mSubtypeHashCode=-1902849005
      InputMethodSubtype #63:
        mSubtypeNameOverride= mPkLanguageTag= mPkLayoutType= mSubtypeId=-1901925484 mSubtypeLocale=sl mSubtypeLanguageTag= mSubtypeMode=keyboard mIsAuxiliary=false mOverridesImplicitlyEnabledSubtype=false mIsAsciiCapable=true mSubtypeHashCode=-1901925484
      InputMethodSubtype #64:
        mSubtypeNameOverride= mPkLanguageTag= mPkLayoutType= mSubtypeId=2009405806 mSubtypeLocale=sr mSubtypeLanguageTag= mSubtypeMode=keyboard mIsAuxiliary=false mOverridesImplicitlyEnabledSubtype=false mIsAsciiCapable=false mSubtypeHashCode=2009405806
      InputMethodSubtype #65:
        mSubtypeNameOverride= mPkLanguageTag= mPkLayoutType= mSubtypeId=-190490980 mSubtypeLocale=sr_ZZ mSubtypeLanguageTag=sr-Latn mSubtypeMode=keyboard mIsAuxiliary=false mOverridesImplicitlyEnabledSubtype=false mIsAsciiCapable=true mSubtypeHashCode=-190490980
      InputMethodSubtype #66:
        mSubtypeNameOverride= mPkLanguageTag= mPkLayoutType= mSubtypeId=1219821379 mSubtypeLocale=sv mSubtypeLanguageTag= mSubtypeMode=keyboard mIsAuxiliary=false mOverridesImplicitlyEnabledSubtype=false mIsAsciiCapable=true mSubtypeHashCode=1219821379
      InputMethodSubtype #67:
        mSubtypeNameOverride= mPkLanguageTag= mPkLayoutType= mSubtypeId=-1891766753 mSubtypeLocale=sw mSubtypeLanguageTag= mSubtypeMode=keyboard mIsAuxiliary=false mOverridesImplicitlyEnabledSubtype=false mIsAsciiCapable=true mSubtypeHashCode=-1891766753
      InputMethodSubtype #68:
        mSubtypeNameOverride= mPkLanguageTag= mPkLayoutType= mSubtypeId=1739385386 mSubtypeLocale=ta_IN mSubtypeLanguageTag= mSubtypeMode=keyboard mIsAuxiliary=false mOverridesImplicitlyEnabledSubtype=false mIsAsciiCapable=false mSubtypeHashCode=1739385386
      InputMethodSubtype #69:
        mSubtypeNameOverride= mPkLanguageTag= mPkLayoutType= mSubtypeId=2019212249 mSubtypeLocale=ta_SG mSubtypeLanguageTag= mSubtypeMode=keyboard mIsAuxiliary=false mOverridesImplicitlyEnabledSubtype=false mIsAsciiCapable=false mSubtypeHashCode=2019212249
      InputMethodSubtype #70:
        mSubtypeNameOverride= mPkLanguageTag= mPkLayoutType= mSubtypeId=504853385 mSubtypeLocale=te_IN mSubtypeLanguageTag= mSubtypeMode=keyboard mIsAuxiliary=false mOverridesImplicitlyEnabledSubtype=false mIsAsciiCapable=false mSubtypeHashCode=504853385
      InputMethodSubtype #71:
        mSubtypeNameOverride= mPkLanguageTag= mPkLayoutType= mSubtypeId=529847764 mSubtypeLocale=th mSubtypeLanguageTag= mSubtypeMode=keyboard mIsAuxiliary=false mOverridesImplicitlyEnabledSubtype=false mIsAsciiCapable=false mSubtypeHashCode=529847764
      InputMethodSubtype #72:
        mSubtypeNameOverride= mPkLanguageTag= mPkLayoutType= mSubtypeId=-259881489 mSubtypeLocale=tl mSubtypeLanguageTag=fil mSubtypeMode=keyboard mIsAuxiliary=false mOverridesImplicitlyEnabledSubtype=false mIsAsciiCapable=true mSubtypeHashCode=-259881489
      InputMethodSubtype #73:
        mSubtypeNameOverride= mPkLanguageTag= mPkLayoutType= mSubtypeId=1244756446 mSubtypeLocale=tr mSubtypeLanguageTag= mSubtypeMode=keyboard mIsAuxiliary=false mOverridesImplicitlyEnabledSubtype=false mIsAsciiCapable=true mSubtypeHashCode=1244756446
      InputMethodSubtype #74:
        mSubtypeNameOverride= mPkLanguageTag= mPkLayoutType= mSubtypeId=1048856876 mSubtypeLocale=uk mSubtypeLanguageTag= mSubtypeMode=keyboard mIsAuxiliary=false mOverridesImplicitlyEnabledSubtype=false mIsAsciiCapable=false mSubtypeHashCode=1048856876
      InputMethodSubtype #75:
        mSubtypeNameOverride= mPkLanguageTag= mPkLayoutType= mSubtypeId=-1386416138 mSubtypeLocale=uz_UZ mSubtypeLanguageTag= mSubtypeMode=keyboard mIsAuxiliary=false mOverridesImplicitlyEnabledSubtype=false mIsAsciiCapable=true mSubtypeHashCode=-1386416138
      InputMethodSubtype #76:
        mSubtypeNameOverride= mPkLanguageTag= mPkLayoutType= mSubtypeId=-1818808594 mSubtypeLocale=vi mSubtypeLanguageTag= mSubtypeMode=keyboard mIsAuxiliary=false mOverridesImplicitlyEnabledSubtype=false mIsAsciiCapable=true mSubtypeHashCode=-1818808594
      InputMethodSubtype #77:
        mSubtypeNameOverride= mPkLanguageTag= mPkLayoutType= mSubtypeId=-1693209738 mSubtypeLocale=zu mSubtypeLanguageTag= mSubtypeMode=keyboard mIsAuxiliary=false mOverridesImplicitlyEnabledSubtype=false mIsAsciiCapable=true mSubtypeHashCode=-1693209738
      InputMethodSubtype #78:
        mSubtypeNameOverride= mPkLanguageTag= mPkLayoutType= mSubtypeId=-1573262419 mSubtypeLocale=zz mSubtypeLanguageTag= mSubtypeMode=keyboard mIsAuxiliary=false mOverridesImplicitlyEnabledSubtype=false mIsAsciiCapable=true mSubtypeHashCode=-1573262419
      InputMethodSubtype #79:
        mSubtypeNameOverride= mPkLanguageTag= mPkLayoutType= mSubtypeId=784412869 mSubtypeLocale=de mSubtypeLanguageTag= mSubtypeMode=keyboard mIsAuxiliary=false mOverridesImplicitlyEnabledSubtype=false mIsAsciiCapable=false mSubtypeHashCode=784412869
      InputMethodSubtype #80:
        mSubtypeNameOverride= mPkLanguageTag= mPkLayoutType= mSubtypeId=845917585 mSubtypeLocale=fr mSubtypeLanguageTag= mSubtypeMode=keyboard mIsAuxiliary=false mOverridesImplicitlyEnabledSubtype=false mIsAsciiCapable=false mSubtypeHashCode=845917585
  ClientStates:
  ClientState{4cced85 mUid=10121 mPid=1154 mSelfReportedDisplayId=0}:
    client=com.android.server.inputmethod.IInputMethodClientInvoker@10a47a6
    fallbackInputConnection=com.android.internal.inputmethod.IRemoteInputConnection$Stub$Proxy@39945e7
    sessionRequested=false
    sessionRequestedForAccessibility=false
    curSession=SessionState{uid=10121 pid=1154 method=3395594 session=bf4b83d channel=ClientState{4cced85 mUid=10121 mPid=1154 mSelfReportedDisplayId=0} (server)}
    selfReportedDisplayId=0
    uid=10121
    pid=1154
  ClientState{d7c9637 mUid=1000 mPid=1030 mSelfReportedDisplayId=0}:
    client=com.android.server.inputmethod.IInputMethodClientInvoker@3833832
    fallbackInputConnection=com.android.internal.inputmethod.IRemoteInputConnection$Stub$Proxy@2aa5983
    sessionRequested=false
    sessionRequestedForAccessibility=false
    curSession=SessionState{uid=1000 pid=1030 method=3395594 session=8203700 channel=ClientState{d7c9637 mUid=1000 mPid=1030 mSelfReportedDisplayId=0} (server)}
    selfReportedDisplayId=0
    uid=1000
    pid=1030
  ClientState{b760e5d mUid=10071 mPid=4697 mSelfReportedDisplayId=0}:
    client=com.android.server.inputmethod.IInputMethodClientInvoker@a01c0c
    fallbackInputConnection=com.android.internal.inputmethod.IRemoteInputConnection$Stub$Proxy@9ffc955
    sessionRequested=false
    sessionRequestedForAccessibility=false
    curSession=SessionState{uid=10071 pid=4697 method=3395594 session=dfecf6a channel=ClientState{b760e5d mUid=10071 mPid=4697 mSelfReportedDisplayId=0} (server)}
    selfReportedDisplayId=0
    uid=10071
    pid=4697
  ClientState{799b39 mUid=10109 mPid=1906 mSelfReportedDisplayId=0}:
    client=com.android.server.inputmethod.IInputMethodClientInvoker@828a57e
    fallbackInputConnection=com.android.internal.inputmethod.IRemoteInputConnection$Stub$Proxy@92f0adf
    sessionRequested=false
    sessionRequestedForAccessibility=false
    curSession=null
    selfReportedDisplayId=0
    uid=10109
    pid=1906
  ClientState{e2c609c mUid=10148 mPid=3411 mSelfReportedDisplayId=0}:
    client=com.android.server.inputmethod.IInputMethodClientInvoker@5d1c32c
    fallbackInputConnection=com.android.internal.inputmethod.IRemoteInputConnection$Stub$Proxy@3cfb1f5
    sessionRequested=false
    sessionRequestedForAccessibility=true
    curSession=SessionState{uid=10148 pid=3411 method=3395594 session=259b8a channel=ClientState{e2c609c mUid=10148 mPid=3411 mSelfReportedDisplayId=0} (server)}
    selfReportedDisplayId=0
    uid=10148
    pid=3411
  ClientState{c2375fb mUid=10067 mPid=1566 mSelfReportedDisplayId=0}:
    client=com.android.server.inputmethod.IInputMethodClientInvoker@42de618
    fallbackInputConnection=com.android.internal.inputmethod.IRemoteInputConnection$Stub$Proxy@2367871
    sessionRequested=false
    sessionRequestedForAccessibility=false
    curSession=null
    selfReportedDisplayId=0
    uid=10067
    pid=1566
  ClientState{249e656 mUid=10120 mPid=870 mSelfReportedDisplayId=0}:
    client=com.android.server.inputmethod.IInputMethodClientInvoker@a2976d7
    fallbackInputConnection=com.android.internal.inputmethod.IRemoteInputConnection$Stub$Proxy@7274bc4
    sessionRequested=false
    sessionRequestedForAccessibility=false
    curSession=null
    selfReportedDisplayId=0
    uid=10120
    pid=870
  ClientState{2692aad mUid=1000 mPid=540 mSelfReportedDisplayId=0}:
    client=com.android.server.inputmethod.IInputMethodClientInvoker@9611e2
    fallbackInputConnection=RemoteInputConnectionImpl{connection=android.view.inputmethod.BaseInputConnection@24a973 mDeactivateRequested=false mServedView=null}
    sessionRequested=false
    sessionRequestedForAccessibility=false
    curSession=null
    selfReportedDisplayId=0
    uid=1000
    pid=540
  mCurrentUserId=0
  mCurMethodId=com.android.inputmethod.latin/.LatinIME
  mCurClient=ClientState{e2c609c mUid=10148 mPid=3411 mSelfReportedDisplayId=0} mCurSeq=22
  mFocusedWindowPerceptible={android.os.BinderProxy@d430602=true, android.os.BinderProxy@b02dbb5=true, android.os.BinderProxy@6daf03f=true, null=true, android.os.BinderProxy@86d2ee6=true, android.os.BinderProxy@311dc48=true, android.os.BinderProxy@60a7463=true, android.os.BinderProxy@6544fed=true, android.os.BinderProxy@d3329e4=true}
  mFocusedWindow()=android.os.BinderProxy@86d2ee6
  softInputMode=STATE_UNSPECIFIED|ADJUST_RESIZE
  mFocusedWindowClient=ClientState{e2c609c mUid=10148 mPid=3411 mSelfReportedDisplayId=0}
  mCurId=com.android.inputmethod.latin/.LatinIME mHaveConnection=true mBoundToMethod=true mVisibleBound=true
  mUserDataRepository=
    mUserId=0
      hasMainConnection=true
      isVisibleBound=true
  mCurToken=android.os.Binder@f7aa058
  mCurTokenDisplayId=0
  mCurHostInputToken=null
  mCurIntent=Intent { act=android.view.InputMethod cmp=com.android.inputmethod.latin/.LatinIME (has extras) }
  mCurMethod=com.android.server.inputmethod.IInputMethodInvoker@d2f6030
  mEnabledSession=SessionState{uid=10148 pid=3411 method=3395594 session=259b8a channel=ClientState{e2c609c mUid=10148 mPid=3411 mSelfReportedDisplayId=0} (server)}
  mRequestedShowExplicitly=true mShowForced=false
  mImeHiddenByDisplayPolicy=false
  mInputShown=true
  mInFullscreenMode=false
  mSystemReady=true mInteractive=true
  mExperimentalConcurrentMultiUserModeEnabled=false
  ENABLE_HIDE_IME_CAPTION_BAR=true
  mSettingsObserver=SettingsObserver{mUserId=0 mRegistered=true mLastEnabled=com.android.inputmethod.latin/.LatinIME}
  mStylusIds=[2, 3, 4, 5, 6, 7, 8, 9, 10, 11, 12]
  mSwitchingController:
    mSwitchingAwareRotationList:
      rank=0 item=ImeSubtypeListItem{mImeName=Android Keyboard (AOSP) mSubtypeName=English (US) mSubtypeId=0 mIsSystemLocale=false mIsSystemLanguage=false}
    mSwitchingUnawareRotationList:
  mStartInputHistory:
    StartInput #0:
      time=2026-09-10 02:27:41.455 (timestamp=32304) reason=SESSION_CREATED_BY_IME restarting=false
      imeToken=android.os.Binder@f7aa058 [com.android.inputmethod.latin/.LatinIME] imeUserId=0 imeDisplayId=0
      targetWin=android.os.BinderProxy@504987 [com.android.settings] targetUserId=0 targetDisplayId=0 clientBindSeq=2
      softInputMode=STATE_UNSPECIFIED|ADJUST_PAN
      inputType=0x0 imeOptions=0x0 fieldId=0x0 fieldName=null actionId=0 actionLabel=null
    StartInput #1:
      time=2026-09-10 02:27:42.084 (timestamp=32934) reason=SESSION_CREATED_BY_IME restarting=false
      imeToken=android.os.Binder@f7aa058 [com.android.inputmethod.latin/.LatinIME] imeUserId=0 imeDisplayId=0
      targetWin=android.os.BinderProxy@311dc48 [com.android.launcher3] targetUserId=0 targetDisplayId=0 clientBindSeq=3
      softInputMode=STATE_UNSPECIFIED|ADJUST_NOTHING
      inputType=0x0 imeOptions=0x0 fieldId=0x0 fieldName=null actionId=0 actionLabel=null
    StartInput #2:
      time=2026-09-10 02:28:10.510 (timestamp=61360) reason=SESSION_CREATED_BY_IME restarting=false
      imeToken=android.os.Binder@f7aa058 [com.android.inputmethod.latin/.LatinIME] imeUserId=0 imeDisplayId=0
      targetWin=android.os.BinderProxy@d430602 [dev.partydeck.app] targetUserId=0 targetDisplayId=0 clientBindSeq=4
      softInputMode=STATE_UNSPECIFIED|ADJUST_RESIZE|IS_FORWARD_NAVIGATION
      inputType=0x0 imeOptions=0x0 fieldId=0x0 fieldName=null actionId=0 actionLabel=null
    StartInput #3:
      time=2026-09-10 02:28:44.705 (timestamp=95555) reason=WINDOW_FOCUS_GAIN restarting=false
      imeToken=android.os.Binder@f7aa058 [com.android.inputmethod.latin/.LatinIME] imeUserId=0 imeDisplayId=0
      targetWin=android.os.BinderProxy@6daf03f [dev.partydeck.app] targetUserId=0 targetDisplayId=0 clientBindSeq=5
      softInputMode=STATE_UNSPECIFIED|ADJUST_PAN
      inputType=0x0 imeOptions=0x0 fieldId=0x0 fieldName=null actionId=0 actionLabel=null
    StartInput #4:
      time=2026-09-10 02:28:46.827 (timestamp=97677) reason=WINDOW_FOCUS_GAIN restarting=false
      imeToken=android.os.Binder@f7aa058 [com.android.inputmethod.latin/.LatinIME] imeUserId=0 imeDisplayId=0
      targetWin=android.os.BinderProxy@d430602 [dev.partydeck.app] targetUserId=0 targetDisplayId=0 clientBindSeq=6
      softInputMode=STATE_UNSPECIFIED|ADJUST_RESIZE
      inputType=0x0 imeOptions=0x0 fieldId=0x0 fieldName=null actionId=0 actionLabel=null
    StartInput #5:
      time=2026-09-10 02:29:13.992 (timestamp=124842) reason=SESSION_CREATED_BY_IME restarting=false
      imeToken=android.os.Binder@f7aa058 [com.android.inputmethod.latin/.LatinIME] imeUserId=0 imeDisplayId=0
      targetWin=android.os.BinderProxy@86d2ee6 [dev.partydeck.app] targetUserId=0 targetDisplayId=0 clientBindSeq=7
      softInputMode=STATE_UNSPECIFIED|ADJUST_RESIZE
      inputType=0x0 imeOptions=0x0 fieldId=0x0 fieldName=null actionId=0 actionLabel=null
    StartInput #6:
      time=2026-09-10 02:30:16.880 (timestamp=187729) reason=WINDOW_FOCUS_GAIN restarting=false
      imeToken=android.os.Binder@f7aa058 [com.android.inputmethod.latin/.LatinIME] imeUserId=0 imeDisplayId=0
      targetWin=android.os.BinderProxy@311dc48 [com.android.launcher3] targetUserId=0 targetDisplayId=0 clientBindSeq=8
      softInputMode=STATE_UNSPECIFIED|ADJUST_NOTHING|IS_FORWARD_NAVIGATION
      inputType=0x0 imeOptions=0x0 fieldId=0x0 fieldName=null actionId=0 actionLabel=null
    StartInput #7:
      time=2026-09-10 02:30:19.182 (timestamp=190032) reason=WINDOW_FOCUS_GAIN restarting=false
      imeToken=android.os.Binder@f7aa058 [com.android.inputmethod.latin/.LatinIME] imeUserId=0 imeDisplayId=0
      targetWin=android.os.BinderProxy@86d2ee6 [dev.partydeck.app] targetUserId=0 targetDisplayId=0 clientBindSeq=9
      softInputMode=STATE_UNSPECIFIED|ADJUST_RESIZE
      inputType=0x0 imeOptions=0x0 fieldId=0x0 fieldName=null actionId=0 actionLabel=null
    StartInput #8:
      time=2026-09-10 02:30:45.350 (timestamp=216200) reason=WINDOW_FOCUS_GAIN restarting=false
      imeToken=android.os.Binder@f7aa058 [com.android.inputmethod.latin/.LatinIME] imeUserId=0 imeDisplayId=0
      targetWin=android.os.BinderProxy@d3329e4 [dev.partydeck.app] targetUserId=0 targetDisplayId=0 clientBindSeq=10
      softInputMode=STATE_UNSPECIFIED|ADJUST_PAN
      inputType=0x0 imeOptions=0x0 fieldId=0x0 fieldName=null actionId=0 actionLabel=null
    StartInput #9:
      time=2026-09-10 02:30:47.664 (timestamp=218514) reason=WINDOW_FOCUS_GAIN restarting=false
      imeToken=android.os.Binder@f7aa058 [com.android.inputmethod.latin/.LatinIME] imeUserId=0 imeDisplayId=0
      targetWin=android.os.BinderProxy@86d2ee6 [dev.partydeck.app] targetUserId=0 targetDisplayId=0 clientBindSeq=11
      softInputMode=STATE_UNSPECIFIED|ADJUST_RESIZE
      inputType=0x0 imeOptions=0x0 fieldId=0x0 fieldName=null actionId=0 actionLabel=null
    StartInput #10:
      time=2026-09-10 02:30:56.340 (timestamp=227190) reason=CHECK_FOCUS restarting=false
      imeToken=android.os.Binder@f7aa058 [com.android.inputmethod.latin/.LatinIME] imeUserId=0 imeDisplayId=0
      targetWin=android.os.BinderProxy@86d2ee6 [dev.partydeck.app] targetUserId=0 targetDisplayId=0 clientBindSeq=12
      softInputMode=STATE_UNSPECIFIED|ADJUST_RESIZE
      inputType=0x2001 imeOptions=0x2000006 fieldId=0xffffffff fieldName=null actionId=0 actionLabel=null
    StartInput #11:
      time=2026-09-10 02:30:56.360 (timestamp=227209) reason=APP_CALLED_RESTART_INPUT_API restarting=true
      imeToken=android.os.Binder@f7aa058 [com.android.inputmethod.latin/.LatinIME] imeUserId=0 imeDisplayId=0
      targetWin=android.os.BinderProxy@86d2ee6 [dev.partydeck.app] targetUserId=0 targetDisplayId=0 clientBindSeq=13
      softInputMode=STATE_UNSPECIFIED|ADJUST_RESIZE
      inputType=0x2001 imeOptions=0x2000006 fieldId=0xffffffff fieldName=null actionId=0 actionLabel=null
    StartInput #12:
      time=2026-09-10 02:31:10.724 (timestamp=241574) reason=APP_CALLED_RESTART_INPUT_API restarting=true
      imeToken=android.os.Binder@f7aa058 [com.android.inputmethod.latin/.LatinIME] imeUserId=0 imeDisplayId=0
      targetWin=android.os.BinderProxy@86d2ee6 [dev.partydeck.app] targetUserId=0 targetDisplayId=0 clientBindSeq=14
      softInputMode=STATE_UNSPECIFIED|ADJUST_RESIZE
      inputType=0x0 imeOptions=0x0 fieldId=0x0 fieldName=null actionId=0 actionLabel=null
    StartInput #13:
      time=2026-09-10 02:31:16.149 (timestamp=246998) reason=WINDOW_FOCUS_GAIN restarting=false
      imeToken=android.os.Binder@f7aa058 [com.android.inputmethod.latin/.LatinIME] imeUserId=0 imeDisplayId=0
      targetWin=android.os.BinderProxy@b02dbb5 [dev.partydeck.app] targetUserId=0 targetDisplayId=0 clientBindSeq=15
      softInputMode=STATE_UNSPECIFIED|ADJUST_PAN
      inputType=0x0 imeOptions=0x0 fieldId=0x0 fieldName=null actionId=0 actionLabel=null
    StartInput #14:
      time=2026-09-10 02:31:26.790 (timestamp=257640) reason=SESSION_CREATED_BY_IME restarting=false
      imeToken=android.os.Binder@f7aa058 [com.android.inputmethod.latin/.LatinIME] imeUserId=0 imeDisplayId=0
      targetWin=android.os.BinderProxy@6544fed [com.android.intentresolver] targetUserId=0 targetDisplayId=0 clientBindSeq=16
      softInputMode=STATE_UNSPECIFIED|ADJUST_RESIZE|IS_FORWARD_NAVIGATION
      inputType=0x0 imeOptions=0x0 fieldId=0x0 fieldName=null actionId=0 actionLabel=null
    StartInput #15:
      time=2026-09-10 02:31:29.165 (timestamp=260015) reason=WINDOW_FOCUS_GAIN restarting=false
      imeToken=android.os.Binder@f7aa058 [com.android.inputmethod.latin/.LatinIME] imeUserId=0 imeDisplayId=0
      targetWin=android.os.BinderProxy@b02dbb5 [dev.partydeck.app] targetUserId=0 targetDisplayId=0 clientBindSeq=17
      softInputMode=STATE_UNSPECIFIED|ADJUST_PAN
      inputType=0x0 imeOptions=0x0 fieldId=0x0 fieldName=null actionId=0 actionLabel=null
    StartInput #16:
      time=2026-09-10 02:31:31.682 (timestamp=262532) reason=WINDOW_FOCUS_GAIN restarting=false
      imeToken=android.os.Binder@f7aa058 [com.android.inputmethod.latin/.LatinIME] imeUserId=0 imeDisplayId=0
      targetWin=android.os.BinderProxy@86d2ee6 [dev.partydeck.app] targetUserId=0 targetDisplayId=0 clientBindSeq=18
      softInputMode=STATE_UNSPECIFIED|ADJUST_RESIZE
      inputType=0x0 imeOptions=0x0 fieldId=0x0 fieldName=null actionId=0 actionLabel=null
    StartInput #17:
      time=2026-09-10 02:31:36.391 (timestamp=267240) reason=WINDOW_FOCUS_GAIN restarting=false
      imeToken=android.os.Binder@f7aa058 [com.android.inputmethod.latin/.LatinIME] imeUserId=0 imeDisplayId=0
      targetWin=android.os.BinderProxy@60a7463 [dev.partydeck.app] targetUserId=0 targetDisplayId=0 clientBindSeq=19
      softInputMode=STATE_UNSPECIFIED|ADJUST_PAN
      inputType=0x0 imeOptions=0x0 fieldId=0x0 fieldName=null actionId=0 actionLabel=null
    StartInput #18:
      time=2026-09-10 02:31:38.747 (timestamp=269596) reason=WINDOW_FOCUS_GAIN restarting=false
      imeToken=android.os.Binder@f7aa058 [com.android.inputmethod.latin/.LatinIME] imeUserId=0 imeDisplayId=0
      targetWin=android.os.BinderProxy@86d2ee6 [dev.partydeck.app] targetUserId=0 targetDisplayId=0 clientBindSeq=20
      softInputMode=STATE_UNSPECIFIED|ADJUST_RESIZE
      inputType=0x0 imeOptions=0x0 fieldId=0x0 fieldName=null actionId=0 actionLabel=null
    StartInput #19:
      time=2026-09-10 02:31:47.365 (timestamp=278215) reason=CHECK_FOCUS restarting=false
      imeToken=android.os.Binder@f7aa058 [com.android.inputmethod.latin/.LatinIME] imeUserId=0 imeDisplayId=0
      targetWin=android.os.BinderProxy@86d2ee6 [dev.partydeck.app] targetUserId=0 targetDisplayId=0 clientBindSeq=21
      softInputMode=STATE_UNSPECIFIED|ADJUST_RESIZE
      inputType=0x2001 imeOptions=0x2000005 fieldId=0xffffffff fieldName=null actionId=0 actionLabel=null
    StartInput #20:
      time=2026-09-10 02:31:47.368 (timestamp=278218) reason=APP_CALLED_RESTART_INPUT_API restarting=true
      imeToken=android.os.Binder@f7aa058 [com.android.inputmethod.latin/.LatinIME] imeUserId=0 imeDisplayId=0
      targetWin=android.os.BinderProxy@86d2ee6 [dev.partydeck.app] targetUserId=0 targetDisplayId=0 clientBindSeq=22
      softInputMode=STATE_UNSPECIFIED|ADJUST_RESIZE
      inputType=0x2001 imeOptions=0x2000005 fieldId=0xffffffff fieldName=null actionId=0 actionLabel=null
  mSoftInputShowHideHistory:
    SoftInputShowHide #0:
      time=2026-09-10 02:30:56.370 (timestamp=227220)
      reason=SHOW_SOFT_INPUT_BY_INSETS_API inFullscreenMode=false
      requestClient=ClientState{e2c609c mUid=10148 mPid=3411 mSelfReportedDisplayId=0}
      focusedWindowName=6ab3c27 dev.partydeck.app/dev.partydeck.app.MainActivity
      requestWindowName=6ab3c27 dev.partydeck.app/dev.partydeck.app.MainActivity
      imeControlTargetName=6ab3c27 dev.partydeck.app/dev.partydeck.app.MainActivity
      imeTargetNameFromWm=6ab3c27 dev.partydeck.app/dev.partydeck.app.MainActivity
      imeSurfaceParentName=Surface(name=ActivityRecord{c8daad6 u0 dev.partydeck.app/.MainActivity)/@0xc6da71f
      editorInfo: inputType=0 privateImeOptions=null fieldId (viewId)=0
      focusedWindowSoftInputMode=STATE_UNSPECIFIED|ADJUST_RESIZE
    SoftInputShowHide #1:
      time=2026-09-10 02:30:56.438 (timestamp=227288)
      reason=SHOW_SOFT_INPUT inFullscreenMode=false
      requestClient=ClientState{e2c609c mUid=10148 mPid=3411 mSelfReportedDisplayId=0}
      focusedWindowName=6ab3c27 dev.partydeck.app/dev.partydeck.app.MainActivity
      requestWindowName=6ab3c27 dev.partydeck.app/dev.partydeck.app.MainActivity
      imeControlTargetName=6ab3c27 dev.partydeck.app/dev.partydeck.app.MainActivity
      imeTargetNameFromWm=6ab3c27 dev.partydeck.app/dev.partydeck.app.MainActivity
      imeSurfaceParentName=Surface(name=ActivityRecord{c8daad6 u0 dev.partydeck.app/.MainActivity)/@0xc6da71f
      editorInfo: inputType=0 privateImeOptions=null fieldId (viewId)=0
      focusedWindowSoftInputMode=STATE_UNSPECIFIED|ADJUST_RESIZE
    SoftInputShowHide #2:
      time=2026-09-10 02:31:08.210 (timestamp=239060)
      reason=HIDE_SOFT_INPUT_BY_BACK_KEY inFullscreenMode=false
      requestClient=ClientState{e2c609c mUid=10148 mPid=3411 mSelfReportedDisplayId=0}
      focusedWindowName=6ab3c27 dev.partydeck.app/dev.partydeck.app.MainActivity
      requestWindowName=6ab3c27 dev.partydeck.app/dev.partydeck.app.MainActivity
      imeControlTargetName=6ab3c27 dev.partydeck.app/dev.partydeck.app.MainActivity
      imeTargetNameFromWm=6ab3c27 dev.partydeck.app/dev.partydeck.app.MainActivity
      imeSurfaceParentName=Surface(name=ActivityRecord{c8daad6 u0 dev.partydeck.app/.MainActivity)/@0xc6da71f
      editorInfo: inputType=0 privateImeOptions=null fieldId (viewId)=0
      focusedWindowSoftInputMode=STATE_UNSPECIFIED|ADJUST_RESIZE
    SoftInputShowHide #3:
      time=2026-09-10 02:31:47.386 (timestamp=278236)
      reason=SHOW_SOFT_INPUT_BY_INSETS_API inFullscreenMode=false
      requestClient=ClientState{e2c609c mUid=10148 mPid=3411 mSelfReportedDisplayId=0}
      focusedWindowName=6ab3c27 dev.partydeck.app/dev.partydeck.app.MainActivity
      requestWindowName=6ab3c27 dev.partydeck.app/dev.partydeck.app.MainActivity
      imeControlTargetName=6ab3c27 dev.partydeck.app/dev.partydeck.app.MainActivity
      imeTargetNameFromWm=6ab3c27 dev.partydeck.app/dev.partydeck.app.MainActivity
      imeSurfaceParentName=Surface(name=ActivityRecord{c8daad6 u0 dev.partydeck.app/.MainActivity)/@0xc6da71f
      editorInfo: inputType=0 privateImeOptions=null fieldId (viewId)=0
      focusedWindowSoftInputMode=STATE_UNSPECIFIED|ADJUST_RESIZE
    SoftInputShowHide #4:
      time=2026-09-10 02:31:47.388 (timestamp=278238)
      reason=SHOW_SOFT_INPUT inFullscreenMode=false
      requestClient=ClientState{e2c609c mUid=10148 mPid=3411 mSelfReportedDisplayId=0}
      focusedWindowName=6ab3c27 dev.partydeck.app/dev.partydeck.app.MainActivity
      requestWindowName=6ab3c27 dev.partydeck.app/dev.partydeck.app.MainActivity
      imeControlTargetName=6ab3c27 dev.partydeck.app/dev.partydeck.app.MainActivity
      imeTargetNameFromWm=6ab3c27 dev.partydeck.app/dev.partydeck.app.MainActivity
      imeSurfaceParentName=Surface(name=ActivityRecord{c8daad6 u0 dev.partydeck.app/.MainActivity)/@0xc6da71f
      editorInfo: inputType=0 privateImeOptions=null fieldId (viewId)=0
      focusedWindowSoftInputMode=STATE_UNSPECIFIED|ADJUST_RESIZE
  mImeTrackerService#History:
    mLiveEntries: 0 elements
    mEntries: 25 elements
      #0 TYPE_HIDE - STATUS_CANCEL - com.android.settings:3d884d6f (1ms):
        startTime=2026-09-10 02:27:34.614 ORIGIN_SERVER
        reason=HIDE_UNSPECIFIED_WINDOW PHASE_SERVER_SHOULD_HIDE
        requestWindowName=not set
      #1 TYPE_HIDE - STATUS_CANCEL - com.android.settings:fbb94e85 (52ms):
        startTime=2026-09-10 02:27:35.702 ORIGIN_SERVER
        reason=HIDE_UNSPECIFIED_WINDOW PHASE_SERVER_SHOULD_HIDE
        requestWindowName=not set
      #2 TYPE_HIDE - STATUS_CANCEL - com.android.launcher3:6340aa59 (7ms):
        startTime=2026-09-10 02:27:42.074 ORIGIN_SERVER
        reason=HIDE_UNSPECIFIED_WINDOW PHASE_SERVER_SHOULD_HIDE
        requestWindowName=not set
      #3 TYPE_HIDE - STATUS_CANCEL - dev.partydeck.app:82905812 (0ms):
        startTime=2026-09-10 02:28:10.475 ORIGIN_SERVER
        reason=HIDE_UNSPECIFIED_WINDOW PHASE_SERVER_SHOULD_HIDE
        requestWindowName=not set
      #4 TYPE_HIDE - STATUS_CANCEL - dev.partydeck.app:9cb9e0ce (1ms):
        startTime=2026-09-10 02:28:44.704 ORIGIN_SERVER
        reason=HIDE_UNSPECIFIED_WINDOW PHASE_SERVER_SHOULD_HIDE
        requestWindowName=not set
      #5 TYPE_HIDE - STATUS_CANCEL - dev.partydeck.app:23627bef (0ms):
        startTime=2026-09-10 02:28:46.827 ORIGIN_SERVER
        reason=HIDE_UNSPECIFIED_WINDOW PHASE_SERVER_SHOULD_HIDE
        requestWindowName=not set
      #6 TYPE_HIDE - STATUS_CANCEL - dev.partydeck.app:bbf1583d (0ms):
        startTime=2026-09-10 02:29:11.562 ORIGIN_SERVER
        reason=HIDE_REMOVE_CLIENT PHASE_SERVER_SHOULD_HIDE
        requestWindowName=not set
      #7 TYPE_HIDE - STATUS_CANCEL - dev.partydeck.app:7bbfabe2 (1ms):
        startTime=2026-09-10 02:29:13.974 ORIGIN_SERVER
        reason=HIDE_UNSPECIFIED_WINDOW PHASE_SERVER_SHOULD_HIDE
        requestWindowName=not set
      #8 TYPE_HIDE - STATUS_CANCEL - com.android.launcher3:69ef943e (1ms):
        startTime=2026-09-10 02:30:16.877 ORIGIN_SERVER
        reason=HIDE_UNSPECIFIED_WINDOW PHASE_SERVER_SHOULD_HIDE
        requestWindowName=not set
      #9 TYPE_HIDE - STATUS_CANCEL - dev.partydeck.app:825a40bc (1ms):
        startTime=2026-09-10 02:30:19.180 ORIGIN_SERVER
        reason=HIDE_UNSPECIFIED_WINDOW PHASE_SERVER_SHOULD_HIDE
        requestWindowName=not set
      #10 TYPE_HIDE - STATUS_CANCEL - dev.partydeck.app:3d356661 (0ms):
        startTime=2026-09-10 02:30:45.347 ORIGIN_SERVER
        reason=HIDE_UNSPECIFIED_WINDOW PHASE_SERVER_SHOULD_HIDE
        requestWindowName=not set
      #11 TYPE_HIDE - STATUS_CANCEL - dev.partydeck.app:32f90a48 (0ms):
        startTime=2026-09-10 02:30:47.664 ORIGIN_SERVER
        reason=HIDE_UNSPECIFIED_WINDOW PHASE_SERVER_SHOULD_HIDE
        requestWindowName=not set
      #12 TYPE_SHOW - STATUS_SUCCESS - dev.partydeck.app:cc47e80e (1161ms):
        startTime=2026-09-10 02:30:56.360 ORIGIN_CLIENT
        reason=SHOW_SOFT_INPUT_BY_INSETS_API PHASE_CLIENT_ANIMATION_FINISHED_SHOW
        requestWindowName=6ab3c27 dev.partydeck.app/dev.partydeck.app.MainActivity
      #13 TYPE_SHOW - STATUS_CANCEL - dev.partydeck.app:cfe27e38 (1154ms):
        startTime=2026-09-10 02:30:56.436 ORIGIN_CLIENT
        reason=SHOW_SOFT_INPUT PHASE_CLIENT_APPLY_ANIMATION
        requestWindowName=6ab3c27 dev.partydeck.app/dev.partydeck.app.MainActivity
      #15 TYPE_HIDE - STATUS_CANCEL - dev.partydeck.app:2fdb8e6d (6ms):
        startTime=2026-09-10 02:31:08.349 ORIGIN_CLIENT
        reason=HIDE_SOFT_INPUT_ON_ANIMATION_STATE_CHANGED PHASE_SERVER_SHOULD_HIDE
        requestWindowName=not set
      #14 TYPE_HIDE - STATUS_SUCCESS - com.android.inputmethod.latin:7ae5c773 (169ms):
        startTime=2026-09-10 02:31:08.209 ORIGIN_IME
        reason=HIDE_SOFT_INPUT_BY_BACK_KEY PHASE_CLIENT_ANIMATION_FINISHED_HIDE
        requestWindowName=6ab3c27 dev.partydeck.app/dev.partydeck.app.MainActivity
      #16 TYPE_HIDE - STATUS_CANCEL - dev.partydeck.app:4a1d7cd9 (1ms):
        startTime=2026-09-10 02:31:10.722 ORIGIN_CLIENT
        reason=HIDE_SOFT_INPUT_BY_INSETS_API PHASE_CLIENT_APPLY_ANIMATION
        requestWindowName=not set
      #17 TYPE_HIDE - STATUS_CANCEL - dev.partydeck.app:a3158f95 (0ms):
        startTime=2026-09-10 02:31:16.148 ORIGIN_SERVER
        reason=HIDE_UNSPECIFIED_WINDOW PHASE_SERVER_SHOULD_HIDE
        requestWindowName=not set
      #18 TYPE_HIDE - STATUS_CANCEL - com.android.intentresolver:568f54c3 (0ms):
        startTime=2026-09-10 02:31:26.777 ORIGIN_SERVER
        reason=HIDE_UNSPECIFIED_WINDOW PHASE_SERVER_SHOULD_HIDE
        requestWindowName=not set
      #19 TYPE_HIDE - STATUS_CANCEL - dev.partydeck.app:85c8d57f (0ms):
        startTime=2026-09-10 02:31:29.164 ORIGIN_SERVER
        reason=HIDE_UNSPECIFIED_WINDOW PHASE_SERVER_SHOULD_HIDE
        requestWindowName=not set
      #20 TYPE_HIDE - STATUS_CANCEL - dev.partydeck.app:f51bac7a (0ms):
        startTime=2026-09-10 02:31:31.682 ORIGIN_SERVER
        reason=HIDE_UNSPECIFIED_WINDOW PHASE_SERVER_SHOULD_HIDE
        requestWindowName=not set
      #21 TYPE_HIDE - STATUS_CANCEL - dev.partydeck.app:1d58bf48 (0ms):
        startTime=2026-09-10 02:31:36.385 ORIGIN_SERVER
        reason=HIDE_UNSPECIFIED_WINDOW PHASE_SERVER_SHOULD_HIDE
        requestWindowName=not set
      #22 TYPE_HIDE - STATUS_CANCEL - dev.partydeck.app:b2674831 (0ms):
        startTime=2026-09-10 02:31:38.746 ORIGIN_SERVER
        reason=HIDE_UNSPECIFIED_WINDOW PHASE_SERVER_SHOULD_HIDE
        requestWindowName=not set
      #23 TYPE_SHOW - STATUS_CANCEL - dev.partydeck.app:84944afe (409ms):
        startTime=2026-09-10 02:31:47.368 ORIGIN_CLIENT
        reason=SHOW_SOFT_INPUT_BY_INSETS_API PHASE_WM_SHOW_IME_RUNNER
        requestWindowName=6ab3c27 dev.partydeck.app/dev.partydeck.app.MainActivity
      #24 TYPE_SHOW - STATUS_SUCCESS - dev.partydeck.app:4116fece (792ms):
        startTime=2026-09-10 02:31:47.387 ORIGIN_CLIENT
        reason=SHOW_SOFT_INPUT PHASE_CLIENT_ANIMATION_FINISHED_SHOW
        requestWindowName=6ab3c27 dev.partydeck.app/dev.partydeck.app.MainActivity
 
Input method client state for android.view.inputmethod.InputMethodManager@e90806:
  mFallbackInputConnection=RemoteInputConnectionImpl{connection=android.view.inputmethod.BaseInputConnection@e4e6ec7 mDeactivateRequested=false mServedView=null}
  mActive=true mRestartOnNextWindowFocus=false mBindSequence=22 mCurImeId=com.android.inputmethod.latin/.LatinIME
  mFullscreenMode=false
  mCurMethod=com.android.internal.inputmethod.IInputMethodSession$Stub$Proxy@cf26d7a
  mCurRootView=android.view.ViewRootImpl@8993c1d
  mServedView=androidx.compose.ui.platform.AndroidComposeView{d107d0b VFED..... .F...... 0,0-720,1600 aid=1073741824}
  mNextServedView=androidx.compose.ui.platform.AndroidComposeView{d107d0b VFED..... .F...... 0,0-720,1600 aid=1073741824}
  mServedConnecting=false
  mCurrentEditorInfo:
    inputType=0x2001 imeOptions=0x2000005 privateImeOptions=null
    actionLabel=null actionId=0
    initialSelStart=0 initialSelEnd=0 initialToolType=1 initialCapsMode=0x0
    hintText=null label=null
    packageName=dev.partydeck.app autofillId=1073741824 fieldId=-1 fieldName=null
    hintLocales=null
    supportedHandwritingGestureTypes=SELECT|SELECT_RANGE|INSERT|DELETE|DELETE_RANGE|REMOVE_SPACE|JOIN_OR_SPLIT
    supportedHandwritingGesturePreviewTypes=SELECT|SELECT_RANGE|DELETE|DELETE_RANGE
    isStylusHandwritingEnabled=false
    contentMimeTypes=null
  mServedInputConnection=RemoteInputConnectionImpl{connection=androidx.compose.ui.text.input.NullableInputConnectionWrapperApi34@6eff92b mDeactivateRequested=false mServedView=androidx.compose.ui.platform.AndroidComposeView{d107d0b VFED..... .F...... 0,0-720,1600 aid=1073741824}}
  mServedInputConnectionHandler=null
  mCompletions=null
  mCursorRect=Rect(0, 0 - 0, 0)
  mCursorSelStart=8 mCursorSelEnd=8 mCursorCandStart=0 mCursorCandEnd=8
 
Input method service state for com.android.inputmethod.latin.LatinIME@98b1ba7:
  mViewsCreated=true
  mDecorViewVisible=true mDecorViewWasVisible=true mWindowVisible=true mInShowWindow=false
  Configuration={1.0 310mcc260mnc [en_US] ldltr sw411dp w411dp h914dp 280dpi nrml long port finger qwerty/v/v -nav/h winConfig={ mBounds=Rect(0, 0 - 720, 1600) mAppBounds=Rect(0, 0 - 720, 1600) mMaxBounds=Rect(0, 0 - 720, 1600) mDisplayRotation=ROTATION_0 mWindowingMode=fullscreen mActivityType=undefined mAlwaysOnTop=undefined mRotation=ROTATION_0} as.4 s.45 fontWeightAdjustment=0}
  mToken=android.os.BinderProxy@2f15c69
  mInputBinding=InputBinding{android.os.BinderProxy@c673447 / uid 10148 / pid 3411}
  mInputConnection=RemoteInputConnection{idHash=#22e2304}
  mStartedInputConnection=RemoteInputConnection{idHash=#56850ed}
  mInputStarted=true mInputViewStarted=true mCandidatesViewStarted=false
  mInputEditorInfo:
    inputType=0x2001 imeOptions=0x2000005 privateImeOptions=null
    actionLabel=null actionId=0
    initialSelStart=0 initialSelEnd=0 initialToolType=0 initialCapsMode=0x0
    hintText=null label=null
    packageName=dev.partydeck.app autofillId=1073741824 fieldId=-1 fieldName=null
    hintLocales=null
    supportedHandwritingGestureTypes=SELECT|SELECT_RANGE|INSERT|DELETE|DELETE_RANGE|REMOVE_SPACE|JOIN_OR_SPLIT
    supportedHandwritingGesturePreviewTypes=SELECT|SELECT_RANGE|DELETE|DELETE_RANGE
    isStylusHandwritingEnabled=true
    contentMimeTypes=null
  mShowInputRequested=true mLastShowInputRequested=true mShowInputFlags=0x1
  mCandidatesVisibility=4 mFullscreenApplied=true mIsFullscreen=false mExtractViewHidden=false
  mExtractedText: null
  mExtractedToken=0
  mIsInputViewShown=true mStatusIcon=0
  Last computed insets:
    contentTopInsets=864 visibleTopInsets=864 touchableInsets=3 touchableRegion=SkRegion((0,864,720,1380))
  mSettingsObserver=SettingsObserver{mShowImeWithHardKeyboard=2}
  mNavigationBarController={mImeDrawsImeNavBar=false mNavigationBarFrame=null mShouldShowImeSwitcherWhenImeIsShown=true mAppearance=0x0 mDarkIntensity=0.0 mDrawLegacyNavigationBarBackground=false}
LatinIME state :
  VersionCode = 30
  VersionName = 15
  Keyboard mode = 0
Current settings :
   mSpacingAndPunctuations = mSortedSymbolsPrecededBySpace = [38, 40, 91, 123]
   mSortedSymbolsFollowedBySpace = [33, 38, 41, 44, 46, 58, 59, 63, 93, 125]
   mSortedWordConnectors = [39, 45]
   mSortedWordSeparators = [9, 10, 32, 33, 34, 38, 40, 41, 42, 43, 44, 46, 47, 58, 59, 60, 61, 62, 63, 91, 93, 95, 123, 124, 125, 160]
   mSuggestPuncList = PunctuationSuggestions:  words=[!, ?, \,, :, ;, ", (, ), ', -, /, @, _]
   mSentenceSeparator = 46
   mSentenceSeparatorAndSpace = . 
   mCurrentLanguageHasSpaces = true
   mUsesAmericanTypography = true
   mUsesGermanRules = false
   mDelayInMillisecondsToUpdateOldSuggestions = 300
   mAutoCap = true
   mVibrateOn = true
   mSoundOn = false
   mKeyPreviewPopupOn = true
   mShowsVoiceInputKey = true
   mIncludesOtherImesInLanguageSwitchList = true
   mShowsLanguageSwitchKey = true
   mUseContactsDict = true
   mUsePersonalizedDicts = true
   mUseDoubleSpacePeriod = true
   mBlockPotentiallyOffensive = true
   mBigramPredictionEnabled = true
   mGestureInputEnabled = false
   mGestureTrailEnabled = true
   mGestureFloatingPreviewTextEnabled = true
   mSlidingKeyInputPreviewEnabled = true
   mKeyLongpressTimeout = 300
   mLocale = en_US
   mInputAttributes = InputAttributes: inputType=0x00002001 noAutoCorrect shouldShowSuggestions insertSpaces targetApp=dev.partydeck.app

   mKeypressVibrationDuration = -1
   mKeypressSoundVolume = -1.0
   mKeyPreviewPopupDismissDelay = 70
   mAutoCorrectEnabled = true
   mAutoCorrectionThreshold = 0.185
   mAutoCorrectionEnabledPerUserSettings = false
   mSuggestionsEnabledPerUserSettings = true
   mDisplayOrientation = 1
   mAppWorkarounds = Target application : null
Package : dev.partydeck.app
Target app sdk version : 36
   mIsInternal = false
   mKeyPreviewShowUpDuration = 17
   mKeyPreviewDismissDuration = 53
   mKeyPreviewShowUpStartScaleX = 0.98
   mKeyPreviewShowUpStartScaleY = 0.98
   mKeyPreviewDismissEndScaleX = 0.94000006
   mKeyPreviewDismissEndScaleY = 0.94000006

