--------- beginning of main
09-10 06:47:25.114  3085  3085 I t.compare:godot: Late-enabling -Xcheck:jni
09-10 06:47:25.136  3085  3085 I t.compare:godot: Using CollectorTypeCMC GC.
09-10 06:47:25.137  3085  3085 W t.compare:godot: Unexpected CPU variant for x86: x86_64.
09-10 06:47:25.137  3085  3085 W t.compare:godot: Known variants: atom, sandybridge, silvermont, goldmont, goldmont-plus, goldmont-without-sha-xsaves, tremont, kabylake, default
09-10 06:47:25.168  3085  3085 D nativeloader: Load libframework-connectivity-tiramisu-jni.so using APEX ns com_android_tethering for caller /apex/com.android.tethering/javalib/framework-connectivity-t.jar: ok
09-10 06:47:25.186  3085  3085 W ziparchive: Unable to open '/data/app/~~oi_r0CluMOdEMpjrrrwDqw==/dev.partydeck.godot.compare-fwZASRIEUwackOQh5vjqtA==/base.dm': No such file or directory
09-10 06:47:25.187  3085  3085 W ziparchive: Unable to open '/data/app/~~oi_r0CluMOdEMpjrrrwDqw==/dev.partydeck.godot.compare-fwZASRIEUwackOQh5vjqtA==/base.dm': No such file or directory
09-10 06:47:25.259  3085  3085 D nativeloader: Configuring clns-7 for other apk /data/app/~~oi_r0CluMOdEMpjrrrwDqw==/dev.partydeck.godot.compare-fwZASRIEUwackOQh5vjqtA==/base.apk. target_sdk_version=36, uses_libraries=, library_path=/data/app/~~oi_r0CluMOdEMpjrrrwDqw==/dev.partydeck.godot.compare-fwZASRIEUwackOQh5vjqtA==/lib/x86_64:/data/app/~~oi_r0CluMOdEMpjrrrwDqw==/dev.partydeck.godot.compare-fwZASRIEUwackOQh5vjqtA==/base.apk!/lib/x86_64, permitted_path=/data:/mnt/expand:/data/user/0/dev.partydeck.godot.compare
09-10 06:47:25.280  3085  3085 V GraphicsEnvironment: Currently set values for:
09-10 06:47:25.280  3085  3085 V GraphicsEnvironment:   angle_gl_driver_selection_pkgs=[]
09-10 06:47:25.280  3085  3085 V GraphicsEnvironment:   angle_gl_driver_selection_values=[]
09-10 06:47:25.280  3085  3085 V GraphicsEnvironment: Global.Settings values are invalid: number of packages: 0, number of values: 0
09-10 06:47:25.280  3085  3085 V GraphicsEnvironment: Neither updatable production driver nor prerelease driver is supported.
09-10 06:47:25.612  3085  3085 V Godot   : Initializing Godot plugin registry
09-10 06:47:25.612  3085  3085 I GodotPluginRegistry: Registering runtime plugin AndroidRuntime
09-10 06:47:25.612  3085  3085 I GodotPluginRegistry: Registering runtime plugin PartyDeckBridge
09-10 06:47:25.612  3085  3085 V Godot   : InitEngine with params: [--main-pack, res://partydeck-last-light.pck, --rendering-method, gl_compatibility, --xr-mode, off]
09-10 06:47:25.633  3085  3085 D nativeloader: Load /data/app/~~oi_r0CluMOdEMpjrrrwDqw==/dev.partydeck.godot.compare-fwZASRIEUwackOQh5vjqtA==/base.apk!/lib/x86_64/libgodot_android.so using ns clns-7 from class loader (caller=/data/app/~~oi_r0CluMOdEMpjrrrwDqw==/dev.partydeck.godot.compare-fwZASRIEUwackOQh5vjqtA==/base.apk): ok
09-10 06:47:25.634  3085  3085 V Godot   : Godot native layer initialization completed: true
09-10 06:47:25.634  3085  3085 V Godot   : Setting up native layer with params: [--main-pack, res://partydeck-last-light.pck, --rendering-method, gl_compatibility, --xr-mode, off]
09-10 06:47:25.675  3085  3085 V Godot   : Godot native layer setup completed
09-10 06:47:25.676  3085  3085 V Godot   : OnInitRenderView: GodotFragment{f3956c4} (f6bf0614-e90f-4347-9695-954f99798122 id=0x7f07002b tag=partydeck-godot)
09-10 06:47:25.688  3085  3085 D Godot   : Render view should be transparent: false
09-10 06:47:25.688  3085  3085 D Godot   : renderingDevice: opengl3 (ProjectSettings)
09-10 06:47:25.688  3085  3085 D Godot   : 			renderer: gl_compatibility (Default)
09-10 06:47:25.700  3085  3085 V Godot   : OnStart: GodotFragment{f3956c4} (f6bf0614-e90f-4347-9695-954f99798122 id=0x7f07002b tag=partydeck-godot)
09-10 06:47:25.701  3085  3085 W WindowOnBackDispatcher: OnBackInvokedCallback is not enabled for the application.
09-10 06:47:25.701  3085  3085 W WindowOnBackDispatcher: Set 'android:enableOnBackInvokedCallback="true"' in the application manifest.
09-10 06:47:25.702  3085  3085 V Godot   : OnResume: GodotFragment{f3956c4} (f6bf0614-e90f-4347-9695-954f99798122 id=0x7f07002b tag=partydeck-godot)
09-10 06:47:25.706  3085  3085 W HWUI    : Unknown dataspace 0
09-10 06:47:25.743  3085  3100 I EGL_emulation: Opening libGLESv1_CM_emulation.so
09-10 06:47:25.743  3085  3100 I EGL_emulation: Opening libGLESv2_emulation.so
09-10 06:47:25.750  3085  3100 W HWUI    : Failed to choose config with EGL_SWAP_BEHAVIOR_PRESERVED, retrying without...
09-10 06:47:25.751  3085  3100 W HWUI    : Failed to initialize 101010-2 format, error = EGL_SUCCESS
09-10 06:47:25.774  3085  3121 W RegularContextFactory: creating OpenGL ES 3.0 context :
09-10 06:47:25.811  3085  3121 I Gralloc4: mapper 4.x is not supported
09-10 06:47:25.845  3085  3121 I godot   : Godot Engine v4.7.2.stable.official.ed1daf0bf - https://godotengine.org
09-10 06:47:25.893  3085  3090 I t.compare:godot: Compiler allocated 4219KB to compile void android.widget.TextView.<init>(android.content.Context, android.util.AttributeSet, int, int)
09-10 06:47:26.305  3085  3090 I t.compare:godot: Compiler allocated 5174KB to compile void android.view.ViewRootImpl.performTraversals()
09-10 06:47:26.585  3085  3121 I godot   : OpenGL API OpenGL ES 3.1 (OpenGL ES 3.1.0 (ANGLE 2.1.17841 git hash: 5fa2e61da947)) - Compatibility - Using Device: Google (Google Inc. (Google)) - Android Emulator OpenGL ES Translator (ANGLE (Google, Vulkan 1.3.0 (SwiftShader Device (Subzero) (0x0000C0DE)), SwiftShader driver-5.0.0))
09-10 06:47:26.587  3085  3121 D t.compare:godot: PlayerBase::PlayerBase()
09-10 06:47:26.587  3085  3121 D t.compare:godot: TrackPlayerBase::TrackPlayerBase()
09-10 06:47:26.587  3085  3121 I libOpenSLES: Emulating old channel mask behavior (ignoring positional mask 0x3, using default mask 0x3 based on channel count of 2)
09-10 06:47:26.591  3085  3121 I godot   : 
09-10 06:47:27.042  3085  3121 V Godot   : OnGodotSetupCompleted
09-10 06:47:27.048  3085  3121 V Godot   : OnGodotMainLoopStarted
09-10 06:47:27.336  3085  3100 D EGL_emulation: app_time_stats: avg=265.98ms min=6.96ms max=817.43ms count=5
09-10 06:47:28.738  3085  3121 E godot   : WARNING: Failed to load cached shader, recompiling.
09-10 06:47:28.738  3085  3121 E godot   :    at: _load_from_cache (drivers/gles3/shader_gles3.cpp:615)
09-10 06:47:29.323  3085  3121 D EGL_emulation: app_time_stats: avg=875.48ms min=13.63ms max=1881.20ms count=3
09-10 06:47:29.579  3085  3100 D EGL_emulation: app_time_stats: avg=1121.55ms min=697.84ms max=1545.27ms count=2
09-10 06:47:38.972  3085  3085 D AutofillManager: Fill dialog is enabled:false, hints=[]
09-10 06:47:39.000  3085  3100 D EGL_emulation: app_time_stats: avg=2346.40ms min=27.05ms max=9279.25ms count=4
09-10 06:47:43.218  3085  3121 D EGL_emulation: app_time_stats: avg=6918.84ms min=166.84ms max=13670.84ms count=2
09-10 06:47:47.303  3085  3100 D EGL_emulation: app_time_stats: avg=1645.73ms min=19.45ms max=8084.32ms count=5
09-10 06:47:56.685  3085  3100 D EGL_emulation: app_time_stats: avg=1873.03ms min=23.74ms max=9198.21ms count=5
09-10 06:48:00.928  3085  3121 D EGL_emulation: app_time_stats: avg=5903.31ms min=65.13ms max=17513.27ms count=3
09-10 06:48:04.988  3085  3100 D EGL_emulation: app_time_stats: avg=1648.65ms min=15.84ms max=8124.55ms count=5
09-10 06:48:14.286  3085  3100 D EGL_emulation: app_time_stats: avg=1853.12ms min=19.75ms max=9125.63ms count=5
09-10 06:48:18.507  3085  3121 D EGL_emulation: app_time_stats: avg=5859.61ms min=63.88ms max=17357.18ms count=3
09-10 06:48:22.696  3085  3100 D EGL_emulation: app_time_stats: avg=1201.14ms min=18.42ms max=8133.24ms count=7
09-10 06:48:32.002  3085  3100 D EGL_emulation: app_time_stats: avg=1855.27ms min=19.49ms max=9115.53ms count=5
09-10 06:48:36.259  3085  3121 D EGL_emulation: app_time_stats: avg=5916.04ms min=59.20ms max=17529.49ms count=3
09-10 06:48:40.368  3085  3100 D EGL_emulation: app_time_stats: avg=1670.88ms min=12.95ms max=8192.76ms count=5
09-10 06:48:46.584  3085  3100 D EGL_emulation: app_time_stats: avg=1241.09ms min=9.72ms max=6037.58ms count=5
09-10 06:48:50.829  3085  3121 D EGL_emulation: app_time_stats: avg=4856.52ms min=139.85ms max=14287.24ms count=3
09-10 06:48:54.986  3085  3100 D EGL_emulation: app_time_stats: avg=1677.10ms min=7.43ms max=8231.43ms count=5
09-10 06:48:57.175  3085  3085 V Godot   : OnPause: GodotFragment{f3956c4} (f6bf0614-e90f-4347-9695-954f99798122 id=0x7f07002b tag=partydeck-godot)
09-10 06:48:57.180  3085  3121 D t.compare:godot: PlayerBase::pause() from IPlayer
09-10 06:48:57.231  3085  3100 D EGL_emulation: app_time_stats: avg=440.85ms min=13.35ms max=2057.99ms count=5
09-10 06:48:57.662  3085  3085 D VRI[GodotGameActivity]: visibilityChanged oldVisibility=true newVisibility=false
09-10 06:48:57.668  3085  3085 E Surface : freeAllBuffers: 1 buffers were freed while being dequeued!
09-10 06:48:57.790  3085  3085 V Godot   : OnStop: GodotFragment{f3956c4} (f6bf0614-e90f-4347-9695-954f99798122 id=0x7f07002b tag=partydeck-godot)
09-10 06:48:57.907  3085  3121 E Surface : getSlotFromBufferLocked: unknown buffer: 0x0
09-10 06:48:57.908  3085  3121 D EGL_emulation: app_time_stats: avg=2359.60ms min=97.85ms max=6862.66ms count=3
09-10 06:48:57.908  3085  3121 E BufferQueueProducer: [SurfaceView[dev.partydeck.godot.compare/dev.partydeck.godot.compare.GodotGameActivity]#1(BLAST Consumer)1](id:c0d00000001,api:0,p:-1,c:3085) dequeueBuffer: BufferQueue has been abandoned
09-10 06:48:57.908  3085  3121 E EGL_emulation: tid 3121: swapBuffers(789): error 0x300d (EGL_BAD_SURFACE)
09-10 06:48:57.908  3085  3121 W GLThread: eglSwapBuffers failed: EGL_BAD_SURFACE
09-10 06:48:57.960  3085  3121 E Surface : freeAllBuffers: 1 buffers were freed while being dequeued!
09-10 06:49:10.108  3085  3085 V Godot   : OnStart: GodotFragment{f3956c4} (f6bf0614-e90f-4347-9695-954f99798122 id=0x7f07002b tag=partydeck-godot)
09-10 06:49:10.109  3085  3085 W WindowOnBackDispatcher: OnBackInvokedCallback is not enabled for the application.
09-10 06:49:10.109  3085  3085 W WindowOnBackDispatcher: Set 'android:enableOnBackInvokedCallback="true"' in the application manifest.
09-10 06:49:10.114  3085  3085 V Godot   : OnResume: GodotFragment{f3956c4} (f6bf0614-e90f-4347-9695-954f99798122 id=0x7f07002b tag=partydeck-godot)
09-10 06:49:10.133  3085  3085 D VRI[GodotGameActivity]: visibilityChanged oldVisibility=false newVisibility=true
09-10 06:49:11.483  3085  3100 D EGL_emulation: app_time_stats: avg=124.78ms min=7.76ms max=234.86ms count=9
09-10 06:49:14.869  3085  3100 D EGL_emulation: app_time_stats: avg=1693.02ms min=49.96ms max=3336.08ms count=2
09-10 06:49:24.186  3085  3100 D EGL_emulation: app_time_stats: avg=1861.20ms min=15.07ms max=9135.20ms count=5
09-10 06:49:28.420  3085  3121 D EGL_emulation: app_time_stats: avg=8768.70ms min=33.06ms max=17504.34ms count=2
09-10 06:49:32.505  3085  3100 D EGL_emulation: app_time_stats: avg=1660.25ms min=10.43ms max=8146.04ms count=5
09-10 06:49:32.676  3085  3091 I t.compare:godot: Background concurrent mark compact GC freed 2748KB AllocSpace bytes, 0(0B) LOS objects, 49% free, 2764KB/5529KB, paused 73us,10.148ms total 41.993ms
09-10 06:49:38.737  3085  3100 D EGL_emulation: app_time_stats: avg=1241.29ms min=12.99ms max=6018.38ms count=5
09-10 06:49:42.980  3085  3121 D EGL_emulation: app_time_stats: avg=4853.46ms min=83.59ms max=14326.08ms count=3
09-10 06:49:47.153  3085  3100 D EGL_emulation: app_time_stats: avg=1673.94ms min=10.32ms max=8251.80ms count=5
09-10 06:49:53.386  3085  3100 D EGL_emulation: app_time_stats: avg=1241.65ms min=7.97ms max=6051.32ms count=5
09-10 06:49:57.635  3085  3100 D EGL_emulation: app_time_stats: avg=836.82ms min=13.71ms max=4028.60ms count=5
09-10 06:49:57.731  3085  3121 D EGL_emulation: app_time_stats: avg=4914.40ms min=66.09ms max=14595.10ms count=3
09-10 06:50:02.237  3085  3100 D EGL_emulation: app_time_stats: avg=761.48ms min=56.31ms max=3601.67ms count=6
09-10 06:50:08.469  3085  3100 D EGL_emulation: app_time_stats: avg=1245.89ms min=14.98ms max=6035.04ms count=5
09-10 06:50:20.852  3085  3100 D EGL_emulation: app_time_stats: avg=2474.83ms min=10.84ms max=12225.34ms count=5
09-10 06:50:25.034  3085  3100 D EGL_emulation: app_time_stats: avg=831.78ms min=8.98ms max=4019.15ms count=5
09-10 06:50:25.118  3085  3121 D EGL_emulation: app_time_stats: avg=5477.40ms min=113.22ms max=26531.57ms count=5
09-10 06:50:29.636  3085  3100 D EGL_emulation: app_time_stats: avg=766.72ms min=109.47ms max=3619.33ms count=6
09-10 06:50:35.851  3085  3100 D EGL_emulation: app_time_stats: avg=1239.80ms min=8.08ms max=6021.30ms count=5
09-10 06:50:45.085  3085  3100 D EGL_emulation: app_time_stats: avg=1842.14ms min=11.41ms max=9060.51ms count=5
09-10 06:50:49.272  3085  3100 D EGL_emulation: app_time_stats: avg=833.12ms min=7.18ms max=4006.66ms count=5
09-10 06:50:49.285  3085  3121 D EGL_emulation: app_time_stats: avg=4833.24ms min=150.99ms max=23307.21ms count=5
09-10 06:50:53.885  3085  3100 D EGL_emulation: app_time_stats: avg=768.08ms min=86.14ms max=3699.26ms count=6
09-10 06:51:00.071  3085  3100 D EGL_emulation: app_time_stats: avg=1234.41ms min=12.69ms max=6012.20ms count=5
09-10 06:51:06.252  3085  3100 D EGL_emulation: app_time_stats: avg=1026.60ms min=16.04ms max=5962.77ms count=6
09-10 06:51:10.450  3085  3121 D EGL_emulation: app_time_stats: avg=4233.01ms min=118.77ms max=20289.22ms count=5
09-10 06:51:10.525  3085  3100 D EGL_emulation: app_time_stats: avg=849.50ms min=29.41ms max=4092.85ms count=5
09-10 06:51:15.035  3085  3100 D EGL_emulation: app_time_stats: avg=748.86ms min=54.93ms max=3566.94ms count=6
09-10 06:51:21.235  3085  3100 D EGL_emulation: app_time_stats: avg=1225.86ms min=2.18ms max=6017.94ms count=5
09-10 06:51:27.436  3085  3100 D EGL_emulation: app_time_stats: avg=1234.52ms min=9.28ms max=6019.13ms count=5
09-10 06:51:31.651  3085  3100 D EGL_emulation: app_time_stats: avg=836.48ms min=10.21ms max=4038.28ms count=5
09-10 06:51:31.745  3085  3121 D EGL_emulation: app_time_stats: avg=4259.01ms min=85.48ms max=20365.61ms count=5
09-10 06:51:35.770  3085  3100 D EGL_emulation: app_time_stats: avg=677.79ms min=12.96ms max=3267.16ms count=6
09-10 06:51:41.970  3085  3100 D EGL_emulation: app_time_stats: avg=1230.89ms min=12.63ms max=6018.84ms count=5
09-10 06:51:51.187  3085  3100 D EGL_emulation: app_time_stats: avg=1834.10ms min=10.43ms max=9009.37ms count=5
09-10 06:51:55.396  3085  3121 D EGL_emulation: app_time_stats: avg=7859.21ms min=44.16ms max=23260.83ms count=3
09-10 06:51:55.510  3085  3100 D EGL_emulation: app_time_stats: avg=858.04ms min=8.46ms max=4142.30ms count=5
09-10 06:51:59.568  3085  3100 D EGL_emulation: app_time_stats: avg=671.06ms min=13.56ms max=3314.46ms count=6
09-10 06:52:05.787  3085  3100 D EGL_emulation: app_time_stats: avg=1238.21ms min=13.38ms max=6045.12ms count=5
09-10 06:52:11.951  3085  3100 D EGL_emulation: app_time_stats: avg=1215.90ms min=2.39ms max=5954.90ms count=5
09-10 06:52:16.187  3085  3121 D EGL_emulation: app_time_stats: avg=6930.29ms min=131.22ms max=20423.28ms count=3
09-10 06:52:20.270  3085  3100 D EGL_emulation: app_time_stats: avg=1654.24ms min=14.22ms max=8119.48ms count=5
09-10 06:52:26.503  3085  3100 D EGL_emulation: app_time_stats: avg=1240.23ms min=11.41ms max=6052.45ms count=5
09-10 06:52:30.748  3085  3121 D EGL_emulation: app_time_stats: avg=4817.08ms min=35.70ms max=14356.05ms count=3
09-10 06:52:34.835  3085  3100 D EGL_emulation: app_time_stats: avg=1662.11ms min=2.47ms max=8145.47ms count=5
09-10 06:52:41.052  3085  3100 D EGL_emulation: app_time_stats: avg=1224.79ms min=2.18ms max=6015.67ms count=5
09-10 06:52:45.250  3085  3100 D EGL_emulation: app_time_stats: avg=835.05ms min=10.53ms max=4022.03ms count=5
09-10 06:52:45.323  3085  3121 D EGL_emulation: app_time_stats: avg=4857.99ms min=106.52ms max=14355.93ms count=3
09-10 06:52:49.835  3085  3100 D EGL_emulation: app_time_stats: avg=764.18ms min=89.70ms max=3633.99ms count=6
09-10 06:52:56.020  3085  3100 D EGL_emulation: app_time_stats: avg=1229.92ms min=10.06ms max=6004.13ms count=5
09-10 06:53:02.235  3085  3100 D EGL_emulation: app_time_stats: avg=1237.39ms min=11.45ms max=6027.15ms count=5
09-10 06:53:06.467  3085  3121 D EGL_emulation: app_time_stats: avg=4228.81ms min=87.03ms max=20355.09ms count=5
09-10 06:53:06.539  3085  3100 D EGL_emulation: app_time_stats: avg=849.83ms min=19.02ms max=4115.18ms count=5
09-10 06:53:11.053  3085  3100 D EGL_emulation: app_time_stats: avg=750.79ms min=26.97ms max=3668.54ms count=6
09-10 06:53:17.256  3085  3100 D EGL_emulation: app_time_stats: avg=1236.47ms min=9.90ms max=6031.48ms count=5
09-10 06:53:23.437  3085  3100 D EGL_emulation: app_time_stats: avg=1231.76ms min=11.76ms max=6004.01ms count=5
09-10 06:53:27.600  3085  3100 D EGL_emulation: app_time_stats: avg=820.35ms min=15.18ms max=3964.62ms count=5
09-10 06:53:27.659  3085  3121 D EGL_emulation: app_time_stats: avg=4238.47ms min=85.59ms max=20309.90ms count=5
09-10 06:53:32.203  3085  3100 D EGL_emulation: app_time_stats: avg=767.06ms min=109.84ms max=3649.45ms count=6
09-10 06:53:38.421  3085  3100 D EGL_emulation: app_time_stats: avg=1242.30ms min=17.56ms max=6053.86ms count=5
09-10 06:53:44.635  3085  3100 D EGL_emulation: app_time_stats: avg=1231.88ms min=22.01ms max=6027.07ms count=5
09-10 06:53:48.849  3085  3100 D EGL_emulation: app_time_stats: avg=836.23ms min=5.61ms max=4032.95ms count=5
09-10 06:53:48.912  3085  3121 D EGL_emulation: app_time_stats: avg=4250.45ms min=91.28ms max=20439.86ms count=5
09-10 06:53:53.436  3085  3100 D EGL_emulation: app_time_stats: avg=764.46ms min=112.03ms max=3612.72ms count=6
09-10 06:53:59.619  3085  3100 D EGL_emulation: app_time_stats: avg=1226.42ms min=17.94ms max=6000.91ms count=5
09-10 06:54:05.837  3085  3100 D EGL_emulation: app_time_stats: avg=1239.02ms min=5.51ms max=6034.34ms count=5
09-10 06:54:10.054  3085  3100 D EGL_emulation: app_time_stats: avg=838.17ms min=6.73ms max=4050.09ms count=5
09-10 06:54:10.125  3085  3121 D EGL_emulation: app_time_stats: avg=4242.73ms min=139.08ms max=20357.35ms count=5
09-10 06:54:14.151  3085  3100 D EGL_emulation: app_time_stats: avg=682.72ms min=45.43ms max=3255.94ms count=6
09-10 06:54:20.418  3085  3100 D EGL_emulation: app_time_stats: avg=889.35ms min=7.95ms max=5993.54ms count=7
09-10 06:54:26.653  3085  3100 D EGL_emulation: app_time_stats: avg=1242.78ms min=10.54ms max=6061.79ms count=5
09-10 06:54:30.857  3085  3121 D EGL_emulation: app_time_stats: avg=6910.67ms min=85.88ms max=20432.70ms count=3
09-10 06:54:30.912  3085  3100 D EGL_emulation: app_time_stats: avg=844.34ms min=19.15ms max=4090.52ms count=5
09-10 06:54:32.185  3085  3121 D EGL_emulation: app_time_stats: avg=331.78ms min=117.08ms max=831.32ms count=4
09-10 06:54:32.271  3085  3100 D EGL_emulation: app_time_stats: avg=271.57ms min=94.99ms max=571.59ms count=5
09-10 06:54:35.485  3085  3100 D EGL_emulation: app_time_stats: avg=3213.43ms min=3213.43ms max=3213.43ms count=1
09-10 06:54:41.701  3085  3100 D EGL_emulation: app_time_stats: avg=1239.20ms min=18.12ms max=6014.53ms count=5
09-10 06:54:47.908  3085  3100 D EGL_emulation: app_time_stats: avg=1225.68ms min=7.24ms max=6016.32ms count=5
09-10 06:54:52.103  3085  3100 D EGL_emulation: app_time_stats: avg=832.74ms min=8.58ms max=4027.22ms count=5
09-10 06:54:52.122  3085  3121 D EGL_emulation: app_time_stats: avg=9968.68ms min=97.68ms max=19839.69ms count=2
09-10 06:54:53.396  3085  3121 D EGL_emulation: app_time_stats: avg=424.48ms min=155.56ms max=941.51ms count=3
09-10 06:54:53.449  3085  3100 D EGL_emulation: app_time_stats: avg=269.15ms min=99.21ms max=532.18ms count=5
09-10 06:54:56.703  3085  3100 D EGL_emulation: app_time_stats: avg=3253.86ms min=3253.86ms max=3253.86ms count=1
09-10 06:55:02.902  3085  3100 D EGL_emulation: app_time_stats: avg=1226.16ms min=5.97ms max=6017.33ms count=5
09-10 06:55:09.085  3085  3100 D EGL_emulation: app_time_stats: avg=1229.58ms min=11.34ms max=6005.42ms count=5
09-10 06:55:13.266  3085  3100 D EGL_emulation: app_time_stats: avg=830.94ms min=9.33ms max=4008.95ms count=5
09-10 06:55:13.336  3085  3121 D EGL_emulation: app_time_stats: avg=9970.19ms min=89.84ms max=19850.55ms count=2
09-10 06:55:14.562  3085  3121 D EGL_emulation: app_time_stats: avg=408.50ms min=131.39ms max=869.42ms count=3
09-10 06:55:14.618  3085  3100 D EGL_emulation: app_time_stats: avg=270.39ms min=100.58ms max=534.73ms count=5
09-10 06:55:17.868  3085  3100 D EGL_emulation: app_time_stats: avg=3250.02ms min=3250.02ms max=3250.02ms count=1
09-10 06:55:24.055  3085  3100 D EGL_emulation: app_time_stats: avg=1234.63ms min=9.59ms max=6007.12ms count=5
09-10 06:55:30.285  3085  3100 D EGL_emulation: app_time_stats: avg=1236.21ms min=9.88ms max=6035.34ms count=5
09-10 06:55:34.501  3085  3100 D EGL_emulation: app_time_stats: avg=838.99ms min=9.59ms max=4047.95ms count=5
09-10 06:55:34.562  3085  3121 D EGL_emulation: app_time_stats: avg=10000.03ms min=203.17ms max=19796.88ms count=2
09-10 06:55:35.785  3085  3121 D EGL_emulation: app_time_stats: avg=407.62ms min=144.23ms max=923.37ms count=3
09-10 06:55:35.892  3085  3100 D EGL_emulation: app_time_stats: avg=278.23ms min=100.63ms max=574.89ms count=5
09-10 06:55:39.103  3085  3100 D EGL_emulation: app_time_stats: avg=3210.57ms min=3210.57ms max=3210.57ms count=1
09-10 06:55:45.301  3085  3100 D EGL_emulation: app_time_stats: avg=1232.25ms min=9.84ms max=6031.38ms count=5
09-10 06:55:51.469  3085  3100 D EGL_emulation: app_time_stats: avg=1229.80ms min=16.14ms max=5951.16ms count=5
09-10 06:55:55.684  3085  3100 D EGL_emulation: app_time_stats: avg=591.37ms min=12.04ms max=3929.71ms count=7
09-10 06:55:55.698  3085  3121 D EGL_emulation: app_time_stats: avg=9928.56ms min=52.48ms max=19804.63ms count=2
09-10 06:55:56.968  3085  3121 D EGL_emulation: app_time_stats: avg=423.32ms min=64.60ms max=916.93ms count=3
09-10 06:55:57.053  3085  3100 D EGL_emulation: app_time_stats: avg=273.79ms min=116.47ms max=553.17ms count=5
09-10 06:56:00.287  3085  3100 D EGL_emulation: app_time_stats: avg=3233.71ms min=3233.71ms max=3233.71ms count=1
09-10 06:56:06.470  3085  3100 D EGL_emulation: app_time_stats: avg=1228.15ms min=10.35ms max=6003.75ms count=5
09-10 06:56:12.670  3085  3100 D EGL_emulation: app_time_stats: avg=1234.98ms min=10.80ms max=6028.66ms count=5
09-10 06:56:16.840  3085  3121 D EGL_emulation: app_time_stats: avg=9935.85ms min=117.66ms max=19754.04ms count=2
09-10 06:56:16.877  3085  3100 D EGL_emulation: app_time_stats: avg=838.12ms min=12.70ms max=4011.17ms count=5
09-10 06:56:18.189  3085  3121 D EGL_emulation: app_time_stats: avg=337.04ms min=87.65ms max=911.64ms count=4
09-10 06:56:18.330  3085  3100 D EGL_emulation: app_time_stats: avg=290.50ms min=100.06ms max=647.03ms count=5
09-10 06:56:21.486  3085  3100 D EGL_emulation: app_time_stats: avg=3156.36ms min=3156.36ms max=3156.36ms count=1
09-10 06:56:27.688  3085  3100 D EGL_emulation: app_time_stats: avg=1233.84ms min=8.65ms max=6021.38ms count=5
09-10 06:56:36.970  3085  3100 D EGL_emulation: app_time_stats: avg=1851.55ms min=10.95ms max=9107.74ms count=5
09-10 06:56:41.172  3085  3100 D EGL_emulation: app_time_stats: avg=824.38ms min=1.40ms max=4019.81ms count=5
09-10 06:56:41.402  3085  3121 D EGL_emulation: app_time_stats: avg=11606.88ms min=176.48ms max=23037.29ms count=2
09-10 06:56:41.532  3085  3121 D GLThread: Exiting render thread
09-10 06:56:41.532  3085  3121 D GodotRenderer: Destroying Godot Engine
09-10 06:56:41.555  3085  3121 D t.compare:godot: PlayerBase::stop() from IPlayer
09-10 06:56:41.555  3085  3121 D AudioTrack: stop(16): called with 23907446 frames delivered
09-10 06:56:41.558  3085  3121 E eglCodecCommon: removeVertexArrayObject: ERROR: 7 not found in VAO state!
09-10 06:56:41.582  3085  3121 V Godot   : OnGodotTerminating
09-10 06:56:41.590  3085  3085 V Godot   : OnDestroy: GodotFragment{f3956c4} (f6bf0614-e90f-4347-9695-954f99798122 id=0x7f07002b tag=partydeck-godot)
09-10 06:56:41.623  3085  3085 V Godot   : OnPause: GodotFragment{f3956c4} (f6bf0614-e90f-4347-9695-954f99798122 id=0x7f07002b tag=partydeck-godot)
09-10 06:56:41.797  3085  3085 I PartyDeckGodotHost: Engine process exit requested
09-10 06:56:41.797  3085  3085 I Process : Sending signal. PID: 3085 SIG: 9
