--------- beginning of main
09-10 02:53:36.225  3010  3010 I t.compare:godot: Late-enabling -Xcheck:jni
09-10 02:53:36.261  3010  3010 I t.compare:godot: Using CollectorTypeCMC GC.
09-10 02:53:36.266  3010  3010 W t.compare:godot: Unexpected CPU variant for x86: x86_64.
09-10 02:53:36.266  3010  3010 W t.compare:godot: Known variants: atom, sandybridge, silvermont, goldmont, goldmont-plus, goldmont-without-sha-xsaves, tremont, kabylake, default
09-10 02:53:36.424  3010  3010 D nativeloader: Load libframework-connectivity-tiramisu-jni.so using APEX ns com_android_tethering for caller /apex/com.android.tethering/javalib/framework-connectivity-t.jar: ok
09-10 02:53:36.604  3010  3010 W ziparchive: Unable to open '/data/app/~~6QuZrKLYvvz8t4C9KoYdKQ==/dev.partydeck.godot.compare-fi_zcqTNj-d51MQVVIQ4YQ==/base.dm': No such file or directory
09-10 02:53:36.605  3010  3010 W ziparchive: Unable to open '/data/app/~~6QuZrKLYvvz8t4C9KoYdKQ==/dev.partydeck.godot.compare-fi_zcqTNj-d51MQVVIQ4YQ==/base.dm': No such file or directory
09-10 02:53:37.032  3010  3010 D nativeloader: Configuring clns-7 for other apk /data/app/~~6QuZrKLYvvz8t4C9KoYdKQ==/dev.partydeck.godot.compare-fi_zcqTNj-d51MQVVIQ4YQ==/base.apk. target_sdk_version=36, uses_libraries=, library_path=/data/app/~~6QuZrKLYvvz8t4C9KoYdKQ==/dev.partydeck.godot.compare-fi_zcqTNj-d51MQVVIQ4YQ==/lib/x86_64:/data/app/~~6QuZrKLYvvz8t4C9KoYdKQ==/dev.partydeck.godot.compare-fi_zcqTNj-d51MQVVIQ4YQ==/base.apk!/lib/x86_64, permitted_path=/data:/mnt/expand:/data/user/0/dev.partydeck.godot.compare
09-10 02:53:37.056  3010  3010 V GraphicsEnvironment: Currently set values for:
09-10 02:53:37.056  3010  3010 V GraphicsEnvironment:   angle_gl_driver_selection_pkgs=[]
09-10 02:53:37.056  3010  3010 V GraphicsEnvironment:   angle_gl_driver_selection_values=[]
09-10 02:53:37.056  3010  3010 V GraphicsEnvironment: Global.Settings values are invalid: number of packages: 0, number of values: 0
09-10 02:53:37.056  3010  3010 V GraphicsEnvironment: Neither updatable production driver nor prerelease driver is supported.
09-10 02:53:37.662  3010  3010 V Godot   : Initializing Godot plugin registry
09-10 02:53:37.664  3010  3010 I GodotPluginRegistry: Registering runtime plugin AndroidRuntime
09-10 02:53:37.665  3010  3010 I GodotPluginRegistry: Registering runtime plugin PartyDeckBridge
09-10 02:53:37.665  3010  3010 V Godot   : InitEngine with params: [--main-pack, res://partydeck-last-light.pck, --rendering-method, gl_compatibility, --xr-mode, off]
09-10 02:53:37.842  3010  3010 D nativeloader: Load /data/app/~~6QuZrKLYvvz8t4C9KoYdKQ==/dev.partydeck.godot.compare-fi_zcqTNj-d51MQVVIQ4YQ==/base.apk!/lib/x86_64/libgodot_android.so using ns clns-7 from class loader (caller=/data/app/~~6QuZrKLYvvz8t4C9KoYdKQ==/dev.partydeck.godot.compare-fi_zcqTNj-d51MQVVIQ4YQ==/base.apk): ok
09-10 02:53:37.865  3010  3010 V Godot   : Godot native layer initialization completed: true
09-10 02:53:37.866  3010  3010 V Godot   : Setting up native layer with params: [--main-pack, res://partydeck-last-light.pck, --rendering-method, gl_compatibility, --xr-mode, off]
09-10 02:53:37.973  3010  3010 V Godot   : Godot native layer setup completed
09-10 02:53:37.974  3010  3010 V Godot   : OnInitRenderView: GodotFragment{93dd822} (f315d46e-fac4-4a0a-928b-863dbeae847b id=0x7f07002b tag=partydeck-godot)
09-10 02:53:38.027  3010  3010 D Godot   : Render view should be transparent: false
09-10 02:53:38.027  3010  3010 D Godot   : renderingDevice: opengl3 (ProjectSettings)
09-10 02:53:38.027  3010  3010 D Godot   : 			renderer: gl_compatibility (Default)
09-10 02:53:38.064  3010  3010 V Godot   : OnStart: GodotFragment{93dd822} (f315d46e-fac4-4a0a-928b-863dbeae847b id=0x7f07002b tag=partydeck-godot)
09-10 02:53:38.067  3010  3010 W WindowOnBackDispatcher: OnBackInvokedCallback is not enabled for the application.
09-10 02:53:38.067  3010  3010 W WindowOnBackDispatcher: Set 'android:enableOnBackInvokedCallback="true"' in the application manifest.
09-10 02:53:38.078  3010  3010 V Godot   : OnResume: GodotFragment{93dd822} (f315d46e-fac4-4a0a-928b-863dbeae847b id=0x7f07002b tag=partydeck-godot)
09-10 02:53:38.091  3010  3010 W HWUI    : Unknown dataspace 0
09-10 02:53:38.103  3010  3010 I Choreographer: Skipped 49 frames!  The application may be doing too much work on its main thread.
09-10 02:53:38.144  3010  3038 I EGL_emulation: Opening libGLESv1_CM_emulation.so
09-10 02:53:38.145  3010  3038 I EGL_emulation: Opening libGLESv2_emulation.so
09-10 02:53:38.173  3010  3038 W HWUI    : Failed to choose config with EGL_SWAP_BEHAVIOR_PRESERVED, retrying without...
09-10 02:53:38.173  3010  3038 W HWUI    : Failed to initialize 101010-2 format, error = EGL_SUCCESS
09-10 02:53:38.447  3010  3046 W RegularContextFactory: creating OpenGL ES 3.0 context :
09-10 02:53:38.459  3010  3046 I Gralloc4: mapper 4.x is not supported
09-10 02:53:38.481  3010  3046 I godot   : Godot Engine v4.7.2.stable.official.ed1daf0bf - https://godotengine.org
09-10 02:53:38.789  3010  3049 I HWUI    : Davey! duration=1349ms; Flags=1, FrameTimelineVsyncId=7830, IntendedVsync=98442738694, Vsync=99259405328, InputEventId=0, HandleInputStart=99276130807, AnimationStart=99276137199, PerformTraversalsStart=99276333856, DrawStart=99651737873, FrameDeadline=98459405360, FrameInterval=99275482777, FrameStartTime=16666666, SyncQueued=99669047166, SyncStart=99669825579, IssueDrawCommandsStart=99673787750, SwapBuffers=99733049332, FrameCompleted=99792939889, DequeueBufferDuration=48546581, QueueBufferDuration=715105, GpuCompleted=99792939889, SwapBuffersCompleted=99788767445, DisplayPresentTime=72904454231359566, CommandSubmissionCompleted=99733049332, 
09-10 02:53:39.163  3010  3050 E SurfaceSyncGroup: Failed to receive transaction ready in 1000ms. Marking SurfaceSyncGroup(wmsSync-VRI[GodotGameActivity]#1) as ready
09-10 02:53:39.165  3010  3050 E SurfaceSyncGroup: Failed to receive transaction ready in 1000ms. Marking SurfaceSyncGroup(VRI[GodotGameActivity]#2) as ready
09-10 02:53:39.165  3010  3050 E SurfaceSyncGroup: Failed to receive transaction ready in 1000ms. Marking SurfaceSyncGroup(SurfaceView[dev.partydeck.godot.compare/dev.partydeck.godot.compare.GodotGameActivity]#0) as ready
09-10 02:53:39.780  3010  3014 I t.compare:godot: Compiler allocated 4219KB to compile void android.widget.TextView.<init>(android.content.Context, android.util.AttributeSet, int, int)
09-10 02:53:40.966  3010  3014 I t.compare:godot: Compiler allocated 5174KB to compile void android.view.ViewRootImpl.performTraversals()
09-10 02:53:41.628  3010  3046 I godot   : OpenGL API OpenGL ES 3.1 (OpenGL ES 3.1.0 (ANGLE 2.1.17841 git hash: 5fa2e61da947)) - Compatibility - Using Device: Google (Google Inc. (Google)) - Android Emulator OpenGL ES Translator (ANGLE (Google, Vulkan 1.3.0 (SwiftShader Device (Subzero) (0x0000C0DE)), SwiftShader driver-5.0.0))
09-10 02:53:41.629  3010  3046 D t.compare:godot: PlayerBase::PlayerBase()
09-10 02:53:41.629  3010  3046 D t.compare:godot: TrackPlayerBase::TrackPlayerBase()
09-10 02:53:41.629  3010  3046 I libOpenSLES: Emulating old channel mask behavior (ignoring positional mask 0x3, using default mask 0x3 based on channel count of 2)
09-10 02:53:41.636  3010  3046 I godot   : 
09-10 02:53:42.022  3010  3038 D EGL_emulation: app_time_stats: avg=832.80ms min=128.75ms max=2383.19ms count=4
09-10 02:53:42.714  3010  3046 V Godot   : OnGodotSetupCompleted
09-10 02:53:42.812  3010  3046 E godot   : ERROR: PartyDeck Android bridge did not provide its display density.
09-10 02:53:42.812  3010  3046 E godot   :    at: push_error (core/variant/variant_utility.cpp:1023)
09-10 02:53:42.815  3010  3046 V Godot   : OnGodotMainLoopStarted
09-10 02:53:43.110  3010  3010 V Godot   : OnDestroy: GodotFragment{93dd822} (f315d46e-fac4-4a0a-928b-863dbeae847b id=0x7f07002b tag=partydeck-godot)
09-10 02:53:43.163  3010  3046 D EGL_emulation: app_time_stats: avg=548.42ms min=210.29ms max=886.56ms count=2
09-10 02:53:43.163  3010  3046 D GLThread: Exiting render thread
09-10 02:53:43.163  3010  3046 D GodotRenderer: Destroying Godot Engine
09-10 02:53:43.179  3010  3046 D t.compare:godot: PlayerBase::stop() from IPlayer
09-10 02:53:43.179  3010  3046 D AudioTrack: stop(16): called with 70985 frames delivered
09-10 02:53:43.181  3010  3046 E eglCodecCommon: removeVertexArrayObject: ERROR: 7 not found in VAO state!
09-10 02:53:43.244  3010  3046 V Godot   : OnGodotTerminating
09-10 02:53:43.300  3010  3010 W Godot   : Unable to exit the renderer within 1500 ms... Force quitting the process.
09-10 02:53:43.300  3010  3010 V Godot   : OnGodotTerminating
09-10 02:53:43.429  3010  3010 V Godot   : OnPause: GodotFragment{93dd822} (f315d46e-fac4-4a0a-928b-863dbeae847b id=0x7f07002b tag=partydeck-godot)
09-10 02:53:43.579  3010  3010 I PartyDeckGodotHost: Engine process exit requested
09-10 02:53:43.579  3010  3010 I Process : Sending signal. PID: 3010 SIG: 9
