Command line invocation:
    /Applications/Xcode_26.4.1.app/Contents/Developer/usr/bin/xcodebuild build -project /Users/runner/work/PartyDeck/PartyDeck/godot/ios-host/AuthorityHost.xcodeproj -scheme AuthorityHost -configuration Debug -destination "generic/platform=iOS Simulator" -derivedDataPath /Users/runner/work/PartyDeck/PartyDeck/godot/ios-host/build/AuthorityDerivedData CODE_SIGNING_ALLOWED=NO

Build settings from command line:
    CODE_SIGNING_ALLOWED = NO

ComputePackagePrebuildTargetDependencyGraph

Prepare packages

CreateBuildRequest

SendProjectDescription

CreateBuildOperation

ComputeTargetDependencyGraph
note: Building targets in dependency order
note: Target dependency graph (1 target)
    Target 'AuthorityHost' in project 'AuthorityHost' (no dependencies)

GatherProvisioningInputs

CreateBuildDescription

ExecuteExternalTool /Applications/Xcode_26.4.1.app/Contents/Developer/Toolchains/XcodeDefault.xctoolchain/usr/bin/swiftc --version

ExecuteExternalTool /Applications/Xcode_26.4.1.app/Contents/Developer/Toolchains/XcodeDefault.xctoolchain/usr/bin/clang -v -E -dM -isysroot /Applications/Xcode_26.4.1.app/Contents/Developer/Platforms/iPhoneSimulator.platform/Developer/SDKs/iPhoneSimulator26.4.sdk -x c -c /dev/null

ExecuteExternalTool /Applications/Xcode_26.4.1.app/Contents/Developer/Toolchains/XcodeDefault.xctoolchain/usr/bin/ld -version_details

Build description signature: 84218dbf09021a4a16a3bb3a4672e241
Build description path: /Users/runner/work/PartyDeck/PartyDeck/godot/ios-host/build/AuthorityDerivedData/Build/Intermediates.noindex/XCBuildData/84218dbf09021a4a16a3bb3a4672e241.xcbuilddata
CreateBuildDirectory /Users/runner/work/PartyDeck/PartyDeck/godot/ios-host/build/AuthorityDerivedData/Build/Intermediates.noindex
    cd /Users/runner/work/PartyDeck/PartyDeck/godot/ios-host/AuthorityHost.xcodeproj
    builtin-create-build-directory /Users/runner/work/PartyDeck/PartyDeck/godot/ios-host/build/AuthorityDerivedData/Build/Intermediates.noindex

ClangStatCache /Applications/Xcode_26.4.1.app/Contents/Developer/Toolchains/XcodeDefault.xctoolchain/usr/bin/clang-stat-cache /Applications/Xcode_26.4.1.app/Contents/Developer/Platforms/iPhoneSimulator.platform/Developer/SDKs/iPhoneSimulator26.4.sdk /Users/runner/work/PartyDeck/PartyDeck/godot/ios-host/build/AuthorityDerivedData/SDKStatCaches.noindex/iphonesimulator26.4-23E252-688ef53f1462e2c8f657fdc38a81448f893e4a944e4cdd9af1f5077e1341bc52.sdkstatcache
    cd /Users/runner/work/PartyDeck/PartyDeck/godot/ios-host/AuthorityHost.xcodeproj
    /Applications/Xcode_26.4.1.app/Contents/Developer/Toolchains/XcodeDefault.xctoolchain/usr/bin/clang-stat-cache /Applications/Xcode_26.4.1.app/Contents/Developer/Platforms/iPhoneSimulator.platform/Developer/SDKs/iPhoneSimulator26.4.sdk -o /Users/runner/work/PartyDeck/PartyDeck/godot/ios-host/build/AuthorityDerivedData/SDKStatCaches.noindex/iphonesimulator26.4-23E252-688ef53f1462e2c8f657fdc38a81448f893e4a944e4cdd9af1f5077e1341bc52.sdkstatcache

CreateBuildDirectory /Users/runner/work/PartyDeck/PartyDeck/godot/ios-host/build/AuthorityDerivedData/Build/Products
    cd /Users/runner/work/PartyDeck/PartyDeck/godot/ios-host/AuthorityHost.xcodeproj
    builtin-create-build-directory /Users/runner/work/PartyDeck/PartyDeck/godot/ios-host/build/AuthorityDerivedData/Build/Products

CreateBuildDirectory /Users/runner/work/PartyDeck/PartyDeck/godot/ios-host/build/AuthorityDerivedData/Build/Products/Debug-iphonesimulator
    cd /Users/runner/work/PartyDeck/PartyDeck/godot/ios-host/AuthorityHost.xcodeproj
    builtin-create-build-directory /Users/runner/work/PartyDeck/PartyDeck/godot/ios-host/build/AuthorityDerivedData/Build/Products/Debug-iphonesimulator

WriteAuxiliaryFile /Users/runner/work/PartyDeck/PartyDeck/godot/ios-host/build/AuthorityDerivedData/Build/Intermediates.noindex/AuthorityHost.build/Debug-iphonesimulator/AuthorityHost-b4c428f7ad649c3791a38bf7cf53b8f0-VFS-iphonesimulator/all-product-headers.yaml
    cd /Users/runner/work/PartyDeck/PartyDeck/godot/ios-host/AuthorityHost.xcodeproj
    write-file /Users/runner/work/PartyDeck/PartyDeck/godot/ios-host/build/AuthorityDerivedData/Build/Intermediates.noindex/AuthorityHost.build/Debug-iphonesimulator/AuthorityHost-b4c428f7ad649c3791a38bf7cf53b8f0-VFS-iphonesimulator/all-product-headers.yaml

CreateBuildDirectory /Users/runner/work/PartyDeck/PartyDeck/godot/ios-host/build/AuthorityDerivedData/Build/Intermediates.noindex/SwiftExplicitPrecompiledModules
    cd /Users/runner/work/PartyDeck/PartyDeck/godot/ios-host/AuthorityHost.xcodeproj
    builtin-create-build-directory /Users/runner/work/PartyDeck/PartyDeck/godot/ios-host/build/AuthorityDerivedData/Build/Intermediates.noindex/SwiftExplicitPrecompiledModules

CreateBuildDirectory /Users/runner/work/PartyDeck/PartyDeck/godot/ios-host/build/AuthorityDerivedData/Build/Intermediates.noindex/ExplicitPrecompiledModules
    cd /Users/runner/work/PartyDeck/PartyDeck/godot/ios-host/AuthorityHost.xcodeproj
    builtin-create-build-directory /Users/runner/work/PartyDeck/PartyDeck/godot/ios-host/build/AuthorityDerivedData/Build/Intermediates.noindex/ExplicitPrecompiledModules

CreateBuildDirectory /Users/runner/work/PartyDeck/PartyDeck/godot/ios-host/build/AuthorityDerivedData/Build/Intermediates.noindex/EagerLinkingTBDs/Debug-iphonesimulator
    cd /Users/runner/work/PartyDeck/PartyDeck/godot/ios-host/AuthorityHost.xcodeproj
    builtin-create-build-directory /Users/runner/work/PartyDeck/PartyDeck/godot/ios-host/build/AuthorityDerivedData/Build/Intermediates.noindex/EagerLinkingTBDs/Debug-iphonesimulator

WriteAuxiliaryFile /Users/runner/work/PartyDeck/PartyDeck/godot/ios-host/build/AuthorityDerivedData/Build/Intermediates.noindex/AuthorityHost.build/Debug-iphonesimulator/AuthorityHost.build/Objects-normal/arm64/AuthorityHost_const_extract_protocols.json (in target 'AuthorityHost' from project 'AuthorityHost')
    cd /Users/runner/work/PartyDeck/PartyDeck/godot/ios-host
    write-file /Users/runner/work/PartyDeck/PartyDeck/godot/ios-host/build/AuthorityDerivedData/Build/Intermediates.noindex/AuthorityHost.build/Debug-iphonesimulator/AuthorityHost.build/Objects-normal/arm64/AuthorityHost_const_extract_protocols.json

WriteAuxiliaryFile /Users/runner/work/PartyDeck/PartyDeck/godot/ios-host/build/AuthorityDerivedData/Build/Intermediates.noindex/AuthorityHost.build/Debug-iphonesimulator/AuthorityHost.build/Objects-normal/arm64/AuthorityHost.SwiftFileList (in target 'AuthorityHost' from project 'AuthorityHost')
    cd /Users/runner/work/PartyDeck/PartyDeck/godot/ios-host
    write-file /Users/runner/work/PartyDeck/PartyDeck/godot/ios-host/build/AuthorityDerivedData/Build/Intermediates.noindex/AuthorityHost.build/Debug-iphonesimulator/AuthorityHost.build/Objects-normal/arm64/AuthorityHost.SwiftFileList

WriteAuxiliaryFile /Users/runner/work/PartyDeck/PartyDeck/godot/ios-host/build/AuthorityDerivedData/Build/Intermediates.noindex/AuthorityHost.build/Debug-iphonesimulator/AuthorityHost.build/Objects-normal/arm64/AuthorityHost.SwiftConstValuesFileList (in target 'AuthorityHost' from project 'AuthorityHost')
    cd /Users/runner/work/PartyDeck/PartyDeck/godot/ios-host
    write-file /Users/runner/work/PartyDeck/PartyDeck/godot/ios-host/build/AuthorityDerivedData/Build/Intermediates.noindex/AuthorityHost.build/Debug-iphonesimulator/AuthorityHost.build/Objects-normal/arm64/AuthorityHost.SwiftConstValuesFileList

WriteAuxiliaryFile /Users/runner/work/PartyDeck/PartyDeck/godot/ios-host/build/AuthorityDerivedData/Build/Intermediates.noindex/AuthorityHost.build/Debug-iphonesimulator/AuthorityHost.build/Objects-normal/arm64/AuthorityHost.LinkFileList (in target 'AuthorityHost' from project 'AuthorityHost')
    cd /Users/runner/work/PartyDeck/PartyDeck/godot/ios-host
    write-file /Users/runner/work/PartyDeck/PartyDeck/godot/ios-host/build/AuthorityDerivedData/Build/Intermediates.noindex/AuthorityHost.build/Debug-iphonesimulator/AuthorityHost.build/Objects-normal/arm64/AuthorityHost.LinkFileList

WriteAuxiliaryFile /Users/runner/work/PartyDeck/PartyDeck/godot/ios-host/build/AuthorityDerivedData/Build/Intermediates.noindex/AuthorityHost.build/Debug-iphonesimulator/AuthorityHost.build/Objects-normal/arm64/AuthorityHost-OutputFileMap.json (in target 'AuthorityHost' from project 'AuthorityHost')
    cd /Users/runner/work/PartyDeck/PartyDeck/godot/ios-host
    write-file /Users/runner/work/PartyDeck/PartyDeck/godot/ios-host/build/AuthorityDerivedData/Build/Intermediates.noindex/AuthorityHost.build/Debug-iphonesimulator/AuthorityHost.build/Objects-normal/arm64/AuthorityHost-OutputFileMap.json

WriteAuxiliaryFile /Users/runner/work/PartyDeck/PartyDeck/godot/ios-host/build/AuthorityDerivedData/Build/Intermediates.noindex/AuthorityHost.build/Debug-iphonesimulator/AuthorityHost.build/AuthorityHost.hmap (in target 'AuthorityHost' from project 'AuthorityHost')
    cd /Users/runner/work/PartyDeck/PartyDeck/godot/ios-host
    write-file /Users/runner/work/PartyDeck/PartyDeck/godot/ios-host/build/AuthorityDerivedData/Build/Intermediates.noindex/AuthorityHost.build/Debug-iphonesimulator/AuthorityHost.build/AuthorityHost.hmap

WriteAuxiliaryFile /Users/runner/work/PartyDeck/PartyDeck/godot/ios-host/build/AuthorityDerivedData/Build/Intermediates.noindex/AuthorityHost.build/Debug-iphonesimulator/AuthorityHost.build/AuthorityHost.DependencyStaticMetadataFileList (in target 'AuthorityHost' from project 'AuthorityHost')
    cd /Users/runner/work/PartyDeck/PartyDeck/godot/ios-host
    write-file /Users/runner/work/PartyDeck/PartyDeck/godot/ios-host/build/AuthorityDerivedData/Build/Intermediates.noindex/AuthorityHost.build/Debug-iphonesimulator/AuthorityHost.build/AuthorityHost.DependencyStaticMetadataFileList

WriteAuxiliaryFile /Users/runner/work/PartyDeck/PartyDeck/godot/ios-host/build/AuthorityDerivedData/Build/Intermediates.noindex/AuthorityHost.build/Debug-iphonesimulator/AuthorityHost.build/AuthorityHost.DependencyMetadataFileList (in target 'AuthorityHost' from project 'AuthorityHost')
    cd /Users/runner/work/PartyDeck/PartyDeck/godot/ios-host
    write-file /Users/runner/work/PartyDeck/PartyDeck/godot/ios-host/build/AuthorityDerivedData/Build/Intermediates.noindex/AuthorityHost.build/Debug-iphonesimulator/AuthorityHost.build/AuthorityHost.DependencyMetadataFileList

WriteAuxiliaryFile /Users/runner/work/PartyDeck/PartyDeck/godot/ios-host/build/AuthorityDerivedData/Build/Intermediates.noindex/AuthorityHost.build/Debug-iphonesimulator/AuthorityHost.build/AuthorityHost-project-headers.hmap (in target 'AuthorityHost' from project 'AuthorityHost')
    cd /Users/runner/work/PartyDeck/PartyDeck/godot/ios-host
    write-file /Users/runner/work/PartyDeck/PartyDeck/godot/ios-host/build/AuthorityDerivedData/Build/Intermediates.noindex/AuthorityHost.build/Debug-iphonesimulator/AuthorityHost.build/AuthorityHost-project-headers.hmap

WriteAuxiliaryFile /Users/runner/work/PartyDeck/PartyDeck/godot/ios-host/build/AuthorityDerivedData/Build/Intermediates.noindex/AuthorityHost.build/Debug-iphonesimulator/AuthorityHost.build/AuthorityHost-own-target-headers.hmap (in target 'AuthorityHost' from project 'AuthorityHost')
    cd /Users/runner/work/PartyDeck/PartyDeck/godot/ios-host
    write-file /Users/runner/work/PartyDeck/PartyDeck/godot/ios-host/build/AuthorityDerivedData/Build/Intermediates.noindex/AuthorityHost.build/Debug-iphonesimulator/AuthorityHost.build/AuthorityHost-own-target-headers.hmap

WriteAuxiliaryFile /Users/runner/work/PartyDeck/PartyDeck/godot/ios-host/build/AuthorityDerivedData/Build/Intermediates.noindex/AuthorityHost.build/Debug-iphonesimulator/AuthorityHost.build/AuthorityHost-generated-files.hmap (in target 'AuthorityHost' from project 'AuthorityHost')
    cd /Users/runner/work/PartyDeck/PartyDeck/godot/ios-host
    write-file /Users/runner/work/PartyDeck/PartyDeck/godot/ios-host/build/AuthorityDerivedData/Build/Intermediates.noindex/AuthorityHost.build/Debug-iphonesimulator/AuthorityHost.build/AuthorityHost-generated-files.hmap

WriteAuxiliaryFile /Users/runner/work/PartyDeck/PartyDeck/godot/ios-host/build/AuthorityDerivedData/Build/Intermediates.noindex/AuthorityHost.build/Debug-iphonesimulator/AuthorityHost.build/AuthorityHost-all-target-headers.hmap (in target 'AuthorityHost' from project 'AuthorityHost')
    cd /Users/runner/work/PartyDeck/PartyDeck/godot/ios-host
    write-file /Users/runner/work/PartyDeck/PartyDeck/godot/ios-host/build/AuthorityDerivedData/Build/Intermediates.noindex/AuthorityHost.build/Debug-iphonesimulator/AuthorityHost.build/AuthorityHost-all-target-headers.hmap

WriteAuxiliaryFile /Users/runner/work/PartyDeck/PartyDeck/godot/ios-host/build/AuthorityDerivedData/Build/Intermediates.noindex/AuthorityHost.build/Debug-iphonesimulator/AuthorityHost.build/AuthorityHost-all-non-framework-target-headers.hmap (in target 'AuthorityHost' from project 'AuthorityHost')
    cd /Users/runner/work/PartyDeck/PartyDeck/godot/ios-host
    write-file /Users/runner/work/PartyDeck/PartyDeck/godot/ios-host/build/AuthorityDerivedData/Build/Intermediates.noindex/AuthorityHost.build/Debug-iphonesimulator/AuthorityHost.build/AuthorityHost-all-non-framework-target-headers.hmap

MkDir /Users/runner/work/PartyDeck/PartyDeck/godot/ios-host/build/AuthorityDerivedData/Build/Products/Debug-iphonesimulator/AuthorityHost.app (in target 'AuthorityHost' from project 'AuthorityHost')
    cd /Users/runner/work/PartyDeck/PartyDeck/godot/ios-host
    /bin/mkdir -p /Users/runner/work/PartyDeck/PartyDeck/godot/ios-host/build/AuthorityDerivedData/Build/Products/Debug-iphonesimulator/AuthorityHost.app

CpResource /Users/runner/work/PartyDeck/PartyDeck/godot/ios-host/build/AuthorityDerivedData/Build/Products/Debug-iphonesimulator/AuthorityHost.app/ProbeResources /Users/runner/work/PartyDeck/PartyDeck/godot/ios-host/build/host-resources/ProbeResources (in target 'AuthorityHost' from project 'AuthorityHost')
    cd /Users/runner/work/PartyDeck/PartyDeck/godot/ios-host
    builtin-copy -exclude .DS_Store -exclude CVS -exclude .svn -exclude .git -exclude .hg -strip-unsigned-binaries -strip-deterministic -strip-tool /Applications/Xcode_26.4.1.app/Contents/Developer/Toolchains/XcodeDefault.xctoolchain/usr/bin/strip -resolve-src-symlinks /Users/runner/work/PartyDeck/PartyDeck/godot/ios-host/build/host-resources/ProbeResources /Users/runner/work/PartyDeck/PartyDeck/godot/ios-host/build/AuthorityDerivedData/Build/Products/Debug-iphonesimulator/AuthorityHost.app

ProcessInfoPlistFile /Users/runner/work/PartyDeck/PartyDeck/godot/ios-host/build/AuthorityDerivedData/Build/Products/Debug-iphonesimulator/AuthorityHost.app/Info.plist /Users/runner/work/PartyDeck/PartyDeck/godot/ios-host/AuthorityHost/Info.plist (in target 'AuthorityHost' from project 'AuthorityHost')
    cd /Users/runner/work/PartyDeck/PartyDeck/godot/ios-host
    builtin-infoPlistUtility /Users/runner/work/PartyDeck/PartyDeck/godot/ios-host/AuthorityHost/Info.plist -producttype com.apple.product-type.application -genpkginfo /Users/runner/work/PartyDeck/PartyDeck/godot/ios-host/build/AuthorityDerivedData/Build/Products/Debug-iphonesimulator/AuthorityHost.app/PkgInfo -expandbuildsettings -format binary -platform iphonesimulator -o /Users/runner/work/PartyDeck/PartyDeck/godot/ios-host/build/AuthorityDerivedData/Build/Products/Debug-iphonesimulator/AuthorityHost.app/Info.plist

SwiftDriver AuthorityHost normal arm64 com.apple.xcode.tools.swift.compiler (in target 'AuthorityHost' from project 'AuthorityHost')
    cd /Users/runner/work/PartyDeck/PartyDeck/godot/ios-host
    builtin-SwiftDriver -- /Applications/Xcode_26.4.1.app/Contents/Developer/Toolchains/XcodeDefault.xctoolchain/usr/bin/swiftc -module-name AuthorityHost -Onone @/Users/runner/work/PartyDeck/PartyDeck/godot/ios-host/build/AuthorityDerivedData/Build/Intermediates.noindex/AuthorityHost.build/Debug-iphonesimulator/AuthorityHost.build/Objects-normal/arm64/AuthorityHost.SwiftFileList -enable-experimental-feature DebugDescriptionMacro -sdk /Applications/Xcode_26.4.1.app/Contents/Developer/Platforms/iPhoneSimulator.platform/Developer/SDKs/iPhoneSimulator26.4.sdk -target arm64-apple-ios15.0-simulator -g -module-cache-path /Users/runner/work/PartyDeck/PartyDeck/godot/ios-host/build/AuthorityDerivedData/ModuleCache.noindex -Xfrontend -serialize-debugging-options -enable-testing -index-store-path /Users/runner/work/PartyDeck/PartyDeck/godot/ios-host/build/AuthorityDerivedData/Index.noindex/DataStore -swift-version 6 -I /Users/runner/work/PartyDeck/PartyDeck/godot/ios-host/build/AuthorityDerivedData/Build/Products/Debug-iphonesimulator -F /Users/runner/work/PartyDeck/PartyDeck/godot/ios-host/build/AuthorityDerivedData/Build/Products/Debug-iphonesimulator -F /Users/runner/work/PartyDeck/PartyDeck/godot/ios-host/build/artifacts -c -j3 -enable-batch-mode -incremental -Xcc -ivfsstatcache -Xcc /Users/runner/work/PartyDeck/PartyDeck/godot/ios-host/build/AuthorityDerivedData/SDKStatCaches.noindex/iphonesimulator26.4-23E252-688ef53f1462e2c8f657fdc38a81448f893e4a944e4cdd9af1f5077e1341bc52.sdkstatcache -output-file-map /Users/runner/work/PartyDeck/PartyDeck/godot/ios-host/build/AuthorityDerivedData/Build/Intermediates.noindex/AuthorityHost.build/Debug-iphonesimulator/AuthorityHost.build/Objects-normal/arm64/AuthorityHost-OutputFileMap.json -use-frontend-parseable-output -save-temps -no-color-diagnostics -explicit-module-build -module-cache-path /Users/runner/work/PartyDeck/PartyDeck/godot/ios-host/build/AuthorityDerivedData/Build/Intermediates.noindex/SwiftExplicitPrecompiledModules -clang-scanner-module-cache-path /Users/runner/work/PartyDeck/PartyDeck/godot/ios-host/build/AuthorityDerivedData/ModuleCache.noindex -sdk-module-cache-path /Users/runner/work/PartyDeck/PartyDeck/godot/ios-host/build/AuthorityDerivedData/ModuleCache.noindex -serialize-diagnostics -emit-dependencies -emit-module -emit-module-path /Users/runner/work/PartyDeck/PartyDeck/godot/ios-host/build/AuthorityDerivedData/Build/Intermediates.noindex/AuthorityHost.build/Debug-iphonesimulator/AuthorityHost.build/Objects-normal/arm64/AuthorityHost.swiftmodule -validate-clang-modules-once -clang-build-session-file /Users/runner/work/PartyDeck/PartyDeck/godot/ios-host/build/AuthorityDerivedData/ModuleCache.noindex/Session.modulevalidation -Xcc -I/Users/runner/work/PartyDeck/PartyDeck/godot/ios-host/build/AuthorityDerivedData/Build/Intermediates.noindex/AuthorityHost.build/Debug-iphonesimulator/AuthorityHost.build/swift-overrides.hmap -emit-const-values -Xfrontend -const-gather-protocols-file -Xfrontend /Users/runner/work/PartyDeck/PartyDeck/godot/ios-host/build/AuthorityDerivedData/Build/Intermediates.noindex/AuthorityHost.build/Debug-iphonesimulator/AuthorityHost.build/Objects-normal/arm64/AuthorityHost_const_extract_protocols.json -Xcc -iquote -Xcc /Users/runner/work/PartyDeck/PartyDeck/godot/ios-host/build/AuthorityDerivedData/Build/Intermediates.noindex/AuthorityHost.build/Debug-iphonesimulator/AuthorityHost.build/AuthorityHost-generated-files.hmap -Xcc -I/Users/runner/work/PartyDeck/PartyDeck/godot/ios-host/build/AuthorityDerivedData/Build/Intermediates.noindex/AuthorityHost.build/Debug-iphonesimulator/AuthorityHost.build/AuthorityHost-own-target-headers.hmap -Xcc -I/Users/runner/work/PartyDeck/PartyDeck/godot/ios-host/build/AuthorityDerivedData/Build/Intermediates.noindex/AuthorityHost.build/Debug-iphonesimulator/AuthorityHost.build/AuthorityHost-all-target-headers.hmap -Xcc -iquote -Xcc /Users/runner/work/PartyDeck/PartyDeck/godot/ios-host/build/AuthorityDerivedData/Build/Intermediates.noindex/AuthorityHost.build/Debug-iphonesimulator/AuthorityHost.build/AuthorityHost-project-headers.hmap -Xcc -I/Users/runner/work/PartyDeck/PartyDeck/godot/ios-host/build/AuthorityDerivedData/Build/Products/Debug-iphonesimulator/include -Xcc -I/Users/runner/work/PartyDeck/PartyDeck/godot/ios-host/build/AuthorityDerivedData/Build/Intermediates.noindex/AuthorityHost.build/Debug-iphonesimulator/AuthorityHost.build/DerivedSources-normal/arm64 -Xcc -I/Users/runner/work/PartyDeck/PartyDeck/godot/ios-host/build/AuthorityDerivedData/Build/Intermediates.noindex/AuthorityHost.build/Debug-iphonesimulator/AuthorityHost.build/DerivedSources/arm64 -Xcc -I/Users/runner/work/PartyDeck/PartyDeck/godot/ios-host/build/AuthorityDerivedData/Build/Intermediates.noindex/AuthorityHost.build/Debug-iphonesimulator/AuthorityHost.build/DerivedSources -emit-objc-header -emit-objc-header-path /Users/runner/work/PartyDeck/PartyDeck/godot/ios-host/build/AuthorityDerivedData/Build/Intermediates.noindex/AuthorityHost.build/Debug-iphonesimulator/AuthorityHost.build/Objects-normal/arm64/AuthorityHost-Swift.h -import-objc-header /Users/runner/work/PartyDeck/PartyDeck/godot/ios-host/modules/partydeck_ios_probe/PDGodotRuntime.h -working-directory /Users/runner/work/PartyDeck/PartyDeck/godot/ios-host -experimental-emit-module-separately -disable-cmo

SwiftExplicitDependencyGeneratePcm arm64 /Users/runner/work/PartyDeck/PartyDeck/godot/ios-host/build/AuthorityDerivedData/ModuleCache.noindex/_SwiftConcurrencyShims-AEH287OYH6VKW1S8JL1L6FLQT.pcm

SwiftExplicitDependencyGeneratePcm arm64 /Users/runner/work/PartyDeck/PartyDeck/godot/ios-host/build/AuthorityDerivedData/ModuleCache.noindex/SwiftShims-6FPCAIGS56BT445V6HLT533EM.pcm

SwiftExplicitDependencyGeneratePcm arm64 /Users/runner/work/PartyDeck/PartyDeck/godot/ios-host/build/AuthorityDerivedData/ModuleCache.noindex/ptrauth-7N6RZ765HVSSUTP7MLZEQVO2K.pcm

SwiftExplicitDependencyGeneratePcm arm64 /Users/runner/work/PartyDeck/PartyDeck/godot/ios-host/build/AuthorityDerivedData/ModuleCache.noindex/_Builtin_stddef-4F8IHUK3TNKBIFND2M7PO0ZDC.pcm

SwiftExplicitDependencyGeneratePcm arm64 /Users/runner/work/PartyDeck/PartyDeck/godot/ios-host/build/AuthorityDerivedData/ModuleCache.noindex/_AvailabilityInternal-BEBBU1MPKRHBYV8DO4H2AQKE8.pcm

SwiftExplicitDependencyGeneratePcm arm64 /Users/runner/work/PartyDeck/PartyDeck/godot/ios-host/build/AuthorityDerivedData/ModuleCache.noindex/_Builtin_stdbool-49EYHK4IRC9MP3P6G0FDCV516.pcm

SwiftExplicitDependencyGeneratePcm arm64 /Users/runner/work/PartyDeck/PartyDeck/godot/ios-host/build/AuthorityDerivedData/ModuleCache.noindex/_Builtin_stdarg-D0TGYFZZ45D00S53IQCFPC4VI.pcm

SwiftExplicitDependencyGeneratePcm arm64 /Users/runner/work/PartyDeck/PartyDeck/godot/ios-host/build/AuthorityDerivedData/ModuleCache.noindex/_Builtin_float-7R156UBEGENSZ8HXW73EFF5E6.pcm

SwiftExplicitDependencyGeneratePcm arm64 /Users/runner/work/PartyDeck/PartyDeck/godot/ios-host/build/AuthorityDerivedData/ModuleCache.noindex/ptrcheck-30PP2RUG2M475V9MC4F9HLA4L.pcm

SwiftExplicitDependencyGeneratePcm arm64 /Users/runner/work/PartyDeck/PartyDeck/godot/ios-host/build/AuthorityDerivedData/ModuleCache.noindex/DeveloperToolsSupport-E2PWYK8AX1K7ITQOVSUOVEX7G.pcm

SwiftExplicitDependencyGeneratePcm arm64 /Users/runner/work/PartyDeck/PartyDeck/godot/ios-host/build/AuthorityDerivedData/ModuleCache.noindex/_DarwinFoundation1-6UAR7F93DJKO0APEKRW1ONJHE.pcm

SwiftExplicitDependencyGeneratePcm arm64 /Users/runner/work/PartyDeck/PartyDeck/godot/ios-host/build/AuthorityDerivedData/ModuleCache.noindex/_Builtin_limits-5QG4OKZPFDY0UQ9S9NPFCXG7C.pcm

SwiftExplicitDependencyGeneratePcm arm64 /Users/runner/work/PartyDeck/PartyDeck/godot/ios-host/build/AuthorityDerivedData/ModuleCache.noindex/_DarwinFoundation2-EJEV85DO7ZECS56R9VMD8BCK2.pcm

SwiftExplicitDependencyGeneratePcm arm64 /Users/runner/work/PartyDeck/PartyDeck/godot/ios-host/build/AuthorityDerivedData/ModuleCache.noindex/_Builtin_stdint-A2VMJWMV550WFXUR14KLUWWE8.pcm

SwiftExplicitDependencyGeneratePcm arm64 /Users/runner/work/PartyDeck/PartyDeck/godot/ios-host/build/AuthorityDerivedData/ModuleCache.noindex/sys_types-EGSRRMUG38FJ9RY81GYH7CGC1.pcm

SwiftExplicitDependencyGeneratePcm arm64 /Users/runner/work/PartyDeck/PartyDeck/godot/ios-host/build/AuthorityDerivedData/ModuleCache.noindex/_Builtin_tgmath-DBZ32VBZW9O2RYR7NP926WUFS.pcm

SwiftExplicitDependencyGeneratePcm arm64 /Users/runner/work/PartyDeck/PartyDeck/godot/ios-host/build/AuthorityDerivedData/ModuleCache.noindex/_Builtin_stdatomic-8RL8LN6L0YKOK5XFEKTWCYAJV.pcm

SwiftExplicitDependencyGeneratePcm arm64 /Users/runner/work/PartyDeck/PartyDeck/godot/ios-host/build/AuthorityDerivedData/ModuleCache.noindex/_Builtin_intrinsics-224BRWN8RQXPURR5PB41HXBFW.pcm

SwiftExplicitDependencyGeneratePcm arm64 /Users/runner/work/PartyDeck/PartyDeck/godot/ios-host/build/AuthorityDerivedData/ModuleCache.noindex/_DarwinFoundation3-9337Q35GW8SN953CD1VCRPV5L.pcm

SwiftExplicitDependencyGeneratePcm arm64 /Users/runner/work/PartyDeck/PartyDeck/godot/ios-host/build/AuthorityDerivedData/ModuleCache.noindex/_Builtin_inttypes-2GELRP7CSWDISV624KUI1ES6V.pcm

SwiftExplicitDependencyGeneratePcm arm64 /Users/runner/work/PartyDeck/PartyDeck/godot/ios-host/build/AuthorityDerivedData/ModuleCache.noindex/Darwin-5JE96NVK5NJJA3EXQAY3UX726.pcm

SwiftExplicitDependencyGeneratePcm arm64 /Users/runner/work/PartyDeck/PartyDeck/godot/ios-host/build/AuthorityDerivedData/ModuleCache.noindex/simd-5GU4P9FO0I68QGO0B91HWEHJ6.pcm

SwiftExplicitDependencyGeneratePcm arm64 /Users/runner/work/PartyDeck/PartyDeck/godot/ios-host/build/AuthorityDerivedData/ModuleCache.noindex/ObjectiveC-D8AUY0V056XHX3V6U4JIGHAWD.pcm

SwiftExplicitDependencyGeneratePcm arm64 /Users/runner/work/PartyDeck/PartyDeck/godot/ios-host/build/AuthorityDerivedData/ModuleCache.noindex/MachO-1T9I6HV3RRGV92ME3IWYCM8GB.pcm

SwiftExplicitDependencyGeneratePcm arm64 /Users/runner/work/PartyDeck/PartyDeck/godot/ios-host/build/AuthorityDerivedData/ModuleCache.noindex/os_object-7T1KW2JUNEYKF75E9HEP2I1W3.pcm

SwiftExplicitDependencyGeneratePcm arm64 /Users/runner/work/PartyDeck/PartyDeck/godot/ios-host/build/AuthorityDerivedData/ModuleCache.noindex/os_workgroup-CG6TWZY3RUIXMHWDLM185PNTX.pcm

SwiftExplicitDependencyGeneratePcm arm64 /Users/runner/work/PartyDeck/PartyDeck/godot/ios-host/build/AuthorityDerivedData/ModuleCache.noindex/Dispatch-3ZV4BBQOXS61SXJ0OT738O6PE.pcm

SwiftExplicitDependencyGeneratePcm arm64 /Users/runner/work/PartyDeck/PartyDeck/godot/ios-host/build/AuthorityDerivedData/ModuleCache.noindex/Spatial-A7FI9U15GUHMRK7HCVK79YMVI.pcm

SwiftExplicitDependencyGeneratePcm arm64 /Users/runner/work/PartyDeck/PartyDeck/godot/ios-host/build/AuthorityDerivedData/ModuleCache.noindex/CoreFoundation-D2743MYN0R1SQVFY0XCLGB3HK.pcm

SwiftExplicitDependencyGeneratePcm arm64 /Users/runner/work/PartyDeck/PartyDeck/godot/ios-host/build/AuthorityDerivedData/ModuleCache.noindex/XPC-BJL4PRU2X4IG4ZGLFWWYWHQO2.pcm

SwiftExplicitDependencyGeneratePcm arm64 /Users/runner/work/PartyDeck/PartyDeck/godot/ios-host/build/AuthorityDerivedData/ModuleCache.noindex/os-7W7BK4D404SDRD4O5BZGMFDYC.pcm

SwiftExplicitDependencyGeneratePcm arm64 /Users/runner/work/PartyDeck/PartyDeck/godot/ios-host/build/AuthorityDerivedData/ModuleCache.noindex/CoreGraphics-A9T86VIOMFH2QC8H9XAHCUXYU.pcm

SwiftExplicitDependencyGeneratePcm arm64 /Users/runner/work/PartyDeck/PartyDeck/godot/ios-host/build/AuthorityDerivedData/ModuleCache.noindex/Security-AA0KZRRMHZSUFXSDWAUAFM1CN.pcm

SwiftExplicitDependencyGeneratePcm arm64 /Users/runner/work/PartyDeck/PartyDeck/godot/ios-host/build/AuthorityDerivedData/ModuleCache.noindex/CFNetwork-6PD8SU7LN2QFIKWBKAWQ9R3NP.pcm

SwiftExplicitDependencyGeneratePcm arm64 /Users/runner/work/PartyDeck/PartyDeck/godot/ios-host/build/AuthorityDerivedData/ModuleCache.noindex/Foundation-BSBKBV2GVWNOWDET44XE2H80V.pcm

SwiftExplicitDependencyGeneratePcm arm64 /Users/runner/work/PartyDeck/PartyDeck/godot/ios-host/build/AuthorityDerivedData/ModuleCache.noindex/ImageIO-CFYEU4QNMLPIUO42Q6W3UJHWJ.pcm

SwiftExplicitDependencyGeneratePcm arm64 /Users/runner/work/PartyDeck/PartyDeck/godot/ios-host/build/AuthorityDerivedData/ModuleCache.noindex/CoreText-73XGYVKFAQX8RV7S66IZX54NX.pcm

SwiftExplicitDependencyGeneratePcm arm64 /Users/runner/work/PartyDeck/PartyDeck/godot/ios-host/build/AuthorityDerivedData/ModuleCache.noindex/OSLog-DF55TYIQV5OVWV2F2X9M2FUBL.pcm

SwiftExplicitDependencyGeneratePcm arm64 /Users/runner/work/PartyDeck/PartyDeck/godot/ios-host/build/AuthorityDerivedData/ModuleCache.noindex/DataDetection-CLPYJOPEHAI6CY9IW4CNJ63EN.pcm

SwiftExplicitDependencyGeneratePcm arm64 /Users/runner/work/PartyDeck/PartyDeck/godot/ios-host/build/AuthorityDerivedData/ModuleCache.noindex/CoreTransferable-6SY7TD0INOYYU509ZBGA28K35.pcm

SwiftExplicitDependencyGeneratePcm arm64 /Users/runner/work/PartyDeck/PartyDeck/godot/ios-host/build/AuthorityDerivedData/ModuleCache.noindex/CoreData-1YEWHLFIM529C77TOFX3HJSN9.pcm

SwiftExplicitDependencyGeneratePcm arm64 /Users/runner/work/PartyDeck/PartyDeck/godot/ios-host/build/AuthorityDerivedData/ModuleCache.noindex/UserNotifications-4VLMY777NHP5KTF08N8QY5OJI.pcm

SwiftExplicitDependencyGeneratePcm arm64 /Users/runner/work/PartyDeck/PartyDeck/godot/ios-host/build/AuthorityDerivedData/ModuleCache.noindex/UIUtilities-3ICQ8ECVWZ46DE5DASSBC8TBX.pcm

SwiftExplicitDependencyGeneratePcm arm64 /Users/runner/work/PartyDeck/PartyDeck/godot/ios-host/build/AuthorityDerivedData/ModuleCache.noindex/Symbols-6KH4Y1YK5Y9N573ZH8IG22ZGD.pcm

SwiftExplicitDependencyGeneratePcm arm64 /Users/runner/work/PartyDeck/PartyDeck/godot/ios-host/build/AuthorityDerivedData/ModuleCache.noindex/IOSurface-4R4INYOOM234MVWJRJINN6PQP.pcm

SwiftExplicitDependencyGeneratePcm arm64 /Users/runner/work/PartyDeck/PartyDeck/godot/ios-host/build/AuthorityDerivedData/ModuleCache.noindex/Accessibility-8RBOZFC3HCWWQYPY2NXX1PX4S.pcm

SwiftExplicitDependencyGeneratePcm arm64 /Users/runner/work/PartyDeck/PartyDeck/godot/ios-host/build/AuthorityDerivedData/Build/Intermediates.noindex/SwiftExplicitPrecompiledModules/PartyDeckGodotBridge-L339C2T1JPH39Z4VSHH9N7GW.pcm

SwiftExplicitDependencyGeneratePcm arm64 /Users/runner/work/PartyDeck/PartyDeck/godot/ios-host/build/AuthorityDerivedData/ModuleCache.noindex/OpenGLES-2LQQMGCJ0RFBV4T810GMJHS3N.pcm

SwiftExplicitDependencyGeneratePcm arm64 /Users/runner/work/PartyDeck/PartyDeck/godot/ios-host/build/AuthorityDerivedData/ModuleCache.noindex/Metal-8F9DNCZ4AFZFGDZ2ITGPK5D5S.pcm

SwiftExplicitDependencyGeneratePcm arm64 /Users/runner/work/PartyDeck/PartyDeck/godot/ios-host/build/AuthorityDerivedData/ModuleCache.noindex/UniformTypeIdentifiers-DD2DQ3QHNLWW0HOYVFDKGHX7Y.pcm

SwiftExplicitDependencyGeneratePcm arm64 /Users/runner/work/PartyDeck/PartyDeck/godot/ios-host/build/AuthorityDerivedData/ModuleCache.noindex/FileProvider-9PBQ9E1ARGHUUV0K12DQ7YMJ2.pcm

SwiftExplicitDependencyGeneratePcm arm64 /Users/runner/work/PartyDeck/PartyDeck/godot/ios-host/build/AuthorityDerivedData/ModuleCache.noindex/CoreVideo-51O6SXYEBWG89W99LNAITLXFO.pcm

SwiftExplicitDependencyGeneratePcm arm64 /Users/runner/work/PartyDeck/PartyDeck/godot/ios-host/build/AuthorityDerivedData/ModuleCache.noindex/QuartzCore-EH9REY27W516LZSS0OQ5PE831.pcm

SwiftExplicitDependencyGeneratePcm arm64 /Users/runner/work/PartyDeck/PartyDeck/godot/ios-host/build/AuthorityDerivedData/ModuleCache.noindex/CoreImage-CXZFC378QQIAZL59IX80YXFDE.pcm

SwiftExplicitDependencyGeneratePcm arm64 /Users/runner/work/PartyDeck/PartyDeck/godot/ios-host/build/AuthorityDerivedData/ModuleCache.noindex/SwiftUICore-13128GPCZ10L02J8R6YZED93P.pcm

SwiftExplicitDependencyGeneratePcm arm64 /Users/runner/work/PartyDeck/PartyDeck/godot/ios-host/build/AuthorityDerivedData/ModuleCache.noindex/UIKit-54JOQQHPIBW5R00EYWH2D9859.pcm

SwiftExplicitDependencyGeneratePcm arm64 /Users/runner/work/PartyDeck/PartyDeck/godot/ios-host/build/AuthorityDerivedData/ModuleCache.noindex/SwiftUI-8ZFI2NWCDB8WTDEWH71PBP4K1.pcm

SwiftGeneratePch normal arm64 Compiling\ bridging\ header (in target 'AuthorityHost' from project 'AuthorityHost')
1 warning generated.
/Users/runner/work/PartyDeck/PartyDeck/godot/ios-host/modules/partydeck_ios_probe/PDGodotRuntime.h:1:9: warning: #pragma once in main file
 1 | #pragma once
   |         `- warning: #pragma once in main file
 2 | 
 3 | #import <Foundation/Foundation.h>

SwiftDriverJobDiscovery normal arm64 Compiling bridging header (in target 'AuthorityHost' from project 'AuthorityHost')

SwiftEmitModule normal arm64 Emitting\ module\ for\ AuthorityHost (in target 'AuthorityHost' from project 'AuthorityHost')

EmitSwiftModule normal arm64 (in target 'AuthorityHost' from project 'AuthorityHost')
    cd /Users/runner/work/PartyDeck/PartyDeck/godot/ios-host
    

SwiftCompile normal arm64 Compiling\ AuthorityModel.swift /Users/runner/work/PartyDeck/PartyDeck/godot/ios-host/AuthorityHost/AuthorityModel.swift (in target 'AuthorityHost' from project 'AuthorityHost')
SwiftCompile normal arm64 /Users/runner/work/PartyDeck/PartyDeck/godot/ios-host/AuthorityHost/AuthorityModel.swift (in target 'AuthorityHost' from project 'AuthorityHost')
    cd /Users/runner/work/PartyDeck/PartyDeck/godot/ios-host
    

SwiftCompile normal arm64 Compiling\ AuthorityHostApp.swift /Users/runner/work/PartyDeck/PartyDeck/godot/ios-host/AuthorityHost/AuthorityHostApp.swift (in target 'AuthorityHost' from project 'AuthorityHost')
SwiftCompile normal arm64 /Users/runner/work/PartyDeck/PartyDeck/godot/ios-host/AuthorityHost/AuthorityHostApp.swift (in target 'AuthorityHost' from project 'AuthorityHost')
    cd /Users/runner/work/PartyDeck/PartyDeck/godot/ios-host
    

SwiftDriverJobDiscovery normal arm64 Emitting module for AuthorityHost (in target 'AuthorityHost' from project 'AuthorityHost')

SwiftDriver\ Compilation\ Requirements AuthorityHost normal arm64 com.apple.xcode.tools.swift.compiler (in target 'AuthorityHost' from project 'AuthorityHost')
    cd /Users/runner/work/PartyDeck/PartyDeck/godot/ios-host
    builtin-Swift-Compilation-Requirements -- /Applications/Xcode_26.4.1.app/Contents/Developer/Toolchains/XcodeDefault.xctoolchain/usr/bin/swiftc -module-name AuthorityHost -Onone @/Users/runner/work/PartyDeck/PartyDeck/godot/ios-host/build/AuthorityDerivedData/Build/Intermediates.noindex/AuthorityHost.build/Debug-iphonesimulator/AuthorityHost.build/Objects-normal/arm64/AuthorityHost.SwiftFileList -enable-experimental-feature DebugDescriptionMacro -sdk /Applications/Xcode_26.4.1.app/Contents/Developer/Platforms/iPhoneSimulator.platform/Developer/SDKs/iPhoneSimulator26.4.sdk -target arm64-apple-ios15.0-simulator -g -module-cache-path /Users/runner/work/PartyDeck/PartyDeck/godot/ios-host/build/AuthorityDerivedData/ModuleCache.noindex -Xfrontend -serialize-debugging-options -enable-testing -index-store-path /Users/runner/work/PartyDeck/PartyDeck/godot/ios-host/build/AuthorityDerivedData/Index.noindex/DataStore -swift-version 6 -I /Users/runner/work/PartyDeck/PartyDeck/godot/ios-host/build/AuthorityDerivedData/Build/Products/Debug-iphonesimulator -F /Users/runner/work/PartyDeck/PartyDeck/godot/ios-host/build/AuthorityDerivedData/Build/Products/Debug-iphonesimulator -F /Users/runner/work/PartyDeck/PartyDeck/godot/ios-host/build/artifacts -c -j3 -enable-batch-mode -incremental -Xcc -ivfsstatcache -Xcc /Users/runner/work/PartyDeck/PartyDeck/godot/ios-host/build/AuthorityDerivedData/SDKStatCaches.noindex/iphonesimulator26.4-23E252-688ef53f1462e2c8f657fdc38a81448f893e4a944e4cdd9af1f5077e1341bc52.sdkstatcache -output-file-map /Users/runner/work/PartyDeck/PartyDeck/godot/ios-host/build/AuthorityDerivedData/Build/Intermediates.noindex/AuthorityHost.build/Debug-iphonesimulator/AuthorityHost.build/Objects-normal/arm64/AuthorityHost-OutputFileMap.json -use-frontend-parseable-output -save-temps -no-color-diagnostics -explicit-module-build -module-cache-path /Users/runner/work/PartyDeck/PartyDeck/godot/ios-host/build/AuthorityDerivedData/Build/Intermediates.noindex/SwiftExplicitPrecompiledModules -clang-scanner-module-cache-path /Users/runner/work/PartyDeck/PartyDeck/godot/ios-host/build/AuthorityDerivedData/ModuleCache.noindex -sdk-module-cache-path /Users/runner/work/PartyDeck/PartyDeck/godot/ios-host/build/AuthorityDerivedData/ModuleCache.noindex -serialize-diagnostics -emit-dependencies -emit-module -emit-module-path /Users/runner/work/PartyDeck/PartyDeck/godot/ios-host/build/AuthorityDerivedData/Build/Intermediates.noindex/AuthorityHost.build/Debug-iphonesimulator/AuthorityHost.build/Objects-normal/arm64/AuthorityHost.swiftmodule -validate-clang-modules-once -clang-build-session-file /Users/runner/work/PartyDeck/PartyDeck/godot/ios-host/build/AuthorityDerivedData/ModuleCache.noindex/Session.modulevalidation -Xcc -I/Users/runner/work/PartyDeck/PartyDeck/godot/ios-host/build/AuthorityDerivedData/Build/Intermediates.noindex/AuthorityHost.build/Debug-iphonesimulator/AuthorityHost.build/swift-overrides.hmap -emit-const-values -Xfrontend -const-gather-protocols-file -Xfrontend /Users/runner/work/PartyDeck/PartyDeck/godot/ios-host/build/AuthorityDerivedData/Build/Intermediates.noindex/AuthorityHost.build/Debug-iphonesimulator/AuthorityHost.build/Objects-normal/arm64/AuthorityHost_const_extract_protocols.json -Xcc -iquote -Xcc /Users/runner/work/PartyDeck/PartyDeck/godot/ios-host/build/AuthorityDerivedData/Build/Intermediates.noindex/AuthorityHost.build/Debug-iphonesimulator/AuthorityHost.build/AuthorityHost-generated-files.hmap -Xcc -I/Users/runner/work/PartyDeck/PartyDeck/godot/ios-host/build/AuthorityDerivedData/Build/Intermediates.noindex/AuthorityHost.build/Debug-iphonesimulator/AuthorityHost.build/AuthorityHost-own-target-headers.hmap -Xcc -I/Users/runner/work/PartyDeck/PartyDeck/godot/ios-host/build/AuthorityDerivedData/Build/Intermediates.noindex/AuthorityHost.build/Debug-iphonesimulator/AuthorityHost.build/AuthorityHost-all-target-headers.hmap -Xcc -iquote -Xcc /Users/runner/work/PartyDeck/PartyDeck/godot/ios-host/build/AuthorityDerivedData/Build/Intermediates.noindex/AuthorityHost.build/Debug-iphonesimulator/AuthorityHost.build/AuthorityHost-project-headers.hmap -Xcc -I/Users/runner/work/PartyDeck/PartyDeck/godot/ios-host/build/AuthorityDerivedData/Build/Products/Debug-iphonesimulator/include -Xcc -I/Users/runner/work/PartyDeck/PartyDeck/godot/ios-host/build/AuthorityDerivedData/Build/Intermediates.noindex/AuthorityHost.build/Debug-iphonesimulator/AuthorityHost.build/DerivedSources-normal/arm64 -Xcc -I/Users/runner/work/PartyDeck/PartyDeck/godot/ios-host/build/AuthorityDerivedData/Build/Intermediates.noindex/AuthorityHost.build/Debug-iphonesimulator/AuthorityHost.build/DerivedSources/arm64 -Xcc -I/Users/runner/work/PartyDeck/PartyDeck/godot/ios-host/build/AuthorityDerivedData/Build/Intermediates.noindex/AuthorityHost.build/Debug-iphonesimulator/AuthorityHost.build/DerivedSources -emit-objc-header -emit-objc-header-path /Users/runner/work/PartyDeck/PartyDeck/godot/ios-host/build/AuthorityDerivedData/Build/Intermediates.noindex/AuthorityHost.build/Debug-iphonesimulator/AuthorityHost.build/Objects-normal/arm64/AuthorityHost-Swift.h -import-objc-header /Users/runner/work/PartyDeck/PartyDeck/godot/ios-host/modules/partydeck_ios_probe/PDGodotRuntime.h -working-directory /Users/runner/work/PartyDeck/PartyDeck/godot/ios-host -experimental-emit-module-separately -disable-cmo

SwiftMergeGeneratedHeaders /Users/runner/work/PartyDeck/PartyDeck/godot/ios-host/build/AuthorityDerivedData/Build/Intermediates.noindex/AuthorityHost.build/Debug-iphonesimulator/AuthorityHost.build/DerivedSources/AuthorityHost-Swift.h /Users/runner/work/PartyDeck/PartyDeck/godot/ios-host/build/AuthorityDerivedData/Build/Intermediates.noindex/AuthorityHost.build/Debug-iphonesimulator/AuthorityHost.build/Objects-normal/arm64/AuthorityHost-Swift.h (in target 'AuthorityHost' from project 'AuthorityHost')
    cd /Users/runner/work/PartyDeck/PartyDeck/godot/ios-host
    builtin-swiftHeaderTool -arch arm64 /Users/runner/work/PartyDeck/PartyDeck/godot/ios-host/build/AuthorityDerivedData/Build/Intermediates.noindex/AuthorityHost.build/Debug-iphonesimulator/AuthorityHost.build/Objects-normal/arm64/AuthorityHost-Swift.h -o /Users/runner/work/PartyDeck/PartyDeck/godot/ios-host/build/AuthorityDerivedData/Build/Intermediates.noindex/AuthorityHost.build/Debug-iphonesimulator/AuthorityHost.build/DerivedSources/AuthorityHost-Swift.h

Copy /Users/runner/work/PartyDeck/PartyDeck/godot/ios-host/build/AuthorityDerivedData/Build/Products/Debug-iphonesimulator/AuthorityHost.swiftmodule/arm64-apple-ios-simulator.swiftmodule /Users/runner/work/PartyDeck/PartyDeck/godot/ios-host/build/AuthorityDerivedData/Build/Intermediates.noindex/AuthorityHost.build/Debug-iphonesimulator/AuthorityHost.build/Objects-normal/arm64/AuthorityHost.swiftmodule (in target 'AuthorityHost' from project 'AuthorityHost')
    cd /Users/runner/work/PartyDeck/PartyDeck/godot/ios-host
    builtin-copy -exclude .DS_Store -exclude CVS -exclude .svn -exclude .git -exclude .hg -strip-unsigned-binaries -strip-deterministic -strip-tool /Applications/Xcode_26.4.1.app/Contents/Developer/Toolchains/XcodeDefault.xctoolchain/usr/bin/strip -resolve-src-symlinks -rename /Users/runner/work/PartyDeck/PartyDeck/godot/ios-host/build/AuthorityDerivedData/Build/Intermediates.noindex/AuthorityHost.build/Debug-iphonesimulator/AuthorityHost.build/Objects-normal/arm64/AuthorityHost.swiftmodule /Users/runner/work/PartyDeck/PartyDeck/godot/ios-host/build/AuthorityDerivedData/Build/Products/Debug-iphonesimulator/AuthorityHost.swiftmodule/arm64-apple-ios-simulator.swiftmodule

Copy /Users/runner/work/PartyDeck/PartyDeck/godot/ios-host/build/AuthorityDerivedData/Build/Products/Debug-iphonesimulator/AuthorityHost.swiftmodule/arm64-apple-ios-simulator.swiftdoc /Users/runner/work/PartyDeck/PartyDeck/godot/ios-host/build/AuthorityDerivedData/Build/Intermediates.noindex/AuthorityHost.build/Debug-iphonesimulator/AuthorityHost.build/Objects-normal/arm64/AuthorityHost.swiftdoc (in target 'AuthorityHost' from project 'AuthorityHost')
    cd /Users/runner/work/PartyDeck/PartyDeck/godot/ios-host
    builtin-copy -exclude .DS_Store -exclude CVS -exclude .svn -exclude .git -exclude .hg -strip-unsigned-binaries -strip-deterministic -strip-tool /Applications/Xcode_26.4.1.app/Contents/Developer/Toolchains/XcodeDefault.xctoolchain/usr/bin/strip -resolve-src-symlinks -rename /Users/runner/work/PartyDeck/PartyDeck/godot/ios-host/build/AuthorityDerivedData/Build/Intermediates.noindex/AuthorityHost.build/Debug-iphonesimulator/AuthorityHost.build/Objects-normal/arm64/AuthorityHost.swiftdoc /Users/runner/work/PartyDeck/PartyDeck/godot/ios-host/build/AuthorityDerivedData/Build/Products/Debug-iphonesimulator/AuthorityHost.swiftmodule/arm64-apple-ios-simulator.swiftdoc

Copy /Users/runner/work/PartyDeck/PartyDeck/godot/ios-host/build/AuthorityDerivedData/Build/Products/Debug-iphonesimulator/AuthorityHost.swiftmodule/arm64-apple-ios-simulator.abi.json /Users/runner/work/PartyDeck/PartyDeck/godot/ios-host/build/AuthorityDerivedData/Build/Intermediates.noindex/AuthorityHost.build/Debug-iphonesimulator/AuthorityHost.build/Objects-normal/arm64/AuthorityHost.abi.json (in target 'AuthorityHost' from project 'AuthorityHost')
    cd /Users/runner/work/PartyDeck/PartyDeck/godot/ios-host
    builtin-copy -exclude .DS_Store -exclude CVS -exclude .svn -exclude .git -exclude .hg -strip-unsigned-binaries -strip-deterministic -strip-tool /Applications/Xcode_26.4.1.app/Contents/Developer/Toolchains/XcodeDefault.xctoolchain/usr/bin/strip -resolve-src-symlinks -rename /Users/runner/work/PartyDeck/PartyDeck/godot/ios-host/build/AuthorityDerivedData/Build/Intermediates.noindex/AuthorityHost.build/Debug-iphonesimulator/AuthorityHost.build/Objects-normal/arm64/AuthorityHost.abi.json /Users/runner/work/PartyDeck/PartyDeck/godot/ios-host/build/AuthorityDerivedData/Build/Products/Debug-iphonesimulator/AuthorityHost.swiftmodule/arm64-apple-ios-simulator.abi.json

Copy /Users/runner/work/PartyDeck/PartyDeck/godot/ios-host/build/AuthorityDerivedData/Build/Products/Debug-iphonesimulator/AuthorityHost.swiftmodule/Project/arm64-apple-ios-simulator.swiftsourceinfo /Users/runner/work/PartyDeck/PartyDeck/godot/ios-host/build/AuthorityDerivedData/Build/Intermediates.noindex/AuthorityHost.build/Debug-iphonesimulator/AuthorityHost.build/Objects-normal/arm64/AuthorityHost.swiftsourceinfo (in target 'AuthorityHost' from project 'AuthorityHost')
    cd /Users/runner/work/PartyDeck/PartyDeck/godot/ios-host
    builtin-copy -exclude .DS_Store -exclude CVS -exclude .svn -exclude .git -exclude .hg -strip-unsigned-binaries -strip-deterministic -strip-tool /Applications/Xcode_26.4.1.app/Contents/Developer/Toolchains/XcodeDefault.xctoolchain/usr/bin/strip -resolve-src-symlinks -rename /Users/runner/work/PartyDeck/PartyDeck/godot/ios-host/build/AuthorityDerivedData/Build/Intermediates.noindex/AuthorityHost.build/Debug-iphonesimulator/AuthorityHost.build/Objects-normal/arm64/AuthorityHost.swiftsourceinfo /Users/runner/work/PartyDeck/PartyDeck/godot/ios-host/build/AuthorityDerivedData/Build/Products/Debug-iphonesimulator/AuthorityHost.swiftmodule/Project/arm64-apple-ios-simulator.swiftsourceinfo

SwiftDriverJobDiscovery normal arm64 Compiling AuthorityModel.swift (in target 'AuthorityHost' from project 'AuthorityHost')

SwiftDriverJobDiscovery normal arm64 Compiling AuthorityHostApp.swift (in target 'AuthorityHost' from project 'AuthorityHost')

SwiftDriver\ Compilation AuthorityHost normal arm64 com.apple.xcode.tools.swift.compiler (in target 'AuthorityHost' from project 'AuthorityHost')
    cd /Users/runner/work/PartyDeck/PartyDeck/godot/ios-host
    builtin-Swift-Compilation -- /Applications/Xcode_26.4.1.app/Contents/Developer/Toolchains/XcodeDefault.xctoolchain/usr/bin/swiftc -module-name AuthorityHost -Onone @/Users/runner/work/PartyDeck/PartyDeck/godot/ios-host/build/AuthorityDerivedData/Build/Intermediates.noindex/AuthorityHost.build/Debug-iphonesimulator/AuthorityHost.build/Objects-normal/arm64/AuthorityHost.SwiftFileList -enable-experimental-feature DebugDescriptionMacro -sdk /Applications/Xcode_26.4.1.app/Contents/Developer/Platforms/iPhoneSimulator.platform/Developer/SDKs/iPhoneSimulator26.4.sdk -target arm64-apple-ios15.0-simulator -g -module-cache-path /Users/runner/work/PartyDeck/PartyDeck/godot/ios-host/build/AuthorityDerivedData/ModuleCache.noindex -Xfrontend -serialize-debugging-options -enable-testing -index-store-path /Users/runner/work/PartyDeck/PartyDeck/godot/ios-host/build/AuthorityDerivedData/Index.noindex/DataStore -swift-version 6 -I /Users/runner/work/PartyDeck/PartyDeck/godot/ios-host/build/AuthorityDerivedData/Build/Products/Debug-iphonesimulator -F /Users/runner/work/PartyDeck/PartyDeck/godot/ios-host/build/AuthorityDerivedData/Build/Products/Debug-iphonesimulator -F /Users/runner/work/PartyDeck/PartyDeck/godot/ios-host/build/artifacts -c -j3 -enable-batch-mode -incremental -Xcc -ivfsstatcache -Xcc /Users/runner/work/PartyDeck/PartyDeck/godot/ios-host/build/AuthorityDerivedData/SDKStatCaches.noindex/iphonesimulator26.4-23E252-688ef53f1462e2c8f657fdc38a81448f893e4a944e4cdd9af1f5077e1341bc52.sdkstatcache -output-file-map /Users/runner/work/PartyDeck/PartyDeck/godot/ios-host/build/AuthorityDerivedData/Build/Intermediates.noindex/AuthorityHost.build/Debug-iphonesimulator/AuthorityHost.build/Objects-normal/arm64/AuthorityHost-OutputFileMap.json -use-frontend-parseable-output -save-temps -no-color-diagnostics -explicit-module-build -module-cache-path /Users/runner/work/PartyDeck/PartyDeck/godot/ios-host/build/AuthorityDerivedData/Build/Intermediates.noindex/SwiftExplicitPrecompiledModules -clang-scanner-module-cache-path /Users/runner/work/PartyDeck/PartyDeck/godot/ios-host/build/AuthorityDerivedData/ModuleCache.noindex -sdk-module-cache-path /Users/runner/work/PartyDeck/PartyDeck/godot/ios-host/build/AuthorityDerivedData/ModuleCache.noindex -serialize-diagnostics -emit-dependencies -emit-module -emit-module-path /Users/runner/work/PartyDeck/PartyDeck/godot/ios-host/build/AuthorityDerivedData/Build/Intermediates.noindex/AuthorityHost.build/Debug-iphonesimulator/AuthorityHost.build/Objects-normal/arm64/AuthorityHost.swiftmodule -validate-clang-modules-once -clang-build-session-file /Users/runner/work/PartyDeck/PartyDeck/godot/ios-host/build/AuthorityDerivedData/ModuleCache.noindex/Session.modulevalidation -Xcc -I/Users/runner/work/PartyDeck/PartyDeck/godot/ios-host/build/AuthorityDerivedData/Build/Intermediates.noindex/AuthorityHost.build/Debug-iphonesimulator/AuthorityHost.build/swift-overrides.hmap -emit-const-values -Xfrontend -const-gather-protocols-file -Xfrontend /Users/runner/work/PartyDeck/PartyDeck/godot/ios-host/build/AuthorityDerivedData/Build/Intermediates.noindex/AuthorityHost.build/Debug-iphonesimulator/AuthorityHost.build/Objects-normal/arm64/AuthorityHost_const_extract_protocols.json -Xcc -iquote -Xcc /Users/runner/work/PartyDeck/PartyDeck/godot/ios-host/build/AuthorityDerivedData/Build/Intermediates.noindex/AuthorityHost.build/Debug-iphonesimulator/AuthorityHost.build/AuthorityHost-generated-files.hmap -Xcc -I/Users/runner/work/PartyDeck/PartyDeck/godot/ios-host/build/AuthorityDerivedData/Build/Intermediates.noindex/AuthorityHost.build/Debug-iphonesimulator/AuthorityHost.build/AuthorityHost-own-target-headers.hmap -Xcc -I/Users/runner/work/PartyDeck/PartyDeck/godot/ios-host/build/AuthorityDerivedData/Build/Intermediates.noindex/AuthorityHost.build/Debug-iphonesimulator/AuthorityHost.build/AuthorityHost-all-target-headers.hmap -Xcc -iquote -Xcc /Users/runner/work/PartyDeck/PartyDeck/godot/ios-host/build/AuthorityDerivedData/Build/Intermediates.noindex/AuthorityHost.build/Debug-iphonesimulator/AuthorityHost.build/AuthorityHost-project-headers.hmap -Xcc -I/Users/runner/work/PartyDeck/PartyDeck/godot/ios-host/build/AuthorityDerivedData/Build/Products/Debug-iphonesimulator/include -Xcc -I/Users/runner/work/PartyDeck/PartyDeck/godot/ios-host/build/AuthorityDerivedData/Build/Intermediates.noindex/AuthorityHost.build/Debug-iphonesimulator/AuthorityHost.build/DerivedSources-normal/arm64 -Xcc -I/Users/runner/work/PartyDeck/PartyDeck/godot/ios-host/build/AuthorityDerivedData/Build/Intermediates.noindex/AuthorityHost.build/Debug-iphonesimulator/AuthorityHost.build/DerivedSources/arm64 -Xcc -I/Users/runner/work/PartyDeck/PartyDeck/godot/ios-host/build/AuthorityDerivedData/Build/Intermediates.noindex/AuthorityHost.build/Debug-iphonesimulator/AuthorityHost.build/DerivedSources -emit-objc-header -emit-objc-header-path /Users/runner/work/PartyDeck/PartyDeck/godot/ios-host/build/AuthorityDerivedData/Build/Intermediates.noindex/AuthorityHost.build/Debug-iphonesimulator/AuthorityHost.build/Objects-normal/arm64/AuthorityHost-Swift.h -import-objc-header /Users/runner/work/PartyDeck/PartyDeck/godot/ios-host/modules/partydeck_ios_probe/PDGodotRuntime.h -working-directory /Users/runner/work/PartyDeck/PartyDeck/godot/ios-host -experimental-emit-module-separately -disable-cmo

Ld /Users/runner/work/PartyDeck/PartyDeck/godot/ios-host/build/AuthorityDerivedData/Build/Products/Debug-iphonesimulator/AuthorityHost.app/AuthorityHost normal (in target 'AuthorityHost' from project 'AuthorityHost')
    cd /Users/runner/work/PartyDeck/PartyDeck/godot/ios-host
    /Applications/Xcode_26.4.1.app/Contents/Developer/Toolchains/XcodeDefault.xctoolchain/usr/bin/clang -Xlinker -reproducible -target arm64-apple-ios15.0-simulator -isysroot /Applications/Xcode_26.4.1.app/Contents/Developer/Platforms/iPhoneSimulator.platform/Developer/SDKs/iPhoneSimulator26.4.sdk -Os -L/Users/runner/work/PartyDeck/PartyDeck/godot/ios-host/build/AuthorityDerivedData/Build/Intermediates.noindex/EagerLinkingTBDs/Debug-iphonesimulator -L/Users/runner/work/PartyDeck/PartyDeck/godot/ios-host/build/AuthorityDerivedData/Build/Products/Debug-iphonesimulator -L/Users/runner/work/PartyDeck/PartyDeck/godot/ios-host/build/artifacts -F/Users/runner/work/PartyDeck/PartyDeck/godot/ios-host/build/AuthorityDerivedData/Build/Intermediates.noindex/EagerLinkingTBDs/Debug-iphonesimulator -F/Users/runner/work/PartyDeck/PartyDeck/godot/ios-host/build/AuthorityDerivedData/Build/Products/Debug-iphonesimulator -F/Users/runner/work/PartyDeck/PartyDeck/godot/ios-host/build/artifacts -filelist /Users/runner/work/PartyDeck/PartyDeck/godot/ios-host/build/AuthorityDerivedData/Build/Intermediates.noindex/AuthorityHost.build/Debug-iphonesimulator/AuthorityHost.build/Objects-normal/arm64/AuthorityHost.LinkFileList -Xlinker -rpath -Xlinker /usr/lib/swift -Xlinker -rpath -Xlinker @executable_path/Frameworks -Xlinker -map -Xlinker /Users/runner/work/PartyDeck/PartyDeck/godot/ios-host/build/evidence/authority-host-LinkMap-Debug-arm64.txt -Xlinker -dead_strip -Xlinker -object_path_lto -Xlinker /Users/runner/work/PartyDeck/PartyDeck/godot/ios-host/build/AuthorityDerivedData/Build/Intermediates.noindex/AuthorityHost.build/Debug-iphonesimulator/AuthorityHost.build/Objects-normal/arm64/AuthorityHost_lto.o -rdynamic -Xlinker -objc_abi_version -Xlinker 2 -Xlinker -dependency_info -Xlinker /Users/runner/work/PartyDeck/PartyDeck/godot/ios-host/build/AuthorityDerivedData/Build/Intermediates.noindex/AuthorityHost.build/Debug-iphonesimulator/AuthorityHost.build/Objects-normal/arm64/AuthorityHost_dependency_info.dat -fobjc-link-runtime -L/Applications/Xcode_26.4.1.app/Contents/Developer/Toolchains/XcodeDefault.xctoolchain/usr/lib/swift/iphonesimulator -L/usr/lib/swift -Xlinker -add_ast_path -Xlinker /Users/runner/work/PartyDeck/PartyDeck/godot/ios-host/build/AuthorityDerivedData/Build/Intermediates.noindex/AuthorityHost.build/Debug-iphonesimulator/AuthorityHost.build/Objects-normal/arm64/AuthorityHost.swiftmodule @/Users/runner/work/PartyDeck/PartyDeck/godot/ios-host/build/AuthorityDerivedData/Build/Intermediates.noindex/AuthorityHost.build/Debug-iphonesimulator/AuthorityHost.build/Objects-normal/arm64/AuthorityHost-linker-args.resp -lc++ -lz -liconv -framework Security -lpartydeck_godot_ios_probe -lpartydeck_godot_camera -framework PartyDeckGodotBridge -o /Users/runner/work/PartyDeck/PartyDeck/godot/ios-host/build/AuthorityDerivedData/Build/Products/Debug-iphonesimulator/AuthorityHost.app/AuthorityHost

CopySwiftLibs /Users/runner/work/PartyDeck/PartyDeck/godot/ios-host/build/AuthorityDerivedData/Build/Products/Debug-iphonesimulator/AuthorityHost.app (in target 'AuthorityHost' from project 'AuthorityHost')
    cd /Users/runner/work/PartyDeck/PartyDeck/godot/ios-host
    builtin-swiftStdLibTool --copy --verbose --scan-executable /Users/runner/work/PartyDeck/PartyDeck/godot/ios-host/build/AuthorityDerivedData/Build/Products/Debug-iphonesimulator/AuthorityHost.app/AuthorityHost --scan-folder /Users/runner/work/PartyDeck/PartyDeck/godot/ios-host/build/AuthorityDerivedData/Build/Products/Debug-iphonesimulator/AuthorityHost.app/Frameworks --scan-folder /Users/runner/work/PartyDeck/PartyDeck/godot/ios-host/build/AuthorityDerivedData/Build/Products/Debug-iphonesimulator/AuthorityHost.app/PlugIns --scan-folder /Users/runner/work/PartyDeck/PartyDeck/godot/ios-host/build/AuthorityDerivedData/Build/Products/Debug-iphonesimulator/AuthorityHost.app/SystemExtensions --scan-folder /Users/runner/work/PartyDeck/PartyDeck/godot/ios-host/build/AuthorityDerivedData/Build/Products/Debug-iphonesimulator/AuthorityHost.app/Extensions --scan-folder /Users/runner/work/PartyDeck/PartyDeck/godot/ios-host/build/artifacts/PartyDeckGodotBridge.framework --platform iphonesimulator --toolchain /var/run/com.apple.security.cryptexd/mnt/com.apple.MobileAsset.MetalToolchain-v17.5.188.0.IG1XKa/Metal.xctoolchain --toolchain /Applications/Xcode_26.4.1.app/Contents/Developer/Toolchains/XcodeDefault.xctoolchain --destination /Users/runner/work/PartyDeck/PartyDeck/godot/ios-host/build/AuthorityDerivedData/Build/Products/Debug-iphonesimulator/AuthorityHost.app/Frameworks --strip-bitcode --strip-bitcode-tool /Applications/Xcode_26.4.1.app/Contents/Developer/Toolchains/XcodeDefault.xctoolchain/usr/bin/bitcode_strip --emit-dependency-info /Users/runner/work/PartyDeck/PartyDeck/godot/ios-host/build/AuthorityDerivedData/Build/Intermediates.noindex/AuthorityHost.build/Debug-iphonesimulator/AuthorityHost.build/SwiftStdLibToolInputDependencies.dep --filter-for-swift-os --back-deploy-swift-span
Ignoring --strip-bitcode because --sign was not passed

ExtractAppIntentsMetadata (in target 'AuthorityHost' from project 'AuthorityHost')
    cd /Users/runner/work/PartyDeck/PartyDeck/godot/ios-host
    /Applications/Xcode_26.4.1.app/Contents/Developer/Toolchains/XcodeDefault.xctoolchain/usr/bin/appintentsmetadataprocessor --toolchain-dir /var/run/com.apple.security.cryptexd/mnt/com.apple.MobileAsset.MetalToolchain-v17.5.188.0.IG1XKa/Metal.xctoolchain --module-name AuthorityHost --sdk-root /Applications/Xcode_26.4.1.app/Contents/Developer/Platforms/iPhoneSimulator.platform/Developer/SDKs/iPhoneSimulator26.4.sdk --xcode-version 17E202 --platform-family iOS --deployment-target 15.0 --bundle-identifier dev.partydeck.godot.iosauthority --output /Users/runner/work/PartyDeck/PartyDeck/godot/ios-host/build/AuthorityDerivedData/Build/Products/Debug-iphonesimulator/AuthorityHost.app --target-triple arm64-apple-ios15.0-simulator --binary-file /Users/runner/work/PartyDeck/PartyDeck/godot/ios-host/build/AuthorityDerivedData/Build/Products/Debug-iphonesimulator/AuthorityHost.app/AuthorityHost --dependency-file /Users/runner/work/PartyDeck/PartyDeck/godot/ios-host/build/AuthorityDerivedData/Build/Intermediates.noindex/AuthorityHost.build/Debug-iphonesimulator/AuthorityHost.build/Objects-normal/arm64/AuthorityHost_dependency_info.dat --stringsdata-file /Users/runner/work/PartyDeck/PartyDeck/godot/ios-host/build/AuthorityDerivedData/Build/Intermediates.noindex/AuthorityHost.build/Debug-iphonesimulator/AuthorityHost.build/Objects-normal/arm64/ExtractedAppShortcutsMetadata.stringsdata --source-file-list /Users/runner/work/PartyDeck/PartyDeck/godot/ios-host/build/AuthorityDerivedData/Build/Intermediates.noindex/AuthorityHost.build/Debug-iphonesimulator/AuthorityHost.build/Objects-normal/arm64/AuthorityHost.SwiftFileList --metadata-file-list /Users/runner/work/PartyDeck/PartyDeck/godot/ios-host/build/AuthorityDerivedData/Build/Intermediates.noindex/AuthorityHost.build/Debug-iphonesimulator/AuthorityHost.build/AuthorityHost.DependencyMetadataFileList --static-metadata-file-list /Users/runner/work/PartyDeck/PartyDeck/godot/ios-host/build/AuthorityDerivedData/Build/Intermediates.noindex/AuthorityHost.build/Debug-iphonesimulator/AuthorityHost.build/AuthorityHost.DependencyStaticMetadataFileList --swift-const-vals-list /Users/runner/work/PartyDeck/PartyDeck/godot/ios-host/build/AuthorityDerivedData/Build/Intermediates.noindex/AuthorityHost.build/Debug-iphonesimulator/AuthorityHost.build/Objects-normal/arm64/AuthorityHost.SwiftConstValuesFileList --compile-time-extraction --deployment-aware-processing --validate-assistant-intents --no-app-shortcuts-localization
2026-09-10 03:45:13.897 appintentsmetadataprocessor[3622:14696] Starting appintentsmetadataprocessor export
2026-09-10 03:45:13.905 appintentsmetadataprocessor[3622:14696] warning: Metadata extraction skipped. No AppIntents.framework dependency found.

AppIntentsSSUTraining (in target 'AuthorityHost' from project 'AuthorityHost')
    cd /Users/runner/work/PartyDeck/PartyDeck/godot/ios-host
    /Applications/Xcode_26.4.1.app/Contents/Developer/Toolchains/XcodeDefault.xctoolchain/usr/bin/appintentsnltrainingprocessor --infoplist-path /Users/runner/work/PartyDeck/PartyDeck/godot/ios-host/build/AuthorityDerivedData/Build/Products/Debug-iphonesimulator/AuthorityHost.app/Info.plist --temp-dir-path /Users/runner/work/PartyDeck/PartyDeck/godot/ios-host/build/AuthorityDerivedData/Build/Intermediates.noindex/AuthorityHost.build/Debug-iphonesimulator/AuthorityHost.build/ssu --bundle-id dev.partydeck.godot.iosauthority --product-path /Users/runner/work/PartyDeck/PartyDeck/godot/ios-host/build/AuthorityDerivedData/Build/Products/Debug-iphonesimulator/AuthorityHost.app --extracted-metadata-path /Users/runner/work/PartyDeck/PartyDeck/godot/ios-host/build/AuthorityDerivedData/Build/Products/Debug-iphonesimulator/AuthorityHost.app/Metadata.appintents --metadata-file-list /Users/runner/work/PartyDeck/PartyDeck/godot/ios-host/build/AuthorityDerivedData/Build/Intermediates.noindex/AuthorityHost.build/Debug-iphonesimulator/AuthorityHost.build/AuthorityHost.DependencyMetadataFileList --source-file /Users/runner/work/PartyDeck/PartyDeck/godot/ios-host/build/AuthorityDerivedData/Build/Products/Debug-iphonesimulator/AuthorityHost.app/Info.plist --archive-ssu-assets
2026-09-10 03:45:13.972 appintentsnltrainingprocessor[3623:14700] Parsing options for appintentsnltrainingprocessor
2026-09-10 03:45:13.973 appintentsnltrainingprocessor[3623:14700] Starting AppIntents SSU YAML Generation
2026-09-10 03:45:13.978 appintentsnltrainingprocessor[3623:14700] No AppShortcuts found - Skipping.

RegisterExecutionPolicyException /Users/runner/work/PartyDeck/PartyDeck/godot/ios-host/build/AuthorityDerivedData/Build/Products/Debug-iphonesimulator/AuthorityHost.app (in target 'AuthorityHost' from project 'AuthorityHost')
    cd /Users/runner/work/PartyDeck/PartyDeck/godot/ios-host
    builtin-RegisterExecutionPolicyException /Users/runner/work/PartyDeck/PartyDeck/godot/ios-host/build/AuthorityDerivedData/Build/Products/Debug-iphonesimulator/AuthorityHost.app

Validate /Users/runner/work/PartyDeck/PartyDeck/godot/ios-host/build/AuthorityDerivedData/Build/Products/Debug-iphonesimulator/AuthorityHost.app (in target 'AuthorityHost' from project 'AuthorityHost')
    cd /Users/runner/work/PartyDeck/PartyDeck/godot/ios-host
    builtin-validationUtility /Users/runner/work/PartyDeck/PartyDeck/godot/ios-host/build/AuthorityDerivedData/Build/Products/Debug-iphonesimulator/AuthorityHost.app -shallow-bundle -infoplist-subpath Info.plist

Touch /Users/runner/work/PartyDeck/PartyDeck/godot/ios-host/build/AuthorityDerivedData/Build/Products/Debug-iphonesimulator/AuthorityHost.app (in target 'AuthorityHost' from project 'AuthorityHost')
    cd /Users/runner/work/PartyDeck/PartyDeck/godot/ios-host
    /usr/bin/touch -c /Users/runner/work/PartyDeck/PartyDeck/godot/ios-host/build/AuthorityDerivedData/Build/Products/Debug-iphonesimulator/AuthorityHost.app

** BUILD SUCCEEDED **

