
Welcome to Gradle 9.7.0!

Here are the highlights of this release:
 - Isolated Projects graduates to incubating
 - Broader Configuration Cache compatibility
 - More source locations in problem reports

For more details see https://docs.gradle.org/9.7.0/release-notes.html

To honour the JVM settings for this build a single-use Daemon process will be forked. For more on this, please refer to https://docs.gradle.org/9.7.0/userguide/gradle_daemon.html#sec:disabling_the_daemon in the Gradle documentation.
Daemon will be stopped at the end of the build 

> Configure project :bridge
WARNING: The 'commonTest' source directory exists, but android host tests are not enabled. To enable android host tests, add `withHostTest {}` to your android target configuration in the Gradle build file.
Add android.sync.suppressAgpWarnings=GENERIC to the gradle.properties file to suppress this warning.

> Configure project :core
WARNING: The 'commonTest' source directory exists, but android host tests are not enabled. To enable android host tests, add `withHostTest {}` to your android target configuration in the Gradle build file.
Add android.sync.suppressAgpWarnings=GENERIC to the gradle.properties file to suppress this warning.

> Configure project :games
WARNING: The 'commonTest' source directory exists, but android host tests are not enabled. To enable android host tests, add `withHostTest {}` to your android target configuration in the Gradle build file.
Add android.sync.suppressAgpWarnings=GENERIC to the gradle.properties file to suppress this warning.

> Task :core:kmpPartiallyResolvedDependenciesChecker
> Task :core:checkKotlinGradlePluginConfigurationErrors SKIPPED

> Task :core:downloadKotlinNativeDistribution
Kotlin/Native bundle directory /Users/runner/.konan/kotlin-native-prebuilt-macos-aarch64-2.4.20 is not empty. Native bundle files will be overwritten.
Downloading native dependencies (LLVM, sysroot etc). This is a one-time action performed only on the first run of the compiler.
Downloading dependency https://download.jetbrains.com/kotlin/native/resources/llvm/21-aarch64-macos/llvm-21-aarch64-macos-essentials-97.tar.gz to /Users/runner/.konan/dependencies/cache/llvm-21-aarch64-macos-essentials-97.tar.gz
Done.
Extracting dependency: /Users/runner/.konan/dependencies/cache/llvm-21-aarch64-macos-essentials-97.tar.gz into /Users/runner/.konan/dependencies
Downloading dependency https://download.jetbrains.com/kotlin/native/libffi-3.3-1-macos-arm64.tar.gz to /Users/runner/.konan/dependencies/cache/libffi-3.3-1-macos-arm64.tar.gz
Done.
Extracting dependency: /Users/runner/.konan/dependencies/cache/libffi-3.3-1-macos-arm64.tar.gz into /Users/runner/.konan/dependencies

> Task :core:compileKotlinIosSimulatorArm64 FROM-CACHE
> Task :core:exportCrossCompilationMetadataForIosSimulatorArm64ApiElements
> Task :games:kmpPartiallyResolvedDependenciesChecker
> Task :games:checkKotlinGradlePluginConfigurationErrors SKIPPED
> Task :games:downloadKotlinNativeDistribution
> Task :games:compileKotlinIosSimulatorArm64 FROM-CACHE
> Task :games:exportCrossCompilationMetadataForIosSimulatorArm64ApiElements
> Task :bridge:kmpPartiallyResolvedDependenciesChecker
> Task :bridge:checkKotlinGradlePluginConfigurationErrors SKIPPED
> Task :bridge:downloadKotlinNativeDistribution
> Task :bridge:compileKotlinIosSimulatorArm64 FROM-CACHE

> Task :bridge:linkDebugFrameworkIosSimulatorArm64
w: The number of threads 4 is more than the number of processors 3
gradle/actions: Writing build results to /Users/runner/work/_temp/.gradle-actions/build-results/__run-1789011823267.json

BUILD SUCCESSFUL in 43s
12 actionable tasks: 9 executed, 3 from cache
Consider enabling configuration cache to speed up this build: https://docs.gradle.org/9.7.0/userguide/configuration_cache_enabling.html
