--------- beginning of main
09-10 10:20:16.350 10556 10556 I t.compare:godot: Late-enabling -Xcheck:jni
09-10 10:20:16.390 10556 10556 I t.compare:godot: Using CollectorTypeCMC GC.
09-10 10:20:16.391 10556 10556 W t.compare:godot: Unexpected CPU variant for x86: x86_64.
09-10 10:20:16.391 10556 10556 W t.compare:godot: Known variants: atom, sandybridge, silvermont, goldmont, goldmont-plus, goldmont-without-sha-xsaves, tremont, kabylake, default
09-10 10:20:16.435 10556 10556 D nativeloader: Load libframework-connectivity-tiramisu-jni.so using APEX ns com_android_tethering for caller /apex/com.android.tethering/javalib/framework-connectivity-t.jar: ok
09-10 10:20:16.612 10556 10556 W ziparchive: Unable to open '/data/app/~~fYWEGxuyXBGEAnyxBUBYWg==/dev.partydeck.godot.compare-i4daJXoEY5F8_sd7zeVsEg==/base.dm': No such file or directory
09-10 10:20:16.612 10556 10556 W ziparchive: Unable to open '/data/app/~~fYWEGxuyXBGEAnyxBUBYWg==/dev.partydeck.godot.compare-i4daJXoEY5F8_sd7zeVsEg==/base.dm': No such file or directory
09-10 10:20:16.749 10556 10556 D nativeloader: Configuring clns-7 for other apk /data/app/~~fYWEGxuyXBGEAnyxBUBYWg==/dev.partydeck.godot.compare-i4daJXoEY5F8_sd7zeVsEg==/base.apk. target_sdk_version=36, uses_libraries=, library_path=/data/app/~~fYWEGxuyXBGEAnyxBUBYWg==/dev.partydeck.godot.compare-i4daJXoEY5F8_sd7zeVsEg==/lib/x86_64:/data/app/~~fYWEGxuyXBGEAnyxBUBYWg==/dev.partydeck.godot.compare-i4daJXoEY5F8_sd7zeVsEg==/base.apk!/lib/x86_64, permitted_path=/data:/mnt/expand:/data/user/0/dev.partydeck.godot.compare
09-10 10:20:16.762 10556 10556 V GraphicsEnvironment: Currently set values for:
09-10 10:20:16.762 10556 10556 V GraphicsEnvironment:   angle_gl_driver_selection_pkgs=[]
09-10 10:20:16.762 10556 10556 V GraphicsEnvironment:   angle_gl_driver_selection_values=[]
09-10 10:20:16.762 10556 10556 V GraphicsEnvironment: Global.Settings values are invalid: number of packages: 0, number of values: 0
09-10 10:20:16.762 10556 10556 V GraphicsEnvironment: Neither updatable production driver nor prerelease driver is supported.
09-10 10:20:17.154 10556 10556 V Godot   : Initializing Godot plugin registry
09-10 10:20:17.156 10556 10556 I GodotPluginRegistry: Registering runtime plugin AndroidRuntime
09-10 10:20:17.156 10556 10556 I GodotPluginRegistry: Registering runtime plugin PartyDeckBridge
09-10 10:20:17.156 10556 10556 V Godot   : InitEngine with params: [--main-pack, res://partydeck-last-light.pck, --rendering-method, gl_compatibility, --xr-mode, off]
09-10 10:20:17.188 10556 10556 D nativeloader: Load /data/app/~~fYWEGxuyXBGEAnyxBUBYWg==/dev.partydeck.godot.compare-i4daJXoEY5F8_sd7zeVsEg==/base.apk!/lib/x86_64/libgodot_android.so using ns clns-7 from class loader (caller=/data/app/~~fYWEGxuyXBGEAnyxBUBYWg==/dev.partydeck.godot.compare-i4daJXoEY5F8_sd7zeVsEg==/base.apk): ok
09-10 10:20:17.192 10556 10556 V Godot   : Godot native layer initialization completed: true
09-10 10:20:17.192 10556 10556 V Godot   : Setting up native layer with params: [--main-pack, res://partydeck-last-light.pck, --rendering-method, gl_compatibility, --xr-mode, off]
09-10 10:20:17.227 10556 10556 V Godot   : Godot native layer setup completed
09-10 10:20:17.227 10556 10556 V Godot   : OnInitRenderView: GodotFragment{f2aad5d} (394a2b16-8318-439b-9e3d-1a3443aaae41 id=0x7f07002b tag=partydeck-godot)
09-10 10:20:17.244 10556 10556 D Godot   : Render view should be transparent: false
09-10 10:20:17.245 10556 10556 D Godot   : renderingDevice: opengl3 (ProjectSettings)
09-10 10:20:17.245 10556 10556 D Godot   : 			renderer: gl_compatibility (Default)
09-10 10:20:17.264 10556 10556 V Godot   : OnStart: GodotFragment{f2aad5d} (394a2b16-8318-439b-9e3d-1a3443aaae41 id=0x7f07002b tag=partydeck-godot)
09-10 10:20:17.265 10556 10556 W WindowOnBackDispatcher: OnBackInvokedCallback is not enabled for the application.
09-10 10:20:17.265 10556 10556 W WindowOnBackDispatcher: Set 'android:enableOnBackInvokedCallback="true"' in the application manifest.
09-10 10:20:17.274 10556 10556 V Godot   : OnResume: GodotFragment{f2aad5d} (394a2b16-8318-439b-9e3d-1a3443aaae41 id=0x7f07002b tag=partydeck-godot)
09-10 10:20:17.287 10556 10556 W HWUI    : Unknown dataspace 0
09-10 10:20:17.343 10556 10574 I EGL_emulation: Opening libGLESv1_CM_emulation.so
09-10 10:20:17.354 10556 10574 I EGL_emulation: Opening libGLESv2_emulation.so
09-10 10:20:17.365 10556 10574 W HWUI    : Failed to choose config with EGL_SWAP_BEHAVIOR_PRESERVED, retrying without...
09-10 10:20:17.365 10556 10574 W HWUI    : Failed to initialize 101010-2 format, error = EGL_SUCCESS
09-10 10:20:17.368 10556 10594 W RegularContextFactory: creating OpenGL ES 3.0 context :
09-10 10:20:17.380 10556 10594 I Gralloc4: mapper 4.x is not supported
09-10 10:20:17.435 10556 10594 I godot   : Godot Engine v4.7.2.stable.official.ed1daf0bf - https://godotengine.org
09-10 10:20:17.532 10556 10594 E godot   : WARNING: Failed to load cached shader, recompiling.
09-10 10:20:17.532 10556 10594 E godot   :    at: _load_from_cache (drivers/gles3/shader_gles3.cpp:615)
09-10 10:20:17.692 10556 10563 I t.compare:godot: Compiler allocated 4219KB to compile void android.widget.TextView.<init>(android.content.Context, android.util.AttributeSet, int, int)
09-10 10:20:18.227 10556 10563 I t.compare:godot: Compiler allocated 5174KB to compile void android.view.ViewRootImpl.performTraversals()
09-10 10:20:18.372 10556 10597 E SurfaceSyncGroup: Failed to receive transaction ready in 1000ms. Marking SurfaceSyncGroup(wmsSync-VRI[GodotGameActivity]#1) as ready
09-10 10:20:18.373 10556 10597 E SurfaceSyncGroup: Failed to receive transaction ready in 1000ms. Marking SurfaceSyncGroup(VRI[GodotGameActivity]#2) as ready
09-10 10:20:18.373 10556 10597 E SurfaceSyncGroup: Failed to receive transaction ready in 1000ms. Marking SurfaceSyncGroup(SurfaceView[dev.partydeck.godot.compare/dev.partydeck.godot.compare.GodotGameActivity]#0) as ready
09-10 10:20:18.782 10556 10594 I godot   : OpenGL API OpenGL ES 3.1 (OpenGL ES 3.1.0 (ANGLE 2.1.17841 git hash: 5fa2e61da947)) - Compatibility - Using Device: Google (Google Inc. (Google)) - Android Emulator OpenGL ES Translator (ANGLE (Google, Vulkan 1.3.0 (SwiftShader Device (Subzero) (0x0000C0DE)), SwiftShader driver-5.0.0))
09-10 10:20:18.784 10556 10594 D t.compare:godot: PlayerBase::PlayerBase()
09-10 10:20:18.784 10556 10594 D t.compare:godot: TrackPlayerBase::TrackPlayerBase()
09-10 10:20:18.784 10556 10594 I libOpenSLES: Emulating old channel mask behavior (ignoring positional mask 0x3, using default mask 0x3 based on channel count of 2)
09-10 10:20:18.790 10556 10594 I godot   : 
09-10 10:20:19.001 10556 10574 D EGL_emulation: app_time_stats: avg=344.87ms min=71.95ms max=826.41ms count=4
09-10 10:20:19.193 10556 10594 V Godot   : OnGodotSetupCompleted
09-10 10:20:19.201 10556 10594 V Godot   : OnGodotMainLoopStarted
09-10 10:20:20.373 10556 10574 D EGL_emulation: app_time_stats: avg=686.23ms min=658.94ms max=713.51ms count=2
09-10 10:20:21.810 10556 10594 D EGL_emulation: app_time_stats: avg=967.25ms min=58.29ms max=2000.06ms count=3
09-10 10:20:21.881 10556 10574 D EGL_emulation: app_time_stats: avg=1507.30ms min=1507.30ms max=1507.30ms count=1
09-10 10:20:31.779 10556 10556 D AutofillManager: Fill dialog is enabled:false, hints=[]
09-10 10:20:31.813 10556 10574 D EGL_emulation: app_time_stats: avg=2461.40ms min=1.22ms max=9701.95ms count=4
09-10 10:20:36.047 10556 10556 I PartyDeckGodotBridge: Close requested elapsed_ms=859429
09-10 10:20:36.061 10556 10594 D EGL_emulation: app_time_stats: avg=14251.00ms min=14251.00ms max=14251.00ms count=1
09-10 10:20:36.061 10556 10594 I PartyDeckGodotBridge: Close dispatch started elapsed_ms=859443
09-10 10:20:36.061 10556 10594 I PartyDeckGodotBridge: Close native barrier elapsed_ms=859443
09-10 10:20:36.085 10556 10574 D EGL_emulation: app_time_stats: avg=851.49ms min=21.58ms max=4003.12ms count=5
09-10 10:20:36.088 10556 10556 I PartyDeckGodotHost: Close main callback elapsed_ms=859470
09-10 10:20:36.092 10556 10594 D GLThread: Exiting render thread
09-10 10:20:36.092 10556 10594 D GodotRenderer: Destroying Godot Engine
09-10 10:20:36.110 10556 10594 D t.compare:godot: PlayerBase::stop() from IPlayer
09-10 10:20:36.111 10556 10594 D AudioTrack: stop(17): called with 767340 frames delivered
09-10 10:20:36.120 10556 10594 E eglCodecCommon: removeVertexArrayObject: ERROR: 7 not found in VAO state!
09-10 10:20:36.187 10556 10594 V Godot   : OnGodotTerminating
09-10 10:20:36.245 10556 10556 V Godot   : OnDestroy: GodotFragment{f2aad5d} (394a2b16-8318-439b-9e3d-1a3443aaae41 id=0x7f07002b tag=partydeck-godot)
09-10 10:20:36.263 10556 10556 V Godot   : OnPause: GodotFragment{f2aad5d} (394a2b16-8318-439b-9e3d-1a3443aaae41 id=0x7f07002b tag=partydeck-godot)
09-10 10:20:36.517 10556 10556 I PartyDeckGodotHost: Engine process exit requested
09-10 10:20:36.521 10556 10556 I Process : Sending signal. PID: 10556 SIG: 9
