Exported 33 attachments for: RetainedHostUITests/testActiveAndDormantBackgroundTransitionsStayConcealed():
File: 3D0C3E9F-91E9-4DB7-B136-7709F85B44AC.json, suggested name: "Dormant application lifecycle did not restart the engine services measurements_0_6392F80A-7254-4D0A-A4C9-E92664E14455.json"
File: FCCA10C8-9F9D-4D06-A3FE-D69CA0FDC554.png, suggested name: "Dormant application lifecycle did not restart the engine services_0_1A52ACCF-F25D-41B5-8817-D91439BE7095.png"
File: FB14F4BD-9294-4B62-A7E8-44F735E625D6.json, suggested name: "Whole recipient scene retired; retained services dormant measurements_0_CAB354ED-377D-4D83-8EA9-0DC6939EE8F2.json"
File: AF935729-A5C4-4F16-96FA-97A80396492C.png, suggested name: "Whole recipient scene retired; retained services dormant_0_54E12091-C197-4107-99B5-70A5AF745639.png"
File: 41B748C7-C269-4911-82AE-FA21CAB57C29.json, suggested name: "Measured real touch target_0_9E83EAE9-A48C-4144-8D33-D3E8F6F20CA5.json"
File: 39BC4565-7B04-49B4-B364-50FABFF3A568.json, suggested name: "Measured dormant shell interval_0_4DD0F476-927A-498B-A142-2CB711609280.json"
File: 31BC554E-58B6-4D7F-8866-26BB64C1B094.json, suggested name: "Dormant Homeactivate accepted native observation_0_EC84C02F-9F48-4E8F-96AF-54282ECCFB04.json"
File: ACCF917D-35B0-4CA5-B706-3B5B066AE263.png, suggested name: "Actual Home screen_0_CDCD4F31-D355-453D-B0BE-40302A725B69.png"
File: 963B26AC-5DAC-4FF8-A639-7B6D3C813A59.txt, suggested name: "Actual SpringBoard hierarchy_0_438F0F4F-48DC-41BA-8234-3212ABAABDA6.txt"
File: AFA9E34A-CFE8-47DB-B222-8347CCEF1B80.json, suggested name: "Actual Home state and dock observation_0_FCF27996-C92F-4AC6-BBA2-19E456B946DC.json"
File: E70856E7-7092-41F0-9973-1BF3B609A97F.json, suggested name: "Measured dormant shell interval_0_94765D6D-642A-46BD-AE33-2A1DE609AEC3.json"
File: 340DA153-FFDC-45C7-94AA-B50C26C76B63.json, suggested name: "Whole recipient scene retired; retained services dormant measurements_0_48443E92-6EEB-4F69-A74B-94956A104629.json"
File: 0899007A-7012-455C-885D-AAD91C5937E9.png, suggested name: "Whole recipient scene retired; retained services dormant_0_FF5D2FCB-EDB0-4385-BF24-B0D77B837BF8.png"
File: EED97AB5-610E-4138-B4C9-AA8DE8C08F0D.json, suggested name: "Measured real touch target_0_ED461ADE-49E7-43E7-B7E8-5BEF962C4920.json"
File: 964CA3EF-0EF4-4FBF-A2B2-897413B1E711.json, suggested name: "Real background and resume kept the same authority concealed measurements_0_E45A2AF7-08AC-46F8-AE50-21312104DC64.json"
File: E143D2DF-5182-456D-85B4-DB0178733F74.png, suggested name: "Real background and resume kept the same authority concealed_0_B3D60C08-8F96-45E7-A8CB-821F9FF28974.png"
File: 00DCFDAE-D114-4CDD-8E5B-DC333AE4C85F.png, suggested name: "Actual Home screen_0_C7F2E1D4-3EE2-4FDE-8415-4E3026FA9A48.png"
File: 190B3D75-9DCC-4540-AD99-90ACBADBEF5B.txt, suggested name: "Actual SpringBoard hierarchy_0_3A798F97-C481-4656-8B02-4FD0DA2A4C06.txt"
File: B83953AC-686A-4DB6-BE62-32222F45FE88.json, suggested name: "Actual Home state and dock observation_0_6EBC49B7-AE68-49FA-BDEA-5211E5C07508.json"
File: F92869D1-2E70-46EB-BC7E-085259F8BBDC.json, suggested name: "Real reveal and card selection measurements_0_5DD93604-87F3-465D-B269-263723314441.json"
File: BB023D2D-E16A-4CDA-B4CE-D616D620AFC6.png, suggested name: "Real reveal and card selection_0_2EE55CFA-C280-462A-88D6-1FC052090719.png"
File: 63019D0D-28F4-4341-BB3A-D6D9C75BFE55.json, suggested name: "Measured real touch target_0_8C3198A3-E52C-4D0E-8576-F43783644380.json"
File: 9BE8F5E2-C46D-4356-9EB7-3CF227909C0F.json, suggested name: "Measured real touch target_0_D8C10610-3DA7-4C67-91D3-68829D56F0BD.json"
File: 1116259F-0670-4CF7-B723-0D004846029F.json, suggested name: "Real reveal and card selection measurements_0_A6505AE0-FD1C-42CC-82EC-76A668182140.json"
File: BB48E72B-7106-419A-8835-1BC462C5A50F.png, suggested name: "Real reveal and card selection_0_6814890A-096D-4D85-B8EF-FB5A13BECBDB.png"
File: B7B4EC75-75F4-421C-AC56-C83F50A6566C.json, suggested name: "Measured real touch target_0_6B5F3F4B-0620-4E77-A73E-4D1C5351E2D3.json"
File: B25387BD-CB7C-4C5D-BF03-A9B4C65C52E8.json, suggested name: "Measured real touch target_0_5DBFFBBD-84DD-4281-BD15-FBCC9D3C5B5D.json"
File: 6B97D753-D5AC-4409-825B-C0977D1D1123.json, suggested name: "Coalesced native foreground loss and regain returned concealed measurements_0_C67EDABB-1799-4D1C-844E-6A97802E95A3.json"
File: 93FDEE8A-DF89-430A-ADA4-E19E81CDB1D7.png, suggested name: "Coalesced native foreground loss and regain returned concealed_0_EFF958AA-D9CB-46D4-B003-B33CAD9A3A66.png"
File: 94C76E3F-8E48-4C12-90BF-0CC7DDFB011F.json, suggested name: "Real reveal and card selection measurements_0_04EE25D3-5CFB-4F0B-BAA7-A1314ACDFB57.json"
File: C90C4A86-E040-453E-BB48-BB5D2F019E82.png, suggested name: "Real reveal and card selection_0_18FEA76D-FAA4-4DB3-8862-8333BA912E63.png"
File: CFF3A75F-B6BE-4522-903E-D67D4A2471B5.json, suggested name: "Measured real touch target_0_DCB4CB56-814F-4F27-8FC1-402E86DAD9B9.json"
File: C43A9D12-C750-42CB-9DE5-127B7F4DB61E.json, suggested name: "Measured real touch target_0_AE04D1DF-586C-43D1-AE47-394003FA8F19.json"

Exported 54 attachments for: RetainedHostUITests/testRepeated2DAnd3DKeepOneDormantEngine():
File: D551F59A-039D-48BD-B18F-B3790DD88255.json, suggested name: "Four completed real entries in one retained engine process measurements_0_0A69B084-A9B3-4AF9-85B4-EE8AE2E31CDB.json"
File: C9CB11DB-01A9-4179-B52F-D3478F6EBFAC.png, suggested name: "Four completed real entries in one retained engine process_0_A44C4920-CD88-4E48-A4C0-3F56632BDD11.png"
File: F2A8F311-8F8F-4E61-95A3-7E773F3EA911.json, suggested name: "Measured dormant shell interval_0_9E2D423C-4A1E-4E1D-8BB2-65B28A84C942.json"
File: B8490C00-6653-4196-B9DF-A1C062B67233.json, suggested name: "Whole recipient scene retired; retained services dormant measurements_0_39F3D34F-16C5-476C-BDBF-90448862A28F.json"
File: 233101B2-AD30-45C4-9F66-D920FA39AB0D.png, suggested name: "Whole recipient scene retired; retained services dormant_0_6682463A-0AE7-43D5-AF7A-F2B84811251C.png"
File: 54BF1D37-E850-49BE-8591-D14E38A6596C.json, suggested name: "Measured real touch target_0_DBD74271-F4F1-491D-8FCC-49C1C36C0681.json"
File: A19C4798-1DC7-455A-9EDD-794208D37828.json, suggested name: "Real play accepted by the Kotlin authority measurements_0_6C0C7B70-C5BD-4C6E-8DAB-65C15BE588EE.json"
File: F97DE381-0C3F-425F-816A-1B825C567197.png, suggested name: "Real play accepted by the Kotlin authority_0_79E0F188-B7CB-4EDD-BB91-BAD17AAB4CDD.png"
File: 86EB0D29-B448-4C55-A34A-5F9384D6EFD5.json, suggested name: "Measured real touch target_0_CC87364F-2547-49E8-9406-0E3A3B0CA5A4.json"
File: EE21E6F7-9D7D-4602-8BCA-CAB40BF4F3CB.json, suggested name: "Real reveal and card selection measurements_0_3C7A9DFB-6CAA-4D5E-B1E6-2C501B0430A5.json"
File: 31F4727B-2E91-46FD-88DB-4D00A3426349.png, suggested name: "Real reveal and card selection_0_63650123-AEB6-4B4F-8E88-552210784866.png"
File: FD02A785-8161-4493-B838-9C671D846786.json, suggested name: "Measured real touch target_0_A7933D73-C891-4D8A-8EE2-259BE6FE3024.json"
File: 264D1ADF-C709-4E32-B0F8-A8FD5C44902E.json, suggested name: "Measured real touch target_0_ED2107BF-1C3D-444A-B0C7-A478F66C1C10.json"
File: AA350D78-69AA-410F-93EA-DD3917EBD7EF.json, suggested name: "Entry 4 fresh concealed 3d measurements_0_D8B1F048-4C22-447F-9D78-36A44D106750.json"
File: 05C9FF15-A969-496C-81B6-B9E1B5B841A5.png, suggested name: "Entry 4 fresh concealed 3d_0_A30FA371-4C5D-4198-BFFD-56474F866A29.png"
File: 625B39D5-F0EB-4F6F-8F5A-7BE93BC788DB.json, suggested name: "Measured dormant shell interval_0_373478C8-2F02-427F-ACA1-44F743512EDF.json"
File: 50B9F436-B299-4823-99AF-44AECC10B495.json, suggested name: "Whole recipient scene retired; retained services dormant measurements_0_7F43D697-A800-4436-8FE3-A3CCECDE5C76.json"
File: 653146FB-6802-461A-A299-016C738573BC.png, suggested name: "Whole recipient scene retired; retained services dormant_0_2326478E-FD3E-4686-A8BB-E8A44C7B1F8D.png"
File: F6C4E1F5-4ADA-4660-AF11-E66BB3CE5CE4.json, suggested name: "Measured real touch target_0_190E11CA-2DDB-463A-8549-E8CBAB03CFD7.json"
File: 9C55C8ED-8D33-469C-B459-B8DC20F3657C.json, suggested name: "Real play accepted by the Kotlin authority measurements_0_93781E2A-A63C-40CA-9476-9A1A6B75B24D.json"
File: 0DCA9C7D-5F20-4B6A-A853-40AE4A69748E.png, suggested name: "Real play accepted by the Kotlin authority_0_16CD005C-BF87-4761-806B-9DAC86C455E5.png"
File: 1FC51BF4-923F-4120-8F05-6DB9DDBD56B2.json, suggested name: "Measured real touch target_0_CDEEC675-69F9-4C07-97C8-DFAAAABCB642.json"
File: 405E8E48-F538-44A9-92D4-796B90A270F8.json, suggested name: "Real reveal and card selection measurements_0_529C96CA-1784-42F5-B64E-B8528B3B2B77.json"
File: 46BE68CC-AB3C-4AE6-BB6E-2B52D3A25E91.png, suggested name: "Real reveal and card selection_0_445F360B-D2EF-4EE4-9B16-5D6A22B2467F.png"
File: 28574024-AD6E-47D4-95B3-3AC6DEC55D7D.json, suggested name: "Measured real touch target_0_FDF8D189-2AA6-4384-808D-D8628DFB8DAA.json"
File: 2825B691-374E-4E5C-8027-C89845014C24.json, suggested name: "Measured real touch target_0_820571C2-0F39-4A3E-9749-E32828B8FEA3.json"
File: 9DA994F9-3900-4BB9-BCE4-F4194780B2EA.json, suggested name: "Entry 3 fresh concealed 2d measurements_0_E572D230-301B-4191-8079-496AE919BB9C.json"
File: 68DE7E15-7269-4ED3-8FB5-62E10E0EB47B.png, suggested name: "Entry 3 fresh concealed 2d_0_E9229039-1133-4ABF-B263-58B5CFEC9CF1.png"
File: 314E0631-3342-4A38-AEB4-027F235C8A8C.json, suggested name: "Measured dormant shell interval_0_3F906FEF-4592-4CB1-BBD6-59C4B893D63D.json"
File: 902D4251-05D3-4FEB-966D-C3DE5E508E61.json, suggested name: "Whole recipient scene retired; retained services dormant measurements_0_916FBF18-7DE5-4A65-AD6A-BF6927D9E187.json"
File: 6F569085-4309-4C83-92AB-BCE199BF86A1.png, suggested name: "Whole recipient scene retired; retained services dormant_0_79091F66-71A3-4095-AB29-5257B61602A0.png"
File: E68E53EF-2AA3-428D-A2A3-24D1B6560004.json, suggested name: "Measured real touch target_0_68FE0CEF-4B38-4B4E-99D2-2BFBE82DBFF3.json"
File: D7C39501-F137-4159-8FD8-62492D64685D.json, suggested name: "Real play accepted by the Kotlin authority measurements_0_5941F469-9544-440E-8553-698BDC6236B8.json"
File: 5EFF60CD-9CCA-49C3-9893-79D8EBA0EC48.png, suggested name: "Real play accepted by the Kotlin authority_0_A7F7A2AF-2D2A-435D-8A3C-89C529193535.png"
File: 942C62B7-E68B-4C63-AC93-190E11A1C128.json, suggested name: "Measured real touch target_0_F50ABE3A-67EB-482D-810D-10B362C76F89.json"
File: DD3C7110-C8BB-4A03-9927-A2A44D99A67E.json, suggested name: "Real reveal and card selection measurements_0_48B887FF-E0E3-4D9E-AFAF-275A74176C7C.json"
File: 06B43B13-5EA7-47BD-8064-00D8191218F9.png, suggested name: "Real reveal and card selection_0_CC5A9C81-D510-4C2F-BCAA-C688B2889FBA.png"
File: 304EC2DD-06D6-4420-BE45-1C42882FB000.json, suggested name: "Measured real touch target_0_03A89318-F831-43D2-88D1-DFFD193991A8.json"
File: F70BED17-1C22-452C-8457-56A947AACA3D.json, suggested name: "Measured real touch target_0_F7A91B3B-77B6-4242-A10F-CA80631DD92A.json"
File: 92B65425-DB82-4B1C-8E9F-FA5BEB0C15FE.json, suggested name: "Entry 2 fresh concealed 3d measurements_0_E4384BD8-25F6-4DF0-B158-44BCBFAE5672.json"
File: ED39CD87-FF0D-44CE-A311-906DAE60858E.png, suggested name: "Entry 2 fresh concealed 3d_0_236E6E57-5D41-45C7-AE74-54D428BFCB4F.png"
File: A468766B-7D23-4A88-8FC4-715592E9E207.json, suggested name: "Measured dormant shell interval_0_8111ED7E-3EF3-4A8B-9D37-0E7F66465121.json"
File: 6E9542B7-155E-4115-8A94-512B0C930271.json, suggested name: "Whole recipient scene retired; retained services dormant measurements_0_D82C8551-FA78-4F72-9C90-F82714F96CD4.json"
File: 851E69C1-BF7F-4EFC-A32F-83299180E9A7.png, suggested name: "Whole recipient scene retired; retained services dormant_0_29F3BA2A-FBA5-4933-A2DA-1FA11E1FA733.png"
File: 20182C88-5D7A-442D-96F3-5D56E4A9863E.json, suggested name: "Measured real touch target_0_5AA8E3FA-1F26-4117-B32B-28E6E784FD75.json"
File: E3B08B6A-D8B2-4228-B818-588FBD8BA91F.json, suggested name: "Real play accepted by the Kotlin authority measurements_0_699909FD-FCEE-4833-91E2-59A2AB7025B5.json"
File: 20F05055-14C3-4A94-B9B6-4011D8A2DAFF.png, suggested name: "Real play accepted by the Kotlin authority_0_31161610-EFF1-47C1-98E6-0B3EE22434F4.png"
File: BFD9BB64-C3A8-4CE2-8097-89FF992001DE.json, suggested name: "Measured real touch target_0_5325137C-F85A-45B3-98B5-3CBBD83F7135.json"
File: 95067CA3-666A-4CF2-A5ED-5E194C7A24A6.json, suggested name: "Real reveal and card selection measurements_0_9C98C4AB-3D60-4C2A-BCC3-BBE2EE2868AF.json"
File: CE28093D-A39B-480B-96F8-418973947492.png, suggested name: "Real reveal and card selection_0_8CC4B538-C34D-4466-BDE1-5ECDA59E4877.png"
File: 4D171B61-E1B6-4B42-BE94-F61A1B2122EA.json, suggested name: "Measured real touch target_0_7D15D69B-D6A1-4F39-A2A5-E3B5E2DC38A1.json"
File: 36273FD1-1F1E-4304-965F-9ED452836FE4.json, suggested name: "Measured real touch target_0_4318F6C6-19E1-4723-9283-E9AC862FCB43.json"
File: FA5CFC95-3DD7-4FA1-8129-B94380AFDF6C.json, suggested name: "Entry 1 fresh concealed 2d measurements_0_5CD7B640-BC67-4D7C-8337-A4758FD64EF0.json"
File: A9865F81-0852-432E-9539-C5332EB354E8.png, suggested name: "Entry 1 fresh concealed 2d_0_0BC14B3A-BC03-4AEB-ACF1-E444573DF56D.png"

Exported 6 attachments for: RetainedHostUITests/testStaleFirstReadyAndCloseCompletionReentry():
File: 351D64C3-C2FD-4781-A9F6-43A29EE6726D.json, suggested name: "Failed retained observation measurements_0_C37D9EF5-D892-4561-8D90-4B619BDABC88.json"
File: 60487A22-060F-4018-8DB2-1A19CD3033F1.png, suggested name: "Failed retained observation_0_3CD1FD8A-B98E-44B6-BB6C-8924EB1E4235.png"
File: 20BD0A84-65F4-4575-B461-BE99EA15BD95.json, suggested name: "Last rejected retained wait observation_0_F7A8B40B-23AC-4045-B6DC-1F03E5660292.json"
File: 65A2D13D-89E3-4E17-9D42-C11F362D5918, suggested name: "Synthesized Event 2026-09-10 at 08.36.53 PM"
File: 1F714F89-D618-433E-8C67-EF1C87F33EA7, suggested name: "Synthesized Event 2026-09-10 at 08.36.48 PM"
File: 7101B2CE-F7C2-4FE9-87AB-F9FDDB73E486.mp4, suggested name: "Screen Recording 2026-09-10 at 08.36.38 PM.mp4"

Generated manifest file with attachment details: /Users/runner/work/PartyDeck/PartyDeck/godot/ios-host/build/retained-host-test/artifacts/attachments/manifest.json
