--------- beginning of main
09-10 06:59:42.343 10714 10714 I t.compare:godot: Late-enabling -Xcheck:jni
09-10 06:59:42.381 10714 10714 I t.compare:godot: Using CollectorTypeCMC GC.
09-10 06:59:42.383 10714 10714 W t.compare:godot: Unexpected CPU variant for x86: x86_64.
09-10 06:59:42.383 10714 10714 W t.compare:godot: Known variants: atom, sandybridge, silvermont, goldmont, goldmont-plus, goldmont-without-sha-xsaves, tremont, kabylake, default
09-10 06:59:42.411 10714 10714 D nativeloader: Load libframework-connectivity-tiramisu-jni.so using APEX ns com_android_tethering for caller /apex/com.android.tethering/javalib/framework-connectivity-t.jar: ok
09-10 06:59:42.434 10714 10714 W ziparchive: Unable to open '/data/app/~~1y1nYFFThGs8j0q9nYjoDQ==/dev.partydeck.godot.compare-g-x6BBOlDU1KwV4lsQss-A==/base.dm': No such file or directory
09-10 06:59:42.434 10714 10714 W ziparchive: Unable to open '/data/app/~~1y1nYFFThGs8j0q9nYjoDQ==/dev.partydeck.godot.compare-g-x6BBOlDU1KwV4lsQss-A==/base.dm': No such file or directory
09-10 06:59:42.537 10714 10714 D nativeloader: Configuring clns-7 for other apk /data/app/~~1y1nYFFThGs8j0q9nYjoDQ==/dev.partydeck.godot.compare-g-x6BBOlDU1KwV4lsQss-A==/base.apk. target_sdk_version=36, uses_libraries=, library_path=/data/app/~~1y1nYFFThGs8j0q9nYjoDQ==/dev.partydeck.godot.compare-g-x6BBOlDU1KwV4lsQss-A==/lib/x86_64:/data/app/~~1y1nYFFThGs8j0q9nYjoDQ==/dev.partydeck.godot.compare-g-x6BBOlDU1KwV4lsQss-A==/base.apk!/lib/x86_64, permitted_path=/data:/mnt/expand:/data/user/0/dev.partydeck.godot.compare
09-10 06:59:42.565 10714 10714 V GraphicsEnvironment: Currently set values for:
09-10 06:59:42.566 10714 10714 V GraphicsEnvironment:   angle_gl_driver_selection_pkgs=[]
09-10 06:59:42.566 10714 10714 V GraphicsEnvironment:   angle_gl_driver_selection_values=[]
09-10 06:59:42.566 10714 10714 V GraphicsEnvironment: Global.Settings values are invalid: number of packages: 0, number of values: 0
09-10 06:59:42.566 10714 10714 V GraphicsEnvironment: Neither updatable production driver nor prerelease driver is supported.
09-10 06:59:42.837 10714 10714 V Godot   : Initializing Godot plugin registry
09-10 06:59:42.838 10714 10714 I GodotPluginRegistry: Registering runtime plugin AndroidRuntime
09-10 06:59:42.838 10714 10714 I GodotPluginRegistry: Registering runtime plugin PartyDeckBridge
09-10 06:59:42.838 10714 10714 V Godot   : InitEngine with params: [--main-pack, res://partydeck-last-light.pck, --rendering-method, gl_compatibility, --xr-mode, off]
09-10 06:59:42.906 10714 10714 D nativeloader: Load /data/app/~~1y1nYFFThGs8j0q9nYjoDQ==/dev.partydeck.godot.compare-g-x6BBOlDU1KwV4lsQss-A==/base.apk!/lib/x86_64/libgodot_android.so using ns clns-7 from class loader (caller=/data/app/~~1y1nYFFThGs8j0q9nYjoDQ==/dev.partydeck.godot.compare-g-x6BBOlDU1KwV4lsQss-A==/base.apk): ok
09-10 06:59:42.908 10714 10714 V Godot   : Godot native layer initialization completed: true
09-10 06:59:42.908 10714 10714 V Godot   : Setting up native layer with params: [--main-pack, res://partydeck-last-light.pck, --rendering-method, gl_compatibility, --xr-mode, off]
09-10 06:59:42.955 10714 10714 V Godot   : Godot native layer setup completed
09-10 06:59:42.956 10714 10714 V Godot   : OnInitRenderView: GodotFragment{96e3936} (61c66da7-3a16-43fa-978a-0fe974eecb36 id=0x7f07002b tag=partydeck-godot)
09-10 06:59:42.964 10714 10714 D Godot   : Render view should be transparent: false
09-10 06:59:42.964 10714 10714 D Godot   : renderingDevice: opengl3 (ProjectSettings)
09-10 06:59:42.964 10714 10714 D Godot   : 			renderer: gl_compatibility (Default)
09-10 06:59:42.971 10714 10714 V Godot   : OnStart: GodotFragment{96e3936} (61c66da7-3a16-43fa-978a-0fe974eecb36 id=0x7f07002b tag=partydeck-godot)
09-10 06:59:42.972 10714 10714 W WindowOnBackDispatcher: OnBackInvokedCallback is not enabled for the application.
09-10 06:59:42.972 10714 10714 W WindowOnBackDispatcher: Set 'android:enableOnBackInvokedCallback="true"' in the application manifest.
09-10 06:59:42.974 10714 10714 V Godot   : OnResume: GodotFragment{96e3936} (61c66da7-3a16-43fa-978a-0fe974eecb36 id=0x7f07002b tag=partydeck-godot)
09-10 06:59:42.976 10714 10714 W HWUI    : Unknown dataspace 0
09-10 06:59:42.993 10714 10740 I EGL_emulation: Opening libGLESv1_CM_emulation.so
09-10 06:59:42.996 10714 10740 I EGL_emulation: Opening libGLESv2_emulation.so
09-10 06:59:43.009 10714 10749 W RegularContextFactory: creating OpenGL ES 3.0 context :
09-10 06:59:43.011 10714 10740 W HWUI    : Failed to choose config with EGL_SWAP_BEHAVIOR_PRESERVED, retrying without...
09-10 06:59:43.011 10714 10740 W HWUI    : Failed to initialize 101010-2 format, error = EGL_SUCCESS
09-10 06:59:43.025 10714 10749 I Gralloc4: mapper 4.x is not supported
09-10 06:59:43.071 10714 10749 I godot   : Godot Engine v4.7.2.stable.official.ed1daf0bf - https://godotengine.org
09-10 06:59:43.174 10714 10719 I t.compare:godot: Compiler allocated 4219KB to compile void android.widget.TextView.<init>(android.content.Context, android.util.AttributeSet, int, int)
09-10 06:59:43.289 10714 10749 E godot   : WARNING: Failed to load cached shader, recompiling.
09-10 06:59:43.289 10714 10749 E godot   :    at: _load_from_cache (drivers/gles3/shader_gles3.cpp:615)
09-10 06:59:43.505 10714 10719 I t.compare:godot: Compiler allocated 5174KB to compile void android.view.ViewRootImpl.performTraversals()
09-10 06:59:43.682 10714 10749 I godot   : OpenGL API OpenGL ES 3.1 (OpenGL ES 3.1.0 (ANGLE 2.1.17841 git hash: 5fa2e61da947)) - Compatibility - Using Device: Google (Google Inc. (Google)) - Android Emulator OpenGL ES Translator (ANGLE (Google, Vulkan 1.3.0 (SwiftShader Device (Subzero) (0x0000C0DE)), SwiftShader driver-5.0.0))
09-10 06:59:43.683 10714 10749 D t.compare:godot: PlayerBase::PlayerBase()
09-10 06:59:43.683 10714 10749 D t.compare:godot: TrackPlayerBase::TrackPlayerBase()
09-10 06:59:43.683 10714 10749 I libOpenSLES: Emulating old channel mask behavior (ignoring positional mask 0x3, using default mask 0x3 based on channel count of 2)
09-10 06:59:43.687 10714 10749 I godot   : 
09-10 06:59:43.964 10714 10749 V Godot   : OnGodotSetupCompleted
09-10 06:59:43.968 10714 10749 V Godot   : OnGodotMainLoopStarted
09-10 06:59:44.184 10714 10740 D EGL_emulation: app_time_stats: avg=164.86ms min=5.18ms max=603.16ms count=6
09-10 06:59:54.851 10714 10714 D AutofillManager: Fill dialog is enabled:false, hints=[]
09-10 06:59:54.888 10714 10740 D EGL_emulation: app_time_stats: avg=1526.76ms min=30.67ms max=10033.68ms count=7
09-10 06:59:58.910 10714 10749 D EGL_emulation: app_time_stats: avg=3785.21ms min=15.38ms max=14749.67ms count=4
09-10 06:59:58.925 10714 10740 D EGL_emulation: app_time_stats: avg=796.32ms min=1.28ms max=3845.70ms count=5
09-10 06:59:58.926 10714 10749 D GLThread: Exiting render thread
09-10 06:59:58.926 10714 10749 D GodotRenderer: Destroying Godot Engine
09-10 06:59:58.941 10714 10749 D t.compare:godot: PlayerBase::stop() from IPlayer
09-10 06:59:58.941 10714 10749 D AudioTrack: stop(17): called with 676494 frames delivered
09-10 06:59:58.944 10714 10749 E eglCodecCommon: removeVertexArrayObject: ERROR: 7 not found in VAO state!
09-10 06:59:58.973 10714 10749 V Godot   : OnGodotTerminating
09-10 06:59:58.982 10714 10714 V Godot   : OnDestroy: GodotFragment{96e3936} (61c66da7-3a16-43fa-978a-0fe974eecb36 id=0x7f07002b tag=partydeck-godot)
09-10 06:59:58.991 10714 10714 V Godot   : OnPause: GodotFragment{96e3936} (61c66da7-3a16-43fa-978a-0fe974eecb36 id=0x7f07002b tag=partydeck-godot)
09-10 06:59:59.144 10714 10714 I PartyDeckGodotHost: Engine process exit requested
09-10 06:59:59.144 10714 10714 I Process : Sending signal. PID: 10714 SIG: 9
