Verifying alignment of /root/projects/PartyDeck/artifacts/evidence-storage/34503251315/android-packages-and-shrinker-reports/androidApp/build/outputs/apk/debug/androidApp-debug.apk (4)...
      87 META-INF/com/android/build/gradle/app-metadata.properties (OK - compressed)
     179 classes.dex (OK - compressed)
 5902711 classes10.dex (OK - compressed)
 5951458 classes11.dex (OK - compressed)
 5988284 classes12.dex (OK - compressed)
 6090967 classes13.dex (OK - compressed)
 6121847 classes14.dex (OK - compressed)
12512851 classes15.dex (OK - compressed)
16829713 classes16.dex (OK - compressed)
18970378 classes2.dex (OK - compressed)
19069999 classes3.dex (OK - compressed)
19283792 classes4.dex (OK - compressed)
19322806 classes5.dex (OK - compressed)
19343748 classes6.dex (OK - compressed)
19605789 classes7.dex (OK - compressed)
19649974 classes8.dex (OK - compressed)
19708811 classes9.dex (OK - compressed)
19759104 lib/arm64-v8a/libandroidx.graphics.path.so (OK)
19775488 lib/arm64-v8a/libc++_shared.so (OK)
21151744 lib/arm64-v8a/libgodot_android.so (OK)
92274688 lib/arm64-v8a/libimage_processing_util_jni.so (OK)
92307456 lib/arm64-v8a/libsurface_util_jni.so (OK)
92323840 lib/armeabi-v7a/libandroidx.graphics.path.so (OK)
92340224 lib/armeabi-v7a/libc++_shared.so (OK)
93306880 lib/armeabi-v7a/libgodot_android.so (OK)
168247296 lib/armeabi-v7a/libimage_processing_util_jni.so (OK)
168280064 lib/armeabi-v7a/libsurface_util_jni.so (OK)
168296448 lib/x86/libandroidx.graphics.path.so (OK)
168312832 lib/x86/libc++_shared.so (OK)
169574400 lib/x86/libgodot_android.so (OK)
253902848 lib/x86/libimage_processing_util_jni.so (OK)
253952000 lib/x86/libsurface_util_jni.so (OK)
253968384 lib/x86_64/libandroidx.graphics.path.so (OK)
253984768 lib/x86_64/libc++_shared.so (OK)
255328256 lib/x86_64/libgodot_android.so (OK)
329400320 lib/x86_64/libimage_processing_util_jni.so (OK)
329465856 lib/x86_64/libsurface_util_jni.so (OK)
329470868 assets/composeResources/dev.partydeck.resources/drawable/card_back.xml (OK - compressed)
329472208 assets/composeResources/dev.partydeck.resources/drawable/icon_arrow_back.xml (OK - compressed)
329472631 assets/composeResources/dev.partydeck.resources/drawable/icon_arrow_forward.xml (OK - compressed)
329473047 assets/composeResources/dev.partydeck.resources/drawable/icon_check.xml (OK - compressed)
329473444 assets/composeResources/dev.partydeck.resources/drawable/icon_close.xml (OK - compressed)
329473839 assets/composeResources/dev.partydeck.resources/drawable/icon_copy.xml (OK - compressed)
329474309 assets/composeResources/dev.partydeck.resources/drawable/icon_exit.xml (OK - compressed)
329474753 assets/composeResources/dev.partydeck.resources/drawable/icon_haptics.xml (OK - compressed)
329475232 assets/composeResources/dev.partydeck.resources/drawable/icon_info.xml (OK - compressed)
329475675 assets/composeResources/dev.partydeck.resources/drawable/icon_lock.xml (OK - compressed)
329476135 assets/composeResources/dev.partydeck.resources/drawable/icon_motion.xml (OK - compressed)
329476598 assets/composeResources/dev.partydeck.resources/drawable/icon_nearby.xml (OK - compressed)
329477066 assets/composeResources/dev.partydeck.resources/drawable/icon_people.xml (OK - compressed)
329477555 assets/composeResources/dev.partydeck.resources/drawable/icon_plus.xml (OK - compressed)
329477952 assets/composeResources/dev.partydeck.resources/drawable/icon_qr_scan.xml (OK - compressed)
329478423 assets/composeResources/dev.partydeck.resources/drawable/icon_settings.xml (OK - compressed)
329478881 assets/composeResources/dev.partydeck.resources/drawable/icon_share.xml (OK - compressed)
329479327 assets/composeResources/dev.partydeck.resources/drawable/icon_sound.xml (OK - compressed)
329479780 assets/composeResources/dev.partydeck.resources/drawable/icon_sound_off.xml (OK - compressed)
329480214 assets/composeResources/dev.partydeck.resources/drawable/partydeck_mark.xml (OK - compressed)
329480866 assets/composeResources/dev.partydeck.resources/drawable/rank_crown.xml (OK - compressed)
329481318 assets/composeResources/dev.partydeck.resources/drawable/rank_moon.xml (OK - compressed)
329481769 assets/composeResources/dev.partydeck.resources/drawable/rank_star.xml (OK - compressed)
329482236 assets/composeResources/dev.partydeck.resources/drawable/rank_wild.xml (OK - compressed)
329482744 assets/composeResources/dev.partydeck.resources/files/audio/card_place.wav (OK)
329504060 assets/composeResources/dev.partydeck.resources/files/audio/challenge.wav (OK)
329546544 assets/composeResources/dev.partydeck.resources/files/audio/light_out.wav (OK)
329592552 assets/composeResources/dev.partydeck.resources/files/audio/safe.wav (OK)
329649144 assets/composeResources/dev.partydeck.resources/files/audio/ui_tap.wav (OK)
329655464 assets/composeResources/dev.partydeck.resources/files/audio/victory.wav (OK)
329768518 assets/composeResources/dev.partydeck.resources/files/licenses/androidx_apache_2.txt (OK - compressed)
329772606 assets/composeResources/dev.partydeck.resources/files/licenses/fraunces_ofl.txt (OK - compressed)
329774777 assets/composeResources/dev.partydeck.resources/files/licenses/godot/ANDROIDX_APACHE_2.txt (OK - compressed)
329778884 assets/composeResources/dev.partydeck.resources/files/licenses/godot/ANDROID_HOST_DEPENDENCIES.txt (OK - compressed)
329780234 assets/composeResources/dev.partydeck.resources/files/licenses/godot/ANDROID_HOST_EXTRA_NOTICES.txt (OK - compressed)
329781741 assets/composeResources/dev.partydeck.resources/files/licenses/godot/ANDROID_NDK_LLVM_NOTICE.txt (OK - compressed)
329799316 assets/composeResources/dev.partydeck.resources/files/licenses/godot/GODOT_CA_BUNDLE_SOURCE.txt (OK - compressed)
329934914 assets/composeResources/dev.partydeck.resources/files/licenses/godot/GODOT_CA_CERTIFICATES_SOURCE.txt (OK - compressed)
329935696 assets/composeResources/dev.partydeck.resources/files/licenses/godot/GODOT_COPYRIGHT.txt (OK - compressed)
329971415 assets/composeResources/dev.partydeck.resources/files/licenses/godot/GODOT_LICENSE.txt (OK - compressed)
329972234 assets/composeResources/dev.partydeck.resources/files/licenses/godot/KOTLINX_COROUTINES_LICENSE.txt (OK - compressed)
329976830 assets/composeResources/dev.partydeck.resources/files/licenses/godot/KOTLINX_SERIALIZATION_LICENSE.txt (OK - compressed)
329981376 assets/composeResources/dev.partydeck.resources/files/licenses/godot/KOTLIN_APACHE_2.txt (OK - compressed)
329985929 assets/composeResources/dev.partydeck.resources/files/licenses/godot/KOTLIN_BOOST_LICENSE.txt (OK - compressed)
329986813 assets/composeResources/dev.partydeck.resources/files/licenses/godot/KOTLIN_COPYRIGHT.txt (OK - compressed)
329987344 assets/composeResources/dev.partydeck.resources/files/licenses/godot/KOTLIN_THREETENBP_BSD.txt (OK - compressed)
329988291 assets/composeResources/dev.partydeck.resources/files/licenses/godot/NOTICE_PROVENANCE.json (OK - compressed)
329990483 assets/composeResources/dev.partydeck.resources/files/licenses/godot/README.txt (OK - compressed)
329991320 assets/composeResources/dev.partydeck.resources/files/licenses/godot/font_notices.txt (OK - compressed)
329993734 assets/composeResources/dev.partydeck.resources/files/licenses/godot/fraunces_ofl.txt (OK - compressed)
329995899 assets/composeResources/dev.partydeck.resources/files/licenses/godot/manrope_ofl.txt (OK - compressed)
329998055 assets/composeResources/dev.partydeck.resources/files/licenses/libyuv_bsd.txt (OK - compressed)
329998964 assets/composeResources/dev.partydeck.resources/files/licenses/libyuv_patents.txt (OK - compressed)
329999726 assets/composeResources/dev.partydeck.resources/files/licenses/manrope_ofl.txt (OK - compressed)
330001881 assets/composeResources/dev.partydeck.resources/files/licenses/qrose_mit.txt (OK - compressed)
330002649 assets/composeResources/dev.partydeck.resources/files/licenses/runtime/coroutines_license.txt (OK - compressed)
330007246 assets/composeResources/dev.partydeck.resources/files/licenses/runtime/embedded_0e01f1549c90_LICENSE.md (OK - compressed)
330008077 assets/composeResources/dev.partydeck.resources/files/licenses/runtime/embedded_809fa1ed2145_LICENSE.txt (OK - compressed)
330012188 assets/composeResources/dev.partydeck.resources/files/licenses/runtime/embedded_992ed62dd3ee_NOTICE.md (OK - compressed)
330012846 assets/composeResources/dev.partydeck.resources/files/licenses/runtime/embedded_cfc7749b96f6_LICENSE.txt (OK - compressed)
330017410 assets/composeResources/dev.partydeck.resources/files/licenses/runtime/embedded_e90eaa08dea0_LICENSE.txt (OK - compressed)
330018195 assets/composeResources/dev.partydeck.resources/files/licenses/runtime/kotlin_apache_2.txt (OK - compressed)
330022750 assets/composeResources/dev.partydeck.resources/files/licenses/runtime/kotlin_boost_license.txt (OK - compressed)
330023636 assets/composeResources/dev.partydeck.resources/files/licenses/runtime/kotlin_copyright.txt (OK - compressed)
330024169 assets/composeResources/dev.partydeck.resources/files/licenses/runtime/kotlin_guava_apache_2.txt (OK - compressed)
330028723 assets/composeResources/dev.partydeck.resources/files/licenses/runtime/kotlin_gwt_apache_2.txt (OK - compressed)
330033287 assets/composeResources/dev.partydeck.resources/files/licenses/runtime/kotlin_native_harmony_license.txt (OK - compressed)
330037849 assets/composeResources/dev.partydeck.resources/files/licenses/runtime/kotlin_native_harmony_notice.txt (OK - compressed)
330038259 assets/composeResources/dev.partydeck.resources/files/licenses/runtime/kotlin_native_libbacktrace_license.txt (OK - compressed)
330039173 assets/composeResources/dev.partydeck.resources/files/licenses/runtime/kotlin_native_mpmc_queue_license.txt (OK - compressed)
330040145 assets/composeResources/dev.partydeck.resources/files/licenses/runtime/kotlin_native_unicode_license.txt (OK - compressed)
330041933 assets/composeResources/dev.partydeck.resources/files/licenses/runtime/kotlin_native_utfcpp_license.txt (OK - compressed)
330043220 assets/composeResources/dev.partydeck.resources/files/licenses/runtime/kotlin_threetenbp_bsd.txt (OK - compressed)
330044175 assets/composeResources/dev.partydeck.resources/files/licenses/runtime/qrose_kazuhiko_arase_mit.txt (OK - compressed)
330044940 assets/composeResources/dev.partydeck.resources/files/licenses/runtime/qrose_rafael_lins_mit.txt (OK - compressed)
330045723 assets/composeResources/dev.partydeck.resources/files/licenses/runtime/required_acknowledgments.txt (OK - compressed)
330046007 assets/composeResources/dev.partydeck.resources/files/licenses/runtime/serialization_license.txt (OK - compressed)
330050555 assets/composeResources/dev.partydeck.resources/files/licenses/runtime/skia_brotli_LICENSE (OK - compressed)
330051324 assets/composeResources/dev.partydeck.resources/files/licenses/runtime/skia_dng_sdk_LICENSE (OK - compressed)
330053899 assets/composeResources/dev.partydeck.resources/files/licenses/runtime/skia_dng_sdk_LICENSE.source_code (OK - compressed)
330056438 assets/composeResources/dev.partydeck.resources/files/licenses/runtime/skia_dng_sdk_LICENSE.technology (OK - compressed)
330056637 assets/composeResources/dev.partydeck.resources/files/licenses/runtime/skia_dng_sdk_NOTICE (OK - compressed)
330059321 assets/composeResources/dev.partydeck.resources/files/licenses/runtime/skia_dng_sdk_PATENTS (OK - compressed)
330060948 assets/composeResources/dev.partydeck.resources/files/licenses/runtime/skia_expat_COPYING (OK - compressed)
330061746 assets/composeResources/dev.partydeck.resources/files/licenses/runtime/skia_freetype_FTL.TXT (OK - compressed)
330064966 assets/composeResources/dev.partydeck.resources/files/licenses/runtime/skia_freetype_LICENSE.TXT (OK - compressed)
330066173 assets/composeResources/dev.partydeck.resources/files/licenses/runtime/skia_freetype_bdf_notice.txt (OK - compressed)
330069013 assets/composeResources/dev.partydeck.resources/files/licenses/runtime/skia_freetype_fthash_notice.txt (OK - compressed)
330069863 assets/composeResources/dev.partydeck.resources/files/licenses/runtime/skia_freetype_gzip_notice.txt (OK - compressed)
330070704 assets/composeResources/dev.partydeck.resources/files/licenses/runtime/skia_freetype_pcf_notice.txt (OK - compressed)
330072624 assets/composeResources/dev.partydeck.resources/files/licenses/runtime/skia_harfbuzz_COPYING (OK - compressed)
330073810 assets/composeResources/dev.partydeck.resources/files/licenses/runtime/skia_icu_LICENSE (OK - compressed)
330081550 assets/composeResources/dev.partydeck.resources/files/licenses/runtime/skia_libjpeg_turbo_LICENSE.txt (OK - compressed)
330083994 assets/composeResources/dev.partydeck.resources/files/licenses/runtime/skia_libjpeg_turbo_README.ijg (OK - compressed)
330090055 assets/composeResources/dev.partydeck.resources/files/licenses/runtime/skia_libpng_LICENSE (OK - compressed)
330092240 assets/composeResources/dev.partydeck.resources/files/licenses/runtime/skia_libwebp_COPYING (OK - compressed)
330093148 assets/composeResources/dev.partydeck.resources/files/licenses/runtime/skia_libwebp_PATENTS (OK - compressed)
330093952 assets/composeResources/dev.partydeck.resources/files/licenses/runtime/skia_license.txt (OK - compressed)
330094865 assets/composeResources/dev.partydeck.resources/files/licenses/runtime/skia_piex_LICENSE (OK - compressed)
330099411 assets/composeResources/dev.partydeck.resources/files/licenses/runtime/skia_piex_NOTICE (OK - compressed)
330103958 assets/composeResources/dev.partydeck.resources/files/licenses/runtime/skia_zlib_LICENSE (OK - compressed)
330104579 assets/composeResources/dev.partydeck.resources/files/licenses/runtime/skiko_license.txt (OK - compressed)
330109125 assets/composeResources/dev.partydeck.resources/files/licenses/runtime/skiko_notice.txt (OK - compressed)
330109396 assets/composeResources/dev.partydeck.resources/files/licenses/runtime/swift_asn1_license.txt (OK - compressed)
330113948 assets/composeResources/dev.partydeck.resources/files/licenses/runtime/swift_asn1_notice.txt (OK - compressed)
330114728 assets/composeResources/dev.partydeck.resources/files/licenses/runtime/swift_certificates_license.txt (OK - compressed)
330119290 assets/composeResources/dev.partydeck.resources/files/licenses/runtime/swift_certificates_musl_mit.txt (OK - compressed)
330120061 assets/composeResources/dev.partydeck.resources/files/licenses/runtime/swift_certificates_notice.txt (OK - compressed)
330121084 assets/composeResources/dev.partydeck.resources/files/licenses/runtime/swift_crypto_boringssl_license.txt (OK - compressed)
330126477 assets/composeResources/dev.partydeck.resources/files/licenses/runtime/swift_crypto_license.txt (OK - compressed)
330131031 assets/composeResources/dev.partydeck.resources/files/licenses/runtime/swift_crypto_notice.txt (OK - compressed)
330131873 assets/composeResources/dev.partydeck.resources/files/licenses/third_party_notices.txt (OK - compressed)
330396801 assets/composeResources/dev.partydeck.resources/files/licenses/zxing_apache_2.txt (OK - compressed)
330402213 assets/composeResources/dev.partydeck.resources/files/licenses/zxing_notice.txt (OK - compressed)
330402569 assets/composeResources/dev.partydeck.resources/font/fraunces_semibold.ttf (OK - compressed)
330461634 assets/composeResources/dev.partydeck.resources/font/manrope_medium.ttf (OK - compressed)
330531753 assets/composeResources/dev.partydeck.resources/font/manrope_regular.ttf (OK - compressed)
330601554 assets/composeResources/dev.partydeck.resources/font/manrope_semibold.ttf (OK - compressed)
330672341 assets/composeResources/dev.partydeck.resources/values/game_strings.commonMain.cvr (OK - compressed)
330674701 assets/composeResources/dev.partydeck.resources/values/presentation_strings.commonMain.cvr (OK - compressed)
330675222 assets/composeResources/dev.partydeck.resources/values/shell_strings.commonMain.cvr (OK - compressed)
330680559 assets/notices/ANDROIDX_APACHE_2.txt (OK - compressed)
330684612 assets/notices/ANDROID_HOST_DEPENDENCIES.txt (OK - compressed)
330685908 assets/notices/ANDROID_HOST_EXTRA_NOTICES.txt (OK - compressed)
330687361 assets/notices/ANDROID_NDK_LLVM_NOTICE.txt (OK - compressed)
330704882 assets/notices/GODOT_CA_BUNDLE_SOURCE.txt (OK - compressed)
330840426 assets/notices/GODOT_CA_CERTIFICATES_SOURCE.txt (OK - compressed)
330841154 assets/notices/GODOT_COPYRIGHT.txt (OK - compressed)
330876819 assets/notices/GODOT_LICENSE.txt (OK - compressed)
330877584 assets/notices/KOTLINX_COROUTINES_LICENSE.txt (OK - compressed)
330882126 assets/notices/KOTLINX_SERIALIZATION_LICENSE.txt (OK - compressed)
330886618 assets/notices/KOTLIN_APACHE_2.txt (OK - compressed)
330891117 assets/notices/KOTLIN_BOOST_LICENSE.txt (OK - compressed)
330891947 assets/notices/KOTLIN_COPYRIGHT.txt (OK - compressed)
330892424 assets/notices/KOTLIN_THREETENBP_BSD.txt (OK - compressed)
330893317 assets/notices/NOTICE_PROVENANCE.json (OK - compressed)
330895455 assets/notices/README.txt (OK - compressed)
330896238 assets/notices/font_notices.txt (OK - compressed)
330898598 assets/notices/fraunces_ofl.txt (OK - compressed)
330900709 assets/notices/manrope_ofl.txt (OK - compressed)
330902820 assets/partydeck-last-light.pck (OK)
332452525 AndroidManifest.xml (OK - compressed)
332455340 res/anim-v21/fragment_fast_out_extra_slow_in.xml (OK - compressed)
332455612 res/anim/abc_fade_in.xml (OK - compressed)
332455883 res/anim/abc_fade_out.xml (OK - compressed)
332456172 res/anim/abc_grow_fade_in_from_bottom.xml (OK - compressed)
332456606 res/anim/abc_popup_enter.xml (OK - compressed)
332456921 res/anim/abc_popup_exit.xml (OK - compressed)
332457254 res/anim/abc_shrink_fade_out_from_bottom.xml (OK - compressed)
332457693 res/anim/abc_slide_in_bottom.xml (OK - compressed)
332457980 res/anim/abc_slide_in_top.xml (OK - compressed)
332458272 res/anim/abc_slide_out_bottom.xml (OK - compressed)
332458559 res/anim/abc_slide_out_top.xml (OK - compressed)
332458847 res/anim/abc_tooltip_enter.xml (OK - compressed)
332459123 res/anim/abc_tooltip_exit.xml (OK - compressed)
332459433 res/anim/btn_checkbox_to_checked_box_inner_merged_animation.xml (OK - compressed)
332460166 res/anim/btn_checkbox_to_checked_box_outer_merged_animation.xml (OK - compressed)
332460994 res/anim/btn_checkbox_to_checked_icon_null_animation.xml (OK - compressed)
332461486 res/anim/btn_checkbox_to_unchecked_box_inner_merged_animation.xml (OK - compressed)
332462242 res/anim/btn_checkbox_to_unchecked_check_path_merged_animation.xml (OK - compressed)
332463061 res/anim/btn_checkbox_to_unchecked_icon_null_animation.xml (OK - compressed)
332463542 res/anim/btn_radio_to_off_mtrl_dot_group_animation.xml (OK - compressed)
332464058 res/anim/btn_radio_to_off_mtrl_ring_outer_animation.xml (OK - compressed)
332464581 res/anim/btn_radio_to_off_mtrl_ring_outer_path_animation.xml (OK - compressed)
332465037 res/anim/btn_radio_to_on_mtrl_dot_group_animation.xml (OK - compressed)
332465542 res/anim/btn_radio_to_on_mtrl_ring_outer_animation.xml (OK - compressed)
332466059 res/anim/btn_radio_to_on_mtrl_ring_outer_path_animation.xml (OK - compressed)
332466506 res/animator/fragment_close_enter.xml (OK - compressed)
332466967 res/animator/fragment_close_exit.xml (OK - compressed)
332467428 res/animator/fragment_fade_enter.xml (OK - compressed)
332467758 res/animator/fragment_fade_exit.xml (OK - compressed)
332468089 res/animator/fragment_open_enter.xml (OK - compressed)
332468542 res/animator/fragment_open_exit.xml (OK - compressed)
332469022 res/color-v23/abc_btn_colored_borderless_text_material.xml (OK - compressed)
332469341 res/color-v23/abc_btn_colored_text_material.xml (OK - compressed)
332469659 res/color-v23/abc_color_highlight_material.xml (OK - compressed)
332469987 res/color-v23/abc_tint_btn_checkable.xml (OK - compressed)
332470324 res/color-v23/abc_tint_default.xml (OK - compressed)
332470759 res/color-v23/abc_tint_edittext.xml (OK - compressed)
332471109 res/color-v23/abc_tint_seek_thumb.xml (OK - compressed)
332471414 res/color-v23/abc_tint_spinner.xml (OK - compressed)
332471766 res/color-v23/abc_tint_switch_track.xml (OK - compressed)
332472139 res/color/abc_background_cache_hint_selector_material_dark.xml (OK - compressed)
332472462 res/color/abc_background_cache_hint_selector_material_light.xml (OK - compressed)
332472770 res/color/abc_hint_foreground_material_dark.xml (OK - compressed)
332473107 res/color/abc_hint_foreground_material_light.xml (OK - compressed)
332473452 res/color/abc_primary_text_disable_only_material_dark.xml (OK - compressed)
332473768 res/color/abc_primary_text_disable_only_material_light.xml (OK - compressed)
332474070 res/color/abc_primary_text_material_dark.xml (OK - compressed)
332474373 res/color/abc_primary_text_material_light.xml (OK - compressed)
332474664 res/color/abc_search_url_text.xml (OK - compressed)
332474990 res/color/abc_secondary_text_material_dark.xml (OK - compressed)
332475295 res/color/abc_secondary_text_material_light.xml (OK - compressed)
332475593 res/color/switch_thumb_material_dark.xml (OK - compressed)
332475893 res/color/switch_thumb_material_light.xml (OK - compressed)
332476183 res/color/vector_tint_color.xml (OK - compressed)
332476430 res/color/vector_tint_theme_color.xml (OK - compressed)
332476700 res/drawable-hdpi-v4/abc_ab_share_pack_mtrl_alpha.9.png (OK)
332477056 res/drawable-hdpi-v4/abc_btn_check_to_on_mtrl_000.png (OK)
332477368 res/drawable-hdpi-v4/abc_btn_check_to_on_mtrl_015.png (OK)
332477856 res/drawable-hdpi-v4/abc_btn_radio_to_on_mtrl_000.png (OK)
332478404 res/drawable-hdpi-v4/abc_btn_radio_to_on_mtrl_015.png (OK)
332479056 res/drawable-hdpi-v4/abc_btn_switch_to_on_mtrl_00001.9.png (OK)
332480240 res/drawable-hdpi-v4/abc_btn_switch_to_on_mtrl_00012.9.png (OK)
332481576 res/drawable-hdpi-v4/abc_cab_background_top_mtrl_alpha.9.png (OK)
332481892 res/drawable-hdpi-v4/abc_ic_commit_search_api_mtrl_alpha.png (OK)
332482148 res/drawable-hdpi-v4/abc_ic_menu_copy_mtrl_am_alpha.png (OK)
332482432 res/drawable-hdpi-v4/abc_ic_menu_cut_mtrl_alpha.png (OK)
332482924 res/drawable-hdpi-v4/abc_ic_menu_paste_mtrl_am_alpha.png (OK)
332483240 res/drawable-hdpi-v4/abc_ic_menu_selectall_mtrl_alpha.png (OK)
332483540 res/drawable-hdpi-v4/abc_ic_menu_share_mtrl_alpha.png (OK)
332484008 res/drawable-hdpi-v4/abc_ic_star_black_16dp.png (OK)
332484348 res/drawable-hdpi-v4/abc_ic_star_black_36dp.png (OK)
332484948 res/drawable-hdpi-v4/abc_ic_star_black_48dp.png (OK)
332485700 res/drawable-hdpi-v4/abc_ic_star_half_black_16dp.png (OK)
332485980 res/drawable-hdpi-v4/abc_ic_star_half_black_36dp.png (OK)
332486392 res/drawable-hdpi-v4/abc_ic_star_half_black_48dp.png (OK)
332486908 res/drawable-hdpi-v4/abc_list_divider_mtrl_alpha.9.png (OK)
332487156 res/drawable-hdpi-v4/abc_list_focused_holo.9.png (OK)
332487484 res/drawable-hdpi-v4/abc_list_longpressed_holo.9.png (OK)
332487780 res/drawable-hdpi-v4/abc_list_pressed_holo_dark.9.png (OK)
332488072 res/drawable-hdpi-v4/abc_list_pressed_holo_light.9.png (OK)
332488376 res/drawable-hdpi-v4/abc_list_selector_disabled_holo_dark.9.png (OK)
332488700 res/drawable-hdpi-v4/abc_list_selector_disabled_holo_light.9.png (OK)
332489020 res/drawable-hdpi-v4/abc_menu_hardkey_panel_mtrl_mult.9.png (OK)
332489848 res/drawable-hdpi-v4/abc_popup_background_mtrl_mult.9.png (OK)
332491036 res/drawable-hdpi-v4/abc_scrubber_control_off_mtrl_alpha.png (OK)
332491332 res/drawable-hdpi-v4/abc_scrubber_control_to_pressed_mtrl_000.png (OK)
332491624 res/drawable-hdpi-v4/abc_scrubber_control_to_pressed_mtrl_005.png (OK)
332491984 res/drawable-hdpi-v4/abc_scrubber_primary_mtrl_alpha.9.png (OK)
332492276 res/drawable-hdpi-v4/abc_scrubber_track_mtrl_alpha.9.png (OK)
332492556 res/drawable-hdpi-v4/abc_spinner_mtrl_am_alpha.9.png (OK)
332492988 res/drawable-hdpi-v4/abc_switch_track_mtrl_alpha.9.png (OK)
332493560 res/drawable-hdpi-v4/abc_tab_indicator_mtrl_alpha.9.png (OK)
332493844 res/drawable-hdpi-v4/abc_text_select_handle_left_mtrl_dark.png (OK)
332494216 res/drawable-hdpi-v4/abc_text_select_handle_left_mtrl_light.png (OK)
332494588 res/drawable-hdpi-v4/abc_text_select_handle_middle_mtrl_dark.png (OK)
332495084 res/drawable-hdpi-v4/abc_text_select_handle_middle_mtrl_light.png (OK)
332495576 res/drawable-hdpi-v4/abc_text_select_handle_right_mtrl_dark.png (OK)
332495936 res/drawable-hdpi-v4/abc_text_select_handle_right_mtrl_light.png (OK)
332496292 res/drawable-hdpi-v4/abc_textfield_activated_mtrl_alpha.9.png (OK)
332496568 res/drawable-hdpi-v4/abc_textfield_default_mtrl_alpha.9.png (OK)
332496860 res/drawable-hdpi-v4/abc_textfield_search_activated_mtrl_alpha.9.png (OK)
332497136 res/drawable-hdpi-v4/abc_textfield_search_default_mtrl_alpha.9.png (OK)
332497400 res/drawable-hdpi-v4/notification_bg_low_normal.9.png (OK)
332497696 res/drawable-hdpi-v4/notification_bg_low_pressed.9.png (OK)
332498000 res/drawable-hdpi-v4/notification_bg_normal.9.png (OK)
332498300 res/drawable-hdpi-v4/notification_bg_normal_pressed.9.png (OK)
332498616 res/drawable-hdpi-v4/notification_oversize_large_icon_bg.png (OK)
332499616 res/drawable-hdpi-v4/notify_panel_notification_icon_bg.png (OK)
332499816 res/drawable-ldrtl-hdpi-v17/abc_ic_menu_copy_mtrl_am_alpha.png (OK)
332500104 res/drawable-ldrtl-hdpi-v17/abc_ic_menu_cut_mtrl_alpha.png (OK)
332500596 res/drawable-ldrtl-hdpi-v17/abc_spinner_mtrl_am_alpha.9.png (OK)
332501036 res/drawable-ldrtl-mdpi-v17/abc_ic_menu_copy_mtrl_am_alpha.png (OK)
332501252 res/drawable-ldrtl-mdpi-v17/abc_ic_menu_cut_mtrl_alpha.png (OK)
332501596 res/drawable-ldrtl-mdpi-v17/abc_spinner_mtrl_am_alpha.9.png (OK)
332502008 res/drawable-ldrtl-xhdpi-v17/abc_ic_menu_copy_mtrl_am_alpha.png (OK)
332502276 res/drawable-ldrtl-xhdpi-v17/abc_ic_menu_cut_mtrl_alpha.png (OK)
332502860 res/drawable-ldrtl-xhdpi-v17/abc_spinner_mtrl_am_alpha.9.png (OK)
332503372 res/drawable-ldrtl-xxhdpi-v17/abc_ic_menu_copy_mtrl_am_alpha.png (OK)
332503724 res/drawable-ldrtl-xxhdpi-v17/abc_ic_menu_cut_mtrl_alpha.png (OK)
332504520 res/drawable-ldrtl-xxhdpi-v17/abc_spinner_mtrl_am_alpha.9.png (OK)
332505140 res/drawable-ldrtl-xxxhdpi-v17/abc_ic_menu_copy_mtrl_am_alpha.png (OK)
332505556 res/drawable-ldrtl-xxxhdpi-v17/abc_ic_menu_cut_mtrl_alpha.png (OK)
332506556 res/drawable-ldrtl-xxxhdpi-v17/abc_spinner_mtrl_am_alpha.9.png (OK)
332507080 res/drawable-mdpi-v4/abc_ab_share_pack_mtrl_alpha.9.png (OK)
332507432 res/drawable-mdpi-v4/abc_btn_check_to_on_mtrl_000.png (OK)
332507732 res/drawable-mdpi-v4/abc_btn_check_to_on_mtrl_015.png (OK)
332508136 res/drawable-mdpi-v4/abc_btn_radio_to_on_mtrl_000.png (OK)
332508544 res/drawable-mdpi-v4/abc_btn_radio_to_on_mtrl_015.png (OK)
332508988 res/drawable-mdpi-v4/abc_btn_switch_to_on_mtrl_00001.9.png (OK)
332509832 res/drawable-mdpi-v4/abc_btn_switch_to_on_mtrl_00012.9.png (OK)
332510748 res/drawable-mdpi-v4/abc_cab_background_top_mtrl_alpha.9.png (OK)
332511056 res/drawable-mdpi-v4/abc_ic_commit_search_api_mtrl_alpha.png (OK)
332511316 res/drawable-mdpi-v4/abc_ic_menu_copy_mtrl_am_alpha.png (OK)
332511532 res/drawable-mdpi-v4/abc_ic_menu_cut_mtrl_alpha.png (OK)
332511872 res/drawable-mdpi-v4/abc_ic_menu_paste_mtrl_am_alpha.png (OK)
332512112 res/drawable-mdpi-v4/abc_ic_menu_selectall_mtrl_alpha.png (OK)
332512336 res/drawable-mdpi-v4/abc_ic_menu_share_mtrl_alpha.png (OK)
332512684 res/drawable-mdpi-v4/abc_ic_star_black_16dp.png (OK)
332512956 res/drawable-mdpi-v4/abc_ic_star_black_36dp.png (OK)
332513400 res/drawable-mdpi-v4/abc_ic_star_black_48dp.png (OK)
332513952 res/drawable-mdpi-v4/abc_ic_star_half_black_16dp.png (OK)
332514180 res/drawable-mdpi-v4/abc_ic_star_half_black_36dp.png (OK)
332514516 res/drawable-mdpi-v4/abc_ic_star_half_black_48dp.png (OK)
332514912 res/drawable-mdpi-v4/abc_list_divider_mtrl_alpha.9.png (OK)
332515160 res/drawable-mdpi-v4/abc_list_focused_holo.9.png (OK)
332515464 res/drawable-mdpi-v4/abc_list_longpressed_holo.9.png (OK)
332515760 res/drawable-mdpi-v4/abc_list_pressed_holo_dark.9.png (OK)
332516052 res/drawable-mdpi-v4/abc_list_pressed_holo_light.9.png (OK)
332516352 res/drawable-mdpi-v4/abc_list_selector_disabled_holo_dark.9.png (OK)
332516664 res/drawable-mdpi-v4/abc_list_selector_disabled_holo_light.9.png (OK)
332516972 res/drawable-mdpi-v4/abc_menu_hardkey_panel_mtrl_mult.9.png (OK)
332517600 res/drawable-mdpi-v4/abc_popup_background_mtrl_mult.9.png (OK)
332518468 res/drawable-mdpi-v4/abc_scrubber_control_off_mtrl_alpha.png (OK)
332518724 res/drawable-mdpi-v4/abc_scrubber_control_to_pressed_mtrl_000.png (OK)
332518964 res/drawable-mdpi-v4/abc_scrubber_control_to_pressed_mtrl_005.png (OK)
332519252 res/drawable-mdpi-v4/abc_scrubber_primary_mtrl_alpha.9.png (OK)
332519544 res/drawable-mdpi-v4/abc_scrubber_track_mtrl_alpha.9.png (OK)
332519820 res/drawable-mdpi-v4/abc_spinner_mtrl_am_alpha.9.png (OK)
332520232 res/drawable-mdpi-v4/abc_switch_track_mtrl_alpha.9.png (OK)
332520712 res/drawable-mdpi-v4/abc_tab_indicator_mtrl_alpha.9.png (OK)
332520992 res/drawable-mdpi-v4/abc_text_select_handle_left_mtrl_dark.png (OK)
332521288 res/drawable-mdpi-v4/abc_text_select_handle_left_mtrl_light.png (OK)
332521588 res/drawable-mdpi-v4/abc_text_select_handle_middle_mtrl_dark.png (OK)
332521996 res/drawable-mdpi-v4/abc_text_select_handle_middle_mtrl_light.png (OK)
332522400 res/drawable-mdpi-v4/abc_text_select_handle_right_mtrl_dark.png (OK)
332522684 res/drawable-mdpi-v4/abc_text_select_handle_right_mtrl_light.png (OK)
332522964 res/drawable-mdpi-v4/abc_textfield_activated_mtrl_alpha.9.png (OK)
332523236 res/drawable-mdpi-v4/abc_textfield_default_mtrl_alpha.9.png (OK)
332523512 res/drawable-mdpi-v4/abc_textfield_search_activated_mtrl_alpha.9.png (OK)
332523788 res/drawable-mdpi-v4/abc_textfield_search_default_mtrl_alpha.9.png (OK)
332524052 res/drawable-mdpi-v4/notification_bg_low_normal.9.png (OK)
332524352 res/drawable-mdpi-v4/notification_bg_low_pressed.9.png (OK)
332524656 res/drawable-mdpi-v4/notification_bg_normal.9.png (OK)
332524960 res/drawable-mdpi-v4/notification_bg_normal_pressed.9.png (OK)
332525272 res/drawable-mdpi-v4/notify_panel_notification_icon_bg.png (OK)
332525460 res/drawable-v21/abc_action_bar_item_background_material.xml (OK - compressed)
332525687 res/drawable-v21/abc_btn_colored_material.xml (OK - compressed)
332526319 res/drawable-v21/abc_dialog_material_background.xml (OK - compressed)
332526716 res/drawable-v21/abc_edit_text_material.xml (OK - compressed)
332527254 res/drawable-v21/abc_list_divider_material.xml (OK - compressed)
332527582 res/drawable-v23/abc_control_background_material.xml (OK - compressed)
332527844 res/drawable-watch-v20/abc_dialog_material_background.xml (OK - compressed)
332528116 res/drawable-xhdpi-v4/abc_ab_share_pack_mtrl_alpha.9.png (OK)
332528480 res/drawable-xhdpi-v4/abc_btn_check_to_on_mtrl_000.png (OK)
332528848 res/drawable-xhdpi-v4/abc_btn_check_to_on_mtrl_015.png (OK)
332529364 res/drawable-xhdpi-v4/abc_btn_radio_to_on_mtrl_000.png (OK)
332530100 res/drawable-xhdpi-v4/abc_btn_radio_to_on_mtrl_015.png (OK)
332530976 res/drawable-xhdpi-v4/abc_btn_switch_to_on_mtrl_00001.9.png (OK)
332532592 res/drawable-xhdpi-v4/abc_btn_switch_to_on_mtrl_00012.9.png (OK)
332534416 res/drawable-xhdpi-v4/abc_cab_background_top_mtrl_alpha.9.png (OK)
332534736 res/drawable-xhdpi-v4/abc_ic_commit_search_api_mtrl_alpha.png (OK)
332535052 res/drawable-xhdpi-v4/abc_ic_menu_copy_mtrl_am_alpha.png (OK)
332535312 res/drawable-xhdpi-v4/abc_ic_menu_cut_mtrl_alpha.png (OK)
332535892 res/drawable-xhdpi-v4/abc_ic_menu_paste_mtrl_am_alpha.png (OK)
332536224 res/drawable-xhdpi-v4/abc_ic_menu_selectall_mtrl_alpha.png (OK)
332536492 res/drawable-xhdpi-v4/abc_ic_menu_share_mtrl_alpha.png (OK)
332537052 res/drawable-xhdpi-v4/abc_ic_star_black_16dp.png (OK)
332537464 res/drawable-xhdpi-v4/abc_ic_star_black_36dp.png (OK)
332538196 res/drawable-xhdpi-v4/abc_ic_star_black_48dp.png (OK)
332539168 res/drawable-xhdpi-v4/abc_ic_star_half_black_16dp.png (OK)
332539488 res/drawable-xhdpi-v4/abc_ic_star_half_black_36dp.png (OK)
332539992 res/drawable-xhdpi-v4/abc_ic_star_half_black_48dp.png (OK)
332540628 res/drawable-xhdpi-v4/abc_list_divider_mtrl_alpha.9.png (OK)
332540876 res/drawable-xhdpi-v4/abc_list_focused_holo.9.png (OK)
332541204 res/drawable-xhdpi-v4/abc_list_longpressed_holo.9.png (OK)
332541504 res/drawable-xhdpi-v4/abc_list_pressed_holo_dark.9.png (OK)
332541800 res/drawable-xhdpi-v4/abc_list_pressed_holo_light.9.png (OK)
332542104 res/drawable-xhdpi-v4/abc_list_selector_disabled_holo_dark.9.png (OK)
332542436 res/drawable-xhdpi-v4/abc_list_selector_disabled_holo_light.9.png (OK)
332542764 res/drawable-xhdpi-v4/abc_menu_hardkey_panel_mtrl_mult.9.png (OK)
332543820 res/drawable-xhdpi-v4/abc_popup_background_mtrl_mult.9.png (OK)
332545456 res/drawable-xhdpi-v4/abc_scrubber_control_off_mtrl_alpha.png (OK)
332545820 res/drawable-xhdpi-v4/abc_scrubber_control_to_pressed_mtrl_000.png (OK)
332546184 res/drawable-xhdpi-v4/abc_scrubber_control_to_pressed_mtrl_005.png (OK)
332546664 res/drawable-xhdpi-v4/abc_scrubber_primary_mtrl_alpha.9.png (OK)
332546960 res/drawable-xhdpi-v4/abc_scrubber_track_mtrl_alpha.9.png (OK)
332547244 res/drawable-xhdpi-v4/abc_spinner_mtrl_am_alpha.9.png (OK)
332547780 res/drawable-xhdpi-v4/abc_switch_track_mtrl_alpha.9.png (OK)
332548484 res/drawable-xhdpi-v4/abc_tab_indicator_mtrl_alpha.9.png (OK)
332548772 res/drawable-xhdpi-v4/abc_text_select_handle_left_mtrl_dark.png (OK)
332549204 res/drawable-xhdpi-v4/abc_text_select_handle_left_mtrl_light.png (OK)
332549636 res/drawable-xhdpi-v4/abc_text_select_handle_middle_mtrl_dark.png (OK)
332550316 res/drawable-xhdpi-v4/abc_text_select_handle_middle_mtrl_light.png (OK)
332550996 res/drawable-xhdpi-v4/abc_text_select_handle_right_mtrl_dark.png (OK)
332551412 res/drawable-xhdpi-v4/abc_text_select_handle_right_mtrl_light.png (OK)
332551824 res/drawable-xhdpi-v4/abc_textfield_activated_mtrl_alpha.9.png (OK)
332552104 res/drawable-xhdpi-v4/abc_textfield_default_mtrl_alpha.9.png (OK)
332552392 res/drawable-xhdpi-v4/abc_textfield_search_activated_mtrl_alpha.9.png (OK)
332552676 res/drawable-xhdpi-v4/abc_textfield_search_default_mtrl_alpha.9.png (OK)
332552944 res/drawable-xhdpi-v4/notification_bg_low_normal.9.png (OK)
332553252 res/drawable-xhdpi-v4/notification_bg_low_pressed.9.png (OK)
332553584 res/drawable-xhdpi-v4/notification_bg_normal.9.png (OK)
332553896 res/drawable-xhdpi-v4/notification_bg_normal_pressed.9.png (OK)
332554232 res/drawable-xhdpi-v4/notify_panel_notification_icon_bg.png (OK)
332554460 res/drawable-xxhdpi-v4/abc_ab_share_pack_mtrl_alpha.9.png (OK)
332554832 res/drawable-xxhdpi-v4/abc_btn_check_to_on_mtrl_000.png (OK)
332555224 res/drawable-xxhdpi-v4/abc_btn_check_to_on_mtrl_015.png (OK)
332555904 res/drawable-xxhdpi-v4/abc_btn_radio_to_on_mtrl_000.png (OK)
332556976 res/drawable-xxhdpi-v4/abc_btn_radio_to_on_mtrl_015.png (OK)
332558276 res/drawable-xxhdpi-v4/abc_btn_switch_to_on_mtrl_00001.9.png (OK)
332560832 res/drawable-xxhdpi-v4/abc_btn_switch_to_on_mtrl_00012.9.png (OK)
332563760 res/drawable-xxhdpi-v4/abc_cab_background_top_mtrl_alpha.9.png (OK)
332564092 res/drawable-xxhdpi-v4/abc_ic_commit_search_api_mtrl_alpha.png (OK)
332564404 res/drawable-xxhdpi-v4/abc_ic_menu_copy_mtrl_am_alpha.png (OK)
332564752 res/drawable-xxhdpi-v4/abc_ic_menu_cut_mtrl_alpha.png (OK)
332565552 res/drawable-xxhdpi-v4/abc_ic_menu_paste_mtrl_am_alpha.png (OK)
332565992 res/drawable-xxhdpi-v4/abc_ic_menu_selectall_mtrl_alpha.png (OK)
332566340 res/drawable-xxhdpi-v4/abc_ic_menu_share_mtrl_alpha.png (OK)
332567120 res/drawable-xxhdpi-v4/abc_ic_star_black_16dp.png (OK)
332567660 res/drawable-xxhdpi-v4/abc_ic_star_black_36dp.png (OK)
332568724 res/drawable-xxhdpi-v4/abc_ic_star_black_48dp.png (OK)
332570100 res/drawable-xxhdpi-v4/abc_ic_star_half_black_16dp.png (OK)
332570496 res/drawable-xxhdpi-v4/abc_ic_star_half_black_36dp.png (OK)
332571160 res/drawable-xxhdpi-v4/abc_ic_star_half_black_48dp.png (OK)
332572036 res/drawable-xxhdpi-v4/abc_list_divider_mtrl_alpha.9.png (OK)
332572288 res/drawable-xxhdpi-v4/abc_list_focused_holo.9.png (OK)
332572620 res/drawable-xxhdpi-v4/abc_list_longpressed_holo.9.png (OK)
332572928 res/drawable-xxhdpi-v4/abc_list_pressed_holo_dark.9.png (OK)
332573228 res/drawable-xxhdpi-v4/abc_list_pressed_holo_light.9.png (OK)
332573536 res/drawable-xxhdpi-v4/abc_list_selector_disabled_holo_dark.9.png (OK)
332573892 res/drawable-xxhdpi-v4/abc_list_selector_disabled_holo_light.9.png (OK)
332574244 res/drawable-xxhdpi-v4/abc_menu_hardkey_panel_mtrl_mult.9.png (OK)
332576112 res/drawable-xxhdpi-v4/abc_popup_background_mtrl_mult.9.png (OK)
332578512 res/drawable-xxhdpi-v4/abc_scrubber_control_off_mtrl_alpha.png (OK)
332578932 res/drawable-xxhdpi-v4/abc_scrubber_control_to_pressed_mtrl_000.png (OK)
332579432 res/drawable-xxhdpi-v4/abc_scrubber_control_to_pressed_mtrl_005.png (OK)
332580120 res/drawable-xxhdpi-v4/abc_scrubber_primary_mtrl_alpha.9.png (OK)
332580420 res/drawable-xxhdpi-v4/abc_scrubber_track_mtrl_alpha.9.png (OK)
332580712 res/drawable-xxhdpi-v4/abc_spinner_mtrl_am_alpha.9.png (OK)
332581324 res/drawable-xxhdpi-v4/abc_switch_track_mtrl_alpha.9.png (OK)
332582264 res/drawable-xxhdpi-v4/abc_tab_indicator_mtrl_alpha.9.png (OK)
332582564 res/drawable-xxhdpi-v4/abc_text_select_handle_left_mtrl_dark.png (OK)
332583080 res/drawable-xxhdpi-v4/abc_text_select_handle_left_mtrl_light.png (OK)
332583596 res/drawable-xxhdpi-v4/abc_text_select_handle_middle_mtrl_dark.png (OK)
332584448 res/drawable-xxhdpi-v4/abc_text_select_handle_middle_mtrl_light.png (OK)
332585296 res/drawable-xxhdpi-v4/abc_text_select_handle_right_mtrl_dark.png (OK)
332585816 res/drawable-xxhdpi-v4/abc_text_select_handle_right_mtrl_light.png (OK)
332586332 res/drawable-xxhdpi-v4/abc_textfield_activated_mtrl_alpha.9.png (OK)
332586624 res/drawable-xxhdpi-v4/abc_textfield_default_mtrl_alpha.9.png (OK)
332586924 res/drawable-xxhdpi-v4/abc_textfield_search_activated_mtrl_alpha.9.png (OK)
332587212 res/drawable-xxhdpi-v4/abc_textfield_search_default_mtrl_alpha.9.png (OK)
332587484 res/drawable-xxxhdpi-v4/abc_btn_check_to_on_mtrl_000.png (OK)
332587848 res/drawable-xxxhdpi-v4/abc_btn_check_to_on_mtrl_015.png (OK)
332588412 res/drawable-xxxhdpi-v4/abc_btn_radio_to_on_mtrl_000.png (OK)
332589284 res/drawable-xxxhdpi-v4/abc_btn_radio_to_on_mtrl_015.png (OK)
332590324 res/drawable-xxxhdpi-v4/abc_btn_switch_to_on_mtrl_00001.9.png (OK)
332592920 res/drawable-xxxhdpi-v4/abc_btn_switch_to_on_mtrl_00012.9.png (OK)
332595824 res/drawable-xxxhdpi-v4/abc_ic_menu_copy_mtrl_am_alpha.png (OK)
332596236 res/drawable-xxxhdpi-v4/abc_ic_menu_cut_mtrl_alpha.png (OK)
332597236 res/drawable-xxxhdpi-v4/abc_ic_menu_paste_mtrl_am_alpha.png (OK)
332597788 res/drawable-xxxhdpi-v4/abc_ic_menu_selectall_mtrl_alpha.png (OK)
332598180 res/drawable-xxxhdpi-v4/abc_ic_menu_share_mtrl_alpha.png (OK)
332599160 res/drawable-xxxhdpi-v4/abc_ic_star_black_16dp.png (OK)
332599840 res/drawable-xxxhdpi-v4/abc_ic_star_black_36dp.png (OK)
332601192 res/drawable-xxxhdpi-v4/abc_ic_star_black_48dp.png (OK)
332602960 res/drawable-xxxhdpi-v4/abc_ic_star_half_black_16dp.png (OK)
332603424 res/drawable-xxxhdpi-v4/abc_ic_star_half_black_36dp.png (OK)
332604272 res/drawable-xxxhdpi-v4/abc_ic_star_half_black_48dp.png (OK)
332605364 res/drawable-xxxhdpi-v4/abc_scrubber_control_to_pressed_mtrl_000.png (OK)
332605880 res/drawable-xxxhdpi-v4/abc_scrubber_control_to_pressed_mtrl_005.png (OK)
332606596 res/drawable-xxxhdpi-v4/abc_spinner_mtrl_am_alpha.9.png (OK)
332607116 res/drawable-xxxhdpi-v4/abc_switch_track_mtrl_alpha.9.png (OK)
332608020 res/drawable-xxxhdpi-v4/abc_tab_indicator_mtrl_alpha.9.png (OK)
332608320 res/drawable-xxxhdpi-v4/abc_text_select_handle_left_mtrl_dark.png (OK)
332608932 res/drawable-xxxhdpi-v4/abc_text_select_handle_left_mtrl_light.png (OK)
332609544 res/drawable-xxxhdpi-v4/abc_text_select_handle_right_mtrl_dark.png (OK)
332610156 res/drawable-xxxhdpi-v4/abc_text_select_handle_right_mtrl_light.png (OK)
332610743 res/drawable/abc_btn_borderless_material.xml (OK - compressed)
332611064 res/drawable/abc_btn_check_material.xml (OK - compressed)
332611368 res/drawable/abc_btn_check_material_anim.xml (OK - compressed)
332611782 res/drawable/abc_btn_default_mtrl_shape.xml (OK - compressed)
332612245 res/drawable/abc_btn_radio_material.xml (OK - compressed)
332612550 res/drawable/abc_btn_radio_material_anim.xml (OK - compressed)
332612969 res/drawable/abc_cab_background_internal_bg.xml (OK - compressed)
332613232 res/drawable/abc_cab_background_top_material.xml (OK - compressed)
332613476 res/drawable/abc_ic_ab_back_material.xml (OK - compressed)
332613939 res/drawable/abc_ic_arrow_drop_right_black_24dp.xml (OK - compressed)
332614499 res/drawable/abc_ic_clear_material.xml (OK - compressed)
332614934 res/drawable/abc_ic_go_search_api_material.xml (OK - compressed)
332615349 res/drawable/abc_ic_menu_overflow_material.xml (OK - compressed)
332615811 res/drawable/abc_ic_search_api_material.xml (OK - compressed)
332616341 res/drawable/abc_ic_voice_search_api_material.xml (OK - compressed)
332616872 res/drawable/abc_item_background_holo_dark.xml (OK - compressed)
332617268 res/drawable/abc_item_background_holo_light.xml (OK - compressed)
332617683 res/drawable/abc_list_selector_background_transition_holo_dark.xml (OK - compressed)
332617978 res/drawable/abc_list_selector_background_transition_holo_light.xml (OK - compressed)
332618250 res/drawable/abc_list_selector_holo_dark.xml (OK - compressed)
332618663 res/drawable/abc_list_selector_holo_light.xml (OK - compressed)
332619081 res/drawable/abc_ratingbar_indicator_material.xml (OK - compressed)
332619447 res/drawable/abc_ratingbar_material.xml (OK - compressed)
332619818 res/drawable/abc_ratingbar_small_material.xml (OK - compressed)
332620188 res/drawable/abc_seekbar_thumb_material.xml (OK - compressed)
332620618 res/drawable/abc_seekbar_tick_mark_material.xml (OK - compressed)
332620936 res/drawable/abc_seekbar_track_material.xml (OK - compressed)
332621448 res/drawable/abc_spinner_textfield_background_material.xml (OK - compressed)
332621927 res/drawable/abc_switch_thumb_material.xml (OK - compressed)
332622230 res/drawable/abc_tab_indicator_material.xml (OK - compressed)
332622534 res/drawable/abc_text_cursor_material.xml (OK - compressed)
332622851 res/drawable/abc_textfield_search_material.xml (OK - compressed)
332623205 res/drawable/abc_vector_test.xml (OK - compressed)
332623610 res/drawable/btn_checkbox_checked_mtrl.xml (OK - compressed)
332624546 res/drawable/btn_checkbox_checked_to_unchecked_mtrl_animation.xml (OK - compressed)
332624925 res/drawable/btn_checkbox_unchecked_mtrl.xml (OK - compressed)
332625851 res/drawable/btn_checkbox_unchecked_to_checked_mtrl_animation.xml (OK - compressed)
332626217 res/drawable/btn_radio_off_mtrl.xml (OK - compressed)
332627001 res/drawable/btn_radio_off_to_on_mtrl_animation.xml (OK - compressed)
332627367 res/drawable/btn_radio_on_mtrl.xml (OK - compressed)
332628126 res/drawable/btn_radio_on_to_off_mtrl_animation.xml (OK - compressed)
332628488 res/drawable/ic_call_answer.xml (OK - compressed)
332629217 res/drawable/ic_call_answer_low.xml (OK - compressed)
332629928 res/drawable/ic_call_answer_video.xml (OK - compressed)
332630424 res/drawable/ic_call_answer_video_low.xml (OK - compressed)
332630887 res/drawable/ic_call_decline.xml (OK - compressed)
332631689 res/drawable/ic_call_decline_low.xml (OK - compressed)
332632478 res/drawable/notification_action_background.xml (OK - compressed)
332633010 res/drawable/notification_bg.xml (OK - compressed)
332633328 res/drawable/notification_bg_low.xml (OK - compressed)
332633654 res/drawable/notification_icon_background.xml (OK - compressed)
332633906 res/drawable/notification_tile_bg.xml (OK - compressed)
332634145 res/drawable/partydeck_background.xml (OK - compressed)
332634534 res/drawable/partydeck_foreground.xml (OK - compressed)
332635373 res/drawable/partydeck_monochrome.xml (OK - compressed)
332636144 res/drawable/splash_branding_image.webp (OK)
332636308 res/drawable/splash_icon.webp (OK)
332643071 res/drawable/tooltip_frame_dark.xml (OK - compressed)
332643360 res/drawable/tooltip_frame_light.xml (OK - compressed)
332643682 res/interpolator/btn_checkbox_checked_mtrl_animation_interpolator_0.xml (OK - compressed)
332643970 res/interpolator/btn_checkbox_checked_mtrl_animation_interpolator_1.xml (OK - compressed)
332644263 res/interpolator/btn_checkbox_unchecked_mtrl_animation_interpolator_0.xml (OK - compressed)
332644553 res/interpolator/btn_checkbox_unchecked_mtrl_animation_interpolator_1.xml (OK - compressed)
332644840 res/interpolator/btn_radio_to_off_mtrl_animation_interpolator_0.xml (OK - compressed)
332645126 res/interpolator/btn_radio_to_on_mtrl_animation_interpolator_0.xml (OK - compressed)
332645383 res/interpolator/fast_out_slow_in.xml (OK - compressed)
332645664 res/layout-v26/abc_screen_toolbar.xml (OK - compressed)
332646403 res/layout-watch-v20/abc_alert_dialog_button_bar_material.xml (OK - compressed)
332646960 res/layout-watch-v20/abc_alert_dialog_title_material.xml (OK - compressed)
332647579 res/layout/abc_action_bar_title_item.xml (OK - compressed)
332648038 res/layout/abc_action_bar_up_container.xml (OK - compressed)
332648360 res/layout/abc_action_menu_item_layout.xml (OK - compressed)
332648821 res/layout/abc_action_menu_layout.xml (OK - compressed)
332649179 res/layout/abc_action_mode_bar.xml (OK - compressed)
332649527 res/layout/abc_action_mode_close_item_material.xml (OK - compressed)
332650021 res/layout/abc_activity_chooser_view.xml (OK - compressed)
332650697 res/layout/abc_activity_chooser_view_list_item.xml (OK - compressed)
332651346 res/layout/abc_alert_dialog_button_bar_material.xml (OK - compressed)
332652026 res/layout/abc_alert_dialog_material.xml (OK - compressed)
332652876 res/layout/abc_alert_dialog_title_material.xml (OK - compressed)
332653595 res/layout/abc_cascading_menu_item_layout.xml (OK - compressed)
332654374 res/layout/abc_dialog_title_material.xml (OK - compressed)
332654967 res/layout/abc_expanded_menu_layout.xml (OK - compressed)
332655269 res/layout/abc_list_menu_item_checkbox.xml (OK - compressed)
332655621 res/layout/abc_list_menu_item_icon.xml (OK - compressed)
332656044 res/layout/abc_list_menu_item_layout.xml (OK - compressed)
332656710 res/layout/abc_list_menu_item_radio.xml (OK - compressed)
332657077 res/layout/abc_popup_menu_header_item_layout.xml (OK - compressed)
332657579 res/layout/abc_popup_menu_item_layout.xml (OK - compressed)
332658455 res/layout/abc_screen_content_include.xml (OK - compressed)
332658814 res/layout/abc_screen_simple.xml (OK - compressed)
332659291 res/layout/abc_screen_simple_overlay_action_mode.xml (OK - compressed)
332659748 res/layout/abc_search_dropdown_item_icons_2line.xml (OK - compressed)
332660477 res/layout/abc_search_view.xml (OK - compressed)
332661654 res/layout/abc_select_dialog_material.xml (OK - compressed)
332662248 res/layout/abc_tooltip.xml (OK - compressed)
332662804 res/layout/custom_dialog.xml (OK - compressed)
332663174 res/layout/godot_app_layout.xml (OK - compressed)
332663446 res/layout/ime_base_split_test_activity.xml (OK - compressed)
332663725 res/layout/ime_secondary_split_test_activity.xml (OK - compressed)
332664204 res/layout/notification_action.xml (OK - compressed)
332664763 res/layout/notification_action_tombstone.xml (OK - compressed)
332665377 res/layout/notification_template_custom_big.xml (OK - compressed)
332666244 res/layout/notification_template_icon_group.xml (OK - compressed)
332666745 res/layout/notification_template_part_chronometer.xml (OK - compressed)
332667081 res/layout/notification_template_part_time.xml (OK - compressed)
332667415 res/layout/remote_godot_fragment_layout.xml (OK - compressed)
332667730 res/layout/select_dialog_item_material.xml (OK - compressed)
332668159 res/layout/select_dialog_multichoice_material.xml (OK - compressed)
332668682 res/layout/select_dialog_singlechoice_material.xml (OK - compressed)
332669178 res/layout/snackbar.xml (OK - compressed)
332669754 res/layout/support_simple_spinner_dropdown_item.xml (OK - compressed)
332670090 res/mipmap-anydpi-v26/ic_launcher.xml (OK - compressed)
332670370 res/mipmap-anydpi-v26/icon.xml (OK - compressed)
332670657 res/mipmap-anydpi-v26/themed_icon.xml (OK - compressed)
332670964 res/mipmap-anydpi-v33/ic_launcher.xml (OK - compressed)
332671264 res/mipmap-hdpi-v4/icon.webp (OK)
332674148 res/mipmap-hdpi-v4/icon_background.webp (OK)
332674264 res/mipmap-hdpi-v4/icon_foreground.webp (OK)
332676416 res/mipmap-hdpi-v4/icon_monochrome.webp (OK)
332677596 res/mipmap-mdpi-v4/icon.webp (OK)
332679768 res/mipmap-mdpi-v4/icon_background.webp (OK)
332679884 res/mipmap-mdpi-v4/icon_foreground.webp (OK)
332681348 res/mipmap-mdpi-v4/icon_monochrome.webp (OK)
332682144 res/mipmap-xhdpi-v4/icon.webp (OK)
332685996 res/mipmap-xhdpi-v4/icon_background.webp (OK)
332686112 res/mipmap-xhdpi-v4/icon_foreground.webp (OK)
332689148 res/mipmap-xhdpi-v4/icon_monochrome.webp (OK)
332690724 res/mipmap-xxhdpi-v4/icon.webp (OK)
332696588 res/mipmap-xxhdpi-v4/icon_background.webp (OK)
332696712 res/mipmap-xxhdpi-v4/icon_foreground.webp (OK)
332701568 res/mipmap-xxhdpi-v4/icon_monochrome.webp (OK)
332703872 res/mipmap-xxxhdpi-v4/icon.webp (OK)
332712124 res/mipmap-xxxhdpi-v4/icon_background.webp (OK)
332712248 res/mipmap-xxxhdpi-v4/icon_foreground.webp (OK)
332719020 res/mipmap-xxxhdpi-v4/icon_monochrome.webp (OK)
332722096 res/mipmap/icon.webp (OK)
332730336 res/mipmap/icon_background.webp (OK)
332730444 res/mipmap/icon_foreground.webp (OK)
332731900 res/mipmap/icon_monochrome.webp (OK)
332732699 res/xml/data_extraction_rules.xml (OK - compressed)
332733093 res/xml/godot_provider_paths.xml (OK - compressed)
332733420 resources.arsc (OK)
333442127 DebugProbesKt.bin (OK - compressed)
333442950 META-INF/LICENSE.md (OK - compressed)
333443719 META-INF/NOTICE.md (OK - compressed)
333444312 META-INF/androidx.activity_activity-compose.version (OK)
333444396 META-INF/androidx.activity_activity-ktx.version (OK)
333444476 META-INF/androidx.activity_activity.version (OK)
333444576 META-INF/androidx.annotation_annotation-experimental.version (OK)
333444668 META-INF/androidx.appcompat_appcompat-resources.version (OK)
333444752 META-INF/androidx.appcompat_appcompat.version (OK)
333444836 META-INF/androidx.arch.core_core-runtime.version (OK - compressed)
333444972 META-INF/androidx.autofill_autofill.version (OK)
333445088 META-INF/androidx.camera.featurecombinationquery_featurecombinationquery.version (OK)
333445184 META-INF/androidx.camera.viewfinder_viewfinder-core.version (OK)
333445272 META-INF/androidx.camera_camera-camera2-pipe.version (OK)
333445356 META-INF/androidx.camera_camera-camera2.version (OK)
333445436 META-INF/androidx.camera_camera-core.version (OK)
333445524 META-INF/androidx.camera_camera-lifecycle.version (OK)
333445608 META-INF/androidx.camera_camera-video.version (OK)
333445688 META-INF/androidx.camera_camera-view.version (OK)
333445784 META-INF/androidx.compose.animation_animation-core.version (OK)
333445876 META-INF/androidx.compose.animation_animation.version (OK)
333445976 META-INF/androidx.compose.foundation_foundation-layout.version (OK)
333446068 META-INF/androidx.compose.foundation_foundation.version (OK)
333446160 META-INF/androidx.compose.material3_material3.version (OK)
333446256 META-INF/androidx.compose.material_material-ripple.version (OK)
333446352 META-INF/androidx.compose.runtime_runtime-annotation.version (OK)
333446448 META-INF/androidx.compose.runtime_runtime-retain.version (OK)
333446544 META-INF/androidx.compose.runtime_runtime-saveable.version (OK)
333446632 META-INF/androidx.compose.runtime_runtime.version (OK)
333446720 META-INF/androidx.compose.ui_ui-geometry.version (OK)
333446808 META-INF/androidx.compose.ui_ui-graphics.version (OK)
333446892 META-INF/androidx.compose.ui_ui-text.version (OK)
333446976 META-INF/androidx.compose.ui_ui-unit.version (OK)
333447060 META-INF/androidx.compose.ui_ui-util.version (OK)
333447136 META-INF/androidx.compose.ui_ui.version (OK)
333447228 META-INF/androidx.core_core-backported-fixes.version (OK)
333447304 META-INF/androidx.core_core-ktx.version (OK)
333447388 META-INF/androidx.core_core-viewtree.version (OK)
333447460 META-INF/androidx.core_core.version (OK)
333447552 META-INF/androidx.cursoradapter_cursoradapter.version (OK)
333447652 META-INF/androidx.customview_customview-poolingcontainer.version (OK)
333447736 META-INF/androidx.customview_customview.version (OK)
333447824 META-INF/androidx.documentfile_documentfile.version (OK)
333447912 META-INF/androidx.drawerlayout_drawerlayout.version (OK)
333447988 META-INF/androidx.emoji2_emoji2.version (OK)
333448080 META-INF/androidx.exifinterface_exifinterface.version (OK)
333448164 META-INF/androidx.fragment_fragment-ktx.version (OK)
333448244 META-INF/androidx.fragment_fragment.version (OK)
333448328 META-INF/androidx.graphics_graphics-path.version (OK)
333448416 META-INF/androidx.interpolator_interpolator.version (OK)
333448516 META-INF/androidx.lifecycle_lifecycle-livedata-core-ktx.version (OK)
333448612 META-INF/androidx.lifecycle_lifecycle-livedata-core.version (OK)
333448704 META-INF/androidx.lifecycle_lifecycle-livedata.version (OK)
333448796 META-INF/androidx.lifecycle_lifecycle-process.version (OK)
333448896 META-INF/androidx.lifecycle_lifecycle-runtime-compose.version (OK)
333448992 META-INF/androidx.lifecycle_lifecycle-runtime-ktx.version (OK)
333449084 META-INF/androidx.lifecycle_lifecycle-runtime.version (OK)
333449184 META-INF/androidx.lifecycle_lifecycle-viewmodel-compose.version (OK)
333449280 META-INF/androidx.lifecycle_lifecycle-viewmodel-ktx.version (OK)
333449384 META-INF/androidx.lifecycle_lifecycle-viewmodel-savedstate.version (OK)
333449476 META-INF/androidx.lifecycle_lifecycle-viewmodel.version (OK)
333449552 META-INF/androidx.loader_loader.version (OK)
333449656 META-INF/androidx.navigationevent_navigationevent-compose.version (OK)
333449752 META-INF/androidx.navigationevent_navigationevent.version (OK)
333449848 META-INF/androidx.profileinstaller_profileinstaller.version (OK)
333449940 META-INF/androidx.savedstate_savedstate-compose.version (OK)
333450028 META-INF/androidx.savedstate_savedstate-ktx.version (OK)
333450112 META-INF/androidx.savedstate_savedstate.version (OK)
333450200 META-INF/androidx.startup_startup-runtime.version (OK)
333450284 META-INF/androidx.tracing_tracing-ktx.version (OK)
333450364 META-INF/androidx.tracing_tracing.version (OK)
333450464 META-INF/androidx.vectordrawable_vectordrawable-animated.version (OK)
333450556 META-INF/androidx.vectordrawable_vectordrawable.version (OK)
333450660 META-INF/androidx.versionedparcelable_versionedparcelable.version (OK)
333450744 META-INF/androidx.viewpager_viewpager.version (OK)
333450824 META-INF/androidx.window_window-core.version (OK)
333450900 META-INF/androidx.window_window.version (OK)
333450987 META-INF/androidx/annotation/annotation/LICENSE.txt (OK - compressed)
333454635 META-INF/androidx/collection/collection-ktx/LICENSE.txt (OK - compressed)
333458279 META-INF/androidx/collection/collection/LICENSE.txt (OK - compressed)
333461934 META-INF/androidx/lifecycle/lifecycle-common-java8/LICENSE.txt (OK - compressed)
333465583 META-INF/androidx/lifecycle/lifecycle-common/LICENSE.txt (OK - compressed)
333469220 META-INF/com.google.dagger_dagger.version (OK)
333469300 META-INF/kotlinx_coroutines_android.version (OK)
333469376 META-INF/kotlinx_coroutines_core.version (OK)
333469482 META-INF/org/jetbrains/androidx/lifecycle/lifecycle-common/LICENSE.txt (OK - compressed)
333473160 META-INF/org/jetbrains/kotlinx/kotlinx-serialization-core-jvm/verification.properties (OK - compressed)
333473378 META-INF/services/java.security.Provider (OK - compressed)
333473527 META-INF/services/kotlinx.coroutines.CoroutineExceptionHandler (OK - compressed)
333473674 META-INF/services/kotlinx.coroutines.internal.MainDispatcherFactory (OK - compressed)
333473797 kotlin/annotation/annotation.kotlin_builtins (OK - compressed)
333474415 kotlin/collections/collections.kotlin_builtins (OK - compressed)
333476384 kotlin/concurrent/atomics/atomics.kotlin_builtins (OK - compressed)
333477569 kotlin/coroutines/coroutines.kotlin_builtins (OK - compressed)
333477757 kotlin/internal/internal.kotlin_builtins (OK - compressed)
333478175 kotlin/kotlin.kotlin_builtins (OK - compressed)
333483819 kotlin/ranges/ranges.kotlin_builtins (OK - compressed)
333485267 kotlin/reflect/reflect.kotlin_builtins (OK - compressed)
333486801 org/bouncycastle/pkix/CertPathReviewerMessages.properties (OK - compressed)
333493672 org/bouncycastle/pkix/CertPathReviewerMessages_de.properties (OK - compressed)
333500491 org/bouncycastle/pqc/legacy/picnic/lowmcL1.bin.properties (OK - compressed)
333617958 org/bouncycastle/pqc/legacy/picnic/lowmcL3.bin.properties (OK - compressed)
333966223 org/bouncycastle/pqc/legacy/picnic/lowmcL5.bin.properties (OK - compressed)
334715567 org/bouncycastle/x509/CertPathReviewerMessages.properties (OK - compressed)
334722438 org/bouncycastle/x509/CertPathReviewerMessages_de.properties (OK - compressed)
Verification successful
