N: android=http://schemas.android.com/apk/res/android (line=2)
  E: manifest (line=2)
    A: http://schemas.android.com/apk/res/android:versionCode(0x0101021b)=1
    A: http://schemas.android.com/apk/res/android:versionName(0x0101021c)="1.0.0" (Raw: "1.0.0")
    A: http://schemas.android.com/apk/res/android:compileSdkVersion(0x01010572)=37
    A: http://schemas.android.com/apk/res/android:compileSdkVersionCodename(0x01010573)="17" (Raw: "17")
    A: package="dev.partydeck.app" (Raw: "dev.partydeck.app")
    A: platformBuildVersionCode=37
    A: platformBuildVersionName=17
      E: uses-sdk (line=7)
        A: http://schemas.android.com/apk/res/android:minSdkVersion(0x0101020c)=26
        A: http://schemas.android.com/apk/res/android:targetSdkVersion(0x01010270)=36
      E: uses-permission (line=11)
        A: http://schemas.android.com/apk/res/android:name(0x01010003)="android.permission.INTERNET" (Raw: "android.permission.INTERNET")
      E: uses-permission (line=12)
        A: http://schemas.android.com/apk/res/android:name(0x01010003)="android.permission.CAMERA" (Raw: "android.permission.CAMERA")
      E: uses-feature (line=14)
        A: http://schemas.android.com/apk/res/android:name(0x01010003)="android.hardware.camera" (Raw: "android.hardware.camera")
        A: http://schemas.android.com/apk/res/android:required(0x0101028e)=false
      E: uses-feature (line=17)
        A: http://schemas.android.com/apk/res/android:name(0x01010003)="android.hardware.camera.any" (Raw: "android.hardware.camera.any")
        A: http://schemas.android.com/apk/res/android:required(0x0101028e)=false
      E: uses-feature (line=20)
        A: http://schemas.android.com/apk/res/android:name(0x01010003)="android.hardware.camera.autofocus" (Raw: "android.hardware.camera.autofocus")
        A: http://schemas.android.com/apk/res/android:required(0x0101028e)=false
      E: uses-feature (line=24)
        A: http://schemas.android.com/apk/res/android:glEsVersion(0x01010281)=0x00030000
        A: http://schemas.android.com/apk/res/android:required(0x0101028e)=false
      E: permission (line=28)
        A: http://schemas.android.com/apk/res/android:name(0x01010003)="dev.partydeck.app.DYNAMIC_RECEIVER_NOT_EXPORTED_PERMISSION" (Raw: "dev.partydeck.app.DYNAMIC_RECEIVER_NOT_EXPORTED_PERMISSION")
        A: http://schemas.android.com/apk/res/android:protectionLevel(0x01010009)=0x00000002
      E: uses-permission (line=32)
        A: http://schemas.android.com/apk/res/android:name(0x01010003)="dev.partydeck.app.DYNAMIC_RECEIVER_NOT_EXPORTED_PERMISSION" (Raw: "dev.partydeck.app.DYNAMIC_RECEIVER_NOT_EXPORTED_PERMISSION")
      E: application (line=34)
        A: http://schemas.android.com/apk/res/android:theme(0x01010000)=@0x7f0e010d
        A: http://schemas.android.com/apk/res/android:label(0x01010001)=@0x7f0d001e
        A: http://schemas.android.com/apk/res/android:icon(0x01010002)=@0x7f0c0000
        A: http://schemas.android.com/apk/res/android:debuggable(0x0101000f)=true
        A: http://schemas.android.com/apk/res/android:allowBackup(0x01010280)=false
        A: http://schemas.android.com/apk/res/android:supportsRtl(0x010103af)=true
        A: http://schemas.android.com/apk/res/android:extractNativeLibs(0x010104ea)=false
        A: http://schemas.android.com/apk/res/android:fullBackupContent(0x010104eb)=false
        A: http://schemas.android.com/apk/res/android:usesCleartextTraffic(0x010104ec)=false
        A: http://schemas.android.com/apk/res/android:roundIcon(0x0101052c)=@0x7f0c0000
        A: http://schemas.android.com/apk/res/android:appCategory(0x01010545)=0
        A: http://schemas.android.com/apk/res/android:appComponentFactory(0x0101057a)="androidx.core.app.CoreComponentFactory" (Raw: "androidx.core.app.CoreComponentFactory")
        A: http://schemas.android.com/apk/res/android:dataExtractionRules(0x0101063e)=@0x7f100000
        A: http://schemas.android.com/apk/res/android:enableOnBackInvokedCallback(0x0101066c)=true
          E: meta-data (line=51)
            A: http://schemas.android.com/apk/res/android:name(0x01010003)="dev.partydeck.GODOT_ACTIVATION_PROFILE" (Raw: "dev.partydeck.GODOT_ACTIVATION_PROFILE")
            A: http://schemas.android.com/apk/res/android:value(0x01010024)="qualification" (Raw: "qualification")
          E: meta-data (line=54)
            A: http://schemas.android.com/apk/res/android:name(0x01010003)="dev.partydeck.GODOT_PRESENTATION_MODES" (Raw: "dev.partydeck.GODOT_PRESENTATION_MODES")
            A: http://schemas.android.com/apk/res/android:value(0x01010024)="2d,3d" (Raw: "2d,3d")
          E: provider (line=58)
            A: http://schemas.android.com/apk/res/android:name(0x01010003)="androidx.startup.InitializationProvider" (Raw: "androidx.startup.InitializationProvider")
            A: http://schemas.android.com/apk/res/android:exported(0x01010010)=false
            A: http://schemas.android.com/apk/res/android:authorities(0x01010018)="dev.partydeck.app.androidx-startup" (Raw: "dev.partydeck.app.androidx-startup")
              E: meta-data (line=62)
                A: http://schemas.android.com/apk/res/android:name(0x01010003)="androidx.lifecycle.ProcessLifecycleInitializer" (Raw: "androidx.lifecycle.ProcessLifecycleInitializer")
                A: http://schemas.android.com/apk/res/android:value(0x01010024)="androidx.startup" (Raw: "androidx.startup")
              E: meta-data (line=65)
                A: http://schemas.android.com/apk/res/android:name(0x01010003)="androidx.profileinstaller.ProfileInstallerInitializer" (Raw: "androidx.profileinstaller.ProfileInstallerInitializer")
                A: http://schemas.android.com/apk/res/android:value(0x01010024)="androidx.startup" (Raw: "androidx.startup")
          E: activity (line=70)
            A: http://schemas.android.com/apk/res/android:name(0x01010003)="dev.partydeck.app.MainActivity" (Raw: "dev.partydeck.app.MainActivity")
            A: http://schemas.android.com/apk/res/android:exported(0x01010010)=true
            A: http://schemas.android.com/apk/res/android:windowSoftInputMode(0x0101022b)=0x00000010
            A: http://schemas.android.com/apk/res/android:resizeableActivity(0x010104f6)=true
              E: intent-filter (line=75)
                  E: action (line=76)
                    A: http://schemas.android.com/apk/res/android:name(0x01010003)="android.intent.action.MAIN" (Raw: "android.intent.action.MAIN")
                  E: category (line=78)
                    A: http://schemas.android.com/apk/res/android:name(0x01010003)="android.intent.category.LAUNCHER" (Raw: "android.intent.category.LAUNCHER")
          E: activity (line=81)
            A: http://schemas.android.com/apk/res/android:name(0x01010003)="dev.partydeck.app.InvitationScannerActivity" (Raw: "dev.partydeck.app.InvitationScannerActivity")
            A: http://schemas.android.com/apk/res/android:exported(0x01010010)=false
            A: http://schemas.android.com/apk/res/android:resizeableActivity(0x010104f6)=true
          E: service (line=86)
            A: http://schemas.android.com/apk/res/android:name(0x01010003)="dev.partydeck.app.godot.GodotSessionBrokerService" (Raw: "dev.partydeck.app.godot.GodotSessionBrokerService")
            A: http://schemas.android.com/apk/res/android:exported(0x01010010)=false
          E: activity (line=90)
            A: http://schemas.android.com/apk/res/android:name(0x01010003)="dev.partydeck.app.godot.SessionGodotActivity" (Raw: "dev.partydeck.app.godot.SessionGodotActivity")
            A: http://schemas.android.com/apk/res/android:exported(0x01010010)=false
            A: http://schemas.android.com/apk/res/android:process(0x01010011)=":godot" (Raw: ":godot")
            A: http://schemas.android.com/apk/res/android:launchMode(0x0101001d)=1
            A: http://schemas.android.com/apk/res/android:screenOrientation(0x0101001e)=13
            A: http://schemas.android.com/apk/res/android:configChanges(0x0101001f)=0x00001ff0
            A: http://schemas.android.com/apk/res/android:hardwareAccelerated(0x010102d3)=true
            A: http://schemas.android.com/apk/res/android:resizeableActivity(0x010104f6)=true
          E: service (line=103)
            A: http://schemas.android.com/apk/res/android:name(0x01010003)="androidx.camera.core.impl.MetadataHolderService" (Raw: "androidx.camera.core.impl.MetadataHolderService")
            A: http://schemas.android.com/apk/res/android:enabled(0x0101000e)=false
            A: http://schemas.android.com/apk/res/android:exported(0x01010010)=false
              E: meta-data (line=107)
                A: http://schemas.android.com/apk/res/android:name(0x01010003)="androidx.camera.core.impl.MetadataHolderService.DEFAULT_CONFIG_PROVIDER" (Raw: "androidx.camera.core.impl.MetadataHolderService.DEFAULT_CONFIG_PROVIDER")
                A: http://schemas.android.com/apk/res/android:value(0x01010024)="androidx.camera.camera2.Camera2Config$DefaultProvider" (Raw: "androidx.camera.camera2.Camera2Config$DefaultProvider")
          E: meta-data (line=111)
            A: http://schemas.android.com/apk/res/android:name(0x01010003)="org.godotengine.library.version" (Raw: "org.godotengine.library.version")
            A: http://schemas.android.com/apk/res/android:value(0x01010024)="4.7.2.stable" (Raw: "4.7.2.stable")
          E: activity (line=115)
            A: http://schemas.android.com/apk/res/android:theme(0x01010000)=@0x01030010
            A: http://schemas.android.com/apk/res/android:name(0x01010003)="org.godotengine.godot.utils.ProcessPhoenix" (Raw: "org.godotengine.godot.utils.ProcessPhoenix")
            A: http://schemas.android.com/apk/res/android:exported(0x01010010)=false
            A: http://schemas.android.com/apk/res/android:process(0x01010011)=":phoenix" (Raw: ":phoenix")
          E: provider (line=121)
            A: http://schemas.android.com/apk/res/android:name(0x01010003)="androidx.core.content.FileProvider" (Raw: "androidx.core.content.FileProvider")
            A: http://schemas.android.com/apk/res/android:exported(0x01010010)=false
            A: http://schemas.android.com/apk/res/android:authorities(0x01010018)="dev.partydeck.app.fileprovider" (Raw: "dev.partydeck.app.fileprovider")
            A: http://schemas.android.com/apk/res/android:grantUriPermissions(0x0101001b)=true
              E: meta-data (line=126)
                A: http://schemas.android.com/apk/res/android:name(0x01010003)="android.support.FILE_PROVIDER_PATHS" (Raw: "android.support.FILE_PROVIDER_PATHS")
                A: http://schemas.android.com/apk/res/android:resource(0x01010025)=@0x7f100001
          E: provider (line=130)
            A: http://schemas.android.com/apk/res/android:name(0x01010003)="org.jetbrains.compose.resources.AndroidContextProvider" (Raw: "org.jetbrains.compose.resources.AndroidContextProvider")
            A: http://schemas.android.com/apk/res/android:enabled(0x0101000e)=true
            A: http://schemas.android.com/apk/res/android:exported(0x01010010)=false
            A: http://schemas.android.com/apk/res/android:authorities(0x01010018)="dev.partydeck.app.resources.AndroidContextProvider" (Raw: "dev.partydeck.app.resources.AndroidContextProvider")
          E: uses-library (line=137)
            A: http://schemas.android.com/apk/res/android:name(0x01010003)="androidx.window.extensions" (Raw: "androidx.window.extensions")
            A: http://schemas.android.com/apk/res/android:required(0x0101028e)=false
          E: uses-library (line=140)
            A: http://schemas.android.com/apk/res/android:name(0x01010003)="androidx.window.sidecar" (Raw: "androidx.window.sidecar")
            A: http://schemas.android.com/apk/res/android:required(0x0101028e)=false
          E: receiver (line=144)
            A: http://schemas.android.com/apk/res/android:name(0x01010003)="androidx.profileinstaller.ProfileInstallReceiver" (Raw: "androidx.profileinstaller.ProfileInstallReceiver")
            A: http://schemas.android.com/apk/res/android:permission(0x01010006)="android.permission.DUMP" (Raw: "android.permission.DUMP")
            A: http://schemas.android.com/apk/res/android:enabled(0x0101000e)=true
            A: http://schemas.android.com/apk/res/android:exported(0x01010010)=true
            A: http://schemas.android.com/apk/res/android:directBootAware(0x01010505)=false
              E: intent-filter (line=150)
                  E: action (line=151)
                    A: http://schemas.android.com/apk/res/android:name(0x01010003)="androidx.profileinstaller.action.INSTALL_PROFILE" (Raw: "androidx.profileinstaller.action.INSTALL_PROFILE")
              E: intent-filter (line=153)
                  E: action (line=154)
                    A: http://schemas.android.com/apk/res/android:name(0x01010003)="androidx.profileinstaller.action.SKIP_FILE" (Raw: "androidx.profileinstaller.action.SKIP_FILE")
              E: intent-filter (line=156)
                  E: action (line=157)
                    A: http://schemas.android.com/apk/res/android:name(0x01010003)="androidx.profileinstaller.action.SAVE_PROFILE" (Raw: "androidx.profileinstaller.action.SAVE_PROFILE")
              E: intent-filter (line=159)
                  E: action (line=160)
                    A: http://schemas.android.com/apk/res/android:name(0x01010003)="androidx.profileinstaller.action.BENCHMARK_OPERATION" (Raw: "androidx.profileinstaller.action.BENCHMARK_OPERATION")
