package: name='dev.partydeck.app' versionCode='1' versionName='1.0.0' platformBuildVersionName='17' platformBuildVersionCode='37' compileSdkVersion='37' compileSdkVersionCodename='17'
minSdkVersion:'26'
targetSdkVersion:'36'
uses-permission: name='android.permission.INTERNET'
uses-permission: name='android.permission.CAMERA'
uses-permission: name='dev.partydeck.app.DYNAMIC_RECEIVER_NOT_EXPORTED_PERMISSION'
application-label:'PartyDeck'
application-label-af:'PartyDeck'
application-label-am:'PartyDeck'
application-label-ar:'PartyDeck'
application-label-as:'PartyDeck'
application-label-az:'PartyDeck'
application-label-be:'PartyDeck'
application-label-bg:'PartyDeck'
application-label-bn:'PartyDeck'
application-label-bs:'PartyDeck'
application-label-ca:'PartyDeck'
application-label-cs:'PartyDeck'
application-label-da:'PartyDeck'
application-label-de:'PartyDeck'
application-label-el:'PartyDeck'
application-label-en-AU:'PartyDeck'
application-label-en-CA:'PartyDeck'
application-label-en-GB:'PartyDeck'
application-label-en-IN:'PartyDeck'
application-label-en-XC:'PartyDeck'
application-label-es:'PartyDeck'
application-label-es-US:'PartyDeck'
application-label-et:'PartyDeck'
application-label-eu:'PartyDeck'
application-label-fa:'PartyDeck'
application-label-fi:'PartyDeck'
application-label-fr:'PartyDeck'
application-label-fr-CA:'PartyDeck'
application-label-gl:'PartyDeck'
application-label-gu:'PartyDeck'
application-label-hi:'PartyDeck'
application-label-hr:'PartyDeck'
application-label-hu:'PartyDeck'
application-label-hy:'PartyDeck'
application-label-in:'PartyDeck'
application-label-is:'PartyDeck'
application-label-it:'PartyDeck'
application-label-iw:'PartyDeck'
application-label-ja:'PartyDeck'
application-label-ka:'PartyDeck'
application-label-kk:'PartyDeck'
application-label-km:'PartyDeck'
application-label-kn:'PartyDeck'
application-label-ko:'PartyDeck'
application-label-ky:'PartyDeck'
application-label-lo:'PartyDeck'
application-label-lt:'PartyDeck'
application-label-lv:'PartyDeck'
application-label-mk:'PartyDeck'
application-label-ml:'PartyDeck'
application-label-mn:'PartyDeck'
application-label-mr:'PartyDeck'
application-label-ms:'PartyDeck'
application-label-my:'PartyDeck'
application-label-nb:'PartyDeck'
application-label-ne:'PartyDeck'
application-label-nl:'PartyDeck'
application-label-or:'PartyDeck'
application-label-pa:'PartyDeck'
application-label-pl:'PartyDeck'
application-label-pt:'PartyDeck'
application-label-pt-BR:'PartyDeck'
application-label-pt-PT:'PartyDeck'
application-label-ro:'PartyDeck'
application-label-ru:'PartyDeck'
application-label-si:'PartyDeck'
application-label-sk:'PartyDeck'
application-label-sl:'PartyDeck'
application-label-sq:'PartyDeck'
application-label-sr:'PartyDeck'
application-label-sr-Latn:'PartyDeck'
application-label-sv:'PartyDeck'
application-label-sw:'PartyDeck'
application-label-ta:'PartyDeck'
application-label-te:'PartyDeck'
application-label-th:'PartyDeck'
application-label-tl:'PartyDeck'
application-label-tr:'PartyDeck'
application-label-uk:'PartyDeck'
application-label-ur:'PartyDeck'
application-label-uz:'PartyDeck'
application-label-vi:'PartyDeck'
application-label-zh-CN:'PartyDeck'
application-label-zh-HK:'PartyDeck'
application-label-zh-TW:'PartyDeck'
application-label-zu:'PartyDeck'
application-icon-160:'res/IG.xml'
application-icon-240:'res/IG.xml'
application-icon-320:'res/IG.xml'
application-icon-480:'res/IG.xml'
application-icon-640:'res/IG.xml'
application-icon-65534:'res/IG.xml'
application: label='PartyDeck' icon='res/IG.xml'
launchable-activity: name='dev.partydeck.app.MainActivity'  label='' icon=''
uses-library-not-required:'androidx.window.extensions'
uses-library-not-required:'androidx.window.sidecar'
feature-group: label=''
  uses-gl-es: '0x30000'
  uses-feature-not-required: name='android.hardware.camera'
  uses-feature-not-required: name='android.hardware.camera.any'
  uses-feature-not-required: name='android.hardware.camera.autofocus'
  uses-feature: name='android.hardware.faketouch'
  uses-implied-feature: name='android.hardware.faketouch' reason='default feature for all apps'
main
other-activities
other-receivers
other-services
supports-screens: 'small' 'normal' 'large' 'xlarge'
supports-any-density: 'true'
locales: '--_--' 'af' 'am' 'ar' 'as' 'az' 'be' 'bg' 'bn' 'bs' 'ca' 'cs' 'da' 'de' 'el' 'en-AU' 'en-CA' 'en-GB' 'en-IN' 'en-XC' 'es' 'es-US' 'et' 'eu' 'fa' 'fi' 'fr' 'fr-CA' 'gl' 'gu' 'hi' 'hr' 'hu' 'hy' 'in' 'is' 'it' 'iw' 'ja' 'ka' 'kk' 'km' 'kn' 'ko' 'ky' 'lo' 'lt' 'lv' 'mk' 'ml' 'mn' 'mr' 'ms' 'my' 'nb' 'ne' 'nl' 'or' 'pa' 'pl' 'pt' 'pt-BR' 'pt-PT' 'ro' 'ru' 'si' 'sk' 'sl' 'sq' 'sr' 'sr-Latn' 'sv' 'sw' 'ta' 'te' 'th' 'tl' 'tr' 'uk' 'ur' 'uz' 'vi' 'zh-CN' 'zh-HK' 'zh-TW' 'zu'
densities: '160' '240' '320' '480' '640' '65534'
native-code: 'arm64-v8a' 'armeabi-v7a' 'x86' 'x86_64'
