    PID    PPID COMMAND           RSS %CPU
   2058    2056 provjobd2131072 144608 2.5
   2118    2081 Runner.Worker   139096 7.1
   2081    2042 Runner.Listener 94972  2.3
   1335       1 dockerd         72244  0.3
    975       1 php-fpm8.3      51468  0.2
   1113       1 containerd      46524  0.1
    222       1 multipathd      43708  0.0
   1409    1022 python3         37212  1.0
   1022       1 python3         31432  0.4
   1366     975 php-fpm8.3      21528  0.0
   1365     975 php-fpm8.3      21488  0.0
    973       1 networkd-dispat 20888  0.1
    155       1 systemd-journal 17668  0.8
   2042       1 hosted-compute- 17192  0.1
      1       0 systemd         14404  3.7
   1019       1 udisksd         13796  0.0
    504       1 systemd-resolve 13188  0.1
   1176       1 ModemManager    13040  0.1
   1190       1 systemd         11656  0.2
   1013       1 systemd-logind  10060  0.1
    722       1 systemd-network  9744  0.0
    983       1 polkitd          8156  0.0
    228       1 systemd-udevd    7944  0.2
   2056    2042 sudo             7092  0.0
   1044       1 rsyslogd         6216  0.0
    968       1 dbus-daemon      5512  0.2
    583       1 haveged          5036  0.2
   2727    2713 ps               4228  0.0
   1129       1 chronyd          3648  0.0
   2713    2712 bash             3588  0.0
   1214    1190 (sd-pam)         3572  0.0
   2711    2118 bash             3496  0.0
    330       1 hv_kvp_daemon    2908  0.1
   1058       1 cron             2764  0.0
   1100       1 agetty           2148  0.0
   2712    2711 timeout          2044  0.0
   1130       1 agetty           2008  0.1
   1153    1129 chronyd          1228  0.0
      2       0 kthreadd            0  0.0
      3       2 pool_workqueue_     0  0.0
      4       2 kworker/R-rcu_g     0  0.0
      5       2 kworker/R-sync_     0  0.0
      6       2 kworker/R-kvfre     0  0.0
      7       2 kworker/R-slub_     0  0.0
      8       2 kworker/R-netns     0  0.0
      9       2 kworker/0:0-hv_     0  0.0
     10       2 kworker/0:0H-ev     0  0.0
     11       2 kworker/0:1-eve     0  0.1
     12       2 kworker/u16:0-f     0  0.0
     13       2 kworker/R-mm_pe     0  0.0
     14       2 ksoftirqd/0         0  0.0
     15       2 rcu_sched           0  0.0
     16       2 rcu_exp_par_gp_     0  0.0
     17       2 rcu_exp_gp_kthr     0  0.0
     18       2 migration/0         0  0.0
     19       2 idle_inject/0       0  0.0
     20       2 cpuhp/0             0  0.0
     21       2 cpuhp/2             0  0.0
     22       2 idle_inject/2       0  0.0
     23       2 migration/2         0  0.5
     24       2 ksoftirqd/2         0  0.0
     25       2 kworker/2:0-eve     0  0.0
     26       2 kworker/2:0H-ev     0  0.0
     27       2 cpuhp/1             0  0.0
     28       2 idle_inject/1       0  0.0
     29       2 migration/1         0  0.5
     30       2 ksoftirqd/1         0  0.0
     31       2 kworker/1:0-cgr     0  0.0
     32       2 kworker/1:0H-ev     0  0.0
     33       2 cpuhp/3             0  0.0
     34       2 idle_inject/3       0  0.0
     35       2 migration/3         0  0.5
     36       2 ksoftirqd/3         0  0.0
     37       2 kworker/3:0-eve     0  0.0
     38       2 kworker/3:0H-ev     0  0.0
     39       2 kdevtmpfs           0  0.0
     40       2 kworker/R-inet_     0  0.0
     41       2 rcu_tasks_rude_     0  0.0
     42       2 rcu_tasks_trace     0  0.0
     43       2 kauditd             0  0.0
     44       2 khungtaskd          0  0.0
     45       2 oom_reaper          0  0.0
     46       2 kworker/u16:1-f     0  0.0
     47       2 kworker/u16:2-e     0  0.7
     48       2 kworker/R-write     0  0.0
     49       2 kcompactd0          0  0.0
     50       2 ksmd                0  0.0
     51       2 khugepaged          0  0.0
     52       2 kworker/R-kbloc     0  0.0
     53       2 kworker/R-blkcg     0  0.0
     54       2 kworker/R-kinte     0  0.0
     55       2 irq/9-acpi          0  0.0
     56       2 kworker/2:1-cgr     0  0.0
     57       2 kworker/1:1-eve     0  0.0
     58       2 kworker/3:1-cgr     0  0.0
     59       2 kworker/R-tpm_d     0  0.0
     60       2 kworker/R-ata_s     0  0.0
     61       2 kworker/R-md        0  0.0
     62       2 kworker/R-md_bi     0  0.0
     63       2 kworker/R-edac-     0  0.0
     64       2 kworker/R-hv_vm     0  0.0
     65       2 kworker/R-hv_vm     0  0.0
     66       2 kworker/R-hv_pr     0  0.0
     67       2 kworker/R-hv_su     0  0.0
     68       2 kworker/R-devfr     0  0.0
     69       2 watchdogd           0  0.0
     70       2 kworker/R-quota     0  0.0
     71       2 kworker/0:1H-kb     0  0.0
     72       2 kswapd0             0  0.0
     73       2 ecryptfs-kthrea     0  0.0
     74       2 kworker/R-kthro     0  0.0
     75       2 kworker/R-nfit      0  0.0
     76       2 scsi_eh_1           0  0.0
     77       2 scsi_eh_0           0  0.0
     78       2 kworker/R-scsi_     0  0.0
     79       2 kworker/R-scsi_     0  0.0
     80       2 kworker/R-nvme-     0  0.0
     81       2 kworker/R-nvme-     0  0.0
     82       2 kworker/R-nvme-     0  0.0
     83       2 kworker/R-nvme-     0  0.0
     84       2 kworker/u16:3-e     0  0.3
     85       2 kworker/u16:4-i     0  0.9
     86       2 kworker/R-mld       0  0.0
     87       2 kworker/R-ipv6_     0  0.0
     88       2 hv_balloon          0  0.0
     89       2 kworker/R-kstrp     0  0.0
     91       2 kworker/u17:0       0  0.0
    102       2 jbd2/sda1-8         0  0.0
    103       2 kworker/R-ext4-     0  0.0
    104       2 kworker/1:1H-kb     0  0.0
    105       2 kworker/1:2-cgr     0  0.1
    107       2 kworker/3:1H-kb     0  0.0
    126       2 kworker/2:1H-kb     0  0.0
    170       2 kworker/0:2-eve     0  0.5
    177       2 kworker/R-kmpat     0  0.0
    178       2 kworker/R-kmpat     0  0.0
    179       2 kworker/2:2-cgr     0  0.0
    197       2 kworker/2:3-eve     0  0.0
    198       2 kworker/3:2-eve     0  0.4
    199       2 kworker/3:3-cgr     0  0.0
    200       2 kworker/3:4         0  0.0
    218       2 kworker/0:3-eve     0  0.0
    239       2 psimon              0  0.0
    294       2 kworker/0:4-eve     0  0.0
    408       2 jbd2/sda16-8        0  0.0
    409       2 kworker/R-ext4-     0  0.0
    489       2 kworker/2:4-eve     0  0.0
    788       2 kworker/u16:5-f     0  0.0
    951       2 kworker/R-tls-s     0  0.0
    956       2 kworker/R-mlx5_     0  0.0
    959       2 kworker/R-mlx5_     0  0.0
    960       2 kworker/R-mlx5_     0  0.0
    961       2 kworker/R-mlx5_     0  0.0
    979       2 ptp1                0  0.0
    980       2 kworker/R-mlx5_     0  0.0
    981       2 kworker/R-mlx5_     0  0.0
    984       2 kworker/R-mlx5e     0  0.0
    988       2 kworker/R-mlx5e     0  0.0
   1043       2 kworker/R-ib-co     0  0.0
   1078       2 kworker/R-ib-co     0  0.0
   1079       2 kworker/R-ib_mc     0  0.0
   1081       2 kworker/R-ib_nl     0  0.0
   1112       2 kworker/u16:6-e     0  0.3
   1152       2 kworker/R-mkey_     0  0.0
   2040       2 psimon              0  0.0
