{
  "crops": [
    {
      "path": "/tmp/partydeck-engine-ci/34456443339/input-target-crops/2d-font-1.0-first-card-target.png",
      "sha256": "7cd6d525652e039e3a5ef9adc65a7cd3714e082de11a04d8bcc177c58522455b",
      "bytes": 6736,
      "width": 181,
      "height": 345,
      "rgbSha256": "5f18fb7df8c80e7f089c630da5bf4fe3e58f0749cca4e8967077c06d7b197646"
    },
    {
      "path": "/tmp/partydeck-engine-ci/34456443339/input-target-crops/2d-font-2.0-first-card-target.png",
      "sha256": "c4c625578c75f3360f5f329174fc17e053db10e94533463af8c2323fbe333a9d",
      "bytes": 12570,
      "width": 265,
      "height": 545,
      "rgbSha256": "21cb34adf891f493961d780632f6683204594ca16f5bad875fc03c2cea60e2b2"
    },
    {
      "path": "/tmp/partydeck-engine-ci/34456443339/input-target-crops/3d-font-1.0-first-card-target.png",
      "sha256": "48d7a8b44fd30c816afa7ebfab6cf922f224b30d2d13b444e800faac596e0eb3",
      "bytes": 10591,
      "width": 112,
      "height": 137,
      "rgbSha256": "627f619bad533281927d127bae647cbe5d98c98b67b2af05ae3611511a32c454"
    },
    {
      "path": "/tmp/partydeck-engine-ci/34456443339/input-target-crops/3d-font-2.0-first-card-target.png",
      "sha256": "d9ee6e7bb16700ef572654d654f9855fa8febc6e335cdceb59edc14f078df7a5",
      "bytes": 11998,
      "width": 648,
      "height": 119,
      "rgbSha256": "7a315317f4b88bd21e6253a26dee2a78346ca564aa522e5ce8becee57817389d"
    }
  ]
}
