2026-09-10T08:45:46.6262914Z Current runner version: '2.337.0'
2026-09-10T08:45:46.6289264Z ##[group]Runner Image Provisioner
2026-09-10T08:45:46.6290202Z Hosted Compute Agent
2026-09-10T08:45:46.6290871Z Version: 20260828.587
2026-09-10T08:45:46.6291605Z Commit: abac92662cab4cc7352de4f9f9d2e2419aad9c29
2026-09-10T08:45:46.6292493Z Build Date: 2026-08-28T16:44:25Z
2026-09-10T08:45:46.6293230Z Worker ID: {b4c7fd54-6c7d-41bd-9d6b-3f094cdcf319}
2026-09-10T08:45:46.6293976Z Azure Region: eastus2
2026-09-10T08:45:46.6294758Z ##[endgroup]
2026-09-10T08:45:46.6296182Z ##[group]Operating System
2026-09-10T08:45:46.6296915Z Ubuntu
2026-09-10T08:45:46.6297921Z 24.04.5
2026-09-10T08:45:46.6298476Z LTS
2026-09-10T08:45:46.6299199Z ##[endgroup]
2026-09-10T08:45:46.6299832Z ##[group]Runner Image
2026-09-10T08:45:46.6300911Z Image: ubuntu-24.04
2026-09-10T08:45:46.6301535Z Version: 20260907.300.1
2026-09-10T08:45:46.6302920Z Included Software: https://github.com/actions/runner-images/blob/ubuntu24/20260907.300/images/ubuntu/Ubuntu2404-Readme.md
2026-09-10T08:45:46.6304543Z Image Release: https://github.com/actions/runner-images/releases/tag/ubuntu24%2F20260907.300
2026-09-10T08:45:46.6305584Z ##[endgroup]
2026-09-10T08:45:46.6306778Z ##[group]GITHUB_TOKEN Permissions
2026-09-10T08:45:46.6309297Z Contents: read
2026-09-10T08:45:46.6309984Z Metadata: read
2026-09-10T08:45:46.6310693Z ##[endgroup]
2026-09-10T08:45:46.6312875Z Secret source: Actions
2026-09-10T08:45:46.6313830Z Cache mode: write
2026-09-10T08:45:46.6314961Z Prepare workflow directory
2026-09-10T08:45:46.6643247Z Prepare all required actions
2026-09-10T08:45:46.6690787Z Getting action download info
2026-09-10T08:45:46.9052446Z Download action repository 'actions/checkout@3d3c42e5aac5ba805825da76410c181273ba90b1' (SHA:3d3c42e5aac5ba805825da76410c181273ba90b1)
2026-09-10T08:45:47.0165388Z Download action repository 'actions/setup-java@de7274f081f381c8f8158605e0321c36c376e2e6' (SHA:de7274f081f381c8f8158605e0321c36c376e2e6)
2026-09-10T08:45:47.3552123Z Download action repository 'android-actions/setup-android@40fd30fb8d7440372e1316f5d1809ec01dcd3699' (SHA:40fd30fb8d7440372e1316f5d1809ec01dcd3699)
2026-09-10T08:45:47.4880689Z Download action repository 'actions/download-artifact@3e5f45b2cfb9172054b4087a40e8e0b5a5461e7c' (SHA:3e5f45b2cfb9172054b4087a40e8e0b5a5461e7c)
2026-09-10T08:45:47.7989352Z Complete job name: Android 3d / 2.0x text / debug
2026-09-10T08:45:47.8809893Z ##[group]Run actions/checkout@3d3c42e5aac5ba805825da76410c181273ba90b1
2026-09-10T08:45:47.8811141Z with:
2026-09-10T08:45:47.8811849Z   persist-credentials: false
2026-09-10T08:45:47.8812571Z   repository: Apdelrahman1911/PartyDeck
2026-09-10T08:45:47.8817388Z   token: ***
2026-09-10T08:45:47.8818075Z   ssh-strict: true
2026-09-10T08:45:47.8818693Z   ssh-user: git
2026-09-10T08:45:47.8819333Z   clean: true
2026-09-10T08:45:47.8819960Z   sparse-checkout-cone-mode: true
2026-09-10T08:45:47.8820637Z   fetch-depth: 1
2026-09-10T08:45:47.8821344Z   fetch-tags: false
2026-09-10T08:45:47.8821969Z   show-progress: true
2026-09-10T08:45:47.8822718Z   lfs: false
2026-09-10T08:45:47.8823313Z   submodules: false
2026-09-10T08:45:47.8823928Z   set-safe-directory: true
2026-09-10T08:45:47.8824700Z   allow-unsafe-pr-checkout: false
2026-09-10T08:45:47.8825763Z ##[endgroup]
2026-09-10T08:45:47.9856478Z Syncing repository: Apdelrahman1911/PartyDeck
2026-09-10T08:45:47.9860113Z ##[group]Getting Git version info
2026-09-10T08:45:47.9861546Z Working directory is '/home/runner/work/PartyDeck/PartyDeck'
2026-09-10T08:45:47.9863743Z [command]/usr/bin/git version
2026-09-10T08:45:47.9883865Z git version 2.55.0
2026-09-10T08:45:47.9904399Z ##[endgroup]
2026-09-10T08:45:47.9914320Z Temporarily overriding HOME='/home/runner/work/_temp/27b44706-873e-4f45-abbb-5eb344d98632' before making global git config changes
2026-09-10T08:45:47.9917383Z Adding repository directory to the temporary git global config as a safe directory
2026-09-10T08:45:47.9920862Z [command]/usr/bin/git config --global --add safe.directory /home/runner/work/PartyDeck/PartyDeck
2026-09-10T08:45:47.9978299Z Deleting the contents of '/home/runner/work/PartyDeck/PartyDeck'
2026-09-10T08:45:47.9980944Z ##[group]Determining repository object format
2026-09-10T08:45:47.9983435Z ##[endgroup]
2026-09-10T08:45:47.9985448Z ##[group]Initializing the repository
2026-09-10T08:45:47.9987533Z [command]/usr/bin/git init /home/runner/work/PartyDeck/PartyDeck
2026-09-10T08:45:48.0086965Z hint: Using 'master' as the name for the initial branch. This default branch name
2026-09-10T08:45:48.0088477Z hint: will change to "main" in Git 3.0. To configure the initial branch name
2026-09-10T08:45:48.0089994Z hint: to use in all of your new repositories, which will suppress this warning,
2026-09-10T08:45:48.0091034Z hint: call:
2026-09-10T08:45:48.0091603Z hint:
2026-09-10T08:45:48.0092365Z hint: 	git config --global init.defaultBranch <name>
2026-09-10T08:45:48.0093183Z hint:
2026-09-10T08:45:48.0093941Z hint: Names commonly chosen instead of 'master' are 'main', 'trunk' and
2026-09-10T08:45:48.0095482Z hint: 'development'. The just-created branch can be renamed via this command:
2026-09-10T08:45:48.0096456Z hint:
2026-09-10T08:45:48.0097159Z hint: 	git branch -m <name>
2026-09-10T08:45:48.0098348Z hint:
2026-09-10T08:45:48.0099192Z hint: Disable this message with "git config set advice.defaultBranchName false"
2026-09-10T08:45:48.0105354Z Initialized empty Git repository in /home/runner/work/PartyDeck/PartyDeck/.git/
2026-09-10T08:45:48.0114917Z [command]/usr/bin/git remote add origin https://github.com/Apdelrahman1911/PartyDeck
2026-09-10T08:45:48.0162726Z ##[endgroup]
2026-09-10T08:45:48.0163987Z ##[group]Disabling automatic garbage collection
2026-09-10T08:45:48.0166620Z [command]/usr/bin/git config --local gc.auto 0
2026-09-10T08:45:48.0199775Z ##[endgroup]
2026-09-10T08:45:48.0201531Z ##[group]Setting up auth
2026-09-10T08:45:48.0202538Z Removing SSH command configuration
2026-09-10T08:45:48.0204976Z [command]/usr/bin/git config --local --name-only --get-regexp core\.sshCommand
2026-09-10T08:45:48.0240733Z [command]/usr/bin/git submodule foreach --recursive sh -c "git config --local --name-only --get-regexp 'core\.sshCommand' && git config --local --unset-all 'core.sshCommand' || :"
2026-09-10T08:45:48.0611804Z Removing HTTP extra header
2026-09-10T08:45:48.0620136Z [command]/usr/bin/git config --local --name-only --get-regexp http\.https\:\/\/github\.com\/\.extraheader
2026-09-10T08:45:48.0660411Z [command]/usr/bin/git submodule foreach --recursive sh -c "git config --local --name-only --get-regexp 'http\.https\:\/\/github\.com\/\.extraheader' && git config --local --unset-all 'http.https://github.com/.extraheader' || :"
2026-09-10T08:45:48.0924026Z Removing includeIf entries pointing to credentials config files
2026-09-10T08:45:48.0930264Z [command]/usr/bin/git config --local --name-only --get-regexp ^includeIf\.gitdir:
2026-09-10T08:45:48.0969154Z [command]/usr/bin/git submodule foreach --recursive git config --local --show-origin --name-only --get-regexp remote.origin.url
2026-09-10T08:45:48.1221533Z [command]/usr/bin/git config --file /home/runner/work/_temp/git-credentials-1ddc8d6d-9132-4fc4-a647-8d0bd9b64465.config http.https://github.com/.extraheader AUTHORIZATION: basic ***
2026-09-10T08:45:48.1265719Z [command]/usr/bin/git config --local includeIf.gitdir:/home/runner/work/PartyDeck/PartyDeck/.git.path /home/runner/work/_temp/git-credentials-1ddc8d6d-9132-4fc4-a647-8d0bd9b64465.config
2026-09-10T08:45:48.1301615Z [command]/usr/bin/git config --local includeIf.gitdir:/home/runner/work/PartyDeck/PartyDeck/.git/worktrees/*.path /home/runner/work/_temp/git-credentials-1ddc8d6d-9132-4fc4-a647-8d0bd9b64465.config
2026-09-10T08:45:48.1340461Z [command]/usr/bin/git config --local includeIf.gitdir:/github/workspace/.git.path /github/runner_temp/git-credentials-1ddc8d6d-9132-4fc4-a647-8d0bd9b64465.config
2026-09-10T08:45:48.1378139Z [command]/usr/bin/git config --local includeIf.gitdir:/github/workspace/.git/worktrees/*.path /github/runner_temp/git-credentials-1ddc8d6d-9132-4fc4-a647-8d0bd9b64465.config
2026-09-10T08:45:48.1412565Z ##[endgroup]
2026-09-10T08:45:48.1414379Z ##[group]Fetching the repository
2026-09-10T08:45:48.1420698Z [command]/usr/bin/git -c protocol.version=2 fetch --no-tags --prune --no-recurse-submodules --depth=1 origin +dad1c11741bd4322bb8b2afb9f18f3db5f50c919:refs/remotes/origin/main
2026-09-10T08:45:53.2626669Z From https://github.com/Apdelrahman1911/PartyDeck
2026-09-10T08:45:53.2628301Z  * [new ref]         dad1c11741bd4322bb8b2afb9f18f3db5f50c919 -> origin/main
2026-09-10T08:45:53.2635704Z [command]/usr/bin/git branch --list --remote origin/main
2026-09-10T08:45:53.2667436Z   origin/main
2026-09-10T08:45:53.2675118Z [command]/usr/bin/git rev-parse refs/remotes/origin/main
2026-09-10T08:45:53.2703455Z dad1c11741bd4322bb8b2afb9f18f3db5f50c919
2026-09-10T08:45:53.2707502Z ##[endgroup]
2026-09-10T08:45:53.2708078Z ##[group]Determining the checkout info
2026-09-10T08:45:53.2708733Z ##[endgroup]
2026-09-10T08:45:53.2712408Z [command]/usr/bin/git sparse-checkout disable
2026-09-10T08:45:53.2767898Z [command]/usr/bin/git config --local --unset-all extensions.worktreeConfig
2026-09-10T08:45:53.2807419Z ##[group]Checking out the ref
2026-09-10T08:45:53.2808052Z [command]/usr/bin/git checkout --progress --force -B main refs/remotes/origin/main
2026-09-10T08:45:54.3138540Z Updating files:  69% (3574/5149)
2026-09-10T08:45:54.3350574Z Updating files:  70% (3605/5149)
2026-09-10T08:45:54.3438366Z Updating files:  71% (3656/5149)
2026-09-10T08:45:54.3556618Z Updating files:  72% (3708/5149)
2026-09-10T08:45:54.3628796Z Updating files:  73% (3759/5149)
2026-09-10T08:45:54.3750596Z Updating files:  74% (3811/5149)
2026-09-10T08:45:54.3862691Z Updating files:  75% (3862/5149)
2026-09-10T08:45:54.4767596Z Updating files:  76% (3914/5149)
2026-09-10T08:45:54.4825997Z Updating files:  77% (3965/5149)
2026-09-10T08:45:54.4889140Z Updating files:  78% (4017/5149)
2026-09-10T08:45:54.4958056Z Updating files:  79% (4068/5149)
2026-09-10T08:45:54.5024172Z Updating files:  80% (4120/5149)
2026-09-10T08:45:54.5278009Z Updating files:  81% (4171/5149)
2026-09-10T08:45:54.5340087Z Updating files:  82% (4223/5149)
2026-09-10T08:45:54.5417810Z Updating files:  83% (4274/5149)
2026-09-10T08:45:54.5469692Z Updating files:  84% (4326/5149)
2026-09-10T08:45:54.5536634Z Updating files:  85% (4377/5149)
2026-09-10T08:45:54.5618301Z Updating files:  86% (4429/5149)
2026-09-10T08:45:54.5684284Z Updating files:  87% (4480/5149)
2026-09-10T08:45:54.5742597Z Updating files:  88% (4532/5149)
2026-09-10T08:45:54.5798587Z Updating files:  89% (4583/5149)
2026-09-10T08:45:54.5848584Z Updating files:  90% (4635/5149)
2026-09-10T08:45:54.5963864Z Updating files:  91% (4686/5149)
2026-09-10T08:45:54.6138689Z Updating files:  92% (4738/5149)
2026-09-10T08:45:54.6172425Z Updating files:  93% (4789/5149)
2026-09-10T08:45:54.6217774Z Updating files:  94% (4841/5149)
2026-09-10T08:45:54.6298320Z Updating files:  95% (4892/5149)
2026-09-10T08:45:54.6319039Z Updating files:  96% (4944/5149)
2026-09-10T08:45:54.6354015Z Updating files:  97% (4995/5149)
2026-09-10T08:45:54.6400066Z Updating files:  98% (5047/5149)
2026-09-10T08:45:54.6451957Z Updating files:  99% (5098/5149)
2026-09-10T08:45:54.6452435Z Updating files: 100% (5149/5149)
2026-09-10T08:45:54.6452879Z Updating files: 100% (5149/5149), done.
2026-09-10T08:45:54.6523896Z Switched to a new branch 'main'
2026-09-10T08:45:54.6529604Z branch 'main' set up to track 'origin/main'.
2026-09-10T08:45:54.6589741Z ##[endgroup]
2026-09-10T08:45:54.6648511Z [command]/usr/bin/git log -1 --format=%H
2026-09-10T08:45:54.6680263Z dad1c11741bd4322bb8b2afb9f18f3db5f50c919
2026-09-10T08:45:54.6689179Z ##[group]Removing auth
2026-09-10T08:45:54.6689590Z Removing SSH command configuration
2026-09-10T08:45:54.6692972Z [command]/usr/bin/git config --local --name-only --get-regexp core\.sshCommand
2026-09-10T08:45:54.6729915Z [command]/usr/bin/git submodule foreach --recursive sh -c "git config --local --name-only --get-regexp 'core\.sshCommand' && git config --local --unset-all 'core.sshCommand' || :"
2026-09-10T08:45:54.6979124Z Removing HTTP extra header
2026-09-10T08:45:54.6983163Z [command]/usr/bin/git config --local --name-only --get-regexp http\.https\:\/\/github\.com\/\.extraheader
2026-09-10T08:45:54.7020311Z [command]/usr/bin/git submodule foreach --recursive sh -c "git config --local --name-only --get-regexp 'http\.https\:\/\/github\.com\/\.extraheader' && git config --local --unset-all 'http.https://github.com/.extraheader' || :"
2026-09-10T08:45:54.7268456Z Removing includeIf entries pointing to credentials config files
2026-09-10T08:45:54.7271502Z [command]/usr/bin/git config --local --name-only --get-regexp ^includeIf\.gitdir:
2026-09-10T08:45:54.7305701Z includeif.gitdir:/home/runner/work/PartyDeck/PartyDeck/.git.path
2026-09-10T08:45:54.7306455Z includeif.gitdir:/home/runner/work/PartyDeck/PartyDeck/.git/worktrees/*.path
2026-09-10T08:45:54.7306918Z includeif.gitdir:/github/workspace/.git.path
2026-09-10T08:45:54.7307484Z includeif.gitdir:/github/workspace/.git/worktrees/*.path
2026-09-10T08:45:54.7314301Z [command]/usr/bin/git config --local --get-all includeif.gitdir:/home/runner/work/PartyDeck/PartyDeck/.git.path
2026-09-10T08:45:54.7345522Z /home/runner/work/_temp/git-credentials-1ddc8d6d-9132-4fc4-a647-8d0bd9b64465.config
2026-09-10T08:45:54.7355047Z [command]/usr/bin/git config --local --unset includeif.gitdir:/home/runner/work/PartyDeck/PartyDeck/.git.path \/home\/runner\/work\/_temp\/git\-credentials\-1ddc8d6d\-9132\-4fc4\-a647\-8d0bd9b64465\.config
2026-09-10T08:45:54.7394888Z [command]/usr/bin/git config --local --get-all includeif.gitdir:/home/runner/work/PartyDeck/PartyDeck/.git/worktrees/*.path
2026-09-10T08:45:54.7425317Z /home/runner/work/_temp/git-credentials-1ddc8d6d-9132-4fc4-a647-8d0bd9b64465.config
2026-09-10T08:45:54.7434935Z [command]/usr/bin/git config --local --unset includeif.gitdir:/home/runner/work/PartyDeck/PartyDeck/.git/worktrees/*.path \/home\/runner\/work\/_temp\/git\-credentials\-1ddc8d6d\-9132\-4fc4\-a647\-8d0bd9b64465\.config
2026-09-10T08:45:54.7480603Z [command]/usr/bin/git config --local --get-all includeif.gitdir:/github/workspace/.git.path
2026-09-10T08:45:54.7508532Z /github/runner_temp/git-credentials-1ddc8d6d-9132-4fc4-a647-8d0bd9b64465.config
2026-09-10T08:45:54.7516242Z [command]/usr/bin/git config --local --unset includeif.gitdir:/github/workspace/.git.path \/github\/runner_temp\/git\-credentials\-1ddc8d6d\-9132\-4fc4\-a647\-8d0bd9b64465\.config
2026-09-10T08:45:54.7553414Z [command]/usr/bin/git config --local --get-all includeif.gitdir:/github/workspace/.git/worktrees/*.path
2026-09-10T08:45:54.7580813Z /github/runner_temp/git-credentials-1ddc8d6d-9132-4fc4-a647-8d0bd9b64465.config
2026-09-10T08:45:54.7588127Z [command]/usr/bin/git config --local --unset includeif.gitdir:/github/workspace/.git/worktrees/*.path \/github\/runner_temp\/git\-credentials\-1ddc8d6d\-9132\-4fc4\-a647\-8d0bd9b64465\.config
2026-09-10T08:45:54.7628320Z [command]/usr/bin/git submodule foreach --recursive git config --local --show-origin --name-only --get-regexp remote.origin.url
2026-09-10T08:45:54.7897200Z Removing credentials config '/home/runner/work/_temp/git-credentials-1ddc8d6d-9132-4fc4-a647-8d0bd9b64465.config'
2026-09-10T08:45:54.7901258Z ##[endgroup]
2026-09-10T08:45:54.8202505Z ##[group]Run actions/setup-java@de7274f081f381c8f8158605e0321c36c376e2e6
2026-09-10T08:45:54.8202898Z with:
2026-09-10T08:45:54.8203107Z   distribution: temurin
2026-09-10T08:45:54.8203336Z   java-version: 21
2026-09-10T08:45:54.8203547Z   java-package: jdk
2026-09-10T08:45:54.8203759Z   check-latest: false
2026-09-10T08:45:54.8203978Z   force-download: false
2026-09-10T08:45:54.8204199Z   set-default: true
2026-09-10T08:45:54.8204409Z   server-id: github
2026-09-10T08:45:54.8204648Z   mvn-repositories-include-central: true
2026-09-10T08:45:54.8204978Z   mvn-repositories-prioritize-central: true
2026-09-10T08:45:54.8205280Z   overwrite-settings: true
2026-09-10T08:45:54.8205523Z   cache-read-only: false
2026-09-10T08:45:54.8205754Z   job-status: success
2026-09-10T08:45:54.8208647Z   token: ***
2026-09-10T08:45:54.8208878Z   show-download-progress: false
2026-09-10T08:45:54.8209343Z   problem-matcher: true
2026-09-10T08:45:54.8209571Z ##[endgroup]
2026-09-10T08:45:54.8982738Z ##[group]Installed distributions
2026-09-10T08:45:54.9172647Z Resolved Java 21.0.12+1 from tool-cache
2026-09-10T08:45:54.9173181Z Setting Java 21.0.12+1 as the default
2026-09-10T08:45:54.9181369Z 
2026-09-10T08:45:54.9181585Z Java configuration:
2026-09-10T08:45:54.9181847Z   Distribution: temurin
2026-09-10T08:45:54.9182141Z   Version: 21.0.12+1
2026-09-10T08:45:54.9182550Z   Path: /opt/hostedtoolcache/Java_Temurin-Hotspot_jdk/21.0.12-1/x64
2026-09-10T08:45:54.9182836Z 
2026-09-10T08:45:54.9183216Z ##[endgroup]
2026-09-10T08:45:54.9213081Z Creating settings.xml with server-id: github
2026-09-10T08:45:54.9213686Z Creating toolchains.xml for JDK version 21 from temurin
2026-09-10T08:45:54.9214289Z Writing to /home/runner/.m2/settings.xml
2026-09-10T08:45:54.9225040Z Writing to /home/runner/.m2/toolchains.xml
2026-09-10T08:45:54.9233040Z Configured MAVEN_ARGS to include -ntp to suppress Maven transfer progress logs. Set 'show-download-progress: true' to keep the download progress output.
2026-09-10T08:45:54.9370216Z ##[group]Run android-actions/setup-android@40fd30fb8d7440372e1316f5d1809ec01dcd3699
2026-09-10T08:45:54.9370672Z with:
2026-09-10T08:45:54.9371045Z   packages: platform-tools emulator system-images;android-35;default;x86_64
2026-09-10T08:45:54.9371474Z   log-accepted-android-sdk-licenses: false
2026-09-10T08:45:54.9371778Z   cmdline-tools-version: 14742923
2026-09-10T08:45:54.9372059Z   accept-android-sdk-licenses: true
2026-09-10T08:45:54.9372322Z env:
2026-09-10T08:45:54.9372624Z   JAVA_HOME: /opt/hostedtoolcache/Java_Temurin-Hotspot_jdk/21.0.12-1/x64
2026-09-10T08:45:54.9373121Z   JAVA_HOME_21_X64: /opt/hostedtoolcache/Java_Temurin-Hotspot_jdk/21.0.12-1/x64
2026-09-10T08:45:54.9373516Z   MAVEN_ARGS: -ntp
2026-09-10T08:45:54.9373733Z ##[endgroup]
2026-09-10T08:45:55.0635365Z Found preinstalled sdkmanager in /usr/local/lib/android/sdk/cmdline-tools/latest with following source.properties:
2026-09-10T08:45:55.0636362Z Pkg.Revision=12.0
2026-09-10T08:45:55.0636843Z Pkg.Path=cmdline-tools;12.0
2026-09-10T08:45:55.0637514Z Pkg.Desc=Android SDK Command-line Tools
2026-09-10T08:45:55.0637873Z 
2026-09-10T08:45:55.0638061Z Wrong version in preinstalled sdkmanager
2026-09-10T08:45:55.0639016Z Downloading commandline tools from https://dl.google.com/android/repository/commandlinetools-linux-14742923_latest.zip
2026-09-10T08:45:55.8912354Z [command]/usr/bin/unzip -o -q /home/runner/work/_temp/24d8863a-cef4-48b7-94c2-3b0e0ddd87e2
2026-09-10T08:45:56.7834739Z Accepting Android SDK licenses
2026-09-10T08:46:03.8984552Z [command]/usr/local/lib/android/sdk/cmdline-tools/20.0/bin/sdkmanager platform-tools
2026-09-10T08:46:04.6790297Z Loading package information...                                                  
2026-09-10T08:46:04.7653748Z Loading local repository...                                                     
2026-09-10T08:46:04.7654563Z [                                       ] 3% Loading local repository...        
2026-09-10T08:46:04.7681862Z [                                       ] 3% Fetch remote repository...         
2026-09-10T08:46:05.0958269Z [=                                      ] 3% Fetch remote repository...         
2026-09-10T08:46:05.1664191Z [=                                      ] 4% Fetch remote repository...         
2026-09-10T08:46:05.2030891Z [=                                      ] 5% Fetch remote repository...         
2026-09-10T08:46:05.2498392Z [==                                     ] 5% Fetch remote repository...         
2026-09-10T08:46:05.3512553Z [==                                     ] 6% Fetch remote repository...         
2026-09-10T08:46:05.4193268Z [==                                     ] 7% Fetch remote repository...         
2026-09-10T08:46:05.4220345Z [==                                     ] 7% Computing updates...               
2026-09-10T08:46:05.4318600Z [===                                    ] 8% Computing updates...               
2026-09-10T08:46:05.4384463Z [===                                    ] 10% Computing updates...              
2026-09-10T08:46:05.4385681Z [=======================================] 100% Computing updates...             
2026-09-10T08:46:05.4386381Z 
2026-09-10T08:46:05.4595769Z [command]/usr/local/lib/android/sdk/cmdline-tools/20.0/bin/sdkmanager emulator
2026-09-10T08:46:06.2531701Z Loading package information...                                                  
2026-09-10T08:46:06.3482968Z Loading local repository...                                                     
2026-09-10T08:46:06.3483816Z [                                       ] 3% Loading local repository...        
2026-09-10T08:46:06.3511445Z [                                       ] 3% Fetch remote repository...         
2026-09-10T08:46:06.5668847Z [=                                      ] 3% Fetch remote repository...         
2026-09-10T08:46:06.7874063Z [=                                      ] 4% Fetch remote repository...         
2026-09-10T08:46:06.8225211Z [=                                      ] 5% Fetch remote repository...         
2026-09-10T08:46:06.8750082Z [==                                     ] 5% Fetch remote repository...         
2026-09-10T08:46:06.9533476Z [==                                     ] 6% Fetch remote repository...         
2026-09-10T08:46:07.0588583Z [==                                     ] 7% Fetch remote repository...         
2026-09-10T08:46:07.0597776Z [==                                     ] 7% Computing updates...               
2026-09-10T08:46:07.0692002Z [===                                    ] 8% Computing updates...               
2026-09-10T08:46:07.0819685Z [===                                    ] 10% Computing updates...              
2026-09-10T08:46:07.4905461Z [===                                    ] 10% Installing Android Emulator       
2026-09-10T08:46:07.7757722Z [===                                    ] 10% Downloading emulator-linux_x64-159
2026-09-10T08:46:08.1096847Z [====                                   ] 10% Downloading emulator-linux_x64-159
2026-09-10T08:46:08.2017551Z [====                                   ] 11% Downloading emulator-linux_x64-159
2026-09-10T08:46:08.2998483Z [====                                   ] 12% Downloading emulator-linux_x64-159
2026-09-10T08:46:08.3780169Z [=====                                  ] 13% Downloading emulator-linux_x64-159
2026-09-10T08:46:08.4329689Z [=====                                  ] 14% Downloading emulator-linux_x64-159
2026-09-10T08:46:08.4846913Z [=====                                  ] 15% Downloading emulator-linux_x64-159
2026-09-10T08:46:08.5110887Z [======                                 ] 15% Downloading emulator-linux_x64-159
2026-09-10T08:46:08.5615399Z [======                                 ] 16% Downloading emulator-linux_x64-159
2026-09-10T08:46:08.6212963Z [======                                 ] 17% Downloading emulator-linux_x64-159
2026-09-10T08:46:08.6532499Z [=======                                ] 18% Downloading emulator-linux_x64-159
2026-09-10T08:46:08.6959698Z [=======                                ] 19% Downloading emulator-linux_x64-159
2026-09-10T08:46:08.7153252Z [=======                                ] 20% Downloading emulator-linux_x64-159
2026-09-10T08:46:08.7287251Z [========                               ] 20% Downloading emulator-linux_x64-159
2026-09-10T08:46:08.7632486Z [========                               ] 21% Downloading emulator-linux_x64-159
2026-09-10T08:46:08.7949702Z [========                               ] 22% Downloading emulator-linux_x64-159
2026-09-10T08:46:08.8238553Z [=========                              ] 23% Downloading emulator-linux_x64-159
2026-09-10T08:46:08.8610678Z [=========                              ] 24% Downloading emulator-linux_x64-159
2026-09-10T08:46:08.8748544Z [=========                              ] 25% Downloading emulator-linux_x64-159
2026-09-10T08:46:08.8897239Z [==========                             ] 25% Downloading emulator-linux_x64-159
2026-09-10T08:46:08.9266150Z [==========                             ] 26% Downloading emulator-linux_x64-159
2026-09-10T08:46:08.9546693Z [==========                             ] 27% Downloading emulator-linux_x64-159
2026-09-10T08:46:08.9893161Z [===========                            ] 28% Downloading emulator-linux_x64-159
2026-09-10T08:46:09.0164866Z [===========                            ] 29% Downloading emulator-linux_x64-159
2026-09-10T08:46:09.0317204Z [===========                            ] 30% Downloading emulator-linux_x64-159
2026-09-10T08:46:09.0544058Z [============                           ] 30% Downloading emulator-linux_x64-159
2026-09-10T08:46:09.0826976Z [============                           ] 31% Downloading emulator-linux_x64-159
2026-09-10T08:46:09.1144143Z [============                           ] 32% Downloading emulator-linux_x64-159
2026-09-10T08:46:09.1152256Z [============                           ] 33% Downloading emulator-linux_x64-159
2026-09-10T08:46:09.1923849Z [============                           ] 33% Unzipping...                      
2026-09-10T08:46:09.1925340Z [============                           ] 33% Unzipping... emulator/            
2026-09-10T08:46:09.1926208Z [============                           ] 33% Unzipping... emulator/resources/  
2026-09-10T08:46:09.1941659Z [============                           ] 33% Unzipping... emulator/qsn         
2026-09-10T08:46:09.2278736Z [=============                          ] 33% Unzipping... emulator/qsn         
2026-09-10T08:46:09.2870508Z [=============                          ] 33% Unzipping... emulator/emulator    
2026-09-10T08:46:09.4007522Z [=============                          ] 33% Unzipping... emulator/netsimd     
2026-09-10T08:46:09.4008234Z [=============                          ] 33% Unzipping... emulator/bin64/      
2026-09-10T08:46:09.4008851Z [=============                          ] 33% Unzipping... emulator/qemu/       
2026-09-10T08:46:09.4026448Z [=============                          ] 33% Unzipping... emulator/NOTICE.txt  
2026-09-10T08:46:09.4221190Z [=============                          ] 33% Unzipping... emulator/crashpad_han
2026-09-10T08:46:09.4221883Z [=============                          ] 33% Unzipping... emulator/source.prope
2026-09-10T08:46:09.4258357Z [=============                          ] 33% Unzipping... emulator/nimble_bridg
2026-09-10T08:46:09.4913332Z [=============                          ] 34% Unzipping... emulator/nimble_bridg
2026-09-10T08:46:09.4914162Z [=============                          ] 34% Unzipping... emulator/LICENSE     
2026-09-10T08:46:09.4914588Z [=============                          ] 34% Unzipping... emulator/lib/        
2026-09-10T08:46:09.5000813Z [=============                          ] 34% Unzipping... emulator/qemu-img    
2026-09-10T08:46:09.5001865Z [=============                          ] 34% Unzipping... emulator/include/    
2026-09-10T08:46:09.5006858Z [=============                          ] 34% Unzipping... emulator/NOTICE.csv  
2026-09-10T08:46:09.5007940Z [=============                          ] 34% Unzipping... emulator/lib64/      
2026-09-10T08:46:09.5184541Z [=============                          ] 34% Unzipping... emulator/emulator-che
2026-09-10T08:46:09.5407750Z [=============                          ] 34% Unzipping... emulator/crashreport 
2026-09-10T08:46:09.5413104Z [=============                          ] 34% Unzipping... emulator/mksdcard    
2026-09-10T08:46:09.5619880Z [=============                          ] 34% Unzipping... emulator/resources/To
2026-09-10T08:46:09.5640551Z [=============                          ] 35% Unzipping... emulator/resources/To
2026-09-10T08:46:09.5654269Z [=============                          ] 35% Unzipping... emulator/resources/de
2026-09-10T08:46:09.5817259Z [=============                          ] 35% Unzipping... emulator/resources/To
2026-09-10T08:46:09.5821311Z [=============                          ] 35% Unzipping... emulator/resources/ma
2026-09-10T08:46:09.5850622Z [=============                          ] 35% Unzipping... emulator/resources/de
2026-09-10T08:46:09.5851609Z [=============                          ] 35% Unzipping... emulator/resources/sk
2026-09-10T08:46:09.5895723Z [=============                          ] 35% Unzipping... emulator/resources/de
2026-09-10T08:46:09.5897824Z [=============                          ] 35% Unzipping... emulator/resources/ma
2026-09-10T08:46:09.5911996Z [=============                          ] 35% Unzipping... emulator/resources/po
2026-09-10T08:46:09.6005509Z [=============                          ] 35% Unzipping... emulator/resources/ma
2026-09-10T08:46:09.6082996Z [=============                          ] 35% Unzipping... emulator/resources/sk
2026-09-10T08:46:09.6103292Z [=============                          ] 35% Unzipping... emulator/resources/ma
2026-09-10T08:46:09.6148472Z [=============                          ] 35% Unzipping... emulator/bin64/e2fsck
2026-09-10T08:46:09.6199435Z [=============                          ] 35% Unzipping... emulator/bin64/fsck.e
2026-09-10T08:46:09.6230664Z [=============                          ] 35% Unzipping... emulator/bin64/tune2f
2026-09-10T08:46:09.6247873Z [=============                          ] 35% Unzipping... emulator/bin64/resize
2026-09-10T08:46:09.6279285Z [=============                          ] 35% Unzipping... emulator/bin64/mkfs.e
2026-09-10T08:46:09.6395436Z [=============                          ] 35% Unzipping... emulator/qemu/linux-x
2026-09-10T08:46:09.7575100Z [==============                         ] 35% Unzipping... emulator/qemu/linux-x
2026-09-10T08:46:09.9301185Z [==============                         ] 36% Unzipping... emulator/qemu/linux-x
2026-09-10T08:46:10.1552717Z [==============                         ] 37% Unzipping... emulator/qemu/linux-x
2026-09-10T08:46:10.3317315Z [===============                        ] 38% Unzipping... emulator/qemu/linux-x
2026-09-10T08:46:10.5033892Z [===============                        ] 39% Unzipping... emulator/qemu/linux-x
2026-09-10T08:46:10.5918145Z [===============                        ] 40% Unzipping... emulator/qemu/linux-x
2026-09-10T08:46:10.6810625Z [================                       ] 40% Unzipping... emulator/qemu/linux-x
2026-09-10T08:46:10.7845426Z [================                       ] 41% Unzipping... emulator/qemu/linux-x
2026-09-10T08:46:10.7846316Z [================                       ] 41% Unzipping... emulator/lib/emulator
2026-09-10T08:46:10.7846970Z [================                       ] 41% Unzipping... emulator/lib/rtc_serv
2026-09-10T08:46:10.7847793Z [================                       ] 41% Unzipping... emulator/lib/advanced
2026-09-10T08:46:10.7848420Z [================                       ] 41% Unzipping... emulator/lib/cmake/  
2026-09-10T08:46:10.7849059Z [================                       ] 41% Unzipping... emulator/lib/emulator
2026-09-10T08:46:10.7849678Z [================                       ] 41% Unzipping... emulator/lib/control_
2026-09-10T08:46:10.7850334Z [================                       ] 41% Unzipping... emulator/lib/emulated
2026-09-10T08:46:10.7850962Z [================                       ] 41% Unzipping... emulator/lib/rtc_serv
2026-09-10T08:46:10.7851559Z [================                       ] 41% Unzipping... emulator/lib/emu-orig
2026-09-10T08:46:10.7852151Z [================                       ] 41% Unzipping... emulator/lib/hardware
2026-09-10T08:46:10.7852931Z [================                       ] 41% Unzipping... emulator/lib/pkgconfi
2026-09-10T08:46:10.7853534Z [================                       ] 41% Unzipping... emulator/lib/pc-bios/
2026-09-10T08:46:10.7854330Z [================                       ] 41% Unzipping... emulator/lib/snapshot
2026-09-10T08:46:10.7854923Z [================                       ] 41% Unzipping... emulator/lib/adb_serv
2026-09-10T08:46:10.7855697Z [================                       ] 41% Unzipping... emulator/lib/hostapd.
2026-09-10T08:46:10.7856411Z [================                       ] 41% Unzipping... emulator/lib/grpc_end
2026-09-10T08:46:10.7874757Z [================                       ] 41% Unzipping... emulator/lib/ca-bundl
2026-09-10T08:46:10.7897891Z [================                       ] 41% Unzipping... emulator/lib/ui_contr
2026-09-10T08:46:10.7898459Z [================                       ] 41% Unzipping... emulator/lib/snapshot
2026-09-10T08:46:10.7898862Z [================                       ] 41% Unzipping... emulator/lib/ice_conf
2026-09-10T08:46:10.8221356Z [================                       ] 41% Unzipping... emulator/lib/libflatb
2026-09-10T08:46:10.8228915Z [================                       ] 41% Unzipping... emulator/lib/emulator
2026-09-10T08:46:10.8231611Z [================                       ] 41% Unzipping... emulator/lib/waterfal
2026-09-10T08:46:10.8235017Z [================                       ] 41% Unzipping... emulator/lib/emulated
2026-09-10T08:46:10.8248663Z [================                       ] 41% Unzipping... emulator/lib/cmake/fl
2026-09-10T08:46:10.8250869Z [================                       ] 41% Unzipping... emulator/lib/pkgconfi
2026-09-10T08:46:10.8429556Z [================                       ] 41% Unzipping... emulator/lib/pc-bios/
2026-09-10T08:46:10.8509043Z [================                       ] 41% Unzipping... emulator/include/flat
2026-09-10T08:46:10.8586138Z [================                       ] 41% Unzipping... emulator/lib64/libgli
2026-09-10T08:46:10.8718107Z [================                       ] 41% Unzipping... emulator/lib64/libpro
2026-09-10T08:46:10.8719070Z [================                       ] 41% Unzipping... emulator/lib64/qt/   
2026-09-10T08:46:10.9154902Z [================                       ] 41% Unzipping... emulator/lib64/liband
2026-09-10T08:46:10.9181214Z [================                       ] 41% Unzipping... emulator/lib64/libgfx
2026-09-10T08:46:10.9918308Z [================                       ] 42% Unzipping... emulator/lib64/libgfx
2026-09-10T08:46:10.9919113Z [================                       ] 42% Unzipping... emulator/lib64/gles_l
2026-09-10T08:46:10.9928161Z [================                       ] 42% Unzipping... emulator/lib64/liband
2026-09-10T08:46:10.9928990Z [================                       ] 42% Unzipping... emulator/lib64/vulkan
2026-09-10T08:46:10.9930336Z [================                       ] 42% Unzipping... emulator/lib64/gles_s
2026-09-10T08:46:10.9933748Z [================                       ] 42% Unzipping... emulator/lib64/libemu
2026-09-10T08:46:11.0065919Z [================                       ] 42% Unzipping... emulator/lib64/libpro
2026-09-10T08:46:11.1208523Z [================                       ] 42% Unzipping... emulator/lib64/liband
2026-09-10T08:46:11.1755321Z [=================                      ] 43% Unzipping... emulator/lib64/liband
2026-09-10T08:46:11.1774910Z [=================                      ] 43% Unzipping... emulator/lib64/libtcm
2026-09-10T08:46:11.1778718Z [=================                      ] 43% Unzipping... emulator/lib64/libima
2026-09-10T08:46:11.1849093Z [=================                      ] 43% Unzipping... emulator/lib64/libc++
2026-09-10T08:46:11.2143989Z [=================                      ] 43% Unzipping... emulator/lib64/liband
2026-09-10T08:46:11.2193791Z [=================                      ] 43% Unzipping... emulator/lib64/libabs
2026-09-10T08:46:11.2194800Z [=================                      ] 43% Unzipping... emulator/lib64/gles_a
2026-09-10T08:46:11.2271541Z [=================                      ] 43% Unzipping... emulator/lib64/libsha
2026-09-10T08:46:11.2342858Z [=================                      ] 43% Unzipping... emulator/lib64/libc++
2026-09-10T08:46:11.2343786Z [=================                      ] 43% Unzipping... emulator/lib64/qt/res
2026-09-10T08:46:11.2344693Z [=================                      ] 43% Unzipping... emulator/lib64/qt/lib
2026-09-10T08:46:11.2345512Z [=================                      ] 43% Unzipping... emulator/lib64/qt/tra
2026-09-10T08:46:11.2346646Z [=================                      ] 43% Unzipping... emulator/lib64/qt/plu
2026-09-10T08:46:11.2478818Z [=================                      ] 43% Unzipping... emulator/lib64/qt/res
2026-09-10T08:46:11.3161736Z [=================                      ] 44% Unzipping... emulator/lib64/qt/res
2026-09-10T08:46:11.3286167Z [=================                      ] 44% Unzipping... emulator/lib64/qt/lib
2026-09-10T08:46:11.3959834Z [=================                      ] 45% Unzipping... emulator/lib64/qt/lib
2026-09-10T08:46:11.5286047Z [==================                     ] 45% Unzipping... emulator/lib64/qt/lib
2026-09-10T08:46:11.7051849Z [==================                     ] 46% Unzipping... emulator/lib64/qt/lib
2026-09-10T08:46:11.9217275Z [==================                     ] 47% Unzipping... emulator/lib64/qt/lib
2026-09-10T08:46:12.1413288Z [===================                    ] 48% Unzipping... emulator/lib64/qt/lib
2026-09-10T08:46:12.3448139Z [===================                    ] 49% Unzipping... emulator/lib64/qt/lib
2026-09-10T08:46:12.4423134Z [===================                    ] 50% Unzipping... emulator/lib64/qt/lib
2026-09-10T08:46:12.5534956Z [====================                   ] 50% Unzipping... emulator/lib64/qt/lib
2026-09-10T08:46:12.6157632Z [====================                   ] 51% Unzipping... emulator/lib64/qt/lib
2026-09-10T08:46:12.7369356Z [====================                   ] 51% Unzipping... emulator/lib64/qt/tra
2026-09-10T08:46:12.7501640Z [====================                   ] 51% Unzipping... emulator/lib64/qt/plu
2026-09-10T08:46:12.7936486Z [====================                   ] 51% Unzipping... emulator/lib64/gles_l
2026-09-10T08:46:12.8432616Z [====================                   ] 52% Unzipping... emulator/lib64/gles_l
2026-09-10T08:46:13.0199978Z [====================                   ] 52% Unzipping... emulator/lib64/vulkan
2026-09-10T08:46:13.2313863Z [=====================                  ] 53% Unzipping... emulator/lib64/vulkan
2026-09-10T08:46:13.4601996Z [=====================                  ] 54% Unzipping... emulator/lib64/vulkan
2026-09-10T08:46:13.4946037Z [=====================                  ] 54% Unzipping... emulator/lib64/gles_s
2026-09-10T08:46:13.5359839Z [=====================                  ] 55% Unzipping... emulator/lib64/gles_s
2026-09-10T08:46:13.6645827Z [=====================                  ] 55% Unzipping... emulator/lib64/gles_a
2026-09-10T08:46:13.6646870Z [=======================================] 100% Unzipping... emulator/lib64/gles_
2026-09-10T08:46:14.0593660Z 
2026-09-10T08:46:14.0709375Z [command]/usr/local/lib/android/sdk/cmdline-tools/20.0/bin/sdkmanager system-images;android-35;default;x86_64
2026-09-10T08:46:14.8646754Z Loading package information...                                                  
2026-09-10T08:46:14.9605615Z Loading local repository...                                                     
2026-09-10T08:46:14.9606765Z [                                       ] 3% Loading local repository...        
2026-09-10T08:46:14.9640891Z [                                       ] 3% Fetch remote repository...         
2026-09-10T08:46:15.2649663Z [=                                      ] 3% Fetch remote repository...         
2026-09-10T08:46:15.3124240Z [=                                      ] 4% Fetch remote repository...         
2026-09-10T08:46:15.3385175Z [=                                      ] 5% Fetch remote repository...         
2026-09-10T08:46:15.3834773Z [==                                     ] 5% Fetch remote repository...         
2026-09-10T08:46:15.4363078Z [==                                     ] 6% Fetch remote repository...         
2026-09-10T08:46:15.5120246Z [==                                     ] 7% Fetch remote repository...         
2026-09-10T08:46:15.5122137Z [==                                     ] 7% Computing updates...               
2026-09-10T08:46:15.5229227Z [===                                    ] 8% Computing updates...               
2026-09-10T08:46:15.5355964Z [===                                    ] 10% Computing updates...              
2026-09-10T08:46:15.9162021Z [===                                    ] 10% Installing Intel x86_64 Atom Syste
2026-09-10T08:46:16.3685989Z [===                                    ] 10% Downloading x86_64-35_r02.zip...  
2026-09-10T08:46:16.6701387Z [====                                   ] 10% Downloading x86_64-35_r02.zip...  
2026-09-10T08:46:16.9136332Z [====                                   ] 11% Downloading x86_64-35_r02.zip...  
2026-09-10T08:46:17.1194237Z [====                                   ] 12% Downloading x86_64-35_r02.zip...  
2026-09-10T08:46:17.1830630Z [=====                                  ] 13% Downloading x86_64-35_r02.zip...  
2026-09-10T08:46:17.2446889Z [=====                                  ] 14% Downloading x86_64-35_r02.zip...  
2026-09-10T08:46:17.2913989Z [=====                                  ] 15% Downloading x86_64-35_r02.zip...  
2026-09-10T08:46:17.3218160Z [======                                 ] 15% Downloading x86_64-35_r02.zip...  
2026-09-10T08:46:17.3823656Z [======                                 ] 16% Downloading x86_64-35_r02.zip...  
2026-09-10T08:46:17.4581685Z [======                                 ] 17% Downloading x86_64-35_r02.zip...  
2026-09-10T08:46:17.5197311Z [=======                                ] 18% Downloading x86_64-35_r02.zip...  
2026-09-10T08:46:17.5974496Z [=======                                ] 19% Downloading x86_64-35_r02.zip...  
2026-09-10T08:46:17.6378122Z [=======                                ] 20% Downloading x86_64-35_r02.zip...  
2026-09-10T08:46:17.6722144Z [========                               ] 20% Downloading x86_64-35_r02.zip...  
2026-09-10T08:46:17.7492525Z [========                               ] 21% Downloading x86_64-35_r02.zip...  
2026-09-10T08:46:17.8094391Z [========                               ] 22% Downloading x86_64-35_r02.zip...  
2026-09-10T08:46:17.8710709Z [=========                              ] 23% Downloading x86_64-35_r02.zip...  
2026-09-10T08:46:17.9482966Z [=========                              ] 24% Downloading x86_64-35_r02.zip...  
2026-09-10T08:46:17.9789624Z [=========                              ] 25% Downloading x86_64-35_r02.zip...  
2026-09-10T08:46:18.0087481Z [==========                             ] 25% Downloading x86_64-35_r02.zip...  
2026-09-10T08:46:18.0834992Z [==========                             ] 26% Downloading x86_64-35_r02.zip...  
2026-09-10T08:46:18.1436189Z [==========                             ] 27% Downloading x86_64-35_r02.zip...  
2026-09-10T08:46:18.2262108Z [===========                            ] 28% Downloading x86_64-35_r02.zip...  
2026-09-10T08:46:18.2901887Z [===========                            ] 29% Downloading x86_64-35_r02.zip...  
2026-09-10T08:46:18.3204201Z [===========                            ] 30% Downloading x86_64-35_r02.zip...  
2026-09-10T08:46:18.3658954Z [============                           ] 30% Downloading x86_64-35_r02.zip...  
2026-09-10T08:46:18.4268093Z [============                           ] 31% Downloading x86_64-35_r02.zip...  
2026-09-10T08:46:18.4880625Z [============                           ] 32% Downloading x86_64-35_r02.zip...  
2026-09-10T08:46:18.4892484Z [============                           ] 33% Downloading x86_64-35_r02.zip...  
2026-09-10T08:46:18.5385484Z [============                           ] 33% Unzipping...                      
2026-09-10T08:46:18.5404666Z [============                           ] 33% Unzipping... x86_64/NOTICE.txt    
2026-09-10T08:46:18.5610182Z [=============                          ] 33% Unzipping... x86_64/NOTICE.txt    
2026-09-10T08:46:18.5613115Z [=============                          ] 33% Unzipping... x86_64/VerifiedBootPa
2026-09-10T08:46:18.5616673Z [=============                          ] 33% Unzipping... x86_64/advancedFeatur
2026-09-10T08:46:18.5625659Z [=============                          ] 33% Unzipping... x86_64/build.prop    
2026-09-10T08:46:18.6329247Z [=============                          ] 33% Unzipping... x86_64/encryptionkey.
2026-09-10T08:46:18.7678328Z [=============                          ] 33% Unzipping... x86_64/kernel-ranchu 
2026-09-10T08:46:18.7685591Z [=============                          ] 33% Unzipping... x86_64/kernel_cmdline
2026-09-10T08:46:18.7867890Z [=============                          ] 33% Unzipping... x86_64/ramdisk.img   
2026-09-10T08:46:18.7882592Z [=============                          ] 33% Unzipping... x86_64/source.propert
2026-09-10T08:46:18.9675097Z [=============                          ] 33% Unzipping... x86_64/system.img    
2026-09-10T08:46:19.2327638Z [=============                          ] 34% Unzipping... x86_64/system.img    
2026-09-10T08:46:19.4058075Z [=============                          ] 35% Unzipping... x86_64/system.img    
2026-09-10T08:46:19.5141167Z [==============                         ] 35% Unzipping... x86_64/system.img    
2026-09-10T08:46:19.9274209Z [==============                         ] 36% Unzipping... x86_64/system.img    
2026-09-10T08:46:20.3704671Z [==============                         ] 37% Unzipping... x86_64/system.img    
2026-09-10T08:46:20.7504522Z [===============                        ] 38% Unzipping... x86_64/system.img    
2026-09-10T08:46:21.0780023Z [===============                        ] 39% Unzipping... x86_64/system.img    
2026-09-10T08:46:21.3577532Z [===============                        ] 40% Unzipping... x86_64/system.img    
2026-09-10T08:46:21.4813724Z [================                       ] 40% Unzipping... x86_64/system.img    
2026-09-10T08:46:21.8613315Z [================                       ] 41% Unzipping... x86_64/system.img    
2026-09-10T08:46:22.2882952Z [================                       ] 42% Unzipping... x86_64/system.img    
2026-09-10T08:46:22.7087587Z [=================                      ] 43% Unzipping... x86_64/system.img    
2026-09-10T08:46:22.9155551Z [=================                      ] 44% Unzipping... x86_64/system.img    
2026-09-10T08:46:23.0707393Z [=================                      ] 45% Unzipping... x86_64/system.img    
2026-09-10T08:46:23.2238702Z [==================                     ] 45% Unzipping... x86_64/system.img    
2026-09-10T08:46:23.5836610Z [==================                     ] 46% Unzipping... x86_64/system.img    
2026-09-10T08:46:23.9534242Z [==================                     ] 47% Unzipping... x86_64/system.img    
2026-09-10T08:46:24.3392431Z [===================                    ] 48% Unzipping... x86_64/system.img    
2026-09-10T08:46:24.7259964Z [===================                    ] 49% Unzipping... x86_64/system.img    
2026-09-10T08:46:24.9664473Z [===================                    ] 50% Unzipping... x86_64/system.img    
2026-09-10T08:46:25.1619163Z [====================                   ] 50% Unzipping... x86_64/system.img    
2026-09-10T08:46:25.5920199Z [====================                   ] 51% Unzipping... x86_64/system.img    
2026-09-10T08:46:25.9437602Z [====================                   ] 52% Unzipping... x86_64/system.img    
2026-09-10T08:46:26.2102484Z [=====================                  ] 53% Unzipping... x86_64/system.img    
2026-09-10T08:46:28.7019238Z [=====================                  ] 54% Unzipping... x86_64/system.img    
2026-09-10T08:46:28.9611985Z [=====================                  ] 54% Unzipping... x86_64/vendor.img    
2026-09-10T08:46:29.1969048Z [=====================                  ] 55% Unzipping... x86_64/vendor.img    
2026-09-10T08:46:29.1972432Z [=====================                  ] 55% Unzipping... x86_64/data/empty_dat
2026-09-10T08:46:29.1988313Z [=====================                  ] 55% Unzipping... x86_64/data/local.pro
2026-09-10T08:46:29.1989112Z [=====================                  ] 55% Unzipping... x86_64/data/misc/apns
2026-09-10T08:46:29.1989710Z [=====================                  ] 55% Unzipping... x86_64/data/misc/emul
2026-09-10T08:46:29.2001532Z [=====================                  ] 55% Unzipping... x86_64/data/misc/mode
2026-09-10T08:46:29.3359989Z [=====================                  ] 55% Unzipping... x86_64/data/misc/pixe
2026-09-10T08:46:29.3360876Z [=======================================] 100% Unzipping... x86_64/data/misc/pix
2026-09-10T08:46:29.4512382Z 
2026-09-10T08:46:29.4938595Z ##[group]Run actions/download-artifact@3e5f45b2cfb9172054b4087a40e8e0b5a5461e7c
2026-09-10T08:46:29.4939014Z with:
2026-09-10T08:46:29.4939250Z   name: godot-comparison-runtime-apk
2026-09-10T08:46:29.4939541Z   path: godot/qualification/build
2026-09-10T08:46:29.4939811Z   merge-multiple: false
2026-09-10T08:46:29.4940074Z   repository: Apdelrahman1911/PartyDeck
2026-09-10T08:46:29.4940354Z   run-id: 34456443339
2026-09-10T08:46:29.4940582Z   skip-decompress: false
2026-09-10T08:46:29.4940818Z   digest-mismatch: error
2026-09-10T08:46:29.4941035Z env:
2026-09-10T08:46:29.4941331Z   JAVA_HOME: /opt/hostedtoolcache/Java_Temurin-Hotspot_jdk/21.0.12-1/x64
2026-09-10T08:46:29.4941840Z   JAVA_HOME_21_X64: /opt/hostedtoolcache/Java_Temurin-Hotspot_jdk/21.0.12-1/x64
2026-09-10T08:46:29.4942227Z   MAVEN_ARGS: -ntp
2026-09-10T08:46:29.4942466Z   ANDROID_HOME: /usr/local/lib/android/sdk
2026-09-10T08:46:29.4942770Z   ANDROID_SDK_ROOT: /usr/local/lib/android/sdk
2026-09-10T08:46:29.4943095Z ##[endgroup]
2026-09-10T08:46:29.6257437Z Downloading single artifact
2026-09-10T08:46:29.7162597Z Preparing to download the following artifacts:
2026-09-10T08:46:29.7163588Z - godot-comparison-runtime-apk (ID: 10143831638, Size: 111371719, Expected Digest: sha256:dc0ccad8d06dc65cca8bc47c22c707b29302125bbdd0427a245b8bd5e42f7cd2)
2026-09-10T08:46:29.9103780Z Redirecting to blob download url: https://productionresultssa5.blob.core.windows.net/actions-results/9223b142-9576-4328-8a4b-ac5a56a664da/workflow-job-run-6f56fdd5-a6b5-5a58-bdda-95c6ce990a9b/artifacts/3a971a15ee91fdbdcae2dc4b733964c29443690d68ec726f24df2621b5096a1c.zip
2026-09-10T08:46:29.9105323Z Starting download of artifact to: /home/runner/work/PartyDeck/PartyDeck/godot/qualification/build
2026-09-10T08:46:29.9761530Z (node:2667) [DEP0005] DeprecationWarning: Buffer() is deprecated due to security and usability issues. Please use the Buffer.alloc(), Buffer.allocUnsafe(), or Buffer.from() methods instead.
2026-09-10T08:46:29.9762584Z (Use `node --trace-deprecation ...` to show where the warning was created)
2026-09-10T08:46:32.2956582Z SHA256 digest of downloaded artifact is dc0ccad8d06dc65cca8bc47c22c707b29302125bbdd0427a245b8bd5e42f7cd2
2026-09-10T08:46:32.2958061Z Artifact download completed successfully.
2026-09-10T08:46:32.2958766Z Total of 1 artifact(s) downloaded
2026-09-10T08:46:32.2962326Z Download artifact has finished successfully
2026-09-10T08:46:32.3146086Z ##[group]Run python3 -B godot/tools/renderer.py check-pack \
2026-09-10T08:46:32.3146927Z [36;1mpython3 -B godot/tools/renderer.py check-pack \[0m
2026-09-10T08:46:32.3147979Z [36;1m  --pack godot/qualification/build/renderer/partydeck-last-light.pck[0m
2026-09-10T08:46:32.3148711Z [36;1mpython3 - <<'PY'[0m
2026-09-10T08:46:32.3149119Z [36;1mimport hashlib[0m
2026-09-10T08:46:32.3149498Z [36;1mimport json[0m
2026-09-10T08:46:32.3149875Z [36;1mimport os[0m
2026-09-10T08:46:32.3150251Z [36;1mfrom pathlib import Path[0m
2026-09-10T08:46:32.3150689Z [36;1mimport zipfile[0m
2026-09-10T08:46:32.3151053Z [36;1m[0m
2026-09-10T08:46:32.3151454Z [36;1mbuild = Path('godot/qualification/build')[0m
2026-09-10T08:46:32.3152225Z [36;1mapk = build / 'modules/androidHost/outputs/apk/debug/androidHost-debug.apk'[0m
2026-09-10T08:46:32.3153060Z [36;1mpack = build / 'renderer/partydeck-last-light.pck'[0m
2026-09-10T08:46:32.3153644Z [36;1mdigest = hashlib.sha256()[0m
2026-09-10T08:46:32.3154155Z [36;1mwith apk.open('rb') as stream:[0m
2026-09-10T08:46:32.3154738Z [36;1m    for block in iter(lambda: stream.read(1048576), b''):[0m
2026-09-10T08:46:32.3155323Z [36;1m        digest.update(block)[0m
2026-09-10T08:46:32.3156048Z [36;1mapk_hash = digest.hexdigest()[0m
2026-09-10T08:46:32.3156555Z [36;1mwith zipfile.ZipFile(apk) as archive:[0m
2026-09-10T08:46:32.3157453Z [36;1m    entry = 'assets/partydeck-last-light.pck'[0m
2026-09-10T08:46:32.3158063Z [36;1m    if archive.namelist().count(entry) != 1:[0m
2026-09-10T08:46:32.3158821Z [36;1m        raise SystemExit('The debug APK must contain exactly one renderer PCK.')[0m
2026-09-10T08:46:32.3159797Z [36;1m    embedded_hash = hashlib.sha256(archive.read(entry)).hexdigest()[0m
2026-09-10T08:46:32.3160587Z [36;1mpack_hash = hashlib.sha256(pack.read_bytes()).hexdigest()[0m
2026-09-10T08:46:32.3161253Z [36;1mreport = build / 'ci/package-inputs.json'[0m
2026-09-10T08:46:32.3161894Z [36;1mreport.parent.mkdir(parents=True, exist_ok=True)[0m
2026-09-10T08:46:32.3162487Z [36;1mreport.write_text(json.dumps({[0m
2026-09-10T08:46:32.3163131Z [36;1m    'sourceCommit': os.environ['GITHUB_SHA'], 'apkSha256': apk_hash,[0m
2026-09-10T08:46:32.3163931Z [36;1m    'packSha256': pack_hash, 'embeddedPackSha256': embedded_hash,[0m
2026-09-10T08:46:32.3164623Z [36;1m    'samePack': embedded_hash == pack_hash,[0m
2026-09-10T08:46:32.3165138Z [36;1m}, indent=2) + '\n')[0m
2026-09-10T08:46:32.3165569Z [36;1mif embedded_hash != pack_hash:[0m
2026-09-10T08:46:32.3166324Z [36;1m    raise SystemExit('The APK renderer PCK differs from the exported comparison PCK.')[0m
2026-09-10T08:46:32.3167243Z [36;1mPY[0m
2026-09-10T08:46:32.3225481Z shell: /usr/bin/bash -e {0}
2026-09-10T08:46:32.3225915Z env:
2026-09-10T08:46:32.3226442Z   JAVA_HOME: /opt/hostedtoolcache/Java_Temurin-Hotspot_jdk/21.0.12-1/x64
2026-09-10T08:46:32.3227525Z   JAVA_HOME_21_X64: /opt/hostedtoolcache/Java_Temurin-Hotspot_jdk/21.0.12-1/x64
2026-09-10T08:46:32.3228209Z   MAVEN_ARGS: -ntp
2026-09-10T08:46:32.3228614Z   ANDROID_HOME: /usr/local/lib/android/sdk
2026-09-10T08:46:32.3229145Z   ANDROID_SDK_ROOT: /usr/local/lib/android/sdk
2026-09-10T08:46:32.3229625Z ##[endgroup]
2026-09-10T08:46:32.4218708Z PCK checks passed: 136 entries; SHA-256 8f24944d61b0430cfec4a32bb1d03d2c7da9f55918264e9cfcded1c675d21539
2026-09-10T08:46:32.7313276Z ##[group]Run test -e /dev/kvm
2026-09-10T08:46:32.7313599Z [36;1mtest -e /dev/kvm[0m
2026-09-10T08:46:32.7313857Z [36;1msudo chmod a+rw /dev/kvm[0m
2026-09-10T08:46:32.7353880Z shell: /usr/bin/bash -e {0}
2026-09-10T08:46:32.7354150Z env:
2026-09-10T08:46:32.7354480Z   JAVA_HOME: /opt/hostedtoolcache/Java_Temurin-Hotspot_jdk/21.0.12-1/x64
2026-09-10T08:46:32.7354994Z   JAVA_HOME_21_X64: /opt/hostedtoolcache/Java_Temurin-Hotspot_jdk/21.0.12-1/x64
2026-09-10T08:46:32.7355389Z   MAVEN_ARGS: -ntp
2026-09-10T08:46:32.7355638Z   ANDROID_HOME: /usr/local/lib/android/sdk
2026-09-10T08:46:32.7355954Z   ANDROID_SDK_ROOT: /usr/local/lib/android/sdk
2026-09-10T08:46:32.7356253Z ##[endgroup]
2026-09-10T08:46:32.7536022Z ##[group]Run timeout --signal=TERM --kill-after=30s 38m bash godot/android-checks/emulator.sh \
2026-09-10T08:46:32.7536723Z [36;1mtimeout --signal=TERM --kill-after=30s 38m bash godot/android-checks/emulator.sh \[0m
2026-09-10T08:46:32.7537763Z [36;1m  godot/qualification/build/modules/androidHost/outputs/apk/debug/androidHost-debug.apk \[0m
2026-09-10T08:46:32.7538347Z [36;1m  "$PARTYDECK_GODOT_CI_MODE" "$PARTYDECK_GODOT_CI_FONT_SCALE" \[0m
2026-09-10T08:46:32.7538771Z [36;1m  godot/qualification/build/ci/android[0m
2026-09-10T08:46:32.7575184Z shell: /usr/bin/bash -e {0}
2026-09-10T08:46:32.7575450Z env:
2026-09-10T08:46:32.7575772Z   JAVA_HOME: /opt/hostedtoolcache/Java_Temurin-Hotspot_jdk/21.0.12-1/x64
2026-09-10T08:46:32.7576274Z   JAVA_HOME_21_X64: /opt/hostedtoolcache/Java_Temurin-Hotspot_jdk/21.0.12-1/x64
2026-09-10T08:46:32.7576669Z   MAVEN_ARGS: -ntp
2026-09-10T08:46:32.7576914Z   ANDROID_HOME: /usr/local/lib/android/sdk
2026-09-10T08:46:32.7577477Z   ANDROID_SDK_ROOT: /usr/local/lib/android/sdk
2026-09-10T08:46:32.7577792Z   PARTYDECK_GODOT_CI_MODE: 3d
2026-09-10T08:46:32.7578063Z   PARTYDECK_GODOT_CI_FONT_SCALE: 2.0
2026-09-10T08:46:32.7578336Z ##[endgroup]
2026-09-10T08:46:32.8029809Z accel:
2026-09-10T08:46:32.8030193Z 0
2026-09-10T08:46:32.8030691Z KVM (version 12) is installed and usable.
2026-09-10T08:46:33.0846857Z * daemon not running; starting now at tcp:5037
2026-09-10T08:46:33.0847713Z accel
2026-09-10T08:46:33.2614378Z * daemon started successfully
2026-09-10T08:46:34.2558431Z Loading local repository...                                                     
2026-09-10T08:46:34.5009835Z [=========                              ] 25% Loading local repository...       
2026-09-10T08:46:34.5010966Z Auto-selecting single ABI x86_64
2026-09-10T08:47:12.6996583Z [avd-preparation-1] Verified responsive Android launcher before app installation
2026-09-10T08:47:15.4823283Z AVD prepared; strict debug and optimized APK acceptance can begin.
2026-09-10T08:47:23.7045300Z [godot-comparison] Verified responsive Android launcher before app installation
2026-09-10T08:47:32.3923854Z [godot-comparison] Tapped reference_scenario
2026-09-10T08:47:40.6315817Z [godot-comparison] Tapped sound_enabled
2026-09-10T08:47:46.4846737Z [godot-comparison] Captured chooser
2026-09-10T08:47:48.5397926Z [godot-comparison] Tapped launch_3d
2026-09-10T08:47:56.2803636Z [godot-comparison] Verified real 3d match setup, Ready and concealed renderer
2026-09-10T08:48:00.1015941Z [godot-comparison] Captured 01-concealed
2026-09-10T08:48:04.2166258Z [godot-comparison] Tapped refresh_diagnostics
2026-09-10T08:48:12.5209992Z [godot-comparison] Tapped refresh_diagnostics
2026-09-10T08:48:18.5614224Z [godot-comparison] Captured 02-revealed
2026-09-10T08:48:22.6202503Z [godot-comparison] Tapped refresh_diagnostics
2026-09-10T08:48:30.9702898Z [godot-comparison] Tapped refresh_diagnostics
2026-09-10T08:48:37.0133436Z [godot-comparison] Captured 03-selected
2026-09-10T08:48:41.0925267Z [godot-comparison] Tapped refresh_diagnostics
2026-09-10T08:48:49.4928658Z [godot-comparison] Tapped refresh_diagnostics
2026-09-10T08:48:55.6132445Z [godot-comparison] Captured 04-covered
2026-09-10T08:48:59.7064375Z [godot-comparison] Tapped refresh_diagnostics
2026-09-10T08:49:08.2235403Z [godot-comparison] Tapped refresh_diagnostics
2026-09-10T08:49:14.5084027Z [godot-comparison] Tapped refresh_diagnostics
2026-09-10T08:49:23.0015789Z [godot-comparison] Tapped refresh_diagnostics
2026-09-10T08:49:34.7049635Z [godot-comparison] Captured 05-background-home
2026-09-10T08:49:40.3182831Z [godot-comparison] Captured 06-recents-privacy
2026-09-10T08:49:45.2776788Z [godot-comparison] Tapped refresh_diagnostics
2026-09-10T08:49:51.3449773Z [godot-comparison] Captured 07-resumed-concealed
2026-09-10T08:49:55.4671146Z [godot-comparison] Tapped refresh_diagnostics
2026-09-10T08:50:03.8666223Z [godot-comparison] Tapped refresh_diagnostics
2026-09-10T08:50:10.1305704Z [godot-comparison] Tapped refresh_diagnostics
2026-09-10T08:50:18.5766448Z [godot-comparison] Tapped refresh_diagnostics
2026-09-10T08:50:24.8487595Z [godot-comparison] Tapped refresh_diagnostics
2026-09-10T08:50:34.0814441Z [godot-comparison] Tapped refresh_diagnostics
2026-09-10T08:50:42.9752277Z [godot-comparison] Tapped refresh_diagnostics
2026-09-10T08:50:49.2303005Z [godot-comparison] Tapped refresh_diagnostics
2026-09-10T08:50:55.4096319Z [godot-comparison] Captured 08-after-play
2026-09-10T08:50:59.3736597Z [godot-comparison] Captured 09-public-outcome
2026-09-10T08:51:03.4595092Z [godot-comparison] Tapped refresh_diagnostics
2026-09-10T08:51:12.2135897Z [godot-comparison] Tapped refresh_diagnostics
2026-09-10T08:51:21.0433706Z [godot-comparison] Tapped refresh_diagnostics
2026-09-10T08:51:27.2821820Z [godot-comparison] Tapped refresh_diagnostics
2026-09-10T08:51:33.3962937Z [godot-comparison] Captured 10-next-round
2026-09-10T08:51:37.4744994Z [godot-comparison] Tapped refresh_diagnostics
2026-09-10T08:51:46.2374570Z [godot-comparison] Tapped refresh_diagnostics
2026-09-10T08:51:55.1387882Z [godot-comparison] Tapped refresh_diagnostics
2026-09-10T08:52:01.4350471Z [godot-comparison] Tapped refresh_diagnostics
2026-09-10T08:52:07.7492288Z [godot-comparison] Tapped refresh_diagnostics
2026-09-10T08:52:16.4784423Z [godot-comparison] Tapped refresh_diagnostics
2026-09-10T08:52:25.3824125Z [godot-comparison] Tapped refresh_diagnostics
2026-09-10T08:52:31.6495946Z [godot-comparison] Tapped refresh_diagnostics
2026-09-10T08:52:37.9296445Z [godot-comparison] Tapped refresh_diagnostics
2026-09-10T08:52:47.3694645Z [godot-comparison] Tapped refresh_diagnostics
2026-09-10T08:52:56.1490199Z [godot-comparison] Tapped refresh_diagnostics
2026-09-10T08:53:04.6113248Z [godot-comparison] Tapped refresh_diagnostics
2026-09-10T08:53:10.8475069Z [godot-comparison] Tapped refresh_diagnostics
2026-09-10T08:53:16.9559739Z [godot-comparison] Captured 11-after-challenge
2026-09-10T08:53:21.0329458Z [godot-comparison] Tapped refresh_diagnostics
2026-09-10T08:53:29.8429043Z [godot-comparison] Tapped refresh_diagnostics
2026-09-10T08:53:38.3206171Z [godot-comparison] Tapped refresh_diagnostics
2026-09-10T08:53:44.5479603Z [godot-comparison] Tapped refresh_diagnostics
2026-09-10T08:53:50.7622695Z [godot-comparison] Tapped refresh_diagnostics
2026-09-10T08:53:59.0875849Z [godot-comparison] Tapped refresh_diagnostics
2026-09-10T08:54:05.3030674Z [godot-comparison] Tapped refresh_diagnostics
2026-09-10T08:54:13.6476254Z [godot-comparison] Tapped refresh_diagnostics
2026-09-10T08:54:19.9043925Z [godot-comparison] Tapped refresh_diagnostics
2026-09-10T08:54:28.7153723Z [godot-comparison] Tapped refresh_diagnostics
2026-09-10T08:54:37.5973567Z [godot-comparison] Tapped refresh_diagnostics
2026-09-10T08:54:43.8705111Z [godot-comparison] Tapped refresh_diagnostics
2026-09-10T08:54:50.0754766Z [godot-comparison] Tapped refresh_diagnostics
2026-09-10T08:54:59.1399652Z [godot-comparison] Tapped refresh_diagnostics
2026-09-10T08:55:08.0047262Z [godot-comparison] Tapped refresh_diagnostics
2026-09-10T08:55:14.2577228Z [godot-comparison] Tapped refresh_diagnostics
2026-09-10T08:55:20.5264671Z [godot-comparison] Tapped refresh_diagnostics
2026-09-10T08:55:29.4198680Z [godot-comparison] Tapped refresh_diagnostics
2026-09-10T08:55:38.2464953Z [godot-comparison] Tapped refresh_diagnostics
2026-09-10T08:55:44.4848967Z [godot-comparison] Tapped refresh_diagnostics
2026-09-10T08:55:50.7401597Z [godot-comparison] Tapped refresh_diagnostics
2026-09-10T08:55:59.8563644Z [godot-comparison] Tapped refresh_diagnostics
2026-09-10T08:56:08.6513469Z [godot-comparison] Tapped refresh_diagnostics
2026-09-10T08:56:14.9064710Z [godot-comparison] Tapped refresh_diagnostics
2026-09-10T08:56:21.1483459Z [godot-comparison] Tapped refresh_diagnostics
2026-09-10T08:56:30.4940345Z [godot-comparison] Tapped refresh_diagnostics
2026-09-10T08:56:39.3307901Z [godot-comparison] Tapped refresh_diagnostics
2026-09-10T08:56:47.8080693Z [godot-comparison] Tapped refresh_diagnostics
2026-09-10T08:56:54.1198176Z [godot-comparison] Tapped refresh_diagnostics
2026-09-10T08:57:00.3899065Z [godot-comparison] Tapped refresh_diagnostics
2026-09-10T08:57:09.5728254Z [godot-comparison] Tapped refresh_diagnostics
2026-09-10T08:57:18.4441494Z [godot-comparison] Tapped refresh_diagnostics
2026-09-10T08:57:24.7023773Z [godot-comparison] Tapped refresh_diagnostics
2026-09-10T08:57:30.9578194Z [godot-comparison] Tapped refresh_diagnostics
2026-09-10T08:57:39.7518962Z [godot-comparison] Tapped refresh_diagnostics
2026-09-10T08:57:48.6442223Z [godot-comparison] Tapped refresh_diagnostics
2026-09-10T08:57:54.9094909Z [godot-comparison] Tapped refresh_diagnostics
2026-09-10T08:58:01.1741763Z [godot-comparison] Tapped refresh_diagnostics
2026-09-10T08:58:10.0097633Z [godot-comparison] Tapped refresh_diagnostics
2026-09-10T08:58:18.9111419Z [godot-comparison] Tapped refresh_diagnostics
2026-09-10T08:58:25.1920036Z [godot-comparison] Tapped refresh_diagnostics
2026-09-10T08:58:31.3955869Z [godot-comparison] Tapped refresh_diagnostics
2026-09-10T08:58:40.1922504Z [godot-comparison] Tapped refresh_diagnostics
2026-09-10T08:58:49.0091152Z [godot-comparison] Tapped refresh_diagnostics
2026-09-10T08:58:55.2433587Z [godot-comparison] Tapped refresh_diagnostics
2026-09-10T08:59:01.4639161Z [godot-comparison] Tapped refresh_diagnostics
2026-09-10T08:59:10.6095078Z [godot-comparison] Tapped refresh_diagnostics
2026-09-10T08:59:19.4323243Z [godot-comparison] Tapped refresh_diagnostics
2026-09-10T08:59:25.7592079Z [godot-comparison] Tapped refresh_diagnostics
2026-09-10T08:59:31.9966015Z [godot-comparison] Tapped refresh_diagnostics
2026-09-10T08:59:40.8100237Z [godot-comparison] Tapped refresh_diagnostics
2026-09-10T08:59:49.6375271Z [godot-comparison] Tapped refresh_diagnostics
2026-09-10T08:59:55.9130576Z [godot-comparison] Tapped refresh_diagnostics
2026-09-10T09:00:01.9658561Z [godot-comparison] Captured 12-winner
2026-09-10T09:00:06.0439734Z [godot-comparison] Tapped refresh_diagnostics
2026-09-10T09:00:15.4961220Z [godot-comparison] Tapped refresh_diagnostics
2026-09-10T09:00:27.3103436Z Missing actual native teardown marker: closeSignalAcknowledged
2026-09-10T09:00:29.3570264Z ##[error]Process completed with exit code 1.
2026-09-10T09:00:29.3755884Z Prepare all required actions
2026-09-10T09:00:29.3756452Z Getting action download info
2026-09-10T09:00:29.5897836Z Download action repository 'actions/upload-artifact@043fb46d1a93c77aae656e7c1c64a875d1fc6a0a' (SHA:043fb46d1a93c77aae656e7c1c64a875d1fc6a0a)
2026-09-10T09:00:29.6894723Z ##[group]Run ./.github/actions/upload-artifact
2026-09-10T09:00:29.6895039Z with:
2026-09-10T09:00:29.6895278Z   name: godot-android-3d-font-2.0-debug
2026-09-10T09:00:29.6896246Z   path: godot/qualification/build/ci/package-inputs.json
godot/qualification/build/ci/android/**/*.log
godot/qualification/build/ci/android/**/*.json
godot/qualification/build/ci/android/**/*.xml
godot/qualification/build/ci/android/**/*.png

2026-09-10T09:00:29.6897381Z   retention-days: 14
2026-09-10T09:00:29.6897624Z   if-no-files-found: warn
2026-09-10T09:00:29.6897855Z env:
2026-09-10T09:00:29.6898165Z   JAVA_HOME: /opt/hostedtoolcache/Java_Temurin-Hotspot_jdk/21.0.12-1/x64
2026-09-10T09:00:29.6898707Z   JAVA_HOME_21_X64: /opt/hostedtoolcache/Java_Temurin-Hotspot_jdk/21.0.12-1/x64
2026-09-10T09:00:29.6899098Z   MAVEN_ARGS: -ntp
2026-09-10T09:00:29.6899335Z   ANDROID_HOME: /usr/local/lib/android/sdk
2026-09-10T09:00:29.6899644Z   ANDROID_SDK_ROOT: /usr/local/lib/android/sdk
2026-09-10T09:00:29.6899928Z ##[endgroup]
2026-09-10T09:00:29.6960993Z ##[start-action display=Upload artifact;id=__self.first]
2026-09-10T09:00:29.7004219Z ##[group]Run actions/upload-artifact@043fb46d1a93c77aae656e7c1c64a875d1fc6a0a
2026-09-10T09:00:29.7004620Z with:
2026-09-10T09:00:29.7004845Z   name: godot-android-3d-font-2.0-debug
2026-09-10T09:00:29.7005799Z   path: godot/qualification/build/ci/package-inputs.json
godot/qualification/build/ci/android/**/*.log
godot/qualification/build/ci/android/**/*.json
godot/qualification/build/ci/android/**/*.xml
godot/qualification/build/ci/android/**/*.png

2026-09-10T09:00:29.7006710Z   retention-days: 14
2026-09-10T09:00:29.7006939Z   if-no-files-found: warn
2026-09-10T09:00:29.7007322Z   compression-level: 6
2026-09-10T09:00:29.7007553Z   overwrite: false
2026-09-10T09:00:29.7007786Z   include-hidden-files: false
2026-09-10T09:00:29.7008033Z   archive: true
2026-09-10T09:00:29.7008240Z env:
2026-09-10T09:00:29.7008545Z   JAVA_HOME: /opt/hostedtoolcache/Java_Temurin-Hotspot_jdk/21.0.12-1/x64
2026-09-10T09:00:29.7009035Z   JAVA_HOME_21_X64: /opt/hostedtoolcache/Java_Temurin-Hotspot_jdk/21.0.12-1/x64
2026-09-10T09:00:29.7009423Z   MAVEN_ARGS: -ntp
2026-09-10T09:00:29.7009666Z   ANDROID_HOME: /usr/local/lib/android/sdk
2026-09-10T09:00:29.7009971Z   ANDROID_SDK_ROOT: /usr/local/lib/android/sdk
2026-09-10T09:00:29.7010255Z ##[endgroup]
2026-09-10T09:00:29.8735109Z Multiple search paths detected. Calculating the least common ancestor of all paths
2026-09-10T09:00:29.8737433Z The least common ancestor is /home/runner/work/PartyDeck/PartyDeck/godot/qualification/build/ci. This will be the root directory of the artifact
2026-09-10T09:00:29.8738735Z With the provided path, there will be 92 files uploaded
2026-09-10T09:00:29.8739636Z Artifact name is valid!
2026-09-10T09:00:29.8740551Z Root directory input is valid!
2026-09-10T09:00:30.0735392Z Uploading artifact: godot-android-3d-font-2.0-debug.zip
2026-09-10T09:00:30.0773707Z Beginning upload of artifact content to blob storage
2026-09-10T09:00:30.5134293Z Uploaded bytes 4649774
2026-09-10T09:00:30.5284994Z Finished uploading artifact content to blob storage!
2026-09-10T09:00:30.5286501Z SHA256 digest of uploaded artifact is 0b5228fd59a87249f4d03f56882f2bbeb2477d46b0e503018c7bd69dcf09cf2a
2026-09-10T09:00:30.5289041Z Finalizing artifact upload
2026-09-10T09:00:30.7562145Z Artifact godot-android-3d-font-2.0-debug successfully finalized. Artifact ID 10144384836
2026-09-10T09:00:30.7563117Z Artifact godot-android-3d-font-2.0-debug has been successfully uploaded! Final size is 4649774 bytes. Artifact ID is 10144384836
2026-09-10T09:00:30.7566045Z Artifact download URL: https://github.com/Apdelrahman1911/PartyDeck/actions/runs/34456443339/artifacts/10144384836
2026-09-10T09:00:30.7694915Z ##[end-action id=__self.first;outcome=success;conclusion=success;duration_ms=1073]
2026-09-10T09:00:30.7701003Z ##[start-action display=Wait before the single upload retry;id=__self.__run]
2026-09-10T09:00:30.7707922Z ##[end-action id=__self.__run;outcome=skipped;conclusion=skipped;duration_ms=0]
2026-09-10T09:00:30.7709951Z ##[start-action display=Retry artifact upload;id=__self.retry]
2026-09-10T09:00:30.7714076Z ##[end-action id=__self.retry;outcome=skipped;conclusion=skipped;duration_ms=0]
2026-09-10T09:00:30.7715859Z ##[start-action display=Require a successful upload attempt;id=__self.__run_2]
2026-09-10T09:00:30.7723740Z ##[end-action id=__self.__run_2;outcome=skipped;conclusion=skipped;duration_ms=0]
2026-09-10T09:00:30.7851057Z Post job cleanup.
2026-09-10T09:00:30.8769600Z Post job cleanup.
2026-09-10T09:00:30.9856830Z [command]/usr/bin/git version
2026-09-10T09:00:30.9896181Z git version 2.55.0
2026-09-10T09:00:30.9961990Z Temporarily overriding HOME='/home/runner/work/_temp/8a0586b3-e304-4b1e-8b18-477a7e76306b' before making global git config changes
2026-09-10T09:00:30.9963804Z Adding repository directory to the temporary git global config as a safe directory
2026-09-10T09:00:30.9966153Z [command]/usr/bin/git config --global --add safe.directory /home/runner/work/PartyDeck/PartyDeck
2026-09-10T09:00:31.0014676Z Removing SSH command configuration
2026-09-10T09:00:31.0025456Z [command]/usr/bin/git config --local --name-only --get-regexp core\.sshCommand
2026-09-10T09:00:31.0110355Z [command]/usr/bin/git submodule foreach --recursive sh -c "git config --local --name-only --get-regexp 'core\.sshCommand' && git config --local --unset-all 'core.sshCommand' || :"
2026-09-10T09:00:31.0430629Z Removing HTTP extra header
2026-09-10T09:00:31.0438368Z [command]/usr/bin/git config --local --name-only --get-regexp http\.https\:\/\/github\.com\/\.extraheader
2026-09-10T09:00:31.0476471Z [command]/usr/bin/git submodule foreach --recursive sh -c "git config --local --name-only --get-regexp 'http\.https\:\/\/github\.com\/\.extraheader' && git config --local --unset-all 'http.https://github.com/.extraheader' || :"
2026-09-10T09:00:31.0751685Z Removing includeIf entries pointing to credentials config files
2026-09-10T09:00:31.0760526Z [command]/usr/bin/git config --local --name-only --get-regexp ^includeIf\.gitdir:
2026-09-10T09:00:31.0802082Z [command]/usr/bin/git submodule foreach --recursive git config --local --show-origin --name-only --get-regexp remote.origin.url
2026-09-10T09:00:31.1200848Z Cleaning up orphan processes
2026-09-10T09:00:31.1491231Z Terminate orphan process: pid (2704) (adb)
