2026-09-10T08:45:47.4856471Z Current runner version: '2.337.0'
2026-09-10T08:45:47.4881650Z ##[group]Runner Image Provisioner
2026-09-10T08:45:47.4882627Z Hosted Compute Agent
2026-09-10T08:45:47.4883269Z Version: 20260828.587
2026-09-10T08:45:47.4884048Z Commit: abac92662cab4cc7352de4f9f9d2e2419aad9c29
2026-09-10T08:45:47.4884933Z Build Date: 2026-08-28T16:44:25Z
2026-09-10T08:45:47.4885680Z Worker ID: {48f6b438-86fa-4d5c-82c7-47303a4dd04e}
2026-09-10T08:45:47.4886522Z Azure Region: eastus
2026-09-10T08:45:47.4887169Z ##[endgroup]
2026-09-10T08:45:47.4888588Z ##[group]Operating System
2026-09-10T08:45:47.4889406Z Ubuntu
2026-09-10T08:45:47.4889938Z 24.04.4
2026-09-10T08:45:47.4890935Z LTS
2026-09-10T08:45:47.4891505Z ##[endgroup]
2026-09-10T08:45:47.4892540Z ##[group]Runner Image
2026-09-10T08:45:47.4893233Z Image: ubuntu-24.04
2026-09-10T08:45:47.4893875Z Version: 20260831.293.1
2026-09-10T08:45:47.4895277Z Included Software: https://github.com/actions/runner-images/blob/ubuntu24/20260831.293/images/ubuntu/Ubuntu2404-Readme.md
2026-09-10T08:45:47.4897194Z Image Release: https://github.com/actions/runner-images/releases/tag/ubuntu24%2F20260831.293
2026-09-10T08:45:47.4898409Z ##[endgroup]
2026-09-10T08:45:47.4899563Z ##[group]GITHUB_TOKEN Permissions
2026-09-10T08:45:47.4902320Z Contents: read
2026-09-10T08:45:47.4902985Z Metadata: read
2026-09-10T08:45:47.4903701Z ##[endgroup]
2026-09-10T08:45:47.4905788Z Secret source: Actions
2026-09-10T08:45:47.4906862Z Cache mode: write
2026-09-10T08:45:47.4907698Z Prepare workflow directory
2026-09-10T08:45:47.5237005Z Prepare all required actions
2026-09-10T08:45:47.5284756Z Getting action download info
2026-09-10T08:45:47.7817877Z Download action repository 'actions/checkout@3d3c42e5aac5ba805825da76410c181273ba90b1' (SHA:3d3c42e5aac5ba805825da76410c181273ba90b1)
2026-09-10T08:45:47.9191814Z Download action repository 'actions/setup-java@de7274f081f381c8f8158605e0321c36c376e2e6' (SHA:de7274f081f381c8f8158605e0321c36c376e2e6)
2026-09-10T08:45:48.1860473Z Download action repository 'android-actions/setup-android@40fd30fb8d7440372e1316f5d1809ec01dcd3699' (SHA:40fd30fb8d7440372e1316f5d1809ec01dcd3699)
2026-09-10T08:45:48.2900973Z Download action repository 'actions/download-artifact@3e5f45b2cfb9172054b4087a40e8e0b5a5461e7c' (SHA:3e5f45b2cfb9172054b4087a40e8e0b5a5461e7c)
2026-09-10T08:45:48.5727846Z Complete job name: Android 3d / 1.0x text / debug
2026-09-10T08:45:48.6566614Z ##[group]Run actions/checkout@3d3c42e5aac5ba805825da76410c181273ba90b1
2026-09-10T08:45:48.6567840Z with:
2026-09-10T08:45:48.6568482Z   persist-credentials: false
2026-09-10T08:45:48.6569130Z   repository: Apdelrahman1911/PartyDeck
2026-09-10T08:45:48.6573695Z   token: ***
2026-09-10T08:45:48.6574294Z   ssh-strict: true
2026-09-10T08:45:48.6574831Z   ssh-user: git
2026-09-10T08:45:48.6575405Z   clean: true
2026-09-10T08:45:48.6575949Z   sparse-checkout-cone-mode: true
2026-09-10T08:45:48.6576553Z   fetch-depth: 1
2026-09-10T08:45:48.6577186Z   fetch-tags: false
2026-09-10T08:45:48.6577840Z   show-progress: true
2026-09-10T08:45:48.6578474Z   lfs: false
2026-09-10T08:45:48.6578995Z   submodules: false
2026-09-10T08:45:48.6579531Z   set-safe-directory: true
2026-09-10T08:45:48.6580221Z   allow-unsafe-pr-checkout: false
2026-09-10T08:45:48.6581326Z ##[endgroup]
2026-09-10T08:45:48.7638821Z Syncing repository: Apdelrahman1911/PartyDeck
2026-09-10T08:45:48.7642805Z ##[group]Getting Git version info
2026-09-10T08:45:48.7644165Z Working directory is '/home/runner/work/PartyDeck/PartyDeck'
2026-09-10T08:45:48.7646196Z [command]/usr/bin/git version
2026-09-10T08:45:48.7740866Z git version 2.55.0
2026-09-10T08:45:48.7768575Z ##[endgroup]
2026-09-10T08:45:48.7782578Z Temporarily overriding HOME='/home/runner/work/_temp/25a6d7fe-0875-4edb-a3bf-795bf490e34f' before making global git config changes
2026-09-10T08:45:48.7784567Z Adding repository directory to the temporary git global config as a safe directory
2026-09-10T08:45:48.7789323Z [command]/usr/bin/git config --global --add safe.directory /home/runner/work/PartyDeck/PartyDeck
2026-09-10T08:45:48.7845436Z Deleting the contents of '/home/runner/work/PartyDeck/PartyDeck'
2026-09-10T08:45:48.7848893Z ##[group]Determining repository object format
2026-09-10T08:45:48.7850819Z ##[endgroup]
2026-09-10T08:45:48.7851992Z ##[group]Initializing the repository
2026-09-10T08:45:48.7856803Z [command]/usr/bin/git init /home/runner/work/PartyDeck/PartyDeck
2026-09-10T08:45:48.7980389Z hint: Using 'master' as the name for the initial branch. This default branch name
2026-09-10T08:45:48.7983339Z hint: will change to "main" in Git 3.0. To configure the initial branch name
2026-09-10T08:45:48.7985213Z hint: to use in all of your new repositories, which will suppress this warning,
2026-09-10T08:45:48.7986318Z hint: call:
2026-09-10T08:45:48.7987177Z hint:
2026-09-10T08:45:48.7988409Z hint: 	git config --global init.defaultBranch <name>
2026-09-10T08:45:48.7989687Z hint:
2026-09-10T08:45:48.7991489Z hint: Names commonly chosen instead of 'master' are 'main', 'trunk' and
2026-09-10T08:45:48.7993049Z hint: 'development'. The just-created branch can be renamed via this command:
2026-09-10T08:45:48.7994781Z hint:
2026-09-10T08:45:48.7996443Z hint: 	git branch -m <name>
2026-09-10T08:45:48.7999025Z hint:
2026-09-10T08:45:48.8008760Z hint: Disable this message with "git config set advice.defaultBranchName false"
2026-09-10T08:45:48.8010858Z Initialized empty Git repository in /home/runner/work/PartyDeck/PartyDeck/.git/
2026-09-10T08:45:48.8016993Z [command]/usr/bin/git remote add origin https://github.com/Apdelrahman1911/PartyDeck
2026-09-10T08:45:48.8054330Z ##[endgroup]
2026-09-10T08:45:48.8055797Z ##[group]Disabling automatic garbage collection
2026-09-10T08:45:48.8057580Z [command]/usr/bin/git config --local gc.auto 0
2026-09-10T08:45:48.8097936Z ##[endgroup]
2026-09-10T08:45:48.8099943Z ##[group]Setting up auth
2026-09-10T08:45:48.8101203Z Removing SSH command configuration
2026-09-10T08:45:48.8105844Z [command]/usr/bin/git config --local --name-only --get-regexp core\.sshCommand
2026-09-10T08:45:48.8149147Z [command]/usr/bin/git submodule foreach --recursive sh -c "git config --local --name-only --get-regexp 'core\.sshCommand' && git config --local --unset-all 'core.sshCommand' || :"
2026-09-10T08:45:48.8591625Z Removing HTTP extra header
2026-09-10T08:45:48.8597337Z [command]/usr/bin/git config --local --name-only --get-regexp http\.https\:\/\/github\.com\/\.extraheader
2026-09-10T08:45:48.8700244Z [command]/usr/bin/git submodule foreach --recursive sh -c "git config --local --name-only --get-regexp 'http\.https\:\/\/github\.com\/\.extraheader' && git config --local --unset-all 'http.https://github.com/.extraheader' || :"
2026-09-10T08:45:48.8862672Z Removing includeIf entries pointing to credentials config files
2026-09-10T08:45:48.8868319Z [command]/usr/bin/git config --local --name-only --get-regexp ^includeIf\.gitdir:
2026-09-10T08:45:48.8911492Z [command]/usr/bin/git submodule foreach --recursive git config --local --show-origin --name-only --get-regexp remote.origin.url
2026-09-10T08:45:48.9143824Z [command]/usr/bin/git config --file /home/runner/work/_temp/git-credentials-7554e483-4414-4777-b106-af216eae8d5d.config http.https://github.com/.extraheader AUTHORIZATION: basic ***
2026-09-10T08:45:48.9186360Z [command]/usr/bin/git config --local includeIf.gitdir:/home/runner/work/PartyDeck/PartyDeck/.git.path /home/runner/work/_temp/git-credentials-7554e483-4414-4777-b106-af216eae8d5d.config
2026-09-10T08:45:48.9223120Z [command]/usr/bin/git config --local includeIf.gitdir:/home/runner/work/PartyDeck/PartyDeck/.git/worktrees/*.path /home/runner/work/_temp/git-credentials-7554e483-4414-4777-b106-af216eae8d5d.config
2026-09-10T08:45:48.9263735Z [command]/usr/bin/git config --local includeIf.gitdir:/github/workspace/.git.path /github/runner_temp/git-credentials-7554e483-4414-4777-b106-af216eae8d5d.config
2026-09-10T08:45:48.9299350Z [command]/usr/bin/git config --local includeIf.gitdir:/github/workspace/.git/worktrees/*.path /github/runner_temp/git-credentials-7554e483-4414-4777-b106-af216eae8d5d.config
2026-09-10T08:45:48.9329744Z ##[endgroup]
2026-09-10T08:45:48.9331196Z ##[group]Fetching the repository
2026-09-10T08:45:48.9336697Z [command]/usr/bin/git -c protocol.version=2 fetch --no-tags --prune --no-recurse-submodules --depth=1 origin +dad1c11741bd4322bb8b2afb9f18f3db5f50c919:refs/remotes/origin/main
2026-09-10T08:45:53.8090363Z From https://github.com/Apdelrahman1911/PartyDeck
2026-09-10T08:45:53.8091734Z  * [new ref]         dad1c11741bd4322bb8b2afb9f18f3db5f50c919 -> origin/main
2026-09-10T08:45:53.8101522Z [command]/usr/bin/git branch --list --remote origin/main
2026-09-10T08:45:53.8130840Z   origin/main
2026-09-10T08:45:53.8138728Z [command]/usr/bin/git rev-parse refs/remotes/origin/main
2026-09-10T08:45:53.8164864Z dad1c11741bd4322bb8b2afb9f18f3db5f50c919
2026-09-10T08:45:53.8169177Z ##[endgroup]
2026-09-10T08:45:53.8170029Z ##[group]Determining the checkout info
2026-09-10T08:45:53.8171340Z ##[endgroup]
2026-09-10T08:45:53.8174899Z [command]/usr/bin/git sparse-checkout disable
2026-09-10T08:45:53.8229549Z [command]/usr/bin/git config --local --unset-all extensions.worktreeConfig
2026-09-10T08:45:53.8262421Z ##[group]Checking out the ref
2026-09-10T08:45:53.8267488Z [command]/usr/bin/git checkout --progress --force -B main refs/remotes/origin/main
2026-09-10T08:45:54.8388351Z Updating files:  72% (3754/5149)
2026-09-10T08:45:54.8448858Z Updating files:  73% (3759/5149)
2026-09-10T08:45:54.8563365Z Updating files:  74% (3811/5149)
2026-09-10T08:45:54.8664291Z Updating files:  75% (3862/5149)
2026-09-10T08:45:54.9539267Z Updating files:  76% (3914/5149)
2026-09-10T08:45:54.9597099Z Updating files:  77% (3965/5149)
2026-09-10T08:45:54.9661034Z Updating files:  78% (4017/5149)
2026-09-10T08:45:54.9727207Z Updating files:  79% (4068/5149)
2026-09-10T08:45:54.9790038Z Updating files:  80% (4120/5149)
2026-09-10T08:45:55.0007259Z Updating files:  81% (4171/5149)
2026-09-10T08:45:55.0067690Z Updating files:  82% (4223/5149)
2026-09-10T08:45:55.0141926Z Updating files:  83% (4274/5149)
2026-09-10T08:45:55.0199005Z Updating files:  84% (4326/5149)
2026-09-10T08:45:55.0263414Z Updating files:  85% (4377/5149)
2026-09-10T08:45:55.0323587Z Updating files:  86% (4429/5149)
2026-09-10T08:45:55.0375607Z Updating files:  87% (4480/5149)
2026-09-10T08:45:55.0435575Z Updating files:  88% (4532/5149)
2026-09-10T08:45:55.0502093Z Updating files:  89% (4583/5149)
2026-09-10T08:45:55.0557524Z Updating files:  90% (4635/5149)
2026-09-10T08:45:55.0676195Z Updating files:  91% (4686/5149)
2026-09-10T08:45:55.0861931Z Updating files:  92% (4738/5149)
2026-09-10T08:45:55.0901427Z Updating files:  93% (4789/5149)
2026-09-10T08:45:55.0947773Z Updating files:  94% (4841/5149)
2026-09-10T08:45:55.1026161Z Updating files:  95% (4892/5149)
2026-09-10T08:45:55.1048207Z Updating files:  96% (4944/5149)
2026-09-10T08:45:55.1088807Z Updating files:  97% (4995/5149)
2026-09-10T08:45:55.1141668Z Updating files:  98% (5047/5149)
2026-09-10T08:45:55.1202737Z Updating files:  99% (5098/5149)
2026-09-10T08:45:55.1203241Z Updating files: 100% (5149/5149)
2026-09-10T08:45:55.1203643Z Updating files: 100% (5149/5149), done.
2026-09-10T08:45:55.1274675Z Switched to a new branch 'main'
2026-09-10T08:45:55.1281744Z branch 'main' set up to track 'origin/main'.
2026-09-10T08:45:55.1339730Z ##[endgroup]
2026-09-10T08:45:55.1391978Z [command]/usr/bin/git log -1 --format=%H
2026-09-10T08:45:55.1420637Z dad1c11741bd4322bb8b2afb9f18f3db5f50c919
2026-09-10T08:45:55.1431320Z ##[group]Removing auth
2026-09-10T08:45:55.1431790Z Removing SSH command configuration
2026-09-10T08:45:55.1435876Z [command]/usr/bin/git config --local --name-only --get-regexp core\.sshCommand
2026-09-10T08:45:55.1471533Z [command]/usr/bin/git submodule foreach --recursive sh -c "git config --local --name-only --get-regexp 'core\.sshCommand' && git config --local --unset-all 'core.sshCommand' || :"
2026-09-10T08:45:55.1708888Z Removing HTTP extra header
2026-09-10T08:45:55.1712564Z [command]/usr/bin/git config --local --name-only --get-regexp http\.https\:\/\/github\.com\/\.extraheader
2026-09-10T08:45:55.1749410Z [command]/usr/bin/git submodule foreach --recursive sh -c "git config --local --name-only --get-regexp 'http\.https\:\/\/github\.com\/\.extraheader' && git config --local --unset-all 'http.https://github.com/.extraheader' || :"
2026-09-10T08:45:55.1998210Z Removing includeIf entries pointing to credentials config files
2026-09-10T08:45:55.2011999Z [command]/usr/bin/git config --local --name-only --get-regexp ^includeIf\.gitdir:
2026-09-10T08:45:55.2036589Z includeif.gitdir:/home/runner/work/PartyDeck/PartyDeck/.git.path
2026-09-10T08:45:55.2037731Z includeif.gitdir:/home/runner/work/PartyDeck/PartyDeck/.git/worktrees/*.path
2026-09-10T08:45:55.2038787Z includeif.gitdir:/github/workspace/.git.path
2026-09-10T08:45:55.2039703Z includeif.gitdir:/github/workspace/.git/worktrees/*.path
2026-09-10T08:45:55.2046791Z [command]/usr/bin/git config --local --get-all includeif.gitdir:/home/runner/work/PartyDeck/PartyDeck/.git.path
2026-09-10T08:45:55.2074858Z /home/runner/work/_temp/git-credentials-7554e483-4414-4777-b106-af216eae8d5d.config
2026-09-10T08:45:55.2087433Z [command]/usr/bin/git config --local --unset includeif.gitdir:/home/runner/work/PartyDeck/PartyDeck/.git.path \/home\/runner\/work\/_temp\/git\-credentials\-7554e483\-4414\-4777\-b106\-af216eae8d5d\.config
2026-09-10T08:45:55.2126711Z [command]/usr/bin/git config --local --get-all includeif.gitdir:/home/runner/work/PartyDeck/PartyDeck/.git/worktrees/*.path
2026-09-10T08:45:55.2152798Z /home/runner/work/_temp/git-credentials-7554e483-4414-4777-b106-af216eae8d5d.config
2026-09-10T08:45:55.2166795Z [command]/usr/bin/git config --local --unset includeif.gitdir:/home/runner/work/PartyDeck/PartyDeck/.git/worktrees/*.path \/home\/runner\/work\/_temp\/git\-credentials\-7554e483\-4414\-4777\-b106\-af216eae8d5d\.config
2026-09-10T08:45:55.2204483Z [command]/usr/bin/git config --local --get-all includeif.gitdir:/github/workspace/.git.path
2026-09-10T08:45:55.2231835Z /github/runner_temp/git-credentials-7554e483-4414-4777-b106-af216eae8d5d.config
2026-09-10T08:45:55.2239707Z [command]/usr/bin/git config --local --unset includeif.gitdir:/github/workspace/.git.path \/github\/runner_temp\/git\-credentials\-7554e483\-4414\-4777\-b106\-af216eae8d5d\.config
2026-09-10T08:45:55.2274386Z [command]/usr/bin/git config --local --get-all includeif.gitdir:/github/workspace/.git/worktrees/*.path
2026-09-10T08:45:55.2299748Z /github/runner_temp/git-credentials-7554e483-4414-4777-b106-af216eae8d5d.config
2026-09-10T08:45:55.2307470Z [command]/usr/bin/git config --local --unset includeif.gitdir:/github/workspace/.git/worktrees/*.path \/github\/runner_temp\/git\-credentials\-7554e483\-4414\-4777\-b106\-af216eae8d5d\.config
2026-09-10T08:45:55.2344437Z [command]/usr/bin/git submodule foreach --recursive git config --local --show-origin --name-only --get-regexp remote.origin.url
2026-09-10T08:45:55.2573730Z Removing credentials config '/home/runner/work/_temp/git-credentials-7554e483-4414-4777-b106-af216eae8d5d.config'
2026-09-10T08:45:55.2582442Z ##[endgroup]
2026-09-10T08:45:55.2887800Z ##[group]Run actions/setup-java@de7274f081f381c8f8158605e0321c36c376e2e6
2026-09-10T08:45:55.2888220Z with:
2026-09-10T08:45:55.2888419Z   distribution: temurin
2026-09-10T08:45:55.2888641Z   java-version: 21
2026-09-10T08:45:55.2888849Z   java-package: jdk
2026-09-10T08:45:55.2889059Z   check-latest: false
2026-09-10T08:45:55.2889273Z   force-download: false
2026-09-10T08:45:55.2889482Z   set-default: true
2026-09-10T08:45:55.2889678Z   server-id: github
2026-09-10T08:45:55.2889923Z   mvn-repositories-include-central: true
2026-09-10T08:45:55.2890240Z   mvn-repositories-prioritize-central: true
2026-09-10T08:45:55.2890572Z   overwrite-settings: true
2026-09-10T08:45:55.2891096Z   cache-read-only: false
2026-09-10T08:45:55.2891319Z   job-status: success
2026-09-10T08:45:55.2894030Z   token: ***
2026-09-10T08:45:55.2894249Z   show-download-progress: false
2026-09-10T08:45:55.2894500Z   problem-matcher: true
2026-09-10T08:45:55.2894719Z ##[endgroup]
2026-09-10T08:45:55.3595082Z ##[group]Installed distributions
2026-09-10T08:45:55.3685745Z Resolved Java 21.0.12+1 from tool-cache
2026-09-10T08:45:55.3686752Z Setting Java 21.0.12+1 as the default
2026-09-10T08:45:55.3694892Z 
2026-09-10T08:45:55.3695147Z Java configuration:
2026-09-10T08:45:55.3695635Z   Distribution: temurin
2026-09-10T08:45:55.3696035Z   Version: 21.0.12+1
2026-09-10T08:45:55.3696622Z   Path: /opt/hostedtoolcache/Java_Temurin-Hotspot_jdk/21.0.12-1/x64
2026-09-10T08:45:55.3697149Z 
2026-09-10T08:45:55.3697598Z ##[endgroup]
2026-09-10T08:45:55.3727703Z Creating settings.xml with server-id: github
2026-09-10T08:45:55.3728296Z Creating toolchains.xml for JDK version 21 from temurin
2026-09-10T08:45:55.3728689Z Writing to /home/runner/.m2/settings.xml
2026-09-10T08:45:55.3736694Z Writing to /home/runner/.m2/toolchains.xml
2026-09-10T08:45:55.3744363Z Configured MAVEN_ARGS to include -ntp to suppress Maven transfer progress logs. Set 'show-download-progress: true' to keep the download progress output.
2026-09-10T08:45:55.3903501Z ##[group]Run android-actions/setup-android@40fd30fb8d7440372e1316f5d1809ec01dcd3699
2026-09-10T08:45:55.3904235Z with:
2026-09-10T08:45:55.3904829Z   packages: platform-tools emulator system-images;android-35;default;x86_64
2026-09-10T08:45:55.3905560Z   log-accepted-android-sdk-licenses: false
2026-09-10T08:45:55.3906053Z   cmdline-tools-version: 14742923
2026-09-10T08:45:55.3906494Z   accept-android-sdk-licenses: true
2026-09-10T08:45:55.3906904Z env:
2026-09-10T08:45:55.3907384Z   JAVA_HOME: /opt/hostedtoolcache/Java_Temurin-Hotspot_jdk/21.0.12-1/x64
2026-09-10T08:45:55.3908214Z   JAVA_HOME_21_X64: /opt/hostedtoolcache/Java_Temurin-Hotspot_jdk/21.0.12-1/x64
2026-09-10T08:45:55.3908876Z   MAVEN_ARGS: -ntp
2026-09-10T08:45:55.3909202Z ##[endgroup]
2026-09-10T08:45:55.4893908Z Found preinstalled sdkmanager in /usr/local/lib/android/sdk/cmdline-tools/latest with following source.properties:
2026-09-10T08:45:55.4895579Z Pkg.Revision=12.0
2026-09-10T08:45:55.4896284Z Pkg.Path=cmdline-tools;12.0
2026-09-10T08:45:55.4897033Z Pkg.Desc=Android SDK Command-line Tools
2026-09-10T08:45:55.4897580Z 
2026-09-10T08:45:55.4897872Z Wrong version in preinstalled sdkmanager
2026-09-10T08:45:55.4899489Z Downloading commandline tools from https://dl.google.com/android/repository/commandlinetools-linux-14742923_latest.zip
2026-09-10T08:45:56.4286989Z [command]/usr/bin/unzip -o -q /home/runner/work/_temp/7b804618-876f-4f4f-b714-0026a5191823
2026-09-10T08:45:57.2297140Z Accepting Android SDK licenses
2026-09-10T08:46:00.8571798Z [command]/usr/local/lib/android/sdk/cmdline-tools/20.0/bin/sdkmanager platform-tools
2026-09-10T08:46:01.6832274Z Loading package information...                                                  
2026-09-10T08:46:01.7768182Z Loading local repository...                                                     
2026-09-10T08:46:01.7769582Z [                                       ] 3% Loading local repository...        
2026-09-10T08:46:01.7801881Z [                                       ] 3% Fetch remote repository...         
2026-09-10T08:46:02.1014244Z [=                                      ] 3% Fetch remote repository...         
2026-09-10T08:46:02.1940519Z [=                                      ] 4% Fetch remote repository...         
2026-09-10T08:46:02.2298626Z [=                                      ] 5% Fetch remote repository...         
2026-09-10T08:46:02.2784192Z [==                                     ] 5% Fetch remote repository...         
2026-09-10T08:46:02.3521992Z [==                                     ] 6% Fetch remote repository...         
2026-09-10T08:46:02.4252331Z [==                                     ] 7% Fetch remote repository...         
2026-09-10T08:46:02.4281566Z [==                                     ] 7% Computing updates...               
2026-09-10T08:46:02.4351459Z [===                                    ] 8% Computing updates...               
2026-09-10T08:46:02.4432236Z [===                                    ] 10% Computing updates...              
2026-09-10T08:46:02.4451294Z [=======================================] 100% Computing updates...             
2026-09-10T08:46:02.4458488Z 
2026-09-10T08:46:02.4685457Z [command]/usr/local/lib/android/sdk/cmdline-tools/20.0/bin/sdkmanager emulator
2026-09-10T08:46:03.2743298Z Loading package information...                                                  
2026-09-10T08:46:03.3573472Z Loading local repository...                                                     
2026-09-10T08:46:03.3574278Z [                                       ] 3% Loading local repository...        
2026-09-10T08:46:03.3602824Z [                                       ] 3% Fetch remote repository...         
2026-09-10T08:46:03.7116150Z [=                                      ] 3% Fetch remote repository...         
2026-09-10T08:46:03.8618799Z [=                                      ] 4% Fetch remote repository...         
2026-09-10T08:46:03.8950434Z [=                                      ] 5% Fetch remote repository...         
2026-09-10T08:46:03.9754173Z [==                                     ] 5% Fetch remote repository...         
2026-09-10T08:46:04.0761865Z [==                                     ] 6% Fetch remote repository...         
2026-09-10T08:46:04.1733817Z [==                                     ] 7% Fetch remote repository...         
2026-09-10T08:46:04.1761849Z [==                                     ] 7% Computing updates...               
2026-09-10T08:46:04.1861697Z [===                                    ] 8% Computing updates...               
2026-09-10T08:46:04.1984912Z [===                                    ] 10% Computing updates...              
2026-09-10T08:46:04.9421805Z [===                                    ] 10% Installing Android Emulator       
2026-09-10T08:46:05.1101089Z [===                                    ] 10% Downloading emulator-linux_x64-159
2026-09-10T08:46:05.1828486Z [====                                   ] 10% Downloading emulator-linux_x64-159
2026-09-10T08:46:05.2718478Z [====                                   ] 11% Downloading emulator-linux_x64-159
2026-09-10T08:46:05.3420075Z [====                                   ] 12% Downloading emulator-linux_x64-159
2026-09-10T08:46:05.3866950Z [=====                                  ] 13% Downloading emulator-linux_x64-159
2026-09-10T08:46:05.4292399Z [=====                                  ] 14% Downloading emulator-linux_x64-159
2026-09-10T08:46:05.4616104Z [=====                                  ] 15% Downloading emulator-linux_x64-159
2026-09-10T08:46:05.4827375Z [======                                 ] 15% Downloading emulator-linux_x64-159
2026-09-10T08:46:05.5250334Z [======                                 ] 16% Downloading emulator-linux_x64-159
2026-09-10T08:46:05.5783952Z [======                                 ] 17% Downloading emulator-linux_x64-159
2026-09-10T08:46:05.6169921Z [=======                                ] 18% Downloading emulator-linux_x64-159
2026-09-10T08:46:05.6638452Z [=======                                ] 19% Downloading emulator-linux_x64-159
2026-09-10T08:46:05.6826570Z [=======                                ] 20% Downloading emulator-linux_x64-159
2026-09-10T08:46:05.7006141Z [========                               ] 20% Downloading emulator-linux_x64-159
2026-09-10T08:46:05.7444015Z [========                               ] 21% Downloading emulator-linux_x64-159
2026-09-10T08:46:05.7730207Z [========                               ] 22% Downloading emulator-linux_x64-159
2026-09-10T08:46:05.8140233Z [=========                              ] 23% Downloading emulator-linux_x64-159
2026-09-10T08:46:05.8489182Z [=========                              ] 24% Downloading emulator-linux_x64-159
2026-09-10T08:46:05.8660037Z [=========                              ] 25% Downloading emulator-linux_x64-159
2026-09-10T08:46:05.8798103Z [==========                             ] 25% Downloading emulator-linux_x64-159
2026-09-10T08:46:05.9329770Z [==========                             ] 26% Downloading emulator-linux_x64-159
2026-09-10T08:46:05.9633983Z [==========                             ] 27% Downloading emulator-linux_x64-159
2026-09-10T08:46:05.9999992Z [===========                            ] 28% Downloading emulator-linux_x64-159
2026-09-10T08:46:06.0291957Z [===========                            ] 29% Downloading emulator-linux_x64-159
2026-09-10T08:46:06.0440342Z [===========                            ] 30% Downloading emulator-linux_x64-159
2026-09-10T08:46:06.0629811Z [============                           ] 30% Downloading emulator-linux_x64-159
2026-09-10T08:46:06.0874257Z [============                           ] 31% Downloading emulator-linux_x64-159
2026-09-10T08:46:06.1130424Z [============                           ] 32% Downloading emulator-linux_x64-159
2026-09-10T08:46:06.1139719Z [============                           ] 33% Downloading emulator-linux_x64-159
2026-09-10T08:46:06.1939361Z [============                           ] 33% Unzipping...                      
2026-09-10T08:46:06.1940429Z [============                           ] 33% Unzipping... emulator/            
2026-09-10T08:46:06.1941351Z [============                           ] 33% Unzipping... emulator/resources/  
2026-09-10T08:46:06.1957332Z [============                           ] 33% Unzipping... emulator/qsn         
2026-09-10T08:46:06.2313753Z [=============                          ] 33% Unzipping... emulator/qsn         
2026-09-10T08:46:06.3001745Z [=============                          ] 33% Unzipping... emulator/emulator    
2026-09-10T08:46:06.4042671Z [=============                          ] 33% Unzipping... emulator/netsimd     
2026-09-10T08:46:06.4043597Z [=============                          ] 33% Unzipping... emulator/bin64/      
2026-09-10T08:46:06.4044680Z [=============                          ] 33% Unzipping... emulator/qemu/       
2026-09-10T08:46:06.4063926Z [=============                          ] 33% Unzipping... emulator/NOTICE.txt  
2026-09-10T08:46:06.4247907Z [=============                          ] 33% Unzipping... emulator/crashpad_han
2026-09-10T08:46:06.4254194Z [=============                          ] 33% Unzipping... emulator/source.prope
2026-09-10T08:46:06.4291731Z [=============                          ] 33% Unzipping... emulator/nimble_bridg
2026-09-10T08:46:06.4917793Z [=============                          ] 34% Unzipping... emulator/nimble_bridg
2026-09-10T08:46:06.4920864Z [=============                          ] 34% Unzipping... emulator/LICENSE     
2026-09-10T08:46:06.4922419Z [=============                          ] 34% Unzipping... emulator/lib/        
2026-09-10T08:46:06.5008184Z [=============                          ] 34% Unzipping... emulator/qemu-img    
2026-09-10T08:46:06.5009259Z [=============                          ] 34% Unzipping... emulator/include/    
2026-09-10T08:46:06.5015746Z [=============                          ] 34% Unzipping... emulator/NOTICE.csv  
2026-09-10T08:46:06.5016719Z [=============                          ] 34% Unzipping... emulator/lib64/      
2026-09-10T08:46:06.5194974Z [=============                          ] 34% Unzipping... emulator/emulator-che
2026-09-10T08:46:06.5397185Z [=============                          ] 34% Unzipping... emulator/crashreport 
2026-09-10T08:46:06.5400028Z [=============                          ] 34% Unzipping... emulator/mksdcard    
2026-09-10T08:46:06.5573222Z [=============                          ] 34% Unzipping... emulator/resources/To
2026-09-10T08:46:06.5585866Z [=============                          ] 35% Unzipping... emulator/resources/To
2026-09-10T08:46:06.5600138Z [=============                          ] 35% Unzipping... emulator/resources/de
2026-09-10T08:46:06.5731836Z [=============                          ] 35% Unzipping... emulator/resources/To
2026-09-10T08:46:06.5734008Z [=============                          ] 35% Unzipping... emulator/resources/ma
2026-09-10T08:46:06.5773213Z [=============                          ] 35% Unzipping... emulator/resources/de
2026-09-10T08:46:06.5811368Z [=============                          ] 35% Unzipping... emulator/resources/sk
2026-09-10T08:46:06.5824044Z [=============                          ] 35% Unzipping... emulator/resources/de
2026-09-10T08:46:06.5839826Z [=============                          ] 35% Unzipping... emulator/resources/ma
2026-09-10T08:46:06.5861737Z [=============                          ] 35% Unzipping... emulator/resources/po
2026-09-10T08:46:06.5947940Z [=============                          ] 35% Unzipping... emulator/resources/ma
2026-09-10T08:46:06.6038193Z [=============                          ] 35% Unzipping... emulator/resources/sk
2026-09-10T08:46:06.6071735Z [=============                          ] 35% Unzipping... emulator/resources/ma
2026-09-10T08:46:06.6109352Z [=============                          ] 35% Unzipping... emulator/bin64/e2fsck
2026-09-10T08:46:06.6160415Z [=============                          ] 35% Unzipping... emulator/bin64/fsck.e
2026-09-10T08:46:06.6181002Z [=============                          ] 35% Unzipping... emulator/bin64/tune2f
2026-09-10T08:46:06.6194535Z [=============                          ] 35% Unzipping... emulator/bin64/resize
2026-09-10T08:46:06.6218808Z [=============                          ] 35% Unzipping... emulator/bin64/mkfs.e
2026-09-10T08:46:06.6328018Z [=============                          ] 35% Unzipping... emulator/qemu/linux-x
2026-09-10T08:46:06.7405272Z [==============                         ] 35% Unzipping... emulator/qemu/linux-x
2026-09-10T08:46:06.8987717Z [==============                         ] 36% Unzipping... emulator/qemu/linux-x
2026-09-10T08:46:07.1110389Z [==============                         ] 37% Unzipping... emulator/qemu/linux-x
2026-09-10T08:46:07.2821772Z [===============                        ] 38% Unzipping... emulator/qemu/linux-x
2026-09-10T08:46:07.4378831Z [===============                        ] 39% Unzipping... emulator/qemu/linux-x
2026-09-10T08:46:07.5181842Z [===============                        ] 40% Unzipping... emulator/qemu/linux-x
2026-09-10T08:46:07.5993578Z [================                       ] 40% Unzipping... emulator/qemu/linux-x
2026-09-10T08:46:07.6902875Z [================                       ] 41% Unzipping... emulator/qemu/linux-x
2026-09-10T08:46:07.6905972Z [================                       ] 41% Unzipping... emulator/lib/emulator
2026-09-10T08:46:07.6909013Z [================                       ] 41% Unzipping... emulator/lib/rtc_serv
2026-09-10T08:46:07.6913617Z [================                       ] 41% Unzipping... emulator/lib/advanced
2026-09-10T08:46:07.6914603Z [================                       ] 41% Unzipping... emulator/lib/cmake/  
2026-09-10T08:46:07.6919451Z [================                       ] 41% Unzipping... emulator/lib/emulator
2026-09-10T08:46:07.6922918Z [================                       ] 41% Unzipping... emulator/lib/control_
2026-09-10T08:46:07.6925729Z [================                       ] 41% Unzipping... emulator/lib/emulated
2026-09-10T08:46:07.6928955Z [================                       ] 41% Unzipping... emulator/lib/rtc_serv
2026-09-10T08:46:07.6962659Z [================                       ] 41% Unzipping... emulator/lib/emu-orig
2026-09-10T08:46:07.6963415Z [================                       ] 41% Unzipping... emulator/lib/hardware
2026-09-10T08:46:07.6964115Z [================                       ] 41% Unzipping... emulator/lib/pkgconfi
2026-09-10T08:46:07.6964805Z [================                       ] 41% Unzipping... emulator/lib/pc-bios/
2026-09-10T08:46:07.6965501Z [================                       ] 41% Unzipping... emulator/lib/snapshot
2026-09-10T08:46:07.6966170Z [================                       ] 41% Unzipping... emulator/lib/adb_serv
2026-09-10T08:46:07.6966829Z [================                       ] 41% Unzipping... emulator/lib/hostapd.
2026-09-10T08:46:07.6967503Z [================                       ] 41% Unzipping... emulator/lib/grpc_end
2026-09-10T08:46:07.6976482Z [================                       ] 41% Unzipping... emulator/lib/ca-bundl
2026-09-10T08:46:07.6979109Z [================                       ] 41% Unzipping... emulator/lib/ui_contr
2026-09-10T08:46:07.6982358Z [================                       ] 41% Unzipping... emulator/lib/snapshot
2026-09-10T08:46:07.6985115Z [================                       ] 41% Unzipping... emulator/lib/ice_conf
2026-09-10T08:46:07.7321790Z [================                       ] 41% Unzipping... emulator/lib/libflatb
2026-09-10T08:46:07.7322572Z [================                       ] 41% Unzipping... emulator/lib/emulator
2026-09-10T08:46:07.7323254Z [================                       ] 41% Unzipping... emulator/lib/waterfal
2026-09-10T08:46:07.7323905Z [================                       ] 41% Unzipping... emulator/lib/emulated
2026-09-10T08:46:07.7341650Z [================                       ] 41% Unzipping... emulator/lib/cmake/fl
2026-09-10T08:46:07.7342941Z [================                       ] 41% Unzipping... emulator/lib/pkgconfi
2026-09-10T08:46:07.7505480Z [================                       ] 41% Unzipping... emulator/lib/pc-bios/
2026-09-10T08:46:07.7583764Z [================                       ] 41% Unzipping... emulator/include/flat
2026-09-10T08:46:07.7654133Z [================                       ] 41% Unzipping... emulator/lib64/libgli
2026-09-10T08:46:07.7774610Z [================                       ] 41% Unzipping... emulator/lib64/libpro
2026-09-10T08:46:07.7775553Z [================                       ] 41% Unzipping... emulator/lib64/qt/   
2026-09-10T08:46:07.8184296Z [================                       ] 41% Unzipping... emulator/lib64/liband
2026-09-10T08:46:07.8215431Z [================                       ] 41% Unzipping... emulator/lib64/libgfx
2026-09-10T08:46:07.8887547Z [================                       ] 42% Unzipping... emulator/lib64/libgfx
2026-09-10T08:46:07.8888608Z [================                       ] 42% Unzipping... emulator/lib64/gles_l
2026-09-10T08:46:07.8897995Z [================                       ] 42% Unzipping... emulator/lib64/liband
2026-09-10T08:46:07.8898786Z [================                       ] 42% Unzipping... emulator/lib64/vulkan
2026-09-10T08:46:07.8899528Z [================                       ] 42% Unzipping... emulator/lib64/gles_s
2026-09-10T08:46:07.8904574Z [================                       ] 42% Unzipping... emulator/lib64/libemu
2026-09-10T08:46:07.9027117Z [================                       ] 42% Unzipping... emulator/lib64/libpro
2026-09-10T08:46:08.0076438Z [================                       ] 42% Unzipping... emulator/lib64/liband
2026-09-10T08:46:08.0576549Z [=================                      ] 43% Unzipping... emulator/lib64/liband
2026-09-10T08:46:08.0603626Z [=================                      ] 43% Unzipping... emulator/lib64/libtcm
2026-09-10T08:46:08.0606253Z [=================                      ] 43% Unzipping... emulator/lib64/libima
2026-09-10T08:46:08.0696683Z [=================                      ] 43% Unzipping... emulator/lib64/libc++
2026-09-10T08:46:08.0967104Z [=================                      ] 43% Unzipping... emulator/lib64/liband
2026-09-10T08:46:08.1014213Z [=================                      ] 43% Unzipping... emulator/lib64/libabs
2026-09-10T08:46:08.1015223Z [=================                      ] 43% Unzipping... emulator/lib64/gles_a
2026-09-10T08:46:08.1089663Z [=================                      ] 43% Unzipping... emulator/lib64/libsha
2026-09-10T08:46:08.1157765Z [=================                      ] 43% Unzipping... emulator/lib64/libc++
2026-09-10T08:46:08.1158807Z [=================                      ] 43% Unzipping... emulator/lib64/qt/res
2026-09-10T08:46:08.1159904Z [=================                      ] 43% Unzipping... emulator/lib64/qt/lib
2026-09-10T08:46:08.1161142Z [=================                      ] 43% Unzipping... emulator/lib64/qt/tra
2026-09-10T08:46:08.1161838Z [=================                      ] 43% Unzipping... emulator/lib64/qt/plu
2026-09-10T08:46:08.1280936Z [=================                      ] 43% Unzipping... emulator/lib64/qt/res
2026-09-10T08:46:08.1901253Z [=================                      ] 44% Unzipping... emulator/lib64/qt/res
2026-09-10T08:46:08.2014002Z [=================                      ] 44% Unzipping... emulator/lib64/qt/lib
2026-09-10T08:46:08.2653704Z [=================                      ] 45% Unzipping... emulator/lib64/qt/lib
2026-09-10T08:46:08.3926249Z [==================                     ] 45% Unzipping... emulator/lib64/qt/lib
2026-09-10T08:46:08.5518832Z [==================                     ] 46% Unzipping... emulator/lib64/qt/lib
2026-09-10T08:46:08.7486684Z [==================                     ] 47% Unzipping... emulator/lib64/qt/lib
2026-09-10T08:46:08.9483777Z [===================                    ] 48% Unzipping... emulator/lib64/qt/lib
2026-09-10T08:46:09.1344694Z [===================                    ] 49% Unzipping... emulator/lib64/qt/lib
2026-09-10T08:46:09.2381339Z [===================                    ] 50% Unzipping... emulator/lib64/qt/lib
2026-09-10T08:46:09.3402698Z [====================                   ] 50% Unzipping... emulator/lib64/qt/lib
2026-09-10T08:46:09.3981853Z [====================                   ] 51% Unzipping... emulator/lib64/qt/lib
2026-09-10T08:46:09.5119505Z [====================                   ] 51% Unzipping... emulator/lib64/qt/tra
2026-09-10T08:46:09.5243561Z [====================                   ] 51% Unzipping... emulator/lib64/qt/plu
2026-09-10T08:46:09.5645766Z [====================                   ] 51% Unzipping... emulator/lib64/gles_l
2026-09-10T08:46:09.6095942Z [====================                   ] 52% Unzipping... emulator/lib64/gles_l
2026-09-10T08:46:09.7738983Z [====================                   ] 52% Unzipping... emulator/lib64/vulkan
2026-09-10T08:46:09.9663607Z [=====================                  ] 53% Unzipping... emulator/lib64/vulkan
2026-09-10T08:46:10.1745971Z [=====================                  ] 54% Unzipping... emulator/lib64/vulkan
2026-09-10T08:46:10.2063836Z [=====================                  ] 54% Unzipping... emulator/lib64/gles_s
2026-09-10T08:46:10.2449662Z [=====================                  ] 55% Unzipping... emulator/lib64/gles_s
2026-09-10T08:46:10.3670168Z [=====================                  ] 55% Unzipping... emulator/lib64/gles_a
2026-09-10T08:46:10.3671415Z [=======================================] 100% Unzipping... emulator/lib64/gles_
2026-09-10T08:46:10.6952010Z 
2026-09-10T08:46:10.7155192Z [command]/usr/local/lib/android/sdk/cmdline-tools/20.0/bin/sdkmanager system-images;android-35;default;x86_64
2026-09-10T08:46:11.5501931Z Loading package information...                                                  
2026-09-10T08:46:11.6439932Z Loading local repository...                                                     
2026-09-10T08:46:11.6441565Z [                                       ] 3% Loading local repository...        
2026-09-10T08:46:11.6473655Z [                                       ] 3% Fetch remote repository...         
2026-09-10T08:46:11.9368984Z [=                                      ] 3% Fetch remote repository...         
2026-09-10T08:46:12.0410021Z [=                                      ] 4% Fetch remote repository...         
2026-09-10T08:46:12.0669744Z [=                                      ] 5% Fetch remote repository...         
2026-09-10T08:46:12.1044348Z [==                                     ] 5% Fetch remote repository...         
2026-09-10T08:46:12.1732517Z [==                                     ] 6% Fetch remote repository...         
2026-09-10T08:46:12.2476806Z [==                                     ] 7% Fetch remote repository...         
2026-09-10T08:46:12.2491520Z [==                                     ] 7% Computing updates...               
2026-09-10T08:46:12.2641666Z [===                                    ] 8% Computing updates...               
2026-09-10T08:46:12.2792172Z [===                                    ] 10% Computing updates...              
2026-09-10T08:46:12.6212039Z [===                                    ] 10% Installing Intel x86_64 Atom Syste
2026-09-10T08:46:12.8184949Z [===                                    ] 10% Downloading x86_64-35_r02.zip...  
2026-09-10T08:46:12.9625950Z [====                                   ] 10% Downloading x86_64-35_r02.zip...  
2026-09-10T08:46:13.1019588Z [====                                   ] 11% Downloading x86_64-35_r02.zip...  
2026-09-10T08:46:13.2068442Z [====                                   ] 12% Downloading x86_64-35_r02.zip...  
2026-09-10T08:46:13.2727107Z [=====                                  ] 13% Downloading x86_64-35_r02.zip...  
2026-09-10T08:46:13.3306892Z [=====                                  ] 14% Downloading x86_64-35_r02.zip...  
2026-09-10T08:46:13.3734680Z [=====                                  ] 15% Downloading x86_64-35_r02.zip...  
2026-09-10T08:46:13.4017525Z [======                                 ] 15% Downloading x86_64-35_r02.zip...  
2026-09-10T08:46:13.4577079Z [======                                 ] 16% Downloading x86_64-35_r02.zip...  
2026-09-10T08:46:13.5282151Z [======                                 ] 17% Downloading x86_64-35_r02.zip...  
2026-09-10T08:46:13.5844400Z [=======                                ] 18% Downloading x86_64-35_r02.zip...  
2026-09-10T08:46:13.6542522Z [=======                                ] 19% Downloading x86_64-35_r02.zip...  
2026-09-10T08:46:13.6825307Z [=======                                ] 20% Downloading x86_64-35_r02.zip...  
2026-09-10T08:46:13.7112731Z [========                               ] 20% Downloading x86_64-35_r02.zip...  
2026-09-10T08:46:13.7817692Z [========                               ] 21% Downloading x86_64-35_r02.zip...  
2026-09-10T08:46:13.8385146Z [========                               ] 22% Downloading x86_64-35_r02.zip...  
2026-09-10T08:46:13.8960268Z [=========                              ] 23% Downloading x86_64-35_r02.zip...  
2026-09-10T08:46:13.9677786Z [=========                              ] 24% Downloading x86_64-35_r02.zip...  
2026-09-10T08:46:13.9956505Z [=========                              ] 25% Downloading x86_64-35_r02.zip...  
2026-09-10T08:46:14.0235194Z [==========                             ] 25% Downloading x86_64-35_r02.zip...  
2026-09-10T08:46:14.0925615Z [==========                             ] 26% Downloading x86_64-35_r02.zip...  
2026-09-10T08:46:14.1481365Z [==========                             ] 27% Downloading x86_64-35_r02.zip...  
2026-09-10T08:46:14.2174661Z [===========                            ] 28% Downloading x86_64-35_r02.zip...  
2026-09-10T08:46:14.2729210Z [===========                            ] 29% Downloading x86_64-35_r02.zip...  
2026-09-10T08:46:14.3004828Z [===========                            ] 30% Downloading x86_64-35_r02.zip...  
2026-09-10T08:46:14.3421744Z [============                           ] 30% Downloading x86_64-35_r02.zip...  
2026-09-10T08:46:14.3972499Z [============                           ] 31% Downloading x86_64-35_r02.zip...  
2026-09-10T08:46:14.4586529Z [============                           ] 32% Downloading x86_64-35_r02.zip...  
2026-09-10T08:46:14.4595144Z [============                           ] 33% Downloading x86_64-35_r02.zip...  
2026-09-10T08:46:14.5011309Z [============                           ] 33% Unzipping...                      
2026-09-10T08:46:14.5026906Z [============                           ] 33% Unzipping... x86_64/NOTICE.txt    
2026-09-10T08:46:14.5282599Z [=============                          ] 33% Unzipping... x86_64/NOTICE.txt    
2026-09-10T08:46:14.5287482Z [=============                          ] 33% Unzipping... x86_64/VerifiedBootPa
2026-09-10T08:46:14.5291066Z [=============                          ] 33% Unzipping... x86_64/advancedFeatur
2026-09-10T08:46:14.5296245Z [=============                          ] 33% Unzipping... x86_64/build.prop    
2026-09-10T08:46:14.5978728Z [=============                          ] 33% Unzipping... x86_64/encryptionkey.
2026-09-10T08:46:14.7148677Z [=============                          ] 33% Unzipping... x86_64/kernel-ranchu 
2026-09-10T08:46:14.7162373Z [=============                          ] 33% Unzipping... x86_64/kernel_cmdline
2026-09-10T08:46:14.7307314Z [=============                          ] 33% Unzipping... x86_64/ramdisk.img   
2026-09-10T08:46:14.7312149Z [=============                          ] 33% Unzipping... x86_64/source.propert
2026-09-10T08:46:14.9064155Z [=============                          ] 33% Unzipping... x86_64/system.img    
2026-09-10T08:46:15.1461086Z [=============                          ] 34% Unzipping... x86_64/system.img    
2026-09-10T08:46:15.3072518Z [=============                          ] 35% Unzipping... x86_64/system.img    
2026-09-10T08:46:15.4050017Z [==============                         ] 35% Unzipping... x86_64/system.img    
2026-09-10T08:46:15.7724158Z [==============                         ] 36% Unzipping... x86_64/system.img    
2026-09-10T08:46:16.1704271Z [==============                         ] 37% Unzipping... x86_64/system.img    
2026-09-10T08:46:16.5121603Z [===============                        ] 38% Unzipping... x86_64/system.img    
2026-09-10T08:46:16.8057736Z [===============                        ] 39% Unzipping... x86_64/system.img    
2026-09-10T08:46:17.0556410Z [===============                        ] 40% Unzipping... x86_64/system.img    
2026-09-10T08:46:17.1685767Z [================                       ] 40% Unzipping... x86_64/system.img    
2026-09-10T08:46:17.5180878Z [================                       ] 41% Unzipping... x86_64/system.img    
2026-09-10T08:46:17.9105459Z [================                       ] 42% Unzipping... x86_64/system.img    
2026-09-10T08:46:18.2785548Z [=================                      ] 43% Unzipping... x86_64/system.img    
2026-09-10T08:46:18.4783836Z [=================                      ] 44% Unzipping... x86_64/system.img    
2026-09-10T08:46:18.6183908Z [=================                      ] 45% Unzipping... x86_64/system.img    
2026-09-10T08:46:18.7561951Z [==================                     ] 45% Unzipping... x86_64/system.img    
2026-09-10T08:46:19.0823527Z [==================                     ] 46% Unzipping... x86_64/system.img    
2026-09-10T08:46:19.4157141Z [==================                     ] 47% Unzipping... x86_64/system.img    
2026-09-10T08:46:19.7653814Z [===================                    ] 48% Unzipping... x86_64/system.img    
2026-09-10T08:46:20.1166321Z [===================                    ] 49% Unzipping... x86_64/system.img    
2026-09-10T08:46:20.3344677Z [===================                    ] 50% Unzipping... x86_64/system.img    
2026-09-10T08:46:20.5111361Z [====================                   ] 50% Unzipping... x86_64/system.img    
2026-09-10T08:46:20.8995560Z [====================                   ] 51% Unzipping... x86_64/system.img    
2026-09-10T08:46:21.2185541Z [====================                   ] 52% Unzipping... x86_64/system.img    
2026-09-10T08:46:21.4641747Z [=====================                  ] 53% Unzipping... x86_64/system.img    
2026-09-10T08:46:23.7181732Z [=====================                  ] 54% Unzipping... x86_64/system.img    
2026-09-10T08:46:24.3922656Z [=====================                  ] 54% Unzipping... x86_64/vendor.img    
2026-09-10T08:46:24.6118379Z [=====================                  ] 55% Unzipping... x86_64/vendor.img    
2026-09-10T08:46:24.6122410Z [=====================                  ] 55% Unzipping... x86_64/data/empty_dat
2026-09-10T08:46:24.6125767Z [=====================                  ] 55% Unzipping... x86_64/data/local.pro
2026-09-10T08:46:24.6131146Z [=====================                  ] 55% Unzipping... x86_64/data/misc/apns
2026-09-10T08:46:24.6138768Z [=====================                  ] 55% Unzipping... x86_64/data/misc/emul
2026-09-10T08:46:24.6152522Z [=====================                  ] 55% Unzipping... x86_64/data/misc/mode
2026-09-10T08:46:24.7498019Z [=====================                  ] 55% Unzipping... x86_64/data/misc/pixe
2026-09-10T08:46:24.7499338Z [=======================================] 100% Unzipping... x86_64/data/misc/pix
2026-09-10T08:46:24.8651720Z 
2026-09-10T08:46:24.9073616Z ##[group]Run actions/download-artifact@3e5f45b2cfb9172054b4087a40e8e0b5a5461e7c
2026-09-10T08:46:24.9074052Z with:
2026-09-10T08:46:24.9074276Z   name: godot-comparison-runtime-apk
2026-09-10T08:46:24.9074565Z   path: godot/qualification/build
2026-09-10T08:46:24.9074825Z   merge-multiple: false
2026-09-10T08:46:24.9075069Z   repository: Apdelrahman1911/PartyDeck
2026-09-10T08:46:24.9075331Z   run-id: 34456443339
2026-09-10T08:46:24.9075543Z   skip-decompress: false
2026-09-10T08:46:24.9075770Z   digest-mismatch: error
2026-09-10T08:46:24.9075975Z env:
2026-09-10T08:46:24.9076263Z   JAVA_HOME: /opt/hostedtoolcache/Java_Temurin-Hotspot_jdk/21.0.12-1/x64
2026-09-10T08:46:24.9076756Z   JAVA_HOME_21_X64: /opt/hostedtoolcache/Java_Temurin-Hotspot_jdk/21.0.12-1/x64
2026-09-10T08:46:24.9077164Z   MAVEN_ARGS: -ntp
2026-09-10T08:46:24.9077390Z   ANDROID_HOME: /usr/local/lib/android/sdk
2026-09-10T08:46:24.9077679Z   ANDROID_SDK_ROOT: /usr/local/lib/android/sdk
2026-09-10T08:46:24.9077982Z ##[endgroup]
2026-09-10T08:46:25.0434168Z Downloading single artifact
2026-09-10T08:46:25.1208552Z Preparing to download the following artifacts:
2026-09-10T08:46:25.1210307Z - godot-comparison-runtime-apk (ID: 10143831638, Size: 111371719, Expected Digest: sha256:dc0ccad8d06dc65cca8bc47c22c707b29302125bbdd0427a245b8bd5e42f7cd2)
2026-09-10T08:46:25.3110951Z Redirecting to blob download url: https://productionresultssa5.blob.core.windows.net/actions-results/9223b142-9576-4328-8a4b-ac5a56a664da/workflow-job-run-6f56fdd5-a6b5-5a58-bdda-95c6ce990a9b/artifacts/3a971a15ee91fdbdcae2dc4b733964c29443690d68ec726f24df2621b5096a1c.zip
2026-09-10T08:46:25.3114283Z Starting download of artifact to: /home/runner/work/PartyDeck/PartyDeck/godot/qualification/build
2026-09-10T08:46:25.3981271Z (node:2686) [DEP0005] DeprecationWarning: Buffer() is deprecated due to security and usability issues. Please use the Buffer.alloc(), Buffer.allocUnsafe(), or Buffer.from() methods instead.
2026-09-10T08:46:25.3983150Z (Use `node --trace-deprecation ...` to show where the warning was created)
2026-09-10T08:46:27.8514934Z SHA256 digest of downloaded artifact is dc0ccad8d06dc65cca8bc47c22c707b29302125bbdd0427a245b8bd5e42f7cd2
2026-09-10T08:46:27.8515729Z Artifact download completed successfully.
2026-09-10T08:46:27.8516103Z Total of 1 artifact(s) downloaded
2026-09-10T08:46:27.8522249Z Download artifact has finished successfully
2026-09-10T08:46:27.8662420Z ##[group]Run python3 -B godot/tools/renderer.py check-pack \
2026-09-10T08:46:27.8663040Z [36;1mpython3 -B godot/tools/renderer.py check-pack \[0m
2026-09-10T08:46:27.8663556Z [36;1m  --pack godot/qualification/build/renderer/partydeck-last-light.pck[0m
2026-09-10T08:46:27.8663990Z [36;1mpython3 - <<'PY'[0m
2026-09-10T08:46:27.8664232Z [36;1mimport hashlib[0m
2026-09-10T08:46:27.8664477Z [36;1mimport json[0m
2026-09-10T08:46:27.8664691Z [36;1mimport os[0m
2026-09-10T08:46:27.8664912Z [36;1mfrom pathlib import Path[0m
2026-09-10T08:46:27.8665170Z [36;1mimport zipfile[0m
2026-09-10T08:46:27.8665382Z [36;1m[0m
2026-09-10T08:46:27.8665615Z [36;1mbuild = Path('godot/qualification/build')[0m
2026-09-10T08:46:27.8666063Z [36;1mapk = build / 'modules/androidHost/outputs/apk/debug/androidHost-debug.apk'[0m
2026-09-10T08:46:27.8666551Z [36;1mpack = build / 'renderer/partydeck-last-light.pck'[0m
2026-09-10T08:46:27.8666891Z [36;1mdigest = hashlib.sha256()[0m
2026-09-10T08:46:27.8667209Z [36;1mwith apk.open('rb') as stream:[0m
2026-09-10T08:46:27.8667550Z [36;1m    for block in iter(lambda: stream.read(1048576), b''):[0m
2026-09-10T08:46:27.8667889Z [36;1m        digest.update(block)[0m
2026-09-10T08:46:27.8668163Z [36;1mapk_hash = digest.hexdigest()[0m
2026-09-10T08:46:27.8668465Z [36;1mwith zipfile.ZipFile(apk) as archive:[0m
2026-09-10T08:46:27.8668822Z [36;1m    entry = 'assets/partydeck-last-light.pck'[0m
2026-09-10T08:46:27.8669355Z [36;1m    if archive.namelist().count(entry) != 1:[0m
2026-09-10T08:46:27.8669797Z [36;1m        raise SystemExit('The debug APK must contain exactly one renderer PCK.')[0m
2026-09-10T08:46:27.8670341Z [36;1m    embedded_hash = hashlib.sha256(archive.read(entry)).hexdigest()[0m
2026-09-10T08:46:27.8671095Z [36;1mpack_hash = hashlib.sha256(pack.read_bytes()).hexdigest()[0m
2026-09-10T08:46:27.8671488Z [36;1mreport = build / 'ci/package-inputs.json'[0m
2026-09-10T08:46:27.8671853Z [36;1mreport.parent.mkdir(parents=True, exist_ok=True)[0m
2026-09-10T08:46:27.8672200Z [36;1mreport.write_text(json.dumps({[0m
2026-09-10T08:46:27.8672574Z [36;1m    'sourceCommit': os.environ['GITHUB_SHA'], 'apkSha256': apk_hash,[0m
2026-09-10T08:46:27.8673043Z [36;1m    'packSha256': pack_hash, 'embeddedPackSha256': embedded_hash,[0m
2026-09-10T08:46:27.8673442Z [36;1m    'samePack': embedded_hash == pack_hash,[0m
2026-09-10T08:46:27.8673739Z [36;1m}, indent=2) + '\n')[0m
2026-09-10T08:46:27.8673992Z [36;1mif embedded_hash != pack_hash:[0m
2026-09-10T08:46:27.8674424Z [36;1m    raise SystemExit('The APK renderer PCK differs from the exported comparison PCK.')[0m
2026-09-10T08:46:27.8674855Z [36;1mPY[0m
2026-09-10T08:46:27.8714997Z shell: /usr/bin/bash -e {0}
2026-09-10T08:46:27.8715253Z env:
2026-09-10T08:46:27.8715578Z   JAVA_HOME: /opt/hostedtoolcache/Java_Temurin-Hotspot_jdk/21.0.12-1/x64
2026-09-10T08:46:27.8716084Z   JAVA_HOME_21_X64: /opt/hostedtoolcache/Java_Temurin-Hotspot_jdk/21.0.12-1/x64
2026-09-10T08:46:27.8716487Z   MAVEN_ARGS: -ntp
2026-09-10T08:46:27.8716721Z   ANDROID_HOME: /usr/local/lib/android/sdk
2026-09-10T08:46:27.8717027Z   ANDROID_SDK_ROOT: /usr/local/lib/android/sdk
2026-09-10T08:46:27.8717306Z ##[endgroup]
2026-09-10T08:46:27.9695307Z PCK checks passed: 136 entries; SHA-256 8f24944d61b0430cfec4a32bb1d03d2c7da9f55918264e9cfcded1c675d21539
2026-09-10T08:46:28.2497458Z ##[group]Run test -e /dev/kvm
2026-09-10T08:46:28.2497811Z [36;1mtest -e /dev/kvm[0m
2026-09-10T08:46:28.2498068Z [36;1msudo chmod a+rw /dev/kvm[0m
2026-09-10T08:46:28.2534573Z shell: /usr/bin/bash -e {0}
2026-09-10T08:46:28.2534824Z env:
2026-09-10T08:46:28.2535143Z   JAVA_HOME: /opt/hostedtoolcache/Java_Temurin-Hotspot_jdk/21.0.12-1/x64
2026-09-10T08:46:28.2535662Z   JAVA_HOME_21_X64: /opt/hostedtoolcache/Java_Temurin-Hotspot_jdk/21.0.12-1/x64
2026-09-10T08:46:28.2536056Z   MAVEN_ARGS: -ntp
2026-09-10T08:46:28.2536291Z   ANDROID_HOME: /usr/local/lib/android/sdk
2026-09-10T08:46:28.2536599Z   ANDROID_SDK_ROOT: /usr/local/lib/android/sdk
2026-09-10T08:46:28.2536880Z ##[endgroup]
2026-09-10T08:46:28.2704718Z ##[group]Run timeout --signal=TERM --kill-after=30s 38m bash godot/android-checks/emulator.sh \
2026-09-10T08:46:28.2705421Z [36;1mtimeout --signal=TERM --kill-after=30s 38m bash godot/android-checks/emulator.sh \[0m
2026-09-10T08:46:28.2706084Z [36;1m  godot/qualification/build/modules/androidHost/outputs/apk/debug/androidHost-debug.apk \[0m
2026-09-10T08:46:28.2706695Z [36;1m  "$PARTYDECK_GODOT_CI_MODE" "$PARTYDECK_GODOT_CI_FONT_SCALE" \[0m
2026-09-10T08:46:28.2707105Z [36;1m  godot/qualification/build/ci/android[0m
2026-09-10T08:46:28.2741828Z shell: /usr/bin/bash -e {0}
2026-09-10T08:46:28.2742081Z env:
2026-09-10T08:46:28.2742405Z   JAVA_HOME: /opt/hostedtoolcache/Java_Temurin-Hotspot_jdk/21.0.12-1/x64
2026-09-10T08:46:28.2742925Z   JAVA_HOME_21_X64: /opt/hostedtoolcache/Java_Temurin-Hotspot_jdk/21.0.12-1/x64
2026-09-10T08:46:28.2743335Z   MAVEN_ARGS: -ntp
2026-09-10T08:46:28.2743575Z   ANDROID_HOME: /usr/local/lib/android/sdk
2026-09-10T08:46:28.2743919Z   ANDROID_SDK_ROOT: /usr/local/lib/android/sdk
2026-09-10T08:46:28.2744218Z   PARTYDECK_GODOT_CI_MODE: 3d
2026-09-10T08:46:28.2744475Z   PARTYDECK_GODOT_CI_FONT_SCALE: 1.0
2026-09-10T08:46:28.2744732Z ##[endgroup]
2026-09-10T08:46:28.3145310Z accel:
2026-09-10T08:46:28.3159007Z 0
2026-09-10T08:46:28.3159374Z KVM (version 12) is installed and usable.
2026-09-10T08:46:28.3159717Z accel
2026-09-10T08:46:28.5772151Z * daemon not running; starting now at tcp:5037
2026-09-10T08:46:28.7791824Z * daemon started successfully
2026-09-10T08:46:29.7723756Z Loading local repository...                                                     
2026-09-10T08:46:30.0090993Z [=========                              ] 25% Loading local repository...       
2026-09-10T08:46:30.0092393Z Auto-selecting single ABI x86_64
2026-09-10T08:47:10.1639791Z [avd-preparation-1] Verified responsive Android launcher before app installation
2026-09-10T08:47:12.9171301Z AVD prepared; strict debug and optimized APK acceptance can begin.
2026-09-10T08:47:21.1138054Z [godot-comparison] Verified responsive Android launcher before app installation
2026-09-10T08:47:28.8324761Z [godot-comparison] Tapped reference_scenario
2026-09-10T08:47:37.0749372Z [godot-comparison] Tapped sound_enabled
2026-09-10T08:47:42.7696524Z [godot-comparison] Captured chooser
2026-09-10T08:47:44.8212233Z [godot-comparison] Tapped launch_3d
2026-09-10T08:47:52.9896817Z [godot-comparison] Verified real 3d match setup, Ready and concealed renderer
2026-09-10T08:47:56.8568558Z [godot-comparison] Captured 01-concealed
2026-09-10T08:48:00.9396952Z [godot-comparison] Tapped refresh_diagnostics
2026-09-10T08:48:09.3242367Z [godot-comparison] Tapped refresh_diagnostics
2026-09-10T08:48:15.3297953Z [godot-comparison] Captured 02-revealed
2026-09-10T08:48:19.4191678Z [godot-comparison] Tapped refresh_diagnostics
2026-09-10T08:48:27.9128551Z [godot-comparison] Tapped refresh_diagnostics
2026-09-10T08:48:33.9678839Z [godot-comparison] Captured 03-selected
2026-09-10T08:48:38.0371622Z [godot-comparison] Tapped refresh_diagnostics
2026-09-10T08:48:46.5511216Z [godot-comparison] Tapped refresh_diagnostics
2026-09-10T08:48:52.5938691Z [godot-comparison] Captured 04-covered
2026-09-10T08:48:56.6723025Z [godot-comparison] Tapped refresh_diagnostics
2026-09-10T08:49:05.0991633Z [godot-comparison] Tapped refresh_diagnostics
2026-09-10T08:49:11.3488959Z [godot-comparison] Tapped refresh_diagnostics
2026-09-10T08:49:19.8098608Z [godot-comparison] Tapped refresh_diagnostics
2026-09-10T08:49:31.6386746Z [godot-comparison] Captured 05-background-home
2026-09-10T08:49:37.0789946Z [godot-comparison] Captured 06-recents-privacy
2026-09-10T08:49:42.0790858Z [godot-comparison] Tapped refresh_diagnostics
2026-09-10T08:49:48.0969622Z [godot-comparison] Captured 07-resumed-concealed
2026-09-10T08:49:52.1747207Z [godot-comparison] Tapped refresh_diagnostics
2026-09-10T08:50:00.5505482Z [godot-comparison] Tapped refresh_diagnostics
2026-09-10T08:50:06.7891780Z [godot-comparison] Tapped refresh_diagnostics
2026-09-10T08:50:15.3095297Z [godot-comparison] Tapped refresh_diagnostics
2026-09-10T08:50:21.5513639Z [godot-comparison] Tapped refresh_diagnostics
2026-09-10T08:50:30.4494411Z [godot-comparison] Tapped refresh_diagnostics
2026-09-10T08:50:36.7373979Z [godot-comparison] Tapped refresh_diagnostics
2026-09-10T08:50:42.6600180Z [godot-comparison] Captured 08-after-play
2026-09-10T08:50:46.4591147Z [godot-comparison] Captured 09-public-outcome
2026-09-10T08:50:50.5522065Z [godot-comparison] Tapped refresh_diagnostics
2026-09-10T08:50:59.5674242Z [godot-comparison] Tapped refresh_diagnostics
2026-09-10T08:51:05.8471790Z [godot-comparison] Tapped refresh_diagnostics
2026-09-10T08:51:11.8449158Z [godot-comparison] Captured 10-next-round
2026-09-10T08:51:15.9057049Z [godot-comparison] Tapped refresh_diagnostics
2026-09-10T08:51:24.7363041Z [godot-comparison] Tapped refresh_diagnostics
2026-09-10T08:51:31.1065138Z [godot-comparison] Tapped refresh_diagnostics
2026-09-10T08:51:37.3889023Z [godot-comparison] Tapped refresh_diagnostics
2026-09-10T08:51:46.2708413Z [godot-comparison] Tapped refresh_diagnostics
2026-09-10T08:51:52.4838741Z [godot-comparison] Tapped refresh_diagnostics
2026-09-10T08:51:58.7534586Z [godot-comparison] Tapped refresh_diagnostics
2026-09-10T08:52:07.2168581Z [godot-comparison] Tapped refresh_diagnostics
2026-09-10T08:52:13.4557856Z [godot-comparison] Tapped refresh_diagnostics
2026-09-10T08:52:19.3261830Z [godot-comparison] Captured 11-after-challenge
2026-09-10T08:52:23.3969642Z [godot-comparison] Tapped refresh_diagnostics
2026-09-10T08:52:31.8789155Z [godot-comparison] Tapped refresh_diagnostics
2026-09-10T08:52:38.1207782Z [godot-comparison] Tapped refresh_diagnostics
2026-09-10T08:52:44.3766503Z [godot-comparison] Tapped refresh_diagnostics
2026-09-10T08:52:52.8370310Z [godot-comparison] Tapped refresh_diagnostics
2026-09-10T08:52:59.0735846Z [godot-comparison] Tapped refresh_diagnostics
2026-09-10T08:53:07.4859531Z [godot-comparison] Tapped refresh_diagnostics
2026-09-10T08:53:13.7596067Z [godot-comparison] Tapped refresh_diagnostics
2026-09-10T08:53:22.6371672Z [godot-comparison] Tapped refresh_diagnostics
2026-09-10T08:53:28.8930983Z [godot-comparison] Tapped refresh_diagnostics
2026-09-10T08:53:35.2041758Z [godot-comparison] Tapped refresh_diagnostics
2026-09-10T08:53:44.0232668Z [godot-comparison] Tapped refresh_diagnostics
2026-09-10T08:53:50.2702445Z [godot-comparison] Tapped refresh_diagnostics
2026-09-10T08:53:56.4828693Z [godot-comparison] Tapped refresh_diagnostics
2026-09-10T08:54:05.3607377Z [godot-comparison] Tapped refresh_diagnostics
2026-09-10T08:54:11.5775881Z [godot-comparison] Tapped refresh_diagnostics
2026-09-10T08:54:17.8386297Z [godot-comparison] Tapped refresh_diagnostics
2026-09-10T08:54:26.7174362Z [godot-comparison] Tapped refresh_diagnostics
2026-09-10T08:54:32.9567500Z [godot-comparison] Tapped refresh_diagnostics
2026-09-10T08:54:39.1595052Z [godot-comparison] Tapped refresh_diagnostics
2026-09-10T08:54:47.5329975Z [godot-comparison] Tapped refresh_diagnostics
2026-09-10T08:54:53.8241788Z [godot-comparison] Tapped refresh_diagnostics
2026-09-10T08:55:00.0700816Z [godot-comparison] Tapped refresh_diagnostics
2026-09-10T08:55:09.0012565Z [godot-comparison] Tapped refresh_diagnostics
2026-09-10T08:55:15.2544804Z [godot-comparison] Tapped refresh_diagnostics
2026-09-10T08:55:21.4714014Z [godot-comparison] Tapped refresh_diagnostics
2026-09-10T08:55:30.2702673Z [godot-comparison] Tapped refresh_diagnostics
2026-09-10T08:55:36.5283810Z [godot-comparison] Tapped refresh_diagnostics
2026-09-10T08:55:42.8175885Z [godot-comparison] Tapped refresh_diagnostics
2026-09-10T08:55:51.6843803Z [godot-comparison] Tapped refresh_diagnostics
2026-09-10T08:55:57.9077681Z [godot-comparison] Tapped refresh_diagnostics
2026-09-10T08:56:04.1991318Z [godot-comparison] Tapped refresh_diagnostics
2026-09-10T08:56:13.0704331Z [godot-comparison] Tapped refresh_diagnostics
2026-09-10T08:56:19.3045698Z [godot-comparison] Tapped refresh_diagnostics
2026-09-10T08:56:25.4854285Z [godot-comparison] Tapped refresh_diagnostics
2026-09-10T08:56:34.4036367Z [godot-comparison] Tapped refresh_diagnostics
2026-09-10T08:56:40.6540985Z [godot-comparison] Tapped refresh_diagnostics
2026-09-10T08:56:46.9341688Z [godot-comparison] Tapped refresh_diagnostics
2026-09-10T08:56:55.8184359Z [godot-comparison] Tapped refresh_diagnostics
2026-09-10T08:57:02.0551294Z [godot-comparison] Tapped refresh_diagnostics
2026-09-10T08:57:08.0156402Z [godot-comparison] Captured 12-winner
2026-09-10T08:57:12.0927769Z [godot-comparison] Tapped refresh_diagnostics
2026-09-10T08:57:23.6736018Z Missing actual native teardown marker: closeSignalAcknowledged
2026-09-10T08:57:25.6904425Z ##[error]Process completed with exit code 1.
2026-09-10T08:57:25.7091911Z Prepare all required actions
2026-09-10T08:57:25.7092464Z Getting action download info
2026-09-10T08:57:25.9157258Z Download action repository 'actions/upload-artifact@043fb46d1a93c77aae656e7c1c64a875d1fc6a0a' (SHA:043fb46d1a93c77aae656e7c1c64a875d1fc6a0a)
2026-09-10T08:57:26.0184074Z ##[group]Run ./.github/actions/upload-artifact
2026-09-10T08:57:26.0184383Z with:
2026-09-10T08:57:26.0184612Z   name: godot-android-3d-font-1.0-debug
2026-09-10T08:57:26.0185598Z   path: godot/qualification/build/ci/package-inputs.json
godot/qualification/build/ci/android/**/*.log
godot/qualification/build/ci/android/**/*.json
godot/qualification/build/ci/android/**/*.xml
godot/qualification/build/ci/android/**/*.png

2026-09-10T08:57:26.0186751Z   retention-days: 14
2026-09-10T08:57:26.0186977Z   if-no-files-found: warn
2026-09-10T08:57:26.0187197Z env:
2026-09-10T08:57:26.0187489Z   JAVA_HOME: /opt/hostedtoolcache/Java_Temurin-Hotspot_jdk/21.0.12-1/x64
2026-09-10T08:57:26.0188029Z   JAVA_HOME_21_X64: /opt/hostedtoolcache/Java_Temurin-Hotspot_jdk/21.0.12-1/x64
2026-09-10T08:57:26.0188411Z   MAVEN_ARGS: -ntp
2026-09-10T08:57:26.0188639Z   ANDROID_HOME: /usr/local/lib/android/sdk
2026-09-10T08:57:26.0188946Z   ANDROID_SDK_ROOT: /usr/local/lib/android/sdk
2026-09-10T08:57:26.0189226Z ##[endgroup]
2026-09-10T08:57:26.0248093Z ##[start-action display=Upload artifact;id=__self.first]
2026-09-10T08:57:26.0291778Z ##[group]Run actions/upload-artifact@043fb46d1a93c77aae656e7c1c64a875d1fc6a0a
2026-09-10T08:57:26.0292171Z with:
2026-09-10T08:57:26.0292386Z   name: godot-android-3d-font-1.0-debug
2026-09-10T08:57:26.0293361Z   path: godot/qualification/build/ci/package-inputs.json
godot/qualification/build/ci/android/**/*.log
godot/qualification/build/ci/android/**/*.json
godot/qualification/build/ci/android/**/*.xml
godot/qualification/build/ci/android/**/*.png

2026-09-10T08:57:26.0294347Z   retention-days: 14
2026-09-10T08:57:26.0294572Z   if-no-files-found: warn
2026-09-10T08:57:26.0294819Z   compression-level: 6
2026-09-10T08:57:26.0295033Z   overwrite: false
2026-09-10T08:57:26.0295250Z   include-hidden-files: false
2026-09-10T08:57:26.0295485Z   archive: true
2026-09-10T08:57:26.0295680Z env:
2026-09-10T08:57:26.0295984Z   JAVA_HOME: /opt/hostedtoolcache/Java_Temurin-Hotspot_jdk/21.0.12-1/x64
2026-09-10T08:57:26.0296481Z   JAVA_HOME_21_X64: /opt/hostedtoolcache/Java_Temurin-Hotspot_jdk/21.0.12-1/x64
2026-09-10T08:57:26.0296867Z   MAVEN_ARGS: -ntp
2026-09-10T08:57:26.0297101Z   ANDROID_HOME: /usr/local/lib/android/sdk
2026-09-10T08:57:26.0297397Z   ANDROID_SDK_ROOT: /usr/local/lib/android/sdk
2026-09-10T08:57:26.0297673Z ##[endgroup]
2026-09-10T08:57:26.2079697Z Multiple search paths detected. Calculating the least common ancestor of all paths
2026-09-10T08:57:26.2082828Z The least common ancestor is /home/runner/work/PartyDeck/PartyDeck/godot/qualification/build/ci. This will be the root directory of the artifact
2026-09-10T08:57:26.2084377Z With the provided path, there will be 92 files uploaded
2026-09-10T08:57:26.2087074Z Artifact name is valid!
2026-09-10T08:57:26.2088000Z Root directory input is valid!
2026-09-10T08:57:26.4078889Z Uploading artifact: godot-android-3d-font-1.0-debug.zip
2026-09-10T08:57:26.4121869Z Beginning upload of artifact content to blob storage
2026-09-10T08:57:26.9441430Z Uploaded bytes 4210437
2026-09-10T08:57:26.9614084Z Finished uploading artifact content to blob storage!
2026-09-10T08:57:26.9615692Z SHA256 digest of uploaded artifact is dfcca4243f5bf905f2e54b9cee6f665bf2ab358e440e08fbd249c1008390777d
2026-09-10T08:57:26.9616992Z Finalizing artifact upload
2026-09-10T08:57:27.2045465Z Artifact godot-android-3d-font-1.0-debug successfully finalized. Artifact ID 10144271465
2026-09-10T08:57:27.2047199Z Artifact godot-android-3d-font-1.0-debug has been successfully uploaded! Final size is 4210437 bytes. Artifact ID is 10144271465
2026-09-10T08:57:27.2050268Z Artifact download URL: https://github.com/Apdelrahman1911/PartyDeck/actions/runs/34456443339/artifacts/10144271465
2026-09-10T08:57:27.2179675Z ##[end-action id=__self.first;outcome=success;conclusion=success;duration_ms=1193]
2026-09-10T08:57:27.2186687Z ##[start-action display=Wait before the single upload retry;id=__self.__run]
2026-09-10T08:57:27.2195241Z ##[end-action id=__self.__run;outcome=skipped;conclusion=skipped;duration_ms=0]
2026-09-10T08:57:27.2198205Z ##[start-action display=Retry artifact upload;id=__self.retry]
2026-09-10T08:57:27.2204737Z ##[end-action id=__self.retry;outcome=skipped;conclusion=skipped;duration_ms=0]
2026-09-10T08:57:27.2207625Z ##[start-action display=Require a successful upload attempt;id=__self.__run_2]
2026-09-10T08:57:27.2219134Z ##[end-action id=__self.__run_2;outcome=skipped;conclusion=skipped;duration_ms=0]
2026-09-10T08:57:27.2352127Z Post job cleanup.
2026-09-10T08:57:27.3389530Z Post job cleanup.
2026-09-10T08:57:27.4479714Z [command]/usr/bin/git version
2026-09-10T08:57:27.4522834Z git version 2.55.0
2026-09-10T08:57:27.4585687Z Temporarily overriding HOME='/home/runner/work/_temp/15cf2c1c-e2a3-4956-badd-48e1d0fef8f7' before making global git config changes
2026-09-10T08:57:27.4587484Z Adding repository directory to the temporary git global config as a safe directory
2026-09-10T08:57:27.4595593Z [command]/usr/bin/git config --global --add safe.directory /home/runner/work/PartyDeck/PartyDeck
2026-09-10T08:57:27.4640292Z Removing SSH command configuration
2026-09-10T08:57:27.4650993Z [command]/usr/bin/git config --local --name-only --get-regexp core\.sshCommand
2026-09-10T08:57:27.4706503Z [command]/usr/bin/git submodule foreach --recursive sh -c "git config --local --name-only --get-regexp 'core\.sshCommand' && git config --local --unset-all 'core.sshCommand' || :"
2026-09-10T08:57:27.5034642Z Removing HTTP extra header
2026-09-10T08:57:27.5043769Z [command]/usr/bin/git config --local --name-only --get-regexp http\.https\:\/\/github\.com\/\.extraheader
2026-09-10T08:57:27.5109827Z [command]/usr/bin/git submodule foreach --recursive sh -c "git config --local --name-only --get-regexp 'http\.https\:\/\/github\.com\/\.extraheader' && git config --local --unset-all 'http.https://github.com/.extraheader' || :"
2026-09-10T08:57:27.5400388Z Removing includeIf entries pointing to credentials config files
2026-09-10T08:57:27.5408069Z [command]/usr/bin/git config --local --name-only --get-regexp ^includeIf\.gitdir:
2026-09-10T08:57:27.5452775Z [command]/usr/bin/git submodule foreach --recursive git config --local --show-origin --name-only --get-regexp remote.origin.url
2026-09-10T08:57:27.5930472Z Cleaning up orphan processes
2026-09-10T08:57:27.6330053Z Terminate orphan process: pid (2722) (adb)
