{
  "output": "/tmp/partydeck-engine-ci/34456443339/native-evidence-automated.json",
  "sha256": "cc8713992f98d7856a80104c2451b91bd57f0210d834bc40a784c1735f8c85c6",
  "pngsDecoded": 70,
  "directOriginalImagesReviewed": 0,
  "cases": [
    {
      "artifact": "godot-android-2d-font-1.0-debug",
      "passed": true,
      "entries": 3,
      "sceneCapturesVerified": 12,
      "originalPngs": 20
    },
    {
      "artifact": "godot-android-2d-font-2.0-debug",
      "passed": true,
      "entries": 3,
      "sceneCapturesVerified": 12,
      "originalPngs": 20
    },
    {
      "artifact": "godot-android-3d-font-1.0-debug",
      "passed": false,
      "entries": 1,
      "sceneCapturesVerified": 10,
      "originalPngs": 15
    },
    {
      "artifact": "godot-android-3d-font-2.0-debug",
      "passed": false,
      "entries": 1,
      "sceneCapturesVerified": 10,
      "originalPngs": 15
    }
  ]
}
