--------- beginning of main
09-10 07:45:49.198  8774  8774 I t.compare:godot: Late-enabling -Xcheck:jni
09-10 07:45:49.229  8774  8774 I t.compare:godot: Using CollectorTypeCMC GC.
09-10 07:45:49.230  8774  8774 W t.compare:godot: Unexpected CPU variant for x86: x86_64.
09-10 07:45:49.230  8774  8774 W t.compare:godot: Known variants: atom, sandybridge, silvermont, goldmont, goldmont-plus, goldmont-without-sha-xsaves, tremont, kabylake, default
09-10 07:45:49.256  8774  8774 D nativeloader: Load libframework-connectivity-tiramisu-jni.so using APEX ns com_android_tethering for caller /apex/com.android.tethering/javalib/framework-connectivity-t.jar: ok
09-10 07:45:49.310  8774  8774 W ziparchive: Unable to open '/data/app/~~lZTYXQTcmIxR6FaWNeZodw==/dev.partydeck.godot.compare--il3E5kdF3Svt-92LY4Ffg==/base.dm': No such file or directory
09-10 07:45:49.312  8774  8774 W ziparchive: Unable to open '/data/app/~~lZTYXQTcmIxR6FaWNeZodw==/dev.partydeck.godot.compare--il3E5kdF3Svt-92LY4Ffg==/base.dm': No such file or directory
09-10 07:45:49.485  8774  8774 D nativeloader: Configuring clns-7 for other apk /data/app/~~lZTYXQTcmIxR6FaWNeZodw==/dev.partydeck.godot.compare--il3E5kdF3Svt-92LY4Ffg==/base.apk. target_sdk_version=36, uses_libraries=, library_path=/data/app/~~lZTYXQTcmIxR6FaWNeZodw==/dev.partydeck.godot.compare--il3E5kdF3Svt-92LY4Ffg==/lib/x86_64:/data/app/~~lZTYXQTcmIxR6FaWNeZodw==/dev.partydeck.godot.compare--il3E5kdF3Svt-92LY4Ffg==/base.apk!/lib/x86_64, permitted_path=/data:/mnt/expand:/data/user/0/dev.partydeck.godot.compare
09-10 07:45:49.504  8774  8774 V GraphicsEnvironment: Currently set values for:
09-10 07:45:49.506  8774  8774 V GraphicsEnvironment:   angle_gl_driver_selection_pkgs=[]
09-10 07:45:49.506  8774  8774 V GraphicsEnvironment:   angle_gl_driver_selection_values=[]
09-10 07:45:49.506  8774  8774 V GraphicsEnvironment: Global.Settings values are invalid: number of packages: 0, number of values: 0
09-10 07:45:49.507  8774  8774 V GraphicsEnvironment: Neither updatable production driver nor prerelease driver is supported.
09-10 07:45:49.976  8774  8774 V Godot   : Initializing Godot plugin registry
09-10 07:45:49.977  8774  8774 I GodotPluginRegistry: Registering runtime plugin AndroidRuntime
09-10 07:45:49.977  8774  8774 I GodotPluginRegistry: Registering runtime plugin PartyDeckBridge
09-10 07:45:49.977  8774  8774 V Godot   : InitEngine with params: [--main-pack, res://partydeck-last-light.pck, --rendering-method, gl_compatibility, --xr-mode, off]
09-10 07:45:49.994  8774  8774 D nativeloader: Load /data/app/~~lZTYXQTcmIxR6FaWNeZodw==/dev.partydeck.godot.compare--il3E5kdF3Svt-92LY4Ffg==/base.apk!/lib/x86_64/libgodot_android.so using ns clns-7 from class loader (caller=/data/app/~~lZTYXQTcmIxR6FaWNeZodw==/dev.partydeck.godot.compare--il3E5kdF3Svt-92LY4Ffg==/base.apk): ok
09-10 07:45:49.995  8774  8774 V Godot   : Godot native layer initialization completed: true
09-10 07:45:49.996  8774  8774 V Godot   : Setting up native layer with params: [--main-pack, res://partydeck-last-light.pck, --rendering-method, gl_compatibility, --xr-mode, off]
09-10 07:45:50.017  8774  8774 V Godot   : Godot native layer setup completed
09-10 07:45:50.018  8774  8774 V Godot   : OnInitRenderView: GodotFragment{b6c7c32} (bf56d879-54b6-4e25-93bf-c560f48228f7 id=0x7f07002b tag=partydeck-godot)
09-10 07:45:50.029  8774  8774 D Godot   : Render view should be transparent: false
09-10 07:45:50.030  8774  8774 D Godot   : renderingDevice: opengl3 (ProjectSettings)
09-10 07:45:50.030  8774  8774 D Godot   : 			renderer: gl_compatibility (Default)
09-10 07:45:50.043  8774  8774 V Godot   : OnStart: GodotFragment{b6c7c32} (bf56d879-54b6-4e25-93bf-c560f48228f7 id=0x7f07002b tag=partydeck-godot)
09-10 07:45:50.044  8774  8774 W WindowOnBackDispatcher: OnBackInvokedCallback is not enabled for the application.
09-10 07:45:50.044  8774  8774 W WindowOnBackDispatcher: Set 'android:enableOnBackInvokedCallback="true"' in the application manifest.
09-10 07:45:50.046  8774  8774 V Godot   : OnResume: GodotFragment{b6c7c32} (bf56d879-54b6-4e25-93bf-c560f48228f7 id=0x7f07002b tag=partydeck-godot)
09-10 07:45:50.049  8774  8774 W HWUI    : Unknown dataspace 0
09-10 07:45:50.083  8774  8791 I EGL_emulation: Opening libGLESv1_CM_emulation.so
09-10 07:45:50.096  8774  8791 I EGL_emulation: Opening libGLESv2_emulation.so
09-10 07:45:50.106  8774  8791 W HWUI    : Failed to choose config with EGL_SWAP_BEHAVIOR_PRESERVED, retrying without...
09-10 07:45:50.106  8774  8791 W HWUI    : Failed to initialize 101010-2 format, error = EGL_SUCCESS
09-10 07:45:50.145  8774  8811 W RegularContextFactory: creating OpenGL ES 3.0 context :
09-10 07:45:50.196  8774  8811 I Gralloc4: mapper 4.x is not supported
09-10 07:45:50.206  8774  8811 I godot   : Godot Engine v4.7.2.stable.official.ed1daf0bf - https://godotengine.org
09-10 07:45:50.441  8774  8811 E godot   : WARNING: Failed to load cached shader, recompiling.
09-10 07:45:50.441  8774  8811 E godot   :    at: _load_from_cache (drivers/gles3/shader_gles3.cpp:615)
09-10 07:45:50.454  8774  8781 I t.compare:godot: Compiler allocated 4219KB to compile void android.widget.TextView.<init>(android.content.Context, android.util.AttributeSet, int, int)
09-10 07:45:50.946  8774  8781 I t.compare:godot: Compiler allocated 5174KB to compile void android.view.ViewRootImpl.performTraversals()
09-10 07:45:51.102  8774  8815 E SurfaceSyncGroup: Failed to receive transaction ready in 1000ms. Marking SurfaceSyncGroup(wmsSync-VRI[GodotGameActivity]#1) as ready
09-10 07:45:51.102  8774  8815 E SurfaceSyncGroup: Failed to receive transaction ready in 1000ms. Marking SurfaceSyncGroup(VRI[GodotGameActivity]#2) as ready
09-10 07:45:51.102  8774  8815 E SurfaceSyncGroup: Failed to receive transaction ready in 1000ms. Marking SurfaceSyncGroup(SurfaceView[dev.partydeck.godot.compare/dev.partydeck.godot.compare.GodotGameActivity]#0) as ready
09-10 07:45:51.325  8774  8791 D EGL_emulation: app_time_stats: avg=486.16ms min=8.81ms max=963.51ms count=2
09-10 07:45:51.634  8774  8811 I godot   : OpenGL API OpenGL ES 3.1 (OpenGL ES 3.1.0 (ANGLE 2.1.17841 git hash: 5fa2e61da947)) - Compatibility - Using Device: Google (Google Inc. (Google)) - Android Emulator OpenGL ES Translator (ANGLE (Google, Vulkan 1.3.0 (SwiftShader Device (Subzero) (0x0000C0DE)), SwiftShader driver-5.0.0))
09-10 07:45:51.635  8774  8811 D t.compare:godot: PlayerBase::PlayerBase()
09-10 07:45:51.635  8774  8811 D t.compare:godot: TrackPlayerBase::TrackPlayerBase()
09-10 07:45:51.635  8774  8811 I libOpenSLES: Emulating old channel mask behavior (ignoring positional mask 0x3, using default mask 0x3 based on channel count of 2)
09-10 07:45:51.640  8774  8811 I godot   : 
09-10 07:45:52.020  8774  8811 V Godot   : OnGodotSetupCompleted
09-10 07:45:52.026  8774  8811 V Godot   : OnGodotMainLoopStarted
09-10 07:45:52.626  8774  8791 D EGL_emulation: app_time_stats: avg=320.60ms min=85.96ms max=524.21ms count=4
09-10 07:46:02.285  8774  8774 D AutofillManager: Fill dialog is enabled:false, hints=[]
09-10 07:46:02.321  8774  8791 D EGL_emulation: app_time_stats: avg=1369.60ms min=11.30ms max=9119.06ms count=7
09-10 07:46:06.572  8774  8811 D EGL_emulation: app_time_stats: avg=3713.15ms min=71.82ms max=14049.70ms count=4
09-10 07:46:06.589  8774  8791 D EGL_emulation: app_time_stats: avg=839.17ms min=17.46ms max=3984.64ms count=5
09-10 07:46:06.605  8774  8811 D GLThread: Exiting render thread
09-10 07:46:06.605  8774  8811 D GodotRenderer: Destroying Godot Engine
09-10 07:46:06.695  8774  8811 D t.compare:godot: PlayerBase::stop() from IPlayer
09-10 07:46:06.695  8774  8811 D AudioTrack: stop(17): called with 668556 frames delivered
09-10 07:46:06.696  8774  8811 E eglCodecCommon: removeVertexArrayObject: ERROR: 7 not found in VAO state!
09-10 07:46:06.723  8774  8811 V Godot   : OnGodotTerminating
09-10 07:46:06.764  8774  8774 V Godot   : OnDestroy: GodotFragment{b6c7c32} (bf56d879-54b6-4e25-93bf-c560f48228f7 id=0x7f07002b tag=partydeck-godot)
09-10 07:46:06.778  8774  8774 V Godot   : OnPause: GodotFragment{b6c7c32} (bf56d879-54b6-4e25-93bf-c560f48228f7 id=0x7f07002b tag=partydeck-godot)
09-10 07:46:06.970  8774  8774 I PartyDeckGodotHost: Engine process exit requested
09-10 07:46:06.970  8774  8774 I Process : Sending signal. PID: 8774 SIG: 9
