--------- beginning of main
09-10 07:01:13.312 10850 10850 I t.compare:godot: Late-enabling -Xcheck:jni
09-10 07:01:13.340 10850 10850 I t.compare:godot: Using CollectorTypeCMC GC.
09-10 07:01:13.346 10850 10850 W t.compare:godot: Unexpected CPU variant for x86: x86_64.
09-10 07:01:13.346 10850 10850 W t.compare:godot: Known variants: atom, sandybridge, silvermont, goldmont, goldmont-plus, goldmont-without-sha-xsaves, tremont, kabylake, default
09-10 07:01:13.427 10850 10850 D nativeloader: Load libframework-connectivity-tiramisu-jni.so using APEX ns com_android_tethering for caller /apex/com.android.tethering/javalib/framework-connectivity-t.jar: ok
09-10 07:01:13.472 10850 10850 W ziparchive: Unable to open '/data/app/~~w6KSASoncgeNnvQZomS2RQ==/dev.partydeck.godot.compare-Icgceibg6VAbWSWHMXN8tA==/base.dm': No such file or directory
09-10 07:01:13.473 10850 10850 W ziparchive: Unable to open '/data/app/~~w6KSASoncgeNnvQZomS2RQ==/dev.partydeck.godot.compare-Icgceibg6VAbWSWHMXN8tA==/base.dm': No such file or directory
09-10 07:01:13.635 10850 10850 D nativeloader: Configuring clns-7 for other apk /data/app/~~w6KSASoncgeNnvQZomS2RQ==/dev.partydeck.godot.compare-Icgceibg6VAbWSWHMXN8tA==/base.apk. target_sdk_version=36, uses_libraries=, library_path=/data/app/~~w6KSASoncgeNnvQZomS2RQ==/dev.partydeck.godot.compare-Icgceibg6VAbWSWHMXN8tA==/lib/x86_64:/data/app/~~w6KSASoncgeNnvQZomS2RQ==/dev.partydeck.godot.compare-Icgceibg6VAbWSWHMXN8tA==/base.apk!/lib/x86_64, permitted_path=/data:/mnt/expand:/data/user/0/dev.partydeck.godot.compare
09-10 07:01:13.656 10850 10850 V GraphicsEnvironment: Currently set values for:
09-10 07:01:13.658 10850 10850 V GraphicsEnvironment:   angle_gl_driver_selection_pkgs=[]
09-10 07:01:13.658 10850 10850 V GraphicsEnvironment:   angle_gl_driver_selection_values=[]
09-10 07:01:13.658 10850 10850 V GraphicsEnvironment: Global.Settings values are invalid: number of packages: 0, number of values: 0
09-10 07:01:13.658 10850 10850 V GraphicsEnvironment: Neither updatable production driver nor prerelease driver is supported.
09-10 07:01:14.072 10850 10850 V Godot   : Initializing Godot plugin registry
09-10 07:01:14.076 10850 10850 I GodotPluginRegistry: Registering runtime plugin AndroidRuntime
09-10 07:01:14.076 10850 10850 I GodotPluginRegistry: Registering runtime plugin PartyDeckBridge
09-10 07:01:14.076 10850 10850 V Godot   : InitEngine with params: [--main-pack, res://partydeck-last-light.pck, --rendering-method, gl_compatibility, --xr-mode, off]
09-10 07:01:14.132 10850 10850 D nativeloader: Load /data/app/~~w6KSASoncgeNnvQZomS2RQ==/dev.partydeck.godot.compare-Icgceibg6VAbWSWHMXN8tA==/base.apk!/lib/x86_64/libgodot_android.so using ns clns-7 from class loader (caller=/data/app/~~w6KSASoncgeNnvQZomS2RQ==/dev.partydeck.godot.compare-Icgceibg6VAbWSWHMXN8tA==/base.apk): ok
09-10 07:01:14.136 10850 10850 V Godot   : Godot native layer initialization completed: true
09-10 07:01:14.136 10850 10850 V Godot   : Setting up native layer with params: [--main-pack, res://partydeck-last-light.pck, --rendering-method, gl_compatibility, --xr-mode, off]
09-10 07:01:14.201 10850 10850 V Godot   : Godot native layer setup completed
09-10 07:01:14.202 10850 10850 V Godot   : OnInitRenderView: GodotFragment{11c16cd} (a3f78d9d-cfb9-4409-ad1a-71321f971752 id=0x7f07002b tag=partydeck-godot)
09-10 07:01:14.213 10850 10850 D Godot   : Render view should be transparent: false
09-10 07:01:14.213 10850 10850 D Godot   : renderingDevice: opengl3 (ProjectSettings)
09-10 07:01:14.213 10850 10850 D Godot   : 			renderer: gl_compatibility (Default)
09-10 07:01:14.225 10850 10850 V Godot   : OnStart: GodotFragment{11c16cd} (a3f78d9d-cfb9-4409-ad1a-71321f971752 id=0x7f07002b tag=partydeck-godot)
09-10 07:01:14.227 10850 10850 W WindowOnBackDispatcher: OnBackInvokedCallback is not enabled for the application.
09-10 07:01:14.227 10850 10850 W WindowOnBackDispatcher: Set 'android:enableOnBackInvokedCallback="true"' in the application manifest.
09-10 07:01:14.229 10850 10850 V Godot   : OnResume: GodotFragment{11c16cd} (a3f78d9d-cfb9-4409-ad1a-71321f971752 id=0x7f07002b tag=partydeck-godot)
09-10 07:01:14.233 10850 10850 W HWUI    : Unknown dataspace 0
09-10 07:01:14.275 10850 10876 I EGL_emulation: Opening libGLESv1_CM_emulation.so
09-10 07:01:14.276 10850 10876 I EGL_emulation: Opening libGLESv2_emulation.so
09-10 07:01:14.337 10850 10876 W HWUI    : Failed to choose config with EGL_SWAP_BEHAVIOR_PRESERVED, retrying without...
09-10 07:01:14.337 10850 10876 W HWUI    : Failed to initialize 101010-2 format, error = EGL_SUCCESS
09-10 07:01:14.354 10850 10885 W RegularContextFactory: creating OpenGL ES 3.0 context :
09-10 07:01:14.364 10850 10885 I Gralloc4: mapper 4.x is not supported
09-10 07:01:14.372 10850 10885 I godot   : Godot Engine v4.7.2.stable.official.ed1daf0bf - https://godotengine.org
09-10 07:01:14.570 10850 10855 I t.compare:godot: Compiler allocated 4219KB to compile void android.widget.TextView.<init>(android.content.Context, android.util.AttributeSet, int, int)
09-10 07:01:14.639 10850 10885 E godot   : WARNING: Failed to load cached shader, recompiling.
09-10 07:01:14.639 10850 10885 E godot   :    at: _load_from_cache (drivers/gles3/shader_gles3.cpp:615)
09-10 07:01:15.087 10850 10855 I t.compare:godot: Compiler allocated 5174KB to compile void android.view.ViewRootImpl.performTraversals()
09-10 07:01:15.228 10850 10885 I godot   : OpenGL API OpenGL ES 3.1 (OpenGL ES 3.1.0 (ANGLE 2.1.17841 git hash: 5fa2e61da947)) - Compatibility - Using Device: Google (Google Inc. (Google)) - Android Emulator OpenGL ES Translator (ANGLE (Google, Vulkan 1.3.0 (SwiftShader Device (Subzero) (0x0000C0DE)), SwiftShader driver-5.0.0))
09-10 07:01:15.229 10850 10885 D t.compare:godot: PlayerBase::PlayerBase()
09-10 07:01:15.230 10850 10885 D t.compare:godot: TrackPlayerBase::TrackPlayerBase()
09-10 07:01:15.230 10850 10885 I libOpenSLES: Emulating old channel mask behavior (ignoring positional mask 0x3, using default mask 0x3 based on channel count of 2)
09-10 07:01:15.236 10850 10885 I godot   : 
09-10 07:01:15.361 10850 10890 E SurfaceSyncGroup: Failed to receive transaction ready in 1000ms. Marking SurfaceSyncGroup(wmsSync-VRI[GodotGameActivity]#1) as ready
09-10 07:01:15.364 10850 10890 E SurfaceSyncGroup: Failed to receive transaction ready in 1000ms. Marking SurfaceSyncGroup(VRI[GodotGameActivity]#2) as ready
09-10 07:01:15.365 10850 10890 E SurfaceSyncGroup: Failed to receive transaction ready in 1000ms. Marking SurfaceSyncGroup(SurfaceView[dev.partydeck.godot.compare/dev.partydeck.godot.compare.GodotGameActivity]#0) as ready
09-10 07:01:15.561 10850 10876 D EGL_emulation: app_time_stats: avg=552.45ms min=42.16ms max=1062.73ms count=2
09-10 07:01:15.956 10850 10885 V Godot   : OnGodotSetupCompleted
09-10 07:01:15.962 10850 10885 V Godot   : OnGodotMainLoopStarted
09-10 07:01:16.975 10850 10876 D EGL_emulation: app_time_stats: avg=340.42ms min=81.26ms max=690.45ms count=4
09-10 07:01:18.322 10850 10885 D EGL_emulation: app_time_stats: avg=912.80ms min=80.52ms max=1922.55ms count=3
09-10 07:01:18.392 10850 10876 D EGL_emulation: app_time_stats: avg=1416.70ms min=1416.70ms max=1416.70ms count=1
09-10 07:01:24.285 10850 10876 D EGL_emulation: app_time_stats: avg=1467.10ms min=52.36ms max=5673.44ms count=4
09-10 07:01:24.309 10850 10885 D t.compare:godot: PlayerBase::stop() from IPlayer
09-10 07:01:24.310 10850 10885 D AudioTrack: stop(18): called with 403852 frames delivered
09-10 07:01:24.327 10850 10885 E eglCodecCommon: removeVertexArrayObject: ERROR: 7 not found in VAO state!
09-10 07:01:24.409 10850 10885 V Godot   : OnGodotTerminating
09-10 07:01:24.457 10850 10885 D EGL_emulation: app_time_stats: avg=6135.56ms min=6135.56ms max=6135.56ms count=1
09-10 07:01:24.533 10850 10885 D GLThread: Exiting render thread
09-10 07:01:24.533 10850 10885 D GodotRenderer: Destroying Godot Engine
09-10 07:01:24.597 10850 10850 V Godot   : OnDestroy: GodotFragment{11c16cd} (a3f78d9d-cfb9-4409-ad1a-71321f971752 id=0x7f07002b tag=partydeck-godot)
09-10 07:01:24.612 10850 10850 V Godot   : OnPause: GodotFragment{11c16cd} (a3f78d9d-cfb9-4409-ad1a-71321f971752 id=0x7f07002b tag=partydeck-godot)
09-10 07:01:24.749 10850 10850 I PartyDeckGodotHost: Engine process exit requested
09-10 07:01:24.749 10850 10850 I Process : Sending signal. PID: 10850 SIG: 9
