Command line invocation:
    /Applications/Xcode_26.4.1.app/Contents/Developer/usr/bin/xcodebuild build -project /Users/runner/work/PartyDeck/PartyDeck/godot/ios-host/RetainedHost.xcodeproj -scheme RetainedHost -configuration Debug -destination "generic/platform=iOS Simulator" -derivedDataPath /Users/runner/work/PartyDeck/PartyDeck/godot/ios-host/build/retained-host-test/DerivedData CODE_SIGNING_ALLOWED=NO LD_MAP_FILE_PATH=/Users/runner/work/PartyDeck/PartyDeck/godot/ios-host/build/retained-host-test/evidence/RetainedHost-LinkMap.txt

Build settings from command line:
    CODE_SIGNING_ALLOWED = NO
    LD_MAP_FILE_PATH = /Users/runner/work/PartyDeck/PartyDeck/godot/ios-host/build/retained-host-test/evidence/RetainedHost-LinkMap.txt

ComputePackagePrebuildTargetDependencyGraph

Prepare packages

CreateBuildRequest

SendProjectDescription

CreateBuildOperation

ComputeTargetDependencyGraph
note: Building targets in dependency order
note: Target dependency graph (1 target)
    Target 'RetainedHost' in project 'RetainedHost' (no dependencies)

GatherProvisioningInputs

CreateBuildDescription

ExecuteExternalTool /Applications/Xcode_26.4.1.app/Contents/Developer/Toolchains/XcodeDefault.xctoolchain/usr/bin/swiftc --version

ExecuteExternalTool /Applications/Xcode_26.4.1.app/Contents/Developer/Toolchains/XcodeDefault.xctoolchain/usr/bin/clang -v -E -dM -isysroot /Applications/Xcode_26.4.1.app/Contents/Developer/Platforms/iPhoneSimulator.platform/Developer/SDKs/iPhoneSimulator26.4.sdk -x c -c /dev/null

ExecuteExternalTool /Applications/Xcode_26.4.1.app/Contents/Developer/Toolchains/XcodeDefault.xctoolchain/usr/bin/ld -version_details

Build description signature: 6188bf01ee2331f44e74c221d268f508
Build description path: /Users/runner/work/PartyDeck/PartyDeck/godot/ios-host/build/retained-host-test/DerivedData/Build/Intermediates.noindex/XCBuildData/6188bf01ee2331f44e74c221d268f508.xcbuilddata
ClangStatCache /Applications/Xcode_26.4.1.app/Contents/Developer/Toolchains/XcodeDefault.xctoolchain/usr/bin/clang-stat-cache /Applications/Xcode_26.4.1.app/Contents/Developer/Platforms/iPhoneSimulator.platform/Developer/SDKs/iPhoneSimulator26.4.sdk /Users/runner/work/PartyDeck/PartyDeck/godot/ios-host/build/retained-host-test/DerivedData/SDKStatCaches.noindex/iphonesimulator26.4-23E252-688ef53f1462e2c8f657fdc38a81448f893e4a944e4cdd9af1f5077e1341bc52.sdkstatcache
    cd /Users/runner/work/PartyDeck/PartyDeck/godot/ios-host/RetainedHost.xcodeproj
    /Applications/Xcode_26.4.1.app/Contents/Developer/Toolchains/XcodeDefault.xctoolchain/usr/bin/clang-stat-cache /Applications/Xcode_26.4.1.app/Contents/Developer/Platforms/iPhoneSimulator.platform/Developer/SDKs/iPhoneSimulator26.4.sdk -o /Users/runner/work/PartyDeck/PartyDeck/godot/ios-host/build/retained-host-test/DerivedData/SDKStatCaches.noindex/iphonesimulator26.4-23E252-688ef53f1462e2c8f657fdc38a81448f893e4a944e4cdd9af1f5077e1341bc52.sdkstatcache

CreateBuildDirectory /Users/runner/work/PartyDeck/PartyDeck/godot/ios-host/build/retained-host-test/DerivedData/Build/Products
    cd /Users/runner/work/PartyDeck/PartyDeck/godot/ios-host/RetainedHost.xcodeproj
    builtin-create-build-directory /Users/runner/work/PartyDeck/PartyDeck/godot/ios-host/build/retained-host-test/DerivedData/Build/Products

CreateBuildDirectory /Users/runner/work/PartyDeck/PartyDeck/godot/ios-host/build/retained-host-test/DerivedData/Build/Intermediates.noindex
    cd /Users/runner/work/PartyDeck/PartyDeck/godot/ios-host/RetainedHost.xcodeproj
    builtin-create-build-directory /Users/runner/work/PartyDeck/PartyDeck/godot/ios-host/build/retained-host-test/DerivedData/Build/Intermediates.noindex

WriteAuxiliaryFile /Users/runner/work/PartyDeck/PartyDeck/godot/ios-host/build/retained-host-test/DerivedData/Build/Intermediates.noindex/RetainedHost.build/Debug-iphonesimulator/RetainedHost-18bce220dfdb8dd8aa390b59ff9a8853-VFS-iphonesimulator/all-product-headers.yaml
    cd /Users/runner/work/PartyDeck/PartyDeck/godot/ios-host/RetainedHost.xcodeproj
    write-file /Users/runner/work/PartyDeck/PartyDeck/godot/ios-host/build/retained-host-test/DerivedData/Build/Intermediates.noindex/RetainedHost.build/Debug-iphonesimulator/RetainedHost-18bce220dfdb8dd8aa390b59ff9a8853-VFS-iphonesimulator/all-product-headers.yaml

CreateBuildDirectory /Users/runner/work/PartyDeck/PartyDeck/godot/ios-host/build/retained-host-test/DerivedData/Build/Products/Debug-iphonesimulator
    cd /Users/runner/work/PartyDeck/PartyDeck/godot/ios-host/RetainedHost.xcodeproj
    builtin-create-build-directory /Users/runner/work/PartyDeck/PartyDeck/godot/ios-host/build/retained-host-test/DerivedData/Build/Products/Debug-iphonesimulator

CreateBuildDirectory /Users/runner/work/PartyDeck/PartyDeck/godot/ios-host/build/retained-host-test/DerivedData/Build/Intermediates.noindex/SwiftExplicitPrecompiledModules
    cd /Users/runner/work/PartyDeck/PartyDeck/godot/ios-host/RetainedHost.xcodeproj
    builtin-create-build-directory /Users/runner/work/PartyDeck/PartyDeck/godot/ios-host/build/retained-host-test/DerivedData/Build/Intermediates.noindex/SwiftExplicitPrecompiledModules

CreateBuildDirectory /Users/runner/work/PartyDeck/PartyDeck/godot/ios-host/build/retained-host-test/DerivedData/Build/Intermediates.noindex/ExplicitPrecompiledModules
    cd /Users/runner/work/PartyDeck/PartyDeck/godot/ios-host/RetainedHost.xcodeproj
    builtin-create-build-directory /Users/runner/work/PartyDeck/PartyDeck/godot/ios-host/build/retained-host-test/DerivedData/Build/Intermediates.noindex/ExplicitPrecompiledModules

CreateBuildDirectory /Users/runner/work/PartyDeck/PartyDeck/godot/ios-host/build/retained-host-test/DerivedData/Build/Intermediates.noindex/EagerLinkingTBDs/Debug-iphonesimulator
    cd /Users/runner/work/PartyDeck/PartyDeck/godot/ios-host/RetainedHost.xcodeproj
    builtin-create-build-directory /Users/runner/work/PartyDeck/PartyDeck/godot/ios-host/build/retained-host-test/DerivedData/Build/Intermediates.noindex/EagerLinkingTBDs/Debug-iphonesimulator

WriteAuxiliaryFile /Users/runner/work/PartyDeck/PartyDeck/godot/ios-host/build/retained-host-test/DerivedData/Build/Intermediates.noindex/RetainedHost.build/Debug-iphonesimulator/RetainedHost.build/RetainedHost.hmap (in target 'RetainedHost' from project 'RetainedHost')
    cd /Users/runner/work/PartyDeck/PartyDeck/godot/ios-host
    write-file /Users/runner/work/PartyDeck/PartyDeck/godot/ios-host/build/retained-host-test/DerivedData/Build/Intermediates.noindex/RetainedHost.build/Debug-iphonesimulator/RetainedHost.build/RetainedHost.hmap

WriteAuxiliaryFile /Users/runner/work/PartyDeck/PartyDeck/godot/ios-host/build/retained-host-test/DerivedData/Build/Intermediates.noindex/RetainedHost.build/Debug-iphonesimulator/RetainedHost.build/RetainedHost.DependencyStaticMetadataFileList (in target 'RetainedHost' from project 'RetainedHost')
    cd /Users/runner/work/PartyDeck/PartyDeck/godot/ios-host
    write-file /Users/runner/work/PartyDeck/PartyDeck/godot/ios-host/build/retained-host-test/DerivedData/Build/Intermediates.noindex/RetainedHost.build/Debug-iphonesimulator/RetainedHost.build/RetainedHost.DependencyStaticMetadataFileList

WriteAuxiliaryFile /Users/runner/work/PartyDeck/PartyDeck/godot/ios-host/build/retained-host-test/DerivedData/Build/Intermediates.noindex/RetainedHost.build/Debug-iphonesimulator/RetainedHost.build/RetainedHost.DependencyMetadataFileList (in target 'RetainedHost' from project 'RetainedHost')
    cd /Users/runner/work/PartyDeck/PartyDeck/godot/ios-host
    write-file /Users/runner/work/PartyDeck/PartyDeck/godot/ios-host/build/retained-host-test/DerivedData/Build/Intermediates.noindex/RetainedHost.build/Debug-iphonesimulator/RetainedHost.build/RetainedHost.DependencyMetadataFileList

WriteAuxiliaryFile /Users/runner/work/PartyDeck/PartyDeck/godot/ios-host/build/retained-host-test/DerivedData/Build/Intermediates.noindex/RetainedHost.build/Debug-iphonesimulator/RetainedHost.build/RetainedHost-project-headers.hmap (in target 'RetainedHost' from project 'RetainedHost')
    cd /Users/runner/work/PartyDeck/PartyDeck/godot/ios-host
    write-file /Users/runner/work/PartyDeck/PartyDeck/godot/ios-host/build/retained-host-test/DerivedData/Build/Intermediates.noindex/RetainedHost.build/Debug-iphonesimulator/RetainedHost.build/RetainedHost-project-headers.hmap

WriteAuxiliaryFile /Users/runner/work/PartyDeck/PartyDeck/godot/ios-host/build/retained-host-test/DerivedData/Build/Intermediates.noindex/RetainedHost.build/Debug-iphonesimulator/RetainedHost.build/RetainedHost-own-target-headers.hmap (in target 'RetainedHost' from project 'RetainedHost')
    cd /Users/runner/work/PartyDeck/PartyDeck/godot/ios-host
    write-file /Users/runner/work/PartyDeck/PartyDeck/godot/ios-host/build/retained-host-test/DerivedData/Build/Intermediates.noindex/RetainedHost.build/Debug-iphonesimulator/RetainedHost.build/RetainedHost-own-target-headers.hmap

WriteAuxiliaryFile /Users/runner/work/PartyDeck/PartyDeck/godot/ios-host/build/retained-host-test/DerivedData/Build/Intermediates.noindex/RetainedHost.build/Debug-iphonesimulator/RetainedHost.build/RetainedHost-generated-files.hmap (in target 'RetainedHost' from project 'RetainedHost')
    cd /Users/runner/work/PartyDeck/PartyDeck/godot/ios-host
    write-file /Users/runner/work/PartyDeck/PartyDeck/godot/ios-host/build/retained-host-test/DerivedData/Build/Intermediates.noindex/RetainedHost.build/Debug-iphonesimulator/RetainedHost.build/RetainedHost-generated-files.hmap

WriteAuxiliaryFile /Users/runner/work/PartyDeck/PartyDeck/godot/ios-host/build/retained-host-test/DerivedData/Build/Intermediates.noindex/RetainedHost.build/Debug-iphonesimulator/RetainedHost.build/RetainedHost-all-target-headers.hmap (in target 'RetainedHost' from project 'RetainedHost')
    cd /Users/runner/work/PartyDeck/PartyDeck/godot/ios-host
    write-file /Users/runner/work/PartyDeck/PartyDeck/godot/ios-host/build/retained-host-test/DerivedData/Build/Intermediates.noindex/RetainedHost.build/Debug-iphonesimulator/RetainedHost.build/RetainedHost-all-target-headers.hmap

WriteAuxiliaryFile /Users/runner/work/PartyDeck/PartyDeck/godot/ios-host/build/retained-host-test/DerivedData/Build/Intermediates.noindex/RetainedHost.build/Debug-iphonesimulator/RetainedHost.build/RetainedHost-all-non-framework-target-headers.hmap (in target 'RetainedHost' from project 'RetainedHost')
    cd /Users/runner/work/PartyDeck/PartyDeck/godot/ios-host
    write-file /Users/runner/work/PartyDeck/PartyDeck/godot/ios-host/build/retained-host-test/DerivedData/Build/Intermediates.noindex/RetainedHost.build/Debug-iphonesimulator/RetainedHost.build/RetainedHost-all-non-framework-target-headers.hmap

WriteAuxiliaryFile /Users/runner/work/PartyDeck/PartyDeck/godot/ios-host/build/retained-host-test/DerivedData/Build/Intermediates.noindex/RetainedHost.build/Debug-iphonesimulator/RetainedHost.build/Objects-normal/arm64/RetainedHost_const_extract_protocols.json (in target 'RetainedHost' from project 'RetainedHost')
    cd /Users/runner/work/PartyDeck/PartyDeck/godot/ios-host
    write-file /Users/runner/work/PartyDeck/PartyDeck/godot/ios-host/build/retained-host-test/DerivedData/Build/Intermediates.noindex/RetainedHost.build/Debug-iphonesimulator/RetainedHost.build/Objects-normal/arm64/RetainedHost_const_extract_protocols.json

WriteAuxiliaryFile /Users/runner/work/PartyDeck/PartyDeck/godot/ios-host/build/retained-host-test/DerivedData/Build/Intermediates.noindex/RetainedHost.build/Debug-iphonesimulator/RetainedHost.build/Objects-normal/arm64/RetainedHost.SwiftFileList (in target 'RetainedHost' from project 'RetainedHost')
    cd /Users/runner/work/PartyDeck/PartyDeck/godot/ios-host
    write-file /Users/runner/work/PartyDeck/PartyDeck/godot/ios-host/build/retained-host-test/DerivedData/Build/Intermediates.noindex/RetainedHost.build/Debug-iphonesimulator/RetainedHost.build/Objects-normal/arm64/RetainedHost.SwiftFileList

WriteAuxiliaryFile /Users/runner/work/PartyDeck/PartyDeck/godot/ios-host/build/retained-host-test/DerivedData/Build/Intermediates.noindex/RetainedHost.build/Debug-iphonesimulator/RetainedHost.build/Objects-normal/arm64/RetainedHost.SwiftConstValuesFileList (in target 'RetainedHost' from project 'RetainedHost')
    cd /Users/runner/work/PartyDeck/PartyDeck/godot/ios-host
    write-file /Users/runner/work/PartyDeck/PartyDeck/godot/ios-host/build/retained-host-test/DerivedData/Build/Intermediates.noindex/RetainedHost.build/Debug-iphonesimulator/RetainedHost.build/Objects-normal/arm64/RetainedHost.SwiftConstValuesFileList

WriteAuxiliaryFile /Users/runner/work/PartyDeck/PartyDeck/godot/ios-host/build/retained-host-test/DerivedData/Build/Intermediates.noindex/RetainedHost.build/Debug-iphonesimulator/RetainedHost.build/Objects-normal/arm64/RetainedHost.LinkFileList (in target 'RetainedHost' from project 'RetainedHost')
    cd /Users/runner/work/PartyDeck/PartyDeck/godot/ios-host
    write-file /Users/runner/work/PartyDeck/PartyDeck/godot/ios-host/build/retained-host-test/DerivedData/Build/Intermediates.noindex/RetainedHost.build/Debug-iphonesimulator/RetainedHost.build/Objects-normal/arm64/RetainedHost.LinkFileList

WriteAuxiliaryFile /Users/runner/work/PartyDeck/PartyDeck/godot/ios-host/build/retained-host-test/DerivedData/Build/Intermediates.noindex/RetainedHost.build/Debug-iphonesimulator/RetainedHost.build/Objects-normal/arm64/RetainedHost-OutputFileMap.json (in target 'RetainedHost' from project 'RetainedHost')
    cd /Users/runner/work/PartyDeck/PartyDeck/godot/ios-host
    write-file /Users/runner/work/PartyDeck/PartyDeck/godot/ios-host/build/retained-host-test/DerivedData/Build/Intermediates.noindex/RetainedHost.build/Debug-iphonesimulator/RetainedHost.build/Objects-normal/arm64/RetainedHost-OutputFileMap.json

MkDir /Users/runner/work/PartyDeck/PartyDeck/godot/ios-host/build/retained-host-test/DerivedData/Build/Products/Debug-iphonesimulator/RetainedHost.app (in target 'RetainedHost' from project 'RetainedHost')
    cd /Users/runner/work/PartyDeck/PartyDeck/godot/ios-host
    /bin/mkdir -p /Users/runner/work/PartyDeck/PartyDeck/godot/ios-host/build/retained-host-test/DerivedData/Build/Products/Debug-iphonesimulator/RetainedHost.app

ProcessInfoPlistFile /Users/runner/work/PartyDeck/PartyDeck/godot/ios-host/build/retained-host-test/DerivedData/Build/Products/Debug-iphonesimulator/RetainedHost.app/Info.plist /Users/runner/work/PartyDeck/PartyDeck/godot/ios-host/RetainedHost/Info.plist (in target 'RetainedHost' from project 'RetainedHost')
    cd /Users/runner/work/PartyDeck/PartyDeck/godot/ios-host
    builtin-infoPlistUtility /Users/runner/work/PartyDeck/PartyDeck/godot/ios-host/RetainedHost/Info.plist -producttype com.apple.product-type.application -genpkginfo /Users/runner/work/PartyDeck/PartyDeck/godot/ios-host/build/retained-host-test/DerivedData/Build/Products/Debug-iphonesimulator/RetainedHost.app/PkgInfo -expandbuildsettings -format binary -platform iphonesimulator -o /Users/runner/work/PartyDeck/PartyDeck/godot/ios-host/build/retained-host-test/DerivedData/Build/Products/Debug-iphonesimulator/RetainedHost.app/Info.plist

CpResource /Users/runner/work/PartyDeck/PartyDeck/godot/ios-host/build/retained-host-test/DerivedData/Build/Products/Debug-iphonesimulator/RetainedHost.app/ProbeResources /Users/runner/work/PartyDeck/PartyDeck/godot/ios-host/build/host-resources/ProbeResources (in target 'RetainedHost' from project 'RetainedHost')
    cd /Users/runner/work/PartyDeck/PartyDeck/godot/ios-host
    builtin-copy -exclude .DS_Store -exclude CVS -exclude .svn -exclude .git -exclude .hg -strip-unsigned-binaries -strip-deterministic -strip-tool /Applications/Xcode_26.4.1.app/Contents/Developer/Toolchains/XcodeDefault.xctoolchain/usr/bin/strip -resolve-src-symlinks /Users/runner/work/PartyDeck/PartyDeck/godot/ios-host/build/host-resources/ProbeResources /Users/runner/work/PartyDeck/PartyDeck/godot/ios-host/build/retained-host-test/DerivedData/Build/Products/Debug-iphonesimulator/RetainedHost.app

SwiftDriver RetainedHost normal arm64 com.apple.xcode.tools.swift.compiler (in target 'RetainedHost' from project 'RetainedHost')
    cd /Users/runner/work/PartyDeck/PartyDeck/godot/ios-host
    builtin-SwiftDriver -- /Applications/Xcode_26.4.1.app/Contents/Developer/Toolchains/XcodeDefault.xctoolchain/usr/bin/swiftc -module-name RetainedHost -Onone @/Users/runner/work/PartyDeck/PartyDeck/godot/ios-host/build/retained-host-test/DerivedData/Build/Intermediates.noindex/RetainedHost.build/Debug-iphonesimulator/RetainedHost.build/Objects-normal/arm64/RetainedHost.SwiftFileList -enable-experimental-feature DebugDescriptionMacro -sdk /Applications/Xcode_26.4.1.app/Contents/Developer/Platforms/iPhoneSimulator.platform/Developer/SDKs/iPhoneSimulator26.4.sdk -target arm64-apple-ios15.0-simulator -g -module-cache-path /Users/runner/work/PartyDeck/PartyDeck/godot/ios-host/build/retained-host-test/DerivedData/ModuleCache.noindex -Xfrontend -serialize-debugging-options -enable-testing -index-store-path /Users/runner/work/PartyDeck/PartyDeck/godot/ios-host/build/retained-host-test/DerivedData/Index.noindex/DataStore -swift-version 6 -I /Users/runner/work/PartyDeck/PartyDeck/godot/ios-host/build/retained-host-test/DerivedData/Build/Products/Debug-iphonesimulator -F /Users/runner/work/PartyDeck/PartyDeck/godot/ios-host/build/retained-host-test/DerivedData/Build/Products/Debug-iphonesimulator -F /Users/runner/work/PartyDeck/PartyDeck/godot/ios-host/build/artifacts -c -j3 -enable-batch-mode -incremental -Xcc -ivfsstatcache -Xcc /Users/runner/work/PartyDeck/PartyDeck/godot/ios-host/build/retained-host-test/DerivedData/SDKStatCaches.noindex/iphonesimulator26.4-23E252-688ef53f1462e2c8f657fdc38a81448f893e4a944e4cdd9af1f5077e1341bc52.sdkstatcache -output-file-map /Users/runner/work/PartyDeck/PartyDeck/godot/ios-host/build/retained-host-test/DerivedData/Build/Intermediates.noindex/RetainedHost.build/Debug-iphonesimulator/RetainedHost.build/Objects-normal/arm64/RetainedHost-OutputFileMap.json -use-frontend-parseable-output -save-temps -no-color-diagnostics -explicit-module-build -module-cache-path /Users/runner/work/PartyDeck/PartyDeck/godot/ios-host/build/retained-host-test/DerivedData/Build/Intermediates.noindex/SwiftExplicitPrecompiledModules -clang-scanner-module-cache-path /Users/runner/work/PartyDeck/PartyDeck/godot/ios-host/build/retained-host-test/DerivedData/ModuleCache.noindex -sdk-module-cache-path /Users/runner/work/PartyDeck/PartyDeck/godot/ios-host/build/retained-host-test/DerivedData/ModuleCache.noindex -serialize-diagnostics -emit-dependencies -emit-module -emit-module-path /Users/runner/work/PartyDeck/PartyDeck/godot/ios-host/build/retained-host-test/DerivedData/Build/Intermediates.noindex/RetainedHost.build/Debug-iphonesimulator/RetainedHost.build/Objects-normal/arm64/RetainedHost.swiftmodule -validate-clang-modules-once -clang-build-session-file /Users/runner/work/PartyDeck/PartyDeck/godot/ios-host/build/retained-host-test/DerivedData/ModuleCache.noindex/Session.modulevalidation -Xcc -I/Users/runner/work/PartyDeck/PartyDeck/godot/ios-host/build/retained-host-test/DerivedData/Build/Intermediates.noindex/RetainedHost.build/Debug-iphonesimulator/RetainedHost.build/swift-overrides.hmap -emit-const-values -Xfrontend -const-gather-protocols-file -Xfrontend /Users/runner/work/PartyDeck/PartyDeck/godot/ios-host/build/retained-host-test/DerivedData/Build/Intermediates.noindex/RetainedHost.build/Debug-iphonesimulator/RetainedHost.build/Objects-normal/arm64/RetainedHost_const_extract_protocols.json -Xcc -iquote -Xcc /Users/runner/work/PartyDeck/PartyDeck/godot/ios-host/build/retained-host-test/DerivedData/Build/Intermediates.noindex/RetainedHost.build/Debug-iphonesimulator/RetainedHost.build/RetainedHost-generated-files.hmap -Xcc -I/Users/runner/work/PartyDeck/PartyDeck/godot/ios-host/build/retained-host-test/DerivedData/Build/Intermediates.noindex/RetainedHost.build/Debug-iphonesimulator/RetainedHost.build/RetainedHost-own-target-headers.hmap -Xcc -I/Users/runner/work/PartyDeck/PartyDeck/godot/ios-host/build/retained-host-test/DerivedData/Build/Intermediates.noindex/RetainedHost.build/Debug-iphonesimulator/RetainedHost.build/RetainedHost-all-target-headers.hmap -Xcc -iquote -Xcc /Users/runner/work/PartyDeck/PartyDeck/godot/ios-host/build/retained-host-test/DerivedData/Build/Intermediates.noindex/RetainedHost.build/Debug-iphonesimulator/RetainedHost.build/RetainedHost-project-headers.hmap -Xcc -I/Users/runner/work/PartyDeck/PartyDeck/godot/ios-host/build/retained-host-test/DerivedData/Build/Products/Debug-iphonesimulator/include -Xcc -I/Users/runner/work/PartyDeck/PartyDeck/godot/ios-host/build/retained-host-test/DerivedData/Build/Intermediates.noindex/RetainedHost.build/Debug-iphonesimulator/RetainedHost.build/DerivedSources-normal/arm64 -Xcc -I/Users/runner/work/PartyDeck/PartyDeck/godot/ios-host/build/retained-host-test/DerivedData/Build/Intermediates.noindex/RetainedHost.build/Debug-iphonesimulator/RetainedHost.build/DerivedSources/arm64 -Xcc -I/Users/runner/work/PartyDeck/PartyDeck/godot/ios-host/build/retained-host-test/DerivedData/Build/Intermediates.noindex/RetainedHost.build/Debug-iphonesimulator/RetainedHost.build/DerivedSources -emit-objc-header -emit-objc-header-path /Users/runner/work/PartyDeck/PartyDeck/godot/ios-host/build/retained-host-test/DerivedData/Build/Intermediates.noindex/RetainedHost.build/Debug-iphonesimulator/RetainedHost.build/Objects-normal/arm64/RetainedHost-Swift.h -import-objc-header /Users/runner/work/PartyDeck/PartyDeck/godot/ios-host/modules/partydeck_ios_probe/PDGodotEngineOwner.h -working-directory /Users/runner/work/PartyDeck/PartyDeck/godot/ios-host -experimental-emit-module-separately -disable-cmo

SwiftExplicitDependencyGeneratePcm arm64 /Users/runner/work/PartyDeck/PartyDeck/godot/ios-host/build/retained-host-test/DerivedData/ModuleCache.noindex/_AvailabilityInternal-F1TKWQLCDNVDMG72L6Y38JYGS.pcm

SwiftExplicitDependencyGeneratePcm arm64 /Users/runner/work/PartyDeck/PartyDeck/godot/ios-host/build/retained-host-test/DerivedData/ModuleCache.noindex/_Builtin_stdarg-CTZ2JU4MPZCB5YTJ7HRK2JMPA.pcm

SwiftExplicitDependencyGeneratePcm arm64 /Users/runner/work/PartyDeck/PartyDeck/godot/ios-host/build/retained-host-test/DerivedData/ModuleCache.noindex/ptrauth-DZKRSUBNQ7RRRNQQGGNTK0M68.pcm

SwiftExplicitDependencyGeneratePcm arm64 /Users/runner/work/PartyDeck/PartyDeck/godot/ios-host/build/retained-host-test/DerivedData/ModuleCache.noindex/_SwiftConcurrencyShims-26NYI26AZ1FZINMPTJSR8462E.pcm

SwiftExplicitDependencyGeneratePcm arm64 /Users/runner/work/PartyDeck/PartyDeck/godot/ios-host/build/retained-host-test/DerivedData/ModuleCache.noindex/SwiftShims-14Q5IAQOZY0I9PN019LOWC8LG.pcm

SwiftExplicitDependencyGeneratePcm arm64 /Users/runner/work/PartyDeck/PartyDeck/godot/ios-host/build/retained-host-test/DerivedData/ModuleCache.noindex/_Builtin_stddef-EFEH2I5LJTAJGFULFEWYT0DV7.pcm

SwiftExplicitDependencyGeneratePcm arm64 /Users/runner/work/PartyDeck/PartyDeck/godot/ios-host/build/retained-host-test/DerivedData/ModuleCache.noindex/_Builtin_float-5NQTS1UDRJKV01JKZXLCB3MJM.pcm

SwiftExplicitDependencyGeneratePcm arm64 /Users/runner/work/PartyDeck/PartyDeck/godot/ios-host/build/retained-host-test/DerivedData/ModuleCache.noindex/_Builtin_stdbool-6MEMLN4HR5W1W773BC573438Q.pcm

SwiftExplicitDependencyGeneratePcm arm64 /Users/runner/work/PartyDeck/PartyDeck/godot/ios-host/build/retained-host-test/DerivedData/ModuleCache.noindex/DeveloperToolsSupport-D4OFX2X7SCBTZNXD41N9ZKFJ3.pcm

SwiftExplicitDependencyGeneratePcm arm64 /Users/runner/work/PartyDeck/PartyDeck/godot/ios-host/build/retained-host-test/DerivedData/ModuleCache.noindex/ptrcheck-BCFU3MJC9E73OAELF6UC16QJM.pcm

SwiftExplicitDependencyGeneratePcm arm64 /Users/runner/work/PartyDeck/PartyDeck/godot/ios-host/build/retained-host-test/DerivedData/ModuleCache.noindex/_DarwinFoundation1-F273SSNI0WWYUWTYL2PDXJW21.pcm

SwiftExplicitDependencyGeneratePcm arm64 /Users/runner/work/PartyDeck/PartyDeck/godot/ios-host/build/retained-host-test/DerivedData/ModuleCache.noindex/_DarwinFoundation2-ARTLXSU4HRYXJEHBXHMQGWS4E.pcm

SwiftExplicitDependencyGeneratePcm arm64 /Users/runner/work/PartyDeck/PartyDeck/godot/ios-host/build/retained-host-test/DerivedData/ModuleCache.noindex/_Builtin_limits-2T2UIJSVQZSX7TYWD262WGCG5.pcm

SwiftExplicitDependencyGeneratePcm arm64 /Users/runner/work/PartyDeck/PartyDeck/godot/ios-host/build/retained-host-test/DerivedData/ModuleCache.noindex/_Builtin_stdint-9Z66TOCPT1Y1AIMMLWPUR1B5I.pcm

SwiftExplicitDependencyGeneratePcm arm64 /Users/runner/work/PartyDeck/PartyDeck/godot/ios-host/build/retained-host-test/DerivedData/ModuleCache.noindex/_Builtin_tgmath-F34VZBOKUK6P2OCCSB0HKFSUY.pcm

SwiftExplicitDependencyGeneratePcm arm64 /Users/runner/work/PartyDeck/PartyDeck/godot/ios-host/build/retained-host-test/DerivedData/ModuleCache.noindex/sys_types-B4XBPJP32F43IUOFM91IQH13K.pcm

SwiftExplicitDependencyGeneratePcm arm64 /Users/runner/work/PartyDeck/PartyDeck/godot/ios-host/build/retained-host-test/DerivedData/ModuleCache.noindex/_Builtin_stdatomic-5U6TU8RB9QRD8NIY1APK1B7ZO.pcm

SwiftExplicitDependencyGeneratePcm arm64 /Users/runner/work/PartyDeck/PartyDeck/godot/ios-host/build/retained-host-test/DerivedData/ModuleCache.noindex/_DarwinFoundation3-6A4UW5Z8CGG1A40JCMJ0VOU2W.pcm

SwiftExplicitDependencyGeneratePcm arm64 /Users/runner/work/PartyDeck/PartyDeck/godot/ios-host/build/retained-host-test/DerivedData/ModuleCache.noindex/_Builtin_intrinsics-APAEY5CLDSDZQNSJHTZVVCAUK.pcm

SwiftExplicitDependencyGeneratePcm arm64 /Users/runner/work/PartyDeck/PartyDeck/godot/ios-host/build/retained-host-test/DerivedData/ModuleCache.noindex/_Builtin_inttypes-5Y9HKM65ISKD0XJRUWDL3T7AG.pcm

SwiftExplicitDependencyGeneratePcm arm64 /Users/runner/work/PartyDeck/PartyDeck/godot/ios-host/build/retained-host-test/DerivedData/ModuleCache.noindex/Darwin-4P7SDGYUREHEUC7P5X91X7AL3.pcm

SwiftExplicitDependencyGeneratePcm arm64 /Users/runner/work/PartyDeck/PartyDeck/godot/ios-host/build/retained-host-test/DerivedData/ModuleCache.noindex/simd-3OUNO8M4GD6XSJ3RQDIWLDYKQ.pcm

SwiftExplicitDependencyGeneratePcm arm64 /Users/runner/work/PartyDeck/PartyDeck/godot/ios-host/build/retained-host-test/DerivedData/ModuleCache.noindex/Spatial-3CRJIHV9FJW59E1K6090FY7JQ.pcm

SwiftExplicitDependencyGeneratePcm arm64 /Users/runner/work/PartyDeck/PartyDeck/godot/ios-host/build/retained-host-test/DerivedData/ModuleCache.noindex/MachO-2LGQCZP7PU25NNULOHXOR55SF.pcm

SwiftExplicitDependencyGeneratePcm arm64 /Users/runner/work/PartyDeck/PartyDeck/godot/ios-host/build/retained-host-test/DerivedData/ModuleCache.noindex/ObjectiveC-A7VRMP7FD55SD20G3EB08NB9B.pcm

SwiftExplicitDependencyGeneratePcm arm64 /Users/runner/work/PartyDeck/PartyDeck/godot/ios-host/build/retained-host-test/DerivedData/ModuleCache.noindex/os_object-DUY43URKGT94VKE0XL56IZ87D.pcm

SwiftExplicitDependencyGeneratePcm arm64 /Users/runner/work/PartyDeck/PartyDeck/godot/ios-host/build/retained-host-test/DerivedData/ModuleCache.noindex/os_workgroup-4PYXTAQIIVM27BBPLU9OGTRUS.pcm

SwiftExplicitDependencyGeneratePcm arm64 /Users/runner/work/PartyDeck/PartyDeck/godot/ios-host/build/retained-host-test/DerivedData/ModuleCache.noindex/Dispatch-6C88GRSZL6G6OVHG328RV9PAH.pcm

SwiftExplicitDependencyGeneratePcm arm64 /Users/runner/work/PartyDeck/PartyDeck/godot/ios-host/build/retained-host-test/DerivedData/ModuleCache.noindex/CoreFoundation-1CQSEP39QR6RYIWZGDYUYV07S.pcm

SwiftExplicitDependencyGeneratePcm arm64 /Users/runner/work/PartyDeck/PartyDeck/godot/ios-host/build/retained-host-test/DerivedData/ModuleCache.noindex/XPC-UTEEK14VDJ1YKCW03GGIVMVI.pcm

SwiftExplicitDependencyGeneratePcm arm64 /Users/runner/work/PartyDeck/PartyDeck/godot/ios-host/build/retained-host-test/DerivedData/ModuleCache.noindex/os-EBF43XR01Z2XJYT42GBO5F1T1.pcm

SwiftExplicitDependencyGeneratePcm arm64 /Users/runner/work/PartyDeck/PartyDeck/godot/ios-host/build/retained-host-test/DerivedData/ModuleCache.noindex/CFNetwork-AUATM2OOWJFVLDD5KN4FJORRK.pcm

SwiftExplicitDependencyGeneratePcm arm64 /Users/runner/work/PartyDeck/PartyDeck/godot/ios-host/build/retained-host-test/DerivedData/ModuleCache.noindex/Security-44PLCHP5PS4N6GX16EWJ02CCM.pcm

SwiftExplicitDependencyGeneratePcm arm64 /Users/runner/work/PartyDeck/PartyDeck/godot/ios-host/build/retained-host-test/DerivedData/ModuleCache.noindex/CoreGraphics-7AICPEUPS442WH3E46J7DJDLZ.pcm

SwiftExplicitDependencyGeneratePcm arm64 /Users/runner/work/PartyDeck/PartyDeck/godot/ios-host/build/retained-host-test/DerivedData/ModuleCache.noindex/Foundation-1YOTCB5UY4UV0TY58VQEYCRYY.pcm

SwiftExplicitDependencyGeneratePcm arm64 /Users/runner/work/PartyDeck/PartyDeck/godot/ios-host/build/retained-host-test/DerivedData/ModuleCache.noindex/ImageIO-9S1KZTBH30DJVFKA60C0I65TT.pcm

SwiftExplicitDependencyGeneratePcm arm64 /Users/runner/work/PartyDeck/PartyDeck/godot/ios-host/build/retained-host-test/DerivedData/ModuleCache.noindex/CoreText-C1QS9Z8MYETTP9L3TLNX35XT8.pcm

SwiftExplicitDependencyGeneratePcm arm64 /Users/runner/work/PartyDeck/PartyDeck/godot/ios-host/build/retained-host-test/DerivedData/ModuleCache.noindex/OSLog-CTAQS9PZ0RH59GLY4CGCTVFVN.pcm

SwiftExplicitDependencyGeneratePcm arm64 /Users/runner/work/PartyDeck/PartyDeck/godot/ios-host/build/retained-host-test/DerivedData/ModuleCache.noindex/IOSurface-395PW6P09QPB371EHRDD1U3CE.pcm

SwiftExplicitDependencyGeneratePcm arm64 /Users/runner/work/PartyDeck/PartyDeck/godot/ios-host/build/retained-host-test/DerivedData/ModuleCache.noindex/UniformTypeIdentifiers-A30XJENQMWFLAP98JT5VLSTPG.pcm

SwiftExplicitDependencyGeneratePcm arm64 /Users/runner/work/PartyDeck/PartyDeck/godot/ios-host/build/retained-host-test/DerivedData/ModuleCache.noindex/UserNotifications-4DBKSADYT1C6EJYV9BQWBX8HB.pcm

SwiftExplicitDependencyGeneratePcm arm64 /Users/runner/work/PartyDeck/PartyDeck/godot/ios-host/build/retained-host-test/DerivedData/ModuleCache.noindex/Symbols-PPBXRT3BRP1383DZF8F4KMXI.pcm

SwiftExplicitDependencyGeneratePcm arm64 /Users/runner/work/PartyDeck/PartyDeck/godot/ios-host/build/retained-host-test/DerivedData/Build/Intermediates.noindex/SwiftExplicitPrecompiledModules/PartyDeckGodotBridge-BMV6MDP1LNADXDM6PUR3JOOJE.pcm

SwiftExplicitDependencyGeneratePcm arm64 /Users/runner/work/PartyDeck/PartyDeck/godot/ios-host/build/retained-host-test/DerivedData/ModuleCache.noindex/Accessibility-DO7GWBMEX4YLO8UTHR6FOZNCH.pcm

SwiftExplicitDependencyGeneratePcm arm64 /Users/runner/work/PartyDeck/PartyDeck/godot/ios-host/build/retained-host-test/DerivedData/ModuleCache.noindex/FileProvider-1UGPI6SBERRTHKMG8UX7BQYZO.pcm

SwiftExplicitDependencyGeneratePcm arm64 /Users/runner/work/PartyDeck/PartyDeck/godot/ios-host/build/retained-host-test/DerivedData/ModuleCache.noindex/DataDetection-AA8WYRYF04MCPFQ7G8V1CLJU7.pcm

SwiftExplicitDependencyGeneratePcm arm64 /Users/runner/work/PartyDeck/PartyDeck/godot/ios-host/build/retained-host-test/DerivedData/ModuleCache.noindex/UIUtilities-AGSHB15219HLPXEQW3WWNY58Z.pcm

SwiftExplicitDependencyGeneratePcm arm64 /Users/runner/work/PartyDeck/PartyDeck/godot/ios-host/build/retained-host-test/DerivedData/ModuleCache.noindex/CoreData-6BNQCY3YYP2M6814FCC1IM0SW.pcm

SwiftExplicitDependencyGeneratePcm arm64 /Users/runner/work/PartyDeck/PartyDeck/godot/ios-host/build/retained-host-test/DerivedData/ModuleCache.noindex/CoreTransferable-6X00O088KD1PIY2UD8Y2FQZXY.pcm

SwiftExplicitDependencyGeneratePcm arm64 /Users/runner/work/PartyDeck/PartyDeck/godot/ios-host/build/retained-host-test/DerivedData/ModuleCache.noindex/OpenGLES-7PJN97N7Q2FWMEZLXQ8A6H8DQ.pcm

SwiftExplicitDependencyGeneratePcm arm64 /Users/runner/work/PartyDeck/PartyDeck/godot/ios-host/build/retained-host-test/DerivedData/ModuleCache.noindex/Metal-8AS2UR4OU6IZBMV88014WLZXY.pcm

SwiftExplicitDependencyGeneratePcm arm64 /Users/runner/work/PartyDeck/PartyDeck/godot/ios-host/build/retained-host-test/DerivedData/ModuleCache.noindex/CoreVideo-31XK4JHRXLFYYPKAL3I0Q159Z.pcm

SwiftExplicitDependencyGeneratePcm arm64 /Users/runner/work/PartyDeck/PartyDeck/godot/ios-host/build/retained-host-test/DerivedData/ModuleCache.noindex/CoreImage-5KPJ7IO3ZZ9NS7NT9QMRLKQYB.pcm

SwiftExplicitDependencyGeneratePcm arm64 /Users/runner/work/PartyDeck/PartyDeck/godot/ios-host/build/retained-host-test/DerivedData/ModuleCache.noindex/QuartzCore-ALXQV5CA0UNS4996HX0G15CFW.pcm

SwiftExplicitDependencyGeneratePcm arm64 /Users/runner/work/PartyDeck/PartyDeck/godot/ios-host/build/retained-host-test/DerivedData/ModuleCache.noindex/SwiftUICore-1KGAEEJV845JC8F4NSG7MWDHV.pcm

SwiftExplicitDependencyGeneratePcm arm64 /Users/runner/work/PartyDeck/PartyDeck/godot/ios-host/build/retained-host-test/DerivedData/ModuleCache.noindex/UIKit-7V12WK6XKW0H7DBQVWQQWR73V.pcm

SwiftExplicitDependencyGeneratePcm arm64 /Users/runner/work/PartyDeck/PartyDeck/godot/ios-host/build/retained-host-test/DerivedData/ModuleCache.noindex/SwiftUI-4008M678JWNWLYK0VFUL61DX5.pcm

SwiftGeneratePch normal arm64 Compiling\ bridging\ header (in target 'RetainedHost' from project 'RetainedHost')
1 warning generated.
/Users/runner/work/PartyDeck/PartyDeck/godot/ios-host/modules/partydeck_ios_probe/PDGodotEngineOwner.h:1:9: warning: #pragma once in main file
 1 | #pragma once
   |         `- warning: #pragma once in main file
 2 | 
 3 | #import <Foundation/Foundation.h>

SwiftDriverJobDiscovery normal arm64 Compiling bridging header (in target 'RetainedHost' from project 'RetainedHost')

SwiftEmitModule normal arm64 Emitting\ module\ for\ RetainedHost (in target 'RetainedHost' from project 'RetainedHost')

EmitSwiftModule normal arm64 (in target 'RetainedHost' from project 'RetainedHost')
    cd /Users/runner/work/PartyDeck/PartyDeck/godot/ios-host
    

SwiftCompile normal arm64 Compiling\ RetainedHostApp.swift /Users/runner/work/PartyDeck/PartyDeck/godot/ios-host/RetainedHost/RetainedHostApp.swift (in target 'RetainedHost' from project 'RetainedHost')
SwiftCompile normal arm64 /Users/runner/work/PartyDeck/PartyDeck/godot/ios-host/RetainedHost/RetainedHostApp.swift (in target 'RetainedHost' from project 'RetainedHost')
    cd /Users/runner/work/PartyDeck/PartyDeck/godot/ios-host
    

SwiftCompile normal arm64 Compiling\ RetainedModel.swift /Users/runner/work/PartyDeck/PartyDeck/godot/ios-host/RetainedHost/RetainedModel.swift (in target 'RetainedHost' from project 'RetainedHost')
SwiftCompile normal arm64 /Users/runner/work/PartyDeck/PartyDeck/godot/ios-host/RetainedHost/RetainedModel.swift (in target 'RetainedHost' from project 'RetainedHost')
    cd /Users/runner/work/PartyDeck/PartyDeck/godot/ios-host
    

SwiftDriverJobDiscovery normal arm64 Emitting module for RetainedHost (in target 'RetainedHost' from project 'RetainedHost')

SwiftDriver\ Compilation\ Requirements RetainedHost normal arm64 com.apple.xcode.tools.swift.compiler (in target 'RetainedHost' from project 'RetainedHost')
    cd /Users/runner/work/PartyDeck/PartyDeck/godot/ios-host
    builtin-Swift-Compilation-Requirements -- /Applications/Xcode_26.4.1.app/Contents/Developer/Toolchains/XcodeDefault.xctoolchain/usr/bin/swiftc -module-name RetainedHost -Onone @/Users/runner/work/PartyDeck/PartyDeck/godot/ios-host/build/retained-host-test/DerivedData/Build/Intermediates.noindex/RetainedHost.build/Debug-iphonesimulator/RetainedHost.build/Objects-normal/arm64/RetainedHost.SwiftFileList -enable-experimental-feature DebugDescriptionMacro -sdk /Applications/Xcode_26.4.1.app/Contents/Developer/Platforms/iPhoneSimulator.platform/Developer/SDKs/iPhoneSimulator26.4.sdk -target arm64-apple-ios15.0-simulator -g -module-cache-path /Users/runner/work/PartyDeck/PartyDeck/godot/ios-host/build/retained-host-test/DerivedData/ModuleCache.noindex -Xfrontend -serialize-debugging-options -enable-testing -index-store-path /Users/runner/work/PartyDeck/PartyDeck/godot/ios-host/build/retained-host-test/DerivedData/Index.noindex/DataStore -swift-version 6 -I /Users/runner/work/PartyDeck/PartyDeck/godot/ios-host/build/retained-host-test/DerivedData/Build/Products/Debug-iphonesimulator -F /Users/runner/work/PartyDeck/PartyDeck/godot/ios-host/build/retained-host-test/DerivedData/Build/Products/Debug-iphonesimulator -F /Users/runner/work/PartyDeck/PartyDeck/godot/ios-host/build/artifacts -c -j3 -enable-batch-mode -incremental -Xcc -ivfsstatcache -Xcc /Users/runner/work/PartyDeck/PartyDeck/godot/ios-host/build/retained-host-test/DerivedData/SDKStatCaches.noindex/iphonesimulator26.4-23E252-688ef53f1462e2c8f657fdc38a81448f893e4a944e4cdd9af1f5077e1341bc52.sdkstatcache -output-file-map /Users/runner/work/PartyDeck/PartyDeck/godot/ios-host/build/retained-host-test/DerivedData/Build/Intermediates.noindex/RetainedHost.build/Debug-iphonesimulator/RetainedHost.build/Objects-normal/arm64/RetainedHost-OutputFileMap.json -use-frontend-parseable-output -save-temps -no-color-diagnostics -explicit-module-build -module-cache-path /Users/runner/work/PartyDeck/PartyDeck/godot/ios-host/build/retained-host-test/DerivedData/Build/Intermediates.noindex/SwiftExplicitPrecompiledModules -clang-scanner-module-cache-path /Users/runner/work/PartyDeck/PartyDeck/godot/ios-host/build/retained-host-test/DerivedData/ModuleCache.noindex -sdk-module-cache-path /Users/runner/work/PartyDeck/PartyDeck/godot/ios-host/build/retained-host-test/DerivedData/ModuleCache.noindex -serialize-diagnostics -emit-dependencies -emit-module -emit-module-path /Users/runner/work/PartyDeck/PartyDeck/godot/ios-host/build/retained-host-test/DerivedData/Build/Intermediates.noindex/RetainedHost.build/Debug-iphonesimulator/RetainedHost.build/Objects-normal/arm64/RetainedHost.swiftmodule -validate-clang-modules-once -clang-build-session-file /Users/runner/work/PartyDeck/PartyDeck/godot/ios-host/build/retained-host-test/DerivedData/ModuleCache.noindex/Session.modulevalidation -Xcc -I/Users/runner/work/PartyDeck/PartyDeck/godot/ios-host/build/retained-host-test/DerivedData/Build/Intermediates.noindex/RetainedHost.build/Debug-iphonesimulator/RetainedHost.build/swift-overrides.hmap -emit-const-values -Xfrontend -const-gather-protocols-file -Xfrontend /Users/runner/work/PartyDeck/PartyDeck/godot/ios-host/build/retained-host-test/DerivedData/Build/Intermediates.noindex/RetainedHost.build/Debug-iphonesimulator/RetainedHost.build/Objects-normal/arm64/RetainedHost_const_extract_protocols.json -Xcc -iquote -Xcc /Users/runner/work/PartyDeck/PartyDeck/godot/ios-host/build/retained-host-test/DerivedData/Build/Intermediates.noindex/RetainedHost.build/Debug-iphonesimulator/RetainedHost.build/RetainedHost-generated-files.hmap -Xcc -I/Users/runner/work/PartyDeck/PartyDeck/godot/ios-host/build/retained-host-test/DerivedData/Build/Intermediates.noindex/RetainedHost.build/Debug-iphonesimulator/RetainedHost.build/RetainedHost-own-target-headers.hmap -Xcc -I/Users/runner/work/PartyDeck/PartyDeck/godot/ios-host/build/retained-host-test/DerivedData/Build/Intermediates.noindex/RetainedHost.build/Debug-iphonesimulator/RetainedHost.build/RetainedHost-all-target-headers.hmap -Xcc -iquote -Xcc /Users/runner/work/PartyDeck/PartyDeck/godot/ios-host/build/retained-host-test/DerivedData/Build/Intermediates.noindex/RetainedHost.build/Debug-iphonesimulator/RetainedHost.build/RetainedHost-project-headers.hmap -Xcc -I/Users/runner/work/PartyDeck/PartyDeck/godot/ios-host/build/retained-host-test/DerivedData/Build/Products/Debug-iphonesimulator/include -Xcc -I/Users/runner/work/PartyDeck/PartyDeck/godot/ios-host/build/retained-host-test/DerivedData/Build/Intermediates.noindex/RetainedHost.build/Debug-iphonesimulator/RetainedHost.build/DerivedSources-normal/arm64 -Xcc -I/Users/runner/work/PartyDeck/PartyDeck/godot/ios-host/build/retained-host-test/DerivedData/Build/Intermediates.noindex/RetainedHost.build/Debug-iphonesimulator/RetainedHost.build/DerivedSources/arm64 -Xcc -I/Users/runner/work/PartyDeck/PartyDeck/godot/ios-host/build/retained-host-test/DerivedData/Build/Intermediates.noindex/RetainedHost.build/Debug-iphonesimulator/RetainedHost.build/DerivedSources -emit-objc-header -emit-objc-header-path /Users/runner/work/PartyDeck/PartyDeck/godot/ios-host/build/retained-host-test/DerivedData/Build/Intermediates.noindex/RetainedHost.build/Debug-iphonesimulator/RetainedHost.build/Objects-normal/arm64/RetainedHost-Swift.h -import-objc-header /Users/runner/work/PartyDeck/PartyDeck/godot/ios-host/modules/partydeck_ios_probe/PDGodotEngineOwner.h -working-directory /Users/runner/work/PartyDeck/PartyDeck/godot/ios-host -experimental-emit-module-separately -disable-cmo

SwiftMergeGeneratedHeaders /Users/runner/work/PartyDeck/PartyDeck/godot/ios-host/build/retained-host-test/DerivedData/Build/Intermediates.noindex/RetainedHost.build/Debug-iphonesimulator/RetainedHost.build/DerivedSources/RetainedHost-Swift.h /Users/runner/work/PartyDeck/PartyDeck/godot/ios-host/build/retained-host-test/DerivedData/Build/Intermediates.noindex/RetainedHost.build/Debug-iphonesimulator/RetainedHost.build/Objects-normal/arm64/RetainedHost-Swift.h (in target 'RetainedHost' from project 'RetainedHost')
    cd /Users/runner/work/PartyDeck/PartyDeck/godot/ios-host
    builtin-swiftHeaderTool -arch arm64 /Users/runner/work/PartyDeck/PartyDeck/godot/ios-host/build/retained-host-test/DerivedData/Build/Intermediates.noindex/RetainedHost.build/Debug-iphonesimulator/RetainedHost.build/Objects-normal/arm64/RetainedHost-Swift.h -o /Users/runner/work/PartyDeck/PartyDeck/godot/ios-host/build/retained-host-test/DerivedData/Build/Intermediates.noindex/RetainedHost.build/Debug-iphonesimulator/RetainedHost.build/DerivedSources/RetainedHost-Swift.h

Copy /Users/runner/work/PartyDeck/PartyDeck/godot/ios-host/build/retained-host-test/DerivedData/Build/Products/Debug-iphonesimulator/RetainedHost.swiftmodule/arm64-apple-ios-simulator.swiftmodule /Users/runner/work/PartyDeck/PartyDeck/godot/ios-host/build/retained-host-test/DerivedData/Build/Intermediates.noindex/RetainedHost.build/Debug-iphonesimulator/RetainedHost.build/Objects-normal/arm64/RetainedHost.swiftmodule (in target 'RetainedHost' from project 'RetainedHost')
    cd /Users/runner/work/PartyDeck/PartyDeck/godot/ios-host
    builtin-copy -exclude .DS_Store -exclude CVS -exclude .svn -exclude .git -exclude .hg -strip-unsigned-binaries -strip-deterministic -strip-tool /Applications/Xcode_26.4.1.app/Contents/Developer/Toolchains/XcodeDefault.xctoolchain/usr/bin/strip -resolve-src-symlinks -rename /Users/runner/work/PartyDeck/PartyDeck/godot/ios-host/build/retained-host-test/DerivedData/Build/Intermediates.noindex/RetainedHost.build/Debug-iphonesimulator/RetainedHost.build/Objects-normal/arm64/RetainedHost.swiftmodule /Users/runner/work/PartyDeck/PartyDeck/godot/ios-host/build/retained-host-test/DerivedData/Build/Products/Debug-iphonesimulator/RetainedHost.swiftmodule/arm64-apple-ios-simulator.swiftmodule

Copy /Users/runner/work/PartyDeck/PartyDeck/godot/ios-host/build/retained-host-test/DerivedData/Build/Products/Debug-iphonesimulator/RetainedHost.swiftmodule/arm64-apple-ios-simulator.swiftdoc /Users/runner/work/PartyDeck/PartyDeck/godot/ios-host/build/retained-host-test/DerivedData/Build/Intermediates.noindex/RetainedHost.build/Debug-iphonesimulator/RetainedHost.build/Objects-normal/arm64/RetainedHost.swiftdoc (in target 'RetainedHost' from project 'RetainedHost')
    cd /Users/runner/work/PartyDeck/PartyDeck/godot/ios-host
    builtin-copy -exclude .DS_Store -exclude CVS -exclude .svn -exclude .git -exclude .hg -strip-unsigned-binaries -strip-deterministic -strip-tool /Applications/Xcode_26.4.1.app/Contents/Developer/Toolchains/XcodeDefault.xctoolchain/usr/bin/strip -resolve-src-symlinks -rename /Users/runner/work/PartyDeck/PartyDeck/godot/ios-host/build/retained-host-test/DerivedData/Build/Intermediates.noindex/RetainedHost.build/Debug-iphonesimulator/RetainedHost.build/Objects-normal/arm64/RetainedHost.swiftdoc /Users/runner/work/PartyDeck/PartyDeck/godot/ios-host/build/retained-host-test/DerivedData/Build/Products/Debug-iphonesimulator/RetainedHost.swiftmodule/arm64-apple-ios-simulator.swiftdoc

Copy /Users/runner/work/PartyDeck/PartyDeck/godot/ios-host/build/retained-host-test/DerivedData/Build/Products/Debug-iphonesimulator/RetainedHost.swiftmodule/arm64-apple-ios-simulator.abi.json /Users/runner/work/PartyDeck/PartyDeck/godot/ios-host/build/retained-host-test/DerivedData/Build/Intermediates.noindex/RetainedHost.build/Debug-iphonesimulator/RetainedHost.build/Objects-normal/arm64/RetainedHost.abi.json (in target 'RetainedHost' from project 'RetainedHost')
    cd /Users/runner/work/PartyDeck/PartyDeck/godot/ios-host
    builtin-copy -exclude .DS_Store -exclude CVS -exclude .svn -exclude .git -exclude .hg -strip-unsigned-binaries -strip-deterministic -strip-tool /Applications/Xcode_26.4.1.app/Contents/Developer/Toolchains/XcodeDefault.xctoolchain/usr/bin/strip -resolve-src-symlinks -rename /Users/runner/work/PartyDeck/PartyDeck/godot/ios-host/build/retained-host-test/DerivedData/Build/Intermediates.noindex/RetainedHost.build/Debug-iphonesimulator/RetainedHost.build/Objects-normal/arm64/RetainedHost.abi.json /Users/runner/work/PartyDeck/PartyDeck/godot/ios-host/build/retained-host-test/DerivedData/Build/Products/Debug-iphonesimulator/RetainedHost.swiftmodule/arm64-apple-ios-simulator.abi.json

Copy /Users/runner/work/PartyDeck/PartyDeck/godot/ios-host/build/retained-host-test/DerivedData/Build/Products/Debug-iphonesimulator/RetainedHost.swiftmodule/Project/arm64-apple-ios-simulator.swiftsourceinfo /Users/runner/work/PartyDeck/PartyDeck/godot/ios-host/build/retained-host-test/DerivedData/Build/Intermediates.noindex/RetainedHost.build/Debug-iphonesimulator/RetainedHost.build/Objects-normal/arm64/RetainedHost.swiftsourceinfo (in target 'RetainedHost' from project 'RetainedHost')
    cd /Users/runner/work/PartyDeck/PartyDeck/godot/ios-host
    builtin-copy -exclude .DS_Store -exclude CVS -exclude .svn -exclude .git -exclude .hg -strip-unsigned-binaries -strip-deterministic -strip-tool /Applications/Xcode_26.4.1.app/Contents/Developer/Toolchains/XcodeDefault.xctoolchain/usr/bin/strip -resolve-src-symlinks -rename /Users/runner/work/PartyDeck/PartyDeck/godot/ios-host/build/retained-host-test/DerivedData/Build/Intermediates.noindex/RetainedHost.build/Debug-iphonesimulator/RetainedHost.build/Objects-normal/arm64/RetainedHost.swiftsourceinfo /Users/runner/work/PartyDeck/PartyDeck/godot/ios-host/build/retained-host-test/DerivedData/Build/Products/Debug-iphonesimulator/RetainedHost.swiftmodule/Project/arm64-apple-ios-simulator.swiftsourceinfo

SwiftDriverJobDiscovery normal arm64 Compiling RetainedHostApp.swift (in target 'RetainedHost' from project 'RetainedHost')

SwiftDriverJobDiscovery normal arm64 Compiling RetainedModel.swift (in target 'RetainedHost' from project 'RetainedHost')

SwiftDriver\ Compilation RetainedHost normal arm64 com.apple.xcode.tools.swift.compiler (in target 'RetainedHost' from project 'RetainedHost')
    cd /Users/runner/work/PartyDeck/PartyDeck/godot/ios-host
    builtin-Swift-Compilation -- /Applications/Xcode_26.4.1.app/Contents/Developer/Toolchains/XcodeDefault.xctoolchain/usr/bin/swiftc -module-name RetainedHost -Onone @/Users/runner/work/PartyDeck/PartyDeck/godot/ios-host/build/retained-host-test/DerivedData/Build/Intermediates.noindex/RetainedHost.build/Debug-iphonesimulator/RetainedHost.build/Objects-normal/arm64/RetainedHost.SwiftFileList -enable-experimental-feature DebugDescriptionMacro -sdk /Applications/Xcode_26.4.1.app/Contents/Developer/Platforms/iPhoneSimulator.platform/Developer/SDKs/iPhoneSimulator26.4.sdk -target arm64-apple-ios15.0-simulator -g -module-cache-path /Users/runner/work/PartyDeck/PartyDeck/godot/ios-host/build/retained-host-test/DerivedData/ModuleCache.noindex -Xfrontend -serialize-debugging-options -enable-testing -index-store-path /Users/runner/work/PartyDeck/PartyDeck/godot/ios-host/build/retained-host-test/DerivedData/Index.noindex/DataStore -swift-version 6 -I /Users/runner/work/PartyDeck/PartyDeck/godot/ios-host/build/retained-host-test/DerivedData/Build/Products/Debug-iphonesimulator -F /Users/runner/work/PartyDeck/PartyDeck/godot/ios-host/build/retained-host-test/DerivedData/Build/Products/Debug-iphonesimulator -F /Users/runner/work/PartyDeck/PartyDeck/godot/ios-host/build/artifacts -c -j3 -enable-batch-mode -incremental -Xcc -ivfsstatcache -Xcc /Users/runner/work/PartyDeck/PartyDeck/godot/ios-host/build/retained-host-test/DerivedData/SDKStatCaches.noindex/iphonesimulator26.4-23E252-688ef53f1462e2c8f657fdc38a81448f893e4a944e4cdd9af1f5077e1341bc52.sdkstatcache -output-file-map /Users/runner/work/PartyDeck/PartyDeck/godot/ios-host/build/retained-host-test/DerivedData/Build/Intermediates.noindex/RetainedHost.build/Debug-iphonesimulator/RetainedHost.build/Objects-normal/arm64/RetainedHost-OutputFileMap.json -use-frontend-parseable-output -save-temps -no-color-diagnostics -explicit-module-build -module-cache-path /Users/runner/work/PartyDeck/PartyDeck/godot/ios-host/build/retained-host-test/DerivedData/Build/Intermediates.noindex/SwiftExplicitPrecompiledModules -clang-scanner-module-cache-path /Users/runner/work/PartyDeck/PartyDeck/godot/ios-host/build/retained-host-test/DerivedData/ModuleCache.noindex -sdk-module-cache-path /Users/runner/work/PartyDeck/PartyDeck/godot/ios-host/build/retained-host-test/DerivedData/ModuleCache.noindex -serialize-diagnostics -emit-dependencies -emit-module -emit-module-path /Users/runner/work/PartyDeck/PartyDeck/godot/ios-host/build/retained-host-test/DerivedData/Build/Intermediates.noindex/RetainedHost.build/Debug-iphonesimulator/RetainedHost.build/Objects-normal/arm64/RetainedHost.swiftmodule -validate-clang-modules-once -clang-build-session-file /Users/runner/work/PartyDeck/PartyDeck/godot/ios-host/build/retained-host-test/DerivedData/ModuleCache.noindex/Session.modulevalidation -Xcc -I/Users/runner/work/PartyDeck/PartyDeck/godot/ios-host/build/retained-host-test/DerivedData/Build/Intermediates.noindex/RetainedHost.build/Debug-iphonesimulator/RetainedHost.build/swift-overrides.hmap -emit-const-values -Xfrontend -const-gather-protocols-file -Xfrontend /Users/runner/work/PartyDeck/PartyDeck/godot/ios-host/build/retained-host-test/DerivedData/Build/Intermediates.noindex/RetainedHost.build/Debug-iphonesimulator/RetainedHost.build/Objects-normal/arm64/RetainedHost_const_extract_protocols.json -Xcc -iquote -Xcc /Users/runner/work/PartyDeck/PartyDeck/godot/ios-host/build/retained-host-test/DerivedData/Build/Intermediates.noindex/RetainedHost.build/Debug-iphonesimulator/RetainedHost.build/RetainedHost-generated-files.hmap -Xcc -I/Users/runner/work/PartyDeck/PartyDeck/godot/ios-host/build/retained-host-test/DerivedData/Build/Intermediates.noindex/RetainedHost.build/Debug-iphonesimulator/RetainedHost.build/RetainedHost-own-target-headers.hmap -Xcc -I/Users/runner/work/PartyDeck/PartyDeck/godot/ios-host/build/retained-host-test/DerivedData/Build/Intermediates.noindex/RetainedHost.build/Debug-iphonesimulator/RetainedHost.build/RetainedHost-all-target-headers.hmap -Xcc -iquote -Xcc /Users/runner/work/PartyDeck/PartyDeck/godot/ios-host/build/retained-host-test/DerivedData/Build/Intermediates.noindex/RetainedHost.build/Debug-iphonesimulator/RetainedHost.build/RetainedHost-project-headers.hmap -Xcc -I/Users/runner/work/PartyDeck/PartyDeck/godot/ios-host/build/retained-host-test/DerivedData/Build/Products/Debug-iphonesimulator/include -Xcc -I/Users/runner/work/PartyDeck/PartyDeck/godot/ios-host/build/retained-host-test/DerivedData/Build/Intermediates.noindex/RetainedHost.build/Debug-iphonesimulator/RetainedHost.build/DerivedSources-normal/arm64 -Xcc -I/Users/runner/work/PartyDeck/PartyDeck/godot/ios-host/build/retained-host-test/DerivedData/Build/Intermediates.noindex/RetainedHost.build/Debug-iphonesimulator/RetainedHost.build/DerivedSources/arm64 -Xcc -I/Users/runner/work/PartyDeck/PartyDeck/godot/ios-host/build/retained-host-test/DerivedData/Build/Intermediates.noindex/RetainedHost.build/Debug-iphonesimulator/RetainedHost.build/DerivedSources -emit-objc-header -emit-objc-header-path /Users/runner/work/PartyDeck/PartyDeck/godot/ios-host/build/retained-host-test/DerivedData/Build/Intermediates.noindex/RetainedHost.build/Debug-iphonesimulator/RetainedHost.build/Objects-normal/arm64/RetainedHost-Swift.h -import-objc-header /Users/runner/work/PartyDeck/PartyDeck/godot/ios-host/modules/partydeck_ios_probe/PDGodotEngineOwner.h -working-directory /Users/runner/work/PartyDeck/PartyDeck/godot/ios-host -experimental-emit-module-separately -disable-cmo

Ld /Users/runner/work/PartyDeck/PartyDeck/godot/ios-host/build/retained-host-test/DerivedData/Build/Products/Debug-iphonesimulator/RetainedHost.app/RetainedHost normal (in target 'RetainedHost' from project 'RetainedHost')
    cd /Users/runner/work/PartyDeck/PartyDeck/godot/ios-host
    /Applications/Xcode_26.4.1.app/Contents/Developer/Toolchains/XcodeDefault.xctoolchain/usr/bin/clang -Xlinker -reproducible -target arm64-apple-ios15.0-simulator -isysroot /Applications/Xcode_26.4.1.app/Contents/Developer/Platforms/iPhoneSimulator.platform/Developer/SDKs/iPhoneSimulator26.4.sdk -Os -L/Users/runner/work/PartyDeck/PartyDeck/godot/ios-host/build/retained-host-test/DerivedData/Build/Intermediates.noindex/EagerLinkingTBDs/Debug-iphonesimulator -L/Users/runner/work/PartyDeck/PartyDeck/godot/ios-host/build/retained-host-test/DerivedData/Build/Products/Debug-iphonesimulator -L/Users/runner/work/PartyDeck/PartyDeck/godot/ios-host/build/artifacts -F/Users/runner/work/PartyDeck/PartyDeck/godot/ios-host/build/retained-host-test/DerivedData/Build/Intermediates.noindex/EagerLinkingTBDs/Debug-iphonesimulator -F/Users/runner/work/PartyDeck/PartyDeck/godot/ios-host/build/retained-host-test/DerivedData/Build/Products/Debug-iphonesimulator -F/Users/runner/work/PartyDeck/PartyDeck/godot/ios-host/build/artifacts -filelist /Users/runner/work/PartyDeck/PartyDeck/godot/ios-host/build/retained-host-test/DerivedData/Build/Intermediates.noindex/RetainedHost.build/Debug-iphonesimulator/RetainedHost.build/Objects-normal/arm64/RetainedHost.LinkFileList -Xlinker -rpath -Xlinker /usr/lib/swift -Xlinker -rpath -Xlinker @executable_path/Frameworks -Xlinker -map -Xlinker /Users/runner/work/PartyDeck/PartyDeck/godot/ios-host/build/retained-host-test/evidence/RetainedHost-LinkMap.txt -Xlinker -dead_strip -Xlinker -object_path_lto -Xlinker /Users/runner/work/PartyDeck/PartyDeck/godot/ios-host/build/retained-host-test/DerivedData/Build/Intermediates.noindex/RetainedHost.build/Debug-iphonesimulator/RetainedHost.build/Objects-normal/arm64/RetainedHost_lto.o -rdynamic -Xlinker -objc_abi_version -Xlinker 2 -Xlinker -dependency_info -Xlinker /Users/runner/work/PartyDeck/PartyDeck/godot/ios-host/build/retained-host-test/DerivedData/Build/Intermediates.noindex/RetainedHost.build/Debug-iphonesimulator/RetainedHost.build/Objects-normal/arm64/RetainedHost_dependency_info.dat -fobjc-link-runtime -L/Applications/Xcode_26.4.1.app/Contents/Developer/Toolchains/XcodeDefault.xctoolchain/usr/lib/swift/iphonesimulator -L/usr/lib/swift -Xlinker -add_ast_path -Xlinker /Users/runner/work/PartyDeck/PartyDeck/godot/ios-host/build/retained-host-test/DerivedData/Build/Intermediates.noindex/RetainedHost.build/Debug-iphonesimulator/RetainedHost.build/Objects-normal/arm64/RetainedHost.swiftmodule @/Users/runner/work/PartyDeck/PartyDeck/godot/ios-host/build/retained-host-test/DerivedData/Build/Intermediates.noindex/RetainedHost.build/Debug-iphonesimulator/RetainedHost.build/Objects-normal/arm64/RetainedHost-linker-args.resp -lc++ -lz -liconv -framework Security -lpartydeck_godot_ios_probe -lpartydeck_godot_camera -framework PartyDeckGodotBridge -o /Users/runner/work/PartyDeck/PartyDeck/godot/ios-host/build/retained-host-test/DerivedData/Build/Products/Debug-iphonesimulator/RetainedHost.app/RetainedHost

CopySwiftLibs /Users/runner/work/PartyDeck/PartyDeck/godot/ios-host/build/retained-host-test/DerivedData/Build/Products/Debug-iphonesimulator/RetainedHost.app (in target 'RetainedHost' from project 'RetainedHost')
    cd /Users/runner/work/PartyDeck/PartyDeck/godot/ios-host
    builtin-swiftStdLibTool --copy --verbose --scan-executable /Users/runner/work/PartyDeck/PartyDeck/godot/ios-host/build/retained-host-test/DerivedData/Build/Products/Debug-iphonesimulator/RetainedHost.app/RetainedHost --scan-folder /Users/runner/work/PartyDeck/PartyDeck/godot/ios-host/build/retained-host-test/DerivedData/Build/Products/Debug-iphonesimulator/RetainedHost.app/Frameworks --scan-folder /Users/runner/work/PartyDeck/PartyDeck/godot/ios-host/build/retained-host-test/DerivedData/Build/Products/Debug-iphonesimulator/RetainedHost.app/PlugIns --scan-folder /Users/runner/work/PartyDeck/PartyDeck/godot/ios-host/build/retained-host-test/DerivedData/Build/Products/Debug-iphonesimulator/RetainedHost.app/SystemExtensions --scan-folder /Users/runner/work/PartyDeck/PartyDeck/godot/ios-host/build/retained-host-test/DerivedData/Build/Products/Debug-iphonesimulator/RetainedHost.app/Extensions --scan-folder /Users/runner/work/PartyDeck/PartyDeck/godot/ios-host/build/artifacts/PartyDeckGodotBridge.framework --platform iphonesimulator --toolchain /var/run/com.apple.security.cryptexd/mnt/com.apple.MobileAsset.MetalToolchain-v17.5.188.0.4oOsMX/Metal.xctoolchain --toolchain /Applications/Xcode_26.4.1.app/Contents/Developer/Toolchains/XcodeDefault.xctoolchain --destination /Users/runner/work/PartyDeck/PartyDeck/godot/ios-host/build/retained-host-test/DerivedData/Build/Products/Debug-iphonesimulator/RetainedHost.app/Frameworks --strip-bitcode --strip-bitcode-tool /Applications/Xcode_26.4.1.app/Contents/Developer/Toolchains/XcodeDefault.xctoolchain/usr/bin/bitcode_strip --emit-dependency-info /Users/runner/work/PartyDeck/PartyDeck/godot/ios-host/build/retained-host-test/DerivedData/Build/Intermediates.noindex/RetainedHost.build/Debug-iphonesimulator/RetainedHost.build/SwiftStdLibToolInputDependencies.dep --filter-for-swift-os --back-deploy-swift-span
Ignoring --strip-bitcode because --sign was not passed

ExtractAppIntentsMetadata (in target 'RetainedHost' from project 'RetainedHost')
    cd /Users/runner/work/PartyDeck/PartyDeck/godot/ios-host
    /Applications/Xcode_26.4.1.app/Contents/Developer/Toolchains/XcodeDefault.xctoolchain/usr/bin/appintentsmetadataprocessor --toolchain-dir /var/run/com.apple.security.cryptexd/mnt/com.apple.MobileAsset.MetalToolchain-v17.5.188.0.4oOsMX/Metal.xctoolchain --module-name RetainedHost --sdk-root /Applications/Xcode_26.4.1.app/Contents/Developer/Platforms/iPhoneSimulator.platform/Developer/SDKs/iPhoneSimulator26.4.sdk --xcode-version 17E202 --platform-family iOS --deployment-target 15.0 --bundle-identifier dev.partydeck.godot.iosretained --output /Users/runner/work/PartyDeck/PartyDeck/godot/ios-host/build/retained-host-test/DerivedData/Build/Products/Debug-iphonesimulator/RetainedHost.app --target-triple arm64-apple-ios15.0-simulator --binary-file /Users/runner/work/PartyDeck/PartyDeck/godot/ios-host/build/retained-host-test/DerivedData/Build/Products/Debug-iphonesimulator/RetainedHost.app/RetainedHost --dependency-file /Users/runner/work/PartyDeck/PartyDeck/godot/ios-host/build/retained-host-test/DerivedData/Build/Intermediates.noindex/RetainedHost.build/Debug-iphonesimulator/RetainedHost.build/Objects-normal/arm64/RetainedHost_dependency_info.dat --stringsdata-file /Users/runner/work/PartyDeck/PartyDeck/godot/ios-host/build/retained-host-test/DerivedData/Build/Intermediates.noindex/RetainedHost.build/Debug-iphonesimulator/RetainedHost.build/Objects-normal/arm64/ExtractedAppShortcutsMetadata.stringsdata --source-file-list /Users/runner/work/PartyDeck/PartyDeck/godot/ios-host/build/retained-host-test/DerivedData/Build/Intermediates.noindex/RetainedHost.build/Debug-iphonesimulator/RetainedHost.build/Objects-normal/arm64/RetainedHost.SwiftFileList --metadata-file-list /Users/runner/work/PartyDeck/PartyDeck/godot/ios-host/build/retained-host-test/DerivedData/Build/Intermediates.noindex/RetainedHost.build/Debug-iphonesimulator/RetainedHost.build/RetainedHost.DependencyMetadataFileList --static-metadata-file-list /Users/runner/work/PartyDeck/PartyDeck/godot/ios-host/build/retained-host-test/DerivedData/Build/Intermediates.noindex/RetainedHost.build/Debug-iphonesimulator/RetainedHost.build/RetainedHost.DependencyStaticMetadataFileList --swift-const-vals-list /Users/runner/work/PartyDeck/PartyDeck/godot/ios-host/build/retained-host-test/DerivedData/Build/Intermediates.noindex/RetainedHost.build/Debug-iphonesimulator/RetainedHost.build/Objects-normal/arm64/RetainedHost.SwiftConstValuesFileList --compile-time-extraction --deployment-aware-processing --validate-assistant-intents --no-app-shortcuts-localization
2026-09-10 18:13:13.190 appintentsmetadataprocessor[3022:13215] Starting appintentsmetadataprocessor export
2026-09-10 18:13:13.203 appintentsmetadataprocessor[3022:13215] warning: Metadata extraction skipped. No AppIntents.framework dependency found.

AppIntentsSSUTraining (in target 'RetainedHost' from project 'RetainedHost')
    cd /Users/runner/work/PartyDeck/PartyDeck/godot/ios-host
    /Applications/Xcode_26.4.1.app/Contents/Developer/Toolchains/XcodeDefault.xctoolchain/usr/bin/appintentsnltrainingprocessor --infoplist-path /Users/runner/work/PartyDeck/PartyDeck/godot/ios-host/build/retained-host-test/DerivedData/Build/Products/Debug-iphonesimulator/RetainedHost.app/Info.plist --temp-dir-path /Users/runner/work/PartyDeck/PartyDeck/godot/ios-host/build/retained-host-test/DerivedData/Build/Intermediates.noindex/RetainedHost.build/Debug-iphonesimulator/RetainedHost.build/ssu --bundle-id dev.partydeck.godot.iosretained --product-path /Users/runner/work/PartyDeck/PartyDeck/godot/ios-host/build/retained-host-test/DerivedData/Build/Products/Debug-iphonesimulator/RetainedHost.app --extracted-metadata-path /Users/runner/work/PartyDeck/PartyDeck/godot/ios-host/build/retained-host-test/DerivedData/Build/Products/Debug-iphonesimulator/RetainedHost.app/Metadata.appintents --metadata-file-list /Users/runner/work/PartyDeck/PartyDeck/godot/ios-host/build/retained-host-test/DerivedData/Build/Intermediates.noindex/RetainedHost.build/Debug-iphonesimulator/RetainedHost.build/RetainedHost.DependencyMetadataFileList --source-file /Users/runner/work/PartyDeck/PartyDeck/godot/ios-host/build/retained-host-test/DerivedData/Build/Products/Debug-iphonesimulator/RetainedHost.app/Info.plist --archive-ssu-assets
2026-09-10 18:13:13.263 appintentsnltrainingprocessor[3023:13217] Parsing options for appintentsnltrainingprocessor
2026-09-10 18:13:13.264 appintentsnltrainingprocessor[3023:13217] Starting AppIntents SSU YAML Generation
2026-09-10 18:13:13.269 appintentsnltrainingprocessor[3023:13217] No AppShortcuts found - Skipping.

RegisterExecutionPolicyException /Users/runner/work/PartyDeck/PartyDeck/godot/ios-host/build/retained-host-test/DerivedData/Build/Products/Debug-iphonesimulator/RetainedHost.app (in target 'RetainedHost' from project 'RetainedHost')
    cd /Users/runner/work/PartyDeck/PartyDeck/godot/ios-host
    builtin-RegisterExecutionPolicyException /Users/runner/work/PartyDeck/PartyDeck/godot/ios-host/build/retained-host-test/DerivedData/Build/Products/Debug-iphonesimulator/RetainedHost.app

Validate /Users/runner/work/PartyDeck/PartyDeck/godot/ios-host/build/retained-host-test/DerivedData/Build/Products/Debug-iphonesimulator/RetainedHost.app (in target 'RetainedHost' from project 'RetainedHost')
    cd /Users/runner/work/PartyDeck/PartyDeck/godot/ios-host
    builtin-validationUtility /Users/runner/work/PartyDeck/PartyDeck/godot/ios-host/build/retained-host-test/DerivedData/Build/Products/Debug-iphonesimulator/RetainedHost.app -shallow-bundle -infoplist-subpath Info.plist

Touch /Users/runner/work/PartyDeck/PartyDeck/godot/ios-host/build/retained-host-test/DerivedData/Build/Products/Debug-iphonesimulator/RetainedHost.app (in target 'RetainedHost' from project 'RetainedHost')
    cd /Users/runner/work/PartyDeck/PartyDeck/godot/ios-host
    /usr/bin/touch -c /Users/runner/work/PartyDeck/PartyDeck/godot/ios-host/build/retained-host-test/DerivedData/Build/Products/Debug-iphonesimulator/RetainedHost.app

** BUILD SUCCEEDED **

