--------- beginning of main
09-10 10:07:13.170  3056  3056 I t.compare:godot: Late-enabling -Xcheck:jni
09-10 10:07:13.188  3056  3056 I t.compare:godot: Using CollectorTypeCMC GC.
09-10 10:07:13.190  3056  3056 W t.compare:godot: Unexpected CPU variant for x86: x86_64.
09-10 10:07:13.190  3056  3056 W t.compare:godot: Known variants: atom, sandybridge, silvermont, goldmont, goldmont-plus, goldmont-without-sha-xsaves, tremont, kabylake, default
09-10 10:07:13.223  3056  3056 D nativeloader: Load libframework-connectivity-tiramisu-jni.so using APEX ns com_android_tethering for caller /apex/com.android.tethering/javalib/framework-connectivity-t.jar: ok
09-10 10:07:13.282  3056  3056 W ziparchive: Unable to open '/data/app/~~J_f6056pFFAZq0YoucoDGw==/dev.partydeck.godot.compare-Hp_eO7yxOgehJsAnijGhlQ==/base.dm': No such file or directory
09-10 10:07:13.282  3056  3056 W ziparchive: Unable to open '/data/app/~~J_f6056pFFAZq0YoucoDGw==/dev.partydeck.godot.compare-Hp_eO7yxOgehJsAnijGhlQ==/base.dm': No such file or directory
09-10 10:07:13.435  3056  3056 D nativeloader: Configuring clns-7 for other apk /data/app/~~J_f6056pFFAZq0YoucoDGw==/dev.partydeck.godot.compare-Hp_eO7yxOgehJsAnijGhlQ==/base.apk. target_sdk_version=36, uses_libraries=, library_path=/data/app/~~J_f6056pFFAZq0YoucoDGw==/dev.partydeck.godot.compare-Hp_eO7yxOgehJsAnijGhlQ==/lib/x86_64:/data/app/~~J_f6056pFFAZq0YoucoDGw==/dev.partydeck.godot.compare-Hp_eO7yxOgehJsAnijGhlQ==/base.apk!/lib/x86_64, permitted_path=/data:/mnt/expand:/data/user/0/dev.partydeck.godot.compare
09-10 10:07:13.468  3056  3056 V GraphicsEnvironment: Currently set values for:
09-10 10:07:13.468  3056  3056 V GraphicsEnvironment:   angle_gl_driver_selection_pkgs=[]
09-10 10:07:13.468  3056  3056 V GraphicsEnvironment:   angle_gl_driver_selection_values=[]
09-10 10:07:13.468  3056  3056 V GraphicsEnvironment: Global.Settings values are invalid: number of packages: 0, number of values: 0
09-10 10:07:13.468  3056  3056 V GraphicsEnvironment: Neither updatable production driver nor prerelease driver is supported.
09-10 10:07:13.869  3056  3056 V Godot   : Initializing Godot plugin registry
09-10 10:07:13.870  3056  3056 I GodotPluginRegistry: Registering runtime plugin AndroidRuntime
09-10 10:07:13.870  3056  3056 I GodotPluginRegistry: Registering runtime plugin PartyDeckBridge
09-10 10:07:13.870  3056  3056 V Godot   : InitEngine with params: [--main-pack, res://partydeck-last-light.pck, --rendering-method, gl_compatibility, --xr-mode, off]
09-10 10:07:13.902  3056  3056 D nativeloader: Load /data/app/~~J_f6056pFFAZq0YoucoDGw==/dev.partydeck.godot.compare-Hp_eO7yxOgehJsAnijGhlQ==/base.apk!/lib/x86_64/libgodot_android.so using ns clns-7 from class loader (caller=/data/app/~~J_f6056pFFAZq0YoucoDGw==/dev.partydeck.godot.compare-Hp_eO7yxOgehJsAnijGhlQ==/base.apk): ok
09-10 10:07:13.904  3056  3056 V Godot   : Godot native layer initialization completed: true
09-10 10:07:13.904  3056  3056 V Godot   : Setting up native layer with params: [--main-pack, res://partydeck-last-light.pck, --rendering-method, gl_compatibility, --xr-mode, off]
09-10 10:07:13.944  3056  3056 V Godot   : Godot native layer setup completed
09-10 10:07:13.944  3056  3056 V Godot   : OnInitRenderView: GodotFragment{67a0108} (38ecd773-8f95-4bdf-9ff4-be0c95a32477 id=0x7f07002b tag=partydeck-godot)
09-10 10:07:13.961  3056  3056 D Godot   : Render view should be transparent: false
09-10 10:07:13.961  3056  3056 D Godot   : renderingDevice: opengl3 (ProjectSettings)
09-10 10:07:13.961  3056  3056 D Godot   : 			renderer: gl_compatibility (Default)
09-10 10:07:13.973  3056  3056 V Godot   : OnStart: GodotFragment{67a0108} (38ecd773-8f95-4bdf-9ff4-be0c95a32477 id=0x7f07002b tag=partydeck-godot)
09-10 10:07:13.974  3056  3056 W WindowOnBackDispatcher: OnBackInvokedCallback is not enabled for the application.
09-10 10:07:13.974  3056  3056 W WindowOnBackDispatcher: Set 'android:enableOnBackInvokedCallback="true"' in the application manifest.
09-10 10:07:13.977  3056  3056 V Godot   : OnResume: GodotFragment{67a0108} (38ecd773-8f95-4bdf-9ff4-be0c95a32477 id=0x7f07002b tag=partydeck-godot)
09-10 10:07:13.980  3056  3056 W HWUI    : Unknown dataspace 0
09-10 10:07:14.012  3056  3083 I EGL_emulation: Opening libGLESv1_CM_emulation.so
09-10 10:07:14.013  3056  3083 I EGL_emulation: Opening libGLESv2_emulation.so
09-10 10:07:14.019  3056  3061 I t.compare:godot: Compiler allocated 4219KB to compile void android.widget.TextView.<init>(android.content.Context, android.util.AttributeSet, int, int)
09-10 10:07:14.025  3056  3083 W HWUI    : Failed to choose config with EGL_SWAP_BEHAVIOR_PRESERVED, retrying without...
09-10 10:07:14.032  3056  3083 W HWUI    : Failed to initialize 101010-2 format, error = EGL_SUCCESS
09-10 10:07:14.032  3056  3092 W RegularContextFactory: creating OpenGL ES 3.0 context :
09-10 10:07:14.092  3056  3092 I Gralloc4: mapper 4.x is not supported
09-10 10:07:14.103  3056  3092 I godot   : Godot Engine v4.7.2.stable.official.ed1daf0bf - https://godotengine.org
09-10 10:07:14.601  3056  3061 I t.compare:godot: Compiler allocated 5174KB to compile void android.view.ViewRootImpl.performTraversals()
09-10 10:07:14.837  3056  3092 I godot   : OpenGL API OpenGL ES 3.1 (OpenGL ES 3.1.0 (ANGLE 2.1.17841 git hash: 5fa2e61da947)) - Compatibility - Using Device: Google (Google Inc. (Google)) - Android Emulator OpenGL ES Translator (ANGLE (Google, Vulkan 1.3.0 (SwiftShader Device (Subzero) (0x0000C0DE)), SwiftShader driver-5.0.0))
09-10 10:07:14.838  3056  3092 D t.compare:godot: PlayerBase::PlayerBase()
09-10 10:07:14.838  3056  3092 D t.compare:godot: TrackPlayerBase::TrackPlayerBase()
09-10 10:07:14.838  3056  3092 I libOpenSLES: Emulating old channel mask behavior (ignoring positional mask 0x3, using default mask 0x3 based on channel count of 2)
09-10 10:07:14.842  3056  3092 I godot   : 
09-10 10:07:15.386  3056  3092 V Godot   : OnGodotSetupCompleted
09-10 10:07:15.390  3056  3092 V Godot   : OnGodotMainLoopStarted
09-10 10:07:15.443  3056  3083 D EGL_emulation: app_time_stats: avg=228.65ms min=25.96ms max=811.48ms count=5
09-10 10:07:16.460  3056  3083 D EGL_emulation: app_time_stats: avg=141.32ms min=37.80ms max=431.54ms count=7
09-10 10:07:25.468  3056  3056 D AutofillManager: Fill dialog is enabled:false, hints=[]
09-10 10:07:25.490  3056  3083 D EGL_emulation: app_time_stats: avg=9030.48ms min=9030.48ms max=9030.48ms count=1
09-10 10:07:29.638  3056  3092 D EGL_emulation: app_time_stats: avg=3660.84ms min=40.71ms max=13853.92ms count=4
09-10 10:07:33.675  3056  3083 D EGL_emulation: app_time_stats: avg=1622.49ms min=15.19ms max=7976.99ms count=5
09-10 10:07:43.042  3056  3083 D EGL_emulation: app_time_stats: avg=1859.86ms min=0.99ms max=9168.60ms count=5
09-10 10:07:47.114  3056  3092 D EGL_emulation: app_time_stats: avg=8712.33ms min=54.14ms max=17370.52ms count=2
09-10 10:07:51.126  3056  3083 D EGL_emulation: app_time_stats: avg=1616.03ms min=11.32ms max=7895.51ms count=5
09-10 10:08:00.526  3056  3083 D EGL_emulation: app_time_stats: avg=1862.69ms min=13.33ms max=9192.92ms count=5
09-10 10:08:04.629  3056  3092 D EGL_emulation: app_time_stats: avg=17514.60ms min=17514.60ms max=17514.60ms count=1
09-10 10:08:08.625  3056  3083 D EGL_emulation: app_time_stats: avg=1614.36ms min=12.38ms max=7917.23ms count=5
09-10 10:08:18.058  3056  3083 D EGL_emulation: app_time_stats: avg=1878.37ms min=15.06ms max=9230.62ms count=5
09-10 10:08:22.170  3056  3092 D EGL_emulation: app_time_stats: avg=17541.22ms min=17541.22ms max=17541.22ms count=1
09-10 10:08:26.158  3056  3083 D EGL_emulation: app_time_stats: avg=1617.22ms min=55.80ms max=7824.03ms count=5
09-10 10:08:32.226  3056  3083 D EGL_emulation: app_time_stats: avg=1207.71ms min=18.17ms max=5877.31ms count=5
09-10 10:08:36.342  3056  3092 D EGL_emulation: app_time_stats: avg=14171.59ms min=14171.59ms max=14171.59ms count=1
09-10 10:08:40.342  3056  3083 D EGL_emulation: app_time_stats: avg=1610.39ms min=18.09ms max=7914.55ms count=5
09-10 10:08:42.513  3056  3056 V Godot   : OnPause: GodotFragment{67a0108} (38ecd773-8f95-4bdf-9ff4-be0c95a32477 id=0x7f07002b tag=partydeck-godot)
09-10 10:08:42.523  3056  3092 D t.compare:godot: PlayerBase::pause() from IPlayer
09-10 10:08:42.580  3056  3083 D EGL_emulation: app_time_stats: avg=436.17ms min=12.35ms max=2000.19ms count=5
09-10 10:08:43.082  3056  3092 D EGL_emulation: app_time_stats: avg=6740.67ms min=6740.67ms max=6740.67ms count=1
09-10 10:08:43.258  3056  3056 D VRI[GodotGameActivity]: visibilityChanged oldVisibility=true newVisibility=false
09-10 10:08:43.273  3056  3056 E Surface : freeAllBuffers: 1 buffers were freed while being dequeued!
09-10 10:08:43.287  3056  3092 E Surface : getSlotFromBufferLocked: unknown buffer: 0x0
09-10 10:08:43.287  3056  3092 E Surface : freeAllBuffers: 1 buffers were freed while being dequeued!
09-10 10:08:43.361  3056  3056 V Godot   : OnStop: GodotFragment{67a0108} (38ecd773-8f95-4bdf-9ff4-be0c95a32477 id=0x7f07002b tag=partydeck-godot)
09-10 10:08:56.399  3056  3056 V Godot   : OnStart: GodotFragment{67a0108} (38ecd773-8f95-4bdf-9ff4-be0c95a32477 id=0x7f07002b tag=partydeck-godot)
09-10 10:08:56.399  3056  3056 W WindowOnBackDispatcher: OnBackInvokedCallback is not enabled for the application.
09-10 10:08:56.399  3056  3056 W WindowOnBackDispatcher: Set 'android:enableOnBackInvokedCallback="true"' in the application manifest.
09-10 10:08:56.401  3056  3056 V Godot   : OnResume: GodotFragment{67a0108} (38ecd773-8f95-4bdf-9ff4-be0c95a32477 id=0x7f07002b tag=partydeck-godot)
09-10 10:09:00.942  3056  3083 D EGL_emulation: app_time_stats: avg=400.04ms min=37.23ms max=3269.54ms count=11
09-10 10:09:10.425  3056  3083 D EGL_emulation: app_time_stats: avg=1890.41ms min=8.65ms max=9287.96ms count=5
09-10 10:09:14.547  3056  3092 D EGL_emulation: app_time_stats: avg=8893.11ms min=238.83ms max=17547.39ms count=2
09-10 10:09:18.542  3056  3083 D EGL_emulation: app_time_stats: avg=1617.24ms min=13.66ms max=7914.50ms count=5
09-10 10:09:24.646  3056  3083 D EGL_emulation: app_time_stats: avg=1214.37ms min=17.72ms max=5920.08ms count=5
09-10 10:09:28.785  3056  3092 D EGL_emulation: app_time_stats: avg=14237.87ms min=14237.87ms max=14237.87ms count=1
09-10 10:09:32.775  3056  3083 D EGL_emulation: app_time_stats: avg=1623.25ms min=8.41ms max=7949.67ms count=5
09-10 10:09:38.860  3056  3083 D EGL_emulation: app_time_stats: avg=1208.74ms min=14.45ms max=5892.25ms count=5
09-10 10:09:43.003  3056  3092 D EGL_emulation: app_time_stats: avg=14218.02ms min=14218.02ms max=14218.02ms count=1
09-10 10:09:43.087  3056  3083 D EGL_emulation: app_time_stats: avg=837.39ms min=11.64ms max=4021.26ms count=5
09-10 10:09:47.542  3056  3083 D EGL_emulation: app_time_stats: avg=739.64ms min=9.93ms max=3677.43ms count=6
09-10 10:09:53.643  3056  3083 D EGL_emulation: app_time_stats: avg=1215.18ms min=10.70ms max=5880.40ms count=5
09-10 10:10:06.358  3056  3083 D EGL_emulation: app_time_stats: avg=2538.29ms min=27.14ms max=12495.37ms count=5
09-10 10:10:10.510  3056  3092 D EGL_emulation: app_time_stats: avg=9168.77ms min=251.95ms max=26734.74ms count=3
09-10 10:10:10.529  3056  3062 I t.compare:godot: Background concurrent mark compact GC freed 3052KB AllocSpace bytes, 0(0B) LOS objects, 49% free, 2776KB/5553KB, paused 87us,6.922ms total 28.981ms
09-10 10:10:10.583  3056  3083 D EGL_emulation: app_time_stats: avg=844.90ms min=13.51ms max=4003.54ms count=5
09-10 10:10:15.059  3056  3083 D EGL_emulation: app_time_stats: avg=733.96ms min=58.13ms max=3656.89ms count=6
09-10 10:10:21.126  3056  3083 D EGL_emulation: app_time_stats: avg=1205.95ms min=26.30ms max=5862.35ms count=5
09-10 10:10:30.525  3056  3083 D EGL_emulation: app_time_stats: avg=1862.58ms min=2.10ms max=9196.69ms count=5
09-10 10:10:34.678  3056  3092 D EGL_emulation: app_time_stats: avg=8056.25ms min=294.40ms max=23400.84ms count=3
09-10 10:10:34.742  3056  3083 D EGL_emulation: app_time_stats: avg=840.95ms min=18.96ms max=4034.01ms count=5
09-10 10:10:39.242  3056  3083 D EGL_emulation: app_time_stats: avg=747.23ms min=7.76ms max=3691.87ms count=6
09-10 10:10:45.309  3056  3083 D EGL_emulation: app_time_stats: avg=1186.50ms min=1.91ms max=5845.13ms count=5
09-10 10:10:51.375  3056  3083 D EGL_emulation: app_time_stats: avg=1206.25ms min=15.21ms max=5863.12ms count=5
09-10 10:10:55.495  3056  3092 D EGL_emulation: app_time_stats: avg=6938.76ms min=234.05ms max=20075.72ms count=3
09-10 10:10:55.610  3056  3083 D EGL_emulation: app_time_stats: avg=843.72ms min=12.09ms max=4048.96ms count=5
09-10 10:11:00.076  3056  3083 D EGL_emulation: app_time_stats: avg=740.85ms min=48.73ms max=3697.77ms count=6
09-10 10:11:06.142  3056  3083 D EGL_emulation: app_time_stats: avg=1208.77ms min=14.75ms max=5868.00ms count=5
09-10 10:11:12.258  3056  3083 D EGL_emulation: app_time_stats: avg=1207.22ms min=13.38ms max=5913.29ms count=5
09-10 10:11:16.400  3056  3092 D EGL_emulation: app_time_stats: avg=6968.35ms min=262.84ms max=20104.69ms count=3
09-10 10:11:16.484  3056  3083 D EGL_emulation: app_time_stats: avg=838.02ms min=21.76ms max=4020.16ms count=5
09-10 10:11:20.442  3056  3083 D EGL_emulation: app_time_stats: avg=656.53ms min=50.83ms max=3184.01ms count=6
09-10 10:11:26.558  3056  3083 D EGL_emulation: app_time_stats: avg=1217.30ms min=12.28ms max=5914.83ms count=5
09-10 10:11:35.959  3056  3083 D EGL_emulation: app_time_stats: avg=1871.20ms min=15.77ms max=9198.21ms count=5
09-10 10:11:40.067  3056  3092 D EGL_emulation: app_time_stats: avg=11833.49ms min=281.09ms max=23385.89ms count=2
09-10 10:11:40.146  3056  3083 D EGL_emulation: app_time_stats: avg=831.80ms min=16.55ms max=4003.07ms count=5
09-10 10:11:44.225  3056  3083 D EGL_emulation: app_time_stats: avg=679.78ms min=56.72ms max=3294.84ms count=6
09-10 10:11:50.342  3056  3083 D EGL_emulation: app_time_stats: avg=1215.05ms min=12.03ms max=5921.03ms count=5
09-10 10:11:56.375  3056  3083 D EGL_emulation: app_time_stats: avg=1184.95ms min=2.63ms max=5828.72ms count=5
09-10 10:12:00.520  3056  3092 D EGL_emulation: app_time_stats: avg=10226.41ms min=243.34ms max=20209.48ms count=2
09-10 10:12:04.508  3056  3083 D EGL_emulation: app_time_stats: avg=1619.60ms min=14.74ms max=7945.85ms count=5
09-10 10:12:10.625  3056  3083 D EGL_emulation: app_time_stats: avg=1216.69ms min=12.56ms max=5930.73ms count=5
09-10 10:12:14.735  3056  3092 D EGL_emulation: app_time_stats: avg=7107.25ms min=115.04ms max=14099.46ms count=2
09-10 10:12:18.726  3056  3083 D EGL_emulation: app_time_stats: avg=1343.43ms min=16.08ms max=7849.62ms count=6
09-10 10:12:24.794  3056  3083 D EGL_emulation: app_time_stats: avg=1206.11ms min=14.79ms max=5880.96ms count=5
09-10 10:12:28.909  3056  3083 D EGL_emulation: app_time_stats: avg=818.80ms min=25.52ms max=3910.04ms count=5
09-10 10:12:28.923  3056  3092 D EGL_emulation: app_time_stats: avg=14188.33ms min=14188.33ms max=14188.33ms count=1
09-10 10:12:33.459  3056  3083 D EGL_emulation: app_time_stats: avg=756.21ms min=9.37ms max=3693.81ms count=6
09-10 10:12:39.559  3056  3083 D EGL_emulation: app_time_stats: avg=1212.00ms min=18.92ms max=5913.60ms count=5
09-10 10:12:45.608  3056  3083 D EGL_emulation: app_time_stats: avg=1191.66ms min=8.87ms max=5824.90ms count=5
09-10 10:12:49.751  3056  3092 D EGL_emulation: app_time_stats: avg=6942.68ms min=253.85ms max=20087.18ms count=3
09-10 10:12:49.796  3056  3083 D EGL_emulation: app_time_stats: avg=831.37ms min=14.52ms max=4005.32ms count=5
09-10 10:12:54.308  3056  3083 D EGL_emulation: app_time_stats: avg=741.01ms min=44.45ms max=3661.36ms count=6
09-10 10:13:00.408  3056  3083 D EGL_emulation: app_time_stats: avg=1201.77ms min=3.94ms max=5910.01ms count=5
09-10 10:13:06.508  3056  3083 D EGL_emulation: app_time_stats: avg=1211.02ms min=13.40ms max=5911.63ms count=5
09-10 10:13:10.666  3056  3092 D EGL_emulation: app_time_stats: avg=6971.56ms min=240.13ms max=20133.09ms count=3
09-10 10:13:10.776  3056  3083 D EGL_emulation: app_time_stats: avg=851.28ms min=11.56ms max=4056.53ms count=5
09-10 10:13:15.227  3056  3083 D EGL_emulation: app_time_stats: avg=739.33ms min=10.42ms max=3699.06ms count=6
09-10 10:13:21.260  3056  3083 D EGL_emulation: app_time_stats: avg=1204.70ms min=47.79ms max=5783.76ms count=5
09-10 10:13:27.392  3056  3083 D EGL_emulation: app_time_stats: avg=1214.94ms min=19.89ms max=5932.53ms count=5
09-10 10:13:31.486  3056  3092 D EGL_emulation: app_time_stats: avg=6940.01ms min=233.40ms max=20082.47ms count=3
09-10 10:13:31.556  3056  3083 D EGL_emulation: app_time_stats: avg=823.64ms min=15.37ms max=3963.14ms count=5
09-10 10:13:36.042  3056  3083 D EGL_emulation: app_time_stats: avg=744.82ms min=50.13ms max=3682.86ms count=6
09-10 10:13:42.059  3056  3083 D EGL_emulation: app_time_stats: avg=1195.10ms min=14.06ms max=5802.10ms count=5
09-10 10:13:48.158  3056  3083 D EGL_emulation: app_time_stats: avg=1213.80ms min=17.32ms max=5897.40ms count=5
09-10 10:13:52.262  3056  3092 D EGL_emulation: app_time_stats: avg=6925.45ms min=258.80ms max=20049.66ms count=3
09-10 10:13:52.336  3056  3083 D EGL_emulation: app_time_stats: avg=827.18ms min=14.32ms max=3978.16ms count=5
09-10 10:13:56.325  3056  3083 D EGL_emulation: app_time_stats: avg=662.23ms min=62.54ms max=3188.28ms count=6
09-10 10:14:02.358  3056  3083 D EGL_emulation: app_time_stats: avg=1198.99ms min=11.64ms max=5825.31ms count=5
09-10 10:14:08.459  3056  3083 D EGL_emulation: app_time_stats: avg=1216.15ms min=11.27ms max=5912.48ms count=5
09-10 10:14:12.551  3056  3092 D EGL_emulation: app_time_stats: avg=10144.35ms min=237.97ms max=20050.72ms count=2
09-10 10:14:12.692  3056  3083 D EGL_emulation: app_time_stats: avg=841.45ms min=13.75ms max=4040.82ms count=5
09-10 10:14:17.092  3056  3083 D EGL_emulation: app_time_stats: avg=733.16ms min=44.49ms max=3662.08ms count=6
09-10 10:14:23.192  3056  3083 D EGL_emulation: app_time_stats: avg=1209.78ms min=18.01ms max=5895.38ms count=5
09-10 10:14:29.244  3056  3083 D EGL_emulation: app_time_stats: avg=1203.38ms min=20.70ms max=5866.09ms count=5
09-10 10:14:33.353  3056  3092 D EGL_emulation: app_time_stats: avg=6934.08ms min=315.81ms max=20033.80ms count=3
09-10 10:14:33.438  3056  3083 D EGL_emulation: app_time_stats: avg=830.73ms min=18.94ms max=4006.18ms count=5
09-10 10:14:37.925  3056  3083 D EGL_emulation: app_time_stats: avg=743.23ms min=8.81ms max=3714.78ms count=6
09-10 10:14:43.961  3056  3083 D EGL_emulation: app_time_stats: avg=1196.50ms min=14.22ms max=5817.60ms count=5
09-10 10:14:50.075  3056  3083 D EGL_emulation: app_time_stats: avg=1217.88ms min=12.89ms max=5934.22ms count=5
09-10 10:14:54.208  3056  3083 D EGL_emulation: app_time_stats: avg=805.51ms min=3.22ms max=3922.60ms count=5
09-10 10:14:54.254  3056  3092 D EGL_emulation: app_time_stats: avg=6966.80ms min=272.86ms max=20144.29ms count=3
09-10 10:14:58.758  3056  3083 D EGL_emulation: app_time_stats: avg=756.22ms min=9.09ms max=3675.80ms count=6
09-10 10:15:04.842  3056  3083 D EGL_emulation: app_time_stats: avg=1209.54ms min=13.75ms max=5881.15ms count=5
09-10 10:15:10.925  3056  3083 D EGL_emulation: app_time_stats: avg=1213.85ms min=20.39ms max=5870.06ms count=5
09-10 10:15:15.055  3056  3092 D EGL_emulation: app_time_stats: avg=6933.61ms min=129.13ms max=20115.60ms count=3
09-10 10:15:15.135  3056  3083 D EGL_emulation: app_time_stats: avg=824.62ms min=11.96ms max=3986.41ms count=5
09-10 10:15:19.609  3056  3083 D EGL_emulation: app_time_stats: avg=743.51ms min=9.28ms max=3683.48ms count=6
09-10 10:15:25.725  3056  3083 D EGL_emulation: app_time_stats: avg=1214.73ms min=14.46ms max=5919.58ms count=5
09-10 10:15:31.858  3056  3083 D EGL_emulation: app_time_stats: avg=1220.67ms min=14.58ms max=5928.64ms count=5
09-10 10:15:36.007  3056  3083 D EGL_emulation: app_time_stats: avg=822.21ms min=12.37ms max=3958.73ms count=5
09-10 10:15:36.009  3056  3092 D EGL_emulation: app_time_stats: avg=6984.74ms min=284.93ms max=20174.45ms count=3
09-10 10:15:40.542  3056  3083 D EGL_emulation: app_time_stats: avg=754.23ms min=6.98ms max=3684.91ms count=6
09-10 10:15:46.676  3056  3083 D EGL_emulation: app_time_stats: avg=1219.29ms min=10.47ms max=5939.29ms count=5
09-10 10:15:52.778  3056  3083 D EGL_emulation: app_time_stats: avg=1220.52ms min=58.39ms max=5842.75ms count=5
09-10 10:15:56.842  3056  3092 D EGL_emulation: app_time_stats: avg=6944.44ms min=228.35ms max=20066.13ms count=3
09-10 10:15:56.852  3056  3082 I t.compare:godot: Waiting for a blocking GC ProfileSaver
09-10 10:15:56.892  3056  3082 I t.compare:godot: WaitForGcToComplete blocked ProfileSaver on Background for 39.583ms
09-10 10:15:56.970  3056  3083 D EGL_emulation: app_time_stats: avg=826.07ms min=19.07ms max=3972.96ms count=5
09-10 10:16:01.408  3056  3083 D EGL_emulation: app_time_stats: avg=727.10ms min=6.73ms max=3696.87ms count=6
09-10 10:16:07.441  3056  3083 D EGL_emulation: app_time_stats: avg=1204.26ms min=16.66ms max=5816.78ms count=5
09-10 10:16:16.876  3056  3083 D EGL_emulation: app_time_stats: avg=1884.28ms min=10.43ms max=9208.29ms count=5
09-10 10:16:20.947  3056  3056 I PartyDeckGodotBridge: Close requested elapsed_ms=613119
09-10 10:16:20.961  3056  3092 D EGL_emulation: app_time_stats: avg=8039.59ms min=263.18ms max=23332.70ms count=3
09-10 10:16:20.961  3056  3092 I PartyDeckGodotBridge: Close dispatch started elapsed_ms=613133
09-10 10:16:20.962  3056  3092 I PartyDeckGodotBridge: Close native barrier elapsed_ms=613133
09-10 10:16:20.968  3056  3083 D EGL_emulation: app_time_stats: avg=811.27ms min=18.62ms max=3904.83ms count=5
09-10 10:16:20.973  3056  3056 I PartyDeckGodotHost: Close main callback elapsed_ms=613144
09-10 10:16:21.053  3056  3092 D GLThread: Exiting render thread
09-10 10:16:21.053  3056  3092 D GodotRenderer: Destroying Godot Engine
09-10 10:16:21.062  3056  3092 D t.compare:godot: PlayerBase::stop() from IPlayer
09-10 10:16:21.063  3056  3092 D AudioTrack: stop(16): called with 23483250 frames delivered
09-10 10:16:21.064  3056  3092 E eglCodecCommon: removeVertexArrayObject: ERROR: 7 not found in VAO state!
09-10 10:16:21.091  3056  3092 V Godot   : OnGodotTerminating
09-10 10:16:21.116  3056  3056 V Godot   : OnDestroy: GodotFragment{67a0108} (38ecd773-8f95-4bdf-9ff4-be0c95a32477 id=0x7f07002b tag=partydeck-godot)
09-10 10:16:21.121  3056  3056 V Godot   : OnPause: GodotFragment{67a0108} (38ecd773-8f95-4bdf-9ff4-be0c95a32477 id=0x7f07002b tag=partydeck-godot)
09-10 10:16:21.242  3056  3056 I PartyDeckGodotHost: Engine process exit requested
09-10 10:16:21.242  3056  3056 I Process : Sending signal. PID: 3056 SIG: 9
