    PID    PPID COMMAND           RSS %CPU
   2049    2046 provjobd3420607 153896 0.4
   2170    2151 Runner.Worker   138768 8.8
   2151    2031 Runner.Listener 94412  2.4
   1278       1 dockerd         74352  0.0
    987       1 php-fpm8.3      51424  0.0
   1089       1 containerd      44308  0.0
    224       1 multipathd      43708  0.0
   1316    1023 python3         38276  0.1
   1023       1 python3         31156  0.0
   1266     987 php-fpm8.3      21444  0.0
   1272     987 php-fpm8.3      21444  0.0
    985       1 networkd-dispat 20960  0.0
    156       1 systemd-journal 17768  0.0
   2031       1 hosted-compute- 17404  0.0
      1       0 systemd         14332  0.3
   1020       1 udisksd         13764  0.0
    523       1 systemd-resolve 13228  0.0
   1146       1 ModemManager    13004  0.0
   1189       1 systemd         11380  0.0
   1018       1 systemd-logind   9820  0.0
    741       1 systemd-network  9804  0.0
    991       1 polkitd          8180  0.0
    230       1 systemd-udevd    8016  0.0
   2046    2031 sudo             7072  0.0
   1140       1 rsyslogd         6280  0.0
    979       1 dbus-daemon      5572  0.0
    600       1 haveged          5028  0.0
   2769    2755 ps               4228  0.0
   1118       1 chronyd          3652  0.0
   2755    2754 bash             3620  0.0
   1201    1189 (sd-pam)         3596  0.0
   2753    2170 bash             3516  0.0
    326       1 hv_kvp_daemon    2904  0.0
   1038       1 cron             2760  0.0
   1092       1 agetty           2152  0.0
   2754    2753 timeout          2048  0.0
   1108       1 agetty           2036  0.0
   1119    1118 chronyd          1236  0.0
      2       0 kthreadd            0  0.0
      3       2 pool_workqueue_     0  0.0
      4       2 kworker/R-rcu_g     0  0.0
      5       2 kworker/R-sync_     0  0.0
      6       2 kworker/R-kvfre     0  0.0
      7       2 kworker/R-slub_     0  0.0
      8       2 kworker/R-netns     0  0.0
      9       2 kworker/0:0-eve     0  0.0
     10       2 kworker/0:0H-ev     0  0.0
     13       2 kworker/R-mm_pe     0  0.0
     14       2 ksoftirqd/0         0  0.0
     15       2 rcu_sched           0  0.0
     16       2 rcu_exp_par_gp_     0  0.0
     17       2 rcu_exp_gp_kthr     0  0.0
     18       2 migration/0         0  0.0
     19       2 idle_inject/0       0  0.0
     20       2 cpuhp/0             0  0.0
     21       2 cpuhp/2             0  0.0
     22       2 idle_inject/2       0  0.0
     23       2 migration/2         0  0.0
     24       2 ksoftirqd/2         0  0.0
     26       2 kworker/2:0H-ev     0  0.0
     27       2 cpuhp/1             0  0.0
     28       2 idle_inject/1       0  0.0
     29       2 migration/1         0  0.0
     30       2 ksoftirqd/1         0  0.0
     32       2 kworker/1:0H-ev     0  0.0
     33       2 cpuhp/3             0  0.0
     34       2 idle_inject/3       0  0.0
     35       2 migration/3         0  0.0
     36       2 ksoftirqd/3         0  0.0
     38       2 kworker/3:0H-ev     0  0.0
     39       2 kdevtmpfs           0  0.0
     40       2 kworker/R-inet_     0  0.0
     41       2 rcu_tasks_rude_     0  0.0
     42       2 rcu_tasks_trace     0  0.0
     43       2 kauditd             0  0.0
     44       2 khungtaskd          0  0.0
     45       2 kworker/u16:1-f     0  0.0
     46       2 oom_reaper          0  0.0
     47       2 kworker/u16:2-e     0  0.0
     48       2 kworker/R-write     0  0.0
     49       2 kcompactd0          0  0.0
     50       2 ksmd                0  0.0
     51       2 khugepaged          0  0.0
     52       2 kworker/R-kbloc     0  0.0
     53       2 kworker/R-blkcg     0  0.0
     54       2 kworker/R-kinte     0  0.0
     55       2 irq/9-acpi          0  0.0
     56       2 kworker/2:1-eve     0  0.0
     57       2 kworker/1:1-eve     0  0.0
     58       2 kworker/3:1-cgr     0  0.0
     59       2 kworker/R-tpm_d     0  0.0
     60       2 kworker/R-ata_s     0  0.0
     61       2 kworker/R-md        0  0.0
     62       2 kworker/R-md_bi     0  0.0
     63       2 kworker/R-edac-     0  0.0
     64       2 kworker/R-hv_vm     0  0.0
     65       2 kworker/R-hv_vm     0  0.0
     66       2 kworker/R-hv_pr     0  0.0
     67       2 kworker/R-hv_su     0  0.0
     68       2 kworker/R-devfr     0  0.0
     69       2 watchdogd           0  0.0
     70       2 kworker/R-quota     0  0.0
     71       2 kworker/2:1H-kb     0  0.0
     72       2 kswapd0             0  0.0
     73       2 ecryptfs-kthrea     0  0.0
     74       2 kworker/R-kthro     0  0.0
     75       2 kworker/R-nfit      0  0.0
     76       2 scsi_eh_1           0  0.0
     77       2 scsi_eh_0           0  0.0
     78       2 kworker/R-scsi_     0  0.0
     79       2 kworker/R-scsi_     0  0.0
     80       2 kworker/R-nvme-     0  0.0
     81       2 kworker/R-nvme-     0  0.0
     82       2 kworker/R-nvme-     0  0.0
     83       2 kworker/R-nvme-     0  0.0
     84       2 kworker/u16:3-k     0  0.0
     86       2 kworker/R-mld       0  0.0
     87       2 kworker/1:1H-kb     0  0.0
     88       2 kworker/R-ipv6_     0  0.0
     89       2 hv_balloon          0  0.0
     90       2 kworker/R-kstrp     0  0.0
     92       2 kworker/u17:0       0  0.0
    103       2 kworker/0:1H-kb     0  0.0
    104       2 jbd2/sda1-8         0  0.0
    105       2 kworker/R-ext4-     0  0.0
    106       2 kworker/1:2-eve     0  0.0
    131       2 kworker/3:1H-kb     0  0.0
    178       2 kworker/R-kmpat     0  0.0
    179       2 kworker/R-kmpat     0  0.0
    198       2 kworker/0:2-cgr     0  0.0
    220       2 kworker/3:4-eve     0  0.0
    241       2 psimon              0  0.0
    375       2 kworker/R-tls-s     0  0.0
    388       2 kworker/R-mlx5_     0  0.0
    389       2 kworker/R-mlx5_     0  0.0
    390       2 kworker/R-mlx5_     0  0.0
    391       2 kworker/R-mlx5_     0  0.0
    392       2 ptp1                0  0.0
    393       2 kworker/R-mlx5_     0  0.0
    394       2 kworker/R-mlx5_     0  0.0
    395       2 kworker/R-mlx5e     0  0.0
    396       2 kworker/R-mlx5e     0  0.0
    404       2 kworker/R-ib-co     0  0.0
    405       2 kworker/R-ib-co     0  0.0
    406       2 kworker/R-ib_mc     0  0.0
    407       2 kworker/R-ib_nl     0  0.0
    410       2 kworker/R-mkey_     0  0.0
    436       2 jbd2/sda16-8        0  0.0
    437       2 kworker/R-ext4-     0  0.0
    808       2 kworker/u16:6-e     0  0.0
   1095       2 kworker/2:4-eve     0  0.0
   2029       2 psimon              0  0.0
   2122       2 kworker/3:0-mm_     0  0.0
   2123       2 kworker/2:0-eve     0  0.0
