--------- beginning of main
09-10 06:57:41.739  9291  9291 I t.compare:godot: Late-enabling -Xcheck:jni
09-10 06:57:41.775  9291  9291 I t.compare:godot: Using CollectorTypeCMC GC.
09-10 06:57:41.778  9291  9291 W t.compare:godot: Unexpected CPU variant for x86: x86_64.
09-10 06:57:41.778  9291  9291 W t.compare:godot: Known variants: atom, sandybridge, silvermont, goldmont, goldmont-plus, goldmont-without-sha-xsaves, tremont, kabylake, default
09-10 06:57:41.831  9291  9291 D nativeloader: Load libframework-connectivity-tiramisu-jni.so using APEX ns com_android_tethering for caller /apex/com.android.tethering/javalib/framework-connectivity-t.jar: ok
09-10 06:57:41.934  9291  9291 W ziparchive: Unable to open '/data/app/~~3QqqwSaLFMsfe4OygXH0OA==/dev.partydeck.godot.compare-kShNHA5eAhQZRR19KODvoQ==/base.dm': No such file or directory
09-10 06:57:41.934  9291  9291 W ziparchive: Unable to open '/data/app/~~3QqqwSaLFMsfe4OygXH0OA==/dev.partydeck.godot.compare-kShNHA5eAhQZRR19KODvoQ==/base.dm': No such file or directory
09-10 06:57:42.069  9291  9291 D nativeloader: Configuring clns-7 for other apk /data/app/~~3QqqwSaLFMsfe4OygXH0OA==/dev.partydeck.godot.compare-kShNHA5eAhQZRR19KODvoQ==/base.apk. target_sdk_version=36, uses_libraries=, library_path=/data/app/~~3QqqwSaLFMsfe4OygXH0OA==/dev.partydeck.godot.compare-kShNHA5eAhQZRR19KODvoQ==/lib/x86_64:/data/app/~~3QqqwSaLFMsfe4OygXH0OA==/dev.partydeck.godot.compare-kShNHA5eAhQZRR19KODvoQ==/base.apk!/lib/x86_64, permitted_path=/data:/mnt/expand:/data/user/0/dev.partydeck.godot.compare
09-10 06:57:42.092  9291  9291 V GraphicsEnvironment: Currently set values for:
09-10 06:57:42.092  9291  9291 V GraphicsEnvironment:   angle_gl_driver_selection_pkgs=[]
09-10 06:57:42.092  9291  9291 V GraphicsEnvironment:   angle_gl_driver_selection_values=[]
09-10 06:57:42.092  9291  9291 V GraphicsEnvironment: Global.Settings values are invalid: number of packages: 0, number of values: 0
09-10 06:57:42.092  9291  9291 V GraphicsEnvironment: Neither updatable production driver nor prerelease driver is supported.
09-10 06:57:42.387  9291  9291 V Godot   : Initializing Godot plugin registry
09-10 06:57:42.388  9291  9291 I GodotPluginRegistry: Registering runtime plugin AndroidRuntime
09-10 06:57:42.388  9291  9291 I GodotPluginRegistry: Registering runtime plugin PartyDeckBridge
09-10 06:57:42.388  9291  9291 V Godot   : InitEngine with params: [--main-pack, res://partydeck-last-light.pck, --rendering-method, gl_compatibility, --xr-mode, off]
09-10 06:57:42.417  9291  9291 D nativeloader: Load /data/app/~~3QqqwSaLFMsfe4OygXH0OA==/dev.partydeck.godot.compare-kShNHA5eAhQZRR19KODvoQ==/base.apk!/lib/x86_64/libgodot_android.so using ns clns-7 from class loader (caller=/data/app/~~3QqqwSaLFMsfe4OygXH0OA==/dev.partydeck.godot.compare-kShNHA5eAhQZRR19KODvoQ==/base.apk): ok
09-10 06:57:42.418  9291  9291 V Godot   : Godot native layer initialization completed: true
09-10 06:57:42.418  9291  9291 V Godot   : Setting up native layer with params: [--main-pack, res://partydeck-last-light.pck, --rendering-method, gl_compatibility, --xr-mode, off]
09-10 06:57:42.454  9291  9291 V Godot   : Godot native layer setup completed
09-10 06:57:42.454  9291  9291 V Godot   : OnInitRenderView: GodotFragment{cd52f5c} (f0d6d624-8a1d-4f0f-a376-f053498b2bfb id=0x7f07002b tag=partydeck-godot)
09-10 06:57:42.486  9291  9291 D Godot   : Render view should be transparent: false
09-10 06:57:42.486  9291  9291 D Godot   : renderingDevice: opengl3 (ProjectSettings)
09-10 06:57:42.486  9291  9291 D Godot   : 			renderer: gl_compatibility (Default)
09-10 06:57:42.509  9291  9291 V Godot   : OnStart: GodotFragment{cd52f5c} (f0d6d624-8a1d-4f0f-a376-f053498b2bfb id=0x7f07002b tag=partydeck-godot)
09-10 06:57:42.510  9291  9291 W WindowOnBackDispatcher: OnBackInvokedCallback is not enabled for the application.
09-10 06:57:42.510  9291  9291 W WindowOnBackDispatcher: Set 'android:enableOnBackInvokedCallback="true"' in the application manifest.
09-10 06:57:42.512  9291  9291 V Godot   : OnResume: GodotFragment{cd52f5c} (f0d6d624-8a1d-4f0f-a376-f053498b2bfb id=0x7f07002b tag=partydeck-godot)
09-10 06:57:42.518  9291  9291 W HWUI    : Unknown dataspace 0
09-10 06:57:42.537  9291  9319 I EGL_emulation: Opening libGLESv1_CM_emulation.so
09-10 06:57:42.537  9291  9319 I EGL_emulation: Opening libGLESv2_emulation.so
09-10 06:57:42.546  9291  9319 W HWUI    : Failed to choose config with EGL_SWAP_BEHAVIOR_PRESERVED, retrying without...
09-10 06:57:42.546  9291  9319 W HWUI    : Failed to initialize 101010-2 format, error = EGL_SUCCESS
09-10 06:57:42.581  9291  9328 W RegularContextFactory: creating OpenGL ES 3.0 context :
09-10 06:57:42.585  9291  9328 I Gralloc4: mapper 4.x is not supported
09-10 06:57:42.612  9291  9298 I t.compare:godot: Compiler allocated 4219KB to compile void android.widget.TextView.<init>(android.content.Context, android.util.AttributeSet, int, int)
09-10 06:57:42.629  9291  9328 I godot   : Godot Engine v4.7.2.stable.official.ed1daf0bf - https://godotengine.org
09-10 06:57:42.825  9291  9328 E godot   : WARNING: Failed to load cached shader, recompiling.
09-10 06:57:42.825  9291  9328 E godot   :    at: _load_from_cache (drivers/gles3/shader_gles3.cpp:615)
09-10 06:57:43.235  9291  9298 I t.compare:godot: Compiler allocated 5174KB to compile void android.view.ViewRootImpl.performTraversals()
09-10 06:57:43.394  9291  9328 I godot   : OpenGL API OpenGL ES 3.1 (OpenGL ES 3.1.0 (ANGLE 2.1.17841 git hash: 5fa2e61da947)) - Compatibility - Using Device: Google (Google Inc. (Google)) - Android Emulator OpenGL ES Translator (ANGLE (Google, Vulkan 1.3.0 (SwiftShader Device (Subzero) (0x0000C0DE)), SwiftShader driver-5.0.0))
09-10 06:57:43.397  9291  9328 D t.compare:godot: PlayerBase::PlayerBase()
09-10 06:57:43.397  9291  9328 D t.compare:godot: TrackPlayerBase::TrackPlayerBase()
09-10 06:57:43.397  9291  9328 I libOpenSLES: Emulating old channel mask behavior (ignoring positional mask 0x3, using default mask 0x3 based on channel count of 2)
09-10 06:57:43.401  9291  9328 I godot   : 
09-10 06:57:43.779  9291  9319 D EGL_emulation: app_time_stats: avg=233.88ms min=6.52ms max=850.81ms count=4
09-10 06:57:43.939  9291  9328 V Godot   : OnGodotSetupCompleted
09-10 06:57:43.945  9291  9328 V Godot   : OnGodotMainLoopStarted
09-10 06:57:44.824  9291  9319 D EGL_emulation: app_time_stats: avg=140.64ms min=37.90ms max=291.05ms count=7
09-10 06:57:51.899  9291  9291 D AutofillManager: Fill dialog is enabled:false, hints=[]
09-10 06:57:51.938  9291  9319 D EGL_emulation: app_time_stats: avg=3556.92ms min=59.33ms max=7054.52ms count=2
09-10 06:57:52.070  9291  9328 D EGL_emulation: app_time_stats: avg=2122.89ms min=53.42ms max=7860.00ms count=4
09-10 06:57:52.149  9291  9328 D GLThread: Exiting render thread
09-10 06:57:52.149  9291  9328 D GodotRenderer: Destroying Godot Engine
09-10 06:57:52.183  9291  9328 D t.compare:godot: PlayerBase::stop() from IPlayer
09-10 06:57:52.183  9291  9328 D AudioTrack: stop(18): called with 390857 frames delivered
09-10 06:57:52.196  9291  9328 E eglCodecCommon: removeVertexArrayObject: ERROR: 7 not found in VAO state!
09-10 06:57:52.228  9291  9328 V Godot   : OnGodotTerminating
09-10 06:57:52.256  9291  9291 V Godot   : OnDestroy: GodotFragment{cd52f5c} (f0d6d624-8a1d-4f0f-a376-f053498b2bfb id=0x7f07002b tag=partydeck-godot)
09-10 06:57:52.280  9291  9291 V Godot   : OnPause: GodotFragment{cd52f5c} (f0d6d624-8a1d-4f0f-a376-f053498b2bfb id=0x7f07002b tag=partydeck-godot)
09-10 06:57:52.397  9291  9291 I PartyDeckGodotHost: Engine process exit requested
09-10 06:57:52.397  9291  9291 I Process : Sending signal. PID: 9291 SIG: 9
