Source: /root/projects/PartyDeck/artifacts/evidence-storage/34439760695-xcresult-decoded/data.0~dyVfldi0leQXH5a1-jC_zyxbfTj0hHxZn8diQaFH5i-_E4cr9r0FTKI3U1FLIzbZK3PE-BSqsmyB8pwKq_WmBg==.bin
Date/time base: 2026-09-10 UTC (adjacent activities carry +0000).

96115: 05:23:35.437 AuthorityHostUITests-Runner[10373:34713] <XCTContext: 0x103269720> started activity <XCActivityRecord: 0x1062c1b20> 2026-09-10 05:23:35 +0000: Pressing Home button
96116:     t =   228.15s Pressing Home button
96117: 05:23:35.439 xcodebuild[6954:25673] _XCT_testCaseWithIdentifier:<XCTTestIdentifier leaf, method, swift ["AuthorityHostUITests", "testReferenceMatchIn3DAt200Percent"]> willStartActivity:<XCActivityRecord: 0xa27191570> 2026-09-10 05:23:35 +0000: Pressing Home button
96118: 05:23:35.440 xcodebuild[6954:25673] Nothing to delete
96119: 05:23:35.437 AuthorityHostUITests-Runner[10373:34713] Creating future for 'synthesizing device event' with timeout 30.00
96120: 05:23:35.437 AuthorityHostUITests-Runner[10373:34713] <XCTWaiter: 0x106810ea0> entering wait loop for 30.00s with expectations: `synthesizing device event`
96121: 05:23:35.501 AuthorityHostUITests-Runner[10373:59289] Handling kAXUserTestingNotification
96122: 05:23:35.501 AuthorityHostUITests-Runner[10373:59289] Received kAXUserTestingNotification from AX element pid: 3456, elementOrHash.elementID: 0.1: {
96123:     event = ButtonEventsCompleted;
96124: }
96125: 05:23:35.701 AuthorityHostUITests-Runner[10373:60749] Handling kAXUserTestingNotification
96126: 05:23:35.701 AuthorityHostUITests-Runner[10373:60749] Received kAXUserTestingNotification from AX element pid: 3456, elementOrHash.elementID: 0.1: {
96127:     event = ButtonEventsCompleted;
96128: }
96129: 05:23:35.915 AuthorityHostUITests-Runner[10373:59289] Handling kAXPidStatusChangedNotification
96130: 05:23:35.916 AuthorityHostUITests-Runner[10373:59289] Got kAXPidStatusChangedNotification for pid 16826: active
96131: 05:23:35.925 AuthorityHostUITests-Runner[10373:34713] Returning result XCTWaiterResultCompleted for synchronous waiter <XCTWaiter: 0x106810ea0>
96132: 05:23:35.925 AuthorityHostUITests-Runner[10373:34713] Wait <XCTWaiterWait: 0x106144e00> completed after 0.488s
96133: 05:23:35.927 AuthorityHostUITests-Runner[10373:34713] cleaning up synthesizing device event
96134: 05:23:35.927 AuthorityHostUITests-Runner[10373:34713] <XCTContext: 0x103269720> finished activity <XCActivityRecord: 0x1062c1b20> 2026-09-10 05:23:35 +0000: Pressing Home button (0.489932s)
96135: 05:23:36.484 xcodebuild[6954:25673] _XCT_testCaseWithIdentifier:<XCTTestIdentifier leaf, method, swift ["AuthorityHostUITests", "testReferenceMatchIn3DAt200Percent"]> didFinishActivity:<XCActivityRecord: 0xa271915e0> 2026-09-10 05:23:35 +0000: Pressing Home button (0.489932s)
96136: 05:23:36.485 xcodebuild[6954:25673] Nothing to delete
96137: 05:23:36.296 AuthorityHostUITests-Runner[10373:60749] Handling kAXUserTestingNotification
96138: 05:23:36.326 AuthorityHostUITests-Runner[10373:60749] Received kAXUserTestingNotification from AX element pid: 3456, elementOrHash.elementID: 0.1: {
96139:     controllerClass = SBRootFolderController;
96140:     event = ViewDidAppear;
96141: }
96142: 05:23:37.196 AuthorityHostUITests-Runner[10373:65341] Handling kAXUserTestingNotification
96143: 05:23:37.196 AuthorityHostUITests-Runner[10373:65341] Received kAXUserTestingNotification from AX element pid: 3456, elementOrHash.elementID: 0.1: {
96144:     controllerClass = SBDeviceApplicationSceneViewController;
96145:     event = ViewDidDisappear;
96146: }
96147: 05:23:37.231 AuthorityHostUITests-Runner[10373:60749] Handling kAXUserTestingNotification
96148: 05:23:37.231 AuthorityHostUITests-Runner[10373:60749] Received kAXUserTestingNotification from AX element pid: 3456, elementOrHash.elementID: 0.1: {
96149:     controllerClass = SBSwitcherViewController;
96150:     event = ViewDidDisappear;
96151: }
96152: 05:23:37.231 AuthorityHostUITests-Runner[10373:60749] Handling kAXUserTestingNotification
96153: 05:23:37.231 AuthorityHostUITests-Runner[10373:60749] Received kAXUserTestingNotification from AX element pid: 3456, elementOrHash.elementID: 0.1: {
96154:     controllerClass = SBDeckSwitcherViewController;
96155:     event = ViewDidDisappear;
96156: }

96157:     t =   248.65s Added attachment named 'Actual application state after Home'
96158:     t =   248.66s Find the Target Application 'dev.partydeck.godot.iosauthority'
96159: 05:23:55.942 AuthorityHostUITests-Runner[10373:34713] <XCTContext: 0x1062c5c20> started activity <XCActivityRecord: 0x1062c1b20> 2026-09-10 05:23:55 +0000: Added attachment named 'Actual application state after Home'
96160: 05:23:55.961 xcodebuild[6954:25673] _XCT_testCaseWithIdentifier:<XCTTestIdentifier leaf, method, swift ["AuthorityHostUITests", "testReferenceMatchIn3DAt200Percent"]> willStartActivity:<XCActivityRecord: 0xa27191570> 2026-09-10 05:23:55 +0000: Added attachment named 'Actual application state after Home'
96161: 05:23:55.963 xcodebuild[6954:25673] Nothing to delete
96162: 05:23:55.944 AuthorityHostUITests-Runner[10373:34713] Activity 65916095-B5E2-4FB2-A4BC-F76257A1497D added attachment with name 'Actual application state after Home', Uniform Type Identifier 'public.json', lifetime 'keepAlways', hasPayload: YES, size (in bytes): 67.
96163: 05:23:55.944 AuthorityHostUITests-Runner[10373:34713] <XCTContext: 0x1062c5c20> finished activity <XCActivityRecord: 0x1062c1b20> 2026-09-10 05:23:55 +0000: Added attachment named 'Actual application state after Home' (0.00225103s)
96164: 05:23:55.964 xcodebuild[6954:25673] _XCT_testCaseWithIdentifier:<XCTTestIdentifier leaf, method, swift ["AuthorityHostUITests", "testReferenceMatchIn3DAt200Percent"]> didFinishActivity:<XCActivityRecord: 0xa27191180> 2026-09-10 05:23:55 +0000: Added attachment named 'Actual application state after Home' (0.00225103s)
96165: 05:23:55.965 xcodebuild[6954:25673] Nothing to delete

96225: 05:23:55.976 AuthorityHostUITests-Runner[10373:34713] Application, pid: 16826 (App element pid: 16826) faulted in {
96226:     "XC_kAXXCAttributeWindowDisplayId" = 0;
96227: }: (no error) for displayID using XC_kAXXCAttributeWindowDisplayId
96228: 05:23:55.976 AuthorityHostUITests-Runner[10373:34713] Fetched display ID for Application, pid: 16826 was 0, checked nearest remote ancestor (null), got (null)
96229: 05:23:55.976 AuthorityHostUITests-Runner[10373:34713] Creating future for 'getting screen identifiers' with timeout 30.00
96230: 05:23:55.976 AuthorityHostUITests-Runner[10373:34713] <XCTWaiter: 0x106810d50> entering wait loop for 30.00s with expectations: `getting screen identifiers`
96231: 05:23:55.976 AuthorityHostUITests-Runner[10373:34713] Returning result XCTWaiterResultCompleted for synchronous waiter <XCTWaiter: 0x106810d50>
96232: 05:23:55.976 AuthorityHostUITests-Runner[10373:34713] Wait <XCTWaiterWait: 0x106144300> completed after 0.000s
96233: 05:23:55.976 AuthorityHostUITests-Runner[10373:34713] cleaning up getting screen identifiers
96234: 05:23:55.976 AuthorityHostUITests-Runner[10373:34713] Using screen with display ID 1 for element with frame {{0.0, 0.0}, {402.0, 874.0}}, getting screenshot data for Target Application 'dev.partydeck.godot.iosauthority'
96235: 05:23:55.976 AuthorityHostUITests-Runner[10373:34713] Request screenshot: screenID '1', encoding 'Encoding(uniformTypeIdentifier: public.png, compressionQuality: 1.000000)', frame '{{0.0, 0.0}, {402.0, 874.0}}'
96236: 05:23:55.976 AuthorityHostUITests-Runner[10373:34713] Creating future for 'requesting screenshot' with timeout 30.00
96237: 05:23:55.976 AuthorityHostUITests-Runner[10373:34713] <XCTWaiter: 0x106811ec0> entering wait loop for 30.00s with expectations: `requesting screenshot`
96238: 05:23:56.290 AuthorityHostUITests-Runner[10373:34713] Returning result XCTWaiterResultCompleted for synchronous waiter <XCTWaiter: 0x106811ec0>
96239: 05:23:56.290 AuthorityHostUITests-Runner[10373:34713] Wait <XCTWaiterWait: 0x106144d40> completed after 0.313s
96240: 05:23:56.290 AuthorityHostUITests-Runner[10373:34713] cleaning up requesting screenshot
96241: 05:23:56.290 AuthorityHostUITests-Runner[10373:34713] <XCTContext: 0x1062c5c20> started activity <XCActivityRecord: 0x1062c1ce0> 2026-09-10 05:23:56 +0000: Added attachment named 'Failed native Home transition'
96242:     t =   249.00s Added attachment named 'Failed native Home transition'
96243: 05:23:56.291 xcodebuild[6954:25673] _XCT_testCaseWithIdentifier:<XCTTestIdentifier leaf, method, swift ["AuthorityHostUITests", "testReferenceMatchIn3DAt200Percent"]> willStartActivity:<XCActivityRecord: 0xa271916c0> 2026-09-10 05:23:56 +0000: Added attachment named 'Failed native Home transition'
96244: 05:23:56.291 xcodebuild[6954:25673] Nothing to delete
96245: 05:23:56.291 AuthorityHostUITests-Runner[10373:34713] Activity 0612D747-82AA-4D3F-B9E3-33891E729252 added attachment with name 'Failed native Home transition', Uniform Type Identifier 'public.png', lifetime 'keepAlways', hasPayload: YES, size (in bytes): 2805485.
96246: 05:23:56.291 AuthorityHostUITests-Runner[10373:34713] <XCTContext: 0x1062c5c20> finished activity <XCActivityRecord: 0x1062c1ce0> 2026-09-10 05:23:56 +0000: Added attachment named 'Failed native Home transition' (0.000279069s)

96281: 05:23:56.362 AuthorityHostUITests-Runner[10373:34713] <XCTContext: 0x103269720> finished activity <XCActivityRecord: 0x1062c1ce0> 2026-09-10 05:23:56 +0000: Find the "authority-metrics" Any (0.0691s)
96282: 05:23:56.364 xcodebuild[6954:25673] _XCT_testCaseWithIdentifier:<XCTTestIdentifier leaf, method, swift ["AuthorityHostUITests", "testReferenceMatchIn3DAt200Percent"]> didFinishActivity:<XCActivityRecord: 0xa23de7e20> 2026-09-10 05:23:56 +0000: Find the "authority-metrics" Any (0.0691s)
96283: 05:23:56.365 xcodebuild[6954:25673] Nothing to delete
96284: 05:23:56.363 AuthorityHostUITests-Runner[10373:34713] <XCTContext: 0x1062c5c20> started activity <XCActivityRecord: 0x1062c3a30> 2026-09-10 05:23:56 +0000: Added attachment named 'Failed native Home transition measurements'
96285: 05:23:56.365 xcodebuild[6954:25673] _XCT_testCaseWithIdentifier:<XCTTestIdentifier leaf, method, swift ["AuthorityHostUITests", "testReferenceMatchIn3DAt200Percent"]> willStartActivity:<XCActivityRecord: 0xa271916c0> 2026-09-10 05:23:56 +0000: Added attachment named 'Failed native Home transition measurements'
96286: 05:23:56.365 xcodebuild[6954:25673] Nothing to delete
96287: 05:23:56.363 AuthorityHostUITests-Runner[10373:34713] Activity 586BF404-B5AC-4630-BA76-0E70C1CDB819 added attachment with name 'Failed native Home transition measurements', Uniform Type Identifier 'public.json', lifetime 'keepAlways', hasPayload: YES, size (in bytes): 3733.
96288: 05:23:56.363 AuthorityHostUITests-Runner[10373:34713] <XCTContext: 0x1062c5c20> finished activity <XCActivityRecord: 0x1062c3a30> 2026-09-10 05:23:56 +0000: Added attachment named 'Failed native Home transition measurements' (0.000282049s)
96289: 05:23:56.365 xcodebuild[6954:25673] _XCT_testCaseWithIdentifier:<XCTTestIdentifier leaf, method, swift ["AuthorityHostUITests", "testReferenceMatchIn3DAt200Percent"]> didFinishActivity:<XCActivityRecord: 0xa261393b0> 2026-09-10 05:23:56 +0000: Added attachment named 'Failed native Home transition measurements' (0.000282049s)

96356: 05:23:56.849 xcodebuild[6954:25673] Finishing test with new console chunk     t =   249.18s Tear Down
96357: Test Case '-[AuthorityHostUITests.AuthorityHostUITests testReferenceMatchIn3DAt200Percent]' failed (249.331 seconds).
96358: 
96359: 05:23:57.066 xcodebuild[6954:25673] Nothing to delete
96360: 05:23:57.091 xcodebuild[6954:25673] 📱<DVTiPhoneSimulator (0xa28552580), iPhone 17, unknown class, 26.4.1 (23E254a), 6762BD8F-E960-4E21-B8DB-9D43947B47AF> got death notice for pid 10373 (exit code: 75, signal: (null)), removing from SimulatorSessionMap
96361: 05:23:57.101 xcodebuild[6954:25673] 📱<DVTiPhoneSimulator (0xa28552580), iPhone 17, unknown class, 26.4.1 (23E254a), 6762BD8F-E960-4E21-B8DB-9D43947B47AF> checking to see if pid 16826 is valid: kill(pid, 0) = 0 (YES, it's still running)
96362: 05:23:57.103 xcodebuild[6954:25673] Lost connection to test process
96363: 05:23:57.132 xcodebuild[6954:25673] 📱<DVTiPhoneSimulator (0xa28552580), iPhone 17, unknown class, 26.4.1 (23E254a), 6762BD8F-E960-4E21-B8DB-9D43947B47AF> claim LaunchSessionClaim_0xa2a230480 on simulator was relinquished, 2 claims remain.

