Source: /root/projects/PartyDeck/artifacts/evidence-storage/34439760695-xcresult-decoded/data.0~Y4k7x6Z-ZucWdZAUu1HZPq60udwdKVZ5DIsTYTmdYivoLRvDcE7R8OfjZTK_yKDAJiMgM1mTl-gRv_UHypMAoQ==.bin
Date/time base: 2026-09-10 UTC (adjacent activities carry +0000).

45000: 05:31:25.946 AuthorityHostUITests-Runner[24692:107357] Handling kAXUserTestingNotification
45001: 05:31:25.946 AuthorityHostUITests-Runner[24692:107357] Received kAXUserTestingNotification from AX element pid: 3456, elementOrHash.elementID: 0.1: {
45002:     controllerClass = SBNotificationPresentableViewController;
45003:     event = ViewDidAppear;
45004: }
45005: 05:31:25.946 AuthorityHostUITests-Runner[24692:107357] Handling kAXUserTestingNotification
45006: 05:31:25.946 AuthorityHostUITests-Runner[24692:107357] Received kAXUserTestingNotification from AX element pid: 3456, elementOrHash.elementID: 0.1: {
45007:     controllerClass = NCNotificationShortLookViewController;
45008:     event = ViewDidAppear;
45009: }
45010: 05:31:25.947 AuthorityHostUITests-Runner[24692:70345] Handling kAXAlertNotification
45011: 05:31:25.947 AuthorityHostUITests-Runner[24692:70345] Handling kAXAlertNotification for AX element pid: 3456, elementOrHash.elementID: 0.1
45012: 05:31:25.982 AuthorityHostUITests-Runner[24692:70213] Creating future for 'looking up application specifier for pid 3456' with timeout 30.00
45013: 05:31:25.983 AuthorityHostUITests-Runner[24692:70213] Requesting application specifier for pid 3456
45014: 05:31:25.989 AuthorityHostUITests-Runner[24692:70213] <XCTWaiter: 0x114006010> entering wait loop for 29.99s with expectations: `looking up application specifier for pid 3456`
45015: 05:31:25.994 AuthorityHostUITests-Runner[24692:70213] Returning result XCTWaiterResultCompleted for synchronous waiter <XCTWaiter: 0x114006010>
45016: 05:31:25.994 AuthorityHostUITests-Runner[24692:70213] Wait <XCTWaiterWait: 0x103469e00> completed after 0.005s
45017: 05:31:25.994 AuthorityHostUITests-Runner[24692:70213] cleaning up looking up application specifier for pid 3456
45018: 05:31:25.994 AuthorityHostUITests-Runner[24692:70213] App specifier for pid 3456: <XCUIApplicationSpecifier: 0x10815f2c0> { com.apple.springboard }
45019: 05:31:25.995 AuthorityHostUITests-Runner[24692:70213] Error (com.apple.dt.xctest.ui-testing.error) 10100, userInfo keys: (null): Unknown application: 'com.apple.springboard'
45020: 05:31:25.995 AuthorityHostUITests-Runner[24692:70213] Error (com.apple.dt.xctest.ui-testing.error) 10100, userInfo keys: (null): Unknown application: 'com.apple.springboard'
45021: 05:31:25.995 AuthorityHostUITests-Runner[24692:70213] XCUIApplicationImplDepot: Creating XCUIApplicationImpl for identifier: com.apple.springboard
45022: 05:31:26.000 AuthorityHostUITests-Runner[24692:70213] updating com.apple.springboard crashBehavior to 1
45023: 05:31:26.000 AuthorityHostUITests-Runner[24692:70213] KVO change: checked status of Expect value of 'isApplicationStateKnown' of Application 'com.apple.springboard' to be '1': fulfill=NO
45024: 05:31:26.001 AuthorityHostUITests-Runner[24692:70213] KVO change: checked status of Expect value of 'isApplicationStateKnown' of Application 'com.apple.springboard' to be '1': fulfill=NO
45025: 05:31:26.002 AuthorityHostUITests-Runner[24692:70213] <XCTWaiter: 0x1140057d0> entering wait loop for 60.00s with expectations: `Expect value of 'isApplicationStateKnown' of Application 'com.apple.springboard' to be '1'`
45026: 05:31:26.004 AuthorityHostUITests-Runner[24692:107357] -[XCTRunnerDaemonSession(XCTMessagingRole_UIApplicationStateUpdating) _XCT_applicationDidUpdateState:] com.apple.springboard@/Library/Developer/CoreSimulator/Volumes/iOS_23E254a/Library/Developer/CoreSimulator/Profiles/Runtimes/iOS 26.4.simruntime/Contents/Resources/RuntimeRoot/System/Library/CoreServices/SpringBoard.app processName: SpringBoard pid: 3456 state: running foreground
45027: 05:31:26.004 AuthorityHostUITests-Runner[24692:70213] [AM:0] Processing state snapshot com.apple.springboard@/Library/Developer/CoreSimulator/Volumes/iOS_23E254a/Library/Developer/CoreSimulator/Profiles/Runtimes/iOS 26.4.simruntime/Contents/Resources/RuntimeRoot/System/Library/CoreServices/SpringBoard.app processName: SpringBoard pid: 3456 state: running foreground
45028: 05:31:26.004 AuthorityHostUITests-Runner[24692:70213] <XCUIApplicationImpl: 0x10346ac80 com.apple.springboard> changing currentProcess from (null) to com.apple.springboard (pid:0)
45029: 05:31:26.005 AuthorityHostUITests-Runner[24692:70213] KVO change: checked status of Expect value of 'isApplicationStateKnown' of Application 'com.apple.springboard' to be '1': fulfill=NO
45030: 05:31:26.005 AuthorityHostUITests-Runner[24692:70213] Setting pid for 0x10653da80 0 -> 3456
45031: 05:31:26.005 AuthorityHostUITests-Runner[24692:70213] Done setting pid for <XCUIApplicationImpl: 0x10346ac80 com.apple.springboard> to 3456
45032: 05:31:26.005 AuthorityHostUITests-Runner[24692:107357] com.apple.springboard (pid:0) pid 0 -> 3456
45033: 05:31:26.005 AuthorityHostUITests-Runner[24692:107357] com.apple.springboard (pid:0) checking for cached AX loaded value using pid 3456
45034: 05:31:26.005 AuthorityHostUITests-Runner[24692:107357] Monitor: set com.apple.springboard (pid:3456) for pid 3456
45035: 05:31:26.005 AuthorityHostUITests-Runner[24692:70567] com.apple.springboard (pid:3456) application state Unknown (0) -> Running Foreground (4)
45036: 05:31:26.005 AuthorityHostUITests-Runner[24692:101688] -[XCTRunnerDaemonSession(XCTMessagingRole_UIApplicationStateUpdating) _XCT_applicationDidUpdateState:] com.apple.springboard@/Library/Developer/CoreSimulator/Volumes/iOS_23E254a/Library/Developer/CoreSimulator/Profiles/Runtimes/iOS 26.4.simruntime/Contents/Resources/RuntimeRoot/System/Library/CoreServices/SpringBoard.app processName: SpringBoard pid: 3456 state: running foreground

45077: 05:31:26.203 AuthorityHostUITests-Runner[24692:70213] KVO change: checked status of Expect value of 'isApplicationStateKnown' of Application 'com.apple.springboard' to be '1': fulfill=YES
45078: 05:31:26.214 AuthorityHostUITests-Runner[24692:70213] KVO change: checked status of Expect value of 'isApplicationStateKnown' of Application 'com.apple.springboard' to be '1': fulfill=YES
45079: 05:31:26.215 AuthorityHostUITests-Runner[24692:70213] App state updated for <XCUIApplicationImpl: 0x10346ac80 com.apple.springboard>: Running Foreground (4)
45080: 05:31:26.216 AuthorityHostUITests-Runner[24692:70213] KVO change: checked status of Expect value of 'isApplicationStateKnown' of Application 'com.apple.springboard' to be '1': fulfill=YES
45081: 05:31:26.216 AuthorityHostUITests-Runner[24692:70213] Returning result XCTWaiterResultCompleted for synchronous waiter <XCTWaiter: 0x1140057d0>
45082: 05:31:26.216 AuthorityHostUITests-Runner[24692:70213] Wait <XCTWaiterWait: 0x1034696c0> completed after 0.214s
45083: 05:31:26.216 AuthorityHostUITests-Runner[24692:70213] cleaning up Expect value of 'isApplicationStateKnown' of Application 'com.apple.springboard' to be '1'
45084: 05:31:26.216 AuthorityHostUITests-Runner[24692:70213] cleaning up Expect value of 'isApplicationStateKnown' of Application 'com.apple.springboard' to be '1'
45085: 05:31:26.226 AuthorityHostUITests-Runner[24692:70213] No custom alert monitors found
45086: 05:31:26.226 AuthorityHostUITests-Runner[24692:70213] Ignoring alert notification for untracked process with pid 3456
45087: 05:31:26.227 AuthorityHostUITests-Runner[24692:70213] [AM:0] Processing state snapshot com.apple.springboard@/Library/Developer/CoreSimulator/Volumes/iOS_23E254a/Library/Developer/CoreSimulator/Profiles/Runtimes/iOS 26.4.simruntime/Contents/Resources/RuntimeRoot/System/Library/CoreServices/SpringBoard.app processName: SpringBoard pid: 3456 state: running foreground
45088: 05:31:26.227 AuthorityHostUITests-Runner[24692:70213] Done setting pid for <XCUIApplicationImpl: 0x10346ac80 com.apple.springboard> to 3456
45089: 05:31:26.227 AuthorityHostUITests-Runner[24692:70213] App state updated for <XCUIApplicationImpl: 0x10346ac80 com.apple.springboard>: Running Foreground (4)

