ACTIVITY MANAGER LAST ANR (dumpsys activity lastanr)
  ANR time: Sep 10, 2026 5:11:06 AM
  Reason: Input dispatching timed out (Application does not have a focused window).

  * Task{fd58033 #7 type=home I=com.android.launcher3/.uioverrides.QuickstepLauncher U=0 rootTaskId=1 visible=true visibleRequested=true mode=fullscreen translucent=false sz=1}
    mLastNonFullscreenBounds=Rect(194, 461 - 526, 1181)
    isSleeping=false
    topResumedActivity=ActivityRecord{73d0ba2 u0 com.android.launcher3/.uioverrides.QuickstepLauncher t7}
  * Task{c8b6b69 #6 type=home A=10115:com.android.sdksetup U=0 rootTaskId=1 visible=false visibleRequested=false mode=fullscreen translucent=true sz=1}
    mLastPausedActivity: ActivityRecord{7f369f0 u0 com.android.sdksetup/.DefaultActivity t6 f}}
    mLastNonFullscreenBounds=Rect(194, 461 - 526, 1181)
    isSleeping=false
  * Task{2540701 #5 type=home A=1000:com.android.settings.FallbackHome U=0 rootTaskId=1 visible=false visibleRequested=false mode=fullscreen translucent=true sz=1}
    mLastPausedActivity: ActivityRecord{deb1e0b u0 com.android.settings/.FallbackHome t5 f}}
    mLastNonFullscreenBounds=Rect(198, 440 - 522, 1160)
    isSleeping=false
  * Task{e234dbb #1 type=home U=0 visible=true visibleRequested=true mode=fullscreen translucent=false sz=3}

  mLastHomeActivityStartResult=0
  mLastHomeActivityStartRecord:
    packageName=com.android.launcher3 processName=com.android.launcher3
    launchedFromUid=0 launchedFromPackage=null launchedFromFeature=null userId=0
    app=ProcessRecord{9ce3502 1196:com.android.launcher3/u0a121}
    Intent { act=android.intent.action.MAIN cat=[android.intent.category.HOME] flg=0x10000100 cmp=com.android.launcher3/.uioverrides.QuickstepLauncher (has extras) }
    rootOfTask=true task=Task{fd58033 #7 type=home I=com.android.launcher3/.uioverrides.QuickstepLauncher}
    taskAffinity=null
    mActivityComponent=com.android.launcher3/.uioverrides.QuickstepLauncher
    baseDir=/system_ext/priv-app/Launcher3QuickStep/Launcher3QuickStep.apk
    dataDir=/data/user/0/com.android.launcher3
    stateNotNeeded=true componentSpecified=true mActivityType=home
    compat={280dpi} theme=0x7f120010
    mLastReportedConfigurations:
      mGlobalConfig={1.0 310mcc260mnc [en_US] ldltr sw411dp w411dp h914dp 280dpi nrml long port finger qwerty/v/v -nav/h winConfig={ mBounds=Rect(0, 0 - 720, 1600) mAppBounds=Rect(0, 0 - 720, 1600) mMaxBounds=Rect(0, 0 - 720, 1600) mDisplayRotation=ROTATION_0 mWindowingMode=fullscreen mActivityType=undefined mAlwaysOnTop=undefined mRotation=ROTATION_0} as.3 s.50 fontWeightAdjustment=0}
      mOverrideConfig={1.0 310mcc260mnc [en_US] ldltr sw411dp w411dp h914dp 280dpi nrml long port finger qwerty/v/v -nav/h winConfig={ mBounds=Rect(0, 0 - 720, 1600) mAppBounds=Rect(0, 0 - 720, 1600) mMaxBounds=Rect(0, 0 - 720, 1600) mDisplayRotation=ROTATION_0 mWindowingMode=fullscreen mActivityType=home mAlwaysOnTop=undefined mRotation=ROTATION_0} as.3 s.5 fontWeightAdjustment=0}
    mLastReportedActivityWindowInfo=ActivityWindowInfo{isEmbedded=false, taskBounds=Rect(0, 0 - 720, 1600), taskFragmentBounds=Rect(0, 0 - 720, 1600)}
    CurrentConfiguration={1.0 310mcc260mnc [en_US] ldltr sw411dp w411dp h914dp 280dpi nrml long port finger qwerty/v/v -nav/h winConfig={ mBounds=Rect(0, 0 - 720, 1600) mAppBounds=Rect(0, 0 - 720, 1600) mMaxBounds=Rect(0, 0 - 720, 1600) mDisplayRotation=ROTATION_0 mWindowingMode=fullscreen mActivityType=home mAlwaysOnTop=undefined mRotation=ROTATION_0} as.3 s.6 fontWeightAdjustment=0}
    RequestedOverrideConfiguration={0.0 ?mcc0mnc ?localeList ?layoutDir ?swdp ?wdp ?hdp ?density ?lsize ?long ?ldr ?wideColorGamut ?orien ?uimode ?night ?touch ?keyb/?/? ?nav/? winConfig={ mBounds=Rect(0, 0 - 0, 0) mAppBounds=null mMaxBounds=Rect(0, 0 - 0, 0) mDisplayRotation=undefined mWindowingMode=undefined mActivityType=home mAlwaysOnTop=undefined mRotation=undefined} as.3 ?fontWeightAdjustment}
    taskDescription: label="null" icon=null iconResource=/0 iconFilename=null primaryColor=fff1f0f7
      backgroundColor=fff1f0f7 statusBarColor=0 navigationBarColor=0
     backgroundColorFloating=fff1f0f7
    launchFailed=false launchCount=1 lastLaunchTime=-5s164ms
    mHaveState=false mIcicle=null
    state=RESUMED delayedResume=false finishing=false
    keysPaused=false inHistory=true idle=false
    occludesParent=true noDisplay=false immersive=false launchMode=2
    mActivityType=home
    mImeInsetsFrozenUntilStartInput=false
    windows=[Window{f9e4249 u0 com.android.launcher3/com.android.launcher3.uioverrides.QuickstepLauncher}]
    windowType=2
    mOccludesParent=true
    overrideOrientation=SCREEN_ORIENTATION_NOSENSOR
    requestedOrientation=SCREEN_ORIENTATION_NOSENSOR
    mVisibleRequested=true mVisible=true mClientVisible=true reportedDrawn=false reportedVisible=false
    mNumInterestingWindows=1 mNumDrawnWindows=0 allDrawn=false lastAllDrawn=false)
    connections={ConnectionRecord{8b84613 u0 com.android.launcher3/com.android.quickstep.TouchInteractionService:@339bd02 flags=0x0}}
    resizeMode=RESIZE_MODE_RESIZEABLE
    mLastReportedMultiWindowMode=false mLastReportedPictureInPictureMode=false
    supportsSizeChanges=SIZE_CHANGES_UNSUPPORTED_METADATA
    configChanges=0xdf3
    neverSandboxDisplayApis=false
    alwaysSandboxDisplayApis=false
    areBoundsLetterboxed=false
    mCameraCompatControlState=hidden
    mCameraCompatControlEnabled=false
  mLastStarter:
    mCurrentUser=0
    mLastStartReason=startHomeActivity: noMoreActivities resumeHomeActivity:0:0:0
    mLastStartActivityTimeMs=Sep 10, 2026 5:11:01 AM
    mLastStartActivityResult=0
    mStartActivity:
      packageName=com.android.launcher3 processName=com.android.launcher3
      launchedFromUid=0 launchedFromPackage=null launchedFromFeature=null userId=0
      app=ProcessRecord{9ce3502 1196:com.android.launcher3/u0a121}
      Intent { act=android.intent.action.MAIN cat=[android.intent.category.HOME] flg=0x10000100 cmp=com.android.launcher3/.uioverrides.QuickstepLauncher (has extras) }
      rootOfTask=true task=Task{fd58033 #7 type=home I=com.android.launcher3/.uioverrides.QuickstepLauncher}
      taskAffinity=null
      mActivityComponent=com.android.launcher3/.uioverrides.QuickstepLauncher
      baseDir=/system_ext/priv-app/Launcher3QuickStep/Launcher3QuickStep.apk
      dataDir=/data/user/0/com.android.launcher3
      stateNotNeeded=true componentSpecified=true mActivityType=home
      compat={280dpi} theme=0x7f120010
      mLastReportedConfigurations:
        mGlobalConfig={1.0 310mcc260mnc [en_US] ldltr sw411dp w411dp h914dp 280dpi nrml long port finger qwerty/v/v -nav/h winConfig={ mBounds=Rect(0, 0 - 720, 1600) mAppBounds=Rect(0, 0 - 720, 1600) mMaxBounds=Rect(0, 0 - 720, 1600) mDisplayRotation=ROTATION_0 mWindowingMode=fullscreen mActivityType=undefined mAlwaysOnTop=undefined mRotation=ROTATION_0} as.3 s.50 fontWeightAdjustment=0}
        mOverrideConfig={1.0 310mcc260mnc [en_US] ldltr sw411dp w411dp h914dp 280dpi nrml long port finger qwerty/v/v -nav/h winConfig={ mBounds=Rect(0, 0 - 720, 1600) mAppBounds=Rect(0, 0 - 720, 1600) mMaxBounds=Rect(0, 0 - 720, 1600) mDisplayRotation=ROTATION_0 mWindowingMode=fullscreen mActivityType=home mAlwaysOnTop=undefined mRotation=ROTATION_0} as.3 s.5 fontWeightAdjustment=0}
      mLastReportedActivityWindowInfo=ActivityWindowInfo{isEmbedded=false, taskBounds=Rect(0, 0 - 720, 1600), taskFragmentBounds=Rect(0, 0 - 720, 1600)}
      CurrentConfiguration={1.0 310mcc260mnc [en_US] ldltr sw411dp w411dp h914dp 280dpi nrml long port finger qwerty/v/v -nav/h winConfig={ mBounds=Rect(0, 0 - 720, 1600) mAppBounds=Rect(0, 0 - 720, 1600) mMaxBounds=Rect(0, 0 - 720, 1600) mDisplayRotation=ROTATION_0 mWindowingMode=fullscreen mActivityType=home mAlwaysOnTop=undefined mRotation=ROTATION_0} as.3 s.6 fontWeightAdjustment=0}
      RequestedOverrideConfiguration={0.0 ?mcc0mnc ?localeList ?layoutDir ?swdp ?wdp ?hdp ?density ?lsize ?long ?ldr ?wideColorGamut ?orien ?uimode ?night ?touch ?keyb/?/? ?nav/? winConfig={ mBounds=Rect(0, 0 - 0, 0) mAppBounds=null mMaxBounds=Rect(0, 0 - 0, 0) mDisplayRotation=undefined mWindowingMode=undefined mActivityType=home mAlwaysOnTop=undefined mRotation=undefined} as.3 ?fontWeightAdjustment}
      taskDescription: label="null" icon=null iconResource=/0 iconFilename=null primaryColor=fff1f0f7
        backgroundColor=fff1f0f7 statusBarColor=0 navigationBarColor=0
       backgroundColorFloating=fff1f0f7
      launchFailed=false launchCount=1 lastLaunchTime=-5s165ms
      mHaveState=false mIcicle=null
      state=RESUMED delayedResume=false finishing=false
      keysPaused=false inHistory=true idle=false
      occludesParent=true noDisplay=false immersive=false launchMode=2
      mActivityType=home
      mImeInsetsFrozenUntilStartInput=false
      windows=[Window{f9e4249 u0 com.android.launcher3/com.android.launcher3.uioverrides.QuickstepLauncher}]
      windowType=2
      mOccludesParent=true
      overrideOrientation=SCREEN_ORIENTATION_NOSENSOR
      requestedOrientation=SCREEN_ORIENTATION_NOSENSOR
      mVisibleRequested=true mVisible=true mClientVisible=true reportedDrawn=false reportedVisible=false
      mNumInterestingWindows=1 mNumDrawnWindows=0 allDrawn=false lastAllDrawn=false)
      connections={ConnectionRecord{8b84613 u0 com.android.launcher3/com.android.quickstep.TouchInteractionService:@339bd02 flags=0x0}}
      resizeMode=RESIZE_MODE_RESIZEABLE
      mLastReportedMultiWindowMode=false mLastReportedPictureInPictureMode=false
      supportsSizeChanges=SIZE_CHANGES_UNSUPPORTED_METADATA
      configChanges=0xdf3
      neverSandboxDisplayApis=false
      alwaysSandboxDisplayApis=false
      areBoundsLetterboxed=false
      mCameraCompatControlState=hidden
      mCameraCompatControlEnabled=false
    mIntent=Intent { act=android.intent.action.MAIN cat=[android.intent.category.HOME] flg=0x10000100 cmp=com.android.launcher3/.uioverrides.QuickstepLauncher (has extras) }
    mOptions=ActivityOptions(28146306), mPackageName=null, mAnimationType=-1, mStartX=0, mStartY=0, mWidth=0, mHeight=0, mLaunchDisplayId=0
    mLaunchMode=LAUNCH_SINGLE_TASK    mLaunchFlags=0x10000100 mDoResume=true mAddingToTask=true mInTaskFragment=null

  ResumedActivity: ActivityRecord{73d0ba2 u0 com.android.launcher3/.uioverrides.QuickstepLauncher t7}
  LockTaskController:
    mLockTaskModeState=NONE
    mLockTaskModeTasks=
    mLockTaskPackages (userId:packages)=

  KeyguardController:
    mKeyguardShowing=false
    mAodShowing=false
    mKeyguardGoingAway=false
   KeyguardShowing=false AodShowing=false KeyguardGoingAway=false DismissalRequested=false  Occluded=false DismissingKeyguardActivity=null TurnScreenOnActivity=null at display=0
    mDismissalRequested=false

-------------------------------------------------------------------------------

