--------- beginning of main
09-10 02:53:26.323  3039  3039 I t.compare:godot: Late-enabling -Xcheck:jni
09-10 02:53:26.377  3039  3039 I t.compare:godot: Using CollectorTypeCMC GC.
09-10 02:53:26.381  3039  3039 W t.compare:godot: Unexpected CPU variant for x86: x86_64.
09-10 02:53:26.381  3039  3039 W t.compare:godot: Known variants: atom, sandybridge, silvermont, goldmont, goldmont-plus, goldmont-without-sha-xsaves, tremont, kabylake, default
09-10 02:53:26.520  3039  3039 D nativeloader: Load libframework-connectivity-tiramisu-jni.so using APEX ns com_android_tethering for caller /apex/com.android.tethering/javalib/framework-connectivity-t.jar: ok
09-10 02:53:26.748  3039  3039 W ziparchive: Unable to open '/data/app/~~-gl8iw0e2aDgqrr8-5AXyA==/dev.partydeck.godot.compare-Bvbl3ru0A3zwq2Q-wl817Q==/base.dm': No such file or directory
09-10 02:53:26.748  3039  3039 W ziparchive: Unable to open '/data/app/~~-gl8iw0e2aDgqrr8-5AXyA==/dev.partydeck.godot.compare-Bvbl3ru0A3zwq2Q-wl817Q==/base.dm': No such file or directory
09-10 02:53:27.268  3039  3039 D nativeloader: Configuring clns-7 for other apk /data/app/~~-gl8iw0e2aDgqrr8-5AXyA==/dev.partydeck.godot.compare-Bvbl3ru0A3zwq2Q-wl817Q==/base.apk. target_sdk_version=36, uses_libraries=, library_path=/data/app/~~-gl8iw0e2aDgqrr8-5AXyA==/dev.partydeck.godot.compare-Bvbl3ru0A3zwq2Q-wl817Q==/lib/x86_64:/data/app/~~-gl8iw0e2aDgqrr8-5AXyA==/dev.partydeck.godot.compare-Bvbl3ru0A3zwq2Q-wl817Q==/base.apk!/lib/x86_64, permitted_path=/data:/mnt/expand:/data/user/0/dev.partydeck.godot.compare
09-10 02:53:27.285  3039  3039 V GraphicsEnvironment: Currently set values for:
09-10 02:53:27.285  3039  3039 V GraphicsEnvironment:   angle_gl_driver_selection_pkgs=[]
09-10 02:53:27.285  3039  3039 V GraphicsEnvironment:   angle_gl_driver_selection_values=[]
09-10 02:53:27.285  3039  3039 V GraphicsEnvironment: Global.Settings values are invalid: number of packages: 0, number of values: 0
09-10 02:53:27.285  3039  3039 V GraphicsEnvironment: Neither updatable production driver nor prerelease driver is supported.
09-10 02:53:28.216  3039  3039 V Godot   : Initializing Godot plugin registry
09-10 02:53:28.224  3039  3039 I GodotPluginRegistry: Registering runtime plugin AndroidRuntime
09-10 02:53:28.224  3039  3039 I GodotPluginRegistry: Registering runtime plugin PartyDeckBridge
09-10 02:53:28.225  3039  3039 V Godot   : InitEngine with params: [--main-pack, res://partydeck-last-light.pck, --rendering-method, gl_compatibility, --xr-mode, off]
09-10 02:53:28.339  3039  3039 D nativeloader: Load /data/app/~~-gl8iw0e2aDgqrr8-5AXyA==/dev.partydeck.godot.compare-Bvbl3ru0A3zwq2Q-wl817Q==/base.apk!/lib/x86_64/libgodot_android.so using ns clns-7 from class loader (caller=/data/app/~~-gl8iw0e2aDgqrr8-5AXyA==/dev.partydeck.godot.compare-Bvbl3ru0A3zwq2Q-wl817Q==/base.apk): ok
09-10 02:53:28.342  3039  3039 V Godot   : Godot native layer initialization completed: true
09-10 02:53:28.342  3039  3039 V Godot   : Setting up native layer with params: [--main-pack, res://partydeck-last-light.pck, --rendering-method, gl_compatibility, --xr-mode, off]
09-10 02:53:28.398  3039  3039 V Godot   : Godot native layer setup completed
09-10 02:53:28.399  3039  3039 V Godot   : OnInitRenderView: GodotFragment{da79d06} (875ab4db-cddf-4425-89d8-ddcad1b0abd7 id=0x7f07002b tag=partydeck-godot)
09-10 02:53:28.421  3039  3039 D Godot   : Render view should be transparent: false
09-10 02:53:28.422  3039  3039 D Godot   : renderingDevice: opengl3 (ProjectSettings)
09-10 02:53:28.422  3039  3039 D Godot   : 			renderer: gl_compatibility (Default)
09-10 02:53:28.444  3039  3039 V Godot   : OnStart: GodotFragment{da79d06} (875ab4db-cddf-4425-89d8-ddcad1b0abd7 id=0x7f07002b tag=partydeck-godot)
09-10 02:53:28.446  3039  3039 W WindowOnBackDispatcher: OnBackInvokedCallback is not enabled for the application.
09-10 02:53:28.446  3039  3039 W WindowOnBackDispatcher: Set 'android:enableOnBackInvokedCallback="true"' in the application manifest.
09-10 02:53:28.449  3039  3039 V Godot   : OnResume: GodotFragment{da79d06} (875ab4db-cddf-4425-89d8-ddcad1b0abd7 id=0x7f07002b tag=partydeck-godot)
09-10 02:53:28.454  3039  3039 W HWUI    : Unknown dataspace 0
09-10 02:53:28.463  3039  3039 I Choreographer: Skipped 44 frames!  The application may be doing too much work on its main thread.
09-10 02:53:28.528  3039  3067 I EGL_emulation: Opening libGLESv1_CM_emulation.so
09-10 02:53:28.529  3039  3067 I EGL_emulation: Opening libGLESv2_emulation.so
09-10 02:53:28.564  3039  3067 W HWUI    : Failed to choose config with EGL_SWAP_BEHAVIOR_PRESERVED, retrying without...
09-10 02:53:28.564  3039  3067 W HWUI    : Failed to initialize 101010-2 format, error = EGL_SUCCESS
09-10 02:53:28.744  3039  3075 W RegularContextFactory: creating OpenGL ES 3.0 context :
09-10 02:53:28.761  3039  3075 I Gralloc4: mapper 4.x is not supported
09-10 02:53:28.803  3039  3075 I godot   : Godot Engine v4.7.2.stable.official.ed1daf0bf - https://godotengine.org
09-10 02:53:29.023  3039  3050 I HWUI    : Davey! duration=1193ms; Flags=1, FrameTimelineVsyncId=7739, IntendedVsync=100902376130, Vsync=101635709434, InputEventId=0, HandleInputStart=101651583444, AnimationStart=101651590144, PerformTraversalsStart=101651648290, DrawStart=101969637758, FrameDeadline=100919042796, FrameInterval=101651137051, FrameStartTime=16666666, SyncQueued=101982962390, SyncStart=101993621930, IssueDrawCommandsStart=101994939055, SwapBuffers=102043675951, FrameCompleted=102106981515, DequeueBufferDuration=42385776, QueueBufferDuration=327325, GpuCompleted=102106853751, SwapBuffersCompleted=102106981515, DisplayPresentTime=0, CommandSubmissionCompleted=102043675951, 
09-10 02:53:29.118  3039  3043 I t.compare:godot: Compiler allocated 4219KB to compile void android.widget.TextView.<init>(android.content.Context, android.util.AttributeSet, int, int)
09-10 02:53:29.559  3039  3078 E SurfaceSyncGroup: Failed to receive transaction ready in 1000ms. Marking SurfaceSyncGroup(wmsSync-VRI[GodotGameActivity]#1) as ready
09-10 02:53:29.561  3039  3078 E SurfaceSyncGroup: Failed to receive transaction ready in 1000ms. Marking SurfaceSyncGroup(VRI[GodotGameActivity]#2) as ready
09-10 02:53:29.572  3039  3078 E SurfaceSyncGroup: Failed to receive transaction ready in 1000ms. Marking SurfaceSyncGroup(SurfaceView[dev.partydeck.godot.compare/dev.partydeck.godot.compare.GodotGameActivity]#0) as ready
09-10 02:53:30.973  3039  3043 I t.compare:godot: Compiler allocated 5174KB to compile void android.view.ViewRootImpl.performTraversals()
09-10 02:53:31.406  3039  3075 I godot   : OpenGL API OpenGL ES 3.1 (OpenGL ES 3.1.0 (ANGLE 2.1.17841 git hash: 5fa2e61da947)) - Compatibility - Using Device: Google (Google Inc. (Google)) - Android Emulator OpenGL ES Translator (ANGLE (Google, Vulkan 1.3.0 (SwiftShader Device (Subzero) (0x0000C0DE)), SwiftShader driver-5.0.0))
09-10 02:53:31.409  3039  3075 D t.compare:godot: PlayerBase::PlayerBase()
09-10 02:53:31.409  3039  3075 D t.compare:godot: TrackPlayerBase::TrackPlayerBase()
09-10 02:53:31.409  3039  3075 I libOpenSLES: Emulating old channel mask behavior (ignoring positional mask 0x3, using default mask 0x3 based on channel count of 2)
09-10 02:53:31.417  3039  3075 I godot   : 
09-10 02:53:31.806  3039  3067 D EGL_emulation: app_time_stats: avg=674.54ms min=109.19ms max=1685.05ms count=4
09-10 02:53:32.482  3039  3075 V Godot   : OnGodotSetupCompleted
09-10 02:53:32.495  3039  3075 E godot   : ERROR: PartyDeck Android bridge did not provide its display density.
09-10 02:53:32.496  3039  3075 E godot   :    at: push_error (core/variant/variant_utility.cpp:1023)
09-10 02:53:32.499  3039  3075 V Godot   : OnGodotMainLoopStarted
09-10 02:53:32.767  3039  3039 V Godot   : OnDestroy: GodotFragment{da79d06} (875ab4db-cddf-4425-89d8-ddcad1b0abd7 id=0x7f07002b tag=partydeck-godot)
09-10 02:53:32.848  3039  3075 D GLThread: Exiting render thread
09-10 02:53:32.850  3039  3075 D GodotRenderer: Destroying Godot Engine
09-10 02:53:32.868  3039  3075 D t.compare:godot: PlayerBase::stop() from IPlayer
09-10 02:53:32.868  3039  3075 D AudioTrack: stop(16): called with 65268 frames delivered
09-10 02:53:32.874  3039  3075 E eglCodecCommon: removeVertexArrayObject: ERROR: 7 not found in VAO state!
09-10 02:53:32.939  3039  3075 V Godot   : OnGodotTerminating
09-10 02:53:33.087  3039  3039 V Godot   : OnPause: GodotFragment{da79d06} (875ab4db-cddf-4425-89d8-ddcad1b0abd7 id=0x7f07002b tag=partydeck-godot)
09-10 02:53:33.213  3039  3039 I PartyDeckGodotHost: Engine process exit requested
09-10 02:53:33.213  3039  3039 I Process : Sending signal. PID: 3039 SIG: 9
