ACTIVITY MANAGER ACTIVITIES (dumpsys activity activities)
Display #0 (activities from top to bottom):
  * Task{626ca32 #8 type=standard A=10150:dev.partydeck.app U=0 visible=true visibleRequested=true mode=fullscreen translucent=false sz=1}
    mLastNonFullscreenBounds=Rect(715, 96 - 969, 673)
    isSleeping=false
    topResumedActivity=ActivityRecord{260264509 u0 dev.partydeck.app/.MainActivity t8}
    * Hist  #0: ActivityRecord{260264509 u0 dev.partydeck.app/.MainActivity t8}
      packageName=dev.partydeck.app processName=dev.partydeck.app
      launchedFromUid=2000 launchedFromPackage=com.android.shell launchedFromFeature=null userId=0
      app=ProcessRecord{cddd15c 3002:dev.partydeck.app/u0a150}
      Intent { flg=0x10000000 xflg=0x5 cmp=dev.partydeck.app/.MainActivity }
      rootOfTask=true task=Task{626ca32 #8 type=standard A=10150:dev.partydeck.app}
      taskAffinity=10150:dev.partydeck.app
      mActivityComponent=dev.partydeck.app/.MainActivity
      baseDir=/data/app/~~0grLXDLfkUpzZVVdbl58ig==/dev.partydeck.app-4aGaZrTKFSwam50tNK5m1Q==/base.apk
      dataDir=/data/user/0/dev.partydeck.app
      stateNotNeeded=false componentSpecified=true mActivityType=standard
      compat={280dpi} theme=0x7f0e010d
      mLastReportedConfigurations:
        mGlobalConfig={2.0 310mcc260mnc [en_US] ldltr sw411dp w411dp h914dp 280dpi nrml long port finger qwerty/v/v -nav/h winConfig={ mBounds=Rect(0, 0 - 720, 1600) mAppBounds=Rect(0, 0 - 720, 1600) mMaxBounds=Rect(0, 0 - 720, 1600) mDisplayRotation=ROTATION_0 mWindowingMode=fullscreen mActivityType=undefined mAlwaysOnTop=undefined mRotation=ROTATION_0} as.3 s.314 fontWeightAdjustment=0}
        mOverrideConfig={2.0 310mcc260mnc [en_US] ldltr sw411dp w411dp h914dp 280dpi nrml long port finger qwerty/v/v -nav/h winConfig={ mBounds=Rect(0, 0 - 720, 1600) mAppBounds=Rect(0, 0 - 720, 1600) mMaxBounds=Rect(0, 0 - 720, 1600) mDisplayRotation=ROTATION_0 mWindowingMode=fullscreen mActivityType=standard mAlwaysOnTop=undefined mRotation=ROTATION_0} as.3 s.6 fontWeightAdjustment=0}
      mLastReportedActivityWindowInfo=ActivityWindowInfo{isEmbedded=false, taskBounds=Rect(0, 0 - 720, 1600), taskFragmentBounds=Rect(0, 0 - 720, 1600)}
      CurrentConfiguration={2.0 310mcc260mnc [en_US] ldltr sw411dp w411dp h914dp 280dpi nrml long port finger qwerty/v/v -nav/h winConfig={ mBounds=Rect(0, 0 - 720, 1600) mAppBounds=Rect(0, 0 - 720, 1600) mMaxBounds=Rect(0, 0 - 720, 1600) mDisplayRotation=ROTATION_0 mWindowingMode=fullscreen mActivityType=standard mAlwaysOnTop=undefined mRotation=ROTATION_0} as.3 s.6 fontWeightAdjustment=0}
      RequestedOverrideConfiguration={0.0 ?mcc0mnc ?localeList ?layoutDir ?swdp ?wdp ?hdp ?density ?lsize ?long ?ldr ?wideColorGamut ?orien ?uimode ?night ?touch ?keyb/?/? ?nav/? winConfig={ mBounds=Rect(0, 0 - 0, 0) mAppBounds=null mMaxBounds=Rect(0, 0 - 0, 0) mDisplayRotation=undefined mWindowingMode=undefined mActivityType=standard mAlwaysOnTop=undefined mRotation=undefined} ?fontWeightAdjustment}
      taskDescription: label="null" icon=null iconResource=/0 iconFilename=null primaryColor=ff212121
        backgroundColor=ff303030 statusBarColor=ff000000 navigationBarColor=808080
       backgroundColorFloating=ff424242
      launchFailed=false launchCount=0 lastLaunchTime=-9m10s141ms
      mHaveState=false mIcicle=null
      state=RESUMED delayedResume=false finishing=false
      keysPaused=false inHistory=true idle=true
      occludesParent=true mNoDisplay=false immersive=false launchMode=0
      mActivityType=standard
      windows=[Window{1b1abbe u0 dev.partydeck.app/dev.partydeck.app.MainActivity}]
      windowType=2
      mOccludesParent=true
      overrideOrientation=SCREEN_ORIENTATION_UNSPECIFIED
      requestedOrientation=SCREEN_ORIENTATION_UNSPECIFIED
      mVisibleRequested=true mVisible=true mClientVisible=true reportedDrawn=true reportedVisible=true
      mNumInterestingWindows=1 mNumDrawnWindows=1 allDrawn=true)
      startingData=null firstWindowDrawn=true
      nowVisible=true lastVisibleTime=-4s773ms
      resizeMode=RESIZE_MODE_RESIZEABLE
      mLastReportedMultiWindowMode=false mLastReportedPictureInPictureMode=false
      supportsSizeChanges=SIZE_CHANGES_UNSUPPORTED_METADATA
      configChanges=0x3
      neverSandboxDisplayApis=false
      alwaysSandboxDisplayApis=false
      isTransparentPolicyRunning=false
      areBoundsLetterboxed=false
      isLetterboxRunning=false

  * Task{71b41fa #1 type=home U=0 visible=false visibleRequested=false mode=fullscreen translucent=true sz=1}
    * Task{30f8abe #7 type=home I=com.android.launcher3/.uioverrides.QuickstepLauncher U=0 rootTaskId=1 visible=false visibleRequested=false mode=fullscreen translucent=true sz=1}
      mLastPausedActivity: ActivityRecord{222547321 u0 com.android.launcher3/.uioverrides.QuickstepLauncher t7}
      mLastNonFullscreenBounds=Rect(184, 422 - 537, 1142)
      isSleeping=false
      * Hist  #0: ActivityRecord{222547321 u0 com.android.launcher3/.uioverrides.QuickstepLauncher t7}
        packageName=com.android.launcher3 processName=com.android.launcher3
        launchedFromUid=0 launchedFromPackage=null launchedFromFeature=null userId=0
        app=ProcessRecord{d876496 1416:com.android.launcher3/u0a120}
        Intent { act=android.intent.action.MAIN cat=[android.intent.category.HOME] flg=0x10000100 cmp=com.android.launcher3/.uioverrides.QuickstepLauncher (has extras) }
        rootOfTask=true task=Task{30f8abe #7 type=home I=com.android.launcher3/.uioverrides.QuickstepLauncher}
        taskAffinity=null
        mActivityComponent=com.android.launcher3/.uioverrides.QuickstepLauncher
        baseDir=/system_ext/priv-app/Launcher3QuickStep/Launcher3QuickStep.apk
        dataDir=/data/user/0/com.android.launcher3
        stateNotNeeded=true componentSpecified=true mActivityType=home
        compat={280dpi} theme=0x7f12000f
        mLastReportedConfigurations:
          mGlobalConfig={2.0 310mcc260mnc [en_US] ldltr sw411dp w411dp h914dp 280dpi nrml long port finger qwerty/v/v -nav/h winConfig={ mBounds=Rect(0, 0 - 720, 1600) mAppBounds=Rect(0, 0 - 720, 1600) mMaxBounds=Rect(0, 0 - 720, 1600) mDisplayRotation=ROTATION_0 mWindowingMode=fullscreen mActivityType=undefined mAlwaysOnTop=undefined mRotation=ROTATION_0} as.3 s.114 fontWeightAdjustment=0}
          mOverrideConfig={2.0 310mcc260mnc [en_US] ldltr sw411dp w411dp h914dp 280dpi nrml long port finger qwerty/v/v -nav/h winConfig={ mBounds=Rect(0, 0 - 720, 1600) mAppBounds=Rect(0, 0 - 720, 1600) mMaxBounds=Rect(0, 0 - 720, 1600) mDisplayRotation=ROTATION_0 mWindowingMode=fullscreen mActivityType=home mAlwaysOnTop=undefined mRotation=ROTATION_0} as.3 s.6 fontWeightAdjustment=0}
        mLastReportedActivityWindowInfo=ActivityWindowInfo{isEmbedded=false, taskBounds=Rect(0, 0 - 720, 1600), taskFragmentBounds=Rect(0, 0 - 720, 1600)}
        CurrentConfiguration={2.0 310mcc260mnc [en_US] ldltr sw411dp w411dp h914dp 280dpi nrml long port finger qwerty/v/v -nav/h winConfig={ mBounds=Rect(0, 0 - 720, 1600) mAppBounds=Rect(0, 0 - 720, 1600) mMaxBounds=Rect(0, 0 - 720, 1600) mDisplayRotation=ROTATION_0 mWindowingMode=fullscreen mActivityType=home mAlwaysOnTop=undefined mRotation=ROTATION_0} as.3 s.10 fontWeightAdjustment=0}
        RequestedOverrideConfiguration={0.0 ?mcc0mnc ?localeList ?layoutDir ?swdp ?wdp ?hdp ?density ?lsize ?long ?ldr ?wideColorGamut ?orien ?uimode ?night ?touch ?keyb/?/? ?nav/? winConfig={ mBounds=Rect(0, 0 - 0, 0) mAppBounds=null mMaxBounds=Rect(0, 0 - 0, 0) mDisplayRotation=undefined mWindowingMode=undefined mActivityType=home mAlwaysOnTop=undefined mRotation=undefined} as.3 ?fontWeightAdjustment}
        taskDescription: label="null" icon=null iconResource=/0 iconFilename=null primaryColor=fff1f0f7
          backgroundColor=ffeeedf4 statusBarColor=0 navigationBarColor=0
         backgroundColorFloating=fff1f0f7
        launchFailed=false launchCount=0 lastLaunchTime=-9m47s989ms
        mHaveState=true mIcicle=Bundle[mParcelledData.dataSize=5480]
        state=STOPPED delayedResume=false finishing=false
        keysPaused=false inHistory=true idle=true
        occludesParent=true mNoDisplay=false immersive=false launchMode=2
        mActivityType=home
        windows=[Window{4d4f51 u0 com.android.launcher3/com.android.launcher3.uioverrides.QuickstepLauncher}]
        windowType=2
        mOccludesParent=true
        overrideOrientation=SCREEN_ORIENTATION_NOSENSOR
        requestedOrientation=SCREEN_ORIENTATION_NOSENSOR
        mVisibleRequested=false mVisible=false mClientVisible=false reportedDrawn=false reportedVisible=false
        mAppStopped=true
        mNumInterestingWindows=1 mNumDrawnWindows=1 allDrawn=false)
        nowVisible=false lastVisibleTime=-9m16s4ms
        connections={ConnectionRecord{98cdad5 u0 com.android.launcher3/com.android.quickstep.TouchInteractionService:@7d8838c flags=0x0}}
        resizeMode=RESIZE_MODE_RESIZEABLE
        mLastReportedMultiWindowMode=false mLastReportedPictureInPictureMode=false
        supportsSizeChanges=SIZE_CHANGES_UNSUPPORTED_METADATA
        configChanges=0xff3
        neverSandboxDisplayApis=false
        alwaysSandboxDisplayApis=false
        isTransparentPolicyRunning=false
        areBoundsLetterboxed=false
        isLetterboxRunning=false

  * Task{ba8d269 #4 type=undefined U=0 visible=false visibleRequested=false mode=fullscreen translucent=true sz=2}
    mCreatedByOrganizer=true
    * Task{b1a0cf0 #6 type=undefined U=0 rootTaskId=4 visible=false visibleRequested=false mode=multi-window translucent=true sz=0}
      mBounds=Rect(0, 1600 - 720, 2400)
      mCreatedByOrganizer=true
      isSleeping=false
    * Task{d33c4ee #5 type=undefined U=0 rootTaskId=4 visible=false visibleRequested=false mode=multi-window translucent=true sz=0}
      mCreatedByOrganizer=true
      isSleeping=false

  Resumed activities in task display areas (from top to bottom):
    Resumed: ActivityRecord{260264509 u0 dev.partydeck.app/.MainActivity t8}

  ResumedActivity: ActivityRecord{260264509 u0 dev.partydeck.app/.MainActivity t8}

ActivityTaskSupervisor state:
  topDisplayFocusedRootTask=Task{626ca32 #8 type=standard A=10150:dev.partydeck.app}
  Display: mDisplayId=0 (organized)
    init=720x1600 280dpi mMinSizeOfResizeableTaskDp=220 cur=720x1600 app=720x1600 rng=720x720-1600x1600
    deferred=false mLayoutNeeded=false
  mLastOrientationSource=WindowedMagnification:0:31@127917726
  deepestLastOrientationSource=ActivityRecord{260264509 u0 dev.partydeck.app/.MainActivity t8}
  overrideConfig={2.0 310mcc260mnc [en_US] ldltr sw411dp w411dp h914dp 280dpi nrml long port finger qwerty/v/v -nav/h winConfig={ mBounds=Rect(0, 0 - 720, 1600) mAppBounds=Rect(0, 0 - 720, 1600) mMaxBounds=Rect(0, 0 - 720, 1600) mDisplayRotation=ROTATION_0 mWindowingMode=fullscreen mActivityType=undefined mAlwaysOnTop=undefined mRotation=ROTATION_0} as.3 s.267 fontWeightAdjustment=0}
  ignoreOrientationRequest=false
  mLayoutSeq=319
  mCurrentFocus=Window{1b1abbe u0 dev.partydeck.app/dev.partydeck.app.MainActivity}
  mFocusedApp=ActivityRecord{260264509 u0 dev.partydeck.app/.MainActivity t8}

  mHoldScreenWindow=Window{1b1abbe u0 dev.partydeck.app/dev.partydeck.app.MainActivity}
  mObscuringWindow=Window{1b1abbe u0 dev.partydeck.app/dev.partydeck.app.MainActivity}
  mLastWakeLockHoldingWindow=Window{1b1abbe u0 dev.partydeck.app/dev.partydeck.app.MainActivity}
  mLastWakeLockObscuringWindow=null

  displayId=0
  mWallpaperTarget=null
  mLastWallpaperZoomOut=0.0
  token WallpaperWindowToken{f583284 showWhenLocked=true}:
    mWallpaperX=0.0
    mWallpaperY=0.5
    mWallpaperXStep=0.33333334
    mWallpaperYStep=1.0
    mWallpaperDisplayOffsetX=NA
    mWallpaperDisplayOffsetY=NA

  mSystemGestureExclusion=SkRegion()

  Display areas in top down Z order:
    * Leaf:36:36
    * HideDisplayCutout:32:35
      * OneHanded:34:35
        * AppZoomOut:34:35
          * Leaf:34:35
      * AppZoomOut:33:33
        * Leaf:33:33
      * OneHanded:32:32
        * AppZoomOut:32:32
          * Leaf:32:32
    * WindowedMagnification:0:31
      * HideDisplayCutout:26:31
        * OneHanded:26:31
          * AppZoomOut:26:31
            * Leaf:26:31
      * Leaf:24:25
      * HideDisplayCutout:18:23
        * OneHanded:18:23
          * AppZoomOut:23:23
            * Leaf:23:23
          * Leaf:22:22
          * AppZoomOut:20:21
            * Leaf:20:21
          * Leaf:19:19
          * AppZoomOut:18:18
            * Leaf:18:18
      * OneHanded:17:17
        * Leaf:17:17
      * HideDisplayCutout:16:16
        * OneHanded:16:16
          * AppZoomOut:16:16
            * Leaf:16:16
      * OneHanded:15:15
        * Leaf:15:15
      * HideDisplayCutout:0:14
        * OneHanded:0:14
          * AppZoomOut:2:14
            * ImePlaceholder:13:14
              * ImeContainer
            * Leaf:3:12
            * DefaultTaskDisplayArea (organized)
          * Leaf:1:1
          * AppZoomOut:0:0
            * Leaf:0:0

  Task display areas in top down Z order:
    TaskDisplayArea DefaultTaskDisplayArea
      overrideConfig={0.0 ?mcc0mnc ?localeList ?layoutDir ?swdp ?wdp ?hdp ?density ?lsize ?long ?ldr ?wideColorGamut ?orien ?uimode ?night ?touch ?keyb/?/? ?nav/? winConfig={ mBounds=Rect(0, 0 - 0, 0) mAppBounds=null mMaxBounds=Rect(0, 0 - 0, 0) mDisplayRotation=undefined mWindowingMode=fullscreen mActivityType=undefined mAlwaysOnTop=undefined mRotation=undefined} ?fontWeightAdjustment}
      mPreferredTopFocusableRootTask=Task{626ca32 #8 type=standard A=10150:dev.partydeck.app}
      mLastFocusedRootTask=Task{626ca32 #8 type=standard A=10150:dev.partydeck.app}
      Application tokens in top down Z order:
      * Task{626ca32 #8 type=standard A=10150:dev.partydeck.app U=0 visible=true visibleRequested=true mode=fullscreen translucent=false sz=1}
        bounds=[0,0][720,1600]
        * ActivityRecord{260264509 u0 dev.partydeck.app/.MainActivity t8}
      * Task{71b41fa #1 type=home U=0 visible=false visibleRequested=false mode=fullscreen translucent=true sz=1}
        bounds=[0,0][720,1600]
        * Task{30f8abe #7 type=home I=com.android.launcher3/.uioverrides.QuickstepLauncher U=0 rootTaskId=1 visible=false visibleRequested=false mode=fullscreen translucent=true sz=1}
          bounds=[0,0][720,1600]
          * ActivityRecord{222547321 u0 com.android.launcher3/.uioverrides.QuickstepLauncher t7}
      * Task{ba8d269 #4 type=undefined U=0 visible=false visibleRequested=false mode=fullscreen translucent=true sz=2}
        bounds=[0,0][720,1600]
        * Task{b1a0cf0 #6 type=undefined U=0 rootTaskId=4 visible=false visibleRequested=false mode=multi-window translucent=true sz=0}
          bounds=[0,1600][720,2400]
        * Task{d33c4ee #5 type=undefined U=0 rootTaskId=4 visible=false visibleRequested=false mode=multi-window translucent=true sz=0}
          bounds=[0,0][720,1600]

  rootHomeTask=Task=1

  PinnedTaskController
    mIsImeShowing=false
    mImeHeight=0
    mMinAspectRatio=0.41841003
    mMaxAspectRatio=2.39

  DisplayFrames w=720 h=1600 r=0

  DisplayPolicy
    mCarDockEnablesAccelerometer=true mDeskDockEnablesAccelerometer=true
    mDockMode=EXTRA_DOCK_STATE_UNDOCKED mLidState=LID_OPEN
    mAwake=true mScreenOnEarly=true mScreenOnFully=true
    mKeyguardDrawComplete=true mWindowManagerDrawComplete=true
    mHdmiPlugged=false
    mLastBehavior=DEFAULT
    mShowingDream=false mDreamingLockscreen=false
    mStatusBar=Window{2403f28 u0 StatusBar}
    mExpandedPanel=Window{be0492f u0 NotificationShade}
    isKeyguardShowing=false
    mNavigationBar=Window{e9dc9c0 u0 Taskbar}
    mNavBarOpacityMode=0
    mNavigationBarCanMove=true
    mHasBottomNavigationBar=true
    mTopGestureHost=Window{2403f28 u0 StatusBar}
    mBottomGestureHost=Window{e9dc9c0 u0 Taskbar}
    mFocusedWindow=Window{1b1abbe u0 dev.partydeck.app/dev.partydeck.app.MainActivity}
    mTopFullscreenOpaqueWindowState=Window{1b1abbe u0 dev.partydeck.app/dev.partydeck.app.MainActivity}
    mSystemBarColorApps={ActivityRecord{260264509 u0 dev.partydeck.app/.MainActivity t8}}
    mNavBarColorWindowCandidate=Window{1b1abbe u0 dev.partydeck.app/dev.partydeck.app.MainActivity}
    mNavBarBackgroundWindowCandidate=Window{1b1abbe u0 dev.partydeck.app/dev.partydeck.app.MainActivity}
    mLastStatusBarAppearanceRegions=
      AppearanceRegion{ bounds=[0,0][720,1600]}
    mLastLetterboxDetails=
    mStatusBarBackgroundWindows=
      Window{1b1abbe u0 dev.partydeck.app/dev.partydeck.app.MainActivity}
    mTopIsFullscreen=false
    mImeInsetsConsumed=false
    mForceShowNavigationBarEnabled=false mAllowLockscreenWhenOn=false
    mRemoteInsetsControllerControlsSystemBars=false
    mDecorInsetsInfo:
      ROTATION_0={nonDecorInsets=[0,0][0,0], overrideNonDecorInsets=[0,136][0,84], configInsets=[0,0][0,0], overrideConfigInsets=[0,136][0,84], nonDecorFrame=[0,0][720,1600], overrideNonDecorFrame=[0,136][720,1516], configFrame=[0,0][720,1600], overrideConfigFrame=[0,136][720,1516]}
      ROTATION_90={nonDecorInsets=[0,0][0,0], overrideNonDecorInsets=[136,0][84,0], configInsets=[0,0][0,0], overrideConfigInsets=[136,49][84,0], nonDecorFrame=[0,0][1600,720], overrideNonDecorFrame=[136,0][1516,720], configFrame=[0,0][1600,720], overrideConfigFrame=[136,49][1516,720]}
      ROTATION_180={nonDecorInsets=[0,0][0,0], overrideNonDecorInsets=[0,0][0,136], configInsets=[0,0][0,0], overrideConfigInsets=[0,49][0,136], nonDecorFrame=[0,0][720,1600], overrideNonDecorFrame=[0,0][720,1464], configFrame=[0,0][720,1600], overrideConfigFrame=[0,49][720,1464]}
      ROTATION_270={nonDecorInsets=[0,0][0,0], overrideNonDecorInsets=[84,0][136,0], configInsets=[0,0][0,0], overrideConfigInsets=[84,49][136,0], nonDecorFrame=[0,0][1600,720], overrideNonDecorFrame=[84,0][1464,720], configFrame=[0,0][1600,720], overrideConfigFrame=[84,49][1464,720]}
    SystemGestures:
      mDisplayCutoutTouchableRegionSize=21
      mSwipeStartThreshold=Rect(42, 157 - 42, 42)
      mSwipeDistanceThreshold=42

  DisplayRotation
    mCurrentAppOrientation=SCREEN_ORIENTATION_UNSPECIFIED
    mLastOrientation=-1
    mRotation=0 mDeferredRotationPauseCount=0
    mLandscapeRotation=ROTATION_90 mSeascapeRotation=ROTATION_270
    mPortraitRotation=ROTATION_0 mUpsideDownRotation=ROTATION_180
    mSupportAutoRotation=true
    WindowOrientationListener
      mEnabled=true
      mCurrentRotation=ROTATION_0
      mSensorType=null
      mSensor={Sensor name="Goldfish 3-axis Accelerometer", vendor="The Android Open Source Project", version=1, type=1, maxRange=39.300102, resolution=2.480159E-4, power=3.0, minDelay=10000}
      mRate=2
      AccelSensorJudge
        mProposedRotation=0
        mPredictedRotation=0
        mLastFilteredX=0.0
        mLastFilteredY=9.776321
        mLastFilteredZ=0.812345
        mLastFilteredTimestampNanos=621556929839 (41.957844ms ago)
        mTiltHistory={last: 5.0}
        mFlat=false
        mSwinging=false
        mAccelerating=false
        mOverhead=false
        mTouched=false
        mTiltToleranceConfig=[[-25, 70], [-25, 65], [-25, 60], [-25, 65]]

    mCarDockRotation=-1 mDeskDockRotation=-1
    mUserRotationMode=USER_ROTATION_LOCKED mUserRotation=ROTATION_0 mCameraRotationMode=0 mAllowAllRotations=false
    mDemoHdmiRotation=ROTATION_90 mDemoHdmiRotationLock=false mUndockedHdmiRotation=-1
    mLidOpenRotation=-1
    mFixedToUserRotation=false
  FoldController
    mPauseAutorotationDuringUnfolding=false
    mShouldDisableRotationSensor=false
    mShouldIgnoreSensorRotation=false
    mLastDisplaySwitchTime=0
    mLastHingeAngleEventTime=0
    mDeviceState=UNKNOWN

    RotationHistory
      09-10 18:37:42.586 ROTATION_0 to ROTATION_90
        source=ActivityRecord{260264509 u0 dev.partydeck.app/.MainActivity t8} SCREEN_ORIENTATION_UNSPECIFIED
        mode=USER_ROTATION_LOCKED user=ROTATION_90 sensor=ROTATION_0
       halfFoldSavedRotation=-1 mInHalfFoldTransition=false mFoldState=UNKNOWN
       reversionSlots= NOSENSOR false, CAMERA false HALF_FOLD false
      09-10 18:41:02.589 ROTATION_90 to ROTATION_0
        source=ActivityRecord{260264509 u0 dev.partydeck.app/.MainActivity t8} SCREEN_ORIENTATION_UNSPECIFIED
        mode=USER_ROTATION_LOCKED user=ROTATION_0 sensor=ROTATION_0
       halfFoldSavedRotation=-1 mInHalfFoldTransition=false mFoldState=UNKNOWN
       reversionSlots= NOSENSOR false, CAMERA false HALF_FOLD false
      09-10 18:43:31.616 ROTATION_0 to ROTATION_270
        source=ActivityRecord{260264509 u0 dev.partydeck.app/.MainActivity t8} SCREEN_ORIENTATION_UNSPECIFIED
        mode=USER_ROTATION_LOCKED user=ROTATION_270 sensor=ROTATION_0
       halfFoldSavedRotation=-1 mInHalfFoldTransition=false mFoldState=UNKNOWN
       reversionSlots= NOSENSOR false, CAMERA false HALF_FOLD false
      09-10 18:46:41.597 ROTATION_270 to ROTATION_0
        source=ActivityRecord{260264509 u0 dev.partydeck.app/.MainActivity t8} SCREEN_ORIENTATION_UNSPECIFIED
        mode=USER_ROTATION_LOCKED user=ROTATION_0 sensor=ROTATION_0
       halfFoldSavedRotation=-1 mInHalfFoldTransition=false mFoldState=UNKNOWN
       reversionSlots= NOSENSOR false, CAMERA false HALF_FOLD false

        RotationLockHistory
          09-10 18:46:33.361: mode=USER_ROTATION_LOCKED, rotation=ROTATION_270, caller=UiAutomationConnection#restoreRotationStateLocked
          09-10 18:46:36.188: mode=USER_ROTATION_LOCKED, rotation=ROTATION_270, caller=UiAutomationConnection#restoreRotationStateLocked
          09-10 18:46:38.278: mode=USER_ROTATION_LOCKED, rotation=ROTATION_270, caller=UiAutomationConnection#restoreRotationStateLocked
          09-10 18:46:40.393: mode=USER_ROTATION_LOCKED, rotation=ROTATION_270, caller=UiAutomationConnection#restoreRotationStateLocked
          09-10 18:46:41.592: mode=USER_ROTATION_LOCKED, rotation=ROTATION_0, caller=WindowManagerShellCommand#lock
          09-10 18:46:41.664: mode=USER_ROTATION_LOCKED, rotation=ROTATION_0, caller=RotationButtonController#onRotationWatcherChanged
          09-10 18:46:44.013: mode=USER_ROTATION_LOCKED, rotation=ROTATION_0, caller=UiAutomationConnection#restoreRotationStateLocked
          09-10 18:46:46.042: mode=USER_ROTATION_LOCKED, rotation=ROTATION_0, caller=UiAutomationConnection#restoreRotationStateLocked

  InputConsumers:
    name=recents_animation_input_consumer pid=1416 user=UserHandle{0}

  WindowInsetsStateController
    InsetsState
      mDisplayFrame=Rect(0, 0 - 720, 1600)
      mDisplayCutout=DisplayCutout{insets=Rect(0, 136 - 0, 0) waterfall=Insets{left=0, top=0, right=0, bottom=0} boundingRect={Bounds=[Rect(0, 0 - 0, 0), Rect(480, 0 - 625, 136), Rect(0, 0 - 0, 0), Rect(0, 0 - 0, 0)]} cutoutPathParserInfo={CutoutPathParserInfo{displayWidth=720 displayHeight=1600 physicalDisplayWidth=720 physicalDisplayHeight=1600 density={1.75} cutoutSpec={M 506,68 a 34,34 0 1 0 68,0 34,34 0 1 0 -68,0 Z @left} rotation={0} scale={1.0} physicalPixelDisplaySizeRatio={1.0}}} sideOverrides={}}
      mRoundedCorners=RoundedCorners{[RoundedCorner{position=TopLeft, radius=47, center=Point(47, 47)}, RoundedCorner{position=TopRight, radius=47, center=Point(673, 47)}, RoundedCorner{position=BottomRight, radius=48, center=Point(672, 1552)}, RoundedCorner{position=BottomLeft, radius=48, center=Point(48, 1552)}]}
      mRoundedCornerFrame=Rect(0, 0 - 0, 0)
      mPrivacyIndicatorBounds=PrivacyIndicatorBounds {static bounds=Rect(540, 0 - 684, 136) rotation=0}
      mDisplayShape=DisplayShape{ spec=2134893525 displayWidth=720 displayHeight=1600 physicalPixelDisplaySizeRatio=1.0 rotation=0 offsetX=0 offsetY=0 scale=1.0}
        InsetsSource id=ce8a0001 type=navigationBars frame=[0,1516][720,1600] visible=true flags=INSETS_ROUNDED_CORNER sideHint=BOTTOM boundingRects=null
        InsetsSource id=ce8a0004 type=systemGestures frame=[0,0][0,0] visible=true flags= sideHint=NONE boundingRects=null
        InsetsSource id=ce8a0005 type=mandatorySystemGestures frame=[0,1516][720,1600] visible=true flags= sideHint=BOTTOM boundingRects=null
        InsetsSource id=ce8a0006 type=tappableElement frame=[0,1516][720,1600] visible=true flags= sideHint=BOTTOM boundingRects=null
        InsetsSource id=ce8a0024 type=systemGestures frame=[0,0][0,0] visible=true flags= sideHint=NONE boundingRects=null
        InsetsSource id=fa7f0000 type=statusBars frame=[0,0][720,136] visible=true flags= sideHint=TOP boundingRects=null
        InsetsSource id=fa7f0005 type=mandatorySystemGestures frame=[0,0][720,157] visible=true flags= sideHint=TOP boundingRects=null
        InsetsSource id=fa7f0006 type=tappableElement frame=[0,0][720,136] visible=true flags= sideHint=TOP boundingRects=null
        InsetsSource id=3 type=ime frame=[0,0][0,0] visible=false flags= sideHint=NONE boundingRects=null
        InsetsSource id=27 type=displayCutout frame=[0,0][720,136] visible=true flags= sideHint=TOP boundingRects=null
    Control map:
      Window{1b1abbe u0 dev.partydeck.app/dev.partydeck.app.MainActivity}:
        InsetsSourceControl: {3 mType=ime mSurfacePosition=Point(360, 1600) mInsetsHint=Insets{left=0, top=0, right=0, bottom=0}}
        InsetsSourceControl: {ce8a0001 mType=navigationBars initiallyVisible mSurfacePosition=Point(0, 1516) mInsetsHint=Insets{left=0, top=0, right=0, bottom=84}}
        InsetsSourceControl: {fa7f0000 mType=statusBars initiallyVisible mSurfacePosition=Point(0, 0) mInsetsHint=Insets{left=0, top=136, right=0, bottom=0}}
    InsetsSourceProviders:
      ImeInsetsSourceProvider
        mSource=InsetsSource id=3 type=ime frame=[0,0][0,0] visible=false flags= sideHint=NONE boundingRects=null
        mSourceFrame=Rect(360, 1600 - 360, 1600)
        mControl=InsetsSourceControl mId=3 mType=ime mLeash=Surface(name=Surface(name=8321aa8 InputMethod)/@0x2c21566 - animation-leash of insets_animation)/@0x58f8f21 mInitiallyVisible=false mSurfacePosition=Point(360, 1600) mInsetsHint=Insets{left=0, top=0, right=0, bottom=0} mSkipAnimationOnce=false mImeStatsToken=null
        mInsetsHint=Insets{left=0, top=0, right=0, bottom=0} stale
        mIsLeashInitialized=true mHasPendingPosition=false
        mWindowContainer=Window{8321aa8 u0 InputMethod}
        mAdapter=ControlAdapter mCapturedLeash=Surface(name=Surface(name=8321aa8 InputMethod)/@0x2c21566 - animation-leash of insets_animation)/@0x58f8f21
        mControlTarget=Window{1b1abbe u0 dev.partydeck.app/dev.partydeck.app.MainActivity}
        mImeShowing=false mLastDrawn=false        showImePostLayout not scheduled, mImeRequester=null

      InsetsSourceProvider
        mSource=InsetsSource id=fa7f0006 type=tappableElement frame=[0,0][720,136] visible=true flags= sideHint=TOP boundingRects=null
        mSourceFrame=Rect(0, 0 - 720, 136)
        mIsLeashInitialized=false mHasPendingPosition=false
        mWindowContainer=Window{2403f28 u0 StatusBar}
      InsetsSourceProvider
        mSource=InsetsSource id=fa7f0005 type=mandatorySystemGestures frame=[0,0][720,157] visible=true flags= sideHint=TOP boundingRects=null
        mSourceFrame=Rect(0, 0 - 720, 157)
        mIsLeashInitialized=false mHasPendingPosition=false
        mWindowContainer=Window{2403f28 u0 StatusBar}
      InsetsSourceProvider
        mSource=InsetsSource id=fa7f0000 type=statusBars frame=[0,0][720,136] visible=true flags= sideHint=TOP boundingRects=null
        mSourceFrame=Rect(0, 0 - 720, 136)
        mControl=InsetsSourceControl mId=fa7f0000 mType=statusBars mLeash=Surface(name=Surface(name=2403f28 StatusBar)/@0x8e4e37d - animation-leash of insets_animation)/@0x3bc4422 mInitiallyVisible=true mSurfacePosition=Point(0, 0) mInsetsHint=Insets{left=0, top=136, right=0, bottom=0} mSkipAnimationOnce=false mImeStatsToken=null
        mInsetsHint=Insets{left=0, top=136, right=0, bottom=0}
        mIsLeashInitialized=true mHasPendingPosition=false
        mWindowContainer=Window{2403f28 u0 StatusBar}
        mAdapter=ControlAdapter mCapturedLeash=Surface(name=Surface(name=2403f28 StatusBar)/@0x8e4e37d - animation-leash of insets_animation)/@0x3bc4422
        mControlTarget=Window{1b1abbe u0 dev.partydeck.app/dev.partydeck.app.MainActivity}
      InsetsSourceProvider
        mSource=InsetsSource id=ce8a0024 type=systemGestures frame=[0,0][0,0] visible=true flags= sideHint=NONE boundingRects=null
        mSourceFrame=Rect(0, 0 - 0, 0)
        mIsLeashInitialized=false mHasPendingPosition=false
        mWindowContainer=Window{e9dc9c0 u0 Taskbar}
      InsetsSourceProvider
        mSource=InsetsSource id=ce8a0006 type=tappableElement frame=[0,1516][720,1600] visible=true flags= sideHint=BOTTOM boundingRects=null
        mSourceFrame=Rect(0, 1516 - 720, 1600)
        mOverrideFrames={2011=Rect(0, 1516 - 720, 1600), 2031=Rect(0, 1516 - 720, 1600)}
        mIsLeashInitialized=false mHasPendingPosition=false
        mWindowContainer=Window{e9dc9c0 u0 Taskbar}
      InsetsSourceProvider
        mSource=InsetsSource id=ce8a0005 type=mandatorySystemGestures frame=[0,1516][720,1600] visible=true flags= sideHint=BOTTOM boundingRects=null
        mSourceFrame=Rect(0, 1516 - 720, 1600)
        mOverrideFrames={2011=Rect(0, 1516 - 720, 1600), 2031=Rect(0, 1516 - 720, 1600)}
        mIsLeashInitialized=false mHasPendingPosition=false
        mWindowContainer=Window{e9dc9c0 u0 Taskbar}
      InsetsSourceProvider
        mSource=InsetsSource id=ce8a0004 type=systemGestures frame=[0,0][0,0] visible=true flags= sideHint=NONE boundingRects=null
        mSourceFrame=Rect(0, 0 - 0, 0)
        mIsLeashInitialized=false mHasPendingPosition=false
        mWindowContainer=Window{e9dc9c0 u0 Taskbar}
      InsetsSourceProvider
        mSource=InsetsSource id=ce8a0001 type=navigationBars frame=[0,1516][720,1600] visible=true flags=INSETS_ROUNDED_CORNER sideHint=BOTTOM boundingRects=null
        mSourceFrame=Rect(0, 1516 - 720, 1600)
        mOverrideFrames={2011=Rect(0, 1516 - 720, 1600), 2031=Rect(0, 1516 - 720, 1600)}
        mControl=InsetsSourceControl mId=ce8a0001 mType=navigationBars mLeash=Surface(name=Surface(name=e9dc9c0 Taskbar)/@0x9cc14bc - animation-leash of insets_animation)/@0x422f46 mInitiallyVisible=true mSurfacePosition=Point(0, 1516) mInsetsHint=Insets{left=0, top=0, right=0, bottom=84} mSkipAnimationOnce=false mImeStatsToken=null
        mInsetsHint=Insets{left=0, top=0, right=0, bottom=84}
        mIsLeashInitialized=true mHasPendingPosition=false
        mWindowContainer=Window{e9dc9c0 u0 Taskbar}
        mAdapter=ControlAdapter mCapturedLeash=Surface(name=Surface(name=e9dc9c0 Taskbar)/@0x9cc14bc - animation-leash of insets_animation)/@0x422f46
        mControlTarget=Window{1b1abbe u0 dev.partydeck.app/dev.partydeck.app.MainActivity}
  InsetsPolicy
    status: WINDOW_STATE_SHOWING
    nav: WINDOW_STATE_SHOWING

  KeyguardController:
    mKeyguardShowing=false
    mAodShowing=false
    mKeyguardGoingAway=false
   KeyguardShowing=false AodShowing=false KeyguardGoingAway=false DismissalRequested=false  Occluded=false DismissingKeyguardActivity=null TurnScreenOnActivity=null at display=0
    mDismissalRequested=false

  LockTaskController:
    mLockTaskModeState=NONE
    mLockTaskModeTasks=
    mLockTaskPackages (userId:packages)=

  mCurTaskIdForUser={0=8}
  mUserRootTaskInFront={}
  mVisibilityTransactionDepth=0
  isHomeRecentsComponent=true
  mNoHistoryActivities=[]

  TaskOrganizerController:
      android.window.ITaskOrganizer$Stub$Proxy@decdc5f uid=10124 (active):
        (fullscreen) Task{71b41fa #1 type=home}
        (fullscreen) Task{ba8d269 #4 type=undefined}
        (multi-window) Task{d33c4ee #5 type=undefined}
        (multi-window) Task{b1a0cf0 #6 type=undefined}
        (fullscreen) Task{626ca32 #8 type=standard A=10150:dev.partydeck.app}

  VisibleActivityProcess:[ ProcessRecord{cddd15c 3002:dev.partydeck.app/u0a150}]
  NumNonAppVisibleWindowUidMap:[ 10124:3 10120:1]
  SleepTokens={}
