--------- beginning of main
09-10 07:00:41.477 10521 10521 I t.compare:godot: Late-enabling -Xcheck:jni
09-10 07:00:41.512 10521 10521 I t.compare:godot: Using CollectorTypeCMC GC.
09-10 07:00:41.513 10521 10521 W t.compare:godot: Unexpected CPU variant for x86: x86_64.
09-10 07:00:41.513 10521 10521 W t.compare:godot: Known variants: atom, sandybridge, silvermont, goldmont, goldmont-plus, goldmont-without-sha-xsaves, tremont, kabylake, default
09-10 07:00:41.550 10521 10521 D nativeloader: Load libframework-connectivity-tiramisu-jni.so using APEX ns com_android_tethering for caller /apex/com.android.tethering/javalib/framework-connectivity-t.jar: ok
09-10 07:00:41.573 10521 10521 W ziparchive: Unable to open '/data/app/~~w6KSASoncgeNnvQZomS2RQ==/dev.partydeck.godot.compare-Icgceibg6VAbWSWHMXN8tA==/base.dm': No such file or directory
09-10 07:00:41.573 10521 10521 W ziparchive: Unable to open '/data/app/~~w6KSASoncgeNnvQZomS2RQ==/dev.partydeck.godot.compare-Icgceibg6VAbWSWHMXN8tA==/base.dm': No such file or directory
09-10 07:00:41.762 10521 10521 D nativeloader: Configuring clns-7 for other apk /data/app/~~w6KSASoncgeNnvQZomS2RQ==/dev.partydeck.godot.compare-Icgceibg6VAbWSWHMXN8tA==/base.apk. target_sdk_version=36, uses_libraries=, library_path=/data/app/~~w6KSASoncgeNnvQZomS2RQ==/dev.partydeck.godot.compare-Icgceibg6VAbWSWHMXN8tA==/lib/x86_64:/data/app/~~w6KSASoncgeNnvQZomS2RQ==/dev.partydeck.godot.compare-Icgceibg6VAbWSWHMXN8tA==/base.apk!/lib/x86_64, permitted_path=/data:/mnt/expand:/data/user/0/dev.partydeck.godot.compare
09-10 07:00:41.825 10521 10521 V GraphicsEnvironment: Currently set values for:
09-10 07:00:41.825 10521 10521 V GraphicsEnvironment:   angle_gl_driver_selection_pkgs=[]
09-10 07:00:41.825 10521 10521 V GraphicsEnvironment:   angle_gl_driver_selection_values=[]
09-10 07:00:41.826 10521 10521 V GraphicsEnvironment: Global.Settings values are invalid: number of packages: 0, number of values: 0
09-10 07:00:41.827 10521 10521 V GraphicsEnvironment: Neither updatable production driver nor prerelease driver is supported.
09-10 07:00:42.262 10521 10521 V Godot   : Initializing Godot plugin registry
09-10 07:00:42.262 10521 10521 I GodotPluginRegistry: Registering runtime plugin AndroidRuntime
09-10 07:00:42.262 10521 10521 I GodotPluginRegistry: Registering runtime plugin PartyDeckBridge
09-10 07:00:42.263 10521 10521 V Godot   : InitEngine with params: [--main-pack, res://partydeck-last-light.pck, --rendering-method, gl_compatibility, --xr-mode, off]
09-10 07:00:42.279 10521 10521 D nativeloader: Load /data/app/~~w6KSASoncgeNnvQZomS2RQ==/dev.partydeck.godot.compare-Icgceibg6VAbWSWHMXN8tA==/base.apk!/lib/x86_64/libgodot_android.so using ns clns-7 from class loader (caller=/data/app/~~w6KSASoncgeNnvQZomS2RQ==/dev.partydeck.godot.compare-Icgceibg6VAbWSWHMXN8tA==/base.apk): ok
09-10 07:00:42.281 10521 10521 V Godot   : Godot native layer initialization completed: true
09-10 07:00:42.281 10521 10521 V Godot   : Setting up native layer with params: [--main-pack, res://partydeck-last-light.pck, --rendering-method, gl_compatibility, --xr-mode, off]
09-10 07:00:42.307 10521 10521 V Godot   : Godot native layer setup completed
09-10 07:00:42.307 10521 10521 V Godot   : OnInitRenderView: GodotFragment{11c16cd} (b9bdeb65-f3c7-45b6-8c9c-9e12ba14acd3 id=0x7f07002b tag=partydeck-godot)
09-10 07:00:42.320 10521 10521 D Godot   : Render view should be transparent: false
09-10 07:00:42.320 10521 10521 D Godot   : renderingDevice: opengl3 (ProjectSettings)
09-10 07:00:42.320 10521 10521 D Godot   : 			renderer: gl_compatibility (Default)
09-10 07:00:42.335 10521 10521 V Godot   : OnStart: GodotFragment{11c16cd} (b9bdeb65-f3c7-45b6-8c9c-9e12ba14acd3 id=0x7f07002b tag=partydeck-godot)
09-10 07:00:42.337 10521 10521 W WindowOnBackDispatcher: OnBackInvokedCallback is not enabled for the application.
09-10 07:00:42.337 10521 10521 W WindowOnBackDispatcher: Set 'android:enableOnBackInvokedCallback="true"' in the application manifest.
09-10 07:00:42.340 10521 10521 V Godot   : OnResume: GodotFragment{11c16cd} (b9bdeb65-f3c7-45b6-8c9c-9e12ba14acd3 id=0x7f07002b tag=partydeck-godot)
09-10 07:00:42.344 10521 10521 W HWUI    : Unknown dataspace 0
09-10 07:00:42.403 10521 10545 I EGL_emulation: Opening libGLESv1_CM_emulation.so
09-10 07:00:42.404 10521 10545 I EGL_emulation: Opening libGLESv2_emulation.so
09-10 07:00:42.441 10521 10545 W HWUI    : Failed to choose config with EGL_SWAP_BEHAVIOR_PRESERVED, retrying without...
09-10 07:00:42.441 10521 10545 W HWUI    : Failed to initialize 101010-2 format, error = EGL_SUCCESS
09-10 07:00:42.462 10521 10558 W RegularContextFactory: creating OpenGL ES 3.0 context :
09-10 07:00:42.471 10521 10558 I Gralloc4: mapper 4.x is not supported
09-10 07:00:42.567 10521 10558 I godot   : Godot Engine v4.7.2.stable.official.ed1daf0bf - https://godotengine.org
09-10 07:00:42.621 10521 10528 I t.compare:godot: Compiler allocated 4219KB to compile void android.widget.TextView.<init>(android.content.Context, android.util.AttributeSet, int, int)
09-10 07:00:42.735 10521 10558 E godot   : WARNING: Failed to load cached shader, recompiling.
09-10 07:00:42.735 10521 10558 E godot   :    at: _load_from_cache (drivers/gles3/shader_gles3.cpp:615)
09-10 07:00:43.151 10521 10528 I t.compare:godot: Compiler allocated 5174KB to compile void android.view.ViewRootImpl.performTraversals()
09-10 07:00:43.362 10521 10558 I godot   : OpenGL API OpenGL ES 3.1 (OpenGL ES 3.1.0 (ANGLE 2.1.17841 git hash: 5fa2e61da947)) - Compatibility - Using Device: Google (Google Inc. (Google)) - Android Emulator OpenGL ES Translator (ANGLE (Google, Vulkan 1.3.0 (SwiftShader Device (Subzero) (0x0000C0DE)), SwiftShader driver-5.0.0))
09-10 07:00:43.364 10521 10558 D t.compare:godot: PlayerBase::PlayerBase()
09-10 07:00:43.364 10521 10558 D t.compare:godot: TrackPlayerBase::TrackPlayerBase()
09-10 07:00:43.364 10521 10558 I libOpenSLES: Emulating old channel mask behavior (ignoring positional mask 0x3, using default mask 0x3 based on channel count of 2)
09-10 07:00:43.370 10521 10558 I godot   : 
09-10 07:00:43.428 10521 10563 E SurfaceSyncGroup: Failed to receive transaction ready in 1000ms. Marking SurfaceSyncGroup(wmsSync-VRI[GodotGameActivity]#1) as ready
09-10 07:00:43.429 10521 10563 E SurfaceSyncGroup: Failed to receive transaction ready in 1000ms. Marking SurfaceSyncGroup(VRI[GodotGameActivity]#2) as ready
09-10 07:00:43.429 10521 10563 E SurfaceSyncGroup: Failed to receive transaction ready in 1000ms. Marking SurfaceSyncGroup(SurfaceView[dev.partydeck.godot.compare/dev.partydeck.godot.compare.GodotGameActivity]#0) as ready
09-10 07:00:43.855 10521 10545 D EGL_emulation: app_time_stats: avg=304.72ms min=42.85ms max=874.35ms count=4
09-10 07:00:44.068 10521 10558 V Godot   : OnGodotSetupCompleted
09-10 07:00:44.074 10521 10558 V Godot   : OnGodotMainLoopStarted
09-10 07:00:45.110 10521 10545 D EGL_emulation: app_time_stats: avg=627.08ms min=555.61ms max=698.55ms count=2
09-10 07:00:46.455 10521 10558 D EGL_emulation: app_time_stats: avg=911.22ms min=46.80ms max=1932.65ms count=3
09-10 07:00:46.512 10521 10545 D EGL_emulation: app_time_stats: avg=1402.21ms min=1402.21ms max=1402.21ms count=1
09-10 07:00:54.416 10521 10521 D AutofillManager: Fill dialog is enabled:false, hints=[]
09-10 07:00:54.455 10521 10545 D EGL_emulation: app_time_stats: avg=1973.96ms min=52.84ms max=7709.88ms count=4
09-10 07:00:58.829 10521 10558 D EGL_emulation: app_time_stats: avg=12373.24ms min=12373.24ms max=12373.24ms count=1
09-10 07:00:58.846 10521 10545 D EGL_emulation: app_time_stats: avg=866.29ms min=29.23ms max=4147.06ms count=5
09-10 07:00:58.863 10521 10558 D GLThread: Exiting render thread
09-10 07:00:58.864 10521 10558 D GodotRenderer: Destroying Godot Engine
09-10 07:00:58.882 10521 10558 D t.compare:godot: PlayerBase::stop() from IPlayer
09-10 07:00:58.882 10521 10558 D AudioTrack: stop(17): called with 687738 frames delivered
09-10 07:00:58.928 10521 10558 E eglCodecCommon: removeVertexArrayObject: ERROR: 7 not found in VAO state!
09-10 07:00:59.000 10521 10558 V Godot   : OnGodotTerminating
09-10 07:00:59.036 10521 10521 V Godot   : OnDestroy: GodotFragment{11c16cd} (b9bdeb65-f3c7-45b6-8c9c-9e12ba14acd3 id=0x7f07002b tag=partydeck-godot)
09-10 07:00:59.056 10521 10521 V Godot   : OnPause: GodotFragment{11c16cd} (b9bdeb65-f3c7-45b6-8c9c-9e12ba14acd3 id=0x7f07002b tag=partydeck-godot)
09-10 07:00:59.209 10521 10521 I PartyDeckGodotHost: Engine process exit requested
09-10 07:00:59.209 10521 10521 I Process : Sending signal. PID: 10521 SIG: 9
