--------- beginning of main
09-10 08:48:12.888  3077  3077 I t.compare:godot: Late-enabling -Xcheck:jni
09-10 08:48:12.908  3077  3077 I t.compare:godot: Using CollectorTypeCMC GC.
09-10 08:48:12.909  3077  3077 W t.compare:godot: Unexpected CPU variant for x86: x86_64.
09-10 08:48:12.909  3077  3077 W t.compare:godot: Known variants: atom, sandybridge, silvermont, goldmont, goldmont-plus, goldmont-without-sha-xsaves, tremont, kabylake, default
09-10 08:48:12.955  3077  3077 D nativeloader: Load libframework-connectivity-tiramisu-jni.so using APEX ns com_android_tethering for caller /apex/com.android.tethering/javalib/framework-connectivity-t.jar: ok
09-10 08:48:13.120  3077  3077 W ziparchive: Unable to open '/data/app/~~x94b1WvU7Erur5NzR9xQag==/dev.partydeck.godot.compare-MoiJk9O5tcEIHh2kucb8_w==/base.dm': No such file or directory
09-10 08:48:13.120  3077  3077 W ziparchive: Unable to open '/data/app/~~x94b1WvU7Erur5NzR9xQag==/dev.partydeck.godot.compare-MoiJk9O5tcEIHh2kucb8_w==/base.dm': No such file or directory
09-10 08:48:13.261  3077  3077 D nativeloader: Configuring clns-7 for other apk /data/app/~~x94b1WvU7Erur5NzR9xQag==/dev.partydeck.godot.compare-MoiJk9O5tcEIHh2kucb8_w==/base.apk. target_sdk_version=36, uses_libraries=, library_path=/data/app/~~x94b1WvU7Erur5NzR9xQag==/dev.partydeck.godot.compare-MoiJk9O5tcEIHh2kucb8_w==/lib/x86_64:/data/app/~~x94b1WvU7Erur5NzR9xQag==/dev.partydeck.godot.compare-MoiJk9O5tcEIHh2kucb8_w==/base.apk!/lib/x86_64, permitted_path=/data:/mnt/expand:/data/user/0/dev.partydeck.godot.compare
09-10 08:48:13.276  3077  3077 V GraphicsEnvironment: Currently set values for:
09-10 08:48:13.276  3077  3077 V GraphicsEnvironment:   angle_gl_driver_selection_pkgs=[]
09-10 08:48:13.276  3077  3077 V GraphicsEnvironment:   angle_gl_driver_selection_values=[]
09-10 08:48:13.276  3077  3077 V GraphicsEnvironment: Global.Settings values are invalid: number of packages: 0, number of values: 0
09-10 08:48:13.276  3077  3077 V GraphicsEnvironment: Neither updatable production driver nor prerelease driver is supported.
09-10 08:48:13.844  3077  3077 V Godot   : Initializing Godot plugin registry
09-10 08:48:13.846  3077  3077 I GodotPluginRegistry: Registering runtime plugin AndroidRuntime
09-10 08:48:13.846  3077  3077 I GodotPluginRegistry: Registering runtime plugin PartyDeckBridge
09-10 08:48:13.846  3077  3077 V Godot   : InitEngine with params: [--main-pack, res://partydeck-last-light.pck, --rendering-method, gl_compatibility, --xr-mode, off]
09-10 08:48:13.873  3077  3077 D nativeloader: Load /data/app/~~x94b1WvU7Erur5NzR9xQag==/dev.partydeck.godot.compare-MoiJk9O5tcEIHh2kucb8_w==/base.apk!/lib/x86_64/libgodot_android.so using ns clns-7 from class loader (caller=/data/app/~~x94b1WvU7Erur5NzR9xQag==/dev.partydeck.godot.compare-MoiJk9O5tcEIHh2kucb8_w==/base.apk): ok
09-10 08:48:13.874  3077  3077 V Godot   : Godot native layer initialization completed: true
09-10 08:48:13.874  3077  3077 V Godot   : Setting up native layer with params: [--main-pack, res://partydeck-last-light.pck, --rendering-method, gl_compatibility, --xr-mode, off]
09-10 08:48:13.906  3077  3077 V Godot   : Godot native layer setup completed
09-10 08:48:13.906  3077  3077 V Godot   : OnInitRenderView: GodotFragment{cfc207f} (4138ec92-4756-4be2-9884-b21e200e2c7e id=0x7f07002b tag=partydeck-godot)
09-10 08:48:13.922  3077  3077 D Godot   : Render view should be transparent: false
09-10 08:48:13.923  3077  3077 D Godot   : renderingDevice: opengl3 (ProjectSettings)
09-10 08:48:13.923  3077  3077 D Godot   : 			renderer: gl_compatibility (Default)
09-10 08:48:13.938  3077  3077 V Godot   : OnStart: GodotFragment{cfc207f} (4138ec92-4756-4be2-9884-b21e200e2c7e id=0x7f07002b tag=partydeck-godot)
09-10 08:48:13.940  3077  3077 W WindowOnBackDispatcher: OnBackInvokedCallback is not enabled for the application.
09-10 08:48:13.940  3077  3077 W WindowOnBackDispatcher: Set 'android:enableOnBackInvokedCallback="true"' in the application manifest.
09-10 08:48:13.942  3077  3077 V Godot   : OnResume: GodotFragment{cfc207f} (4138ec92-4756-4be2-9884-b21e200e2c7e id=0x7f07002b tag=partydeck-godot)
09-10 08:48:13.946  3077  3077 W HWUI    : Unknown dataspace 0
09-10 08:48:13.992  3077  3104 I EGL_emulation: Opening libGLESv1_CM_emulation.so
09-10 08:48:13.994  3077  3104 I EGL_emulation: Opening libGLESv2_emulation.so
09-10 08:48:14.003  3077  3104 W HWUI    : Failed to choose config with EGL_SWAP_BEHAVIOR_PRESERVED, retrying without...
09-10 08:48:14.004  3077  3104 W HWUI    : Failed to initialize 101010-2 format, error = EGL_SUCCESS
09-10 08:48:14.015  3077  3081 I t.compare:godot: Compiler allocated 4219KB to compile void android.widget.TextView.<init>(android.content.Context, android.util.AttributeSet, int, int)
09-10 08:48:14.054  3077  3113 W RegularContextFactory: creating OpenGL ES 3.0 context :
09-10 08:48:14.081  3077  3113 I Gralloc4: mapper 4.x is not supported
09-10 08:48:14.110  3077  3113 I godot   : Godot Engine v4.7.2.stable.official.ed1daf0bf - https://godotengine.org
09-10 08:48:14.795  3077  3081 I t.compare:godot: Compiler allocated 5174KB to compile void android.view.ViewRootImpl.performTraversals()
09-10 08:48:15.069  3077  3118 E SurfaceSyncGroup: Failed to receive transaction ready in 1000ms. Marking SurfaceSyncGroup(wmsSync-VRI[GodotGameActivity]#1) as ready
09-10 08:48:15.074  3077  3118 E SurfaceSyncGroup: Failed to receive transaction ready in 1000ms. Marking SurfaceSyncGroup(VRI[GodotGameActivity]#2) as ready
09-10 08:48:15.075  3077  3118 E SurfaceSyncGroup: Failed to receive transaction ready in 1000ms. Marking SurfaceSyncGroup(SurfaceView[dev.partydeck.godot.compare/dev.partydeck.godot.compare.GodotGameActivity]#0) as ready
09-10 08:48:15.306  3077  3104 D EGL_emulation: app_time_stats: avg=348.86ms min=27.12ms max=940.26ms count=3
09-10 08:48:15.613  3077  3113 I godot   : OpenGL API OpenGL ES 3.1 (OpenGL ES 3.1.0 (ANGLE 2.1.17841 git hash: 5fa2e61da947)) - Compatibility - Using Device: Google (Google Inc. (Google)) - Android Emulator OpenGL ES Translator (ANGLE (Google, Vulkan 1.3.0 (SwiftShader Device (Subzero) (0x0000C0DE)), SwiftShader driver-5.0.0))
09-10 08:48:15.614  3077  3113 D t.compare:godot: PlayerBase::PlayerBase()
09-10 08:48:15.615  3077  3113 D t.compare:godot: TrackPlayerBase::TrackPlayerBase()
09-10 08:48:15.615  3077  3113 I libOpenSLES: Emulating old channel mask behavior (ignoring positional mask 0x3, using default mask 0x3 based on channel count of 2)
09-10 08:48:15.621  3077  3113 I godot   : 
09-10 08:48:16.118  3077  3113 V Godot   : OnGodotSetupCompleted
09-10 08:48:16.125  3077  3113 V Godot   : OnGodotMainLoopStarted
09-10 08:48:16.750  3077  3104 D EGL_emulation: app_time_stats: avg=473.18ms min=380.20ms max=549.12ms count=3
09-10 08:48:26.432  3077  3077 D AutofillManager: Fill dialog is enabled:false, hints=[]
09-10 08:48:26.464  3077  3104 D EGL_emulation: app_time_stats: avg=1380.43ms min=51.39ms max=9137.31ms count=7
09-10 08:48:30.907  3077  3113 D EGL_emulation: app_time_stats: avg=3778.50ms min=11.27ms max=14265.22ms count=4
09-10 08:48:35.007  3077  3104 D EGL_emulation: app_time_stats: avg=1411.08ms min=28.96ms max=8161.43ms count=6
09-10 08:48:45.075  3077  3104 D EGL_emulation: app_time_stats: avg=1999.92ms min=19.23ms max=9809.45ms count=5
09-10 08:48:49.458  3077  3113 D EGL_emulation: app_time_stats: avg=18550.63ms min=18550.63ms max=18550.63ms count=1
09-10 08:48:53.607  3077  3104 D EGL_emulation: app_time_stats: avg=1688.29ms min=18.96ms max=8274.95ms count=5
09-10 08:49:03.591  3077  3104 D EGL_emulation: app_time_stats: avg=1990.46ms min=20.22ms max=9683.93ms count=5
09-10 08:49:07.940  3077  3113 D EGL_emulation: app_time_stats: avg=18481.53ms min=18481.53ms max=18481.53ms count=1
09-10 08:49:12.110  3077  3104 D EGL_emulation: app_time_stats: avg=1695.16ms min=23.71ms max=8236.00ms count=5
09-10 08:49:22.227  3077  3104 D EGL_emulation: app_time_stats: avg=2012.38ms min=11.78ms max=9833.69ms count=5
09-10 08:49:26.591  3077  3113 D EGL_emulation: app_time_stats: avg=18651.68ms min=18651.68ms max=18651.68ms count=1
09-10 08:49:30.791  3077  3104 D EGL_emulation: app_time_stats: avg=1689.27ms min=1.98ms max=8249.65ms count=5
09-10 08:49:37.124  3077  3104 D EGL_emulation: app_time_stats: avg=1253.37ms min=19.22ms max=6048.70ms count=5
09-10 08:49:41.442  3077  3113 D EGL_emulation: app_time_stats: avg=7425.17ms min=163.94ms max=14686.41ms count=2
09-10 08:49:45.592  3077  3104 D EGL_emulation: app_time_stats: avg=1690.53ms min=23.81ms max=8201.16ms count=5
09-10 08:49:47.825  3077  3077 V Godot   : OnPause: GodotFragment{cfc207f} (4138ec92-4756-4be2-9884-b21e200e2c7e id=0x7f07002b tag=partydeck-godot)
09-10 08:49:47.892  3077  3104 D EGL_emulation: app_time_stats: avg=451.20ms min=17.40ms max=2033.34ms count=5
09-10 08:49:47.983  3077  3113 D t.compare:godot: PlayerBase::pause() from IPlayer
09-10 08:49:48.750  3077  3113 D EGL_emulation: app_time_stats: avg=7308.29ms min=7308.29ms max=7308.29ms count=1
09-10 08:49:48.858  3077  3077 D VRI[GodotGameActivity]: visibilityChanged oldVisibility=true newVisibility=false
09-10 08:49:48.871  3077  3077 E Surface : freeAllBuffers: 1 buffers were freed while being dequeued!
09-10 08:49:48.949  3077  3113 E Surface : getSlotFromBufferLocked: unknown buffer: 0x0
09-10 08:49:48.950  3077  3113 E Surface : freeAllBuffers: 1 buffers were freed while being dequeued!
09-10 08:49:49.024  3077  3077 V Godot   : OnStop: GodotFragment{cfc207f} (4138ec92-4756-4be2-9884-b21e200e2c7e id=0x7f07002b tag=partydeck-godot)
09-10 08:50:03.155  3077  3077 V Godot   : OnStart: GodotFragment{cfc207f} (4138ec92-4756-4be2-9884-b21e200e2c7e id=0x7f07002b tag=partydeck-godot)
09-10 08:50:03.156  3077  3077 W WindowOnBackDispatcher: OnBackInvokedCallback is not enabled for the application.
09-10 08:50:03.156  3077  3077 W WindowOnBackDispatcher: Set 'android:enableOnBackInvokedCallback="true"' in the application manifest.
09-10 08:50:03.161  3077  3077 V Godot   : OnResume: GodotFragment{cfc207f} (4138ec92-4756-4be2-9884-b21e200e2c7e id=0x7f07002b tag=partydeck-godot)
09-10 08:50:04.672  3077  3104 D EGL_emulation: app_time_stats: avg=124.03ms min=28.62ms max=199.38ms count=9
09-10 08:50:08.093  3077  3104 D EGL_emulation: app_time_stats: avg=1710.59ms min=60.32ms max=3360.85ms count=2
09-10 08:50:18.175  3077  3104 D EGL_emulation: app_time_stats: avg=2001.87ms min=15.20ms max=9788.09ms count=5
09-10 08:50:26.758  3077  3104 D EGL_emulation: app_time_stats: avg=1710.57ms min=15.26ms max=8322.99ms count=5
09-10 08:50:33.124  3077  3104 D EGL_emulation: app_time_stats: avg=1265.29ms min=14.07ms max=6125.61ms count=5
09-10 08:50:37.428  3077  3113 D EGL_emulation: app_time_stats: avg=16652.11ms min=14783.97ms max=18520.25ms count=2
09-10 08:50:41.608  3077  3104 D EGL_emulation: app_time_stats: avg=1687.45ms min=22.79ms max=8196.71ms count=5
09-10 08:50:47.957  3077  3104 D EGL_emulation: app_time_stats: avg=1262.14ms min=23.89ms max=6066.47ms count=5
09-10 08:50:52.311  3077  3113 D EGL_emulation: app_time_stats: avg=14878.96ms min=14878.96ms max=14878.96ms count=1
09-10 08:50:53.341  3077  3113 D EGL_emulation: app_time_stats: avg=114.44ms min=88.68ms max=137.88ms count=9
09-10 08:50:57.409  3077  3104 D EGL_emulation: app_time_stats: avg=1883.77ms min=13.44ms max=9203.37ms count=5
09-10 08:51:01.792  3077  3113 D EGL_emulation: app_time_stats: avg=4225.55ms min=167.07ms max=8284.04ms count=2
09-10 08:51:01.952  3077  3104 D EGL_emulation: app_time_stats: avg=899.23ms min=23.07ms max=4266.53ms count=5
09-10 08:51:06.442  3077  3104 D EGL_emulation: app_time_stats: avg=743.15ms min=12.12ms max=3728.11ms count=6
09-10 08:51:12.858  3077  3104 D EGL_emulation: app_time_stats: avg=1279.35ms min=18.51ms max=6160.26ms count=5
09-10 08:51:26.791  3077  3104 D EGL_emulation: app_time_stats: avg=2777.73ms min=18.69ms max=13674.46ms count=5
09-10 08:51:31.226  3077  3113 D EGL_emulation: app_time_stats: avg=9811.23ms min=333.41ms max=28634.90ms count=3
09-10 08:51:32.256  3077  3113 D EGL_emulation: app_time_stats: avg=102.99ms min=79.85ms max=162.57ms count=10
09-10 08:51:36.407  3077  3104 D EGL_emulation: app_time_stats: avg=1909.19ms min=14.85ms max=9303.96ms count=5
09-10 08:51:40.772  3077  3113 D EGL_emulation: app_time_stats: avg=2838.61ms min=126.80ms max=8258.65ms count=3
09-10 08:51:40.853  3077  3104 D EGL_emulation: app_time_stats: avg=878.10ms min=19.86ms max=4195.29ms count=5
09-10 08:51:45.441  3077  3104 D EGL_emulation: app_time_stats: avg=757.50ms min=64.05ms max=3745.34ms count=6
09-10 08:51:51.808  3077  3104 D EGL_emulation: app_time_stats: avg=1264.80ms min=28.00ms max=6083.48ms count=5
09-10 08:52:01.992  3077  3104 D EGL_emulation: app_time_stats: avg=2021.80ms min=24.08ms max=9920.79ms count=5
09-10 08:52:06.413  3077  3113 D EGL_emulation: app_time_stats: avg=8547.02ms min=250.15ms max=24832.55ms count=3
09-10 08:52:07.503  3077  3113 D EGL_emulation: app_time_stats: avg=96.44ms min=64.04ms max=116.74ms count=10
09-10 08:52:11.574  3077  3104 D EGL_emulation: app_time_stats: avg=1906.13ms min=21.20ms max=9333.69ms count=5
09-10 08:52:15.983  3077  3113 D EGL_emulation: app_time_stats: avg=4239.24ms min=60.91ms max=8417.57ms count=2
09-10 08:52:16.132  3077  3104 D EGL_emulation: app_time_stats: avg=898.24ms min=23.68ms max=4297.95ms count=5
09-10 08:52:20.641  3077  3104 D EGL_emulation: app_time_stats: avg=742.80ms min=66.04ms max=3703.19ms count=6
09-10 08:52:27.007  3077  3104 D EGL_emulation: app_time_stats: avg=1262.71ms min=16.59ms max=6112.97ms count=5
09-10 08:52:33.407  3077  3104 D EGL_emulation: app_time_stats: avg=1258.83ms min=2.34ms max=6113.75ms count=5
09-10 08:52:37.827  3077  3113 D EGL_emulation: app_time_stats: avg=7281.45ms min=331.18ms max=21049.51ms count=3
09-10 08:52:38.930  3077  3113 D EGL_emulation: app_time_stats: avg=99.80ms min=45.09ms max=137.66ms count=11
09-10 08:52:42.974  3077  3104 D EGL_emulation: app_time_stats: avg=1902.76ms min=20.88ms max=9289.88ms count=5
09-10 08:52:47.290  3077  3113 D EGL_emulation: app_time_stats: avg=4180.01ms min=119.57ms max=8240.45ms count=2
09-10 08:52:47.348  3077  3104 D EGL_emulation: app_time_stats: avg=860.47ms min=19.46ms max=4095.58ms count=5
09-10 08:52:51.926  3077  3104 D EGL_emulation: app_time_stats: avg=759.29ms min=17.30ms max=3742.85ms count=6
09-10 08:52:58.291  3077  3104 D EGL_emulation: app_time_stats: avg=1260.65ms min=22.66ms max=6092.96ms count=5
09-10 08:53:04.640  3077  3104 D EGL_emulation: app_time_stats: avg=1254.29ms min=22.27ms max=6091.40ms count=5
09-10 08:53:09.078  3077  3113 D EGL_emulation: app_time_stats: avg=7262.65ms min=311.74ms max=20999.55ms count=3
09-10 08:53:10.152  3077  3113 D EGL_emulation: app_time_stats: avg=119.29ms min=90.16ms max=153.10ms count=9
09-10 08:53:14.107  3077  3104 D EGL_emulation: app_time_stats: avg=1875.60ms min=17.90ms max=9189.99ms count=5
09-10 08:53:18.454  3077  3113 D EGL_emulation: app_time_stats: avg=8301.73ms min=8301.73ms max=8301.73ms count=1
09-10 08:53:18.542  3077  3104 D EGL_emulation: app_time_stats: avg=883.65ms min=17.06ms max=4140.02ms count=5
09-10 08:53:22.694  3077  3104 D EGL_emulation: app_time_stats: avg=691.93ms min=63.54ms max=3375.30ms count=6
09-10 08:53:29.008  3077  3104 D EGL_emulation: app_time_stats: avg=1253.41ms min=17.56ms max=6014.63ms count=5
09-10 08:53:39.124  3077  3104 D EGL_emulation: app_time_stats: avg=2014.78ms min=21.30ms max=9855.88ms count=5
09-10 08:53:43.513  3077  3113 D EGL_emulation: app_time_stats: avg=12529.54ms min=326.48ms max=24732.60ms count=2
09-10 08:53:44.567  3077  3113 D EGL_emulation: app_time_stats: avg=79.56ms min=29.74ms max=130.32ms count=11
09-10 08:53:48.691  3077  3104 D EGL_emulation: app_time_stats: avg=1909.90ms min=16.76ms max=9276.93ms count=5
09-10 08:53:53.058  3077  3113 D EGL_emulation: app_time_stats: avg=4216.70ms min=52.33ms max=8381.08ms count=2
09-10 08:53:53.188  3077  3104 D EGL_emulation: app_time_stats: avg=891.06ms min=29.52ms max=4201.91ms count=5
09-10 08:53:57.374  3077  3104 D EGL_emulation: app_time_stats: avg=693.85ms min=15.02ms max=3481.84ms count=6
09-10 08:54:03.757  3077  3104 D EGL_emulation: app_time_stats: avg=1266.30ms min=19.16ms max=6125.23ms count=5
09-10 08:54:10.090  3077  3104 D EGL_emulation: app_time_stats: avg=1259.66ms min=15.01ms max=6040.04ms count=5
09-10 08:54:14.470  3077  3113 D EGL_emulation: app_time_stats: avg=10705.80ms min=297.17ms max=21114.42ms count=2
09-10 08:54:18.674  3077  3104 D EGL_emulation: app_time_stats: avg=1705.09ms min=18.93ms max=8330.13ms count=5
09-10 08:54:25.042  3077  3104 D EGL_emulation: app_time_stats: avg=1265.48ms min=23.68ms max=6112.89ms count=5
09-10 08:54:29.398  3077  3113 D EGL_emulation: app_time_stats: avg=7464.07ms min=125.40ms max=14802.73ms count=2
09-10 08:54:33.524  3077  3104 D EGL_emulation: app_time_stats: avg=1687.14ms min=19.14ms max=8221.29ms count=5
09-10 08:54:39.875  3077  3104 D EGL_emulation: app_time_stats: avg=1269.06ms min=28.45ms max=6098.95ms count=5
09-10 08:54:44.263  3077  3113 D EGL_emulation: app_time_stats: avg=14865.11ms min=14865.11ms max=14865.11ms count=1
09-10 08:54:45.271  3077  3113 D EGL_emulation: app_time_stats: avg=111.30ms min=17.80ms max=267.62ms count=8
09-10 08:54:49.308  3077  3104 D EGL_emulation: app_time_stats: avg=1858.56ms min=17.60ms max=9107.63ms count=5
09-10 08:54:53.704  3077  3113 D EGL_emulation: app_time_stats: avg=8432.95ms min=8432.95ms max=8432.95ms count=1
09-10 08:54:53.774  3077  3104 D EGL_emulation: app_time_stats: avg=878.84ms min=17.70ms max=4220.39ms count=5
09-10 08:54:58.324  3077  3104 D EGL_emulation: app_time_stats: avg=753.04ms min=54.46ms max=3712.01ms count=6
09-10 08:55:04.692  3077  3104 D EGL_emulation: app_time_stats: avg=1255.10ms min=4.53ms max=6082.06ms count=5
09-10 08:55:11.076  3077  3104 D EGL_emulation: app_time_stats: avg=1267.49ms min=17.90ms max=6080.18ms count=5
09-10 08:55:15.489  3077  3113 D EGL_emulation: app_time_stats: avg=5446.04ms min=205.49ms max=21001.58ms count=4
09-10 08:55:16.533  3077  3113 D EGL_emulation: app_time_stats: avg=94.92ms min=47.03ms max=144.01ms count=11
09-10 08:55:20.657  3077  3104 D EGL_emulation: app_time_stats: avg=1912.92ms min=20.21ms max=9330.39ms count=5
09-10 08:55:25.099  3077  3113 D EGL_emulation: app_time_stats: avg=2839.41ms min=59.69ms max=8344.34ms count=3
09-10 08:55:29.691  3077  3104 D EGL_emulation: app_time_stats: avg=1790.83ms min=19.36ms max=8693.53ms count=5
09-10 08:55:33.990  3077  3104 D EGL_emulation: app_time_stats: avg=854.94ms min=33.05ms max=4028.92ms count=5
09-10 08:55:34.003  3077  3113 D EGL_emulation: app_time_stats: avg=1468.70ms min=48.39ms max=8370.75ms count=6
09-10 08:55:38.640  3077  3104 D EGL_emulation: app_time_stats: avg=772.17ms min=10.69ms max=3740.50ms count=6
09-10 08:55:44.974  3077  3104 D EGL_emulation: app_time_stats: avg=1245.39ms min=1.49ms max=6066.51ms count=5
09-10 08:55:51.358  3077  3104 D EGL_emulation: app_time_stats: avg=1270.33ms min=17.16ms max=6131.75ms count=5
09-10 08:55:55.785  3077  3113 D EGL_emulation: app_time_stats: avg=7260.75ms min=294.67ms max=20999.99ms count=3
09-10 08:55:56.879  3077  3113 D EGL_emulation: app_time_stats: avg=99.44ms min=72.40ms max=127.52ms count=11
09-10 08:56:01.007  3077  3104 D EGL_emulation: app_time_stats: avg=1923.03ms min=19.02ms max=9346.49ms count=5
09-10 08:56:05.511  3077  3113 D EGL_emulation: app_time_stats: avg=4315.96ms min=129.24ms max=8502.68ms count=2
09-10 08:56:09.909  3077  3104 D EGL_emulation: app_time_stats: avg=1769.69ms min=23.20ms max=8647.11ms count=5
09-10 08:56:14.269  3077  3113 D EGL_emulation: app_time_stats: avg=2163.37ms min=14.22ms max=8462.53ms count=4
09-10 08:56:14.341  3077  3104 D EGL_emulation: app_time_stats: avg=880.41ms min=21.32ms max=4176.46ms count=5
09-10 08:56:18.924  3077  3104 D EGL_emulation: app_time_stats: avg=761.48ms min=71.28ms max=3700.91ms count=6
09-10 08:56:25.274  3077  3104 D EGL_emulation: app_time_stats: avg=1268.37ms min=27.65ms max=6109.63ms count=5
09-10 08:56:31.641  3077  3104 D EGL_emulation: app_time_stats: avg=1266.10ms min=36.06ms max=6128.46ms count=5
09-10 08:56:31.773  3077  3082 I t.compare:godot: Background concurrent mark compact GC freed 2600KB AllocSpace bytes, 0(0B) LOS objects, 49% free, 2860KB/5721KB, paused 123us,5.742ms total 33.022ms
09-10 08:56:36.040  3077  3113 D EGL_emulation: app_time_stats: avg=7257.07ms min=227.88ms max=20970.14ms count=3
09-10 08:56:37.117  3077  3113 D EGL_emulation: app_time_stats: avg=89.70ms min=43.04ms max=140.73ms count=11
09-10 08:56:41.276  3077  3104 D EGL_emulation: app_time_stats: avg=1915.65ms min=27.35ms max=9380.49ms count=5
09-10 08:56:45.581  3077  3113 D EGL_emulation: app_time_stats: avg=2821.22ms min=111.59ms max=8239.28ms count=3
09-10 08:56:45.729  3077  3104 D EGL_emulation: app_time_stats: avg=877.29ms min=21.84ms max=4182.50ms count=5
09-10 08:56:50.224  3077  3104 D EGL_emulation: app_time_stats: avg=733.81ms min=11.98ms max=3714.85ms count=6
09-10 08:56:56.574  3077  3104 D EGL_emulation: app_time_stats: avg=1259.06ms min=15.11ms max=6098.45ms count=5
09-10 08:57:02.979  3077  3104 D EGL_emulation: app_time_stats: avg=1275.76ms min=17.06ms max=6118.96ms count=5
09-10 08:57:07.358  3077  3113 D EGL_emulation: app_time_stats: avg=7258.80ms min=309.31ms max=20967.44ms count=3
09-10 08:57:12.075  3077  3104 D EGL_emulation: app_time_stats: avg=1811.93ms min=16.70ms max=8843.32ms count=5
09-10 08:57:16.373  3077  3104 D EGL_emulation: app_time_stats: avg=850.52ms min=17.75ms max=4010.73ms count=5
09-10 08:57:16.475  3077  3113 D EGL_emulation: app_time_stats: avg=1287.65ms min=52.94ms max=8461.76ms count=7
09-10 08:57:20.540  3077  3104 D EGL_emulation: app_time_stats: avg=690.20ms min=73.75ms max=3293.70ms count=6
09-10 08:57:26.926  3077  3104 D EGL_emulation: app_time_stats: avg=1267.86ms min=38.88ms max=6120.36ms count=5
09-10 08:57:33.242  3077  3104 D EGL_emulation: app_time_stats: avg=1251.07ms min=24.30ms max=6031.50ms count=5
09-10 08:57:37.669  3077  3113 D EGL_emulation: app_time_stats: avg=10596.86ms min=277.25ms max=20916.47ms count=2
09-10 08:57:38.687  3077  3113 D EGL_emulation: app_time_stats: avg=93.40ms min=46.48ms max=132.03ms count=10
09-10 08:57:42.924  3077  3104 D EGL_emulation: app_time_stats: avg=1926.81ms min=17.07ms max=9409.41ms count=5
09-10 08:57:47.225  3077  3104 D EGL_emulation: app_time_stats: avg=850.42ms min=14.03ms max=4036.77ms count=5
09-10 08:57:47.441  3077  3113 D EGL_emulation: app_time_stats: avg=2917.92ms min=128.81ms max=8488.80ms count=3
09-10 08:57:51.875  3077  3104 D EGL_emulation: app_time_stats: avg=773.36ms min=11.75ms max=3748.47ms count=6
09-10 08:57:58.209  3077  3104 D EGL_emulation: app_time_stats: avg=1245.46ms min=14.11ms max=6060.32ms count=5
09-10 08:58:04.595  3077  3104 D EGL_emulation: app_time_stats: avg=1264.41ms min=18.41ms max=6134.00ms count=5
09-10 08:58:08.983  3077  3113 D EGL_emulation: app_time_stats: avg=7180.60ms min=142.72ms max=20966.18ms count=3
09-10 08:58:10.056  3077  3113 D EGL_emulation: app_time_stats: avg=97.55ms min=81.84ms max=149.77ms count=11
09-10 08:58:14.074  3077  3104 D EGL_emulation: app_time_stats: avg=1886.96ms min=19.55ms max=9217.92ms count=5
09-10 08:58:18.410  3077  3104 D EGL_emulation: app_time_stats: avg=857.73ms min=15.87ms max=4076.97ms count=5
09-10 08:58:18.426  3077  3113 D EGL_emulation: app_time_stats: avg=4184.77ms min=112.97ms max=8256.56ms count=2
09-10 08:58:23.042  3077  3104 D EGL_emulation: app_time_stats: avg=771.88ms min=65.92ms max=3696.08ms count=6
09-10 08:58:29.425  3077  3104 D EGL_emulation: app_time_stats: avg=1271.82ms min=8.34ms max=6128.66ms count=5
09-10 08:58:35.760  3077  3104 D EGL_emulation: app_time_stats: avg=1260.82ms min=19.67ms max=6063.68ms count=5
09-10 08:58:40.151  3077  3113 D EGL_emulation: app_time_stats: avg=7241.69ms min=296.57ms max=20953.91ms count=3
09-10 08:58:41.181  3077  3113 D EGL_emulation: app_time_stats: avg=86.35ms min=28.14ms max=143.15ms count=11
09-10 08:58:45.274  3077  3104 D EGL_emulation: app_time_stats: avg=1896.32ms min=14.25ms max=9255.23ms count=5
09-10 08:58:49.621  3077  3113 D EGL_emulation: app_time_stats: avg=4169.25ms min=60.19ms max=8278.32ms count=2
09-10 08:58:49.682  3077  3104 D EGL_emulation: app_time_stats: avg=870.43ms min=21.00ms max=4155.38ms count=5
09-10 08:58:50.494  3077  3082 I t.compare:godot: Background concurrent mark compact GC freed 2776KB AllocSpace bytes, 0(0B) LOS objects, 49% free, 2876KB/5753KB, paused 1.596ms,25.596ms total 67.121ms
09-10 08:58:54.258  3077  3104 D EGL_emulation: app_time_stats: avg=759.59ms min=15.25ms max=3747.48ms count=6
09-10 08:59:00.591  3077  3104 D EGL_emulation: app_time_stats: avg=1255.77ms min=27.59ms max=6078.20ms count=5
09-10 08:59:06.907  3077  3104 D EGL_emulation: app_time_stats: avg=1261.61ms min=14.41ms max=6060.07ms count=5
09-10 08:59:11.290  3077  3113 D EGL_emulation: app_time_stats: avg=7223.09ms min=306.36ms max=20882.58ms count=3
09-10 08:59:12.386  3077  3113 D EGL_emulation: app_time_stats: avg=95.87ms min=28.76ms max=125.59ms count=11
09-10 08:59:16.523  3077  3104 D EGL_emulation: app_time_stats: avg=1910.99ms min=17.18ms max=9340.18ms count=5
09-10 08:59:20.855  3077  3104 D EGL_emulation: app_time_stats: avg=856.40ms min=18.62ms max=4096.69ms count=5
09-10 08:59:20.951  3077  3113 D EGL_emulation: app_time_stats: avg=4282.42ms min=133.50ms max=8431.33ms count=2
09-10 08:59:25.490  3077  3104 D EGL_emulation: app_time_stats: avg=766.89ms min=14.43ms max=3739.31ms count=6
09-10 08:59:31.874  3077  3104 D EGL_emulation: app_time_stats: avg=1264.01ms min=24.25ms max=6120.62ms count=5
09-10 08:59:38.206  3077  3104 D EGL_emulation: app_time_stats: avg=1252.10ms min=16.86ms max=6053.75ms count=5
09-10 08:59:42.558  3077  3113 D EGL_emulation: app_time_stats: avg=7202.07ms min=249.90ms max=20915.99ms count=3
09-10 08:59:43.583  3077  3113 D EGL_emulation: app_time_stats: avg=85.70ms min=43.99ms max=140.26ms count=11
09-10 08:59:47.757  3077  3104 D EGL_emulation: app_time_stats: avg=1906.25ms min=25.47ms max=9265.87ms count=5
09-10 08:59:52.268  3077  3113 D EGL_emulation: app_time_stats: avg=2850.17ms min=66.17ms max=8417.20ms count=3
09-10 08:59:56.758  3077  3104 D EGL_emulation: app_time_stats: avg=1791.92ms min=8.73ms max=8745.43ms count=5
09-10 08:59:57.016  3077  3082 I t.compare:godot: Background concurrent mark compact GC freed 2876KB AllocSpace bytes, 0(0B) LOS objects, 49% free, 2776KB/5553KB, paused 134us,8.052ms total 71.098ms
09-10 09:00:01.156  3077  3104 D EGL_emulation: app_time_stats: avg=864.42ms min=22.44ms max=4057.47ms count=5
09-10 09:00:01.243  3077  3113 D EGL_emulation: app_time_stats: avg=1794.91ms min=82.58ms max=8551.68ms count=5
09-10 09:00:05.791  3077  3104 D EGL_emulation: app_time_stats: avg=769.52ms min=9.21ms max=3725.11ms count=6
09-10 09:00:12.157  3077  3104 D EGL_emulation: app_time_stats: avg=1264.51ms min=19.16ms max=6060.61ms count=5
09-10 09:00:18.545  3077  3104 D EGL_emulation: app_time_stats: avg=1264.41ms min=20.04ms max=6136.30ms count=5
09-10 09:00:22.954  3077  3113 D EGL_emulation: app_time_stats: avg=7236.95ms min=209.56ms max=21002.12ms count=3
09-10 09:00:24.081  3077  3113 D EGL_emulation: app_time_stats: avg=95.04ms min=23.83ms max=159.62ms count=11
09-10 09:00:28.124  3077  3104 D EGL_emulation: app_time_stats: avg=1909.31ms min=16.45ms max=9313.58ms count=5
09-10 09:00:32.492  3077  3104 D EGL_emulation: app_time_stats: avg=864.01ms min=17.12ms max=4087.16ms count=5
09-10 09:00:32.543  3077  3113 D EGL_emulation: app_time_stats: avg=4230.27ms min=67.19ms max=8393.35ms count=2
09-10 09:00:37.141  3077  3104 D EGL_emulation: app_time_stats: avg=772.91ms min=58.20ms max=3740.52ms count=6
09-10 09:00:43.478  3077  3104 D EGL_emulation: app_time_stats: avg=1255.54ms min=21.33ms max=6051.32ms count=5
09-10 09:00:53.540  3077  3104 D EGL_emulation: app_time_stats: avg=2004.00ms min=16.96ms max=9811.92ms count=5
09-10 09:00:57.955  3077  3113 D EGL_emulation: app_time_stats: avg=8470.78ms min=250.78ms max=24668.01ms count=3
09-10 09:00:58.956  3077  3113 D EGL_emulation: app_time_stats: avg=100.03ms min=77.81ms max=142.34ms count=10
09-10 09:01:03.057  3077  3104 D EGL_emulation: app_time_stats: avg=1896.57ms min=24.71ms max=9240.96ms count=5
09-10 09:01:07.360  3077  3077 I PartyDeckGodotBridge: Close requested elapsed_ms=849053
09-10 09:01:07.381  3077  3104 D EGL_emulation: app_time_stats: avg=855.88ms min=29.85ms max=4055.59ms count=5
09-10 09:01:07.567  3077  3113 D EGL_emulation: app_time_stats: avg=4305.43ms min=132.82ms max=8478.04ms count=2
09-10 09:01:07.568  3077  3113 I PartyDeckGodotBridge: Close dispatch started elapsed_ms=849261
09-10 09:01:07.569  3077  3113 I PartyDeckGodotBridge: Close native barrier elapsed_ms=849262
09-10 09:01:07.570  3077  3077 I PartyDeckGodotHost: Close main callback elapsed_ms=849263
09-10 09:01:07.712  3077  3113 D GLThread: Exiting render thread
09-10 09:01:07.712  3077  3113 D GodotRenderer: Destroying Godot Engine
09-10 09:01:07.725  3077  3113 D t.compare:godot: PlayerBase::stop() from IPlayer
09-10 09:01:07.726  3077  3113 D AudioTrack: stop(16): called with 33387653 frames delivered
09-10 09:01:07.735  3077  3113 E eglCodecCommon: removeVertexArrayObject: ERROR: 7 not found in VAO state!
09-10 09:01:07.791  3077  3113 V Godot   : OnGodotTerminating
09-10 09:01:07.833  3077  3077 V Godot   : OnDestroy: GodotFragment{cfc207f} (4138ec92-4756-4be2-9884-b21e200e2c7e id=0x7f07002b tag=partydeck-godot)
09-10 09:01:07.857  3077  3077 V Godot   : OnPause: GodotFragment{cfc207f} (4138ec92-4756-4be2-9884-b21e200e2c7e id=0x7f07002b tag=partydeck-godot)
09-10 09:01:07.996  3077  3077 I PartyDeckGodotHost: Engine process exit requested
09-10 09:01:07.996  3077  3077 I Process : Sending signal. PID: 3077 SIG: 9
