000000000000231c A _binary_classes_dex_size
000000000069c5b3 V _ZTSNSt6__ndk120__shared_ptr_emplaceINS_15recursive_mutexENS_9allocatorIS1_EEEE
000000000069cac8 V _ZTSNSt6__ndk110__function6__baseIFvmEEE
00000000006a145c V _ZTSNSt6__ndk110__function6__baseIFivEEE
00000000006a1481 V _ZTSNSt6__ndk110__function6__baseIFviPKcS3_EEE
00000000006a14ac V _ZTSNSt6__ndk110__function6__baseIFviibiPKcEEE
00000000006a14d7 V _ZTSNSt6__ndk110__function6__baseIFviiPKcEEE
00000000006a157c V _ZTSNSt6__ndk110__function6__baseIFviPKcEEE
00000000006a6a78 V _ZTSNSt6__ndk110__function6__baseIFNS_6vectorIPKcNS_9allocatorIS4_EEEES4_EEE
00000000006c621c V _ZTSNSt6__ndk110__function6__baseIFvjRfS2_ffffffEEE
00000000006c97bb V _ZTSNSt6__ndk110__function6__baseIFvvEEE
0000000000713bdc V _ZTSNSt6__ndk120__shared_ptr_pointerIPNS_12basic_stringIcNS_11char_traitsIcEENS_9allocatorIcEEEENS_10shared_ptrIS6_E27__shared_ptr_default_deleteIS6_S6_EENS4_IS6_EEEE
0000000000713c7f V _ZTSNSt6__ndk110shared_ptrINS_12basic_stringIcNS_11char_traitsIcEENS_9allocatorIcEEEEE27__shared_ptr_default_deleteIS6_S6_EE
0000000000bcf770 V _ZN6swappy12SwappyCommon13FrameDuration12MAX_DURATIONE
0000000000bcf778 V _ZN6swappy12SwappyCommon12FRAME_MARGINE
0000000000bcf780 V _ZN6swappy12SwappyCommon24DURATION_ROUNDING_MARGINE
0000000000bcf788 V _ZN6swappy12SwappyCommon19REFRESH_RATE_MARGINE
0000000000bcf790 V _ZN6swappy12SwappyCommon20NON_PIPELINE_PERCENTE
0000000000bcf794 V _ZN6swappy12SwappyCommon20FRAME_DROP_THRESHOLDE
0000000000bcf798 V _ZN6swappy12SwappyCommon14FrameDurations29FRAME_DURATION_SAMPLE_SECONDSE
0000000000bcf7a0 V _ZN6swappy15FrameStatistics14LOG_EVERY_N_NSE
0000000001119060 T Java_org_godotengine_godot_GodotLib_setVirtualKeyboardHeight
0000000001119080 T Java_org_godotengine_godot_GodotLib_initialize
00000000011191a0 T Java_org_godotengine_godot_GodotLib_ondestroy
0000000001119370 T Java_org_godotengine_godot_GodotLib_setup
00000000011195b0 T Java_org_godotengine_godot_GodotLib_resize
00000000011196a0 T Java_org_godotengine_godot_GodotLib_newcontext
00000000011196e0 T Java_org_godotengine_godot_GodotLib_back
0000000001119730 T Java_org_godotengine_godot_GodotLib_ttsCallback
0000000001119740 T Java_org_godotengine_godot_GodotLib_step
0000000001119b30 T Java_org_godotengine_godot_GodotLib_dispatchMouseEvent
0000000001119b80 T Java_org_godotengine_godot_GodotLib_dispatchTouchEvent
0000000001119c90 T Java_org_godotengine_godot_GodotLib_magnify
0000000001119cb0 T Java_org_godotengine_godot_GodotLib_pan
0000000001119ce0 T Java_org_godotengine_godot_GodotLib_joybutton
0000000001119d70 T Java_org_godotengine_godot_GodotLib_joyaxis
0000000001119e00 T Java_org_godotengine_godot_GodotLib_joyhat
0000000001119eb0 T Java_org_godotengine_godot_GodotLib_joyconnectionchanged
000000000111a030 T Java_org_godotengine_godot_GodotLib_key
000000000111a070 T Java_org_godotengine_godot_GodotLib_accelerometer
000000000111a090 T Java_org_godotengine_godot_GodotLib_gravity
000000000111a0b0 T Java_org_godotengine_godot_GodotLib_magnetometer
000000000111a0d0 T Java_org_godotengine_godot_GodotLib_gyroscope
000000000111a0f0 T Java_org_godotengine_godot_GodotLib_focusin
000000000111a110 T Java_org_godotengine_godot_GodotLib_focusout
000000000111a130 T Java_org_godotengine_godot_GodotLib_getGlobal
000000000111a360 T Java_org_godotengine_godot_GodotLib_getRendererInfo
000000000111aac0 T Java_org_godotengine_godot_GodotLib_getEditorSetting
000000000111abe0 T Java_org_godotengine_godot_GodotLib_setEditorSetting
000000000111ac10 T Java_org_godotengine_godot_GodotLib_getEditorProjectMetadata
000000000111ac40 T Java_org_godotengine_godot_GodotLib_setEditorProjectMetadata
000000000111ac70 T Java_org_godotengine_godot_GodotLib_onNightModeChanged
000000000111ac90 T Java_org_godotengine_godot_GodotLib_hardwareKeyboardConnected
000000000111acb0 T Java_org_godotengine_godot_GodotLib_filePickerCallback
000000000111af20 T Java_org_godotengine_godot_GodotLib_requestPermissionResult
000000000111b240 T Java_org_godotengine_godot_GodotLib_onRendererResumed
000000000111b2a0 T Java_org_godotengine_godot_GodotLib_onRendererPaused
000000000111b330 T Java_org_godotengine_godot_GodotLib_onOrientationChange
000000000111b450 T Java_org_godotengine_godot_GodotLib_shouldDispatchInputToRenderThread
000000000111b470 T Java_org_godotengine_godot_GodotLib_getProjectResourceDir
000000000111b560 T Java_org_godotengine_godot_GodotLib_isEditorHint
000000000111b570 T Java_org_godotengine_godot_GodotLib_isProjectManagerHint
000000000111b580 T Java_org_godotengine_godot_GodotLib_hasFeature
000000000111b670 T Java_org_godotengine_godot_GodotLib_onPictureInPictureModeChanged
000000000113b1c0 T Java_org_godotengine_godot_plugin_GodotPlugin_nativeRegisterSingleton
000000000113b8c0 T Java_org_godotengine_godot_plugin_GodotPlugin_nativeRegisterMethod
000000000113bcc0 T Java_org_godotengine_godot_plugin_GodotPlugin_nativeRegisterSignal
000000000113c030 T Java_org_godotengine_godot_plugin_GodotPlugin_nativeEmitSignal
000000000113ce40 T Java_org_godotengine_godot_variant_Callable_nativeCall
000000000113d0a0 T Java_org_godotengine_godot_variant_Callable_nativeCallObject
000000000113d4d0 T Java_org_godotengine_godot_variant_Callable_nativeCallObjectDeferred
000000000113d560 T Java_org_godotengine_godot_variant_Callable_releaseNativePointer
000000000113d5d0 T Java_org_godotengine_godot_utils_DialogUtils_dialogCallback
000000000113d5f0 T Java_org_godotengine_godot_utils_DialogUtils_inputDialogCallback
000000000113d760 T Java_org_godotengine_godot_editor_utils_GameMenuUtils_setSuspend
000000000113d770 T Java_org_godotengine_godot_editor_utils_GameMenuUtils_nextFrame
000000000113d780 T Java_org_godotengine_godot_editor_utils_GameMenuUtils_setNodeType
000000000113d790 T Java_org_godotengine_godot_editor_utils_GameMenuUtils_setSelectMode
000000000113d7a0 T Java_org_godotengine_godot_editor_utils_GameMenuUtils_setSelectionVisible
000000000113d7b0 T Java_org_godotengine_godot_editor_utils_GameMenuUtils_setCameraOverride
000000000113d7c0 T Java_org_godotengine_godot_editor_utils_GameMenuUtils_setCameraManipulateMode
000000000113d7d0 T Java_org_godotengine_godot_editor_utils_GameMenuUtils_resetCamera2DPosition
000000000113d7e0 T Java_org_godotengine_godot_editor_utils_GameMenuUtils_resetCamera3DPosition
000000000113d7f0 T Java_org_godotengine_godot_editor_utils_GameMenuUtils_playMainScene
000000000113d800 T Java_org_godotengine_godot_editor_utils_GameMenuUtils_setDebugMuteAudio
000000000113d810 T Java_org_godotengine_godot_editor_utils_GameMenuUtils_resetTimeScale
000000000113d820 T Java_org_godotengine_godot_editor_utils_GameMenuUtils_setTimeScale
000000000113d830 T Java_org_godotengine_godot_editor_utils_EditorUtils_runScene
000000000113d840 T Java_org_godotengine_godot_editor_utils_EditorUtils_toggleTitleBar
0000000001ea0030 T _ZN6embree13TaskScheduler4Task3runERNS0_6ThreadE
0000000001ea0040 T _ZN6embree13TaskScheduler9TaskQueue13execute_localERNS0_6ThreadEPNS0_4TaskE
0000000001ea0250 T _ZN6embree13TaskScheduler10ThreadPool12startThreadsEv
0000000001ea0600 T _ZN6embree13TaskScheduler10ThreadPool3addERKNS_3RefIS0_EE
0000000001ea0680 T _ZN6embree13TaskScheduler10ThreadPool6removeERKNS_3RefIS0_EE
0000000001ea0710 T _ZN6embree13TaskScheduler16allocThreadIndexEv
0000000001ea0c20 T _ZN6embree13TaskScheduler11threadCountEv
0000000001ea0cd0 T _ZN6embree13TaskScheduler8threadIDEv
0000000001ea0d00 T _ZN6embree13TaskScheduler6threadEv
0000000001ea0d20 T _ZN6embree13TaskScheduler11threadIndexEv
0000000001ea0d50 T _ZN6embree13TaskScheduler8instanceEv
0000000001ea1020 T _ZN6embree13TaskScheduler10swapThreadEPNS0_6ThreadE
0000000001ea1050 T _ZN6embree13TaskScheduler4waitEv
0000000001ea11b0 T _ZN6embree13TaskScheduler12startThreadsEv
0000000001ea11d0 T _ZN6embree13TaskScheduler12addSchedulerERKNS_3RefIS0_EE
0000000001ea1250 T _ZN6embree13TaskScheduler15removeSchedulerERKNS_3RefIS0_EE
0000000001fd6240 W _ZNSt6__ndk118basic_stringstreamIcNS_11char_traitsIcEENS_9allocatorIcEEED1Ev
0000000001ff9bb0 T UPNP_GetTotalBytesSent
0000000001ff9c60 T UPNP_GetTotalBytesReceived
0000000001ff9d10 T UPNP_GetTotalPacketsSent
0000000001ff9dc0 T UPNP_GetTotalPacketsReceived
0000000001ff9e70 T UPNP_GetStatusInfo
0000000001ffa060 T UPNP_GetConnectionTypeInfo
0000000001ffa180 T UPNP_GetLinkLayerMaxBitRates
0000000001ffa320 T UPNP_GetExternalIPAddress
0000000001ffa460 T UPNP_AddPortMapping
0000000001ffa620 T UPNP_AddAnyPortMapping
0000000001ffa830 T UPNP_DeletePortMapping
0000000001ffa950 T UPNP_DeletePortMappingRange
0000000001ffaaa0 T UPNP_GetGenericPortMappingEntry
0000000001ffaae0 T UPNP_GetGenericPortMappingEntryExt
0000000001ffae10 T UPNP_GetPortMappingNumberOfEntries
0000000001ffaf50 T UPNP_GetSpecificPortMappingEntry
0000000001ffaf80 T UPNP_GetSpecificPortMappingEntryExt
0000000001ffb210 T UPNP_GetListOfPortMappings
0000000001ffb3c0 T UPNP_GetFirewallStatus
0000000001ffb530 T UPNP_GetOutboundPinholeTimeout
0000000001ffb6c0 T UPNP_AddPinhole
0000000001ffb8e0 T UPNP_UpdatePinhole
0000000001ffba00 T UPNP_DeletePinhole
0000000001ffbb00 T UPNP_CheckPinholeWorking
0000000001ffbc50 T UPNP_GetPinholePackets
0000000001ffbdc0 T parserootdesc
0000000001ffc1a0 T upnpDiscoverDevices
0000000001ffc410 T upnpDiscover
0000000001ffc450 T upnpDiscoverAll
0000000001ffc490 T upnpDiscoverDevice
0000000001ffc4f0 T GetUPNPUrls
0000000001ffc7e0 T FreeUPNPUrls
0000000001ffc850 T UPNPIGD_IsConnected
0000000001ffc8e0 T UPNP_GetValidIGD
0000000001ffd090 T UPNP_GetIGDFromUrl
0000000001ffe620 T miniwget
0000000001ffe8a0 T miniwget_getaddr
0000000001ffeff0 T getDevicesFromMiniSSDPD
0000000001fff060 T connectToMiniSSDPD
0000000001fff1b0 T requestDevicesFromMiniSSDPD
0000000001fff330 T receiveDevicesFromMiniSSDPD
0000000001fff9a0 T disconnectFromMiniSSDPD
0000000001fff9c0 T ssdpDiscoverDevices
0000000002000ad0 T ParsePortListing
0000000002000f50 T FreePortListing
0000000002003730 T freeUPNPDevlist
00000000021367b0 T WebPDecodeRGBInto
00000000021368d0 T WebPDecodeRGBAInto
00000000021369f0 T WebPDecodeARGBInto
0000000002136b10 T WebPDecodeBGRInto
0000000002136c30 T WebPDecodeBGRAInto
0000000002136d50 T WebPDecodeYUVInto
0000000002137120 T WebPDecodeRGB
0000000002137270 T WebPDecodeRGBA
00000000021373c0 T WebPDecodeARGB
0000000002137510 T WebPDecodeBGR
0000000002137660 T WebPDecodeBGRA
00000000021377b0 T WebPDecodeYUV
00000000021379c0 T WebPGetInfo
0000000002137a60 T WebPInitDecoderConfigInternal
0000000002137af0 T WebPValidateDecoderConfig
0000000002137cd0 T WebPGetFeaturesInternal
0000000002137d30 T WebPDecode
0000000002138320 T VP8LCheckSignature
0000000002138340 T VP8LGetInfo
000000000213ca20 T WebPGetDecoderVersion
000000000213cba0 T VP8CheckSignature
000000000213cbc0 T VP8GetInfo
00000000021448f0 T WebPInitDecBufferInternal
0000000002144940 T WebPFreeDecBuffer
0000000002175990 T WebPSetWorkerInterface
00000000021759f0 T WebPGetWorkerInterface
0000000002175ab0 T WebPSafeMalloc
0000000002175ae0 T WebPSafeCalloc
0000000002175b10 T WebPSafeFree
0000000002175b20 T WebPMalloc
0000000002175b40 T WebPFree
0000000002175b50 T WebPCopyPlane
0000000002175c50 T WebPCopyPixels
0000000002175d60 T WebPGetColorPalette
0000000002178db0 T WebPConfigInitInternal
0000000002178ed0 T WebPValidateConfig
0000000002178fe0 T WebPConfigLosslessPreset
0000000002179020 T WebPPictureInitInternal
0000000002179380 T WebPPictureAlloc
0000000002179400 T WebPPictureFree
0000000002179460 T WebPMemoryWriterInit
0000000002179470 T WebPMemoryWrite
0000000002179530 T WebPMemoryWriterClear
0000000002179560 T WebPEncodeRGB
00000000021797a0 T WebPEncodeRGBA
00000000021799e0 T WebPEncodeBGR
0000000002179c20 T WebPEncodeBGRA
0000000002179e60 T WebPEncodeLosslessRGB
000000000217a0b0 T WebPEncodeLosslessRGBA
000000000217a300 T WebPEncodeLosslessBGR
000000000217a550 T WebPEncodeLosslessBGRA
000000000217a7a0 T WebPGetEncoderVersion
000000000217a830 T WebPEncode
000000000217b260 T WebPPictureHasTransparency
000000000217b350 T WebPPictureARGBToYUVADithered
000000000217b3c0 T WebPPictureARGBToYUVA
000000000217b430 T WebPPictureSharpARGBToYUVA
000000000217b490 T WebPPictureSmartARGBToYUVA
000000000217b4f0 T WebPPictureYUVAToARGB
000000000217b880 T WebPPictureImportBGR
000000000217b980 T WebPPictureImportBGRA
000000000217bb20 T WebPPictureImportBGRX
000000000217bc20 T WebPPictureImportRGB
000000000217bd20 T WebPPictureImportRGBA
000000000217be10 T WebPPictureImportRGBX
000000000217d940 T SharpYuvGetVersion
000000000217d950 T SharpYuvInit
000000000217d9b0 T SharpYuvConvert
000000000217da40 T SharpYuvConvertWithOptions
000000000217fe30 T SharpYuvOptionsInitInternal
0000000002182410 T SharpYuvComputeConversionMatrix
00000000021825a0 T SharpYuvGetConversionMatrix
0000000002182630 T WebPCleanupTransparentArea
0000000002187fb0 T WebPBlendAlpha
000000000219ae20 T WebPPictureCopy
000000000219af40 T WebPPictureIsView
000000000219af60 T WebPPictureView
000000000219b0d0 T WebPPictureCrop
000000000219b330 T WebPPictureRescale
0000000003affa80 T ZSTD_versionNumber
0000000003affa90 T ZSTD_versionString
0000000003affaa0 T ZSTD_isError
0000000003affab0 T ZSTD_getErrorName
0000000003affad0 T ZSTD_getErrorCode
0000000003affae0 T ZSTD_getErrorString
0000000003affc30 T ZSTD_sizeof_DCtx
0000000003affc70 T ZSTD_estimateDCtxSize
0000000003affc80 T ZSTD_initStaticDCtx
0000000003affd80 T ZSTD_createDCtx_advanced
0000000003affec0 T ZSTD_createDCtx
0000000003afffc0 T ZSTD_freeDCtx
0000000003b000d0 T ZSTD_copyDCtx
0000000003b000e0 T ZSTD_isFrame
0000000003b00110 T ZSTD_isSkippableFrame
0000000003b00130 T ZSTD_frameHeaderSize
0000000003b00190 T ZSTD_getFrameHeader_advanced
0000000003b00490 T ZSTD_getFrameHeader
0000000003b004a0 T ZSTD_getFrameContentSize
0000000003b00500 T ZSTD_readSkippableFrame
0000000003b005b0 T ZSTD_findDecompressedSize
0000000003b006f0 T ZSTD_findFrameCompressedSize
0000000003b00740 T ZSTD_getDecompressedSize
0000000003b007b0 T ZSTD_decompressBound
0000000003b00a00 T ZSTD_decompressionMargin
0000000003b00b00 T ZSTD_insertBlock
0000000003b00b30 T ZSTD_decompress_usingDict
0000000003b012f0 T ZSTD_decompressDCtx
0000000003b01380 T ZSTD_decompress_usingDDict
0000000003b01400 T ZSTD_decompress
0000000003b01580 T ZSTD_nextSrcSizeToDecompress
0000000003b01590 T ZSTD_nextInputType
0000000003b015b0 T ZSTD_decompressContinue
0000000003b02130 T ZSTD_decompressBegin
0000000003b02210 T ZSTD_decompressBegin_usingDict
0000000003b023a0 T ZSTD_decompressBegin_usingDDict
0000000003b024d0 T ZSTD_getDictID_fromDict
0000000003b024f0 T ZSTD_getDictID_fromFrame
0000000003b02550 T ZSTD_createDStream
0000000003b02650 T ZSTD_initStaticDStream
0000000003b02750 T ZSTD_createDStream_advanced
0000000003b02890 T ZSTD_freeDStream
0000000003b028a0 T ZSTD_DStreamInSize
0000000003b028b0 T ZSTD_DStreamOutSize
0000000003b028c0 T ZSTD_DCtx_loadDictionary_advanced
0000000003b02980 T ZSTD_DCtx_loadDictionary_byReference
0000000003b02a40 T ZSTD_DCtx_loadDictionary
0000000003b02af0 T ZSTD_DCtx_refPrefix_advanced
0000000003b02bb0 T ZSTD_DCtx_refPrefix
0000000003b02c70 T ZSTD_initDStream_usingDict
0000000003b02d40 T ZSTD_DCtx_reset
0000000003b02df0 T ZSTD_initDStream
0000000003b02e60 T ZSTD_DCtx_refDDict
0000000003b03260 T ZSTD_initDStream_usingDDict
0000000003b032b0 T ZSTD_resetDStream
0000000003b032f0 T ZSTD_DCtx_setMaxWindowSize
0000000003b03330 T ZSTD_dParam_getBounds
0000000003b03380 T ZSTD_DCtx_setFormat
0000000003b033b0 T ZSTD_DCtx_setParameter
0000000003b034d0 T ZSTD_DCtx_getParameter
0000000003b03540 T ZSTD_sizeof_DStream
0000000003b03580 T ZSTD_decodingBufferSize_min
0000000003b035b0 T ZSTD_estimateDStreamSize
0000000003b035d0 T ZSTD_estimateDStreamSize_fromFrame
0000000003b03660 T ZSTD_decompressStream
0000000003b04450 T ZSTD_decompressStream_simpleArgs
0000000003b045a0 T ZSTD_createDDict_advanced
0000000003b04780 T ZSTD_freeDDict
0000000003b047f0 T ZSTD_createDDict
0000000003b04850 T ZSTD_createDDict_byReference
0000000003b048b0 T ZSTD_initStaticDDict
0000000003b049a0 T ZSTD_estimateDDictSize
0000000003b049c0 T ZSTD_sizeof_DDict
0000000003b049e0 T ZSTD_getDictID_fromDDict
0000000003b0bb70 T ZSTD_decompressBlock
0000000003c6ed50 T ZSTD_compressBound
0000000003c6ed90 T ZSTD_createCCtx
0000000003c6ee60 T ZSTD_createCCtx_advanced
0000000003c6efa0 T ZSTD_initStaticCCtx
0000000003c6f170 T ZSTD_freeCCtx
0000000003c6f250 T ZSTD_sizeof_CCtx
0000000003c6f2c0 T ZSTD_sizeof_CStream
0000000003c6f330 T ZSTD_createCCtxParams
0000000003c6f360 T ZSTD_freeCCtxParams
0000000003c6f390 T ZSTD_CCtxParams_reset
0000000003c6f400 T ZSTD_CCtxParams_init
0000000003c6f470 T ZSTD_CCtxParams_init_advanced
0000000003c6f5d0 T ZSTD_checkCParams
0000000003c6f640 T ZSTD_cParam_getBounds
0000000003c6f7a0 T ZSTD_minCLevel
0000000003c6f7b0 T ZSTD_maxCLevel
0000000003c6f7c0 T ZSTD_CCtx_setParameter
0000000003c6f860 T ZSTD_CCtxParams_setParameter
0000000003c6fca0 T ZSTD_CCtx_getParameter
0000000003c6fcb0 T ZSTD_CCtxParams_getParameter
0000000003c6fe10 T ZSTD_CCtx_setParametersUsingCCtxParams
0000000003c6fe50 T ZSTD_CCtx_setCParams
0000000003c6ff00 T ZSTD_CCtx_setFParams
0000000003c6ff50 T ZSTD_CCtx_setParams
0000000003c70050 T ZSTD_CCtx_setPledgedSrcSize
0000000003c70070 T ZSTD_CCtx_loadDictionary_advanced
0000000003c70260 T ZSTD_CCtx_loadDictionary_byReference
0000000003c702c0 T ZSTD_CCtx_loadDictionary
0000000003c70390 T ZSTD_CCtx_refCDict
0000000003c703d0 T ZSTD_CCtx_refThreadPool
0000000003c703f0 T ZSTD_CCtx_refPrefix
0000000003c70450 T ZSTD_CCtx_refPrefix_advanced
0000000003c704b0 T ZSTD_CCtx_reset
0000000003c70560 T ZSTD_adjustCParams
0000000003c70b70 T ZSTD_estimateCCtxSize_usingCCtxParams
0000000003c70ec0 T ZSTD_estimateCCtxSize_usingCParams
0000000003c711d0 T ZSTD_estimateCCtxSize
0000000003c715b0 T ZSTD_estimateCStreamSize_usingCCtxParams
0000000003c716f0 T ZSTD_estimateCStreamSize_usingCParams
0000000003c718d0 T ZSTD_estimateCStreamSize
0000000003c71a20 T ZSTD_getFrameProgression
0000000003c71a70 T ZSTD_toFlushNow
0000000003c71a80 T ZSTD_copyCCtx
0000000003c71d80 T ZSTD_sequenceBound
0000000003c71da0 T ZSTD_generateSequences
0000000003c71f40 T ZSTD_compress2
0000000003c72000 T ZSTD_mergeBlockDelimiters
0000000003c724d0 T ZSTD_writeSkippableFrame
0000000003c733c0 T ZSTD_compressContinue
0000000003c733e0 T ZSTD_getBlockSize
0000000003c73400 T ZSTD_compressBlock
0000000003c740f0 T ZSTD_compressBegin_advanced
0000000003c743e0 T ZSTD_compressBegin_usingDict
0000000003c74770 T ZSTD_compressBegin
0000000003c74a40 T ZSTD_compressEnd
0000000003c74a50 T ZSTD_compress_advanced
0000000003c74d90 T ZSTD_compress_usingDict
0000000003c74f70 T ZSTD_compressCCtx
0000000003c751b0 T ZSTD_compress
0000000003c75490 T ZSTD_estimateCDictSize_advanced
0000000003c75500 T ZSTD_estimateCDictSize
0000000003c755b0 T ZSTD_sizeof_CDict
0000000003c755e0 T ZSTD_createCDict_advanced
0000000003c756c0 T ZSTD_createCDict_advanced2
0000000003c75c90 T ZSTD_freeCDict
0000000003c75d30 T ZSTD_createCDict
0000000003c75e60 T ZSTD_createCDict_byReference
0000000003c75f90 T ZSTD_initStaticCDict
0000000003c761a0 T ZSTD_getDictID_fromCDict
0000000003c761b0 T ZSTD_compressBegin_usingCDict_advanced
0000000003c76460 T ZSTD_compressBegin_usingCDict
0000000003c765c0 T ZSTD_compress_usingCDict_advanced
0000000003c76630 T ZSTD_compress_usingCDict
0000000003c766a0 T ZSTD_createCStream
0000000003c76770 T ZSTD_createCStream_advanced
0000000003c768b0 T ZSTD_initStaticCStream
0000000003c768c0 T ZSTD_freeCStream
0000000003c769a0 T ZSTD_CStreamInSize
0000000003c769b0 T ZSTD_CStreamOutSize
0000000003c769c0 T ZSTD_resetCStream
0000000003c769e0 T ZSTD_initCStream_usingCDict_advanced
0000000003c76a20 T ZSTD_initCStream_usingCDict
0000000003c76a60 T ZSTD_initCStream_advanced
0000000003c76bd0 T ZSTD_initCStream_usingDict
0000000003c76cd0 T ZSTD_initCStream_srcSize
0000000003c76d70 T ZSTD_initCStream
0000000003c76df0 T ZSTD_compressStream
0000000003c76e50 T ZSTD_compressStream2
0000000003c77970 T ZSTD_compressStream2_simpleArgs
0000000003c779f0 T ZSTD_compressSequences
0000000003c78550 T ZSTD_compressSequencesAndLiterals
0000000003c78900 T ZSTD_flushStream
0000000003c78980 T ZSTD_endStream
0000000003c78a30 T ZSTD_defaultCLevel
0000000003c78a40 T ZSTD_getCParams
0000000003c78a70 T ZSTD_getParams
0000000003c78ab0 T ZSTD_registerSequenceProducer
0000000003c78ad0 T ZSTD_CCtxParams_registerSequenceProducer
0000000004303bd0 T FT_Get_Advance
0000000004303e80 T FT_Get_Advances
0000000004304010 T FT_Palette_Data_Get
0000000004304070 T FT_Palette_Select
00000000043040f0 T FT_Palette_Set_Foreground_Color
0000000004304120 T FT_Error_String
0000000004304130 T FT_Get_Font_Format
0000000004304160 T FT_Get_X11_Font_Format
0000000004305660 T FT_Library_SetLcdFilterWeights
0000000004305670 T FT_Library_SetLcdFilter
0000000004305680 T FT_Library_SetLcdGeometry
0000000004305e00 T FT_Get_Module
0000000004305e70 T FT_Outline_Get_CBox
00000000043065e0 T FT_Set_Transform
0000000004306690 T FT_Get_Transform
00000000043066c0 T FT_Load_Glyph
0000000004306ea0 T FT_Outline_Check
0000000004306fe0 T FT_MulDiv
0000000004307060 T FT_Outline_Transform
0000000004307140 T FT_Outline_Translate
00000000043071f0 T FT_Vector_Transform
0000000004307290 T FT_Render_Glyph
00000000043072c0 T FT_Load_Char
0000000004307310 T FT_Get_Char_Index
0000000004307480 T FT_Get_CMap_Format
0000000004307510 T FT_New_Face
00000000043080c0 T FT_New_Memory_Face
0000000004308140 T FT_Open_Face
0000000004308150 T FT_Attach_File
0000000004308240 T FT_Attach_Stream
0000000004308330 T FT_Reference_Face
0000000004308350 T FT_Done_Face
0000000004308400 T FT_List_Find
0000000004308430 T FT_List_Remove
0000000004308700 T FT_New_Size
00000000043088c0 T FT_List_Add
0000000004308900 T FT_Done_Size
0000000004308db0 T FT_DivFix
0000000004309220 T FT_Select_Size
0000000004309270 T FT_Request_Size
0000000004309360 T FT_Set_Char_Size
0000000004309400 T FT_Set_Pixel_Sizes
0000000004309490 T FT_Get_Kerning
0000000004309610 T FT_Get_Track_Kerning
00000000043096a0 T FT_Select_Charmap
0000000004309710 T FT_Set_Charmap
0000000004309810 T FT_Get_Charmap_Index
0000000004309af0 T FT_Get_First_Char
0000000004309be0 T FT_Get_Next_Char
0000000004309c90 T FT_Face_Properties
0000000004309d60 T FT_Face_GetCharVariantIndex
0000000004309ea0 T FT_Face_GetCharVariantIsDefault
0000000004309fa0 T FT_Face_GetVariantSelectors
000000000430a0c0 T FT_Face_GetVariantsOfChar
000000000430a1e0 T FT_Face_GetCharsOfVariant
000000000430a300 T FT_Get_Name_Index
000000000430a3a0 T FT_Get_Glyph_Name
000000000430a490 T FT_Get_Postscript_Name
000000000430a520 T FT_Get_Sfnt_Table
000000000430a580 T FT_Load_Sfnt_Table
000000000430a620 T FT_Sfnt_Table_Info
000000000430a6d0 T FT_Get_CMap_Language_ID
000000000430a750 T FT_Activate_Size
000000000430a7d0 T FT_Get_Renderer
000000000430a810 T FT_Set_Renderer
000000000430a900 T FT_List_Up
000000000430acb0 T FT_Get_Color_Glyph_Layer
000000000430ad00 T FT_Add_Module
000000000430aee0 T FT_Remove_Module
000000000430b3f0 T FT_Property_Set
000000000430b4f0 T FT_Property_Get
000000000430b6e0 T FT_Reference_Library
000000000430b700 T FT_New_Library
000000000430b790 T FT_Library_Version
000000000430b7d0 T FT_Done_Library
000000000430ba50 T FT_Set_Debug_Hook
000000000430ba70 T FT_Get_TrueType_Engine_Type
000000000430bb10 T FT_Get_SubGlyph_Info
000000000430bb80 T FT_Get_Color_Glyph_Paint
000000000430bbb0 T FT_Get_Color_Glyph_ClipBox
000000000430bbe0 T FT_Get_Paint_Layers
000000000430bc10 T FT_Get_Paint
000000000430bc50 T FT_Get_Colorline_Stops
000000000430bc90 T FT_Outline_Decompose
000000000430c130 T FT_Outline_New
000000000430c340 T FT_Outline_Done
000000000430c3f0 T FT_Outline_Copy
000000000430c4c0 T FT_Outline_Reverse
000000000430c5d0 T FT_Outline_Render
000000000430c780 T FT_Outline_Get_Bitmap
000000000430c800 T FT_Outline_Embolden
000000000430c810 T FT_Outline_EmboldenXY
000000000430cf60 T FT_Outline_Get_Orientation
000000000430eb00 T FT_Get_Sfnt_Name_Count
000000000430eb20 T FT_Get_Sfnt_Name
000000000430ec60 T FT_Get_Sfnt_LangTag
000000000430f800 T FT_Cos
000000000430f950 T FT_Vector_Unit
000000000430fac0 T FT_Sin
000000000430fc10 T FT_Tan
000000000430fdb0 T FT_Atan2
000000000430fee0 T FT_Vector_Rotate
0000000004310110 T FT_Vector_Length
00000000043106d0 T FT_Vector_Polarize
0000000004310870 T FT_Vector_From_Polar
0000000004310890 T FT_Angle_Diff
0000000004310920 T FT_RoundFix
0000000004310940 T FT_CeilFix
0000000004310950 T FT_FloorFix
0000000004310a20 T FT_MulFix
0000000004310a40 T FT_Matrix_Multiply
0000000004310b60 T FT_Matrix_Invert
00000000043116c0 T FT_List_Insert
00000000043116f0 T FT_List_Iterate
0000000004311750 T FT_List_Finalize
0000000004313970 T FT_Glyph_Copy
0000000004313a70 T FT_Done_Glyph
0000000004313ab0 T FT_New_Glyph
0000000004313ba0 T FT_Get_Glyph
0000000004313d30 T FT_Glyph_Transform
0000000004313d80 T FT_Glyph_Get_CBox
0000000004313e50 T FT_Glyph_To_Bitmap
0000000004314130 T FT_Bitmap_Init
0000000004314150 T FT_Bitmap_New
0000000004314170 T FT_Bitmap_Copy
00000000043143d0 T FT_Bitmap_Embolden
0000000004314e50 T FT_Bitmap_Convert
0000000004315b40 T FT_Bitmap_Done
0000000004315b90 T FT_Bitmap_Blend
00000000043162d0 T FT_GlyphSlot_Own_Bitmap
0000000004316380 T FT_Add_Default_Modules
00000000043164b0 T FT_Set_Default_Properties
00000000043168e0 T FT_Init_FreeType
0000000004316940 T FT_Done_FreeType
00000000043240e0 T FT_Get_Multi_Master
0000000004324190 T FT_Get_MM_Var
0000000004324240 T FT_Done_MM_Var
0000000004324260 T FT_Set_MM_Design_Coordinates
0000000004324370 T FT_Set_MM_WeightVector
0000000004324480 T FT_Get_MM_WeightVector
0000000004324550 T FT_Set_Var_Design_Coordinates
0000000004324730 T FT_Get_Var_Design_Coordinates
00000000043247f0 T FT_Set_MM_Blend_Coordinates
00000000043249c0 T FT_Set_Var_Blend_Coordinates
0000000004324b80 T FT_Get_MM_Blend_Coordinates
0000000004324c40 T FT_Get_Var_Blend_Coordinates
0000000004324d00 T FT_Get_Var_Axis_Flags
0000000004324d30 T FT_Set_Named_Instance
0000000004324ee0 T FT_Get_Default_Named_Instance
0000000004324f90 T FT_Outline_GetInsideBorder
0000000004324fb0 T FT_Outline_GetOutsideBorder
0000000004324fd0 T FT_Stroker_New
00000000043250d0 T FT_Stroker_Set
0000000004325130 T FT_Stroker_Rewind
0000000004325170 T FT_Stroker_Done
0000000004325260 T FT_Stroker_LineTo
0000000004325b60 T FT_Stroker_ConicTo
00000000043266e0 T FT_Stroker_CubicTo
0000000004327520 T FT_Stroker_BeginSubPath
0000000004327570 T FT_Stroker_EndSubPath
0000000004327af0 T FT_Stroker_GetBorderCounts
0000000004327bb0 T FT_Stroker_GetCounts
0000000004327cf0 T FT_Stroker_ExportBorder
0000000004327fe0 T FT_Stroker_Export
00000000043285b0 T FT_Stroker_ParseOutline
00000000043289c0 T FT_Glyph_Stroke
0000000004328bd0 T FT_Glyph_StrokeBorder
000000000433be30 T FT_Stream_OpenGzip
000000000433c4a0 T FT_Gzip_Uncompress
000000000433c710 T FT_Stream_OpenLZW
000000000435eea0 T FT_Trace_Set_Level
000000000435eeb0 T FT_Trace_Set_Default_Level
000000000435eec0 T FT_Set_Log_Handler
000000000435eed0 T FT_Set_Default_Log_Handler
0000000004360c90 T TT_New_Context
0000000004360d60 T TT_RunIns
0000000004509f20 T _ZN6swappy19ChoreographerFilterC1ENSt6__ndk16chrono8durationIxNS1_5ratioILl1ELl1000000000EEEEES6_NS1_8functionIFS6_NS1_8optionalIS6_EEEEE
0000000004509f20 T _ZN6swappy19ChoreographerFilterC2ENSt6__ndk16chrono8durationIxNS1_5ratioILl1ELl1000000000EEEEES6_NS1_8functionIFS6_NS1_8optionalIS6_EEEEE
000000000450a080 T _ZN6swappy19ChoreographerFilter19launchThreadsLockedEv
000000000450a1b0 T _ZN6swappy19ChoreographerFilterD1Ev
000000000450a1b0 T _ZN6swappy19ChoreographerFilterD2Ev
000000000450a2e0 T _ZN6swappy19ChoreographerFilter22terminateThreadsLockedEv
000000000450a360 T _ZN6swappy19ChoreographerFilter15onChoreographerENSt6__ndk18optionalINS1_6chrono8durationIxNS1_5ratioILl1ELl1000000000EEEEEEE
000000000450a3c0 T _ZN6swappy19ChoreographerFilter17onSettingsChangedEv
000000000450a4c0 T _ZN6swappy19ChoreographerFilter10threadMainEbi
000000000450aaa0 W _ZN7gamesdk5Trace6createEv
000000000450ad20 W _ZNSt6__ndk16vectorIN6swappy6ThreadENS_9allocatorIS2_EEE21__push_back_slow_pathIS2_EEvOT_
000000000450ae60 W _ZNSt6__ndk112basic_stringIcNS_11char_traitsIcEENS_9allocatorIcEEE6appendEPKcm
000000000450af10 W _ZNSt6__ndk112basic_stringIcNS_11char_traitsIcEENS_9allocatorIcEEE21__grow_by_and_replaceEmmmmmmPKc
000000000450b050 T _ZN6swappy22NDKChoreographerThreadC1ENSt6__ndk18functionIFvNS1_8optionalINS1_6chrono8durationIxNS1_5ratioILl1ELl1000000000EEEEEEEEEENS2_IFvvEEE
000000000450b050 T _ZN6swappy22NDKChoreographerThreadC2ENSt6__ndk18functionIFvNS1_8optionalINS1_6chrono8durationIxNS1_5ratioILl1ELl1000000000EEEEEEEEEENS2_IFvvEEE
000000000450b4d0 T _ZN6swappy19ChoreographerThreadC2ENSt6__ndk18functionIFvNS1_8optionalINS1_6chrono8durationIxNS1_5ratioILl1ELl1000000000EEEEEEEEEE
000000000450b530 T _ZN6swappy22NDKChoreographerThreadD1Ev
000000000450b530 T _ZN6swappy22NDKChoreographerThreadD2Ev
000000000450b630 T _ZN6swappy19ChoreographerThreadD1Ev
000000000450b630 T _ZN6swappy19ChoreographerThreadD2Ev
000000000450b670 T _ZN6swappy22NDKChoreographerThreadD0Ev
000000000450b690 T _ZN6swappy22NDKChoreographerThread12looperThreadEv
000000000450b930 T _ZN6swappy22NDKChoreographerThread25scheduleNextFrameCallbackEv
000000000450b970 T _ZN6swappy23JavaChoreographerThreadC1EP7_JavaVMP8_jobjectNSt6__ndk18functionIFvNS5_8optionalINS5_6chrono8durationIxNS5_5ratioILl1ELl1000000000EEEEEEEEEE
000000000450b970 T _ZN6swappy23JavaChoreographerThreadC2EP7_JavaVMP8_jobjectNSt6__ndk18functionIFvNS5_8optionalINS5_6chrono8durationIxNS5_5ratioILl1ELl1000000000EEEEEEEEEE
000000000450c5d0 T _ZN6swappy23JavaChoreographerThreadD1Ev
000000000450c5d0 T _ZN6swappy23JavaChoreographerThreadD2Ev
000000000450c6f0 T _ZN6swappy23JavaChoreographerThreadD0Ev
000000000450c710 T _ZN6swappy23JavaChoreographerThread25scheduleNextFrameCallbackEv
000000000450c770 T _ZN6swappy23JavaChoreographerThread15onChoreographerEl
000000000450c780 T Java_com_google_androidgamesdk_ChoreographerCallback_nOnChoreographer
000000000450c790 T _ZN6swappy21NoChoreographerThreadC1ENSt6__ndk18functionIFvNS1_8optionalINS1_6chrono8durationIxNS1_5ratioILl1ELl1000000000EEEEEEEEEE
000000000450c790 T _ZN6swappy21NoChoreographerThreadC2ENSt6__ndk18functionIFvNS1_8optionalINS1_6chrono8durationIxNS1_5ratioILl1ELl1000000000EEEEEEEEEE
000000000450c9e0 T _ZN6swappy21NoChoreographerThreadD1Ev
000000000450c9e0 T _ZN6swappy21NoChoreographerThreadD2Ev
000000000450cad0 T _ZN6swappy21NoChoreographerThreadD0Ev
000000000450caf0 T _ZN6swappy21NoChoreographerThread17onSettingsChangedEv
000000000450cb30 T _ZN6swappy21NoChoreographerThread12looperThreadEv
000000000450cea0 T _ZN6swappy21NoChoreographerThread18postFrameCallbacksEv
000000000450cef0 T _ZN6swappy21NoChoreographerThread25scheduleNextFrameCallbackEv
000000000450cf00 T _ZN6swappy19ChoreographerThreadD0Ev
000000000450cf10 T _ZN6swappy19ChoreographerThread18postFrameCallbacksEv
000000000450d050 T _ZN6swappy19ChoreographerThread15onChoreographerENSt6__ndk18optionalINS1_6chrono8durationIxNS1_5ratioILl1ELl1000000000EEEEEEE
000000000450d1f0 T _ZN6swappy19ChoreographerThread25createChoreographerThreadENS0_4TypeEP7_JavaVMP8_jobjectNSt6__ndk18functionIFvNS6_8optionalINS6_6chrono8durationIxNS6_5ratioILl1ELl1000000000EEEEEEEEEENS7_IFvvEEENS_10SdkVersionE
000000000450d5b0 W _ZN6swappy23JavaChoreographerThread15onChoreographerENSt6__ndk18optionalINS1_6chrono8durationIxNS1_5ratioILl1ELl1000000000EEEEEEE
000000000450d650 W _ZNSt6__ndk112basic_stringIcNS_11char_traitsIcEENS_9allocatorIcEEE6assignEPKcm
000000000450d6f0 W _ZNSt6__ndk113basic_ostreamIcNS_11char_traitsIcEEE5writeEPKcl
000000000450d7c0 W _ZNSt6__ndk114basic_ofstreamIcNS_11char_traitsIcEEED1Ev
000000000450d800 W _ZNSt6__ndk113basic_filebufIcNS_11char_traitsIcEEEC2Ev
000000000450d920 W _ZNSt6__ndk113basic_ostreamIcNS_11char_traitsIcEEED1Ev
000000000450d930 W _ZNSt6__ndk113basic_ostreamIcNS_11char_traitsIcEEED0Ev
000000000450d950 W _ZTv0_n24_NSt6__ndk113basic_ostreamIcNS_11char_traitsIcEEED1Ev
000000000450d970 W _ZTv0_n24_NSt6__ndk113basic_ostreamIcNS_11char_traitsIcEEED0Ev
000000000450d9a0 W _ZNSt6__ndk114basic_ofstreamIcNS_11char_traitsIcEEED0Ev
000000000450d9f0 W _ZTv0_n24_NSt6__ndk114basic_ofstreamIcNS_11char_traitsIcEEED1Ev
000000000450da40 W _ZTv0_n24_NSt6__ndk114basic_ofstreamIcNS_11char_traitsIcEEED0Ev
000000000450daa0 W _ZNSt6__ndk113basic_filebufIcNS_11char_traitsIcEEED2Ev
000000000450db40 W _ZNSt6__ndk113basic_filebufIcNS_11char_traitsIcEEED0Ev
000000000450db60 W _ZNSt6__ndk113basic_filebufIcNS_11char_traitsIcEEE5imbueERKNS_6localeE
000000000450dc60 W _ZNSt6__ndk113basic_filebufIcNS_11char_traitsIcEEE6setbufEPcl
000000000450dd70 W _ZNSt6__ndk113basic_filebufIcNS_11char_traitsIcEEE7seekoffExNS_8ios_base7seekdirEj
000000000450de20 W _ZNSt6__ndk113basic_filebufIcNS_11char_traitsIcEEE7seekposENS_4fposI9mbstate_tEEj
000000000450de80 W _ZNSt6__ndk113basic_filebufIcNS_11char_traitsIcEEE4syncEv
000000000450e0c0 W _ZNSt6__ndk115basic_streambufIcNS_11char_traitsIcEEE9showmanycEv
000000000450e0d0 W _ZNSt6__ndk115basic_streambufIcNS_11char_traitsIcEEE6xsgetnEPcl
000000000450e1a0 W _ZNSt6__ndk113basic_filebufIcNS_11char_traitsIcEEE9underflowEv
000000000450e430 W _ZNSt6__ndk115basic_streambufIcNS_11char_traitsIcEEE5uflowEv
000000000450e460 W _ZNSt6__ndk113basic_filebufIcNS_11char_traitsIcEEE9pbackfailEi
000000000450e4b0 W _ZNSt6__ndk115basic_streambufIcNS_11char_traitsIcEEE6xsputnEPKcl
000000000450e550 W _ZNSt6__ndk113basic_filebufIcNS_11char_traitsIcEEE8overflowEi
000000000450e7d0 W _ZNSt6__ndk115basic_streambufIcNS_11char_traitsIcEEED2Ev
000000000450e7f0 W _ZNSt6__ndk115basic_streambufIcNS_11char_traitsIcEEED0Ev
000000000450e820 W _ZNSt6__ndk115basic_streambufIcNS_11char_traitsIcEEE5imbueERKNS_6localeE
000000000450e830 W _ZNSt6__ndk115basic_streambufIcNS_11char_traitsIcEEE6setbufEPcl
000000000450e840 W _ZNSt6__ndk115basic_streambufIcNS_11char_traitsIcEEE7seekoffExNS_8ios_base7seekdirEj
000000000450e850 W _ZNSt6__ndk115basic_streambufIcNS_11char_traitsIcEEE7seekposENS_4fposI9mbstate_tEEj
000000000450e860 W _ZNSt6__ndk115basic_streambufIcNS_11char_traitsIcEEE4syncEv
000000000450e870 W _ZNSt6__ndk115basic_streambufIcNS_11char_traitsIcEEE9underflowEv
000000000450e880 W _ZNSt6__ndk115basic_streambufIcNS_11char_traitsIcEEE9pbackfailEi
000000000450e890 W _ZNSt6__ndk115basic_streambufIcNS_11char_traitsIcEEE8overflowEi
000000000450e8b0 W _ZNSt6__ndk113basic_ostreamIcNS_11char_traitsIcEEE5flushEv
000000000450e970 W _ZNSt6__ndk120__shared_ptr_emplaceINS_5mutexENS_9allocatorIS1_EEED2Ev
000000000450e9a0 W _ZNSt6__ndk120__shared_ptr_emplaceINS_5mutexENS_9allocatorIS1_EEED0Ev
000000000450e9d0 W _ZNSt6__ndk120__shared_ptr_emplaceINS_5mutexENS_9allocatorIS1_EEE16__on_zero_sharedEv
000000000450e9e0 W _ZNSt6__ndk120__shared_ptr_emplaceINS_5mutexENS_9allocatorIS1_EEE21__on_zero_shared_weakEv
000000000450ebd0 T _ZN6swappy9to_stringEi
000000000450ecd0 W _ZNSt6__ndk112basic_stringIcNS_11char_traitsIcEENS_9allocatorIcEEEC2IDnEEPKc
000000000450ed70 T _ZN6swappy7CpuInfoC1Ev
000000000450ed70 T _ZN6swappy7CpuInfoC2Ev
000000000450fca0 T _ZNK6swappy7CpuInfo15getNumberOfCpusEv
000000000450fcc0 T _ZNK6swappy7CpuInfo7getCpusEv
000000000450fcd0 T _ZNK6swappy7CpuInfo11getHardwareEv
000000000450fcf0 W _ZNSt6__ndk112basic_stringIcNS_11char_traitsIcEENS_9allocatorIcEEEC2ERKS5_
000000000450fd90 T _ZNK6swappy7CpuInfo22getNumberOfLittleCoresEv
000000000450fda0 T _ZNK6swappy7CpuInfo19getNumberOfBigCoresEv
000000000450fdb0 T _ZNK6swappy7CpuInfo18getLittleCoresMaskEv
000000000450fe00 T _ZNK6swappy7CpuInfo15getBigCoresMaskEv
000000000450fe60 T _ZN6swappy7to_maskE9cpu_set_t
000000000450fed0 W _ZNSt6__ndk112basic_stringIcNS_11char_traitsIcEENS_9allocatorIcEEEC2ERKS5_mmRKS4_
0000000004510010 T _ZN6swappy8Settings11getInstanceEv
0000000004510060 T _ZN6swappy8Settings5resetEv
00000000045100f0 T _ZN6swappy8Settings11addListenerENSt6__ndk18functionIFvvEEE
0000000004510170 T _ZN6swappy8Settings18removeAllListenersEv
00000000045101d0 T _ZN6swappy8Settings17setDisplayTimingsERKNS0_14DisplayTimingsE
0000000004510210 T _ZN6swappy8Settings15notifyListenersEv
0000000004510300 T _ZN6swappy8Settings15setSwapDurationEm
0000000004510330 T _ZN6swappy8Settings14setUseAffinityEb
0000000004510360 T _ZNK6swappy8Settings17getDisplayTimingsEv
0000000004510390 T _ZNK6swappy8Settings15getSwapDurationEv
00000000045103c0 T _ZNK6swappy8Settings14getUseAffinityEv
00000000045103e0 W _ZNSt6__ndk16vectorINS_8functionIFvvEEENS_9allocatorIS3_EEE24__emplace_back_slow_pathIJS3_EEEvDpOT_
00000000045105d0 W _ZNSt6__ndk16vectorINS_8functionIFvvEEENS_9allocatorIS3_EEE6assignIPS3_EENS_9enable_ifIXaasr21__is_forward_iteratorIT_EE5valuesr16is_constructibleIS3_NS_15iterator_traitsISA_E9referenceEEE5valueEvE4typeESA_SA_
0000000004510a20 T _ZN6swappy10getNumCpusEv
0000000004510b10 T _ZN6swappy11setAffinityEi
0000000004510bb0 T _ZN6swappy11setAffinityENS_8AffinityE
0000000004510d60 T _ZN6swappy6ThreadC1Ev
0000000004510d60 T _ZN6swappy6ThreadC2Ev
0000000004510d70 T _ZN6swappy6ThreadD1Ev
0000000004510d70 T _ZN6swappy6ThreadD2Ev
0000000004510d90 T _ZN6swappy6ThreadC1EONSt6__ndk18functionIFvvEEE
0000000004510d90 T _ZN6swappy6ThreadC2EONSt6__ndk18functionIFvvEEE
0000000004510e70 T _ZN6swappy6ThreadC1EOS0_
0000000004510e70 T _ZN6swappy6ThreadC2EOS0_
0000000004510e80 T _ZN6swappy6ThreadaSEOS0_
0000000004510eb0 T _ZN6swappy6Thread4joinEv
0000000004510ec0 T _ZN6swappy6Thread8joinableEv
0000000004510ee0 T Swappy_setThreadFunctions
0000000004510ef0 W _ZN6swappy13ExtThreadImpl11startThreadEPv
0000000004510f10 W _ZN6swappy13ExtThreadImplD2Ev
0000000004510f40 W _ZN6swappy13ExtThreadImplD0Ev
0000000004510f80 W _ZN6swappy13ExtThreadImpl8joinableEv
0000000004510f90 W _ZN6swappy13ExtThreadImpl4joinEv
00000000045110d0 W _ZN6swappy13StlThreadImplD2Ev
00000000045110f0 W _ZN6swappy13StlThreadImplD0Ev
0000000004511120 W _ZN6swappy13StlThreadImpl8joinableEv
0000000004511130 W _ZN6swappy13StlThreadImpl4joinEv
0000000004511140 W _ZNSt6__ndk114__thread_proxyINS_5tupleIJNS_10unique_ptrINS_15__thread_structENS_14default_deleteIS3_EEEENS_8functionIFvvEEEEEEEEPvSB_
00000000045111d0 T Java_com_google_androidgamesdk_SwappyDisplayManager_nSetSupportedRefreshPeriods
0000000004511480 T Java_com_google_androidgamesdk_SwappyDisplayManager_nOnRefreshPeriodChanged
00000000045114d0 T _ZN6swappy20SwappyDisplayManager17usesMinSdkOrLaterENS_10SdkVersionE
00000000045114e0 T _ZN6swappy20SwappyDisplayManager23useSwappyDisplayManagerENS_10SdkVersionE
0000000004511510 T _ZN6swappy20SwappyDisplayManagerC1EP7_JavaVMP8_jobject
0000000004511510 T _ZN6swappy20SwappyDisplayManagerC2EP7_JavaVMP8_jobject
00000000045120c0 T _ZN6swappy20SwappyDisplayManagerD1Ev
00000000045120c0 T _ZN6swappy20SwappyDisplayManagerD2Ev
0000000004512170 T _ZN6swappy20SwappyDisplayManager26getSupportedRefreshPeriodsEv
0000000004512220 T _ZN6swappy20SwappyDisplayManager25setPreferredDisplayModeIdEi
0000000004512280 T _ZN6swappy23SwappyDisplayManagerJNI28onSetSupportedRefreshPeriodsElNSt6__ndk110shared_ptrINS1_3mapINS1_6chrono8durationIxNS1_5ratioILl1ELl1000000000EEEEEiNS1_4lessIS8_EENS1_9allocatorINS1_4pairIKS8_iEEEEEEEE
00000000045122f0 T _ZN6swappy23SwappyDisplayManagerJNI22onRefreshPeriodChangedEllll
0000000004512340 W _ZNSt6__ndk120__shared_ptr_emplaceINS_3mapINS_6chrono8durationIxNS_5ratioILl1ELl1000000000EEEEEiNS_4lessIS6_EENS_9allocatorINS_4pairIKS6_iEEEEEENS9_ISE_EEED2Ev
0000000004512370 W _ZNSt6__ndk120__shared_ptr_emplaceINS_3mapINS_6chrono8durationIxNS_5ratioILl1ELl1000000000EEEEEiNS_4lessIS6_EENS_9allocatorINS_4pairIKS6_iEEEEEENS9_ISE_EEED0Ev
00000000045123a0 W _ZNSt6__ndk120__shared_ptr_emplaceINS_3mapINS_6chrono8durationIxNS_5ratioILl1ELl1000000000EEEEEiNS_4lessIS6_EENS_9allocatorINS_4pairIKS6_iEEEEEENS9_ISE_EEE16__on_zero_sharedEv
00000000045123b0 W _ZNSt6__ndk120__shared_ptr_emplaceINS_3mapINS_6chrono8durationIxNS_5ratioILl1ELl1000000000EEEEEiNS_4lessIS6_EENS_9allocatorINS_4pairIKS6_iEEEEEENS9_ISE_EEE21__on_zero_shared_weakEv
00000000045123c0 W _ZNSt6__ndk16__treeINS_12__value_typeINS_6chrono8durationIxNS_5ratioILl1ELl1000000000EEEEEiEENS_19__map_value_compareIS6_S7_NS_4lessIS6_EELb1EEENS_9allocatorIS7_EEE7destroyEPNS_11__tree_nodeIS7_PvEE
0000000004512400 W _ZNSt6__ndk127__tree_balance_after_insertIPNS_16__tree_node_baseIPvEEEEvT_S5_
0000000004512570 T SwappyVk_determineDeviceExtensions
00000000045127b0 T SwappyVk_setQueueFamilyIndex
00000000045129a0 T SwappyVk_initAndGetRefreshCycleDuration
0000000004512bb0 T SwappyVk_setWindow
0000000004512da0 T SwappyVk_setSwapIntervalNS
0000000004512f90 T SwappyVk_queuePresent
0000000004513160 T SwappyVk_destroySwapchain
0000000004513330 T SwappyVk_destroyDevice
0000000004513500 T SwappyVk_setAutoSwapInterval
00000000045136d0 T SwappyVk_setAutoPipelineMode
00000000045138a0 T SwappyVk_setFenceTimeoutNS
0000000004513a70 T SwappyVk_setMaxAutoSwapIntervalNS
0000000004513c40 T SwappyVk_getFenceTimeoutNS
0000000004513e00 T SwappyVk_injectTracer
0000000004513fd0 T SwappyVk_uninjectTracer
00000000045141a0 T SwappyVk_setFunctionProvider
0000000004514370 T SwappyVk_getSwapIntervalNS
0000000004514540 T SwappyVk_getSupportedRefreshPeriodsNS
0000000004514720 T SwappyVk_isEnabled
00000000045148f0 T SwappyVk_enableStats
0000000004514ac0 T SwappyVk_getStats
0000000004514c90 T SwappyVk_recordFrameStart
0000000004514e80 T SwappyVk_clearStats
0000000004515050 T SwappyVk_resetFramePacing
0000000004515220 T SwappyVk_enableFramePacing
0000000004515370 T SwappyVk_enableBlockingWait
00000000045154c0 W _ZN6swappy8SwappyVkD2Ev
0000000004515560 W _ZNSt6__ndk16__treeINS_12__value_typeIP9VkQueue_TN6swappy8SwappyVk16QueueFamilyIndexEEENS_19__map_value_compareIS3_S7_NS_4lessIS3_EELb1EEENS_9allocatorIS7_EEE7destroyEPNS_11__tree_nodeIS7_PvEE
00000000045155a0 W _ZNSt6__ndk16__treeINS_12__value_typeIP16VkSwapchainKHR_TNS_10shared_ptrIN6swappy12SwappyVkBaseEEEEENS_19__map_value_compareIS3_S8_NS_4lessIS3_EELb1EEENS_9allocatorIS8_EEE7destroyEPNS_11__tree_nodeIS8_PvEE
0000000004515600 W _ZNSt6__ndk16__treeINS_12__value_typeIP18VkPhysicalDevice_TbEENS_19__map_value_compareIS3_S4_NS_4lessIS3_EELb1EEENS_9allocatorIS4_EEE7destroyEPNS_11__tree_nodeIS4_PvEE
0000000004515640 T Swappy_version_2_2_0_AGDK_GIT_COMMIT
0000000004515650 T Swappy_version
0000000004515660 T Swappy_versionString
0000000004515670 T _ZN6swappy8SwappyVk13InitFunctionsEv
00000000045156d0 W _ZN6swappy31DefaultSwappyVkFunctionProvider4InitEv
0000000004515700 W _ZN6swappy31DefaultSwappyVkFunctionProvider11GetProcAddrEPKc
0000000004515750 W _ZN6swappy31DefaultSwappyVkFunctionProvider5CloseEv
0000000004515770 T _ZN6swappy8SwappyVk19SetFunctionProviderEPK24SwappyVkFunctionProvider
00000000045157a0 T _ZN6swappy8SwappyVk33swappyVkDetermineDeviceExtensionsEP18VkPhysicalDevice_TjP21VkExtensionPropertiesPjPPc
0000000004515a20 T _ZN6swappy8SwappyVk19SetQueueFamilyIndexEP10VkDevice_TP9VkQueue_Tj
0000000004515b00 T _ZN6swappy8SwappyVk23GetRefreshCycleDurationEP7_JNIEnvP8_jobjectP18VkPhysicalDevice_TP10VkDevice_TP16VkSwapchainKHR_TPm
0000000004515e60 T _ZN6swappy8SwappyVk9SetWindowEP10VkDevice_TP16VkSwapchainKHR_TP13ANativeWindow
0000000004515f40 T _ZN6swappy8SwappyVk15SetSwapDurationEP10VkDevice_TP16VkSwapchainKHR_Tm
0000000004516030 T _ZN6swappy8SwappyVk12QueuePresentEP9VkQueue_TPK16VkPresentInfoKHR
0000000004516250 T _ZN6swappy8SwappyVk16DestroySwapchainEP10VkDevice_TP16VkSwapchainKHR_T
00000000045162d0 T _ZN6swappy8SwappyVk13DestroyDeviceEP10VkDevice_T
0000000004516450 T _ZN6swappy8SwappyVk19SetAutoSwapIntervalEb
0000000004516540 T _ZN6swappy8SwappyVk19SetAutoPipelineModeEb
0000000004516630 T _ZN6swappy8SwappyVk22SetMaxAutoSwapDurationENSt6__ndk16chrono8durationIxNS1_5ratioILl1ELl1000000000EEEEE
0000000004516730 T _ZN6swappy8SwappyVk15SetFenceTimeoutENSt6__ndk16chrono8durationIxNS1_5ratioILl1ELl1000000000EEEEE
0000000004516830 T _ZNK6swappy8SwappyVk15GetFenceTimeoutEv
0000000004516850 T _ZN6swappy8SwappyVk15GetSwapIntervalEP16VkSwapchainKHR_T
0000000004516890 T _ZN6swappy8SwappyVk9addTracerEPK12SwappyTracer
0000000004516990 T _ZN6swappy8SwappyVk12removeTracerEPK12SwappyTracer
0000000004516a40 W _ZNSt6__ndk14listI12SwappyTracerNS_9allocatorIS1_EEE6removeERKS1_
0000000004516c60 T _ZN6swappy8SwappyVk28GetSupportedRefreshPeriodsNSEPmiP16VkSwapchainKHR_T
0000000004516d40 T _ZN6swappy8SwappyVk9IsEnabledEP16VkSwapchainKHR_TPb
0000000004516e20 T _ZN6swappy8SwappyVk11enableStatsEP16VkSwapchainKHR_Tb
0000000004516e70 T _ZN6swappy8SwappyVk8getStatsEP16VkSwapchainKHR_TP11SwappyStats
0000000004516ec0 T _ZN6swappy8SwappyVk16recordFrameStartEP9VkQueue_TP16VkSwapchainKHR_Tj
0000000004516f10 T _ZN6swappy8SwappyVk10clearStatsEP16VkSwapchainKHR_T
0000000004516f50 T _ZN6swappy8SwappyVk16resetFramePacingEP16VkSwapchainKHR_T
0000000004516f90 T _ZN6swappy8SwappyVk17enableFramePacingEP16VkSwapchainKHR_Tb
0000000004516fd0 T _ZN6swappy8SwappyVk18enableBlockingWaitEP16VkSwapchainKHR_Tb
0000000004517010 W _ZNSt6__ndk120__shared_ptr_emplaceIN6swappy27SwappyVkGoogleDisplayTimingENS_9allocatorIS2_EEED2Ev
0000000004517080 W _ZNSt6__ndk120__shared_ptr_emplaceIN6swappy27SwappyVkGoogleDisplayTimingENS_9allocatorIS2_EEED0Ev
00000000045170f0 W _ZNSt6__ndk120__shared_ptr_emplaceIN6swappy27SwappyVkGoogleDisplayTimingENS_9allocatorIS2_EEE16__on_zero_sharedEv
0000000004517100 W _ZNSt6__ndk120__shared_ptr_emplaceIN6swappy27SwappyVkGoogleDisplayTimingENS_9allocatorIS2_EEE21__on_zero_shared_weakEv
0000000004517110 W _ZNSt6__ndk120__shared_ptr_emplaceIN6swappy16SwappyVkFallbackENS_9allocatorIS2_EEED2Ev
0000000004517140 W _ZNSt6__ndk120__shared_ptr_emplaceIN6swappy16SwappyVkFallbackENS_9allocatorIS2_EEED0Ev
0000000004517170 W _ZNSt6__ndk120__shared_ptr_emplaceIN6swappy16SwappyVkFallbackENS_9allocatorIS2_EEE16__on_zero_sharedEv
0000000004517180 W _ZNSt6__ndk120__shared_ptr_emplaceIN6swappy16SwappyVkFallbackENS_9allocatorIS2_EEE21__on_zero_shared_weakEv
0000000004517190 W _ZNSt6__ndk16__treeINS_12__value_typeIP16VkSwapchainKHR_TNS_10shared_ptrIN6swappy12SwappyVkBaseEEEEENS_19__map_value_compareIS3_S8_NS_4lessIS3_EELb1EEENS_9allocatorIS8_EEE5eraseENS_21__tree_const_iteratorIS8_PNS_11__tree_nodeIS8_PvEElEE
0000000004517240 W _ZNSt6__ndk113__tree_removeIPNS_16__tree_node_baseIPvEEEEvT_S5_
00000000045175a0 T _ZN6swappy19LoadVulkanFunctionsEPK24SwappyVkFunctionProvider
0000000004517710 T _ZN6swappy12SwappyVkBaseC2EP7_JNIEnvP8_jobjectP18VkPhysicalDevice_TP10VkDevice_TPK24SwappyVkFunctionProvider
0000000004517880 T _ZN6swappy12SwappyVkBase17initGoogExtensionEv
00000000045178c0 T _ZN6swappy12SwappyVkBaseD1Ev
00000000045178c0 T _ZN6swappy12SwappyVkBaseD2Ev
0000000004517950 T _ZN6swappy12SwappyVkBase20destroyVkSyncObjectsEv
0000000004518110 T _ZN6swappy12SwappyVkBaseD0Ev
0000000004518120 T _ZN6swappy12SwappyVkBase11doSetWindowEP13ANativeWindow
0000000004518130 T _ZN6swappy12SwappyVkBase17doSetSwapIntervalEP16VkSwapchainKHR_Tm
0000000004518150 T _ZN6swappy12SwappyVkBase23initializeVkSyncObjectsEP9VkQueue_Tj
00000000045188f0 T _ZN6swappy12SwappyVkBase21reclaimSignaledFencesEP9VkQueue_T
0000000004518db0 T _ZN6swappy12SwappyVkBase20lastFrameIsCompletedEP9VkQueue_T
0000000004518fa0 T _ZN6swappy12SwappyVkBase11injectFenceEP9VkQueue_TPK16VkPresentInfoKHRPP13VkSemaphore_T
00000000045197c0 T _ZN6swappy12SwappyVkBase19setAutoSwapIntervalEb
00000000045197d0 T _ZN6swappy12SwappyVkBase22setMaxAutoSwapDurationENSt6__ndk16chrono8durationIxNS1_5ratioILl1ELl1000000000EEEEE
00000000045197e0 T _ZN6swappy12SwappyVkBase19setAutoPipelineModeEb
00000000045197f0 T _ZN6swappy12SwappyVkBase22waitForFenceThreadMainERNS0_13ThreadContextE
0000000004519f00 T _ZN6swappy12SwappyVkBase16getLastFenceTimeEP9VkQueue_T
0000000004519f10 T _ZN6swappy12SwappyVkBase15setFenceTimeoutENSt6__ndk16chrono8durationIxNS1_5ratioILl1ELl1000000000EEEEE
0000000004519f20 T _ZNK6swappy12SwappyVkBase15getFenceTimeoutEv
0000000004519f30 T _ZN6swappy12SwappyVkBase15getSwapIntervalEv
0000000004519f40 T _ZN6swappy12SwappyVkBase9addTracerEPK12SwappyTracer
0000000004519f50 T _ZN6swappy12SwappyVkBase12removeTracerEPK12SwappyTracer
0000000004519f60 T _ZN6swappy12SwappyVkBase28getSupportedRefreshPeriodsNSEPmi
0000000004519f70 T _ZN6swappy12SwappyVkBase16resetFramePacingEv
0000000004519f80 T _ZN6swappy12SwappyVkBase17enableFramePacingEb
0000000004519f90 T _ZN6swappy12SwappyVkBase18enableBlockingWaitEb
0000000004519fa0 W _ZNSt6__ndk16__treeINS_12__value_typeIP9VkQueue_TNS_4listIN6swappy12SwappyVkBase6VkSyncENS_9allocatorIS7_EEEEEENS_19__map_value_compareIS3_SB_NS_4lessIS3_EELb1EEENS8_ISB_EEE7destroyEPNS_11__tree_nodeISB_PvEE
000000000451a020 W _ZNSt6__ndk16__treeINS_12__value_typeIP9VkQueue_TP15VkCommandPool_TEENS_19__map_value_compareIS3_S6_NS_4lessIS3_EELb1EEENS_9allocatorIS6_EEE7destroyEPNS_11__tree_nodeIS6_PvEE
000000000451a060 W _ZNSt6__ndk16__treeINS_12__value_typeIP9VkQueue_TNS_10unique_ptrIN6swappy12SwappyVkBase13ThreadContextENS_14default_deleteIS7_EEEEEENS_19__map_value_compareIS3_SB_NS_4lessIS3_EELb1EEENS_9allocatorISB_EEE7destroyEPNS_11__tree_nodeISB_PvEE
000000000451a1b0 T _ZN6swappy20SwappyCommonSettings10getFromAppEP7_JNIEnvP8_jobjectPS0_
000000000451a390 T _ZN6swappy20SwappyCommonSettings13getSDKVersionEP7_JNIEnv
000000000451a4d0 T _ZN6swappy12SwappyCommonC1EP7_JNIEnvP8_jobject
000000000451a4d0 T _ZN6swappy12SwappyCommonC2EP7_JNIEnvP8_jobject
000000000451aaa0 T _ZN6swappy12SwappyCommon19isDeviceUnsupportedEv
000000000451b0d0 T _ZN6swappy12SwappyCommonC1ERKNS_20SwappyCommonSettingsE
000000000451b0d0 T _ZN6swappy12SwappyCommonC2ERKNS_20SwappyCommonSettingsE
000000000451b570 T _ZN6swappy12SwappyCommonD1Ev
000000000451b570 T _ZN6swappy12SwappyCommonD2Ev
000000000451b860 W _ZN6swappy12SwappyCommon21SwappyTracerCallbacksD2Ev
000000000451ba50 T _ZN6swappy12SwappyCommon20onRefreshRateChangedEv
000000000451bad0 T _ZN6swappy12SwappyCommon10wakeClientENSt6__ndk18optionalINS1_6chrono8durationIxNS1_5ratioILl1ELl1000000000EEEEEEE
000000000451bb50 T _ZN6swappy12SwappyCommon15onChoreographerEl
000000000451bd90 T _ZN6swappy12SwappyCommon16waitForNextFrameERKNS0_12SwapHandlersE
000000000451c020 T _ZN6swappy12SwappyCommon16preWaitCallbacksEv
000000000451c060 T _ZN6swappy12SwappyCommon20waitUntilTargetFrameEv
000000000451c070 T _ZN6swappy12SwappyCommon12waitOneFrameEv
000000000451c080 T _ZN6swappy12SwappyCommon16addFrameDurationENS0_13FrameDurationE
000000000451c0d0 T _ZN6swappy12SwappyCommon17postWaitCallbacksENSt6__ndk16chrono8durationIxNS1_5ratioILl1ELl1000000000EEEEES6_
000000000451c130 T _ZN6swappy12SwappyCommon20updateDisplayTimingsEv
000000000451c690 T _ZN6swappy12SwappyCommon25setPreferredRefreshPeriodENSt6__ndk16chrono8durationIxNS1_5ratioILl1ELl1000000000EEEEE
000000000451c9b0 T _ZNK6swappy12SwappyCommon14FrameDurations19getAverageFrameTimeEv
000000000451ca50 T _ZN6swappy12SwappyCommon21calculateSwapIntervalENSt6__ndk16chrono8durationIxNS1_5ratioILl1ELl1000000000EEEEES6_
000000000451ca80 T _ZN6swappy12SwappyCommon14FrameDurations5clearEv
000000000451cb70 T _ZN6swappy12SwappyCommon9onPreSwapERKNS0_12SwapHandlersE
000000000451cc10 T _ZN6swappy12SwappyCommon23preSwapBuffersCallbacksEv
000000000451cc50 T _ZN6swappy12SwappyCommon10onPostSwapERKNS0_12SwapHandlersE
000000000451ce90 T _ZN6swappy12SwappyCommon24postSwapBuffersCallbacksEv
000000000451ced0 T _ZN6swappy12SwappyCommon26updateMeasuredSwapDurationENSt6__ndk16chrono8durationIxNS1_5ratioILl1ELl1000000000EEEEE
000000000451cf40 T _ZN6swappy12SwappyCommon18updateSwapIntervalEv
000000000451d290 T _ZN6swappy12SwappyCommon28swapIntervalChangedCallbacksEv
000000000451d2d0 T _ZN6swappy12SwappyCommon10startFrameEv
000000000451d780 T _ZN6swappy12SwappyCommon15getSwapDurationEv
000000000451d7c0 T _ZN6swappy12SwappyCommon14FrameDurations3addENS0_13FrameDurationE
000000000451da20 T _ZNK6swappy12SwappyCommon14FrameDurations16hasEnoughSamplesEv
000000000451da80 T _ZNK6swappy12SwappyCommon14FrameDurations21getMissedFramePercentEv
000000000451dad0 T _ZN6swappy12SwappyCommon10swapSlowerERKNS0_13FrameDurationERKNSt6__ndk16chrono8durationIxNS4_5ratioILl1ELl1000000000EEEEEi
000000000451db60 T _ZN6swappy12SwappyCommon10swapFasterEi
000000000451dbd0 T _ZN6swappy12SwappyCommon18addTracerCallbacksERK12SwappyTracer
000000000451dd80 T _ZN6swappy12SwappyCommon21removeTracerCallbacksERK12SwappyTracer
000000000451df80 T _ZN6swappy12SwappyCommon19startFrameCallbacksEv
000000000451dfe0 T _ZN6swappy12SwappyCommon19setAutoSwapIntervalEb
000000000451e0a0 T _ZN6swappy12SwappyCommon19setAutoPipelineModeEb
000000000451e230 T _ZN6swappy12SwappyCommon25setPreferredDisplayModeIdEi
000000000451e260 T _ZN6swappy12SwappyCommon17onSettingsChangedEv
000000000451e2d0 T _ZN6swappy12SwappyCommon9waitUntilEi
000000000451e490 T _ZN6swappy12SwappyCommon16setANativeWindowEP13ANativeWindow
000000000451e700 T _ZN6swappy12SwappyCommon28getSupportedRefreshPeriodsNSEPmi
000000000451e850 T _ZN6swappy12SwappyCommon16resetFramePacingEv
000000000451e880 T _ZN6swappy12SwappyCommon17enableFramePacingEb
000000000451e8c0 T _ZN6swappy12SwappyCommon18enableBlockingWaitEb
000000000451f140 W _ZNSt6__ndk15dequeINS_4pairINS_6chrono10time_pointINS2_12steady_clockENS2_8durationIxNS_5ratioILl1ELl1000000000EEEEEEEN6swappy12SwappyCommon13FrameDurationEEENS_9allocatorISD_EEE19__add_back_capacityEv
000000000451f540 W _ZNSt6__ndk114__split_bufferIPNS_4pairINS_6chrono10time_pointINS2_12steady_clockENS2_8durationIxNS_5ratioILl1ELl1000000000EEEEEEEN6swappy12SwappyCommon13FrameDurationEEENS_9allocatorISE_EEE9push_backEOSE_
000000000451f740 W _ZNSt6__ndk114__split_bufferIPNS_4pairINS_6chrono10time_pointINS2_12steady_clockENS2_8durationIxNS_5ratioILl1ELl1000000000EEEEEEEN6swappy12SwappyCommon13FrameDurationEEENS_9allocatorISE_EEE10push_frontEOSE_
000000000451f930 W _ZNSt6__ndk114__split_bufferIPNS_4pairINS_6chrono10time_pointINS2_12steady_clockENS2_8durationIxNS_5ratioILl1ELl1000000000EEEEEEEN6swappy12SwappyCommon13FrameDurationEEERNS_9allocatorISE_EEE9push_backEOSE_
000000000451fb30 W _ZNSt6__ndk114__split_bufferIPNS_4pairINS_6chrono10time_pointINS2_12steady_clockENS2_8durationIxNS_5ratioILl1ELl1000000000EEEEEEEN6swappy12SwappyCommon13FrameDurationEEERNS_9allocatorISE_EEE10push_frontERKSE_
000000000451fd20 T _ZN6swappy9CPUTracerC1Ev
000000000451fd20 T _ZN6swappy9CPUTracerC2Ev
000000000451fd90 T _ZN6swappy9CPUTracerD1Ev
000000000451fd90 T _ZN6swappy9CPUTracerD2Ev
000000000451fe10 T _ZN6swappy9CPUTracer10joinThreadEv
000000000451fea0 T _ZN6swappy9CPUTracer10startTraceEv
0000000004520010 T _ZN6swappy9CPUTracer8endTraceEv
00000000045200d0 T _ZN6swappy9CPUTracer10threadMainEv
0000000004520400 T _ZN6swappy16SwappyVkFallbackC1EP7_JNIEnvP8_jobjectP18VkPhysicalDevice_TP10VkDevice_TPK24SwappyVkFunctionProvider
0000000004520400 T _ZN6swappy16SwappyVkFallbackC2EP7_JNIEnvP8_jobjectP18VkPhysicalDevice_TP10VkDevice_TPK24SwappyVkFunctionProvider
0000000004520420 T _ZN6swappy16SwappyVkFallback25doGetRefreshCycleDurationEP16VkSwapchainKHR_TPm
0000000004520460 T _ZN6swappy16SwappyVkFallback14doQueuePresentEP9VkQueue_TjPK16VkPresentInfoKHR
0000000004520650 T _ZN6swappy16SwappyVkFallback11enableStatsEb
0000000004520660 T _ZN6swappy16SwappyVkFallback8getStatsEP11SwappyStats
0000000004520670 T _ZN6swappy16SwappyVkFallback16recordFrameStartEP9VkQueue_Tj
0000000004520680 T _ZN6swappy16SwappyVkFallback10clearStatsEv
0000000004520690 W _ZN6swappy16SwappyVkFallbackD0Ev
00000000045206c0 W _ZNSt6__ndk110__function6__funcINS_6__bindIMN6swappy12SwappyVkBaseEFbP9VkQueue_TEJPNS3_16SwappyVkFallbackERS6_EEENS_9allocatorISC_EEFbvEED0Ev
00000000045206d0 W _ZNKSt6__ndk110__function6__funcINS_6__bindIMN6swappy12SwappyVkBaseEFbP9VkQueue_TEJPNS3_16SwappyVkFallbackERS6_EEENS_9allocatorISC_EEFbvEE7__cloneEv
0000000004520700 W _ZNKSt6__ndk110__function6__funcINS_6__bindIMN6swappy12SwappyVkBaseEFbP9VkQueue_TEJPNS3_16SwappyVkFallbackERS6_EEENS_9allocatorISC_EEFbvEE7__cloneEPNS0_6__baseISF_EE
0000000004520720 W _ZNSt6__ndk110__function6__funcINS_6__bindIMN6swappy12SwappyVkBaseEFbP9VkQueue_TEJPNS3_16SwappyVkFallbackERS6_EEENS_9allocatorISC_EEFbvEE7destroyEv
0000000004520730 W _ZNSt6__ndk110__function6__funcINS_6__bindIMN6swappy12SwappyVkBaseEFbP9VkQueue_TEJPNS3_16SwappyVkFallbackERS6_EEENS_9allocatorISC_EEFbvEE18destroy_deallocateEv
0000000004520740 W _ZNSt6__ndk110__function6__funcINS_6__bindIMN6swappy12SwappyVkBaseEFbP9VkQueue_TEJPNS3_16SwappyVkFallbackERS6_EEENS_9allocatorISC_EEFbvEEclEv
0000000004520770 W _ZNSt6__ndk110__function6__funcINS_6__bindIMN6swappy12SwappyVkBaseEFNS_6chrono8durationIxNS_5ratioILl1ELl1000000000EEEEEP9VkQueue_TEJPNS3_16SwappyVkFallbackERSB_EEENS_9allocatorISH_EEFS9_vEED0Ev
0000000004520780 W _ZNKSt6__ndk110__function6__funcINS_6__bindIMN6swappy12SwappyVkBaseEFNS_6chrono8durationIxNS_5ratioILl1ELl1000000000EEEEEP9VkQueue_TEJPNS3_16SwappyVkFallbackERSB_EEENS_9allocatorISH_EEFS9_vEE7__cloneEv
00000000045207b0 W _ZNKSt6__ndk110__function6__funcINS_6__bindIMN6swappy12SwappyVkBaseEFNS_6chrono8durationIxNS_5ratioILl1ELl1000000000EEEEEP9VkQueue_TEJPNS3_16SwappyVkFallbackERSB_EEENS_9allocatorISH_EEFS9_vEE7__cloneEPNS0_6__baseISK_EE
00000000045207d0 W _ZNSt6__ndk110__function6__funcINS_6__bindIMN6swappy12SwappyVkBaseEFNS_6chrono8durationIxNS_5ratioILl1ELl1000000000EEEEEP9VkQueue_TEJPNS3_16SwappyVkFallbackERSB_EEENS_9allocatorISH_EEFS9_vEE7destroyEv
00000000045207e0 W _ZNSt6__ndk110__function6__funcINS_6__bindIMN6swappy12SwappyVkBaseEFNS_6chrono8durationIxNS_5ratioILl1ELl1000000000EEEEEP9VkQueue_TEJPNS3_16SwappyVkFallbackERSB_EEENS_9allocatorISH_EEFS9_vEE18destroy_deallocateEv
00000000045207f0 W _ZNSt6__ndk110__function6__funcINS_6__bindIMN6swappy12SwappyVkBaseEFNS_6chrono8durationIxNS_5ratioILl1ELl1000000000EEEEEP9VkQueue_TEJPNS3_16SwappyVkFallbackERSB_EEENS_9allocatorISH_EEFS9_vEEclEv
0000000004520830 T _ZN6swappy27SwappyVkGoogleDisplayTimingC1EP7_JNIEnvP8_jobjectP18VkPhysicalDevice_TP10VkDevice_TPK24SwappyVkFunctionProvider
0000000004520830 T _ZN6swappy27SwappyVkGoogleDisplayTimingC2EP7_JNIEnvP8_jobjectP18VkPhysicalDevice_TP10VkDevice_TPK24SwappyVkFunctionProvider
0000000004520900 T _ZN6swappy27SwappyVkGoogleDisplayTiming25doGetRefreshCycleDurationEP16VkSwapchainKHR_TPm
0000000004520970 T _ZN6swappy27SwappyVkGoogleDisplayTiming14doQueuePresentEP9VkQueue_TjPK16VkPresentInfoKHR
0000000004520c30 T _ZN6swappy27SwappyVkGoogleDisplayTiming11enableStatsEb
0000000004520c40 T _ZN6swappy27SwappyVkGoogleDisplayTiming16recordFrameStartEP9VkQueue_Tj
0000000004520fd0 T _ZN6swappy27SwappyVkGoogleDisplayTiming8getStatsEP11SwappyStats
0000000004521040 T _ZN6swappy27SwappyVkGoogleDisplayTiming10clearStatsEv
0000000004521050 W _ZN6swappy27SwappyVkGoogleDisplayTimingD2Ev
0000000004521090 W _ZN6swappy27SwappyVkGoogleDisplayTimingD0Ev
00000000045210e0 W _ZNSt6__ndk110__function6__funcINS_6__bindIMN6swappy12SwappyVkBaseEFbP9VkQueue_TEJPNS3_27SwappyVkGoogleDisplayTimingERS6_EEENS_9allocatorISC_EEFbvEED0Ev
00000000045210f0 W _ZNKSt6__ndk110__function6__funcINS_6__bindIMN6swappy12SwappyVkBaseEFbP9VkQueue_TEJPNS3_27SwappyVkGoogleDisplayTimingERS6_EEENS_9allocatorISC_EEFbvEE7__cloneEv
0000000004521120 W _ZNKSt6__ndk110__function6__funcINS_6__bindIMN6swappy12SwappyVkBaseEFbP9VkQueue_TEJPNS3_27SwappyVkGoogleDisplayTimingERS6_EEENS_9allocatorISC_EEFbvEE7__cloneEPNS0_6__baseISF_EE
0000000004521140 W _ZNSt6__ndk110__function6__funcINS_6__bindIMN6swappy12SwappyVkBaseEFbP9VkQueue_TEJPNS3_27SwappyVkGoogleDisplayTimingERS6_EEENS_9allocatorISC_EEFbvEE7destroyEv
0000000004521150 W _ZNSt6__ndk110__function6__funcINS_6__bindIMN6swappy12SwappyVkBaseEFbP9VkQueue_TEJPNS3_27SwappyVkGoogleDisplayTimingERS6_EEENS_9allocatorISC_EEFbvEE18destroy_deallocateEv
0000000004521160 W _ZNSt6__ndk110__function6__funcINS_6__bindIMN6swappy12SwappyVkBaseEFbP9VkQueue_TEJPNS3_27SwappyVkGoogleDisplayTimingERS6_EEENS_9allocatorISC_EEFbvEEclEv
0000000004521190 W _ZNSt6__ndk110__function6__funcINS_6__bindIMN6swappy12SwappyVkBaseEFNS_6chrono8durationIxNS_5ratioILl1ELl1000000000EEEEEP9VkQueue_TEJPNS3_27SwappyVkGoogleDisplayTimingERSB_EEENS_9allocatorISH_EEFS9_vEED0Ev
00000000045211a0 W _ZNKSt6__ndk110__function6__funcINS_6__bindIMN6swappy12SwappyVkBaseEFNS_6chrono8durationIxNS_5ratioILl1ELl1000000000EEEEEP9VkQueue_TEJPNS3_27SwappyVkGoogleDisplayTimingERSB_EEENS_9allocatorISH_EEFS9_vEE7__cloneEv
00000000045211d0 W _ZNKSt6__ndk110__function6__funcINS_6__bindIMN6swappy12SwappyVkBaseEFNS_6chrono8durationIxNS_5ratioILl1ELl1000000000EEEEEP9VkQueue_TEJPNS3_27SwappyVkGoogleDisplayTimingERSB_EEENS_9allocatorISH_EEFS9_vEE7__cloneEPNS0_6__baseISK_EE
00000000045211f0 W _ZNSt6__ndk110__function6__funcINS_6__bindIMN6swappy12SwappyVkBaseEFNS_6chrono8durationIxNS_5ratioILl1ELl1000000000EEEEEP9VkQueue_TEJPNS3_27SwappyVkGoogleDisplayTimingERSB_EEENS_9allocatorISH_EEFS9_vEE7destroyEv
0000000004521200 W _ZNSt6__ndk110__function6__funcINS_6__bindIMN6swappy12SwappyVkBaseEFNS_6chrono8durationIxNS_5ratioILl1ELl1000000000EEEEEP9VkQueue_TEJPNS3_27SwappyVkGoogleDisplayTimingERSB_EEENS_9allocatorISH_EEFS9_vEE18destroy_deallocateEv
0000000004521210 W _ZNSt6__ndk110__function6__funcINS_6__bindIMN6swappy12SwappyVkBaseEFNS_6chrono8durationIxNS_5ratioILl1ELl1000000000EEEEEP9VkQueue_TEJPNS3_27SwappyVkGoogleDisplayTimingERSB_EEENS_9allocatorISH_EEFS9_vEEclEv
0000000004521240 T _ZN6swappy15FrameStatistics13getFrameDeltaElm
0000000004521260 T _ZN6swappy15FrameStatistics10clearStatsEv
00000000045212d0 T _ZN6swappy15FrameStatistics19invalidateLastFrameEv
00000000045212f0 T _ZN6swappy15FrameStatistics16updateFrameStatsENS_12FrameTimingsEm
0000000004521400 T _ZN6swappy15FrameStatistics9logFramesEv
00000000045219d0 T _ZN6swappy15FrameStatistics11enableStatsEb
00000000045219e0 T _ZN6swappy15FrameStatistics8getStatsEv
0000000004521a20 W _ZNSt6__ndk112basic_stringIcNS_11char_traitsIcEENS_9allocatorIcEEE6insertEmPKcm
0000000004521b20 T _ZN7gamesdk19getSystemPropViaGetEPKcS1_
0000000004521ba0 T _ZN7gamesdk13GetSystemPropEPKcS1_
0000000004521c20 T _ZN7gamesdk18GetSystemPropAsIntEPKci
0000000004521d80 T _ZN7gamesdk19GetSystemPropAsBoolEPKcb
000000000453ebb8 V _ZTVNSt6__ndk120__shared_ptr_emplaceINS_15recursive_mutexENS_9allocatorIS1_EEEE
000000000453ebf0 V _ZTINSt6__ndk120__shared_ptr_emplaceINS_15recursive_mutexENS_9allocatorIS1_EEEE
000000000453ed08 V _ZTINSt6__ndk110__function6__baseIFvmEEE
0000000004543728 V _ZTINSt6__ndk110__function6__baseIFivEEE
0000000004543738 V _ZTINSt6__ndk110__function6__baseIFviPKcS3_EEE
0000000004543748 V _ZTINSt6__ndk110__function6__baseIFviibiPKcEEE
0000000004543758 V _ZTINSt6__ndk110__function6__baseIFviiPKcEEE
0000000004543778 V _ZTINSt6__ndk110__function6__baseIFviPKcEEE
000000000454a370 V _ZTINSt6__ndk110__function6__baseIFNS_6vectorIPKcNS_9allocatorIS4_EEEES4_EEE
0000000004556e08 V _ZTINSt6__ndk110__function6__baseIFvjRfS2_ffffffEEE
000000000455a6b0 V _ZTINSt6__ndk110__function6__baseIFvvEEE
0000000004579398 V _ZTVNSt6__ndk120__shared_ptr_pointerIPNS_12basic_stringIcNS_11char_traitsIcEENS_9allocatorIcEEEENS_10shared_ptrIS6_E27__shared_ptr_default_deleteIS6_S6_EENS4_IS6_EEEE
00000000045793d0 V _ZTINSt6__ndk120__shared_ptr_pointerIPNS_12basic_stringIcNS_11char_traitsIcEENS_9allocatorIcEEEENS_10shared_ptrIS6_E27__shared_ptr_default_deleteIS6_S6_EENS4_IS6_EEEE
0000000004696a78 D _ZTVN6swappy22NDKChoreographerThreadE
0000000004696ab0 D _ZTVN6swappy23JavaChoreographerThreadE
0000000004696ae8 D _ZTVN6swappy21NoChoreographerThreadE
0000000004696b20 D _ZN6swappy19ChoreographerThread15CTNativeMethodsE
0000000004696b38 D _ZTVN6swappy19ChoreographerThreadE
0000000004696b70 V _ZTVNSt6__ndk114basic_ofstreamIcNS_11char_traitsIcEEEE
0000000004696bc0 V _ZTCNSt6__ndk114basic_ofstreamIcNS_11char_traitsIcEEEE0_NS_13basic_ostreamIcS2_EE
0000000004696c10 V _ZTVNSt6__ndk113basic_filebufIcNS_11char_traitsIcEEEE
0000000004696c90 V _ZTVNSt6__ndk115basic_streambufIcNS_11char_traitsIcEEEE
0000000004696d10 V _ZTVNSt6__ndk120__shared_ptr_emplaceINS_5mutexENS_9allocatorIS1_EEEE
0000000004696e20 V _ZTVN6swappy13ExtThreadImplE
0000000004696e50 V _ZTVN6swappy13StlThreadImplE
0000000004696e80 D _ZN6swappy20SwappyDisplayManager16SDMNativeMethodsE
0000000004696eb0 V _ZTVNSt6__ndk120__shared_ptr_emplaceINS_3mapINS_6chrono8durationIxNS_5ratioILl1ELl1000000000EEEEEiNS_4lessIS6_EENS_9allocatorINS_4pairIKS6_iEEEEEENS9_ISE_EEEE
0000000004696ee8 V _ZTVNSt6__ndk120__shared_ptr_emplaceIN6swappy27SwappyVkGoogleDisplayTimingENS_9allocatorIS2_EEEE
0000000004696f20 V _ZTVNSt6__ndk120__shared_ptr_emplaceIN6swappy16SwappyVkFallbackENS_9allocatorIS2_EEEE
0000000004696f58 D _ZTVN6swappy12SwappyVkBaseE
0000000004697308 D _ZTVN6swappy16SwappyVkFallbackE
0000000004697358 V _ZTVNSt6__ndk110__function6__funcINS_6__bindIMN6swappy12SwappyVkBaseEFbP9VkQueue_TEJPNS3_16SwappyVkFallbackERS6_EEENS_9allocatorISC_EEFbvEEE
00000000046973a0 V _ZTVNSt6__ndk110__function6__funcINS_6__bindIMN6swappy12SwappyVkBaseEFNS_6chrono8durationIxNS_5ratioILl1ELl1000000000EEEEEP9VkQueue_TEJPNS3_16SwappyVkFallbackERSB_EEENS_9allocatorISH_EEFS9_vEEE
00000000046973e8 D _ZTVN6swappy27SwappyVkGoogleDisplayTimingE
0000000004697438 V _ZTVNSt6__ndk110__function6__funcINS_6__bindIMN6swappy12SwappyVkBaseEFbP9VkQueue_TEJPNS3_27SwappyVkGoogleDisplayTimingERS6_EEENS_9allocatorISC_EEFbvEEE
0000000004697480 V _ZTVNSt6__ndk110__function6__funcINS_6__bindIMN6swappy12SwappyVkBaseEFNS_6chrono8durationIxNS_5ratioILl1ELl1000000000EEEEEP9VkQueue_TEJPNS3_27SwappyVkGoogleDisplayTimingERSB_EEENS_9allocatorISH_EEFS9_vEEE
000000000469f9d8 D VP8GetCPUInfo
00000000046a6920 D _ZN6swappy19ChoreographerThread8CT_CLASSE
00000000046a6928 D _binary_classes_dex_start
00000000046a8c44 D _binary_classes_dex_end
00000000046a8c48 D _ZN6swappy20SwappyDisplayManager9SDM_CLASSE
00000000048bcbb0 V _ZZN7gamesdk5Trace11getInstanceEvE5trace
00000000048bcbb8 V _ZGVZN7gamesdk5Trace11getInstanceEvE5trace
00000000048bcbd0 B _ZN6swappy8Settings8instanceE
00000000048bcbf0 V _ZZN6swappy8SwappyVk11getInstanceEvE8instance
00000000048bcc80 V _ZGVZN6swappy8SwappyVk11getInstanceEvE8instance
00000000048bcc88 B _ZN6swappy31DefaultSwappyVkFunctionProvider10mLibVulkanE
00000000048bcca8 B _ZN6swappy19vkCreateCommandPoolE
00000000048bccb0 B _ZN6swappy20vkDestroyCommandPoolE
00000000048bccb8 B _ZN6swappy13vkCreateFenceE
00000000048bccc0 B _ZN6swappy14vkDestroyFenceE
00000000048bccc8 B _ZN6swappy15vkWaitForFencesE
00000000048bccd0 B _ZN6swappy16vkGetFenceStatusE
00000000048bccd8 B _ZN6swappy13vkResetFencesE
00000000048bcce0 B _ZN6swappy17vkCreateSemaphoreE
00000000048bcce8 B _ZN6swappy18vkDestroySemaphoreE
00000000048bccf0 B _ZN6swappy13vkCreateEventE
00000000048bccf8 B _ZN6swappy14vkDestroyEventE
00000000048bcd00 B _ZN6swappy13vkCmdSetEventE
00000000048bcd08 B _ZN6swappy24vkAllocateCommandBuffersE
00000000048bcd10 B _ZN6swappy20vkFreeCommandBuffersE
00000000048bcd18 B _ZN6swappy20vkBeginCommandBufferE
00000000048bcd20 B _ZN6swappy18vkEndCommandBufferE
00000000048bcd28 B _ZN6swappy13vkQueueSubmitE
