There are 26 section headers, starting at offset 0x46a0f58:

Section Headers:
  [Nr] Name              Type            Address          Off    Size   ES Flg Lk Inf Al
  [ 0]                   NULL            0000000000000000 000000 000000 00      0   0  0
  [ 1] .note.android.ident NOTE            0000000000000238 000238 000098 00   A  0   0  4
  [ 2] .note.gnu.build-id NOTE            00000000000002d0 0002d0 000024 00   A  0   0  4
  [ 3] .dynsym           DYNSYM          00000000000002f8 0002f8 009588 18   A  7   1  8
  [ 4] .gnu.version      VERSYM          0000000000009880 009880 000c76 02   A  3   0  2
  [ 5] .gnu.version_r    VERNEED         000000000000a4f8 00a4f8 000070 00   A  7   3  4
  [ 6] .gnu.hash         GNU_HASH        000000000000a568 00a568 001c04 00   A  3   0  8
  [ 7] .dynstr           STRTAB          000000000000c16c 00c16c 00e65d 00   A  0   0  1
  [ 8] .rela.dyn         RELA            000000000001a7d0 01a7d0 3cf6f0 18   A  3   0  8
  [ 9] .rela.plt         RELA            00000000003e9ec0 3e9ec0 005688 18  AI  3  20  8
  [10] .rodata           PROGBITS        00000000003ef550 3ef550 7e0258 00 AMS  0   0 16
  [11] .eh_frame_hdr     PROGBITS        0000000000bcf7a8 bcf7a8 0fa18c 00   A  0   0  4
  [12] .eh_frame         PROGBITS        0000000000cc9938 cc9938 4362f4 00   A  0   0  8
  [13] .text             PROGBITS        00000000010ffc40 10ffc40 3422e33 00  AX  0   0 64
  [14] .plt              PROGBITS        0000000004522a80 4522a80 0039c0 00  AX  0   0 16
  [15] .data.rel.ro      PROGBITS        000000000452a440 4526440 16d088 00  WA  0   0 16
  [16] .fini_array       FINI_ARRAY      00000000046974c8 46934c8 000010 00  WA  0   0  8
  [17] .init_array       INIT_ARRAY      00000000046974d8 46934d8 000540 00  WA  0   0  8
  [18] .dynamic          DYNAMIC         0000000004697a18 4693a18 000240 10  WA  7   0  8
  [19] .got              PROGBITS        0000000004697c58 4693c58 000418 00  WA  0   0  8
  [20] .got.plt          PROGBITS        0000000004698070 4694070 001cf0 00  WA  0   0  8
  [21] .relro_padding    NOBITS          0000000004699d60 4695d60 0002a0 00  WA  0   0  1
  [22] .data             PROGBITS        000000000469dd60 4695d60 00aef0 00  WA  0   0 16
  [23] .bss              NOBITS          00000000046a8c50 46a0c50 214110 00 WAo  0   0 16
  [24] .comment          PROGBITS        0000000000000000 46a0c50 000204 01  MS  0   0  1
  [25] .shstrtab         STRTAB          0000000000000000 46a0e54 000101 00      0   0  1
Key to Flags:
  W (write), A (alloc), X (execute), M (merge), S (strings), I (info),
  L (link order), O (extra OS processing required), G (group), T (TLS),
  C (compressed), x (unknown), o (OS specific), E (exclude),
  D (mbind), l (large), p (processor specific)
