--------- beginning of main
09-10 08:58:36.747  9136  9136 I t.compare:godot: Late-enabling -Xcheck:jni
09-10 08:58:36.784  9136  9136 I t.compare:godot: Using CollectorTypeCMC GC.
09-10 08:58:36.785  9136  9136 W t.compare:godot: Unexpected CPU variant for x86: x86_64.
09-10 08:58:36.785  9136  9136 W t.compare:godot: Known variants: atom, sandybridge, silvermont, goldmont, goldmont-plus, goldmont-without-sha-xsaves, tremont, kabylake, default
09-10 08:58:36.842  9136  9136 D nativeloader: Load libframework-connectivity-tiramisu-jni.so using APEX ns com_android_tethering for caller /apex/com.android.tethering/javalib/framework-connectivity-t.jar: ok
09-10 08:58:36.897  9136  9136 W ziparchive: Unable to open '/data/app/~~eEi0GwiV14CsrtmkesdUow==/dev.partydeck.godot.compare-F-nNNPuQnFzlyTW3d7EkpA==/base.dm': No such file or directory
09-10 08:58:36.897  9136  9136 W ziparchive: Unable to open '/data/app/~~eEi0GwiV14CsrtmkesdUow==/dev.partydeck.godot.compare-F-nNNPuQnFzlyTW3d7EkpA==/base.dm': No such file or directory
09-10 08:58:37.052  9136  9136 D nativeloader: Configuring clns-7 for other apk /data/app/~~eEi0GwiV14CsrtmkesdUow==/dev.partydeck.godot.compare-F-nNNPuQnFzlyTW3d7EkpA==/base.apk. target_sdk_version=36, uses_libraries=, library_path=/data/app/~~eEi0GwiV14CsrtmkesdUow==/dev.partydeck.godot.compare-F-nNNPuQnFzlyTW3d7EkpA==/lib/x86_64:/data/app/~~eEi0GwiV14CsrtmkesdUow==/dev.partydeck.godot.compare-F-nNNPuQnFzlyTW3d7EkpA==/base.apk!/lib/x86_64, permitted_path=/data:/mnt/expand:/data/user/0/dev.partydeck.godot.compare
09-10 08:58:37.093  9136  9136 V GraphicsEnvironment: Currently set values for:
09-10 08:58:37.093  9136  9136 V GraphicsEnvironment:   angle_gl_driver_selection_pkgs=[]
09-10 08:58:37.093  9136  9136 V GraphicsEnvironment:   angle_gl_driver_selection_values=[]
09-10 08:58:37.093  9136  9136 V GraphicsEnvironment: Global.Settings values are invalid: number of packages: 0, number of values: 0
09-10 08:58:37.093  9136  9136 V GraphicsEnvironment: Neither updatable production driver nor prerelease driver is supported.
09-10 08:58:37.665  9136  9136 V Godot   : Initializing Godot plugin registry
09-10 08:58:37.666  9136  9136 I GodotPluginRegistry: Registering runtime plugin AndroidRuntime
09-10 08:58:37.669  9136  9136 I GodotPluginRegistry: Registering runtime plugin PartyDeckBridge
09-10 08:58:37.670  9136  9136 V Godot   : InitEngine with params: [--main-pack, res://partydeck-last-light.pck, --rendering-method, gl_compatibility, --xr-mode, off]
09-10 08:58:37.716  9136  9136 D nativeloader: Load /data/app/~~eEi0GwiV14CsrtmkesdUow==/dev.partydeck.godot.compare-F-nNNPuQnFzlyTW3d7EkpA==/base.apk!/lib/x86_64/libgodot_android.so using ns clns-7 from class loader (caller=/data/app/~~eEi0GwiV14CsrtmkesdUow==/dev.partydeck.godot.compare-F-nNNPuQnFzlyTW3d7EkpA==/base.apk): ok
09-10 08:58:37.723  9136  9136 V Godot   : Godot native layer initialization completed: true
09-10 08:58:37.723  9136  9136 V Godot   : Setting up native layer with params: [--main-pack, res://partydeck-last-light.pck, --rendering-method, gl_compatibility, --xr-mode, off]
09-10 08:58:37.803  9136  9136 V Godot   : Godot native layer setup completed
09-10 08:58:37.804  9136  9136 V Godot   : OnInitRenderView: GodotFragment{1e74cc2} (0110b613-5021-48bb-bdf4-afed08d647f1 id=0x7f07002b tag=partydeck-godot)
09-10 08:58:37.821  9136  9136 D Godot   : Render view should be transparent: false
09-10 08:58:37.822  9136  9136 D Godot   : renderingDevice: opengl3 (ProjectSettings)
09-10 08:58:37.822  9136  9136 D Godot   : 			renderer: gl_compatibility (Default)
09-10 08:58:37.840  9136  9136 V Godot   : OnStart: GodotFragment{1e74cc2} (0110b613-5021-48bb-bdf4-afed08d647f1 id=0x7f07002b tag=partydeck-godot)
09-10 08:58:37.842  9136  9136 W WindowOnBackDispatcher: OnBackInvokedCallback is not enabled for the application.
09-10 08:58:37.842  9136  9136 W WindowOnBackDispatcher: Set 'android:enableOnBackInvokedCallback="true"' in the application manifest.
09-10 08:58:37.846  9136  9136 V Godot   : OnResume: GodotFragment{1e74cc2} (0110b613-5021-48bb-bdf4-afed08d647f1 id=0x7f07002b tag=partydeck-godot)
09-10 08:58:37.851  9136  9136 W HWUI    : Unknown dataspace 0
09-10 08:58:37.857  9136  9136 I Choreographer: Skipped 35 frames!  The application may be doing too much work on its main thread.
09-10 08:58:37.908  9136  9152 I EGL_emulation: Opening libGLESv1_CM_emulation.so
09-10 08:58:37.909  9136  9152 I EGL_emulation: Opening libGLESv2_emulation.so
09-10 08:58:37.921  9136  9152 W HWUI    : Failed to choose config with EGL_SWAP_BEHAVIOR_PRESERVED, retrying without...
09-10 08:58:37.923  9136  9152 W HWUI    : Failed to initialize 101010-2 format, error = EGL_SUCCESS
09-10 08:58:37.981  9136  9172 W RegularContextFactory: creating OpenGL ES 3.0 context :
09-10 08:58:38.038  9136  9172 I Gralloc4: mapper 4.x is not supported
09-10 08:58:38.051  9136  9172 I godot   : Godot Engine v4.7.2.stable.official.ed1daf0bf - https://godotengine.org
09-10 08:58:38.182  9136  9141 I t.compare:godot: Compiler allocated 4219KB to compile void android.widget.TextView.<init>(android.content.Context, android.util.AttributeSet, int, int)
09-10 08:58:38.224  9136  9146 I HWUI    : Davey! duration=862ms; Flags=1, FrameTimelineVsyncId=22839, IntendedVsync=718140319906, Vsync=718723653216, InputEventId=0, HandleInputStart=718727227734, AnimationStart=718727232234, PerformTraversalsStart=718727268189, DrawStart=718922014363, FrameDeadline=718156986572, FrameInterval=718726982009, FrameStartTime=16666666, SyncQueued=718932582012, SyncStart=718933878442, IssueDrawCommandsStart=718936270170, SwapBuffers=718979102160, FrameCompleted=719004074062, DequeueBufferDuration=10254972, QueueBufferDuration=5739100, GpuCompleted=719004074062, SwapBuffersCompleted=718997670140, DisplayPresentTime=0, CommandSubmissionCompleted=718979102160, 
09-10 08:58:38.381  9136  9172 E godot   : WARNING: Failed to load cached shader, recompiling.
09-10 08:58:38.381  9136  9172 E godot   :    at: _load_from_cache (drivers/gles3/shader_gles3.cpp:615)
09-10 08:58:38.835  9136  9141 I t.compare:godot: Compiler allocated 5174KB to compile void android.view.ViewRootImpl.performTraversals()
09-10 08:58:39.041  9136  9176 E SurfaceSyncGroup: Failed to receive transaction ready in 1000ms. Marking SurfaceSyncGroup(wmsSync-VRI[GodotGameActivity]#1) as ready
09-10 08:58:39.046  9136  9176 E SurfaceSyncGroup: Failed to receive transaction ready in 1000ms. Marking SurfaceSyncGroup(VRI[GodotGameActivity]#2) as ready
09-10 08:58:39.053  9136  9176 E SurfaceSyncGroup: Failed to receive transaction ready in 1000ms. Marking SurfaceSyncGroup(SurfaceView[dev.partydeck.godot.compare/dev.partydeck.godot.compare.GodotGameActivity]#0) as ready
09-10 08:58:39.205  9136  9152 D EGL_emulation: app_time_stats: avg=498.19ms min=11.81ms max=984.58ms count=2
09-10 08:58:39.760  9136  9172 I godot   : OpenGL API OpenGL ES 3.1 (OpenGL ES 3.1.0 (ANGLE 2.1.17841 git hash: 5fa2e61da947)) - Compatibility - Using Device: Google (Google Inc. (Google)) - Android Emulator OpenGL ES Translator (ANGLE (Google, Vulkan 1.3.0 (SwiftShader Device (Subzero) (0x0000C0DE)), SwiftShader driver-5.0.0))
09-10 08:58:39.761  9136  9172 D t.compare:godot: PlayerBase::PlayerBase()
09-10 08:58:39.761  9136  9172 D t.compare:godot: TrackPlayerBase::TrackPlayerBase()
09-10 08:58:39.762  9136  9172 I libOpenSLES: Emulating old channel mask behavior (ignoring positional mask 0x3, using default mask 0x3 based on channel count of 2)
09-10 08:58:39.771  9136  9172 I godot   : 
09-10 08:58:40.388  9136  9172 V Godot   : OnGodotSetupCompleted
09-10 08:58:40.395  9136  9172 V Godot   : OnGodotMainLoopStarted
09-10 08:58:40.475  9136  9152 D EGL_emulation: app_time_stats: avg=416.74ms min=118.24ms max=780.22ms count=3
09-10 08:58:41.528  9136  9152 D EGL_emulation: app_time_stats: avg=141.54ms min=61.31ms max=460.95ms count=7
09-10 08:58:48.705  9136  9136 D AutofillManager: Fill dialog is enabled:false, hints=[]
09-10 08:58:48.731  9136  9136 I PartyDeckGodotBridge: Close requested elapsed_ms=729600
09-10 08:58:48.735  9136  9172 I PartyDeckGodotBridge: Close dispatch started elapsed_ms=729605
09-10 08:58:48.743  9136  9172 I PartyDeckGodotBridge: Close native barrier elapsed_ms=729612
09-10 08:58:48.748  9136  9152 D EGL_emulation: app_time_stats: avg=7219.66ms min=7219.66ms max=7219.66ms count=1
09-10 08:58:48.864  9136  9172 D EGL_emulation: app_time_stats: avg=2214.17ms min=9.37ms max=8068.55ms count=4
09-10 08:58:48.909  9136  9136 I PartyDeckGodotHost: Close main callback elapsed_ms=729779
09-10 08:58:48.915  9136  9172 D GLThread: Exiting render thread
09-10 08:58:48.917  9136  9172 D GodotRenderer: Destroying Godot Engine
09-10 08:58:48.957  9136  9172 D t.compare:godot: PlayerBase::stop() from IPlayer
09-10 08:58:48.957  9136  9172 D AudioTrack: stop(18): called with 410849 frames delivered
09-10 08:58:48.983  9136  9172 E eglCodecCommon: removeVertexArrayObject: ERROR: 7 not found in VAO state!
09-10 08:58:49.048  9136  9172 V Godot   : OnGodotTerminating
09-10 08:58:49.082  9136  9136 V Godot   : OnDestroy: GodotFragment{1e74cc2} (0110b613-5021-48bb-bdf4-afed08d647f1 id=0x7f07002b tag=partydeck-godot)
09-10 08:58:49.100  9136  9136 V Godot   : OnPause: GodotFragment{1e74cc2} (0110b613-5021-48bb-bdf4-afed08d647f1 id=0x7f07002b tag=partydeck-godot)
09-10 08:58:49.214  9136  9136 I PartyDeckGodotHost: Engine process exit requested
09-10 08:58:49.214  9136  9136 I Process : Sending signal. PID: 9136 SIG: 9
