    PID    PPID COMMAND           RSS %CPU
   2046    2044 provjobd3745936 150904 1.3
   2104    2084 Runner.Worker   138628 8.4
   2084    2027 Runner.Listener 94136  2.3
   1364       1 dockerd         72944  0.1
    986       1 php-fpm8.3      51720  0.1
   1025       1 containerd      43864  0.1
    220       1 multipathd      43712  0.0
   1298    1000 python3         37408  0.6
   1000       1 python3         30668  0.2
   1407     986 php-fpm8.3      21452  0.0
   1408     986 php-fpm8.3      21452  0.0
    984       1 networkd-dispat 21212  0.0
    157       1 systemd-journal 17776  0.3
   2027       1 hosted-compute- 17264  0.0
      1       0 systemd         14348  2.3
    999       1 udisksd         13716  0.0
    545       1 systemd-resolve 13196  0.0
   1123       1 ModemManager    13052  0.0
   1130       1 systemd         11612  0.1
    997       1 systemd-logind   9884  0.0
    741       1 systemd-network  9804  0.0
    226       1 systemd-udevd    8008  0.1
    990       1 polkitd          8004  0.0
   2044    2027 sudo             7072  0.0
    582       1 haveged          6568  0.1
   1110       1 rsyslogd         6324  0.0
    978       1 dbus-daemon      5500  0.1
   2696    2682 ps               4216  0.0
   1128       1 chronyd          3648  0.0
   2682    2681 bash             3640  0.0
   1171    1130 (sd-pam)         3576  0.0
   2680    2104 bash             3520  0.0
    328       1 hv_kvp_daemon    2908  0.1
   1010       1 cron             2764  0.0
   1069       1 agetty           2140  0.0
   2681    2680 timeout          2048  0.0
   1114       1 agetty           2024  0.0
   1132    1128 chronyd          1224  0.0
      2       0 kthreadd            0  0.0
      3       2 pool_workqueue_     0  0.0
      4       2 kworker/R-rcu_g     0  0.0
      5       2 kworker/R-sync_     0  0.0
      6       2 kworker/R-kvfre     0  0.0
      7       2 kworker/R-slub_     0  0.0
      8       2 kworker/R-netns     0  0.0
      9       2 kworker/0:0-eve     0  0.0
     10       2 kworker/0:0H-ev     0  0.0
     11       2 kworker/0:1-eve     0  0.2
     12       2 kworker/u16:0-f     0  0.3
     13       2 kworker/R-mm_pe     0  0.0
     14       2 ksoftirqd/0         0  0.0
     15       2 rcu_sched           0  0.0
     16       2 rcu_exp_par_gp_     0  0.0
     17       2 rcu_exp_gp_kthr     0  0.0
     18       2 migration/0         0  0.0
     19       2 idle_inject/0       0  0.0
     20       2 cpuhp/0             0  0.0
     21       2 cpuhp/2             0  0.0
     22       2 idle_inject/2       0  0.0
     23       2 migration/2         0  0.3
     24       2 ksoftirqd/2         0  0.0
     25       2 kworker/2:0-eve     0  0.0
     26       2 kworker/2:0H-ev     0  0.0
     27       2 cpuhp/1             0  0.0
     28       2 idle_inject/1       0  0.0
     29       2 migration/1         0  0.3
     30       2 ksoftirqd/1         0  0.0
     31       2 kworker/1:0-eve     0  0.0
     32       2 kworker/1:0H-ev     0  0.0
     33       2 cpuhp/3             0  0.0
     34       2 idle_inject/3       0  0.0
     35       2 migration/3         0  0.3
     36       2 ksoftirqd/3         0  0.0
     37       2 kworker/3:0-eve     0  0.0
     38       2 kworker/3:0H-ev     0  0.0
     39       2 kdevtmpfs           0  0.0
     40       2 kworker/R-inet_     0  0.0
     41       2 rcu_tasks_rude_     0  0.0
     42       2 rcu_tasks_trace     0  0.0
     43       2 kauditd             0  0.0
     44       2 khungtaskd          0  0.0
     45       2 kworker/u16:1-e     0  0.2
     46       2 oom_reaper          0  0.0
     47       2 kworker/u16:2-e     0  0.5
     48       2 kworker/R-write     0  0.0
     49       2 kcompactd0          0  0.0
     50       2 ksmd                0  0.0
     51       2 khugepaged          0  0.0
     52       2 kworker/R-kbloc     0  0.0
     53       2 kworker/R-blkcg     0  0.0
     54       2 kworker/R-kinte     0  0.0
     55       2 irq/9-acpi          0  0.0
     56       2 kworker/2:1-eve     0  0.1
     57       2 kworker/3:1-mm_     0  0.0
     58       2 kworker/1:1-eve     0  0.0
     59       2 kworker/R-tpm_d     0  0.0
     60       2 kworker/R-ata_s     0  0.0
     61       2 kworker/R-md        0  0.0
     62       2 kworker/R-md_bi     0  0.0
     63       2 kworker/R-edac-     0  0.0
     64       2 kworker/R-hv_vm     0  0.0
     65       2 kworker/R-hv_vm     0  0.0
     66       2 kworker/R-hv_pr     0  0.0
     67       2 kworker/R-hv_su     0  0.0
     68       2 kworker/R-devfr     0  0.0
     69       2 watchdogd           0  0.0
     70       2 kworker/R-quota     0  0.0
     71       2 kworker/2:1H-kb     0  0.0
     72       2 kswapd0             0  0.0
     73       2 ecryptfs-kthrea     0  0.0
     74       2 kworker/R-kthro     0  0.0
     75       2 kworker/R-nfit      0  0.0
     76       2 scsi_eh_0           0  0.0
     77       2 scsi_eh_1           0  0.0
     78       2 kworker/R-scsi_     0  0.0
     79       2 kworker/R-scsi_     0  0.0
     80       2 kworker/R-nvme-     0  0.0
     81       2 kworker/R-nvme-     0  0.0
     82       2 kworker/R-nvme-     0  0.0
     83       2 kworker/R-nvme-     0  0.0
     84       2 kworker/u16:3-f     0  0.0
     85       2 kworker/u16:4-f     0  0.1
     86       2 kworker/u16:5-m     0  0.1
     87       2 kworker/R-mld       0  0.0
     88       2 kworker/R-ipv6_     0  0.0
     89       2 kworker/1:1H-kb     0  0.0
     90       2 hv_balloon          0  0.0
     91       2 kworker/R-kstrp     0  0.0
     93       2 kworker/u17:0       0  0.0
    104       2 jbd2/sda1-8         0  0.0
    105       2 kworker/R-ext4-     0  0.0
    106       2 kworker/2:2-eve     0  0.1
    107       2 kworker/3:1H-kb     0  0.0
    109       2 kworker/0:1H-kb     0  0.0
    172       2 kworker/1:2-eve     0  0.0
    179       2 kworker/R-kmpat     0  0.0
    180       2 kworker/R-kmpat     0  0.0
    181       2 kworker/3:2-eve     0  0.0
    212       2 kworker/0:2-eve     0  0.0
    216       2 kworker/0:3         0  0.0
    238       2 psimon              0  0.0
    406       2 jbd2/sda16-8        0  0.0
    407       2 kworker/R-ext4-     0  0.0
    487       2 kworker/2:3-cgr     0  0.0
    509       2 kworker/1:3         0  0.0
    583       2 kworker/3:3         0  0.0
    609       2 kworker/R-tls-s     0  0.0
    623       2 kworker/R-mlx5_     0  0.0
    625       2 kworker/R-mlx5_     0  0.0
    626       2 kworker/R-mlx5_     0  0.0
    627       2 kworker/R-mlx5_     0  0.0
    639       2 ptp1                0  0.0
    640       2 kworker/R-mlx5_     0  0.0
    641       2 kworker/R-mlx5_     0  0.0
    642       2 kworker/R-mlx5e     0  0.0
    643       2 kworker/R-mlx5e     0  0.0
    646       2 kworker/R-ib-co     0  0.0
    647       2 kworker/R-ib-co     0  0.0
    648       2 kworker/R-ib_mc     0  0.0
    649       2 kworker/R-ib_nl     0  0.0
    650       2 kworker/R-mkey_     0  0.0
    807       2 kworker/u16:6       0  0.0
   2026       2 psimon              0  0.0
