--------- beginning of main
09-10 06:57:26.583  9147  9147 I t.compare:godot: Late-enabling -Xcheck:jni
09-10 06:57:26.609  9147  9147 I t.compare:godot: Using CollectorTypeCMC GC.
09-10 06:57:26.609  9147  9147 W t.compare:godot: Unexpected CPU variant for x86: x86_64.
09-10 06:57:26.609  9147  9147 W t.compare:godot: Known variants: atom, sandybridge, silvermont, goldmont, goldmont-plus, goldmont-without-sha-xsaves, tremont, kabylake, default
09-10 06:57:26.660  9147  9147 D nativeloader: Load libframework-connectivity-tiramisu-jni.so using APEX ns com_android_tethering for caller /apex/com.android.tethering/javalib/framework-connectivity-t.jar: ok
09-10 06:57:26.769  9147  9147 W ziparchive: Unable to open '/data/app/~~oi_r0CluMOdEMpjrrrwDqw==/dev.partydeck.godot.compare-fwZASRIEUwackOQh5vjqtA==/base.dm': No such file or directory
09-10 06:57:26.769  9147  9147 W ziparchive: Unable to open '/data/app/~~oi_r0CluMOdEMpjrrrwDqw==/dev.partydeck.godot.compare-fwZASRIEUwackOQh5vjqtA==/base.dm': No such file or directory
09-10 06:57:26.848  9147  9147 D nativeloader: Configuring clns-7 for other apk /data/app/~~oi_r0CluMOdEMpjrrrwDqw==/dev.partydeck.godot.compare-fwZASRIEUwackOQh5vjqtA==/base.apk. target_sdk_version=36, uses_libraries=, library_path=/data/app/~~oi_r0CluMOdEMpjrrrwDqw==/dev.partydeck.godot.compare-fwZASRIEUwackOQh5vjqtA==/lib/x86_64:/data/app/~~oi_r0CluMOdEMpjrrrwDqw==/dev.partydeck.godot.compare-fwZASRIEUwackOQh5vjqtA==/base.apk!/lib/x86_64, permitted_path=/data:/mnt/expand:/data/user/0/dev.partydeck.godot.compare
09-10 06:57:26.857  9147  9147 V GraphicsEnvironment: Currently set values for:
09-10 06:57:26.857  9147  9147 V GraphicsEnvironment:   angle_gl_driver_selection_pkgs=[]
09-10 06:57:26.857  9147  9147 V GraphicsEnvironment:   angle_gl_driver_selection_values=[]
09-10 06:57:26.857  9147  9147 V GraphicsEnvironment: Global.Settings values are invalid: number of packages: 0, number of values: 0
09-10 06:57:26.857  9147  9147 V GraphicsEnvironment: Neither updatable production driver nor prerelease driver is supported.
09-10 06:57:27.096  9147  9147 V Godot   : Initializing Godot plugin registry
09-10 06:57:27.096  9147  9147 I GodotPluginRegistry: Registering runtime plugin AndroidRuntime
09-10 06:57:27.096  9147  9147 I GodotPluginRegistry: Registering runtime plugin PartyDeckBridge
09-10 06:57:27.096  9147  9147 V Godot   : InitEngine with params: [--main-pack, res://partydeck-last-light.pck, --rendering-method, gl_compatibility, --xr-mode, off]
09-10 06:57:27.129  9147  9147 D nativeloader: Load /data/app/~~oi_r0CluMOdEMpjrrrwDqw==/dev.partydeck.godot.compare-fwZASRIEUwackOQh5vjqtA==/base.apk!/lib/x86_64/libgodot_android.so using ns clns-7 from class loader (caller=/data/app/~~oi_r0CluMOdEMpjrrrwDqw==/dev.partydeck.godot.compare-fwZASRIEUwackOQh5vjqtA==/base.apk): ok
09-10 06:57:27.130  9147  9147 V Godot   : Godot native layer initialization completed: true
09-10 06:57:27.130  9147  9147 V Godot   : Setting up native layer with params: [--main-pack, res://partydeck-last-light.pck, --rendering-method, gl_compatibility, --xr-mode, off]
09-10 06:57:27.171  9147  9147 V Godot   : Godot native layer setup completed
09-10 06:57:27.171  9147  9147 V Godot   : OnInitRenderView: GodotFragment{f3956c4} (4903ed04-384e-48e6-b80e-f426ef00f819 id=0x7f07002b tag=partydeck-godot)
09-10 06:57:27.183  9147  9147 D Godot   : Render view should be transparent: false
09-10 06:57:27.184  9147  9147 D Godot   : renderingDevice: opengl3 (ProjectSettings)
09-10 06:57:27.184  9147  9147 D Godot   : 			renderer: gl_compatibility (Default)
09-10 06:57:27.195  9147  9147 V Godot   : OnStart: GodotFragment{f3956c4} (4903ed04-384e-48e6-b80e-f426ef00f819 id=0x7f07002b tag=partydeck-godot)
09-10 06:57:27.196  9147  9147 W WindowOnBackDispatcher: OnBackInvokedCallback is not enabled for the application.
09-10 06:57:27.196  9147  9147 W WindowOnBackDispatcher: Set 'android:enableOnBackInvokedCallback="true"' in the application manifest.
09-10 06:57:27.202  9147  9147 V Godot   : OnResume: GodotFragment{f3956c4} (4903ed04-384e-48e6-b80e-f426ef00f819 id=0x7f07002b tag=partydeck-godot)
09-10 06:57:27.207  9147  9147 W HWUI    : Unknown dataspace 0
09-10 06:57:27.239  9147  9170 I EGL_emulation: Opening libGLESv1_CM_emulation.so
09-10 06:57:27.240  9147  9170 I EGL_emulation: Opening libGLESv2_emulation.so
09-10 06:57:27.246  9147  9170 W HWUI    : Failed to choose config with EGL_SWAP_BEHAVIOR_PRESERVED, retrying without...
09-10 06:57:27.248  9147  9170 W HWUI    : Failed to initialize 101010-2 format, error = EGL_SUCCESS
09-10 06:57:27.311  9147  9183 W RegularContextFactory: creating OpenGL ES 3.0 context :
09-10 06:57:27.316  9147  9183 I Gralloc4: mapper 4.x is not supported
09-10 06:57:27.325  9147  9183 I godot   : Godot Engine v4.7.2.stable.official.ed1daf0bf - https://godotengine.org
09-10 06:57:27.365  9147  9152 I t.compare:godot: Compiler allocated 4219KB to compile void android.widget.TextView.<init>(android.content.Context, android.util.AttributeSet, int, int)
09-10 06:57:27.503  9147  9183 E godot   : WARNING: Failed to load cached shader, recompiling.
09-10 06:57:27.503  9147  9183 E godot   :    at: _load_from_cache (drivers/gles3/shader_gles3.cpp:615)
09-10 06:57:27.816  9147  9152 I t.compare:godot: Compiler allocated 5174KB to compile void android.view.ViewRootImpl.performTraversals()
09-10 06:57:28.003  9147  9183 I godot   : OpenGL API OpenGL ES 3.1 (OpenGL ES 3.1.0 (ANGLE 2.1.17841 git hash: 5fa2e61da947)) - Compatibility - Using Device: Google (Google Inc. (Google)) - Android Emulator OpenGL ES Translator (ANGLE (Google, Vulkan 1.3.0 (SwiftShader Device (Subzero) (0x0000C0DE)), SwiftShader driver-5.0.0))
09-10 06:57:28.005  9147  9183 D t.compare:godot: PlayerBase::PlayerBase()
09-10 06:57:28.005  9147  9183 D t.compare:godot: TrackPlayerBase::TrackPlayerBase()
09-10 06:57:28.005  9147  9183 I libOpenSLES: Emulating old channel mask behavior (ignoring positional mask 0x3, using default mask 0x3 based on channel count of 2)
09-10 06:57:28.009  9147  9183 I godot   : 
09-10 06:57:28.373  9147  9183 V Godot   : OnGodotSetupCompleted
09-10 06:57:28.378  9147  9183 V Godot   : OnGodotMainLoopStarted
09-10 06:57:28.618  9147  9170 D EGL_emulation: app_time_stats: avg=220.74ms min=8.13ms max=671.13ms count=5
09-10 06:57:30.351  9147  9183 D EGL_emulation: app_time_stats: avg=745.72ms min=9.85ms max=1663.75ms count=3
09-10 06:57:30.500  9147  9170 D EGL_emulation: app_time_stats: avg=941.25ms min=699.34ms max=1183.15ms count=2
09-10 06:57:35.895  9147  9170 D EGL_emulation: app_time_stats: avg=1333.95ms min=10.18ms max=5253.27ms count=4
09-10 06:57:35.905  9147  9183 D t.compare:godot: PlayerBase::stop() from IPlayer
09-10 06:57:35.905  9147  9183 D AudioTrack: stop(18): called with 351872 frames delivered
09-10 06:57:35.911  9147  9183 E eglCodecCommon: removeVertexArrayObject: ERROR: 7 not found in VAO state!
09-10 06:57:35.959  9147  9183 V Godot   : OnGodotTerminating
09-10 06:57:35.974  9147  9183 D EGL_emulation: app_time_stats: avg=2772.97ms min=47.45ms max=5498.48ms count=2
09-10 06:57:36.038  9147  9183 D GLThread: Exiting render thread
09-10 06:57:36.038  9147  9183 D GodotRenderer: Destroying Godot Engine
09-10 06:57:36.076  9147  9147 V Godot   : OnDestroy: GodotFragment{f3956c4} (4903ed04-384e-48e6-b80e-f426ef00f819 id=0x7f07002b tag=partydeck-godot)
09-10 06:57:36.089  9147  9147 V Godot   : OnPause: GodotFragment{f3956c4} (4903ed04-384e-48e6-b80e-f426ef00f819 id=0x7f07002b tag=partydeck-godot)
09-10 06:57:36.205  9147  9147 I PartyDeckGodotHost: Engine process exit requested
09-10 06:57:36.205  9147  9147 I Process : Sending signal. PID: 9147 SIG: 9
