--------- beginning of main
09-10 06:57:11.436  8967  8967 I t.compare:godot: Late-enabling -Xcheck:jni
09-10 06:57:11.467  8967  8967 I t.compare:godot: Using CollectorTypeCMC GC.
09-10 06:57:11.467  8967  8967 W t.compare:godot: Unexpected CPU variant for x86: x86_64.
09-10 06:57:11.467  8967  8967 W t.compare:godot: Known variants: atom, sandybridge, silvermont, goldmont, goldmont-plus, goldmont-without-sha-xsaves, tremont, kabylake, default
09-10 06:57:11.505  8967  8967 D nativeloader: Load libframework-connectivity-tiramisu-jni.so using APEX ns com_android_tethering for caller /apex/com.android.tethering/javalib/framework-connectivity-t.jar: ok
09-10 06:57:11.541  8967  8967 W ziparchive: Unable to open '/data/app/~~3QqqwSaLFMsfe4OygXH0OA==/dev.partydeck.godot.compare-kShNHA5eAhQZRR19KODvoQ==/base.dm': No such file or directory
09-10 06:57:11.541  8967  8967 W ziparchive: Unable to open '/data/app/~~3QqqwSaLFMsfe4OygXH0OA==/dev.partydeck.godot.compare-kShNHA5eAhQZRR19KODvoQ==/base.dm': No such file or directory
09-10 06:57:11.664  8967  8967 D nativeloader: Configuring clns-7 for other apk /data/app/~~3QqqwSaLFMsfe4OygXH0OA==/dev.partydeck.godot.compare-kShNHA5eAhQZRR19KODvoQ==/base.apk. target_sdk_version=36, uses_libraries=, library_path=/data/app/~~3QqqwSaLFMsfe4OygXH0OA==/dev.partydeck.godot.compare-kShNHA5eAhQZRR19KODvoQ==/lib/x86_64:/data/app/~~3QqqwSaLFMsfe4OygXH0OA==/dev.partydeck.godot.compare-kShNHA5eAhQZRR19KODvoQ==/base.apk!/lib/x86_64, permitted_path=/data:/mnt/expand:/data/user/0/dev.partydeck.godot.compare
09-10 06:57:11.686  8967  8967 V GraphicsEnvironment: Currently set values for:
09-10 06:57:11.687  8967  8967 V GraphicsEnvironment:   angle_gl_driver_selection_pkgs=[]
09-10 06:57:11.687  8967  8967 V GraphicsEnvironment:   angle_gl_driver_selection_values=[]
09-10 06:57:11.687  8967  8967 V GraphicsEnvironment: Global.Settings values are invalid: number of packages: 0, number of values: 0
09-10 06:57:11.687  8967  8967 V GraphicsEnvironment: Neither updatable production driver nor prerelease driver is supported.
09-10 06:57:12.034  8967  8967 V Godot   : Initializing Godot plugin registry
09-10 06:57:12.037  8967  8967 I GodotPluginRegistry: Registering runtime plugin AndroidRuntime
09-10 06:57:12.037  8967  8967 I GodotPluginRegistry: Registering runtime plugin PartyDeckBridge
09-10 06:57:12.037  8967  8967 V Godot   : InitEngine with params: [--main-pack, res://partydeck-last-light.pck, --rendering-method, gl_compatibility, --xr-mode, off]
09-10 06:57:12.062  8967  8967 D nativeloader: Load /data/app/~~3QqqwSaLFMsfe4OygXH0OA==/dev.partydeck.godot.compare-kShNHA5eAhQZRR19KODvoQ==/base.apk!/lib/x86_64/libgodot_android.so using ns clns-7 from class loader (caller=/data/app/~~3QqqwSaLFMsfe4OygXH0OA==/dev.partydeck.godot.compare-kShNHA5eAhQZRR19KODvoQ==/base.apk): ok
09-10 06:57:12.064  8967  8967 V Godot   : Godot native layer initialization completed: true
09-10 06:57:12.064  8967  8967 V Godot   : Setting up native layer with params: [--main-pack, res://partydeck-last-light.pck, --rendering-method, gl_compatibility, --xr-mode, off]
09-10 06:57:12.126  8967  8967 V Godot   : Godot native layer setup completed
09-10 06:57:12.127  8967  8967 V Godot   : OnInitRenderView: GodotFragment{cd52f5c} (92d51a39-ea3a-48db-8ea1-3a181326c94e id=0x7f07002b tag=partydeck-godot)
09-10 06:57:12.139  8967  8967 D Godot   : Render view should be transparent: false
09-10 06:57:12.139  8967  8967 D Godot   : renderingDevice: opengl3 (ProjectSettings)
09-10 06:57:12.139  8967  8967 D Godot   : 			renderer: gl_compatibility (Default)
09-10 06:57:12.149  8967  8967 V Godot   : OnStart: GodotFragment{cd52f5c} (92d51a39-ea3a-48db-8ea1-3a181326c94e id=0x7f07002b tag=partydeck-godot)
09-10 06:57:12.150  8967  8967 W WindowOnBackDispatcher: OnBackInvokedCallback is not enabled for the application.
09-10 06:57:12.150  8967  8967 W WindowOnBackDispatcher: Set 'android:enableOnBackInvokedCallback="true"' in the application manifest.
09-10 06:57:12.152  8967  8967 V Godot   : OnResume: GodotFragment{cd52f5c} (92d51a39-ea3a-48db-8ea1-3a181326c94e id=0x7f07002b tag=partydeck-godot)
09-10 06:57:12.157  8967  8967 W HWUI    : Unknown dataspace 0
09-10 06:57:12.173  8967  8989 I EGL_emulation: Opening libGLESv1_CM_emulation.so
09-10 06:57:12.173  8967  8989 I EGL_emulation: Opening libGLESv2_emulation.so
09-10 06:57:12.187  8967  8989 W HWUI    : Failed to choose config with EGL_SWAP_BEHAVIOR_PRESERVED, retrying without...
09-10 06:57:12.191  8967  8989 W HWUI    : Failed to initialize 101010-2 format, error = EGL_SUCCESS
09-10 06:57:12.211  8967  9002 W RegularContextFactory: creating OpenGL ES 3.0 context :
09-10 06:57:12.281  8967  9002 I Gralloc4: mapper 4.x is not supported
09-10 06:57:12.289  8967  9002 I godot   : Godot Engine v4.7.2.stable.official.ed1daf0bf - https://godotengine.org
09-10 06:57:12.329  8967  8972 I t.compare:godot: Compiler allocated 4219KB to compile void android.widget.TextView.<init>(android.content.Context, android.util.AttributeSet, int, int)
09-10 06:57:12.439  8967  9002 E godot   : WARNING: Failed to load cached shader, recompiling.
09-10 06:57:12.442  8967  9002 E godot   :    at: _load_from_cache (drivers/gles3/shader_gles3.cpp:615)
09-10 06:57:12.810  8967  8972 I t.compare:godot: Compiler allocated 5174KB to compile void android.view.ViewRootImpl.performTraversals()
09-10 06:57:13.048  8967  9002 I godot   : OpenGL API OpenGL ES 3.1 (OpenGL ES 3.1.0 (ANGLE 2.1.17841 git hash: 5fa2e61da947)) - Compatibility - Using Device: Google (Google Inc. (Google)) - Android Emulator OpenGL ES Translator (ANGLE (Google, Vulkan 1.3.0 (SwiftShader Device (Subzero) (0x0000C0DE)), SwiftShader driver-5.0.0))
09-10 06:57:13.050  8967  9002 D t.compare:godot: PlayerBase::PlayerBase()
09-10 06:57:13.050  8967  9002 D t.compare:godot: TrackPlayerBase::TrackPlayerBase()
09-10 06:57:13.050  8967  9002 I libOpenSLES: Emulating old channel mask behavior (ignoring positional mask 0x3, using default mask 0x3 based on channel count of 2)
09-10 06:57:13.054  8967  9002 I godot   : 
09-10 06:57:13.359  8967  8989 D EGL_emulation: app_time_stats: avg=332.79ms min=8.39ms max=962.94ms count=3
09-10 06:57:13.702  8967  9002 V Godot   : OnGodotSetupCompleted
09-10 06:57:13.707  8967  9002 V Godot   : OnGodotMainLoopStarted
09-10 06:57:14.475  8967  8989 D EGL_emulation: app_time_stats: avg=145.61ms min=13.91ms max=311.86ms count=7
09-10 06:57:23.715  8967  8967 D AutofillManager: Fill dialog is enabled:false, hints=[]
09-10 06:57:23.753  8967  8989 D EGL_emulation: app_time_stats: avg=3087.82ms min=11.89ms max=9093.13ms count=3
09-10 06:57:28.031  8967  8989 D EGL_emulation: app_time_stats: avg=844.24ms min=22.27ms max=4041.71ms count=5
09-10 06:57:28.045  8967  9002 D EGL_emulation: app_time_stats: avg=3717.92ms min=107.09ms max=14060.35ms count=4
09-10 06:57:28.051  8967  9002 D GLThread: Exiting render thread
09-10 06:57:28.051  8967  9002 D GodotRenderer: Destroying Godot Engine
09-10 06:57:28.072  8967  9002 D t.compare:godot: PlayerBase::stop() from IPlayer
09-10 06:57:28.072  8967  9002 D AudioTrack: stop(17): called with 666746 frames delivered
09-10 06:57:28.074  8967  9002 E eglCodecCommon: removeVertexArrayObject: ERROR: 7 not found in VAO state!
09-10 06:57:28.139  8967  9002 V Godot   : OnGodotTerminating
09-10 06:57:28.158  8967  8967 V Godot   : OnDestroy: GodotFragment{cd52f5c} (92d51a39-ea3a-48db-8ea1-3a181326c94e id=0x7f07002b tag=partydeck-godot)
09-10 06:57:28.167  8967  8967 V Godot   : OnPause: GodotFragment{cd52f5c} (92d51a39-ea3a-48db-8ea1-3a181326c94e id=0x7f07002b tag=partydeck-godot)
09-10 06:57:28.301  8967  8967 I PartyDeckGodotHost: Engine process exit requested
09-10 06:57:28.301  8967  8967 I Process : Sending signal. PID: 8967 SIG: 9
