--------- beginning of main
09-10 10:07:16.907  3051  3051 I t.compare:godot: Late-enabling -Xcheck:jni
09-10 10:07:16.930  3051  3051 I t.compare:godot: Using CollectorTypeCMC GC.
09-10 10:07:16.931  3051  3051 W t.compare:godot: Unexpected CPU variant for x86: x86_64.
09-10 10:07:16.931  3051  3051 W t.compare:godot: Known variants: atom, sandybridge, silvermont, goldmont, goldmont-plus, goldmont-without-sha-xsaves, tremont, kabylake, default
09-10 10:07:16.977  3051  3051 D nativeloader: Load libframework-connectivity-tiramisu-jni.so using APEX ns com_android_tethering for caller /apex/com.android.tethering/javalib/framework-connectivity-t.jar: ok
09-10 10:07:17.267  3051  3051 W ziparchive: Unable to open '/data/app/~~eVqm6EJco72KvyoAhHVB5A==/dev.partydeck.godot.compare-Y_lT6G_OkJ_9lFu91fffHQ==/base.dm': No such file or directory
09-10 10:07:17.267  3051  3051 W ziparchive: Unable to open '/data/app/~~eVqm6EJco72KvyoAhHVB5A==/dev.partydeck.godot.compare-Y_lT6G_OkJ_9lFu91fffHQ==/base.dm': No such file or directory
09-10 10:07:17.421  3051  3051 D nativeloader: Configuring clns-7 for other apk /data/app/~~eVqm6EJco72KvyoAhHVB5A==/dev.partydeck.godot.compare-Y_lT6G_OkJ_9lFu91fffHQ==/base.apk. target_sdk_version=36, uses_libraries=, library_path=/data/app/~~eVqm6EJco72KvyoAhHVB5A==/dev.partydeck.godot.compare-Y_lT6G_OkJ_9lFu91fffHQ==/lib/x86_64:/data/app/~~eVqm6EJco72KvyoAhHVB5A==/dev.partydeck.godot.compare-Y_lT6G_OkJ_9lFu91fffHQ==/base.apk!/lib/x86_64, permitted_path=/data:/mnt/expand:/data/user/0/dev.partydeck.godot.compare
09-10 10:07:17.447  3051  3051 V GraphicsEnvironment: Currently set values for:
09-10 10:07:17.447  3051  3051 V GraphicsEnvironment:   angle_gl_driver_selection_pkgs=[]
09-10 10:07:17.447  3051  3051 V GraphicsEnvironment:   angle_gl_driver_selection_values=[]
09-10 10:07:17.447  3051  3051 V GraphicsEnvironment: Global.Settings values are invalid: number of packages: 0, number of values: 0
09-10 10:07:17.447  3051  3051 V GraphicsEnvironment: Neither updatable production driver nor prerelease driver is supported.
09-10 10:07:17.825  3051  3051 V Godot   : Initializing Godot plugin registry
09-10 10:07:17.826  3051  3051 I GodotPluginRegistry: Registering runtime plugin AndroidRuntime
09-10 10:07:17.826  3051  3051 I GodotPluginRegistry: Registering runtime plugin PartyDeckBridge
09-10 10:07:17.826  3051  3051 V Godot   : InitEngine with params: [--main-pack, res://partydeck-last-light.pck, --rendering-method, gl_compatibility, --xr-mode, off]
09-10 10:07:17.859  3051  3051 D nativeloader: Load /data/app/~~eVqm6EJco72KvyoAhHVB5A==/dev.partydeck.godot.compare-Y_lT6G_OkJ_9lFu91fffHQ==/base.apk!/lib/x86_64/libgodot_android.so using ns clns-7 from class loader (caller=/data/app/~~eVqm6EJco72KvyoAhHVB5A==/dev.partydeck.godot.compare-Y_lT6G_OkJ_9lFu91fffHQ==/base.apk): ok
09-10 10:07:17.867  3051  3051 V Godot   : Godot native layer initialization completed: true
09-10 10:07:17.867  3051  3051 V Godot   : Setting up native layer with params: [--main-pack, res://partydeck-last-light.pck, --rendering-method, gl_compatibility, --xr-mode, off]
09-10 10:07:17.900  3051  3051 V Godot   : Godot native layer setup completed
09-10 10:07:17.901  3051  3051 V Godot   : OnInitRenderView: GodotFragment{2d7c1b} (2cc8d422-c25a-48b6-8816-f526dbf7c042 id=0x7f07002b tag=partydeck-godot)
09-10 10:07:17.916  3051  3051 D Godot   : Render view should be transparent: false
09-10 10:07:17.916  3051  3051 D Godot   : renderingDevice: opengl3 (ProjectSettings)
09-10 10:07:17.916  3051  3051 D Godot   : 			renderer: gl_compatibility (Default)
09-10 10:07:17.935  3051  3051 V Godot   : OnStart: GodotFragment{2d7c1b} (2cc8d422-c25a-48b6-8816-f526dbf7c042 id=0x7f07002b tag=partydeck-godot)
09-10 10:07:17.936  3051  3051 W WindowOnBackDispatcher: OnBackInvokedCallback is not enabled for the application.
09-10 10:07:17.936  3051  3051 W WindowOnBackDispatcher: Set 'android:enableOnBackInvokedCallback="true"' in the application manifest.
09-10 10:07:17.938  3051  3051 V Godot   : OnResume: GodotFragment{2d7c1b} (2cc8d422-c25a-48b6-8816-f526dbf7c042 id=0x7f07002b tag=partydeck-godot)
09-10 10:07:17.941  3051  3051 W HWUI    : Unknown dataspace 0
09-10 10:07:17.982  3051  3078 I EGL_emulation: Opening libGLESv1_CM_emulation.so
09-10 10:07:17.983  3051  3078 I EGL_emulation: Opening libGLESv2_emulation.so
09-10 10:07:17.997  3051  3078 W HWUI    : Failed to choose config with EGL_SWAP_BEHAVIOR_PRESERVED, retrying without...
09-10 10:07:17.998  3051  3078 W HWUI    : Failed to initialize 101010-2 format, error = EGL_SUCCESS
09-10 10:07:18.045  3051  3087 W RegularContextFactory: creating OpenGL ES 3.0 context :
09-10 10:07:18.052  3051  3087 I Gralloc4: mapper 4.x is not supported
09-10 10:07:18.095  3051  3087 I godot   : Godot Engine v4.7.2.stable.official.ed1daf0bf - https://godotengine.org
09-10 10:07:18.114  3051  3057 I t.compare:godot: Compiler allocated 4219KB to compile void android.widget.TextView.<init>(android.content.Context, android.util.AttributeSet, int, int)
09-10 10:07:18.751  3051  3057 I t.compare:godot: Compiler allocated 5174KB to compile void android.view.ViewRootImpl.performTraversals()
09-10 10:07:19.053  3051  3091 E SurfaceSyncGroup: Failed to receive transaction ready in 1000ms. Marking SurfaceSyncGroup(wmsSync-VRI[GodotGameActivity]#1) as ready
09-10 10:07:19.072  3051  3091 E SurfaceSyncGroup: Failed to receive transaction ready in 1000ms. Marking SurfaceSyncGroup(VRI[GodotGameActivity]#2) as ready
09-10 10:07:19.072  3051  3091 E SurfaceSyncGroup: Failed to receive transaction ready in 1000ms. Marking SurfaceSyncGroup(SurfaceView[dev.partydeck.godot.compare/dev.partydeck.godot.compare.GodotGameActivity]#0) as ready
09-10 10:07:19.189  3051  3078 D EGL_emulation: app_time_stats: avg=476.23ms min=12.92ms max=939.54ms count=2
09-10 10:07:19.441  3051  3087 I godot   : OpenGL API OpenGL ES 3.1 (OpenGL ES 3.1.0 (ANGLE 2.1.17841 git hash: 5fa2e61da947)) - Compatibility - Using Device: Google (Google Inc. (Google)) - Android Emulator OpenGL ES Translator (ANGLE (Google, Vulkan 1.3.0 (SwiftShader Device (Subzero) (0x0000C0DE)), SwiftShader driver-5.0.0))
09-10 10:07:19.443  3051  3087 D t.compare:godot: PlayerBase::PlayerBase()
09-10 10:07:19.443  3051  3087 D t.compare:godot: TrackPlayerBase::TrackPlayerBase()
09-10 10:07:19.443  3051  3087 I libOpenSLES: Emulating old channel mask behavior (ignoring positional mask 0x3, using default mask 0x3 based on channel count of 2)
09-10 10:07:19.449  3051  3087 I godot   : 
09-10 10:07:19.915  3051  3087 V Godot   : OnGodotSetupCompleted
09-10 10:07:19.921  3051  3087 V Godot   : OnGodotMainLoopStarted
09-10 10:07:20.355  3051  3078 D EGL_emulation: app_time_stats: avg=362.36ms min=21.68ms max=671.13ms count=3
09-10 10:07:21.881  3051  3087 E godot   : WARNING: Failed to load cached shader, recompiling.
09-10 10:07:21.881  3051  3087 E godot   :    at: _load_from_cache (drivers/gles3/shader_gles3.cpp:615)
09-10 10:07:22.830  3051  3087 D EGL_emulation: app_time_stats: avg=1074.20ms min=11.18ms max=2341.97ms count=3
09-10 10:07:23.251  3051  3078 D EGL_emulation: app_time_stats: avg=1448.23ms min=712.24ms max=2184.22ms count=2
09-10 10:07:33.028  3051  3051 D AutofillManager: Fill dialog is enabled:false, hints=[]
09-10 10:07:33.061  3051  3078 D EGL_emulation: app_time_stats: avg=2421.74ms min=2.95ms max=9624.46ms count=4
09-10 10:07:37.323  3051  3087 D EGL_emulation: app_time_stats: avg=7246.53ms min=334.25ms max=14158.81ms count=2
09-10 10:07:41.421  3051  3078 D EGL_emulation: app_time_stats: avg=1661.23ms min=37.21ms max=8080.90ms count=5
09-10 10:07:51.518  3051  3078 D EGL_emulation: app_time_stats: avg=2006.09ms min=13.73ms max=9845.28ms count=5
09-10 10:07:55.806  3051  3087 D EGL_emulation: app_time_stats: avg=6139.91ms min=93.90ms max=18171.72ms count=3
09-10 10:07:59.887  3051  3078 D EGL_emulation: app_time_stats: avg=1664.38ms min=19.86ms max=8094.21ms count=5
09-10 10:08:09.986  3051  3078 D EGL_emulation: app_time_stats: avg=2008.76ms min=18.36ms max=9846.45ms count=5
09-10 10:08:14.255  3051  3087 D EGL_emulation: app_time_stats: avg=6104.64ms min=52.66ms max=18164.90ms count=3
09-10 10:08:18.387  3051  3078 D EGL_emulation: app_time_stats: avg=1676.89ms min=14.25ms max=8131.15ms count=5
09-10 10:08:28.453  3051  3078 D EGL_emulation: app_time_stats: avg=2005.18ms min=22.42ms max=9812.06ms count=5
09-10 10:08:32.776  3051  3087 D EGL_emulation: app_time_stats: avg=6147.34ms min=95.95ms max=18202.69ms count=3
09-10 10:08:36.889  3051  3078 D EGL_emulation: app_time_stats: avg=1679.08ms min=16.50ms max=8196.73ms count=5
09-10 10:08:43.068  3051  3078 D EGL_emulation: app_time_stats: avg=1224.42ms min=14.91ms max=5928.79ms count=5
09-10 10:08:47.442  3051  3087 D EGL_emulation: app_time_stats: avg=4866.51ms min=101.90ms max=14346.47ms count=3
09-10 10:08:51.573  3051  3078 D EGL_emulation: app_time_stats: avg=1398.60ms min=13.27ms max=8179.29ms count=6
09-10 10:08:53.779  3051  3051 V Godot   : OnPause: GodotFragment{2d7c1b} (2cc8d422-c25a-48b6-8816-f526dbf7c042 id=0x7f07002b tag=partydeck-godot)
09-10 10:08:53.785  3051  3087 D t.compare:godot: PlayerBase::pause() from IPlayer
09-10 10:08:53.957  3051  3078 D EGL_emulation: app_time_stats: avg=473.12ms min=15.79ms max=2129.74ms count=5
09-10 10:08:54.697  3051  3051 D VRI[GodotGameActivity]: visibilityChanged oldVisibility=true newVisibility=false
09-10 10:08:54.699  3051  3051 E Surface : freeAllBuffers: 1 buffers were freed while being dequeued!
09-10 10:08:54.799  3051  3051 V Godot   : OnStop: GodotFragment{2d7c1b} (2cc8d422-c25a-48b6-8816-f526dbf7c042 id=0x7f07002b tag=partydeck-godot)
09-10 10:08:54.979  3051  3087 E Surface : getSlotFromBufferLocked: unknown buffer: 0x0
09-10 10:08:54.979  3051  3087 D EGL_emulation: app_time_stats: avg=2512.29ms min=171.16ms max=7194.52ms count=3
09-10 10:08:54.979  3051  3087 E BufferQueueProducer: [SurfaceView[dev.partydeck.godot.compare/dev.partydeck.godot.compare.GodotGameActivity]#1(BLAST Consumer)1](id:beb00000001,api:0,p:-1,c:3051) dequeueBuffer: BufferQueue has been abandoned
09-10 10:08:54.979  3051  3087 E EGL_emulation: tid 3087: swapBuffers(789): error 0x300d (EGL_BAD_SURFACE)
09-10 10:08:54.980  3051  3087 W GLThread: eglSwapBuffers failed: EGL_BAD_SURFACE
09-10 10:08:55.065  3051  3087 E Surface : freeAllBuffers: 1 buffers were freed while being dequeued!
09-10 10:09:08.741  3051  3051 V Godot   : OnStart: GodotFragment{2d7c1b} (2cc8d422-c25a-48b6-8816-f526dbf7c042 id=0x7f07002b tag=partydeck-godot)
09-10 10:09:08.742  3051  3051 W WindowOnBackDispatcher: OnBackInvokedCallback is not enabled for the application.
09-10 10:09:08.742  3051  3051 W WindowOnBackDispatcher: Set 'android:enableOnBackInvokedCallback="true"' in the application manifest.
09-10 10:09:08.745  3051  3051 V Godot   : OnResume: GodotFragment{2d7c1b} (2cc8d422-c25a-48b6-8816-f526dbf7c042 id=0x7f07002b tag=partydeck-godot)
09-10 10:09:10.500  3051  3078 D EGL_emulation: app_time_stats: avg=181.96ms min=30.23ms max=410.25ms count=8
09-10 10:09:13.871  3051  3078 D EGL_emulation: app_time_stats: avg=1685.23ms min=64.37ms max=3306.09ms count=2
09-10 10:09:24.002  3051  3078 D EGL_emulation: app_time_stats: avg=2015.10ms min=12.92ms max=9870.27ms count=5
09-10 10:09:28.305  3051  3087 D EGL_emulation: app_time_stats: avg=6314.06ms min=51.69ms max=18472.09ms count=3
09-10 10:09:32.452  3051  3078 D EGL_emulation: app_time_stats: avg=1681.22ms min=19.07ms max=8190.09ms count=5
09-10 10:09:38.703  3051  3078 D EGL_emulation: app_time_stats: avg=1243.88ms min=29.21ms max=5990.86ms count=5
09-10 10:09:42.998  3051  3087 D EGL_emulation: app_time_stats: avg=4843.81ms min=66.92ms max=14376.97ms count=3
09-10 10:09:47.169  3051  3078 D EGL_emulation: app_time_stats: avg=1672.12ms min=16.31ms max=8216.17ms count=5
09-10 10:09:53.386  3051  3078 D EGL_emulation: app_time_stats: avg=1237.40ms min=19.84ms max=5956.01ms count=5
09-10 10:09:57.669  3051  3078 D EGL_emulation: app_time_stats: avg=848.77ms min=13.07ms max=4032.36ms count=5
09-10 10:09:57.999  3051  3087 D EGL_emulation: app_time_stats: avg=5000.20ms min=148.79ms max=14690.40ms count=3
09-10 10:09:58.703  3051  3078 D EGL_emulation: app_time_stats: avg=188.88ms min=57.89ms max=360.41ms count=5
09-10 10:09:59.063  3051  3087 D EGL_emulation: app_time_stats: avg=266.01ms min=186.70ms max=320.09ms count=4
09-10 10:10:02.289  3051  3078 D EGL_emulation: app_time_stats: avg=3584.92ms min=3584.92ms max=3584.92ms count=1
09-10 10:10:08.468  3051  3078 D EGL_emulation: app_time_stats: avg=1226.72ms min=14.62ms max=5929.58ms count=5
09-10 10:10:22.253  3051  3078 D EGL_emulation: app_time_stats: avg=2713.15ms min=2.71ms max=13459.85ms count=5
09-10 10:10:26.513  3051  3087 D EGL_emulation: app_time_stats: avg=27449.59ms min=27449.59ms max=27449.59ms count=1
09-10 10:10:26.513  3051  3078 D EGL_emulation: app_time_stats: avg=838.01ms min=15.99ms max=3985.75ms count=5
09-10 10:10:27.640  3051  3078 D EGL_emulation: app_time_stats: avg=222.30ms min=73.28ms max=315.68ms count=5
09-10 10:10:27.694  3051  3087 D EGL_emulation: app_time_stats: avg=295.25ms min=211.72ms max=404.54ms count=4
09-10 10:10:31.120  3051  3078 D EGL_emulation: app_time_stats: avg=3479.73ms min=3479.73ms max=3479.73ms count=1
09-10 10:10:37.336  3051  3078 D EGL_emulation: app_time_stats: avg=1232.57ms min=13.47ms max=5949.74ms count=5
09-10 10:10:47.386  3051  3078 D EGL_emulation: app_time_stats: avg=2001.76ms min=18.96ms max=9789.93ms count=5
09-10 10:10:51.617  3051  3087 D EGL_emulation: app_time_stats: avg=23923.46ms min=23923.46ms max=23923.46ms count=1
09-10 10:10:51.799  3051  3078 D EGL_emulation: app_time_stats: avg=870.72ms min=17.20ms max=4133.53ms count=5
09-10 10:10:56.219  3051  3078 D EGL_emulation: app_time_stats: avg=733.15ms min=18.88ms max=3516.86ms count=6
09-10 10:11:02.436  3051  3078 D EGL_emulation: app_time_stats: avg=1237.22ms min=23.56ms max=5948.90ms count=5
09-10 10:11:08.686  3051  3078 D EGL_emulation: app_time_stats: avg=1242.60ms min=19.79ms max=6009.26ms count=5
09-10 10:11:12.940  3051  3078 D EGL_emulation: app_time_stats: avg=848.35ms min=14.66ms max=3974.53ms count=5
09-10 10:11:13.041  3051  3087 D EGL_emulation: app_time_stats: avg=4284.77ms min=148.12ms max=20463.48ms count=5
09-10 10:11:14.094  3051  3078 D EGL_emulation: app_time_stats: avg=215.63ms min=13.64ms max=367.10ms count=5
09-10 10:11:17.552  3051  3078 D EGL_emulation: app_time_stats: avg=3458.21ms min=3458.21ms max=3458.21ms count=1
09-10 10:11:23.803  3051  3078 D EGL_emulation: app_time_stats: avg=1221.98ms min=7.56ms max=5926.74ms count=5
09-10 10:11:30.002  3051  3078 D EGL_emulation: app_time_stats: avg=1226.36ms min=17.86ms max=5927.46ms count=5
09-10 10:11:34.269  3051  3078 D EGL_emulation: app_time_stats: avg=846.60ms min=17.86ms max=4042.34ms count=5
09-10 10:11:34.511  3051  3087 D EGL_emulation: app_time_stats: avg=4281.93ms min=15.59ms max=20470.90ms count=5
09-10 10:11:38.468  3051  3078 D EGL_emulation: app_time_stats: avg=699.75ms min=77.37ms max=3278.90ms count=6
09-10 10:11:44.769  3051  3078 D EGL_emulation: app_time_stats: avg=1251.03ms min=26.55ms max=6064.60ms count=5
09-10 10:11:54.836  3051  3078 D EGL_emulation: app_time_stats: avg=2011.35ms min=16.82ms max=9818.27ms count=5
09-10 10:11:59.127  3051  3087 D EGL_emulation: app_time_stats: avg=8205.49ms min=159.07ms max=24151.09ms count=3
09-10 10:11:59.241  3051  3078 D EGL_emulation: app_time_stats: avg=874.08ms min=13.33ms max=4146.54ms count=5
09-10 10:12:03.386  3051  3078 D EGL_emulation: app_time_stats: avg=665.62ms min=14.18ms max=3348.28ms count=6
09-10 10:12:09.585  3051  3078 D EGL_emulation: app_time_stats: avg=1237.33ms min=10.75ms max=5922.72ms count=5
09-10 10:12:15.852  3051  3078 D EGL_emulation: app_time_stats: avg=1250.37ms min=17.76ms max=6012.46ms count=5
09-10 10:12:20.139  3051  3087 D EGL_emulation: app_time_stats: avg=7003.86ms min=347.18ms max=20185.38ms count=3
09-10 10:12:24.235  3051  3078 D EGL_emulation: app_time_stats: avg=1668.88ms min=15.54ms max=8134.87ms count=5
09-10 10:12:30.469  3051  3078 D EGL_emulation: app_time_stats: avg=1236.92ms min=13.79ms max=5971.52ms count=5
09-10 10:12:34.745  3051  3087 D EGL_emulation: app_time_stats: avg=4849.37ms min=90.85ms max=14250.16ms count=3
09-10 10:12:38.870  3051  3078 D EGL_emulation: app_time_stats: avg=1672.55ms min=15.01ms max=8128.04ms count=5
09-10 10:12:45.102  3051  3078 D EGL_emulation: app_time_stats: avg=1239.14ms min=22.63ms max=5975.49ms count=5
09-10 10:12:49.403  3051  3078 D EGL_emulation: app_time_stats: avg=851.68ms min=21.92ms max=4033.58ms count=5
09-10 10:12:49.599  3051  3087 D EGL_emulation: app_time_stats: avg=4951.32ms min=184.87ms max=14457.96ms count=3
09-10 10:12:50.544  3051  3078 D EGL_emulation: app_time_stats: avg=228.29ms min=101.60ms max=433.99ms count=5
09-10 10:12:54.002  3051  3078 D EGL_emulation: app_time_stats: avg=3457.70ms min=3457.70ms max=3457.70ms count=1
09-10 10:13:00.252  3051  3078 D EGL_emulation: app_time_stats: avg=1240.09ms min=16.52ms max=5998.17ms count=5
09-10 10:13:06.469  3051  3078 D EGL_emulation: app_time_stats: avg=1234.84ms min=26.65ms max=5961.50ms count=5
09-10 10:13:10.753  3051  3078 D EGL_emulation: app_time_stats: avg=849.85ms min=14.54ms max=4010.85ms count=5
09-10 10:13:10.849  3051  3087 D EGL_emulation: app_time_stats: avg=4250.02ms min=126.33ms max=20473.34ms count=5
09-10 10:13:11.836  3051  3078 D EGL_emulation: app_time_stats: avg=216.64ms min=84.98ms max=351.48ms count=5
09-10 10:13:15.352  3051  3078 D EGL_emulation: app_time_stats: avg=3515.35ms min=3515.35ms max=3515.35ms count=1
09-10 10:13:21.636  3051  3078 D EGL_emulation: app_time_stats: avg=1249.39ms min=24.02ms max=6021.39ms count=5
09-10 10:13:27.918  3051  3078 D EGL_emulation: app_time_stats: avg=1240.85ms min=15.48ms max=6033.09ms count=5
09-10 10:13:32.135  3051  3078 D EGL_emulation: app_time_stats: avg=837.64ms min=16.80ms max=3947.18ms count=5
09-10 10:13:32.272  3051  3087 D EGL_emulation: app_time_stats: avg=4272.23ms min=67.98ms max=20465.12ms count=5
09-10 10:13:33.162  3051  3078 D EGL_emulation: app_time_stats: avg=205.20ms min=42.69ms max=431.82ms count=5
09-10 10:13:36.735  3051  3078 D EGL_emulation: app_time_stats: avg=3572.03ms min=3572.03ms max=3572.03ms count=1
09-10 10:13:43.018  3051  3078 D EGL_emulation: app_time_stats: avg=1247.15ms min=20.89ms max=6045.53ms count=5
09-10 10:13:49.319  3051  3078 D EGL_emulation: app_time_stats: avg=1251.88ms min=17.22ms max=6040.58ms count=5
09-10 10:13:53.567  3051  3078 D EGL_emulation: app_time_stats: avg=838.47ms min=19.74ms max=3979.60ms count=5
09-10 10:13:53.645  3051  3087 D EGL_emulation: app_time_stats: avg=4274.44ms min=66.04ms max=20525.83ms count=5
09-10 10:13:54.569  3051  3078 D EGL_emulation: app_time_stats: avg=200.25ms min=82.22ms max=358.72ms count=5
09-10 10:13:54.674  3051  3087 D EGL_emulation: app_time_stats: avg=257.21ms min=190.70ms max=323.59ms count=4
09-10 10:13:58.168  3051  3078 D EGL_emulation: app_time_stats: avg=3599.38ms min=3599.38ms max=3599.38ms count=1
09-10 10:14:04.474  3051  3078 D EGL_emulation: app_time_stats: avg=1257.92ms min=21.66ms max=6032.58ms count=5
09-10 10:14:10.785  3051  3078 D EGL_emulation: app_time_stats: avg=1255.92ms min=17.18ms max=6057.86ms count=5
09-10 10:14:15.102  3051  3078 D EGL_emulation: app_time_stats: avg=859.57ms min=12.81ms max=4081.73ms count=5
09-10 10:14:15.466  3051  3087 D EGL_emulation: app_time_stats: avg=20792.02ms min=20792.02ms max=20792.02ms count=1
09-10 10:14:19.185  3051  3078 D EGL_emulation: app_time_stats: avg=680.50ms min=56.78ms max=3216.95ms count=6
09-10 10:14:25.486  3051  3078 D EGL_emulation: app_time_stats: avg=1257.15ms min=16.28ms max=6070.57ms count=5
09-10 10:14:31.719  3051  3078 D EGL_emulation: app_time_stats: avg=1238.06ms min=16.92ms max=5991.03ms count=5
09-10 10:14:36.017  3051  3078 D EGL_emulation: app_time_stats: avg=850.95ms min=18.55ms max=4037.25ms count=5
09-10 10:14:36.033  3051  3087 D EGL_emulation: app_time_stats: avg=6855.63ms min=119.70ms max=20278.20ms count=3
09-10 10:14:36.798  3051  3058 I t.compare:godot: Background concurrent mark compact GC freed 3320KB AllocSpace bytes, 0(0B) LOS objects, 49% free, 2824KB/5649KB, paused 93us,7.213ms total 87.569ms
09-10 10:14:37.549  3051  3087 D EGL_emulation: app_time_stats: avg=505.25ms min=297.52ms max=750.22ms count=3
09-10 10:14:37.647  3051  3078 D EGL_emulation: app_time_stats: avg=321.34ms min=71.01ms max=737.56ms count=5
09-10 10:14:40.720  3051  3078 D EGL_emulation: app_time_stats: avg=3073.63ms min=3073.63ms max=3073.63ms count=1
09-10 10:14:46.985  3051  3078 D EGL_emulation: app_time_stats: avg=1236.37ms min=2.28ms max=6031.62ms count=5
09-10 10:14:53.237  3051  3078 D EGL_emulation: app_time_stats: avg=1237.87ms min=22.48ms max=5986.87ms count=5
09-10 10:14:57.518  3051  3078 D EGL_emulation: app_time_stats: avg=1070.03ms min=22.66ms max=4052.31ms count=4
09-10 10:14:57.611  3051  3087 D EGL_emulation: app_time_stats: avg=10031.01ms min=241.16ms max=19820.87ms count=2
09-10 10:14:58.887  3051  3087 D EGL_emulation: app_time_stats: avg=425.24ms min=115.16ms max=811.33ms count=3
09-10 10:14:58.973  3051  3078 D EGL_emulation: app_time_stats: avg=273.44ms min=19.71ms max=635.17ms count=5
09-10 10:15:02.169  3051  3078 D EGL_emulation: app_time_stats: avg=3195.38ms min=3195.38ms max=3195.38ms count=1
09-10 10:15:08.469  3051  3078 D EGL_emulation: app_time_stats: avg=1250.16ms min=18.66ms max=6044.48ms count=5
09-10 10:15:14.772  3051  3078 D EGL_emulation: app_time_stats: avg=1252.15ms min=18.06ms max=6067.54ms count=5
09-10 10:15:19.051  3051  3078 D EGL_emulation: app_time_stats: avg=850.18ms min=14.24ms max=4033.80ms count=5
09-10 10:15:19.055  3051  3087 D EGL_emulation: app_time_stats: avg=10083.52ms min=175.12ms max=19991.91ms count=2
09-10 10:15:20.540  3051  3087 D EGL_emulation: app_time_stats: avg=495.09ms min=260.43ms max=839.56ms count=3
09-10 10:15:20.695  3051  3078 D EGL_emulation: app_time_stats: avg=324.94ms min=107.80ms max=803.41ms count=5
09-10 10:15:23.724  3051  3078 D EGL_emulation: app_time_stats: avg=3029.31ms min=3029.31ms max=3029.31ms count=1
09-10 10:15:29.968  3051  3078 D EGL_emulation: app_time_stats: avg=1245.94ms min=13.54ms max=5989.16ms count=5
09-10 10:15:36.236  3051  3078 D EGL_emulation: app_time_stats: avg=1247.39ms min=20.87ms max=5975.41ms count=5
09-10 10:15:40.502  3051  3078 D EGL_emulation: app_time_stats: avg=846.52ms min=19.53ms max=4026.48ms count=5
09-10 10:15:40.655  3051  3087 D EGL_emulation: app_time_stats: avg=10057.25ms min=267.92ms max=19846.58ms count=2
09-10 10:15:41.940  3051  3087 D EGL_emulation: app_time_stats: avg=428.25ms min=67.27ms max=952.53ms count=3
09-10 10:15:42.100  3051  3078 D EGL_emulation: app_time_stats: avg=302.79ms min=63.18ms max=783.15ms count=5
09-10 10:15:45.118  3051  3078 D EGL_emulation: app_time_stats: avg=3016.41ms min=3016.41ms max=3016.41ms count=1
09-10 10:15:51.403  3051  3078 D EGL_emulation: app_time_stats: avg=1250.42ms min=23.12ms max=6045.27ms count=5
09-10 10:15:57.669  3051  3078 D EGL_emulation: app_time_stats: avg=1253.10ms min=17.35ms max=5940.20ms count=5
09-10 10:16:01.979  3051  3087 D EGL_emulation: app_time_stats: avg=10019.62ms min=292.78ms max=19746.46ms count=2
09-10 10:16:02.086  3051  3078 D EGL_emulation: app_time_stats: avg=876.87ms min=15.95ms max=4179.05ms count=5
09-10 10:16:02.458  3051  3058 I t.compare:godot: Background concurrent mark compact GC freed 2716KB AllocSpace bytes, 0(0B) LOS objects, 49% free, 2732KB/5465KB, paused 1.766ms,13.816ms total 71.456ms
09-10 10:16:03.432  3051  3087 D EGL_emulation: app_time_stats: avg=484.28ms min=254.46ms max=794.85ms count=3
09-10 10:16:03.589  3051  3078 D EGL_emulation: app_time_stats: avg=284.42ms min=93.29ms max=772.66ms count=5
09-10 10:16:06.619  3051  3078 D EGL_emulation: app_time_stats: avg=3029.80ms min=3029.80ms max=3029.80ms count=1
09-10 10:16:12.886  3051  3078 D EGL_emulation: app_time_stats: avg=1239.49ms min=19.86ms max=6035.05ms count=5
09-10 10:16:19.169  3051  3078 D EGL_emulation: app_time_stats: avg=1249.06ms min=26.86ms max=6010.07ms count=5
09-10 10:16:23.434  3051  3078 D EGL_emulation: app_time_stats: avg=849.69ms min=25.23ms max=3970.44ms count=5
09-10 10:16:23.519  3051  3087 D EGL_emulation: app_time_stats: avg=10043.52ms min=262.20ms max=19824.84ms count=2
09-10 10:16:24.901  3051  3087 D EGL_emulation: app_time_stats: avg=460.63ms min=174.85ms max=895.04ms count=3
09-10 10:16:25.030  3051  3078 D EGL_emulation: app_time_stats: avg=319.26ms min=100.37ms max=779.96ms count=5
09-10 10:16:28.052  3051  3078 D EGL_emulation: app_time_stats: avg=3021.44ms min=3021.44ms max=3021.44ms count=1
09-10 10:16:34.335  3051  3078 D EGL_emulation: app_time_stats: avg=1247.79ms min=20.45ms max=6041.77ms count=5
09-10 10:16:44.452  3051  3078 D EGL_emulation: app_time_stats: avg=2014.58ms min=21.97ms max=9876.17ms count=5
09-10 10:16:48.651  3051  3051 I PartyDeckGodotBridge: Close requested elapsed_ms=641930
09-10 10:16:48.664  3051  3087 D EGL_emulation: app_time_stats: avg=11881.51ms min=198.29ms max=23564.74ms count=2
09-10 10:16:48.664  3051  3087 I PartyDeckGodotBridge: Close dispatch started elapsed_ms=641943
09-10 10:16:48.665  3051  3087 I PartyDeckGodotBridge: Close native barrier elapsed_ms=641944
09-10 10:16:48.677  3051  3051 I PartyDeckGodotHost: Close main callback elapsed_ms=641955
09-10 10:16:48.772  3051  3087 D GLThread: Exiting render thread
09-10 10:16:48.772  3051  3087 D GodotRenderer: Destroying Godot Engine
09-10 10:16:48.800  3051  3078 D EGL_emulation: app_time_stats: avg=859.52ms min=19.94ms max=4080.05ms count=5
09-10 10:16:48.807  3051  3087 D t.compare:godot: PlayerBase::stop() from IPlayer
09-10 10:16:48.807  3051  3087 D AudioTrack: stop(16): called with 24456096 frames delivered
09-10 10:16:48.810  3051  3087 E eglCodecCommon: removeVertexArrayObject: ERROR: 7 not found in VAO state!
09-10 10:16:48.856  3051  3087 V Godot   : OnGodotTerminating
09-10 10:16:48.877  3051  3051 V Godot   : OnDestroy: GodotFragment{2d7c1b} (2cc8d422-c25a-48b6-8816-f526dbf7c042 id=0x7f07002b tag=partydeck-godot)
09-10 10:16:48.891  3051  3051 V Godot   : OnPause: GodotFragment{2d7c1b} (2cc8d422-c25a-48b6-8816-f526dbf7c042 id=0x7f07002b tag=partydeck-godot)
09-10 10:16:49.017  3051  3051 I PartyDeckGodotHost: Engine process exit requested
09-10 10:16:49.017  3051  3051 I Process : Sending signal. PID: 3051 SIG: 9
