--------- beginning of main
09-10 10:07:25.217  3062  3062 I t.compare:godot: Late-enabling -Xcheck:jni
09-10 10:07:25.250  3062  3062 I t.compare:godot: Using CollectorTypeCMC GC.
09-10 10:07:25.252  3062  3062 W t.compare:godot: Unexpected CPU variant for x86: x86_64.
09-10 10:07:25.252  3062  3062 W t.compare:godot: Known variants: atom, sandybridge, silvermont, goldmont, goldmont-plus, goldmont-without-sha-xsaves, tremont, kabylake, default
09-10 10:07:25.295  3062  3062 D nativeloader: Load libframework-connectivity-tiramisu-jni.so using APEX ns com_android_tethering for caller /apex/com.android.tethering/javalib/framework-connectivity-t.jar: ok
09-10 10:07:25.347  3062  3062 W ziparchive: Unable to open '/data/app/~~HsmByWhJY0u5zusmCQ_LHw==/dev.partydeck.godot.compare-Gno4DwCGEoU7Ri23dGV6KA==/base.dm': No such file or directory
09-10 10:07:25.347  3062  3062 W ziparchive: Unable to open '/data/app/~~HsmByWhJY0u5zusmCQ_LHw==/dev.partydeck.godot.compare-Gno4DwCGEoU7Ri23dGV6KA==/base.dm': No such file or directory
09-10 10:07:25.453  3062  3062 D nativeloader: Configuring clns-7 for other apk /data/app/~~HsmByWhJY0u5zusmCQ_LHw==/dev.partydeck.godot.compare-Gno4DwCGEoU7Ri23dGV6KA==/base.apk. target_sdk_version=36, uses_libraries=, library_path=/data/app/~~HsmByWhJY0u5zusmCQ_LHw==/dev.partydeck.godot.compare-Gno4DwCGEoU7Ri23dGV6KA==/lib/x86_64:/data/app/~~HsmByWhJY0u5zusmCQ_LHw==/dev.partydeck.godot.compare-Gno4DwCGEoU7Ri23dGV6KA==/base.apk!/lib/x86_64, permitted_path=/data:/mnt/expand:/data/user/0/dev.partydeck.godot.compare
09-10 10:07:25.460  3062  3062 V GraphicsEnvironment: Currently set values for:
09-10 10:07:25.460  3062  3062 V GraphicsEnvironment:   angle_gl_driver_selection_pkgs=[]
09-10 10:07:25.460  3062  3062 V GraphicsEnvironment:   angle_gl_driver_selection_values=[]
09-10 10:07:25.460  3062  3062 V GraphicsEnvironment: Global.Settings values are invalid: number of packages: 0, number of values: 0
09-10 10:07:25.460  3062  3062 V GraphicsEnvironment: Neither updatable production driver nor prerelease driver is supported.
09-10 10:07:25.954  3062  3062 V Godot   : Initializing Godot plugin registry
09-10 10:07:25.955  3062  3062 I GodotPluginRegistry: Registering runtime plugin AndroidRuntime
09-10 10:07:25.955  3062  3062 I GodotPluginRegistry: Registering runtime plugin PartyDeckBridge
09-10 10:07:25.956  3062  3062 V Godot   : InitEngine with params: [--main-pack, res://partydeck-last-light.pck, --rendering-method, gl_compatibility, --xr-mode, off]
09-10 10:07:25.985  3062  3062 D nativeloader: Load /data/app/~~HsmByWhJY0u5zusmCQ_LHw==/dev.partydeck.godot.compare-Gno4DwCGEoU7Ri23dGV6KA==/base.apk!/lib/x86_64/libgodot_android.so using ns clns-7 from class loader (caller=/data/app/~~HsmByWhJY0u5zusmCQ_LHw==/dev.partydeck.godot.compare-Gno4DwCGEoU7Ri23dGV6KA==/base.apk): ok
09-10 10:07:25.986  3062  3062 V Godot   : Godot native layer initialization completed: true
09-10 10:07:25.986  3062  3062 V Godot   : Setting up native layer with params: [--main-pack, res://partydeck-last-light.pck, --rendering-method, gl_compatibility, --xr-mode, off]
09-10 10:07:26.070  3062  3062 V Godot   : Godot native layer setup completed
09-10 10:07:26.071  3062  3062 V Godot   : OnInitRenderView: GodotFragment{cc685f5} (e57549f6-3616-4ac6-bda9-118a33588773 id=0x7f07002b tag=partydeck-godot)
09-10 10:07:26.121  3062  3062 D Godot   : Render view should be transparent: false
09-10 10:07:26.121  3062  3062 D Godot   : renderingDevice: opengl3 (ProjectSettings)
09-10 10:07:26.121  3062  3062 D Godot   : 			renderer: gl_compatibility (Default)
09-10 10:07:26.151  3062  3062 V Godot   : OnStart: GodotFragment{cc685f5} (e57549f6-3616-4ac6-bda9-118a33588773 id=0x7f07002b tag=partydeck-godot)
09-10 10:07:26.153  3062  3062 W WindowOnBackDispatcher: OnBackInvokedCallback is not enabled for the application.
09-10 10:07:26.153  3062  3062 W WindowOnBackDispatcher: Set 'android:enableOnBackInvokedCallback="true"' in the application manifest.
09-10 10:07:26.158  3062  3062 V Godot   : OnResume: GodotFragment{cc685f5} (e57549f6-3616-4ac6-bda9-118a33588773 id=0x7f07002b tag=partydeck-godot)
09-10 10:07:26.162  3062  3062 W HWUI    : Unknown dataspace 0
09-10 10:07:26.171  3062  3062 I Choreographer: Skipped 32 frames!  The application may be doing too much work on its main thread.
09-10 10:07:26.197  3062  3079 I EGL_emulation: Opening libGLESv1_CM_emulation.so
09-10 10:07:26.198  3062  3079 I EGL_emulation: Opening libGLESv2_emulation.so
09-10 10:07:26.223  3062  3079 W HWUI    : Failed to choose config with EGL_SWAP_BEHAVIOR_PRESERVED, retrying without...
09-10 10:07:26.223  3062  3079 W HWUI    : Failed to initialize 101010-2 format, error = EGL_SUCCESS
09-10 10:07:26.249  3062  3100 W RegularContextFactory: creating OpenGL ES 3.0 context :
09-10 10:07:26.261  3062  3100 I Gralloc4: mapper 4.x is not supported
09-10 10:07:26.313  3062  3100 I godot   : Godot Engine v4.7.2.stable.official.ed1daf0bf - https://godotengine.org
09-10 10:07:26.531  3062  3103 I HWUI    : Davey! duration=821ms; Flags=1, FrameTimelineVsyncId=9100, IntendedVsync=76993601193, Vsync=77526934505, InputEventId=0, HandleInputStart=77533128571, AnimationStart=77533134251, PerformTraversalsStart=77533182692, DrawStart=77720205463, FrameDeadline=77010267859, FrameInterval=77532772056, FrameStartTime=16666666, SyncQueued=77725691980, SyncStart=77727159626, IssueDrawCommandsStart=77728248886, SwapBuffers=77765661980, FrameCompleted=77816074051, DequeueBufferDuration=46214267, QueueBufferDuration=1461513, GpuCompleted=77815316687, SwapBuffersCompleted=77816074051, DisplayPresentTime=72904454231359566, CommandSubmissionCompleted=77765661980, 
09-10 10:07:26.668  3062  3069 I t.compare:godot: Compiler allocated 4219KB to compile void android.widget.TextView.<init>(android.content.Context, android.util.AttributeSet, int, int)
09-10 10:07:27.179  3062  3069 I t.compare:godot: Compiler allocated 5174KB to compile void android.view.ViewRootImpl.performTraversals()
09-10 10:07:27.207  3062  3105 E SurfaceSyncGroup: Failed to receive transaction ready in 1000ms. Marking SurfaceSyncGroup(wmsSync-VRI[GodotGameActivity]#1) as ready
09-10 10:07:27.208  3062  3105 E SurfaceSyncGroup: Failed to receive transaction ready in 1000ms. Marking SurfaceSyncGroup(VRI[GodotGameActivity]#2) as ready
09-10 10:07:27.210  3062  3105 E SurfaceSyncGroup: Failed to receive transaction ready in 1000ms. Marking SurfaceSyncGroup(SurfaceView[dev.partydeck.godot.compare/dev.partydeck.godot.compare.GodotGameActivity]#0) as ready
09-10 10:07:27.776  3062  3100 I godot   : OpenGL API OpenGL ES 3.1 (OpenGL ES 3.1.0 (ANGLE 2.1.17841 git hash: 5fa2e61da947)) - Compatibility - Using Device: Google (Google Inc. (Google)) - Android Emulator OpenGL ES Translator (ANGLE (Google, Vulkan 1.3.0 (SwiftShader Device (Subzero) (0x0000C0DE)), SwiftShader driver-5.0.0))
09-10 10:07:27.777  3062  3100 D t.compare:godot: PlayerBase::PlayerBase()
09-10 10:07:27.778  3062  3100 D t.compare:godot: TrackPlayerBase::TrackPlayerBase()
09-10 10:07:27.778  3062  3100 I libOpenSLES: Emulating old channel mask behavior (ignoring positional mask 0x3, using default mask 0x3 based on channel count of 2)
09-10 10:07:27.784  3062  3100 I godot   : 
09-10 10:07:27.893  3062  3079 D EGL_emulation: app_time_stats: avg=347.91ms min=11.17ms max=836.33ms count=4
09-10 10:07:28.259  3062  3100 V Godot   : OnGodotSetupCompleted
09-10 10:07:28.265  3062  3100 V Godot   : OnGodotMainLoopStarted
09-10 10:07:28.998  3062  3079 D EGL_emulation: app_time_stats: avg=265.04ms min=27.12ms max=521.74ms count=4
09-10 10:07:38.464  3062  3062 D AutofillManager: Fill dialog is enabled:false, hints=[]
09-10 10:07:38.517  3062  3079 D EGL_emulation: app_time_stats: avg=1900.35ms min=56.77ms max=9049.78ms count=5
09-10 10:07:42.772  3062  3100 D EGL_emulation: app_time_stats: avg=3697.75ms min=34.39ms max=14012.76ms count=4
09-10 10:07:46.820  3062  3079 D EGL_emulation: app_time_stats: avg=1372.86ms min=22.72ms max=7948.32ms count=6
09-10 10:07:56.702  3062  3079 D EGL_emulation: app_time_stats: avg=1976.03ms min=30.32ms max=9572.92ms count=5
09-10 10:08:01.007  3062  3100 D EGL_emulation: app_time_stats: avg=18235.13ms min=18235.13ms max=18235.13ms count=1
09-10 10:08:05.071  3062  3079 D EGL_emulation: app_time_stats: avg=1664.27ms min=26.68ms max=8107.64ms count=5
09-10 10:08:14.988  3062  3079 D EGL_emulation: app_time_stats: avg=1977.64ms min=22.51ms max=9648.28ms count=5
09-10 10:08:19.292  3062  3100 D EGL_emulation: app_time_stats: avg=18284.48ms min=18284.48ms max=18284.48ms count=1
09-10 10:08:23.369  3062  3079 D EGL_emulation: app_time_stats: avg=1669.01ms min=20.56ms max=8105.01ms count=5
09-10 10:08:33.386  3062  3079 D EGL_emulation: app_time_stats: avg=1996.52ms min=28.11ms max=9749.37ms count=5
09-10 10:08:37.673  3062  3100 D EGL_emulation: app_time_stats: avg=18380.87ms min=18380.87ms max=18380.87ms count=1
09-10 10:08:41.737  3062  3079 D EGL_emulation: app_time_stats: avg=1663.34ms min=15.06ms max=8090.43ms count=5
09-10 10:08:47.936  3062  3079 D EGL_emulation: app_time_stats: avg=1232.80ms min=22.52ms max=5917.19ms count=5
09-10 10:08:52.226  3062  3100 D EGL_emulation: app_time_stats: avg=14553.43ms min=14553.43ms max=14553.43ms count=1
09-10 10:08:56.338  3062  3079 D EGL_emulation: app_time_stats: avg=1669.88ms min=14.60ms max=8147.69ms count=5
09-10 10:08:58.486  3062  3062 V Godot   : OnPause: GodotFragment{cc685f5} (e57549f6-3616-4ac6-bda9-118a33588773 id=0x7f07002b tag=partydeck-godot)
09-10 10:08:58.491  3062  3100 D t.compare:godot: PlayerBase::pause() from IPlayer
09-10 10:08:58.592  3062  3079 D EGL_emulation: app_time_stats: avg=442.11ms min=25.88ms max=1953.64ms count=5
09-10 10:08:59.090  3062  3100 D EGL_emulation: app_time_stats: avg=6863.95ms min=6863.95ms max=6863.95ms count=1
09-10 10:08:59.354  3062  3062 D VRI[GodotGameActivity]: visibilityChanged oldVisibility=true newVisibility=false
09-10 10:08:59.425  3062  3062 E Surface : freeAllBuffers: 1 buffers were freed while being dequeued!
09-10 10:08:59.426  3062  3062 V Godot   : OnStop: GodotFragment{cc685f5} (e57549f6-3616-4ac6-bda9-118a33588773 id=0x7f07002b tag=partydeck-godot)
09-10 10:08:59.556  3062  3100 E Surface : getSlotFromBufferLocked: unknown buffer: 0x0
09-10 10:08:59.556  3062  3100 E Surface : freeAllBuffers: 1 buffers were freed while being dequeued!
09-10 10:09:13.461  3062  3062 V Godot   : OnStart: GodotFragment{cc685f5} (e57549f6-3616-4ac6-bda9-118a33588773 id=0x7f07002b tag=partydeck-godot)
09-10 10:09:13.462  3062  3062 W WindowOnBackDispatcher: OnBackInvokedCallback is not enabled for the application.
09-10 10:09:13.462  3062  3062 W WindowOnBackDispatcher: Set 'android:enableOnBackInvokedCallback="true"' in the application manifest.
09-10 10:09:13.474  3062  3062 V Godot   : OnResume: GodotFragment{cc685f5} (e57549f6-3616-4ac6-bda9-118a33588773 id=0x7f07002b tag=partydeck-godot)
09-10 10:09:14.934  3062  3079 D EGL_emulation: app_time_stats: avg=131.05ms min=11.99ms max=319.16ms count=9
09-10 10:09:18.303  3062  3079 D EGL_emulation: app_time_stats: avg=1684.18ms min=64.90ms max=3303.46ms count=2
09-10 10:09:28.403  3062  3079 D EGL_emulation: app_time_stats: avg=1678.06ms min=19.85ms max=9687.47ms count=6
09-10 10:09:32.697  3062  3100 D EGL_emulation: app_time_stats: avg=9387.21ms min=390.76ms max=18383.66ms count=2
09-10 10:09:36.804  3062  3079 D EGL_emulation: app_time_stats: avg=1656.17ms min=1.58ms max=8140.53ms count=5
09-10 10:09:43.070  3062  3079 D EGL_emulation: app_time_stats: avg=1246.75ms min=15.66ms max=5994.35ms count=5
09-10 10:09:47.397  3062  3100 D EGL_emulation: app_time_stats: avg=14699.49ms min=14699.49ms max=14699.49ms count=1
09-10 10:09:51.504  3062  3079 D EGL_emulation: app_time_stats: avg=1679.88ms min=38.03ms max=8134.89ms count=5
09-10 10:09:57.721  3062  3079 D EGL_emulation: app_time_stats: avg=1208.85ms min=7.81ms max=5941.45ms count=5
09-10 10:10:02.079  3062  3100 D EGL_emulation: app_time_stats: avg=14682.62ms min=14682.62ms max=14682.62ms count=1
09-10 10:10:03.118  3062  3100 D EGL_emulation: app_time_stats: avg=115.38ms min=78.86ms max=136.03ms count=9
09-10 10:10:07.071  3062  3079 D EGL_emulation: app_time_stats: avg=1866.93ms min=12.84ms max=9086.92ms count=5
09-10 10:10:11.369  3062  3100 D EGL_emulation: app_time_stats: avg=4098.68ms min=105.30ms max=8092.06ms count=2
09-10 10:10:11.524  3062  3079 D EGL_emulation: app_time_stats: avg=879.84ms min=22.38ms max=4193.40ms count=5
09-10 10:10:16.104  3062  3079 D EGL_emulation: app_time_stats: avg=755.29ms min=18.20ms max=3734.36ms count=6
09-10 10:10:22.370  3062  3079 D EGL_emulation: app_time_stats: avg=1245.94ms min=17.02ms max=5997.50ms count=5
09-10 10:10:36.086  3062  3079 D EGL_emulation: app_time_stats: avg=2738.79ms min=15.68ms max=13461.53ms count=5
09-10 10:10:40.454  3062  3100 D EGL_emulation: app_time_stats: avg=7271.10ms min=253.88ms max=28183.86ms count=4
09-10 10:10:41.491  3062  3100 D EGL_emulation: app_time_stats: avg=94.29ms min=56.56ms max=123.19ms count=11
09-10 10:10:45.504  3062  3079 D EGL_emulation: app_time_stats: avg=1873.92ms min=13.59ms max=9158.55ms count=5
09-10 10:10:49.824  3062  3100 D EGL_emulation: app_time_stats: avg=8308.30ms min=8308.30ms max=8308.30ms count=1
09-10 10:10:49.950  3062  3079 D EGL_emulation: app_time_stats: avg=877.68ms min=14.49ms max=4195.30ms count=5
09-10 10:10:54.453  3062  3079 D EGL_emulation: app_time_stats: avg=744.93ms min=15.78ms max=3688.94ms count=6
09-10 10:11:00.753  3062  3079 D EGL_emulation: app_time_stats: avg=1239.26ms min=13.23ms max=6011.96ms count=5
09-10 10:11:10.803  3062  3079 D EGL_emulation: app_time_stats: avg=2007.59ms min=15.59ms max=9739.57ms count=5
09-10 10:11:15.112  3062  3100 D EGL_emulation: app_time_stats: avg=8429.25ms min=228.42ms max=24465.87ms count=3
09-10 10:11:16.166  3062  3100 D EGL_emulation: app_time_stats: avg=72.42ms min=41.88ms max=123.54ms count=11
09-10 10:11:20.286  3062  3079 D EGL_emulation: app_time_stats: avg=1884.18ms min=18.46ms max=9192.02ms count=5
09-10 10:11:20.437  3062  3070 I t.compare:godot: Background concurrent mark compact GC freed 2756KB AllocSpace bytes, 0(0B) LOS objects, 49% free, 2884KB/5769KB, paused 102us,9.544ms total 51.417ms
09-10 10:11:24.551  3062  3100 D EGL_emulation: app_time_stats: avg=4192.12ms min=128.01ms max=8256.23ms count=2
09-10 10:11:24.631  3062  3079 D EGL_emulation: app_time_stats: avg=842.89ms min=1.73ms max=4073.48ms count=5
09-10 10:11:29.169  3062  3079 D EGL_emulation: app_time_stats: avg=750.31ms min=62.17ms max=3695.34ms count=6
09-10 10:11:35.469  3062  3079 D EGL_emulation: app_time_stats: avg=1252.80ms min=14.54ms max=6028.98ms count=5
09-10 10:11:41.770  3062  3079 D EGL_emulation: app_time_stats: avg=1259.71ms min=22.25ms max=6042.29ms count=5
09-10 10:11:46.103  3062  3100 D EGL_emulation: app_time_stats: avg=7183.98ms min=391.38ms max=20750.18ms count=3
09-10 10:11:47.160  3062  3100 D EGL_emulation: app_time_stats: avg=92.56ms min=13.23ms max=157.71ms count=11
09-10 10:11:51.203  3062  3079 D EGL_emulation: app_time_stats: avg=1879.90ms min=18.29ms max=9134.92ms count=5
09-10 10:11:55.535  3062  3100 D EGL_emulation: app_time_stats: avg=2791.16ms min=105.86ms max=8155.30ms count=3
09-10 10:11:55.605  3062  3079 D EGL_emulation: app_time_stats: avg=876.47ms min=22.45ms max=4135.54ms count=5
09-10 10:12:00.153  3062  3079 D EGL_emulation: app_time_stats: avg=753.11ms min=65.59ms max=3732.25ms count=6
09-10 10:12:06.388  3062  3079 D EGL_emulation: app_time_stats: avg=1239.75ms min=22.38ms max=5933.25ms count=5
09-10 10:12:12.686  3062  3079 D EGL_emulation: app_time_stats: avg=1247.77ms min=19.99ms max=6040.34ms count=5
09-10 10:12:17.011  3062  3100 D EGL_emulation: app_time_stats: avg=7158.86ms min=307.96ms max=20746.80ms count=3
09-10 10:12:21.936  3062  3079 D EGL_emulation: app_time_stats: avg=1833.56ms min=17.98ms max=8934.16ms count=5
09-10 10:12:26.223  3062  3100 D EGL_emulation: app_time_stats: avg=921.15ms min=84.79ms max=8237.94ms count=10
09-10 10:12:26.358  3062  3079 D EGL_emulation: app_time_stats: avg=874.81ms min=20.18ms max=4169.14ms count=5
09-10 10:12:30.487  3062  3079 D EGL_emulation: app_time_stats: avg=688.08ms min=69.60ms max=3383.32ms count=6
09-10 10:12:36.737  3062  3079 D EGL_emulation: app_time_stats: avg=1242.57ms min=18.23ms max=5989.91ms count=5
09-10 10:12:46.737  3062  3079 D EGL_emulation: app_time_stats: avg=1994.34ms min=11.92ms max=9752.09ms count=5
09-10 10:12:51.042  3062  3100 D EGL_emulation: app_time_stats: avg=12409.68ms min=319.43ms max=24499.94ms count=2
09-10 10:12:52.141  3062  3100 D EGL_emulation: app_time_stats: avg=85.53ms min=18.89ms max=167.66ms count=11
09-10 10:12:56.153  3062  3079 D EGL_emulation: app_time_stats: avg=1871.68ms min=22.68ms max=9149.70ms count=5
09-10 10:13:00.449  3062  3078 I t.compare:godot: Waiting for a blocking GC ProfileSaver
09-10 10:13:00.467  3062  3078 I t.compare:godot: WaitForGcToComplete blocked ProfileSaver on Background for 18.111ms
09-10 10:13:00.468  3062  3100 D EGL_emulation: app_time_stats: avg=8326.64ms min=8326.64ms max=8326.64ms count=1
09-10 10:13:00.612  3062  3079 D EGL_emulation: app_time_stats: avg=882.76ms min=17.89ms max=4215.27ms count=5
09-10 10:13:04.738  3062  3079 D EGL_emulation: app_time_stats: avg=687.22ms min=14.80ms max=3386.70ms count=6
09-10 10:13:10.969  3062  3079 D EGL_emulation: app_time_stats: avg=1238.70ms min=16.57ms max=5974.99ms count=5
09-10 10:13:17.286  3062  3079 D EGL_emulation: app_time_stats: avg=1257.80ms min=16.98ms max=6062.05ms count=5
09-10 10:13:21.610  3062  3100 D EGL_emulation: app_time_stats: avg=10570.69ms min=294.79ms max=20846.60ms count=2
09-10 10:13:25.769  3062  3079 D EGL_emulation: app_time_stats: avg=1693.86ms min=12.74ms max=8222.66ms count=5
09-10 10:13:32.070  3062  3079 D EGL_emulation: app_time_stats: avg=1254.79ms min=20.12ms max=6057.92ms count=5
09-10 10:13:36.396  3062  3100 D EGL_emulation: app_time_stats: avg=7392.92ms min=117.97ms max=14667.87ms count=2
09-10 10:13:40.486  3062  3079 D EGL_emulation: app_time_stats: avg=1676.44ms min=20.05ms max=8153.72ms count=5
09-10 10:13:46.803  3062  3079 D EGL_emulation: app_time_stats: avg=1253.10ms min=22.04ms max=6027.95ms count=5
09-10 10:13:51.077  3062  3100 D EGL_emulation: app_time_stats: avg=14681.28ms min=14681.28ms max=14681.28ms count=1
09-10 10:13:52.098  3062  3100 D EGL_emulation: app_time_stats: avg=89.68ms min=45.42ms max=118.27ms count=10
09-10 10:13:56.069  3062  3079 D EGL_emulation: app_time_stats: avg=1843.11ms min=11.04ms max=9008.01ms count=5
09-10 10:14:00.419  3062  3100 D EGL_emulation: app_time_stats: avg=4099.49ms min=50.88ms max=8148.09ms count=2
09-10 10:14:00.419  3062  3079 D EGL_emulation: app_time_stats: avg=860.26ms min=16.17ms max=4081.09ms count=5
09-10 10:14:05.039  3062  3079 D EGL_emulation: app_time_stats: avg=768.02ms min=9.74ms max=3726.14ms count=6
09-10 10:14:11.303  3062  3079 D EGL_emulation: app_time_stats: avg=1242.95ms min=24.16ms max=5983.53ms count=5
09-10 10:14:17.604  3062  3079 D EGL_emulation: app_time_stats: avg=1251.78ms min=18.69ms max=6039.46ms count=5
09-10 10:14:21.890  3062  3100 D EGL_emulation: app_time_stats: avg=5367.85ms min=209.60ms max=20684.38ms count=4
09-10 10:14:22.988  3062  3100 D EGL_emulation: app_time_stats: avg=95.61ms min=44.59ms max=124.56ms count=11
09-10 10:14:27.187  3062  3079 D EGL_emulation: app_time_stats: avg=1906.11ms min=17.10ms max=9317.29ms count=5
09-10 10:14:31.491  3062  3100 D EGL_emulation: app_time_stats: avg=2834.19ms min=108.22ms max=8274.83ms count=3
09-10 10:14:31.670  3062  3079 D EGL_emulation: app_time_stats: avg=889.98ms min=16.06ms max=4206.66ms count=5
09-10 10:14:36.137  3062  3079 D EGL_emulation: app_time_stats: avg=742.03ms min=12.19ms max=3726.44ms count=6
09-10 10:14:42.520  3062  3079 D EGL_emulation: app_time_stats: avg=1255.59ms min=4.60ms max=6118.55ms count=5
09-10 10:14:48.853  3062  3079 D EGL_emulation: app_time_stats: avg=1255.58ms min=18.48ms max=6078.92ms count=5
09-10 10:14:53.226  3062  3100 D EGL_emulation: app_time_stats: avg=7244.92ms min=382.87ms max=20933.04ms count=3
09-10 10:14:54.227  3062  3100 D EGL_emulation: app_time_stats: avg=96.53ms min=49.45ms max=134.53ms count=10
09-10 10:14:58.436  3062  3079 D EGL_emulation: app_time_stats: avg=1903.90ms min=16.96ms max=9314.25ms count=5
09-10 10:15:02.802  3062  3079 D EGL_emulation: app_time_stats: avg=865.79ms min=19.32ms max=4116.38ms count=5
09-10 10:15:02.816  3062  3100 D EGL_emulation: app_time_stats: avg=2863.11ms min=94.04ms max=8326.78ms count=3
09-10 10:15:07.453  3062  3079 D EGL_emulation: app_time_stats: avg=773.23ms min=14.27ms max=3755.92ms count=6
09-10 10:15:13.803  3062  3079 D EGL_emulation: app_time_stats: avg=1258.87ms min=16.94ms max=6086.09ms count=5
09-10 10:15:20.154  3062  3079 D EGL_emulation: app_time_stats: avg=1261.11ms min=15.42ms max=6088.91ms count=5
09-10 10:15:24.556  3062  3100 D EGL_emulation: app_time_stats: avg=7246.45ms min=191.67ms max=20966.22ms count=3
09-10 10:15:25.696  3062  3100 D EGL_emulation: app_time_stats: avg=69.70ms min=47.01ms max=104.91ms count=12
09-10 10:15:29.786  3062  3079 D EGL_emulation: app_time_stats: avg=1911.54ms min=16.18ms max=9373.22ms count=5
09-10 10:15:34.281  3062  3100 D EGL_emulation: app_time_stats: avg=4292.80ms min=134.74ms max=8450.85ms count=2
09-10 10:15:38.772  3062  3079 D EGL_emulation: app_time_stats: avg=1790.04ms min=12.35ms max=8712.42ms count=5
09-10 10:15:38.804  3062  3070 I t.compare:godot: Background concurrent mark compact GC freed 2768KB AllocSpace bytes, 0(0B) LOS objects, 49% free, 2756KB/5513KB, paused 118us,5.613ms total 19.949ms
09-10 10:15:43.111  3062  3100 D EGL_emulation: app_time_stats: avg=1765.82ms min=67.57ms max=8470.94ms count=5
09-10 10:15:43.190  3062  3079 D EGL_emulation: app_time_stats: avg=876.05ms min=19.87ms max=4159.56ms count=5
09-10 10:15:47.774  3062  3079 D EGL_emulation: app_time_stats: avg=761.09ms min=59.91ms max=3750.50ms count=6
09-10 10:15:54.156  3062  3079 D EGL_emulation: app_time_stats: avg=1266.95ms min=13.82ms max=6131.40ms count=5
09-10 10:16:00.537  3062  3079 D EGL_emulation: app_time_stats: avg=1265.25ms min=24.59ms max=6131.06ms count=5
09-10 10:16:04.953  3062  3100 D EGL_emulation: app_time_stats: avg=7280.54ms min=301.92ms max=21049.93ms count=3
09-10 10:16:09.737  3062  3079 D EGL_emulation: app_time_stats: avg=1831.22ms min=17.76ms max=8936.19ms count=5
09-10 10:16:14.078  3062  3100 D EGL_emulation: app_time_stats: avg=1303.14ms min=45.60ms max=8388.08ms count=7
09-10 10:16:14.144  3062  3079 D EGL_emulation: app_time_stats: avg=870.26ms min=23.90ms max=4146.77ms count=5
09-10 10:16:18.353  3062  3079 D EGL_emulation: app_time_stats: avg=685.73ms min=66.37ms max=3402.28ms count=6
09-10 10:16:24.670  3062  3079 D EGL_emulation: app_time_stats: avg=1255.10ms min=19.25ms max=6054.64ms count=5
09-10 10:16:31.103  3062  3079 D EGL_emulation: app_time_stats: avg=1282.93ms min=18.63ms max=6169.72ms count=5
09-10 10:16:35.503  3062  3100 D EGL_emulation: app_time_stats: avg=10712.32ms min=325.33ms max=21099.30ms count=2
09-10 10:16:36.511  3062  3100 D EGL_emulation: app_time_stats: avg=100.80ms min=92.43ms max=122.70ms count=10
09-10 10:16:40.686  3062  3079 D EGL_emulation: app_time_stats: avg=1914.33ms min=24.67ms max=9321.30ms count=5
09-10 10:16:45.003  3062  3079 D EGL_emulation: app_time_stats: avg=852.65ms min=21.08ms max=4033.87ms count=5
09-10 10:16:45.109  3062  3100 D EGL_emulation: app_time_stats: avg=2865.94ms min=123.32ms max=8331.57ms count=3
09-10 10:16:49.653  3062  3079 D EGL_emulation: app_time_stats: avg=760.79ms min=64.85ms max=3731.49ms count=6
09-10 10:16:56.038  3062  3079 D EGL_emulation: app_time_stats: avg=1265.39ms min=21.97ms max=6096.38ms count=5
09-10 10:17:02.371  3062  3079 D EGL_emulation: app_time_stats: avg=1261.68ms min=15.87ms max=6048.44ms count=5
09-10 10:17:06.787  3062  3100 D EGL_emulation: app_time_stats: avg=7226.10ms min=173.84ms max=20985.96ms count=3
09-10 10:17:07.807  3062  3100 D EGL_emulation: app_time_stats: avg=102.00ms min=76.50ms max=132.44ms count=10
09-10 10:17:12.053  3062  3079 D EGL_emulation: app_time_stats: avg=1932.31ms min=18.98ms max=9390.84ms count=5
09-10 10:17:16.360  3062  3100 D EGL_emulation: app_time_stats: avg=2850.96ms min=115.54ms max=8312.84ms count=3
09-10 10:17:16.433  3062  3079 D EGL_emulation: app_time_stats: avg=871.23ms min=18.84ms max=4114.76ms count=5
09-10 10:17:21.020  3062  3079 D EGL_emulation: app_time_stats: avg=761.40ms min=70.37ms max=3750.62ms count=6
09-10 10:17:27.353  3062  3079 D EGL_emulation: app_time_stats: avg=1253.69ms min=16.34ms max=6035.82ms count=5
09-10 10:17:33.754  3062  3079 D EGL_emulation: app_time_stats: avg=1275.28ms min=22.29ms max=6145.46ms count=5
09-10 10:17:38.151  3062  3100 D EGL_emulation: app_time_stats: avg=7263.63ms min=340.94ms max=20999.90ms count=3
09-10 10:17:39.258  3062  3100 D EGL_emulation: app_time_stats: avg=100.57ms min=44.87ms max=134.23ms count=11
09-10 10:17:43.370  3062  3079 D EGL_emulation: app_time_stats: avg=1912.01ms min=17.31ms max=9354.19ms count=5
09-10 10:17:47.702  3062  3079 D EGL_emulation: app_time_stats: avg=850.60ms min=18.98ms max=4047.33ms count=5
09-10 10:17:47.716  3062  3100 D EGL_emulation: app_time_stats: avg=4229.08ms min=108.53ms max=8349.64ms count=2
09-10 10:17:52.336  3062  3079 D EGL_emulation: app_time_stats: avg=761.83ms min=18.51ms max=3731.70ms count=6
09-10 10:17:58.638  3062  3079 D EGL_emulation: app_time_stats: avg=1245.67ms min=25.76ms max=5997.42ms count=5
09-10 10:18:04.988  3062  3079 D EGL_emulation: app_time_stats: avg=1264.06ms min=17.75ms max=6090.25ms count=5
09-10 10:18:09.337  3062  3100 D EGL_emulation: app_time_stats: avg=7206.78ms min=313.44ms max=20849.68ms count=3
09-10 10:18:10.413  3062  3100 D EGL_emulation: app_time_stats: avg=75.84ms min=24.18ms max=115.71ms count=11
09-10 10:18:14.502  3062  3079 D EGL_emulation: app_time_stats: avg=1890.49ms min=19.18ms max=9244.72ms count=5
09-10 10:18:18.831  3062  3100 D EGL_emulation: app_time_stats: avg=4209.09ms min=130.07ms max=8288.11ms count=2
09-10 10:18:18.984  3062  3079 D EGL_emulation: app_time_stats: avg=889.37ms min=19.79ms max=4147.54ms count=5
09-10 10:18:23.454  3062  3079 D EGL_emulation: app_time_stats: avg=741.43ms min=23.18ms max=3690.15ms count=6
09-10 10:18:29.820  3062  3079 D EGL_emulation: app_time_stats: avg=1260.40ms min=24.62ms max=6105.99ms count=5
09-10 10:18:36.224  3062  3079 D EGL_emulation: app_time_stats: avg=1262.45ms min=16.11ms max=6126.26ms count=5
09-10 10:18:40.636  3062  3100 D EGL_emulation: app_time_stats: avg=7268.12ms min=271.01ms max=21019.89ms count=3
09-10 10:18:41.733  3062  3100 D EGL_emulation: app_time_stats: avg=96.20ms min=41.28ms max=147.97ms count=11
09-10 10:18:45.790  3062  3079 D EGL_emulation: app_time_stats: avg=1900.28ms min=14.82ms max=9296.87ms count=5
09-10 10:18:50.249  3062  3100 D EGL_emulation: app_time_stats: avg=8516.00ms min=8516.00ms max=8516.00ms count=1
09-10 10:18:54.686  3062  3079 D EGL_emulation: app_time_stats: avg=1778.99ms min=15.47ms max=8662.14ms count=5
09-10 10:18:59.048  3062  3100 D EGL_emulation: app_time_stats: avg=1759.69ms min=77.19ms max=8390.91ms count=5
09-10 10:18:59.126  3062  3079 D EGL_emulation: app_time_stats: avg=876.75ms min=36.29ms max=4180.25ms count=5
09-10 10:19:03.671  3062  3079 D EGL_emulation: app_time_stats: avg=740.32ms min=52.40ms max=3734.23ms count=6
09-10 10:19:09.987  3062  3079 D EGL_emulation: app_time_stats: avg=1262.53ms min=19.86ms max=6038.47ms count=5
09-10 10:19:16.336  3062  3079 D EGL_emulation: app_time_stats: avg=1260.88ms min=19.56ms max=6066.55ms count=5
09-10 10:19:20.740  3062  3100 D EGL_emulation: app_time_stats: avg=7230.72ms min=340.66ms max=20956.73ms count=3
09-10 10:19:21.829  3062  3100 D EGL_emulation: app_time_stats: avg=99.00ms min=80.41ms max=121.73ms count=11
09-10 10:19:25.871  3062  3079 D EGL_emulation: app_time_stats: avg=1894.17ms min=16.49ms max=9283.74ms count=5
09-10 10:19:30.153  3062  3079 D EGL_emulation: app_time_stats: avg=834.25ms min=2.55ms max=4002.76ms count=5
09-10 10:19:30.241  3062  3100 D EGL_emulation: app_time_stats: avg=8411.45ms min=8411.45ms max=8411.45ms count=1
09-10 10:19:34.787  3062  3079 D EGL_emulation: app_time_stats: avg=772.28ms min=61.88ms max=3665.10ms count=6
09-10 10:19:41.137  3062  3079 D EGL_emulation: app_time_stats: avg=1263.35ms min=14.26ms max=6093.04ms count=5
09-10 10:19:51.270  3062  3079 D EGL_emulation: app_time_stats: avg=2018.99ms min=22.26ms max=9868.33ms count=5
09-10 10:19:55.673  3062  3100 D EGL_emulation: app_time_stats: avg=8476.70ms min=208.05ms max=24703.34ms count=3
09-10 10:19:56.718  3062  3100 D EGL_emulation: app_time_stats: avg=104.45ms min=80.87ms max=123.96ms count=10
09-10 10:20:00.853  3062  3079 D EGL_emulation: app_time_stats: avg=1911.07ms min=11.66ms max=9321.85ms count=5
09-10 10:20:05.154  3062  3062 I PartyDeckGodotBridge: Close requested elapsed_ms=836515
09-10 10:20:05.167  3062  3100 D EGL_emulation: app_time_stats: avg=4224.63ms min=115.00ms max=8334.25ms count=2
09-10 10:20:05.167  3062  3100 I PartyDeckGodotBridge: Close dispatch started elapsed_ms=836528
09-10 10:20:05.168  3062  3100 I PartyDeckGodotBridge: Close native barrier elapsed_ms=836529
09-10 10:20:05.198  3062  3079 D EGL_emulation: app_time_stats: avg=856.22ms min=20.90ms max=4036.98ms count=5
09-10 10:20:05.199  3062  3062 I PartyDeckGodotHost: Close main callback elapsed_ms=836560
09-10 10:20:05.223  3062  3100 D GLThread: Exiting render thread
09-10 10:20:05.223  3062  3100 D GodotRenderer: Destroying Godot Engine
09-10 10:20:05.244  3062  3100 D t.compare:godot: PlayerBase::stop() from IPlayer
09-10 10:20:05.244  3062  3100 D AudioTrack: stop(16): called with 32750424 frames delivered
09-10 10:20:05.254  3062  3100 E eglCodecCommon: removeVertexArrayObject: ERROR: 7 not found in VAO state!
09-10 10:20:05.320  3062  3100 V Godot   : OnGodotTerminating
09-10 10:20:05.333  3062  3062 V Godot   : OnDestroy: GodotFragment{cc685f5} (e57549f6-3616-4ac6-bda9-118a33588773 id=0x7f07002b tag=partydeck-godot)
09-10 10:20:05.350  3062  3062 V Godot   : OnPause: GodotFragment{cc685f5} (e57549f6-3616-4ac6-bda9-118a33588773 id=0x7f07002b tag=partydeck-godot)
09-10 10:20:05.498  3062  3062 I PartyDeckGodotHost: Engine process exit requested
09-10 10:20:05.498  3062  3062 I Process : Sending signal. PID: 3062 SIG: 9
