--------- beginning of main
09-10 03:34:59.384  3070  3070 I t.compare:godot: Late-enabling -Xcheck:jni
09-10 03:34:59.398  3070  3070 I t.compare:godot: Using CollectorTypeCMC GC.
09-10 03:34:59.399  3070  3070 W t.compare:godot: Unexpected CPU variant for x86: x86_64.
09-10 03:34:59.399  3070  3070 W t.compare:godot: Known variants: atom, sandybridge, silvermont, goldmont, goldmont-plus, goldmont-without-sha-xsaves, tremont, kabylake, default
09-10 03:34:59.430  3070  3070 D nativeloader: Load libframework-connectivity-tiramisu-jni.so using APEX ns com_android_tethering for caller /apex/com.android.tethering/javalib/framework-connectivity-t.jar: ok
09-10 03:34:59.461  3070  3070 W ziparchive: Unable to open '/data/app/~~9mLEAzr5XBNbTZseYUUTig==/dev.partydeck.godot.compare-KCeGdPiUcAXFAptYlxZE0A==/base.dm': No such file or directory
09-10 03:34:59.461  3070  3070 W ziparchive: Unable to open '/data/app/~~9mLEAzr5XBNbTZseYUUTig==/dev.partydeck.godot.compare-KCeGdPiUcAXFAptYlxZE0A==/base.dm': No such file or directory
09-10 03:34:59.553  3070  3070 D nativeloader: Configuring clns-7 for other apk /data/app/~~9mLEAzr5XBNbTZseYUUTig==/dev.partydeck.godot.compare-KCeGdPiUcAXFAptYlxZE0A==/base.apk. target_sdk_version=36, uses_libraries=, library_path=/data/app/~~9mLEAzr5XBNbTZseYUUTig==/dev.partydeck.godot.compare-KCeGdPiUcAXFAptYlxZE0A==/lib/x86_64:/data/app/~~9mLEAzr5XBNbTZseYUUTig==/dev.partydeck.godot.compare-KCeGdPiUcAXFAptYlxZE0A==/base.apk!/lib/x86_64, permitted_path=/data:/mnt/expand:/data/user/0/dev.partydeck.godot.compare
09-10 03:34:59.588  3070  3070 V GraphicsEnvironment: Currently set values for:
09-10 03:34:59.588  3070  3070 V GraphicsEnvironment:   angle_gl_driver_selection_pkgs=[]
09-10 03:34:59.588  3070  3070 V GraphicsEnvironment:   angle_gl_driver_selection_values=[]
09-10 03:34:59.588  3070  3070 V GraphicsEnvironment: Global.Settings values are invalid: number of packages: 0, number of values: 0
09-10 03:34:59.588  3070  3070 V GraphicsEnvironment: Neither updatable production driver nor prerelease driver is supported.
09-10 03:35:00.050  3070  3070 V Godot   : Initializing Godot plugin registry
09-10 03:35:00.051  3070  3070 I GodotPluginRegistry: Registering runtime plugin AndroidRuntime
09-10 03:35:00.051  3070  3070 I GodotPluginRegistry: Registering runtime plugin PartyDeckBridge
09-10 03:35:00.051  3070  3070 V Godot   : InitEngine with params: [--main-pack, res://partydeck-last-light.pck, --rendering-method, gl_compatibility, --xr-mode, off]
09-10 03:35:00.100  3070  3070 D nativeloader: Load /data/app/~~9mLEAzr5XBNbTZseYUUTig==/dev.partydeck.godot.compare-KCeGdPiUcAXFAptYlxZE0A==/base.apk!/lib/x86_64/libgodot_android.so using ns clns-7 from class loader (caller=/data/app/~~9mLEAzr5XBNbTZseYUUTig==/dev.partydeck.godot.compare-KCeGdPiUcAXFAptYlxZE0A==/base.apk): ok
09-10 03:35:00.101  3070  3070 V Godot   : Godot native layer initialization completed: true
09-10 03:35:00.101  3070  3070 V Godot   : Setting up native layer with params: [--main-pack, res://partydeck-last-light.pck, --rendering-method, gl_compatibility, --xr-mode, off]
09-10 03:35:00.162  3070  3070 V Godot   : Godot native layer setup completed
09-10 03:35:00.163  3070  3070 V Godot   : OnInitRenderView: GodotFragment{24b1024} (1c05cf96-a5a2-498d-a966-485d6a0a1efc id=0x7f07002b tag=partydeck-godot)
09-10 03:35:00.212  3070  3070 D Godot   : Render view should be transparent: false
09-10 03:35:00.216  3070  3070 D Godot   : renderingDevice: opengl3 (ProjectSettings)
09-10 03:35:00.216  3070  3070 D Godot   : 			renderer: gl_compatibility (Default)
09-10 03:35:00.258  3070  3070 V Godot   : OnStart: GodotFragment{24b1024} (1c05cf96-a5a2-498d-a966-485d6a0a1efc id=0x7f07002b tag=partydeck-godot)
09-10 03:35:00.261  3070  3070 W WindowOnBackDispatcher: OnBackInvokedCallback is not enabled for the application.
09-10 03:35:00.261  3070  3070 W WindowOnBackDispatcher: Set 'android:enableOnBackInvokedCallback="true"' in the application manifest.
09-10 03:35:00.267  3070  3070 V Godot   : OnResume: GodotFragment{24b1024} (1c05cf96-a5a2-498d-a966-485d6a0a1efc id=0x7f07002b tag=partydeck-godot)
09-10 03:35:00.277  3070  3070 W HWUI    : Unknown dataspace 0
09-10 03:35:00.288  3070  3070 I Choreographer: Skipped 33 frames!  The application may be doing too much work on its main thread.
09-10 03:35:00.321  3070  3088 I EGL_emulation: Opening libGLESv1_CM_emulation.so
09-10 03:35:00.321  3070  3088 I EGL_emulation: Opening libGLESv2_emulation.so
09-10 03:35:00.326  3070  3088 W HWUI    : Failed to choose config with EGL_SWAP_BEHAVIOR_PRESERVED, retrying without...
09-10 03:35:00.326  3070  3088 W HWUI    : Failed to initialize 101010-2 format, error = EGL_SUCCESS
09-10 03:35:00.415  3070  3110 W RegularContextFactory: creating OpenGL ES 3.0 context :
09-10 03:35:00.424  3070  3110 I Gralloc4: mapper 4.x is not supported
09-10 03:35:00.476  3070  3110 I godot   : Godot Engine v4.7.2.stable.official.ed1daf0bf - https://godotengine.org
09-10 03:35:00.619  3070  3074 I t.compare:godot: Compiler allocated 4219KB to compile void android.widget.TextView.<init>(android.content.Context, android.util.AttributeSet, int, int)
09-10 03:35:00.651  3070  3082 I HWUI    : Davey! duration=844ms; Flags=1, FrameTimelineVsyncId=4933, IntendedVsync=71795039078, Vsync=72345039056, InputEventId=0, HandleInputStart=72358355436, AnimationStart=72358362108, PerformTraversalsStart=72358416369, DrawStart=72546596393, FrameDeadline=71811705744, FrameInterval=72358018748, FrameStartTime=16666666, SyncQueued=72555121972, SyncStart=72556648522, IssueDrawCommandsStart=72559217154, SwapBuffers=72602066721, FrameCompleted=72640953664, DequeueBufferDuration=36055345, QueueBufferDuration=261206, GpuCompleted=72637038302, SwapBuffersCompleted=72640953664, DisplayPresentTime=0, CommandSubmissionCompleted=72602066721, 
09-10 03:35:01.292  3070  3074 I t.compare:godot: Compiler allocated 5174KB to compile void android.view.ViewRootImpl.performTraversals()
09-10 03:35:01.332  3070  3113 E SurfaceSyncGroup: Failed to receive transaction ready in 1000ms. Marking SurfaceSyncGroup(wmsSync-VRI[GodotGameActivity]#1) as ready
09-10 03:35:01.332  3070  3113 E SurfaceSyncGroup: Failed to receive transaction ready in 1000ms. Marking SurfaceSyncGroup(VRI[GodotGameActivity]#2) as ready
09-10 03:35:01.333  3070  3113 E SurfaceSyncGroup: Failed to receive transaction ready in 1000ms. Marking SurfaceSyncGroup(SurfaceView[dev.partydeck.godot.compare/dev.partydeck.godot.compare.GodotGameActivity]#0) as ready
09-10 03:35:02.150  3070  3110 I godot   : OpenGL API OpenGL ES 3.1 (OpenGL ES 3.1.0 (ANGLE 2.1.17841 git hash: 5fa2e61da947)) - Compatibility - Using Device: Google (Google Inc. (Google)) - Android Emulator OpenGL ES Translator (ANGLE (Google, Vulkan 1.3.0 (SwiftShader Device (Subzero) (0x0000C0DE)), SwiftShader driver-5.0.0))
09-10 03:35:02.151  3070  3110 D t.compare:godot: PlayerBase::PlayerBase()
09-10 03:35:02.151  3070  3110 D t.compare:godot: TrackPlayerBase::TrackPlayerBase()
09-10 03:35:02.151  3070  3110 I libOpenSLES: Emulating old channel mask behavior (ignoring positional mask 0x3, using default mask 0x3 based on channel count of 2)
09-10 03:35:02.157  3070  3110 I godot   : 
09-10 03:35:02.396  3070  3088 D EGL_emulation: app_time_stats: avg=434.12ms min=75.70ms max=815.20ms count=4
09-10 03:35:02.589  3070  3110 V Godot   : OnGodotSetupCompleted
09-10 03:35:02.639  3070  3110 V Godot   : OnGodotMainLoopStarted
09-10 03:35:03.460  3070  3088 D EGL_emulation: app_time_stats: avg=151.51ms min=70.69ms max=324.53ms count=7
09-10 03:35:12.898  3070  3070 D AutofillManager: Fill dialog is enabled:false, hints=[]
09-10 03:35:12.942  3070  3088 D EGL_emulation: app_time_stats: avg=4741.06ms min=72.28ms max=9409.85ms count=2
09-10 03:35:17.259  3070  3110 D EGL_emulation: app_time_stats: avg=3752.58ms min=69.58ms max=14044.88ms count=4
09-10 03:35:21.296  3070  3088 D EGL_emulation: app_time_stats: avg=1378.34ms min=26.63ms max=7997.97ms count=6
09-10 03:35:31.179  3070  3088 D EGL_emulation: app_time_stats: avg=1972.15ms min=17.37ms max=9627.45ms count=5
09-10 03:35:35.460  3070  3110 D EGL_emulation: app_time_stats: avg=18200.79ms min=18200.79ms max=18200.79ms count=1
09-10 03:35:39.562  3070  3088 D EGL_emulation: app_time_stats: avg=1389.39ms min=18.79ms max=8024.77ms count=6
09-10 03:35:49.451  3070  3088 D EGL_emulation: app_time_stats: avg=1969.04ms min=13.03ms max=9600.11ms count=5
09-10 03:35:53.746  3070  3110 D EGL_emulation: app_time_stats: avg=18286.18ms min=18286.18ms max=18286.18ms count=1
09-10 03:35:57.829  3070  3088 D EGL_emulation: app_time_stats: avg=1669.08ms min=12.65ms max=8123.09ms count=5
09-10 03:36:07.779  3070  3088 D EGL_emulation: app_time_stats: avg=1984.05ms min=19.79ms max=9672.71ms count=5
09-10 03:36:12.057  3070  3110 D EGL_emulation: app_time_stats: avg=18310.91ms min=18310.91ms max=18310.91ms count=1
09-10 03:36:16.130  3070  3088 D EGL_emulation: app_time_stats: avg=1663.26ms min=18.75ms max=8081.38ms count=5
09-10 03:36:22.430  3070  3088 D EGL_emulation: app_time_stats: avg=1250.07ms min=17.36ms max=6056.48ms count=5
09-10 03:36:26.724  3070  3110 D EGL_emulation: app_time_stats: avg=14665.92ms min=14665.92ms max=14665.92ms count=1
09-10 03:36:30.814  3070  3088 D EGL_emulation: app_time_stats: avg=1674.41ms min=19.10ms max=8132.66ms count=5
09-10 03:36:33.040  3070  3070 V Godot   : OnPause: GodotFragment{24b1024} (1c05cf96-a5a2-498d-a966-485d6a0a1efc id=0x7f07002b tag=partydeck-godot)
09-10 03:36:33.103  3070  3088 D EGL_emulation: app_time_stats: avg=453.38ms min=15.76ms max=2035.96ms count=5
09-10 03:36:33.857  3070  3110 D EGL_emulation: app_time_stats: avg=7133.48ms min=7133.48ms max=7133.48ms count=1
09-10 03:36:33.860  3070  3110 D t.compare:godot: PlayerBase::pause() from IPlayer
09-10 03:36:34.105  3070  3070 D VRI[GodotGameActivity]: visibilityChanged oldVisibility=true newVisibility=false
09-10 03:36:34.116  3070  3070 E Surface : freeAllBuffers: 1 buffers were freed while being dequeued!
09-10 03:36:34.117  3070  3070 V Godot   : OnStop: GodotFragment{24b1024} (1c05cf96-a5a2-498d-a966-485d6a0a1efc id=0x7f07002b tag=partydeck-godot)
09-10 03:36:34.266  3070  3110 E Surface : getSlotFromBufferLocked: unknown buffer: 0x0
09-10 03:36:34.266  3070  3110 E Surface : freeAllBuffers: 1 buffers were freed while being dequeued!
09-10 03:36:48.287  3070  3070 V Godot   : OnStart: GodotFragment{24b1024} (1c05cf96-a5a2-498d-a966-485d6a0a1efc id=0x7f07002b tag=partydeck-godot)
09-10 03:36:48.288  3070  3070 W WindowOnBackDispatcher: OnBackInvokedCallback is not enabled for the application.
09-10 03:36:48.288  3070  3070 W WindowOnBackDispatcher: Set 'android:enableOnBackInvokedCallback="true"' in the application manifest.
09-10 03:36:48.293  3070  3070 V Godot   : OnResume: GodotFragment{24b1024} (1c05cf96-a5a2-498d-a966-485d6a0a1efc id=0x7f07002b tag=partydeck-godot)
09-10 03:36:53.197  3070  3088 D EGL_emulation: app_time_stats: avg=511.08ms min=20.02ms max=3547.57ms count=9
09-10 03:37:03.230  3070  3088 D EGL_emulation: app_time_stats: avg=1996.21ms min=19.41ms max=9765.56ms count=5
09-10 03:37:07.499  3070  3110 D EGL_emulation: app_time_stats: avg=9374.89ms min=443.24ms max=18306.54ms count=2
09-10 03:37:11.562  3070  3088 D EGL_emulation: app_time_stats: avg=1654.05ms min=16.08ms max=8059.61ms count=5
09-10 03:37:17.812  3070  3088 D EGL_emulation: app_time_stats: avg=1249.53ms min=21.04ms max=5979.00ms count=5
09-10 03:37:22.043  3070  3110 D EGL_emulation: app_time_stats: avg=14543.73ms min=14543.73ms max=14543.73ms count=1
09-10 03:37:26.113  3070  3088 D EGL_emulation: app_time_stats: avg=1639.45ms min=15.41ms max=8026.24ms count=5
09-10 03:37:32.396  3070  3088 D EGL_emulation: app_time_stats: avg=1236.93ms min=8.20ms max=6015.18ms count=5
09-10 03:37:36.664  3070  3110 D EGL_emulation: app_time_stats: avg=14620.84ms min=14620.84ms max=14620.84ms count=1
09-10 03:37:37.737  3070  3110 D EGL_emulation: app_time_stats: avg=91.57ms min=54.45ms max=147.44ms count=10
09-10 03:37:41.229  3070  3088 D EGL_emulation: app_time_stats: avg=1756.72ms min=16.95ms max=8589.08ms count=5
09-10 03:37:45.502  3070  3110 D EGL_emulation: app_time_stats: avg=2518.74ms min=50.93ms max=7454.05ms count=3
09-10 03:37:46.546  3070  3110 D EGL_emulation: app_time_stats: avg=104.40ms min=48.96ms max=139.72ms count=9
09-10 03:37:50.029  3070  3088 D EGL_emulation: app_time_stats: avg=1749.29ms min=17.52ms max=8545.15ms count=5
09-10 03:37:54.296  3070  3110 D EGL_emulation: app_time_stats: avg=7749.77ms min=7749.77ms max=7749.77ms count=1
09-10 03:37:55.308  3070  3110 D EGL_emulation: app_time_stats: avg=112.41ms min=56.22ms max=168.77ms count=9
09-10 03:37:58.829  3070  3088 D EGL_emulation: app_time_stats: avg=1750.11ms min=12.65ms max=8544.13ms count=5
09-10 03:38:03.091  3070  3110 D EGL_emulation: app_time_stats: avg=1246.74ms min=51.70ms max=7203.67ms count=6
09-10 03:38:04.143  3070  3110 D EGL_emulation: app_time_stats: avg=111.53ms min=55.80ms max=141.24ms count=9
09-10 03:38:07.730  3070  3088 D EGL_emulation: app_time_stats: avg=1768.76ms min=19.80ms max=8604.76ms count=5
09-10 03:38:12.033  3070  3110 D EGL_emulation: app_time_stats: avg=2596.05ms min=45.52ms max=7634.89ms count=3
09-10 03:38:12.203  3070  3088 D EGL_emulation: app_time_stats: avg=883.26ms min=28.65ms max=4221.41ms count=5
09-10 03:38:16.679  3070  3088 D EGL_emulation: app_time_stats: avg=733.71ms min=14.26ms max=3690.50ms count=6
09-10 03:38:22.979  3070  3088 D EGL_emulation: app_time_stats: avg=1241.47ms min=13.32ms max=6057.75ms count=5
09-10 03:38:36.713  3070  3088 D EGL_emulation: app_time_stats: avg=2736.23ms min=15.55ms max=13465.83ms count=5
09-10 03:38:41.037  3070  3110 D EGL_emulation: app_time_stats: avg=9667.80ms min=418.46ms max=28151.28ms count=3
09-10 03:38:42.126  3070  3110 D EGL_emulation: app_time_stats: avg=103.65ms min=24.31ms max=150.45ms count=10
09-10 03:38:45.546  3070  3088 D EGL_emulation: app_time_stats: avg=1751.78ms min=15.79ms max=8577.00ms count=5
09-10 03:38:49.879  3070  3110 D EGL_emulation: app_time_stats: avg=7753.07ms min=7753.07ms max=7753.07ms count=1
09-10 03:38:54.329  3070  3088 D EGL_emulation: app_time_stats: avg=1753.31ms min=25.19ms max=8509.68ms count=5
09-10 03:38:58.630  3070  3110 D EGL_emulation: app_time_stats: avg=868.71ms min=53.90ms max=7816.75ms count=10
09-10 03:38:59.703  3070  3110 D EGL_emulation: app_time_stats: avg=93.95ms min=30.29ms max=167.65ms count=10
09-10 03:39:03.130  3070  3088 D EGL_emulation: app_time_stats: avg=1756.26ms min=13.29ms max=8534.90ms count=5
09-10 03:39:07.417  3070  3110 D EGL_emulation: app_time_stats: avg=2571.38ms min=106.29ms max=7500.40ms count=3
09-10 03:39:08.447  3070  3110 D EGL_emulation: app_time_stats: avg=91.86ms min=5.53ms max=167.15ms count=10
09-10 03:39:11.896  3070  3088 D EGL_emulation: app_time_stats: avg=1741.08ms min=16.62ms max=8489.19ms count=5
09-10 03:39:16.217  3070  3110 D EGL_emulation: app_time_stats: avg=1553.93ms min=93.19ms max=7383.54ms count=5
09-10 03:39:17.235  3070  3110 D EGL_emulation: app_time_stats: avg=88.01ms min=47.93ms max=174.36ms count=10
09-10 03:39:20.781  3070  3088 D EGL_emulation: app_time_stats: avg=1766.35ms min=17.10ms max=8592.91ms count=5
09-10 03:39:25.115  3070  3110 D EGL_emulation: app_time_stats: avg=1567.12ms min=62.11ms max=7416.42ms count=5
09-10 03:39:26.199  3070  3110 D EGL_emulation: app_time_stats: avg=93.24ms min=52.98ms max=139.38ms count=10
09-10 03:39:29.629  3070  3088 D EGL_emulation: app_time_stats: avg=1756.89ms min=16.56ms max=8584.77ms count=5
09-10 03:39:33.855  3070  3110 D EGL_emulation: app_time_stats: avg=2513.34ms min=51.11ms max=7433.86ms count=3
09-10 03:39:34.958  3070  3110 D EGL_emulation: app_time_stats: avg=96.73ms min=46.97ms max=124.22ms count=10
09-10 03:39:38.330  3070  3088 D EGL_emulation: app_time_stats: avg=1723.02ms min=10.93ms max=8427.91ms count=5
09-10 03:39:42.567  3070  3110 D EGL_emulation: app_time_stats: avg=2536.31ms min=106.98ms max=7367.61ms count=3
09-10 03:39:43.582  3070  3110 D EGL_emulation: app_time_stats: avg=78.74ms min=16.16ms max=211.80ms count=10
09-10 03:39:47.029  3070  3088 D EGL_emulation: app_time_stats: avg=1724.22ms min=17.27ms max=8399.52ms count=5
09-10 03:39:51.350  3070  3110 D EGL_emulation: app_time_stats: avg=1553.55ms min=89.73ms max=7354.06ms count=5
09-10 03:39:52.442  3070  3110 D EGL_emulation: app_time_stats: avg=109.21ms min=86.10ms max=157.65ms count=10
09-10 03:39:55.846  3070  3088 D EGL_emulation: app_time_stats: avg=1753.54ms min=19.15ms max=8562.79ms count=5
09-10 03:40:00.161  3070  3110 D EGL_emulation: app_time_stats: avg=2572.89ms min=95.52ms max=7518.95ms count=3
09-10 03:40:01.277  3070  3110 D EGL_emulation: app_time_stats: avg=103.69ms min=46.97ms max=137.45ms count=10
09-10 03:40:04.629  3070  3088 D EGL_emulation: app_time_stats: avg=1745.54ms min=16.26ms max=8530.68ms count=5
09-10 03:40:08.901  3070  3110 D EGL_emulation: app_time_stats: avg=7623.35ms min=7623.35ms max=7623.35ms count=1
09-10 03:40:08.970  3070  3088 D EGL_emulation: app_time_stats: avg=858.77ms min=16.94ms max=4090.20ms count=5
09-10 03:40:13.513  3070  3088 D EGL_emulation: app_time_stats: avg=754.22ms min=13.61ms max=3710.24ms count=6
09-10 03:40:19.762  3070  3088 D EGL_emulation: app_time_stats: avg=1236.15ms min=26.16ms max=5930.86ms count=5
09-10 03:40:29.696  3070  3088 D EGL_emulation: app_time_stats: avg=1964.27ms min=2.17ms max=9675.24ms count=5
09-10 03:40:33.968  3070  3110 D EGL_emulation: app_time_stats: avg=8355.87ms min=227.36ms max=24266.48ms count=3
09-10 03:40:35.000  3070  3110 D EGL_emulation: app_time_stats: avg=72.18ms min=43.26ms max=116.11ms count=11
09-10 03:40:38.430  3070  3088 D EGL_emulation: app_time_stats: avg=1734.41ms min=16.01ms max=8484.19ms count=5
09-10 03:40:42.734  3070  3110 D EGL_emulation: app_time_stats: avg=2562.16ms min=100.25ms max=7484.84ms count=3
09-10 03:40:43.885  3070  3110 D EGL_emulation: app_time_stats: avg=79.34ms min=35.98ms max=152.78ms count=11
09-10 03:40:47.213  3070  3088 D EGL_emulation: app_time_stats: avg=1744.73ms min=17.18ms max=8506.24ms count=5
09-10 03:40:51.471  3070  3110 D EGL_emulation: app_time_stats: avg=7586.02ms min=7586.02ms max=7586.02ms count=1
09-10 03:40:52.579  3070  3110 D EGL_emulation: app_time_stats: avg=96.20ms min=51.78ms max=183.22ms count=10
09-10 03:40:55.962  3070  3088 D EGL_emulation: app_time_stats: avg=1746.99ms min=38.92ms max=8477.00ms count=5
09-10 03:41:00.185  3070  3110 D EGL_emulation: app_time_stats: avg=1521.12ms min=52.45ms max=7203.49ms count=5
09-10 03:41:01.217  3070  3110 D EGL_emulation: app_time_stats: avg=91.59ms min=16.40ms max=137.45ms count=10
09-10 03:41:04.612  3070  3088 D EGL_emulation: app_time_stats: avg=1721.21ms min=18.27ms max=8379.54ms count=5
09-10 03:41:08.896  3070  3110 D EGL_emulation: app_time_stats: avg=1910.66ms min=94.90ms max=7333.48ms count=4
09-10 03:41:09.919  3070  3110 D EGL_emulation: app_time_stats: avg=89.55ms min=29.20ms max=180.12ms count=9
09-10 03:41:13.362  3070  3088 D EGL_emulation: app_time_stats: avg=1744.44ms min=31.88ms max=8492.11ms count=5
09-10 03:41:17.677  3070  3110 D EGL_emulation: app_time_stats: avg=2585.90ms min=114.03ms max=7517.67ms count=3
09-10 03:41:22.129  3070  3088 D EGL_emulation: app_time_stats: avg=1730.35ms min=14.07ms max=8504.55ms count=5
09-10 03:41:26.430  3070  3110 D EGL_emulation: app_time_stats: avg=960.52ms min=47.62ms max=7867.10ms count=9
09-10 03:41:27.497  3070  3110 D EGL_emulation: app_time_stats: avg=108.35ms min=55.83ms max=135.96ms count=9
09-10 03:41:30.897  3070  3088 D EGL_emulation: app_time_stats: avg=1740.90ms min=22.92ms max=8504.57ms count=5
09-10 03:41:35.195  3070  3110 D EGL_emulation: app_time_stats: avg=1924.53ms min=103.23ms max=7383.67ms count=4
09-10 03:41:36.273  3070  3110 D EGL_emulation: app_time_stats: avg=103.81ms min=43.95ms max=133.58ms count=10
09-10 03:41:39.745  3070  3088 D EGL_emulation: app_time_stats: avg=1767.20ms min=19.69ms max=8544.02ms count=5
09-10 03:41:44.073  3070  3110 D EGL_emulation: app_time_stats: avg=3861.82ms min=56.38ms max=7667.26ms count=2
09-10 03:41:45.179  3070  3110 D EGL_emulation: app_time_stats: avg=110.51ms min=75.69ms max=167.90ms count=10
09-10 03:41:48.596  3070  3088 D EGL_emulation: app_time_stats: avg=1762.83ms min=7.34ms max=8605.55ms count=5
09-10 03:41:52.936  3070  3110 D EGL_emulation: app_time_stats: avg=2585.65ms min=101.61ms max=7535.27ms count=3
09-10 03:41:53.994  3070  3110 D EGL_emulation: app_time_stats: avg=112.09ms min=83.89ms max=140.47ms count=9
09-10 03:41:57.413  3070  3088 D EGL_emulation: app_time_stats: avg=1750.56ms min=25.70ms max=8548.65ms count=5
09-10 03:42:01.706  3070  3110 D EGL_emulation: app_time_stats: avg=1928.12ms min=100.02ms max=7396.57ms count=4
09-10 03:42:01.842  3070  3088 D EGL_emulation: app_time_stats: avg=875.84ms min=19.36ms max=4191.46ms count=5
09-10 03:42:06.347  3070  3088 D EGL_emulation: app_time_stats: avg=748.40ms min=11.42ms max=3729.38ms count=6
09-10 03:42:12.562  3070  3088 D EGL_emulation: app_time_stats: avg=1236.50ms min=17.30ms max=5944.65ms count=5
09-10 03:42:18.862  3070  3088 D EGL_emulation: app_time_stats: avg=1250.37ms min=13.34ms max=6043.77ms count=5
09-10 03:42:23.158  3070  3110 D EGL_emulation: app_time_stats: avg=7149.28ms min=299.85ms max=20649.77ms count=3
09-10 03:42:24.235  3070  3110 D EGL_emulation: app_time_stats: avg=119.63ms min=83.01ms max=174.33ms count=9
09-10 03:42:27.612  3070  3088 D EGL_emulation: app_time_stats: avg=1734.91ms min=17.39ms max=8445.55ms count=5
09-10 03:42:31.893  3070  3110 D EGL_emulation: app_time_stats: avg=2552.64ms min=101.76ms max=7450.35ms count=3
09-10 03:42:32.931  3070  3110 D EGL_emulation: app_time_stats: avg=91.89ms min=43.33ms max=140.63ms count=10
09-10 03:42:36.379  3070  3088 D EGL_emulation: app_time_stats: avg=1747.31ms min=15.56ms max=8492.76ms count=5
09-10 03:42:40.671  3070  3110 D EGL_emulation: app_time_stats: avg=2543.55ms min=54.64ms max=7519.43ms count=3
09-10 03:42:41.674  3070  3110 D EGL_emulation: app_time_stats: avg=111.21ms min=85.97ms max=149.09ms count=9
09-10 03:42:45.180  3070  3088 D EGL_emulation: app_time_stats: avg=1753.12ms min=19.26ms max=8518.56ms count=5
09-10 03:42:49.498  3070  3110 D EGL_emulation: app_time_stats: avg=1956.06ms min=98.08ms max=7517.92ms count=4
09-10 03:42:53.965  3070  3088 D EGL_emulation: app_time_stats: avg=1745.65ms min=18.80ms max=8489.92ms count=5
09-10 03:42:58.231  3070  3110 D EGL_emulation: app_time_stats: avg=970.11ms min=78.34ms max=7766.57ms count=9
09-10 03:42:59.260  3070  3110 D EGL_emulation: app_time_stats: avg=104.19ms min=48.68ms max=175.08ms count=9
09-10 03:43:02.829  3070  3088 D EGL_emulation: app_time_stats: avg=1763.93ms min=21.92ms max=8581.28ms count=5
09-10 03:43:07.162  3070  3110 D EGL_emulation: app_time_stats: avg=3951.14ms min=98.50ms max=7803.78ms count=2
09-10 03:43:07.317  3070  3088 D EGL_emulation: app_time_stats: avg=628.87ms min=15.85ms max=4065.49ms count=7
09-10 03:43:11.781  3070  3088 D EGL_emulation: app_time_stats: avg=741.56ms min=21.85ms max=3701.40ms count=6
09-10 03:43:11.964  3070  3075 I t.compare:godot: Background concurrent mark compact GC freed 2784KB AllocSpace bytes, 0(0B) LOS objects, 49% free, 2896KB/5793KB, paused 2.682ms,5.351ms total 80.491ms
09-10 03:43:18.014  3070  3088 D EGL_emulation: app_time_stats: avg=1241.54ms min=20.87ms max=5849.28ms count=5
09-10 03:43:24.251  3070  3088 D EGL_emulation: app_time_stats: avg=1237.11ms min=13.17ms max=5998.16ms count=5
09-10 03:43:28.587  3070  3110 D EGL_emulation: app_time_stats: avg=7141.32ms min=249.19ms max=20622.15ms count=3
09-10 03:43:29.589  3070  3110 D EGL_emulation: app_time_stats: avg=95.26ms min=50.32ms max=141.06ms count=9
09-10 03:43:33.062  3070  3088 D EGL_emulation: app_time_stats: avg=1755.45ms min=15.89ms max=8574.17ms count=5
09-10 03:43:37.379  3070  3110 D EGL_emulation: app_time_stats: avg=1922.71ms min=55.60ms max=7436.32ms count=4
09-10 03:43:38.451  3070  3110 D EGL_emulation: app_time_stats: avg=101.97ms min=42.60ms max=139.48ms count=9
09-10 03:43:41.879  3070  3088 D EGL_emulation: app_time_stats: avg=1754.73ms min=16.91ms max=8560.12ms count=5
09-10 03:43:46.164  3070  3110 D EGL_emulation: app_time_stats: avg=2570.99ms min=104.57ms max=7500.57ms count=3
09-10 03:43:46.246  3070  3088 D EGL_emulation: app_time_stats: avg=861.76ms min=17.88ms max=4094.86ms count=5
09-10 03:43:50.348  3070  3088 D EGL_emulation: app_time_stats: avg=667.58ms min=16.83ms max=3351.08ms count=6
09-10 03:43:56.579  3070  3088 D EGL_emulation: app_time_stats: avg=1236.36ms min=18.47ms max=5964.42ms count=5
09-10 03:44:06.512  3070  3088 D EGL_emulation: app_time_stats: avg=1983.56ms min=21.52ms max=9672.89ms count=5
09-10 03:44:10.823  3070  3110 D EGL_emulation: app_time_stats: avg=12329.32ms min=375.39ms max=24283.24ms count=2
09-10 03:44:11.901  3070  3110 D EGL_emulation: app_time_stats: avg=88.88ms min=44.66ms max=138.43ms count=10
09-10 03:44:15.229  3070  3088 D EGL_emulation: app_time_stats: avg=1735.24ms min=19.14ms max=8471.68ms count=5
09-10 03:44:19.532  3070  3110 D EGL_emulation: app_time_stats: avg=2498.55ms min=54.93ms max=7385.23ms count=3
09-10 03:44:20.659  3070  3110 D EGL_emulation: app_time_stats: avg=112.55ms min=43.14ms max=178.81ms count=10
09-10 03:44:24.079  3070  3088 D EGL_emulation: app_time_stats: avg=1761.76ms min=19.58ms max=8603.29ms count=5
09-10 03:44:28.397  3070  3110 D EGL_emulation: app_time_stats: avg=2550.25ms min=45.41ms max=7501.06ms count=3
09-10 03:44:29.423  3070  3110 D EGL_emulation: app_time_stats: avg=113.95ms min=47.50ms max=181.59ms count=9
09-10 03:44:32.978  3070  3088 D EGL_emulation: app_time_stats: avg=1779.18ms min=14.43ms max=8666.91ms count=5
09-10 03:44:37.320  3070  3110 D EGL_emulation: app_time_stats: avg=3948.80ms min=114.21ms max=7783.38ms count=2
09-10 03:44:41.762  3070  3088 D EGL_emulation: app_time_stats: avg=1449.43ms min=19.65ms max=8427.92ms count=6
09-10 03:44:46.026  3070  3110 D EGL_emulation: app_time_stats: avg=1078.81ms min=48.30ms max=7918.00ms count=8
09-10 03:44:47.101  3070  3110 D EGL_emulation: app_time_stats: avg=119.38ms min=77.41ms max=189.24ms count=9
09-10 03:44:50.529  3070  3088 D EGL_emulation: app_time_stats: avg=1742.07ms min=19.00ms max=8506.73ms count=5
09-10 03:44:54.832  3070  3110 D EGL_emulation: app_time_stats: avg=2577.12ms min=104.70ms max=7520.77ms count=3
09-10 03:44:55.893  3070  3110 D EGL_emulation: app_time_stats: avg=102.18ms min=67.25ms max=171.68ms count=10
