    PID    PPID COMMAND           RSS %CPU
   2051    2049 provjobd3720623 144512 2.5
   2108    2088 Runner.Worker   139704 7.6
   2088    2036 Runner.Listener 94220  2.1
   1356       1 dockerd         74556  0.3
    967       1 php-fpm8.3      51460  0.1
   1031       1 containerd      46572  0.2
    223       1 multipathd      43712  0.0
   1299     999 python3         37060  1.1
    999       1 python3         31068  0.3
   1399     967 php-fpm8.3      21508  0.0
   1400     967 php-fpm8.3      21508  0.0
    965       1 networkd-dispat 20912  0.1
    156       1 systemd-journal 17864  0.6
   2036       1 hosted-compute- 17204  0.1
      1       0 systemd         14384  3.9
    998       1 udisksd         13784  0.1
    506       1 systemd-resolve 13288  0.1
   1142       1 ModemManager    12804  0.1
   1163       1 systemd         11644  0.2
    723       1 systemd-network  9680  0.0
    986       1 systemd-logind   9652  0.1
    972       1 polkitd          8160  0.1
    230       1 systemd-udevd    7952  0.2
   2049    2036 sudo             7072  0.0
   1086       1 rsyslogd         6108  0.1
    960       1 dbus-daemon      5552  0.2
    583       1 haveged          5032  0.3
   2744    2730 ps               4232  0.0
   1094       1 chronyd          3680  0.0
   2730    2729 bash             3628  0.0
   1187    1163 (sd-pam)         3592  0.0
   2728    2108 bash             3560  0.0
    373       1 hv_kvp_daemon    2904  0.1
   1016       1 cron             2756  0.0
   1078       1 agetty           2164  0.0
   1118       1 agetty           2044  0.1
   2729    2728 timeout          2044  0.0
   1095    1094 chronyd          1284  0.0
      2       0 kthreadd            0  0.0
      3       2 pool_workqueue_     0  0.0
      4       2 kworker/R-rcu_g     0  0.0
      5       2 kworker/R-sync_     0  0.0
      6       2 kworker/R-kvfre     0  0.0
      7       2 kworker/R-slub_     0  0.0
      8       2 kworker/R-netns     0  0.0
      9       2 kworker/0:0-hv_     0  0.0
     10       2 kworker/0:0H-ev     0  0.0
     11       2 kworker/0:1-eve     0  0.6
     12       2 kworker/u16:0-e     0  0.5
     13       2 kworker/R-mm_pe     0  0.0
     14       2 ksoftirqd/0         0  0.0
     15       2 rcu_sched           0  0.0
     16       2 rcu_exp_par_gp_     0  0.0
     17       2 rcu_exp_gp_kthr     0  0.0
     18       2 migration/0         0  0.0
     19       2 idle_inject/0       0  0.0
     20       2 cpuhp/0             0  0.0
     21       2 cpuhp/2             0  0.0
     22       2 idle_inject/2       0  0.0
     23       2 migration/2         0  0.5
     24       2 ksoftirqd/2         0  0.0
     25       2 kworker/2:0-eve     0  0.0
     26       2 kworker/2:0H-ev     0  0.0
     27       2 cpuhp/1             0  0.0
     28       2 idle_inject/1       0  0.0
     29       2 migration/1         0  0.5
     30       2 ksoftirqd/1         0  0.0
     31       2 kworker/1:0-cgr     0  0.0
     32       2 kworker/1:0H-ev     0  0.0
     33       2 cpuhp/3             0  0.0
     34       2 idle_inject/3       0  0.0
     35       2 migration/3         0  0.5
     36       2 ksoftirqd/3         0  0.0
     37       2 kworker/3:0-cgr     0  0.0
     38       2 kworker/3:0H-ev     0  0.0
     39       2 kdevtmpfs           0  0.0
     40       2 kworker/R-inet_     0  0.0
     41       2 rcu_tasks_rude_     0  0.0
     42       2 rcu_tasks_trace     0  0.0
     43       2 kauditd             0  0.0
     44       2 khungtaskd          0  0.0
     45       2 kworker/u16:1-f     0  0.0
     46       2 oom_reaper          0  0.0
     47       2 kworker/u16:2-i     0  1.1
     48       2 kworker/R-write     0  0.0
     49       2 kcompactd0          0  0.0
     50       2 ksmd                0  0.0
     51       2 khugepaged          0  0.0
     52       2 kworker/R-kbloc     0  0.0
     53       2 kworker/R-blkcg     0  0.0
     54       2 kworker/R-kinte     0  0.0
     55       2 irq/9-acpi          0  0.0
     56       2 kworker/2:1-cgr     0  0.0
     57       2 kworker/1:1-eve     0  0.0
     58       2 kworker/3:1-eve     0  0.3
     59       2 kworker/R-tpm_d     0  0.0
     60       2 kworker/R-ata_s     0  0.0
     61       2 kworker/R-md        0  0.0
     62       2 kworker/R-md_bi     0  0.0
     63       2 kworker/R-edac-     0  0.0
     64       2 kworker/R-hv_vm     0  0.0
     65       2 kworker/R-hv_vm     0  0.0
     66       2 kworker/R-hv_pr     0  0.0
     67       2 kworker/R-hv_su     0  0.0
     68       2 kworker/R-devfr     0  0.0
     69       2 watchdogd           0  0.0
     70       2 kworker/R-quota     0  0.0
     71       2 kworker/2:1H-kb     0  0.0
     72       2 kswapd0             0  0.0
     73       2 ecryptfs-kthrea     0  0.0
     74       2 kworker/R-kthro     0  0.0
     75       2 kworker/R-nfit      0  0.0
     76       2 scsi_eh_0           0  0.0
     77       2 scsi_eh_1           0  0.0
     78       2 kworker/R-scsi_     0  0.0
     79       2 kworker/R-scsi_     0  0.0
     80       2 kworker/R-nvme-     0  0.0
     81       2 kworker/R-nvme-     0  0.0
     82       2 kworker/R-nvme-     0  0.0
     83       2 kworker/R-nvme-     0  0.0
     84       2 kworker/u16:3-i     0  0.5
     85       2 kworker/u16:4-e     0  0.1
     86       2 kworker/R-mld       0  0.0
     87       2 kworker/R-ipv6_     0  0.0
     88       2 kworker/3:1H-kb     0  0.0
     89       2 hv_balloon          0  0.0
     90       2 kworker/R-kstrp     0  0.0
     92       2 kworker/u17:0       0  0.0
    103       2 kworker/0:1H-kb     0  0.0
    104       2 jbd2/sda1-8         0  0.0
    105       2 kworker/R-ext4-     0  0.0
    106       2 kworker/2:2-eve     0  0.0
    146       2 kworker/1:1H-kb     0  0.0
    171       2 kworker/1:2-cgr     0  0.0
    173       2 kworker/0:2-eve     0  0.0
    179       2 kworker/R-kmpat     0  0.0
    180       2 kworker/R-kmpat     0  0.0
    198       2 kworker/1:3-cgr     0  0.0
    199       2 kworker/1:4-mm_     0  0.0
    200       2 kworker/1:5-eve     0  0.0
    215       2 kworker/3:2-cgr     0  0.1
    219       2 kworker/3:3-eve     0  0.0
    240       2 psimon              0  0.0
    289       2 kworker/0:3-eve     0  0.0
    409       2 jbd2/sda16-8        0  0.0
    410       2 kworker/R-ext4-     0  0.0
    445       2 kworker/2:3-eve     0  0.0
    789       2 kworker/u16:5-e     0  0.0
   1255       2 kworker/R-tls-s     0  0.0
   2034       2 psimon              0  0.0
   2610       2 kworker/R-mlx5_     0  0.0
   2613       2 kworker/R-mlx5_     0  0.0
   2614       2 kworker/R-mlx5_     0  0.0
   2615       2 kworker/R-mlx5_     0  0.0
   2616       2 ptp1                0  0.0
   2617       2 kworker/R-mlx5_     0  0.0
   2618       2 kworker/R-mlx5_     0  0.0
   2619       2 kworker/R-mlx5e     0  0.0
   2620       2 kworker/R-mlx5e     0  0.0
   2632       2 kworker/R-ib-co     0  0.0
   2633       2 kworker/R-ib-co     0  0.0
   2634       2 kworker/R-ib_mc     0  0.0
   2635       2 kworker/R-ib_nl     0  0.0
   2636       2 kworker/R-mkey_     0  0.0
