Godot Engine v4.7.2.stable.official.ed1daf0bf - https://godotengine.org

[   0% ] first_scan_filesystem | Started Project initialization (5 steps)
[   0% ] first_scan_filesystem | Scanning file structure...
[  16% ] first_scan_filesystem | Loading global class names...
[  33% ] first_scan_filesystem | Verifying GDExtensions...
[  50% ] first_scan_filesystem | Creating autoload scripts...
[  66% ] first_scan_filesystem | Initializing plugins...
[  83% ] first_scan_filesystem | Starting file scan...
[ DONE ] first_scan_filesystem

[   0% ] update_scripts_classes | Started Registering global classes... (15 steps)
[   0% ] update_scripts_classes | 
[   6% ] update_scripts_classes | 
[  12% ] update_scripts_classes | 
[  18% ] update_scripts_classes | 
[  25% ] update_scripts_classes | 
[  31% ] update_scripts_classes | 
[  37% ] update_scripts_classes | 
[  43% ] update_scripts_classes | 
[  50% ] update_scripts_classes | LastLightRendererController
[  56% ] update_scripts_classes | 
[  62% ] update_scripts_classes | 
[  68% ] update_scripts_classes | 
[  75% ] update_scripts_classes | 
[  81% ] update_scripts_classes | 
[  87% ] update_scripts_classes | 
[ DONE ] update_scripts_classes

[   0% ] _update_scan_actions | Started Scanning actions... (47 steps)
[   0% ] _update_scan_actions | card_place.wav
[   2% ] _update_scan_actions | challenge.wav
[   4% ] _update_scan_actions | light_out.wav
[   6% ] _update_scan_actions | safe.wav
[   8% ] _update_scan_actions | ui_tap.wav
[  10% ] _update_scan_actions | victory.wav
[  12% ] _update_scan_actions | fraunces_semibold.ttf
[  14% ] _update_scan_actions | manrope_medium.ttf
[  16% ] _update_scan_actions | manrope_regular.ttf
[  18% ] _update_scan_actions | manrope_semibold.ttf
[  20% ] _update_scan_actions | back.png
[  22% ] _update_scan_actions | face_crown.png
[  25% ] _update_scan_actions | face_moon.png
[  27% ] _update_scan_actions | face_star.png
[  29% ] _update_scan_actions | face_wild.png
[  31% ] _update_scan_actions | crown.png
[  33% ] _update_scan_actions | crown_mask.png
[  35% ] _update_scan_actions | moon.png
[  37% ] _update_scan_actions | moon_mask.png
[  39% ] _update_scan_actions | star.png
[  41% ] _update_scan_actions | star_mask.png
[  43% ] _update_scan_actions | wild.png
[  45% ] _update_scan_actions | wild_mask.png
[  47% ] _update_scan_actions | card_back.svg
[  50% ] _update_scan_actions | icon_arrow_back.svg
[  52% ] _update_scan_actions | icon_arrow_forward.svg
[  54% ] _update_scan_actions | icon_check.svg
[  56% ] _update_scan_actions | icon_close.svg
[  58% ] _update_scan_actions | icon_copy.svg
[  60% ] _update_scan_actions | icon_exit.svg
[  62% ] _update_scan_actions | icon_haptics.svg
[  64% ] _update_scan_actions | icon_info.svg
[  66% ] _update_scan_actions | icon_lock.svg
[  68% ] _update_scan_actions | icon_motion.svg
[  70% ] _update_scan_actions | icon_nearby.svg
[  72% ] _update_scan_actions | icon_people.svg
[  75% ] _update_scan_actions | icon_plus.svg
[  77% ] _update_scan_actions | icon_qr_scan.svg
[  79% ] _update_scan_actions | icon_settings.svg
[  81% ] _update_scan_actions | icon_share.svg
[  83% ] _update_scan_actions | icon_sound.svg
[  85% ] _update_scan_actions | icon_sound_off.svg
[  87% ] _update_scan_actions | partydeck_mark.svg
[  89% ] _update_scan_actions | rank_crown.svg
[  91% ] _update_scan_actions | rank_moon.svg
[  93% ] _update_scan_actions | rank_star.svg
[  95% ] _update_scan_actions | rank_wild.svg
[ DONE ] _update_scan_actions

[   0% ] reimport | Started (Re)Importing Assets (47 steps)
[   0% ] reimport | Preparing files to reimport...
[   2% ] reimport | Preparing files to reimport...
[   4% ] reimport | Preparing files to reimport...
[   6% ] reimport | Preparing files to reimport...
[   8% ] reimport | Preparing files to reimport...
[  10% ] reimport | Preparing files to reimport...
[  12% ] reimport | Preparing files to reimport...
[  14% ] reimport | Preparing files to reimport...
[  16% ] reimport | Preparing files to reimport...
[  18% ] reimport | Preparing files to reimport...
[  20% ] reimport | Preparing files to reimport...
[  22% ] reimport | Preparing files to reimport...
[  25% ] reimport | Preparing files to reimport...
[  27% ] reimport | Preparing files to reimport...
[  29% ] reimport | Preparing files to reimport...
[  31% ] reimport | Preparing files to reimport...
[  33% ] reimport | Preparing files to reimport...
[  35% ] reimport | Preparing files to reimport...
[  37% ] reimport | Preparing files to reimport...
[  39% ] reimport | Preparing files to reimport...
[  41% ] reimport | Preparing files to reimport...
[  43% ] reimport | Preparing files to reimport...
[  45% ] reimport | Preparing files to reimport...
[  47% ] reimport | Preparing files to reimport...
[  50% ] reimport | Preparing files to reimport...
[  52% ] reimport | Preparing files to reimport...
[  54% ] reimport | Preparing files to reimport...
[  56% ] reimport | Preparing files to reimport...
[  58% ] reimport | Preparing files to reimport...
[  60% ] reimport | Preparing files to reimport...
[  62% ] reimport | Preparing files to reimport...
[  64% ] reimport | Preparing files to reimport...
[  66% ] reimport | Preparing files to reimport...
[  68% ] reimport | Preparing files to reimport...
[  70% ] reimport | Preparing files to reimport...
[  72% ] reimport | Preparing files to reimport...
[  75% ] reimport | Preparing files to reimport...
[  77% ] reimport | Preparing files to reimport...
[  79% ] reimport | Preparing files to reimport...
[  81% ] reimport | Preparing files to reimport...
[  83% ] reimport | Preparing files to reimport...
[  85% ] reimport | Preparing files to reimport...
[  87% ] reimport | Preparing files to reimport...
[  89% ] reimport | Preparing files to reimport...
[  91% ] reimport | Preparing files to reimport...
[  93% ] reimport | Preparing files to reimport...
[  95% ] reimport | Preparing files to reimport...
[   0% ] reimport | Executing pre-reimport operations...
[   0% ] reimport | fraunces_semibold.ttf
[   2% ] reimport | manrope_medium.ttf
[   4% ] reimport | manrope_regular.ttf
[   6% ] reimport | manrope_semibold.ttf
[   8% ] reimport | fraunces_semibold.ttf
[  10% ] reimport | manrope_medium.ttf
[  12% ] reimport | manrope_regular.ttf
[  14% ] reimport | manrope_semibold.ttf
[  16% ] reimport | icon_check.svg
[  18% ] reimport | icon_close.svg
[  20% ] reimport | icon_copy.svg
[  22% ] reimport | icon_exit.svg
[  25% ] reimport | icon_haptics.svg
[  27% ] reimport | icon_info.svg
[  29% ] reimport | icon_lock.svg
[  31% ] reimport | icon_motion.svg
[  33% ] reimport | icon_nearby.svg
[  35% ] reimport | icon_people.svg
[  37% ] reimport | icon_plus.svg
[  39% ] reimport | icon_qr_scan.svg
[  41% ] reimport | icon_settings.svg
[  43% ] reimport | icon_share.svg
[  45% ] reimport | icon_sound.svg
[  47% ] reimport | icon_sound_off.svg
[  50% ] reimport | partydeck_mark.svg
[  52% ] reimport | rank_crown.svg
[  54% ] reimport | rank_moon.svg
[  56% ] reimport | rank_star.svg
[  58% ] reimport | rank_wild.svg
[  60% ] reimport | back.png
[  62% ] reimport | face_crown.png
[  64% ] reimport | face_moon.png
[  66% ] reimport | face_star.png
[  68% ] reimport | face_wild.png
[  70% ] reimport | crown.png
[  72% ] reimport | crown_mask.png
[  75% ] reimport | moon.png
[  77% ] reimport | moon_mask.png
[  79% ] reimport | star.png
[  81% ] reimport | star_mask.png
[  83% ] reimport | wild.png
[  85% ] reimport | fraunces_semibold.ttf
[  87% ] reimport | manrope_medium.ttf
[  89% ] reimport | manrope_regular.ttf
[  91% ] reimport | manrope_semibold.ttf
[  93% ] reimport | icon_check.svg
[  95% ] reimport | icon_close.svg
[  97% ] reimport | Finalizing Asset Import...
[ DONE ] reimport

[   0% ] reimport | Started (Re)Importing Assets (47 steps)
[   0% ] reimport | Executing post-reimport operations...
[ DONE ] reimport

[   0% ] loading_editor_layout | Started Loading editor (5 steps)
[   0% ] loading_editor_layout | Loading editor layout...
[  16% ] loading_editor_layout | Loading docks...
[ DONE ] loading_editor_layout

