    PID    PPID COMMAND           RSS %CPU
   2043    2041 provjobd1266834 145636 2.9
   2095    2076 Runner.Worker   139020 9.0
   2076    2023 Runner.Listener 93988  2.5
   1239       1 dockerd         72420  0.4
    964       1 php-fpm8.3      51940  0.2
   1069       1 containerd      44096  0.1
    220       1 multipathd      43840  0.0
   1385     999 python3         38096  1.3
    999       1 python3         31368  0.6
   1246     964 php-fpm8.3      21484  0.0
   1255     964 php-fpm8.3      21484  0.0
    961       1 networkd-dispat 20944  0.2
   2023       1 hosted-compute- 19244  0.1
    156       1 systemd-journal 17776  0.9
      1       0 systemd         14280  4.8
    998       1 udisksd         13676  0.1
    518       1 systemd-resolve 13244  0.1
   1131       1 ModemManager    13032  0.1
   1118       1 systemd         11564  0.3
    996       1 systemd-logind   9888  0.2
    720       1 systemd-network  9672  0.0
    968       1 polkitd          8200  0.1
    226       1 systemd-udevd    8008  0.3
   2041    2023 sudo             7040  0.0
   1081       1 rsyslogd         6372  0.1
    956       1 dbus-daemon      5600  0.2
    580       1 haveged          5032  0.3
   2720    2706 ps               4252  0.0
   1129       1 chronyd          3704  0.0
   2706    2705 bash             3612  0.0
   1134    1118 (sd-pam)         3592  0.0
   2704    2095 bash             3568  0.0
    388       1 hv_kvp_daemon    2904  0.1
   1027       1 cron             2760  0.0
   1083       1 agetty           2156  0.0
   2705    2704 timeout          2048  0.0
   1102       1 agetty           2044  0.1
   1133    1129 chronyd          1224  0.0
      2       0 kthreadd            0  0.0
      3       2 pool_workqueue_     0  0.0
      4       2 kworker/R-rcu_g     0  0.0
      5       2 kworker/R-sync_     0  0.0
      6       2 kworker/R-kvfre     0  0.0
      7       2 kworker/R-slub_     0  0.0
      8       2 kworker/R-netns     0  0.0
      9       2 kworker/0:0-eve     0  0.0
     10       2 kworker/0:1-cgr     0  0.0
     11       2 kworker/0:0H-kb     0  0.0
     12       2 kworker/u16:0-i     0  0.4
     13       2 kworker/R-mm_pe     0  0.0
     14       2 ksoftirqd/0         0  0.0
     15       2 rcu_sched           0  0.0
     16       2 rcu_exp_par_gp_     0  0.0
     17       2 rcu_exp_gp_kthr     0  0.0
     18       2 migration/0         0  0.0
     19       2 idle_inject/0       0  0.0
     20       2 cpuhp/0             0  0.0
     21       2 cpuhp/2             0  0.0
     22       2 idle_inject/2       0  0.0
     23       2 migration/2         0  0.6
     24       2 ksoftirqd/2         0  0.0
     25       2 kworker/2:0-eve     0  0.0
     26       2 kworker/2:0H-ev     0  0.0
     27       2 cpuhp/1             0  0.0
     28       2 idle_inject/1       0  0.0
     29       2 migration/1         0  0.6
     30       2 ksoftirqd/1         0  0.0
     31       2 kworker/1:0-cgw     0  0.0
     32       2 kworker/1:0H-ev     0  0.0
     33       2 cpuhp/3             0  0.0
     34       2 idle_inject/3       0  0.0
     35       2 migration/3         0  0.6
     36       2 ksoftirqd/3         0  0.0
     37       2 kworker/3:0-cgr     0  0.0
     38       2 kworker/3:0H-ev     0  0.0
     39       2 kdevtmpfs           0  0.0
     40       2 kworker/R-inet_     0  0.0
     41       2 rcu_tasks_rude_     0  0.0
     42       2 rcu_tasks_trace     0  0.0
     43       2 kauditd             0  0.0
     44       2 khungtaskd          0  0.0
     45       2 kworker/u16:1-f     0  0.1
     46       2 oom_reaper          0  0.0
     47       2 kworker/u16:2-e     0  0.3
     48       2 kworker/R-write     0  0.0
     49       2 kcompactd0          0  0.0
     50       2 ksmd                0  0.0
     51       2 khugepaged          0  0.0
     52       2 kworker/R-kbloc     0  0.0
     53       2 kworker/R-blkcg     0  0.0
     54       2 kworker/R-kinte     0  0.0
     55       2 irq/9-acpi          0  0.0
     56       2 kworker/2:1-eve     0  0.2
     57       2 kworker/1:1-ino     0  0.4
     58       2 kworker/3:1-eve     0  0.2
     59       2 kworker/R-tpm_d     0  0.0
     60       2 kworker/R-ata_s     0  0.0
     61       2 kworker/R-md        0  0.0
     62       2 kworker/R-md_bi     0  0.0
     63       2 kworker/R-edac-     0  0.0
     64       2 kworker/R-hv_vm     0  0.0
     65       2 kworker/R-hv_vm     0  0.0
     66       2 kworker/R-hv_pr     0  0.0
     67       2 kworker/R-hv_su     0  0.0
     68       2 kworker/R-devfr     0  0.0
     69       2 watchdogd           0  0.0
     70       2 kworker/R-quota     0  0.0
     71       2 kworker/2:1H-kb     0  0.0
     72       2 kswapd0             0  0.0
     73       2 ecryptfs-kthrea     0  0.0
     74       2 kworker/R-kthro     0  0.0
     75       2 kworker/R-nfit      0  0.0
     76       2 scsi_eh_0           0  0.0
     77       2 scsi_eh_1           0  0.0
     78       2 kworker/R-scsi_     0  0.0
     79       2 kworker/R-scsi_     0  0.0
     80       2 kworker/R-nvme-     0  0.0
     81       2 kworker/R-nvme-     0  0.0
     82       2 kworker/R-nvme-     0  0.0
     83       2 kworker/R-nvme-     0  0.0
     84       2 kworker/u16:3-i     0  1.4
     85       2 kworker/u16:4-e     0  0.6
     86       2 kworker/u16:5-e     0  0.0
     87       2 kworker/R-mld       0  0.0
     88       2 kworker/R-ipv6_     0  0.0
     89       2 kworker/1:1H-kb     0  0.0
     90       2 kworker/R-kstrp     0  0.0
     91       2 hv_balloon          0  0.0
     93       2 kworker/u17:0       0  0.0
    104       2 jbd2/sda1-8         0  0.0
    105       2 kworker/R-ext4-     0  0.0
    106       2 kworker/3:1H-kb     0  0.0
    107       2 kworker/3:2-mm_     0  0.2
    139       2 kworker/0:1H        0  0.0
    171       2 kworker/0:2-eve     0  0.0
    178       2 kworker/R-kmpat     0  0.0
    179       2 kworker/R-kmpat     0  0.0
    192       2 kworker/1:2-cgw     0  0.0
    198       2 kworker/1:3-eve     0  0.0
    215       2 kworker/0:3-eve     0  0.4
    237       2 psimon              0  0.0
    370       2 kworker/2:2-eve     0  0.0
    406       2 jbd2/sda16-8        0  0.0
    407       2 kworker/R-ext4-     0  0.0
    508       2 kworker/3:3-eve     0  0.0
   1012       2 kworker/2:3-cgr     0  0.0
   1070       2 kworker/1:4-ino     0  0.0
   1071       2 kworker/1:5-ino     0  0.0
   1072       2 kworker/1:6-ino     0  0.0
   1073       2 kworker/1:7-ino     0  0.0
   1074       2 kworker/1:8-cgr     0  0.0
   1075       2 kworker/1:9-eve     0  0.0
   1267       2 kworker/R-tls-s     0  0.0
   2020       2 psimon              0  0.0
   2586       2 kworker/R-mlx5_     0  0.0
   2588       2 kworker/R-mlx5_     0  0.0
   2589       2 kworker/R-mlx5_     0  0.0
   2590       2 kworker/R-mlx5_     0  0.0
   2591       2 ptp1                0  0.0
   2592       2 kworker/R-mlx5_     0  0.0
   2593       2 kworker/R-mlx5_     0  0.0
   2594       2 kworker/R-mlx5e     0  0.0
   2595       2 kworker/R-mlx5e     0  0.0
   2608       2 kworker/R-ib-co     0  0.0
   2609       2 kworker/R-ib-co     0  0.0
   2610       2 kworker/R-ib_mc     0  0.0
   2611       2 kworker/R-ib_nl     0  0.0
   2612       2 kworker/R-mkey_     0  0.0
