Current Input Method Manager state:
  Input Methods:
  InputMethod #0:
    mId=com.android.inputmethod.latin/.LatinIME mSettingsActivityName=com.android.inputmethod.latin.settings.SettingsActivity mLanguageSettingsActivityName=null mIsVrOnly=false mIsVirtualDeviceOnly=false mSupportsSwitchingToNextInputMethod=true mInlineSuggestionsEnabled=false mSupportsInlineSuggestionsWithTouchExploration=false mSuppressesSpellChecker=false mShowInInputMethodPicker=true mSupportsStylusHandwriting=false mSupportsConnectionlessStylusHandwriting=false mStylusHandwritingSettingsActivityAttr=null
    mIsDefaultResId=0x7f050012
    Service:
      priority=0 preferredOrder=0 match=0x108000 specificIndex=-1 isDefault=false
      ServiceInfo:
        name=com.android.inputmethod.latin.LatinIME
        packageName=com.android.inputmethod.latin
        labelRes=0x7f0f0053 nonLocalizedLabel=null icon=0x0 banner=0x0
        enabled=true exported=true directBootAware=true
        permission=android.permission.BIND_INPUT_METHOD
        flags=0x100000
        ApplicationInfo:
          packageName=com.android.inputmethod.latin
          labelRes=0x7f0f0053 nonLocalizedLabel=null icon=0x7f08009e banner=0x0
          processName=com.android.inputmethod.latin
          taskAffinity=com.android.inputmethod.latin
          uid=10110 flags=0x30c8be45 privateFlags=0x8c081060 theme=0x0
          requiresSmallestWidthDp=0 compatibleWidthLimitDp=0 largestWidthLimitDp=0
          sourceDir=/product/app/LatinIME/LatinIME.apk
          resourceDirs=[/product/overlay/EmulationPixel7/EmulationPixel7Overlay.apk]
          overlayPaths=[/product/overlay/EmulationPixel7/EmulationPixel7Overlay.apk]
          seinfo=default:targetSdkVersion=30:partition=product
          seinfoUser=:complete
          dataDir=/data/user_de/0/com.android.inputmethod.latin
          deviceProtectedDataDir=/data/user_de/0/com.android.inputmethod.latin
          credentialProtectedDataDir=/data/user/0/com.android.inputmethod.latin
          enabled=true minSdkVersion=21 targetSdkVersion=30 versionCode=30 targetSandboxVersion=1
          supportsRtl=true
          fullBackupContent=true
          crossProfile=false
          HiddenApiEnforcementPolicy=2
          usesNonSdkApi=false
          allowsPlaybackCapture=true
          nativeHeapZeroInitialized=0
          enableOnBackInvokedCallback=false
          allowCrossUidActivitySwitchFromBelow=true
          createTimestamp=314230
    InputMethodSubtype array: count=81
      InputMethodSubtype #0:
        mSubtypeNameOverride= mPkLanguageTag= mPkLayoutType= mSubtypeId=-921088104 mSubtypeLocale=en_US mSubtypeLanguageTag=en-US mSubtypeMode=keyboard mIsAuxiliary=false mOverridesImplicitlyEnabledSubtype=false mIsAsciiCapable=true mSubtypeHashCode=-921088104
      InputMethodSubtype #1:
        mSubtypeNameOverride= mPkLanguageTag= mPkLayoutType= mSubtypeId=-1337596075 mSubtypeLocale=en_GB mSubtypeLanguageTag=en-GB mSubtypeMode=keyboard mIsAuxiliary=false mOverridesImplicitlyEnabledSubtype=false mIsAsciiCapable=true mSubtypeHashCode=-1337596075
      InputMethodSubtype #2:
        mSubtypeNameOverride= mPkLanguageTag= mPkLayoutType= mSubtypeId=1872175968 mSubtypeLocale=af mSubtypeLanguageTag= mSubtypeMode=keyboard mIsAuxiliary=false mOverridesImplicitlyEnabledSubtype=false mIsAsciiCapable=true mSubtypeHashCode=1872175968
      InputMethodSubtype #3:
        mSubtypeNameOverride= mPkLanguageTag= mPkLayoutType= mSubtypeId=1494081088 mSubtypeLocale=ar mSubtypeLanguageTag= mSubtypeMode=keyboard mIsAuxiliary=false mOverridesImplicitlyEnabledSubtype=false mIsAsciiCapable=false mSubtypeHashCode=1494081088
      InputMethodSubtype #4:
        mSubtypeNameOverride= mPkLanguageTag= mPkLayoutType= mSubtypeId=1890646388 mSubtypeLocale=az_AZ mSubtypeLanguageTag= mSubtypeMode=keyboard mIsAuxiliary=false mOverridesImplicitlyEnabledSubtype=false mIsAsciiCapable=true mSubtypeHashCode=1890646388
      InputMethodSubtype #5:
        mSubtypeNameOverride= mPkLanguageTag= mPkLayoutType= mSubtypeId=499361881 mSubtypeLocale=be_BY mSubtypeLanguageTag= mSubtypeMode=keyboard mIsAuxiliary=false mOverridesImplicitlyEnabledSubtype=false mIsAsciiCapable=false mSubtypeHashCode=499361881
      InputMethodSubtype #6:
        mSubtypeNameOverride= mPkLanguageTag= mPkLayoutType= mSubtypeId=195674344 mSubtypeLocale=bg mSubtypeLanguageTag= mSubtypeMode=keyboard mIsAuxiliary=false mOverridesImplicitlyEnabledSubtype=false mIsAsciiCapable=false mSubtypeHashCode=195674344
      InputMethodSubtype #7:
        mSubtypeNameOverride= mPkLanguageTag= mPkLayoutType= mSubtypeId=1599191706 mSubtypeLocale=bg mSubtypeLanguageTag= mSubtypeMode=keyboard mIsAuxiliary=false mOverridesImplicitlyEnabledSubtype=false mIsAsciiCapable=false mSubtypeHashCode=1599191706
      InputMethodSubtype #8:
        mSubtypeNameOverride= mPkLanguageTag= mPkLayoutType= mSubtypeId=-1575728372 mSubtypeLocale=bn_BD mSubtypeLanguageTag= mSubtypeMode=keyboard mIsAuxiliary=false mOverridesImplicitlyEnabledSubtype=false mIsAsciiCapable=false mSubtypeHashCode=-1575728372
      InputMethodSubtype #9:
        mSubtypeNameOverride= mPkLanguageTag= mPkLayoutType= mSubtypeId=-1074423700 mSubtypeLocale=bn_IN mSubtypeLanguageTag= mSubtypeMode=keyboard mIsAuxiliary=false mOverridesImplicitlyEnabledSubtype=false mIsAsciiCapable=false mSubtypeHashCode=-1074423700
      InputMethodSubtype #10:
        mSubtypeNameOverride= mPkLanguageTag= mPkLayoutType= mSubtypeId=-756735787 mSubtypeLocale=ca mSubtypeLanguageTag= mSubtypeMode=keyboard mIsAuxiliary=false mOverridesImplicitlyEnabledSubtype=false mIsAsciiCapable=true mSubtypeHashCode=-756735787
      InputMethodSubtype #11:
        mSubtypeNameOverride= mPkLanguageTag= mPkLayoutType= mSubtypeId=758984400 mSubtypeLocale=cs mSubtypeLanguageTag= mSubtypeMode=keyboard mIsAuxiliary=false mOverridesImplicitlyEnabledSubtype=false mIsAsciiCapable=true mSubtypeHashCode=758984400
      InputMethodSubtype #12:
        mSubtypeNameOverride= mPkLanguageTag= mPkLayoutType= mSubtypeId=770990173 mSubtypeLocale=da mSubtypeLanguageTag= mSubtypeMode=keyboard mIsAuxiliary=false mOverridesImplicitlyEnabledSubtype=false mIsAsciiCapable=true mSubtypeHashCode=770990173
      InputMethodSubtype #13:
        mSubtypeNameOverride= mPkLanguageTag= mPkLayoutType= mSubtypeId=774684257 mSubtypeLocale=de mSubtypeLanguageTag= mSubtypeMode=keyboard mIsAuxiliary=false mOverridesImplicitlyEnabledSubtype=false mIsAsciiCapable=true mSubtypeHashCode=774684257
      InputMethodSubtype #14:
        mSubtypeNameOverride= mPkLanguageTag= mPkLayoutType= mSubtypeId=2060439722 mSubtypeLocale=de_CH mSubtypeLanguageTag= mSubtypeMode=keyboard mIsAuxiliary=false mOverridesImplicitlyEnabledSubtype=false mIsAsciiCapable=true mSubtypeHashCode=2060439722
      InputMethodSubtype #15:
        mSubtypeNameOverride= mPkLanguageTag= mPkLayoutType= mSubtypeId=242746067 mSubtypeLocale=el mSubtypeLanguageTag= mSubtypeMode=keyboard mIsAuxiliary=false mOverridesImplicitlyEnabledSubtype=false mIsAsciiCapable=false mSubtypeHashCode=242746067
      InputMethodSubtype #16:
        mSubtypeNameOverride= mPkLanguageTag= mPkLayoutType= mSubtypeId=-1923548115 mSubtypeLocale=en_IN mSubtypeLanguageTag= mSubtypeMode=keyboard mIsAuxiliary=false mOverridesImplicitlyEnabledSubtype=false mIsAsciiCapable=true mSubtypeHashCode=-1923548115
      InputMethodSubtype #17:
        mSubtypeNameOverride= mPkLanguageTag= mPkLayoutType= mSubtypeId=1083200842 mSubtypeLocale=eo mSubtypeLanguageTag= mSubtypeMode=keyboard mIsAuxiliary=false mOverridesImplicitlyEnabledSubtype=false mIsAsciiCapable=false mSubtypeHashCode=1083200842
      InputMethodSubtype #18:
        mSubtypeNameOverride= mPkLanguageTag= mPkLayoutType= mSubtypeId=816242702 mSubtypeLocale=es mSubtypeLanguageTag= mSubtypeMode=keyboard mIsAuxiliary=false mOverridesImplicitlyEnabledSubtype=false mIsAsciiCapable=true mSubtypeHashCode=816242702
      InputMethodSubtype #19:
        mSubtypeNameOverride= mPkLanguageTag= mPkLayoutType= mSubtypeId=-2066550842 mSubtypeLocale=es_US mSubtypeLanguageTag= mSubtypeMode=keyboard mIsAuxiliary=false mOverridesImplicitlyEnabledSubtype=false mIsAsciiCapable=true mSubtypeHashCode=-2066550842
      InputMethodSubtype #20:
        mSubtypeNameOverride= mPkLanguageTag= mPkLayoutType= mSubtypeId=-1572971239 mSubtypeLocale=es_419 mSubtypeLanguageTag= mSubtypeMode=keyboard mIsAuxiliary=false mOverridesImplicitlyEnabledSubtype=false mIsAsciiCapable=true mSubtypeHashCode=-1572971239
      InputMethodSubtype #21:
        mSubtypeNameOverride= mPkLanguageTag= mPkLayoutType= mSubtypeId=-332580523 mSubtypeLocale=et_EE mSubtypeLanguageTag= mSubtypeMode=keyboard mIsAuxiliary=false mOverridesImplicitlyEnabledSubtype=false mIsAsciiCapable=true mSubtypeHashCode=-332580523
      InputMethodSubtype #22:
        mSubtypeNameOverride= mPkLanguageTag= mPkLayoutType= mSubtypeId=118381575 mSubtypeLocale=eu_ES mSubtypeLanguageTag= mSubtypeMode=keyboard mIsAuxiliary=false mOverridesImplicitlyEnabledSubtype=false mIsAsciiCapable=true mSubtypeHashCode=118381575
      InputMethodSubtype #23:
        mSubtypeNameOverride= mPkLanguageTag= mPkLayoutType= mSubtypeId=-1100561836 mSubtypeLocale=fa mSubtypeLanguageTag= mSubtypeMode=keyboard mIsAuxiliary=false mOverridesImplicitlyEnabledSubtype=false mIsAsciiCapable=false mSubtypeHashCode=-1100561836
      InputMethodSubtype #24:
        mSubtypeNameOverride= mPkLanguageTag= mPkLayoutType= mSubtypeId=835636643 mSubtypeLocale=fi mSubtypeLanguageTag= mSubtypeMode=keyboard mIsAuxiliary=false mOverridesImplicitlyEnabledSubtype=false mIsAsciiCapable=true mSubtypeHashCode=835636643
      InputMethodSubtype #25:
        mSubtypeNameOverride= mPkLanguageTag= mPkLayoutType= mSubtypeId=843948332 mSubtypeLocale=fr mSubtypeLanguageTag=fr mSubtypeMode=keyboard mIsAuxiliary=false mOverridesImplicitlyEnabledSubtype=false mIsAsciiCapable=true mSubtypeHashCode=843948332
      InputMethodSubtype #26:
        mSubtypeNameOverride= mPkLanguageTag= mPkLayoutType= mSubtypeId=-354699631 mSubtypeLocale=fr_CA mSubtypeLanguageTag=fr-CA mSubtypeMode=keyboard mIsAuxiliary=false mOverridesImplicitlyEnabledSubtype=false mIsAsciiCapable=true mSubtypeHashCode=-354699631
      InputMethodSubtype #27:
        mSubtypeNameOverride= mPkLanguageTag= mPkLayoutType= mSubtypeId=-354658827 mSubtypeLocale=fr_CH mSubtypeLanguageTag=fr-CH mSubtypeMode=keyboard mIsAuxiliary=false mOverridesImplicitlyEnabledSubtype=false mIsAsciiCapable=true mSubtypeHashCode=-354658827
      InputMethodSubtype #28:
        mSubtypeNameOverride= mPkLanguageTag= mPkLayoutType= mSubtypeId=-1187424452 mSubtypeLocale=gl_ES mSubtypeLanguageTag= mSubtypeMode=keyboard mIsAuxiliary=false mOverridesImplicitlyEnabledSubtype=false mIsAsciiCapable=true mSubtypeHashCode=-1187424452
      InputMethodSubtype #29:
        mSubtypeNameOverride= mPkLanguageTag= mPkLayoutType= mSubtypeId=963984255 mSubtypeLocale=hi mSubtypeLanguageTag= mSubtypeMode=keyboard mIsAuxiliary=false mOverridesImplicitlyEnabledSubtype=false mIsAsciiCapable=false mSubtypeHashCode=963984255
      InputMethodSubtype #30:
        mSubtypeNameOverride= mPkLanguageTag= mPkLayoutType= mSubtypeId=-459503199 mSubtypeLocale=hi mSubtypeLanguageTag= mSubtypeMode=keyboard mIsAuxiliary=false mOverridesImplicitlyEnabledSubtype=false mIsAsciiCapable=false mSubtypeHashCode=-459503199
      InputMethodSubtype #31:
        mSubtypeNameOverride= mPkLanguageTag= mPkLayoutType= mSubtypeId=901206634 mSubtypeLocale=hr mSubtypeLanguageTag= mSubtypeMode=keyboard mIsAuxiliary=false mOverridesImplicitlyEnabledSubtype=false mIsAsciiCapable=true mSubtypeHashCode=901206634
      InputMethodSubtype #32:
        mSubtypeNameOverride= mPkLanguageTag= mPkLayoutType= mSubtypeId=903977197 mSubtypeLocale=hu mSubtypeLanguageTag= mSubtypeMode=keyboard mIsAuxiliary=false mOverridesImplicitlyEnabledSubtype=false mIsAsciiCapable=true mSubtypeHashCode=903977197
      InputMethodSubtype #33:
        mSubtypeNameOverride= mPkLanguageTag= mPkLayoutType= mSubtypeId=-476396598 mSubtypeLocale=hy_AM mSubtypeLanguageTag= mSubtypeMode=keyboard mIsAuxiliary=false mOverridesImplicitlyEnabledSubtype=false mIsAsciiCapable=false mSubtypeHashCode=-476396598
      InputMethodSubtype #34:
        mSubtypeNameOverride= mPkLanguageTag= mPkLayoutType= mSubtypeId=2108597344 mSubtypeLocale=in mSubtypeLanguageTag= mSubtypeMode=keyboard mIsAuxiliary=false mOverridesImplicitlyEnabledSubtype=false mIsAsciiCapable=true mSubtypeHashCode=2108597344
      InputMethodSubtype #35:
        mSubtypeNameOverride= mPkLanguageTag= mPkLayoutType= mSubtypeId=2113214949 mSubtypeLocale=is mSubtypeLanguageTag= mSubtypeMode=keyboard mIsAuxiliary=false mOverridesImplicitlyEnabledSubtype=false mIsAsciiCapable=true mSubtypeHashCode=2113214949
      InputMethodSubtype #36:
        mSubtypeNameOverride= mPkLanguageTag= mPkLayoutType= mSubtypeId=931682827 mSubtypeLocale=it mSubtypeLanguageTag= mSubtypeMode=keyboard mIsAuxiliary=false mOverridesImplicitlyEnabledSubtype=false mIsAsciiCapable=true mSubtypeHashCode=931682827
      InputMethodSubtype #37:
        mSubtypeNameOverride= mPkLanguageTag= mPkLayoutType= mSubtypeId=-652935654 mSubtypeLocale=it_CH mSubtypeLanguageTag= mSubtypeMode=keyboard mIsAuxiliary=false mOverridesImplicitlyEnabledSubtype=false mIsAsciiCapable=true mSubtypeHashCode=-652935654
      InputMethodSubtype #38:
        mSubtypeNameOverride= mPkLanguageTag= mPkLayoutType= mSubtypeId=1727731901 mSubtypeLocale=iw mSubtypeLanguageTag= mSubtypeMode=keyboard mIsAuxiliary=false mOverridesImplicitlyEnabledSubtype=false mIsAsciiCapable=false mSubtypeHashCode=1727731901
      InputMethodSubtype #39:
        mSubtypeNameOverride= mPkLanguageTag= mPkLayoutType= mSubtypeId=1846648426 mSubtypeLocale=ka_GE mSubtypeLanguageTag= mSubtypeMode=keyboard mIsAuxiliary=false mOverridesImplicitlyEnabledSubtype=false mIsAsciiCapable=false mSubtypeHashCode=1846648426
      InputMethodSubtype #40:
        mSubtypeNameOverride= mPkLanguageTag= mPkLayoutType= mSubtypeId=762565366 mSubtypeLocale=kk mSubtypeLanguageTag= mSubtypeMode=keyboard mIsAuxiliary=false mOverridesImplicitlyEnabledSubtype=false mIsAsciiCapable=false mSubtypeHashCode=762565366
      InputMethodSubtype #41:
        mSubtypeNameOverride= mPkLanguageTag= mPkLayoutType= mSubtypeId=325412922 mSubtypeLocale=km_KH mSubtypeLanguageTag= mSubtypeMode=keyboard mIsAuxiliary=false mOverridesImplicitlyEnabledSubtype=false mIsAsciiCapable=false mSubtypeHashCode=325412922
      InputMethodSubtype #42:
        mSubtypeNameOverride= mPkLanguageTag= mPkLayoutType= mSubtypeId=-1938291121 mSubtypeLocale=kn_IN mSubtypeLanguageTag= mSubtypeMode=keyboard mIsAuxiliary=false mOverridesImplicitlyEnabledSubtype=false mIsAsciiCapable=false mSubtypeHashCode=-1938291121
      InputMethodSubtype #43:
        mSubtypeNameOverride= mPkLanguageTag= mPkLayoutType= mSubtypeId=775494660 mSubtypeLocale=ky mSubtypeLanguageTag= mSubtypeMode=keyboard mIsAuxiliary=false mOverridesImplicitlyEnabledSubtype=false mIsAsciiCapable=false mSubtypeHashCode=775494660
      InputMethodSubtype #44:
        mSubtypeNameOverride= mPkLanguageTag= mPkLayoutType= mSubtypeId=-2095745236 mSubtypeLocale=lo_LA mSubtypeLanguageTag= mSubtypeMode=keyboard mIsAuxiliary=false mOverridesImplicitlyEnabledSubtype=false mIsAsciiCapable=false mSubtypeHashCode=-2095745236
      InputMethodSubtype #45:
        mSubtypeNameOverride= mPkLanguageTag= mPkLayoutType= mSubtypeId=-2094941373 mSubtypeLocale=lt mSubtypeLanguageTag= mSubtypeMode=keyboard mIsAuxiliary=false mOverridesImplicitlyEnabledSubtype=false mIsAsciiCapable=true mSubtypeHashCode=-2094941373
      InputMethodSubtype #46:
        mSubtypeNameOverride= mPkLanguageTag= mPkLayoutType= mSubtypeId=-2093094331 mSubtypeLocale=lv mSubtypeLanguageTag= mSubtypeMode=keyboard mIsAuxiliary=false mOverridesImplicitlyEnabledSubtype=false mIsAsciiCapable=true mSubtypeHashCode=-2093094331
      InputMethodSubtype #47:
        mSubtypeNameOverride= mPkLanguageTag= mPkLayoutType= mSubtypeId=-1353667716 mSubtypeLocale=mk mSubtypeLanguageTag= mSubtypeMode=keyboard mIsAuxiliary=false mOverridesImplicitlyEnabledSubtype=false mIsAsciiCapable=false mSubtypeHashCode=-1353667716
      InputMethodSubtype #48:
        mSubtypeNameOverride= mPkLanguageTag= mPkLayoutType= mSubtypeId=-1048384556 mSubtypeLocale=ml_IN mSubtypeLanguageTag= mSubtypeMode=keyboard mIsAuxiliary=false mOverridesImplicitlyEnabledSubtype=false mIsAsciiCapable=false mSubtypeHashCode=-1048384556
      InputMethodSubtype #49:
        mSubtypeNameOverride= mPkLanguageTag= mPkLayoutType= mSubtypeId=-842021973 mSubtypeLocale=mn_MN mSubtypeLanguageTag= mSubtypeMode=keyboard mIsAuxiliary=false mOverridesImplicitlyEnabledSubtype=false mIsAsciiCapable=false mSubtypeHashCode=-842021973
      InputMethodSubtype #50:
        mSubtypeNameOverride= mPkLanguageTag= mPkLayoutType= mSubtypeId=1954258691 mSubtypeLocale=mr_IN mSubtypeLanguageTag= mSubtypeMode=keyboard mIsAuxiliary=false mOverridesImplicitlyEnabledSubtype=false mIsAsciiCapable=false mSubtypeHashCode=1954258691
      InputMethodSubtype #51:
        mSubtypeNameOverride= mPkLanguageTag= mPkLayoutType= mSubtypeId=-2067235743 mSubtypeLocale=ms_MY mSubtypeLanguageTag= mSubtypeMode=keyboard mIsAuxiliary=false mOverridesImplicitlyEnabledSubtype=false mIsAsciiCapable=true mSubtypeHashCode=-2067235743
      InputMethodSubtype #52:
        mSubtypeNameOverride= mPkLanguageTag= mPkLayoutType= mSubtypeId=1058205204 mSubtypeLocale=nb mSubtypeLanguageTag= mSubtypeMode=keyboard mIsAuxiliary=false mOverridesImplicitlyEnabledSubtype=false mIsAsciiCapable=true mSubtypeHashCode=1058205204
      InputMethodSubtype #53:
        mSubtypeNameOverride= mPkLanguageTag= mPkLayoutType= mSubtypeId=-670413586 mSubtypeLocale=ne_NP mSubtypeLanguageTag= mSubtypeMode=keyboard mIsAuxiliary=false mOverridesImplicitlyEnabledSubtype=false mIsAsciiCapable=false mSubtypeHashCode=-670413586
      InputMethodSubtype #54:
        mSubtypeNameOverride= mPkLanguageTag= mPkLayoutType= mSubtypeId=1605364360 mSubtypeLocale=ne_NP mSubtypeLanguageTag= mSubtypeMode=keyboard mIsAuxiliary=false mOverridesImplicitlyEnabledSubtype=false mIsAsciiCapable=false mSubtypeHashCode=1605364360
      InputMethodSubtype #55:
        mSubtypeNameOverride= mPkLanguageTag= mPkLayoutType= mSubtypeId=1067440414 mSubtypeLocale=nl mSubtypeLanguageTag= mSubtypeMode=keyboard mIsAuxiliary=false mOverridesImplicitlyEnabledSubtype=false mIsAsciiCapable=true mSubtypeHashCode=1067440414
      InputMethodSubtype #56:
        mSubtypeNameOverride= mPkLanguageTag= mPkLayoutType= mSubtypeId=1343007020 mSubtypeLocale=nl_BE mSubtypeLanguageTag= mSubtypeMode=keyboard mIsAuxiliary=false mOverridesImplicitlyEnabledSubtype=false mIsAsciiCapable=true mSubtypeHashCode=1343007020
      InputMethodSubtype #57:
        mSubtypeNameOverride= mPkLanguageTag= mPkLayoutType= mSubtypeId=1124698716 mSubtypeLocale=pl mSubtypeLanguageTag= mSubtypeMode=keyboard mIsAuxiliary=false mOverridesImplicitlyEnabledSubtype=false mIsAsciiCapable=true mSubtypeHashCode=1124698716
      InputMethodSubtype #58:
        mSubtypeNameOverride= mPkLanguageTag= mPkLayoutType= mSubtypeId=-889195354 mSubtypeLocale=pt_BR mSubtypeLanguageTag= mSubtypeMode=keyboard mIsAuxiliary=false mOverridesImplicitlyEnabledSubtype=false mIsAsciiCapable=true mSubtypeHashCode=-889195354
      InputMethodSubtype #59:
        mSubtypeNameOverride= mPkLanguageTag= mPkLayoutType= mSubtypeId=-486540198 mSubtypeLocale=pt_PT mSubtypeLanguageTag= mSubtypeMode=keyboard mIsAuxiliary=false mOverridesImplicitlyEnabledSubtype=false mIsAsciiCapable=true mSubtypeHashCode=-486540198
      InputMethodSubtype #60:
        mSubtypeNameOverride= mPkLanguageTag= mPkLayoutType= mSubtypeId=-1927784072 mSubtypeLocale=ro mSubtypeLanguageTag= mSubtypeMode=keyboard mIsAuxiliary=false mOverridesImplicitlyEnabledSubtype=false mIsAsciiCapable=true mSubtypeHashCode=-1927784072
      InputMethodSubtype #61:
        mSubtypeNameOverride= mPkLanguageTag= mPkLayoutType= mSubtypeId=1983547218 mSubtypeLocale=ru mSubtypeLanguageTag= mSubtypeMode=keyboard mIsAuxiliary=false mOverridesImplicitlyEnabledSubtype=false mIsAsciiCapable=false mSubtypeHashCode=1983547218
      InputMethodSubtype #62:
        mSubtypeNameOverride= mPkLanguageTag= mPkLayoutType= mSubtypeId=-1902849005 mSubtypeLocale=sk mSubtypeLanguageTag= mSubtypeMode=keyboard mIsAuxiliary=false mOverridesImplicitlyEnabledSubtype=false mIsAsciiCapable=true mSubtypeHashCode=-1902849005
      InputMethodSubtype #63:
        mSubtypeNameOverride= mPkLanguageTag= mPkLayoutType= mSubtypeId=-1901925484 mSubtypeLocale=sl mSubtypeLanguageTag= mSubtypeMode=keyboard mIsAuxiliary=false mOverridesImplicitlyEnabledSubtype=false mIsAsciiCapable=true mSubtypeHashCode=-1901925484
      InputMethodSubtype #64:
        mSubtypeNameOverride= mPkLanguageTag= mPkLayoutType= mSubtypeId=2009405806 mSubtypeLocale=sr mSubtypeLanguageTag= mSubtypeMode=keyboard mIsAuxiliary=false mOverridesImplicitlyEnabledSubtype=false mIsAsciiCapable=false mSubtypeHashCode=2009405806
      InputMethodSubtype #65:
        mSubtypeNameOverride= mPkLanguageTag= mPkLayoutType= mSubtypeId=-190490980 mSubtypeLocale=sr_ZZ mSubtypeLanguageTag=sr-Latn mSubtypeMode=keyboard mIsAuxiliary=false mOverridesImplicitlyEnabledSubtype=false mIsAsciiCapable=true mSubtypeHashCode=-190490980
      InputMethodSubtype #66:
        mSubtypeNameOverride= mPkLanguageTag= mPkLayoutType= mSubtypeId=1219821379 mSubtypeLocale=sv mSubtypeLanguageTag= mSubtypeMode=keyboard mIsAuxiliary=false mOverridesImplicitlyEnabledSubtype=false mIsAsciiCapable=true mSubtypeHashCode=1219821379
      InputMethodSubtype #67:
        mSubtypeNameOverride= mPkLanguageTag= mPkLayoutType= mSubtypeId=-1891766753 mSubtypeLocale=sw mSubtypeLanguageTag= mSubtypeMode=keyboard mIsAuxiliary=false mOverridesImplicitlyEnabledSubtype=false mIsAsciiCapable=true mSubtypeHashCode=-1891766753
      InputMethodSubtype #68:
        mSubtypeNameOverride= mPkLanguageTag= mPkLayoutType= mSubtypeId=1739385386 mSubtypeLocale=ta_IN mSubtypeLanguageTag= mSubtypeMode=keyboard mIsAuxiliary=false mOverridesImplicitlyEnabledSubtype=false mIsAsciiCapable=false mSubtypeHashCode=1739385386
      InputMethodSubtype #69:
        mSubtypeNameOverride= mPkLanguageTag= mPkLayoutType= mSubtypeId=2019212249 mSubtypeLocale=ta_SG mSubtypeLanguageTag= mSubtypeMode=keyboard mIsAuxiliary=false mOverridesImplicitlyEnabledSubtype=false mIsAsciiCapable=false mSubtypeHashCode=2019212249
      InputMethodSubtype #70:
        mSubtypeNameOverride= mPkLanguageTag= mPkLayoutType= mSubtypeId=504853385 mSubtypeLocale=te_IN mSubtypeLanguageTag= mSubtypeMode=keyboard mIsAuxiliary=false mOverridesImplicitlyEnabledSubtype=false mIsAsciiCapable=false mSubtypeHashCode=504853385
      InputMethodSubtype #71:
        mSubtypeNameOverride= mPkLanguageTag= mPkLayoutType= mSubtypeId=529847764 mSubtypeLocale=th mSubtypeLanguageTag= mSubtypeMode=keyboard mIsAuxiliary=false mOverridesImplicitlyEnabledSubtype=false mIsAsciiCapable=false mSubtypeHashCode=529847764
      InputMethodSubtype #72:
        mSubtypeNameOverride= mPkLanguageTag= mPkLayoutType= mSubtypeId=-259881489 mSubtypeLocale=tl mSubtypeLanguageTag=fil mSubtypeMode=keyboard mIsAuxiliary=false mOverridesImplicitlyEnabledSubtype=false mIsAsciiCapable=true mSubtypeHashCode=-259881489
      InputMethodSubtype #73:
        mSubtypeNameOverride= mPkLanguageTag= mPkLayoutType= mSubtypeId=1244756446 mSubtypeLocale=tr mSubtypeLanguageTag= mSubtypeMode=keyboard mIsAuxiliary=false mOverridesImplicitlyEnabledSubtype=false mIsAsciiCapable=true mSubtypeHashCode=1244756446
      InputMethodSubtype #74:
        mSubtypeNameOverride= mPkLanguageTag= mPkLayoutType= mSubtypeId=1048856876 mSubtypeLocale=uk mSubtypeLanguageTag= mSubtypeMode=keyboard mIsAuxiliary=false mOverridesImplicitlyEnabledSubtype=false mIsAsciiCapable=false mSubtypeHashCode=1048856876
      InputMethodSubtype #75:
        mSubtypeNameOverride= mPkLanguageTag= mPkLayoutType= mSubtypeId=-1386416138 mSubtypeLocale=uz_UZ mSubtypeLanguageTag= mSubtypeMode=keyboard mIsAuxiliary=false mOverridesImplicitlyEnabledSubtype=false mIsAsciiCapable=true mSubtypeHashCode=-1386416138
      InputMethodSubtype #76:
        mSubtypeNameOverride= mPkLanguageTag= mPkLayoutType= mSubtypeId=-1818808594 mSubtypeLocale=vi mSubtypeLanguageTag= mSubtypeMode=keyboard mIsAuxiliary=false mOverridesImplicitlyEnabledSubtype=false mIsAsciiCapable=true mSubtypeHashCode=-1818808594
      InputMethodSubtype #77:
        mSubtypeNameOverride= mPkLanguageTag= mPkLayoutType= mSubtypeId=-1693209738 mSubtypeLocale=zu mSubtypeLanguageTag= mSubtypeMode=keyboard mIsAuxiliary=false mOverridesImplicitlyEnabledSubtype=false mIsAsciiCapable=true mSubtypeHashCode=-1693209738
      InputMethodSubtype #78:
        mSubtypeNameOverride= mPkLanguageTag= mPkLayoutType= mSubtypeId=-1573262419 mSubtypeLocale=zz mSubtypeLanguageTag= mSubtypeMode=keyboard mIsAuxiliary=false mOverridesImplicitlyEnabledSubtype=false mIsAsciiCapable=true mSubtypeHashCode=-1573262419
      InputMethodSubtype #79:
        mSubtypeNameOverride= mPkLanguageTag= mPkLayoutType= mSubtypeId=784412869 mSubtypeLocale=de mSubtypeLanguageTag= mSubtypeMode=keyboard mIsAuxiliary=false mOverridesImplicitlyEnabledSubtype=false mIsAsciiCapable=false mSubtypeHashCode=784412869
      InputMethodSubtype #80:
        mSubtypeNameOverride= mPkLanguageTag= mPkLayoutType= mSubtypeId=845917585 mSubtypeLocale=fr mSubtypeLanguageTag= mSubtypeMode=keyboard mIsAuxiliary=false mOverridesImplicitlyEnabledSubtype=false mIsAsciiCapable=false mSubtypeHashCode=845917585
  ClientStates:
  ClientState{f7c0e80 mUid=10123 mPid=939 mSelfReportedDisplayId=0}:
    client=com.android.server.inputmethod.IInputMethodClientInvoker@b3d5cb9
    fallbackInputConnection=com.android.internal.inputmethod.IRemoteInputConnection$Stub$Proxy@b7708fe
    sessionRequested=false
    sessionRequestedForAccessibility=false
    curSession=null
    selfReportedDisplayId=0
    uid=10123
    pid=939
  ClientState{6eac4a4 mUid=10148 mPid=5604 mSelfReportedDisplayId=0}:
    client=com.android.server.inputmethod.IInputMethodClientInvoker@e38f00d
    fallbackInputConnection=com.android.internal.inputmethod.IRemoteInputConnection$Stub$Proxy@e705bc2
    sessionRequested=false
    sessionRequestedForAccessibility=true
    curSession=SessionState{uid=10148 pid=5604 method=ce0b75 session=bd85dd3 channel=ClientState{6eac4a4 mUid=10148 mPid=5604 mSelfReportedDisplayId=0} (server)}
    selfReportedDisplayId=0
    uid=10148
    pid=5604
  ClientState{84c4d6d mUid=1000 mPid=1112 mSelfReportedDisplayId=0}:
    client=com.android.server.inputmethod.IInputMethodClientInvoker@54d2b7b
    fallbackInputConnection=com.android.internal.inputmethod.IRemoteInputConnection$Stub$Proxy@13d2d98
    sessionRequested=false
    sessionRequestedForAccessibility=false
    curSession=SessionState{uid=1000 pid=1112 method=ce0b75 session=680e9f1 channel=ClientState{84c4d6d mUid=1000 mPid=1112 mSelfReportedDisplayId=0} (server)}
    selfReportedDisplayId=0
    uid=1000
    pid=1112
  ClientState{fc7ce9e mUid=10071 mPid=4819 mSelfReportedDisplayId=0}:
    client=com.android.server.inputmethod.IInputMethodClientInvoker@3f20b7
    fallbackInputConnection=com.android.internal.inputmethod.IRemoteInputConnection$Stub$Proxy@b62e024
    sessionRequested=false
    sessionRequestedForAccessibility=false
    curSession=SessionState{uid=10071 pid=4819 method=ce0b75 session=93c978d channel=ClientState{fc7ce9e mUid=10071 mPid=4819 mSelfReportedDisplayId=0} (server)}
    selfReportedDisplayId=0
    uid=10071
    pid=4819
  ClientState{d9139d6 mUid=10110 mPid=1832 mSelfReportedDisplayId=0}:
    client=com.android.server.inputmethod.IInputMethodClientInvoker@7f90457
    fallbackInputConnection=com.android.internal.inputmethod.IRemoteInputConnection$Stub$Proxy@6a38b44
    sessionRequested=false
    sessionRequestedForAccessibility=false
    curSession=null
    selfReportedDisplayId=0
    uid=10110
    pid=1832
  ClientState{2a9342d mUid=1000 mPid=568 mSelfReportedDisplayId=0}:
    client=com.android.server.inputmethod.IInputMethodClientInvoker@7bf1d62
    fallbackInputConnection=RemoteInputConnectionImpl{connection=android.view.inputmethod.BaseInputConnection@31f8ef3 mDeactivateRequested=false mServedView=null}
    sessionRequested=false
    sessionRequestedForAccessibility=false
    curSession=null
    selfReportedDisplayId=0
    uid=1000
    pid=568
  ClientState{4f017b0 mUid=10069 mPid=1661 mSelfReportedDisplayId=0}:
    client=com.android.server.inputmethod.IInputMethodClientInvoker@391e629
    fallbackInputConnection=com.android.internal.inputmethod.IRemoteInputConnection$Stub$Proxy@5f5adae
    sessionRequested=false
    sessionRequestedForAccessibility=false
    curSession=null
    selfReportedDisplayId=0
    uid=10069
    pid=1661
  ClientState{5ea3d09 mUid=10120 mPid=1225 mSelfReportedDisplayId=0}:
    client=com.android.server.inputmethod.IInputMethodClientInvoker@71a274f
    fallbackInputConnection=com.android.internal.inputmethod.IRemoteInputConnection$Stub$Proxy@436fedc
    sessionRequested=false
    sessionRequestedForAccessibility=false
    curSession=SessionState{uid=10120 pid=1225 method=ce0b75 session=739bbe5 channel=ClientState{5ea3d09 mUid=10120 mPid=1225 mSelfReportedDisplayId=0} (server)}
    selfReportedDisplayId=0
    uid=10120
    pid=1225
  mCurrentUserId=0
  mCurMethodId=com.android.inputmethod.latin/.LatinIME
  mCurClient=ClientState{6eac4a4 mUid=10148 mPid=5604 mSelfReportedDisplayId=0} mCurSeq=33
  mFocusedWindowPerceptible={android.os.BinderProxy@bf81c04=true, android.os.BinderProxy@559ff3e=true, android.os.BinderProxy@bc495e=true, android.os.BinderProxy@ade01f6=true, android.os.BinderProxy@8a983bc=true, null=true, android.os.BinderProxy@2b7c0fc=true, android.os.BinderProxy@3c4a601=true, android.os.BinderProxy@a16edf0=true, android.os.BinderProxy@8b9ea41=true, android.os.BinderProxy@ccff0b0=true}
  mFocusedWindow()=android.os.BinderProxy@ccff0b0
  softInputMode=STATE_UNSPECIFIED|ADJUST_RESIZE
  mFocusedWindowClient=ClientState{6eac4a4 mUid=10148 mPid=5604 mSelfReportedDisplayId=0}
  mCurId=com.android.inputmethod.latin/.LatinIME mHaveConnection=true mBoundToMethod=true mVisibleBound=true
  mUserDataRepository=
    mUserId=0
      hasMainConnection=true
      isVisibleBound=true
  mCurToken=android.os.Binder@2d50937
  mCurTokenDisplayId=0
  mCurHostInputToken=null
  mCurIntent=Intent { act=android.view.InputMethod cmp=com.android.inputmethod.latin/.LatinIME (has extras) }
  mCurMethod=com.android.server.inputmethod.IInputMethodInvoker@2f2f6ba
  mEnabledSession=SessionState{uid=10148 pid=5604 method=ce0b75 session=bd85dd3 channel=ClientState{6eac4a4 mUid=10148 mPid=5604 mSelfReportedDisplayId=0} (server)}
  mRequestedShowExplicitly=true mShowForced=false
  mImeHiddenByDisplayPolicy=false
  mInputShown=true
  mInFullscreenMode=false
  mSystemReady=true mInteractive=true
  mExperimentalConcurrentMultiUserModeEnabled=false
  ENABLE_HIDE_IME_CAPTION_BAR=true
  mSettingsObserver=SettingsObserver{mUserId=0 mRegistered=true mLastEnabled=com.android.inputmethod.latin/.LatinIME}
  mStylusIds=[2, 3, 4, 5, 6, 7, 8, 9, 10, 11, 12]
  mSwitchingController:
    mSwitchingAwareRotationList:
      rank=0 item=ImeSubtypeListItem{mImeName=Android Keyboard (AOSP) mSubtypeName=English (US) mSubtypeId=0 mIsSystemLocale=false mIsSystemLanguage=false}
    mSwitchingUnawareRotationList:
  mStartInputHistory:
    StartInput #0:
      time=2026-09-10 03:22:33.657 (timestamp=24088) reason=SESSION_CREATED_BY_IME restarting=false
      imeToken=android.os.Binder@2d50937 [com.android.inputmethod.latin/.LatinIME] imeUserId=0 imeDisplayId=0
      targetWin=android.os.BinderProxy@821e5b3 [com.android.settings] targetUserId=0 targetDisplayId=0 clientBindSeq=2
      softInputMode=STATE_UNSPECIFIED|ADJUST_PAN
      inputType=0x0 imeOptions=0x0 fieldId=0x0 fieldName=null actionId=0 actionLabel=null
    StartInput #1:
      time=2026-09-10 03:22:35.443 (timestamp=25873) reason=SESSION_CREATED_BY_IME restarting=false
      imeToken=android.os.Binder@2d50937 [com.android.inputmethod.latin/.LatinIME] imeUserId=0 imeDisplayId=0
      targetWin=android.os.BinderProxy@8bdd5bd [com.android.launcher3] targetUserId=0 targetDisplayId=0 clientBindSeq=3
      softInputMode=STATE_UNSPECIFIED|ADJUST_NOTHING
      inputType=0x0 imeOptions=0x0 fieldId=0x0 fieldName=null actionId=0 actionLabel=null
    StartInput #2:
      time=2026-09-10 03:22:37.227 (timestamp=27658) reason=WINDOW_FOCUS_GAIN restarting=false
      imeToken=android.os.Binder@2d50937 [com.android.inputmethod.latin/.LatinIME] imeUserId=0 imeDisplayId=0
      targetWin=android.os.BinderProxy@559ff3e [com.android.launcher3] targetUserId=0 targetDisplayId=0 clientBindSeq=4
      softInputMode=STATE_UNSPECIFIED|ADJUST_NOTHING
      inputType=0x0 imeOptions=0x0 fieldId=0x0 fieldName=null actionId=0 actionLabel=null
    StartInput #3:
      time=2026-09-10 03:23:02.926 (timestamp=53357) reason=SESSION_CREATED_BY_IME restarting=false
      imeToken=android.os.Binder@2d50937 [com.android.inputmethod.latin/.LatinIME] imeUserId=0 imeDisplayId=0
      targetWin=android.os.BinderProxy@8b9ea41 [dev.partydeck.app] targetUserId=0 targetDisplayId=0 clientBindSeq=5
      softInputMode=STATE_UNSPECIFIED|ADJUST_RESIZE|IS_FORWARD_NAVIGATION
      inputType=0x0 imeOptions=0x0 fieldId=0x0 fieldName=null actionId=0 actionLabel=null
    StartInput #4:
      time=2026-09-10 03:23:34.912 (timestamp=85343) reason=WINDOW_FOCUS_GAIN restarting=false
      imeToken=android.os.Binder@2d50937 [com.android.inputmethod.latin/.LatinIME] imeUserId=0 imeDisplayId=0
      targetWin=android.os.BinderProxy@ade01f6 [dev.partydeck.app] targetUserId=0 targetDisplayId=0 clientBindSeq=6
      softInputMode=STATE_UNSPECIFIED|ADJUST_PAN
      inputType=0x0 imeOptions=0x0 fieldId=0x0 fieldName=null actionId=0 actionLabel=null
    StartInput #5:
      time=2026-09-10 03:23:37.045 (timestamp=87476) reason=WINDOW_FOCUS_GAIN restarting=false
      imeToken=android.os.Binder@2d50937 [com.android.inputmethod.latin/.LatinIME] imeUserId=0 imeDisplayId=0
      targetWin=android.os.BinderProxy@8b9ea41 [dev.partydeck.app] targetUserId=0 targetDisplayId=0 clientBindSeq=7
      softInputMode=STATE_UNSPECIFIED|ADJUST_RESIZE
      inputType=0x0 imeOptions=0x0 fieldId=0x0 fieldName=null actionId=0 actionLabel=null
    StartInput #6:
      time=2026-09-10 03:24:02.044 (timestamp=112475) reason=SESSION_CREATED_BY_IME restarting=false
      imeToken=android.os.Binder@2d50937 [com.android.inputmethod.latin/.LatinIME] imeUserId=0 imeDisplayId=0
      targetWin=android.os.BinderProxy@8a983bc [dev.partydeck.app] targetUserId=0 targetDisplayId=0 clientBindSeq=8
      softInputMode=STATE_UNSPECIFIED|ADJUST_RESIZE
      inputType=0x0 imeOptions=0x0 fieldId=0x0 fieldName=null actionId=0 actionLabel=null
    StartInput #7:
      time=2026-09-10 03:25:07.501 (timestamp=177932) reason=WINDOW_FOCUS_GAIN restarting=false
      imeToken=android.os.Binder@2d50937 [com.android.inputmethod.latin/.LatinIME] imeUserId=0 imeDisplayId=0
      targetWin=android.os.BinderProxy@559ff3e [com.android.launcher3] targetUserId=0 targetDisplayId=0 clientBindSeq=9
      softInputMode=STATE_UNSPECIFIED|ADJUST_NOTHING|IS_FORWARD_NAVIGATION
      inputType=0x0 imeOptions=0x0 fieldId=0x0 fieldName=null actionId=0 actionLabel=null
    StartInput #8:
      time=2026-09-10 03:25:09.731 (timestamp=180162) reason=WINDOW_FOCUS_GAIN restarting=false
      imeToken=android.os.Binder@2d50937 [com.android.inputmethod.latin/.LatinIME] imeUserId=0 imeDisplayId=0
      targetWin=android.os.BinderProxy@8a983bc [dev.partydeck.app] targetUserId=0 targetDisplayId=0 clientBindSeq=10
      softInputMode=STATE_UNSPECIFIED|ADJUST_RESIZE
      inputType=0x0 imeOptions=0x0 fieldId=0x0 fieldName=null actionId=0 actionLabel=null
    StartInput #9:
      time=2026-09-10 03:25:34.946 (timestamp=205377) reason=WINDOW_FOCUS_GAIN restarting=false
      imeToken=android.os.Binder@2d50937 [com.android.inputmethod.latin/.LatinIME] imeUserId=0 imeDisplayId=0
      targetWin=android.os.BinderProxy@2b7c0fc [dev.partydeck.app] targetUserId=0 targetDisplayId=0 clientBindSeq=11
      softInputMode=STATE_UNSPECIFIED|ADJUST_PAN
      inputType=0x0 imeOptions=0x0 fieldId=0x0 fieldName=null actionId=0 actionLabel=null
    StartInput #10:
      time=2026-09-10 03:25:36.943 (timestamp=207373) reason=WINDOW_FOCUS_GAIN restarting=false
      imeToken=android.os.Binder@2d50937 [com.android.inputmethod.latin/.LatinIME] imeUserId=0 imeDisplayId=0
      targetWin=android.os.BinderProxy@8a983bc [dev.partydeck.app] targetUserId=0 targetDisplayId=0 clientBindSeq=12
      softInputMode=STATE_UNSPECIFIED|ADJUST_RESIZE
      inputType=0x0 imeOptions=0x0 fieldId=0x0 fieldName=null actionId=0 actionLabel=null
    StartInput #11:
      time=2026-09-10 03:25:45.267 (timestamp=215697) reason=CHECK_FOCUS restarting=false
      imeToken=android.os.Binder@2d50937 [com.android.inputmethod.latin/.LatinIME] imeUserId=0 imeDisplayId=0
      targetWin=android.os.BinderProxy@8a983bc [dev.partydeck.app] targetUserId=0 targetDisplayId=0 clientBindSeq=13
      softInputMode=STATE_UNSPECIFIED|ADJUST_RESIZE
      inputType=0x2001 imeOptions=0x2000006 fieldId=0xffffffff fieldName=null actionId=0 actionLabel=null
    StartInput #12:
      time=2026-09-10 03:25:45.268 (timestamp=215699) reason=APP_CALLED_RESTART_INPUT_API restarting=true
      imeToken=android.os.Binder@2d50937 [com.android.inputmethod.latin/.LatinIME] imeUserId=0 imeDisplayId=0
      targetWin=android.os.BinderProxy@8a983bc [dev.partydeck.app] targetUserId=0 targetDisplayId=0 clientBindSeq=14
      softInputMode=STATE_UNSPECIFIED|ADJUST_RESIZE
      inputType=0x2001 imeOptions=0x2000006 fieldId=0xffffffff fieldName=null actionId=0 actionLabel=null
    StartInput #13:
      time=2026-09-10 03:25:57.609 (timestamp=228040) reason=APP_CALLED_RESTART_INPUT_API restarting=true
      imeToken=android.os.Binder@2d50937 [com.android.inputmethod.latin/.LatinIME] imeUserId=0 imeDisplayId=0
      targetWin=android.os.BinderProxy@8a983bc [dev.partydeck.app] targetUserId=0 targetDisplayId=0 clientBindSeq=15
      softInputMode=STATE_UNSPECIFIED|ADJUST_RESIZE
      inputType=0x0 imeOptions=0x0 fieldId=0x0 fieldName=null actionId=0 actionLabel=null
    StartInput #14:
      time=2026-09-10 03:26:02.452 (timestamp=232883) reason=WINDOW_FOCUS_GAIN restarting=false
      imeToken=android.os.Binder@2d50937 [com.android.inputmethod.latin/.LatinIME] imeUserId=0 imeDisplayId=0
      targetWin=android.os.BinderProxy@bf81c04 [dev.partydeck.app] targetUserId=0 targetDisplayId=0 clientBindSeq=16
      softInputMode=STATE_UNSPECIFIED|ADJUST_PAN
      inputType=0x0 imeOptions=0x0 fieldId=0x0 fieldName=null actionId=0 actionLabel=null
    StartInput #15:
      time=2026-09-10 03:26:11.988 (timestamp=242419) reason=SESSION_CREATED_BY_IME restarting=false
      imeToken=android.os.Binder@2d50937 [com.android.inputmethod.latin/.LatinIME] imeUserId=0 imeDisplayId=0
      targetWin=android.os.BinderProxy@a16edf0 [com.android.intentresolver] targetUserId=0 targetDisplayId=0 clientBindSeq=17
      softInputMode=STATE_UNSPECIFIED|ADJUST_RESIZE|IS_FORWARD_NAVIGATION
      inputType=0x0 imeOptions=0x0 fieldId=0x0 fieldName=null actionId=0 actionLabel=null
    StartInput #16:
      time=2026-09-10 03:26:14.580 (timestamp=245010) reason=WINDOW_FOCUS_GAIN restarting=false
      imeToken=android.os.Binder@2d50937 [com.android.inputmethod.latin/.LatinIME] imeUserId=0 imeDisplayId=0
      targetWin=android.os.BinderProxy@bf81c04 [dev.partydeck.app] targetUserId=0 targetDisplayId=0 clientBindSeq=18
      softInputMode=STATE_UNSPECIFIED|ADJUST_PAN
      inputType=0x0 imeOptions=0x0 fieldId=0x0 fieldName=null actionId=0 actionLabel=null
    StartInput #17:
      time=2026-09-10 03:26:16.791 (timestamp=247222) reason=WINDOW_FOCUS_GAIN restarting=false
      imeToken=android.os.Binder@2d50937 [com.android.inputmethod.latin/.LatinIME] imeUserId=0 imeDisplayId=0
      targetWin=android.os.BinderProxy@8a983bc [dev.partydeck.app] targetUserId=0 targetDisplayId=0 clientBindSeq=19
      softInputMode=STATE_UNSPECIFIED|ADJUST_RESIZE
      inputType=0x0 imeOptions=0x0 fieldId=0x0 fieldName=null actionId=0 actionLabel=null
    StartInput #18:
      time=2026-09-10 03:26:21.135 (timestamp=251566) reason=WINDOW_FOCUS_GAIN restarting=false
      imeToken=android.os.Binder@2d50937 [com.android.inputmethod.latin/.LatinIME] imeUserId=0 imeDisplayId=0
      targetWin=android.os.BinderProxy@bc495e [dev.partydeck.app] targetUserId=0 targetDisplayId=0 clientBindSeq=20
      softInputMode=STATE_UNSPECIFIED|ADJUST_PAN
      inputType=0x0 imeOptions=0x0 fieldId=0x0 fieldName=null actionId=0 actionLabel=null
    StartInput #19:
      time=2026-09-10 03:26:23.296 (timestamp=253727) reason=WINDOW_FOCUS_GAIN restarting=false
      imeToken=android.os.Binder@2d50937 [com.android.inputmethod.latin/.LatinIME] imeUserId=0 imeDisplayId=0
      targetWin=android.os.BinderProxy@8a983bc [dev.partydeck.app] targetUserId=0 targetDisplayId=0 clientBindSeq=21
      softInputMode=STATE_UNSPECIFIED|ADJUST_RESIZE
      inputType=0x0 imeOptions=0x0 fieldId=0x0 fieldName=null actionId=0 actionLabel=null
    StartInput #20:
      time=2026-09-10 03:26:31.628 (timestamp=262059) reason=CHECK_FOCUS restarting=false
      imeToken=android.os.Binder@2d50937 [com.android.inputmethod.latin/.LatinIME] imeUserId=0 imeDisplayId=0
      targetWin=android.os.BinderProxy@8a983bc [dev.partydeck.app] targetUserId=0 targetDisplayId=0 clientBindSeq=22
      softInputMode=STATE_UNSPECIFIED|ADJUST_RESIZE
      inputType=0x2001 imeOptions=0x2000005 fieldId=0xffffffff fieldName=null actionId=0 actionLabel=null
    StartInput #21:
      time=2026-09-10 03:26:31.629 (timestamp=262060) reason=APP_CALLED_RESTART_INPUT_API restarting=true
      imeToken=android.os.Binder@2d50937 [com.android.inputmethod.latin/.LatinIME] imeUserId=0 imeDisplayId=0
      targetWin=android.os.BinderProxy@8a983bc [dev.partydeck.app] targetUserId=0 targetDisplayId=0 clientBindSeq=23
      softInputMode=STATE_UNSPECIFIED|ADJUST_RESIZE
      inputType=0x2001 imeOptions=0x2000005 fieldId=0xffffffff fieldName=null actionId=0 actionLabel=null
    StartInput #22:
      time=2026-09-10 03:26:47.720 (timestamp=278151) reason=APP_CALLED_RESTART_INPUT_API restarting=true
      imeToken=android.os.Binder@2d50937 [com.android.inputmethod.latin/.LatinIME] imeUserId=0 imeDisplayId=0
      targetWin=android.os.BinderProxy@8a983bc [dev.partydeck.app] targetUserId=0 targetDisplayId=0 clientBindSeq=24
      softInputMode=STATE_UNSPECIFIED|ADJUST_RESIZE
      inputType=0x0 imeOptions=0x0 fieldId=0x0 fieldName=null actionId=0 actionLabel=null
    StartInput #23:
      time=2026-09-10 03:26:47.736 (timestamp=278166) reason=APP_CALLED_RESTART_INPUT_API restarting=true
      imeToken=android.os.Binder@2d50937 [com.android.inputmethod.latin/.LatinIME] imeUserId=0 imeDisplayId=0
      targetWin=android.os.BinderProxy@8a983bc [dev.partydeck.app] targetUserId=0 targetDisplayId=0 clientBindSeq=25
      softInputMode=STATE_UNSPECIFIED|ADJUST_RESIZE
      inputType=0x20011 imeOptions=0x2000006 fieldId=0xffffffff fieldName=null actionId=0 actionLabel=null
    StartInput #24:
      time=2026-09-10 03:26:59.066 (timestamp=289497) reason=APP_CALLED_RESTART_INPUT_API restarting=true
      imeToken=android.os.Binder@2d50937 [com.android.inputmethod.latin/.LatinIME] imeUserId=0 imeDisplayId=0
      targetWin=android.os.BinderProxy@8a983bc [dev.partydeck.app] targetUserId=0 targetDisplayId=0 clientBindSeq=26
      softInputMode=STATE_UNSPECIFIED|ADJUST_RESIZE
      inputType=0x0 imeOptions=0x0 fieldId=0x0 fieldName=null actionId=0 actionLabel=null
    StartInput #25:
      time=2026-09-10 03:27:03.444 (timestamp=293875) reason=APP_CALLED_RESTART_INPUT_API restarting=true
      imeToken=android.os.Binder@2d50937 [com.android.inputmethod.latin/.LatinIME] imeUserId=0 imeDisplayId=0
      targetWin=android.os.BinderProxy@8a983bc [dev.partydeck.app] targetUserId=0 targetDisplayId=0 clientBindSeq=27
      softInputMode=STATE_UNSPECIFIED|ADJUST_RESIZE
      inputType=0x20011 imeOptions=0x2000006 fieldId=0xffffffff fieldName=null actionId=0 actionLabel=null
    StartInput #26:
      time=2026-09-10 03:27:21.079 (timestamp=311510) reason=APP_CALLED_RESTART_INPUT_API restarting=true
      imeToken=android.os.Binder@2d50937 [com.android.inputmethod.latin/.LatinIME] imeUserId=0 imeDisplayId=0
      targetWin=android.os.BinderProxy@8a983bc [dev.partydeck.app] targetUserId=0 targetDisplayId=0 clientBindSeq=28
      softInputMode=STATE_UNSPECIFIED|ADJUST_RESIZE
      inputType=0x0 imeOptions=0x0 fieldId=0x0 fieldName=null actionId=0 actionLabel=null
    StartInput #27:
      time=2026-09-10 03:27:25.476 (timestamp=315907) reason=SESSION_CREATED_BY_IME restarting=false
      imeToken=android.os.Binder@2d50937 [com.android.inputmethod.latin/.LatinIME] imeUserId=0 imeDisplayId=0
      targetWin=android.os.BinderProxy@ccff0b0 [dev.partydeck.app] targetUserId=0 targetDisplayId=0 clientBindSeq=29
      softInputMode=STATE_UNSPECIFIED|ADJUST_RESIZE
      inputType=0x0 imeOptions=0x0 fieldId=0x0 fieldName=null actionId=0 actionLabel=null
    StartInput #28:
      time=2026-09-10 03:28:19.314 (timestamp=369745) reason=WINDOW_FOCUS_GAIN restarting=false
      imeToken=android.os.Binder@2d50937 [com.android.inputmethod.latin/.LatinIME] imeUserId=0 imeDisplayId=0
      targetWin=android.os.BinderProxy@3c4a601 [dev.partydeck.app] targetUserId=0 targetDisplayId=0 clientBindSeq=30
      softInputMode=STATE_UNSPECIFIED|ADJUST_PAN
      inputType=0x0 imeOptions=0x0 fieldId=0x0 fieldName=null actionId=0 actionLabel=null
    StartInput #29:
      time=2026-09-10 03:28:21.394 (timestamp=371825) reason=WINDOW_FOCUS_GAIN restarting=false
      imeToken=android.os.Binder@2d50937 [com.android.inputmethod.latin/.LatinIME] imeUserId=0 imeDisplayId=0
      targetWin=android.os.BinderProxy@ccff0b0 [dev.partydeck.app] targetUserId=0 targetDisplayId=0 clientBindSeq=31
      softInputMode=STATE_UNSPECIFIED|ADJUST_RESIZE
      inputType=0x0 imeOptions=0x0 fieldId=0x0 fieldName=null actionId=0 actionLabel=null
    StartInput #30:
      time=2026-09-10 03:28:40.071 (timestamp=390502) reason=CHECK_FOCUS restarting=false
      imeToken=android.os.Binder@2d50937 [com.android.inputmethod.latin/.LatinIME] imeUserId=0 imeDisplayId=0
      targetWin=android.os.BinderProxy@ccff0b0 [dev.partydeck.app] targetUserId=0 targetDisplayId=0 clientBindSeq=32
      softInputMode=STATE_UNSPECIFIED|ADJUST_RESIZE
      inputType=0x2001 imeOptions=0x2000005 fieldId=0xffffffff fieldName=null actionId=0 actionLabel=null
    StartInput #31:
      time=2026-09-10 03:28:40.072 (timestamp=390503) reason=APP_CALLED_RESTART_INPUT_API restarting=true
      imeToken=android.os.Binder@2d50937 [com.android.inputmethod.latin/.LatinIME] imeUserId=0 imeDisplayId=0
      targetWin=android.os.BinderProxy@ccff0b0 [dev.partydeck.app] targetUserId=0 targetDisplayId=0 clientBindSeq=33
      softInputMode=STATE_UNSPECIFIED|ADJUST_RESIZE
      inputType=0x2001 imeOptions=0x2000005 fieldId=0xffffffff fieldName=null actionId=0 actionLabel=null
  mSoftInputShowHideHistory:
    SoftInputShowHide #0:
      time=2026-09-10 03:25:45.272 (timestamp=215702)
      reason=SHOW_SOFT_INPUT_BY_INSETS_API inFullscreenMode=false
      requestClient=ClientState{d4014f0 mUid=10148 mPid=3473 mSelfReportedDisplayId=0}
      focusedWindowName=5b88f45 dev.partydeck.app/dev.partydeck.app.MainActivity
      requestWindowName=5b88f45 dev.partydeck.app/dev.partydeck.app.MainActivity
      imeControlTargetName=5b88f45 dev.partydeck.app/dev.partydeck.app.MainActivity
      imeTargetNameFromWm=5b88f45 dev.partydeck.app/dev.partydeck.app.MainActivity
      imeSurfaceParentName=Surface(name=ActivityRecord{4841339 u0 dev.partydeck.app/.MainActivity)/@0x3edba84
      editorInfo: inputType=0 privateImeOptions=null fieldId (viewId)=0
      focusedWindowSoftInputMode=STATE_UNSPECIFIED|ADJUST_RESIZE
    SoftInputShowHide #1:
      time=2026-09-10 03:25:45.309 (timestamp=215740)
      reason=SHOW_SOFT_INPUT inFullscreenMode=false
      requestClient=ClientState{d4014f0 mUid=10148 mPid=3473 mSelfReportedDisplayId=0}
      focusedWindowName=5b88f45 dev.partydeck.app/dev.partydeck.app.MainActivity
      requestWindowName=5b88f45 dev.partydeck.app/dev.partydeck.app.MainActivity
      imeControlTargetName=5b88f45 dev.partydeck.app/dev.partydeck.app.MainActivity
      imeTargetNameFromWm=5b88f45 dev.partydeck.app/dev.partydeck.app.MainActivity
      imeSurfaceParentName=Surface(name=ActivityRecord{4841339 u0 dev.partydeck.app/.MainActivity)/@0x3edba84
      editorInfo: inputType=0 privateImeOptions=null fieldId (viewId)=0
      focusedWindowSoftInputMode=STATE_UNSPECIFIED|ADJUST_RESIZE
    SoftInputShowHide #2:
      time=2026-09-10 03:25:55.291 (timestamp=225722)
      reason=HIDE_SOFT_INPUT_BY_BACK_KEY inFullscreenMode=false
      requestClient=ClientState{d4014f0 mUid=10148 mPid=3473 mSelfReportedDisplayId=0}
      focusedWindowName=5b88f45 dev.partydeck.app/dev.partydeck.app.MainActivity
      requestWindowName=5b88f45 dev.partydeck.app/dev.partydeck.app.MainActivity
      imeControlTargetName=5b88f45 dev.partydeck.app/dev.partydeck.app.MainActivity
      imeTargetNameFromWm=5b88f45 dev.partydeck.app/dev.partydeck.app.MainActivity
      imeSurfaceParentName=Surface(name=ActivityRecord{4841339 u0 dev.partydeck.app/.MainActivity)/@0x3edba84
      editorInfo: inputType=0 privateImeOptions=null fieldId (viewId)=0
      focusedWindowSoftInputMode=STATE_UNSPECIFIED|ADJUST_RESIZE
    SoftInputShowHide #3:
      time=2026-09-10 03:26:31.632 (timestamp=262063)
      reason=SHOW_SOFT_INPUT_BY_INSETS_API inFullscreenMode=false
      requestClient=ClientState{d4014f0 mUid=10148 mPid=3473 mSelfReportedDisplayId=0}
      focusedWindowName=5b88f45 dev.partydeck.app/dev.partydeck.app.MainActivity
      requestWindowName=5b88f45 dev.partydeck.app/dev.partydeck.app.MainActivity
      imeControlTargetName=5b88f45 dev.partydeck.app/dev.partydeck.app.MainActivity
      imeTargetNameFromWm=5b88f45 dev.partydeck.app/dev.partydeck.app.MainActivity
      imeSurfaceParentName=Surface(name=ActivityRecord{4841339 u0 dev.partydeck.app/.MainActivity)/@0x3edba84
      editorInfo: inputType=0 privateImeOptions=null fieldId (viewId)=0
      focusedWindowSoftInputMode=STATE_UNSPECIFIED|ADJUST_RESIZE
    SoftInputShowHide #4:
      time=2026-09-10 03:26:31.648 (timestamp=262079)
      reason=SHOW_SOFT_INPUT inFullscreenMode=false
      requestClient=ClientState{d4014f0 mUid=10148 mPid=3473 mSelfReportedDisplayId=0}
      focusedWindowName=5b88f45 dev.partydeck.app/dev.partydeck.app.MainActivity
      requestWindowName=5b88f45 dev.partydeck.app/dev.partydeck.app.MainActivity
      imeControlTargetName=5b88f45 dev.partydeck.app/dev.partydeck.app.MainActivity
      imeTargetNameFromWm=5b88f45 dev.partydeck.app/dev.partydeck.app.MainActivity
      imeSurfaceParentName=Surface(name=ActivityRecord{4841339 u0 dev.partydeck.app/.MainActivity)/@0x3edba84
      editorInfo: inputType=0 privateImeOptions=null fieldId (viewId)=0
      focusedWindowSoftInputMode=STATE_UNSPECIFIED|ADJUST_RESIZE
    SoftInputShowHide #5:
      time=2026-09-10 03:26:45.415 (timestamp=275846)
      reason=HIDE_SOFT_INPUT_BY_BACK_KEY inFullscreenMode=false
      requestClient=ClientState{d4014f0 mUid=10148 mPid=3473 mSelfReportedDisplayId=0}
      focusedWindowName=5b88f45 dev.partydeck.app/dev.partydeck.app.MainActivity
      requestWindowName=5b88f45 dev.partydeck.app/dev.partydeck.app.MainActivity
      imeControlTargetName=5b88f45 dev.partydeck.app/dev.partydeck.app.MainActivity
      imeTargetNameFromWm=5b88f45 dev.partydeck.app/dev.partydeck.app.MainActivity
      imeSurfaceParentName=Surface(name=ActivityRecord{4841339 u0 dev.partydeck.app/.MainActivity)/@0x3edba84
      editorInfo: inputType=0 privateImeOptions=null fieldId (viewId)=0
      focusedWindowSoftInputMode=STATE_UNSPECIFIED|ADJUST_RESIZE
    SoftInputShowHide #6:
      time=2026-09-10 03:26:47.741 (timestamp=278172)
      reason=SHOW_SOFT_INPUT_BY_INSETS_API inFullscreenMode=false
      requestClient=ClientState{d4014f0 mUid=10148 mPid=3473 mSelfReportedDisplayId=0}
      focusedWindowName=5b88f45 dev.partydeck.app/dev.partydeck.app.MainActivity
      requestWindowName=5b88f45 dev.partydeck.app/dev.partydeck.app.MainActivity
      imeControlTargetName=5b88f45 dev.partydeck.app/dev.partydeck.app.MainActivity
      imeTargetNameFromWm=5b88f45 dev.partydeck.app/dev.partydeck.app.MainActivity
      imeSurfaceParentName=Surface(name=ActivityRecord{4841339 u0 dev.partydeck.app/.MainActivity)/@0x3edba84
      editorInfo: inputType=0 privateImeOptions=null fieldId (viewId)=0
      focusedWindowSoftInputMode=STATE_UNSPECIFIED|ADJUST_RESIZE
    SoftInputShowHide #7:
      time=2026-09-10 03:26:47.763 (timestamp=278193)
      reason=SHOW_SOFT_INPUT inFullscreenMode=false
      requestClient=ClientState{d4014f0 mUid=10148 mPid=3473 mSelfReportedDisplayId=0}
      focusedWindowName=5b88f45 dev.partydeck.app/dev.partydeck.app.MainActivity
      requestWindowName=5b88f45 dev.partydeck.app/dev.partydeck.app.MainActivity
      imeControlTargetName=5b88f45 dev.partydeck.app/dev.partydeck.app.MainActivity
      imeTargetNameFromWm=5b88f45 dev.partydeck.app/dev.partydeck.app.MainActivity
      imeSurfaceParentName=Surface(name=ActivityRecord{4841339 u0 dev.partydeck.app/.MainActivity)/@0x3edba84
      editorInfo: inputType=0 privateImeOptions=null fieldId (viewId)=0
      focusedWindowSoftInputMode=STATE_UNSPECIFIED|ADJUST_RESIZE
    SoftInputShowHide #8:
      time=2026-09-10 03:26:56.802 (timestamp=287233)
      reason=HIDE_SOFT_INPUT_BY_BACK_KEY inFullscreenMode=false
      requestClient=ClientState{d4014f0 mUid=10148 mPid=3473 mSelfReportedDisplayId=0}
      focusedWindowName=5b88f45 dev.partydeck.app/dev.partydeck.app.MainActivity
      requestWindowName=5b88f45 dev.partydeck.app/dev.partydeck.app.MainActivity
      imeControlTargetName=5b88f45 dev.partydeck.app/dev.partydeck.app.MainActivity
      imeTargetNameFromWm=5b88f45 dev.partydeck.app/dev.partydeck.app.MainActivity
      imeSurfaceParentName=Surface(name=ActivityRecord{4841339 u0 dev.partydeck.app/.MainActivity)/@0x3edba84
      editorInfo: inputType=0 privateImeOptions=null fieldId (viewId)=0
      focusedWindowSoftInputMode=STATE_UNSPECIFIED|ADJUST_RESIZE
    SoftInputShowHide #9:
      time=2026-09-10 03:27:03.446 (timestamp=293877)
      reason=SHOW_SOFT_INPUT_BY_INSETS_API inFullscreenMode=false
      requestClient=ClientState{d4014f0 mUid=10148 mPid=3473 mSelfReportedDisplayId=0}
      focusedWindowName=5b88f45 dev.partydeck.app/dev.partydeck.app.MainActivity
      requestWindowName=5b88f45 dev.partydeck.app/dev.partydeck.app.MainActivity
      imeControlTargetName=5b88f45 dev.partydeck.app/dev.partydeck.app.MainActivity
      imeTargetNameFromWm=5b88f45 dev.partydeck.app/dev.partydeck.app.MainActivity
      imeSurfaceParentName=Surface(name=ActivityRecord{4841339 u0 dev.partydeck.app/.MainActivity)/@0x3edba84
      editorInfo: inputType=0 privateImeOptions=null fieldId (viewId)=0
      focusedWindowSoftInputMode=STATE_UNSPECIFIED|ADJUST_RESIZE
    SoftInputShowHide #10:
      time=2026-09-10 03:27:03.458 (timestamp=293889)
      reason=SHOW_SOFT_INPUT inFullscreenMode=false
      requestClient=ClientState{d4014f0 mUid=10148 mPid=3473 mSelfReportedDisplayId=0}
      focusedWindowName=5b88f45 dev.partydeck.app/dev.partydeck.app.MainActivity
      requestWindowName=5b88f45 dev.partydeck.app/dev.partydeck.app.MainActivity
      imeControlTargetName=5b88f45 dev.partydeck.app/dev.partydeck.app.MainActivity
      imeTargetNameFromWm=5b88f45 dev.partydeck.app/dev.partydeck.app.MainActivity
      imeSurfaceParentName=Surface(name=ActivityRecord{4841339 u0 dev.partydeck.app/.MainActivity)/@0x3edba84
      editorInfo: inputType=0 privateImeOptions=null fieldId (viewId)=0
      focusedWindowSoftInputMode=STATE_UNSPECIFIED|ADJUST_RESIZE
    SoftInputShowHide #11:
      time=2026-09-10 03:27:12.749 (timestamp=303180)
      reason=HIDE_SOFT_INPUT_BY_BACK_KEY inFullscreenMode=false
      requestClient=ClientState{d4014f0 mUid=10148 mPid=3473 mSelfReportedDisplayId=0}
      focusedWindowName=5b88f45 dev.partydeck.app/dev.partydeck.app.MainActivity
      requestWindowName=5b88f45 dev.partydeck.app/dev.partydeck.app.MainActivity
      imeControlTargetName=5b88f45 dev.partydeck.app/dev.partydeck.app.MainActivity
      imeTargetNameFromWm=5b88f45 dev.partydeck.app/dev.partydeck.app.MainActivity
      imeSurfaceParentName=Surface(name=ActivityRecord{4841339 u0 dev.partydeck.app/.MainActivity)/@0x3edba84
      editorInfo: inputType=0 privateImeOptions=null fieldId (viewId)=0
      focusedWindowSoftInputMode=STATE_UNSPECIFIED|ADJUST_RESIZE
    SoftInputShowHide #12:
      time=2026-09-10 03:28:40.075 (timestamp=390506)
      reason=SHOW_SOFT_INPUT_BY_INSETS_API inFullscreenMode=false
      requestClient=ClientState{6eac4a4 mUid=10148 mPid=5604 mSelfReportedDisplayId=0}
      focusedWindowName=7ff4b29 dev.partydeck.app/dev.partydeck.app.MainActivity
      requestWindowName=7ff4b29 dev.partydeck.app/dev.partydeck.app.MainActivity
      imeControlTargetName=7ff4b29 dev.partydeck.app/dev.partydeck.app.MainActivity
      imeTargetNameFromWm=7ff4b29 dev.partydeck.app/dev.partydeck.app.MainActivity
      imeSurfaceParentName=Surface(name=ActivityRecord{501d966 u0 dev.partydeck.app/.MainActivity)/@0x7489181
      editorInfo: inputType=0 privateImeOptions=null fieldId (viewId)=0
      focusedWindowSoftInputMode=STATE_UNSPECIFIED|ADJUST_RESIZE
    SoftInputShowHide #13:
      time=2026-09-10 03:28:40.107 (timestamp=390537)
      reason=SHOW_SOFT_INPUT inFullscreenMode=false
      requestClient=ClientState{6eac4a4 mUid=10148 mPid=5604 mSelfReportedDisplayId=0}
      focusedWindowName=7ff4b29 dev.partydeck.app/dev.partydeck.app.MainActivity
      requestWindowName=7ff4b29 dev.partydeck.app/dev.partydeck.app.MainActivity
      imeControlTargetName=7ff4b29 dev.partydeck.app/dev.partydeck.app.MainActivity
      imeTargetNameFromWm=7ff4b29 dev.partydeck.app/dev.partydeck.app.MainActivity
      imeSurfaceParentName=Surface(name=ActivityRecord{501d966 u0 dev.partydeck.app/.MainActivity)/@0x7489181
      editorInfo: inputType=0 privateImeOptions=null fieldId (viewId)=0
      focusedWindowSoftInputMode=STATE_UNSPECIFIED|ADJUST_RESIZE
  mImeTrackerService#History:
    mLiveEntries: 0 elements
    mEntries: 45 elements
      #0 TYPE_HIDE - STATUS_CANCEL - com.android.settings:d27a1e7e (0ms):
        startTime=2026-09-10 03:22:30.879 ORIGIN_SERVER
        reason=HIDE_UNSPECIFIED_WINDOW PHASE_SERVER_SHOULD_HIDE
        requestWindowName=not set
      #1 TYPE_HIDE - STATUS_CANCEL - com.android.settings:a18490eb (0ms):
        startTime=2026-09-10 03:22:31.203 ORIGIN_SERVER
        reason=HIDE_UNSPECIFIED_WINDOW PHASE_SERVER_SHOULD_HIDE
        requestWindowName=not set
      #2 TYPE_HIDE - STATUS_CANCEL - com.android.launcher3:32c13999 (1ms):
        startTime=2026-09-10 03:22:35.433 ORIGIN_SERVER
        reason=HIDE_UNSPECIFIED_WINDOW PHASE_SERVER_SHOULD_HIDE
        requestWindowName=not set
      #3 TYPE_HIDE - STATUS_CANCEL - com.android.launcher3:64358620 (0ms):
        startTime=2026-09-10 03:22:37.227 ORIGIN_SERVER
        reason=HIDE_UNSPECIFIED_WINDOW PHASE_SERVER_SHOULD_HIDE
        requestWindowName=not set
      #4 TYPE_HIDE - STATUS_CANCEL - dev.partydeck.app:6dfb590 (0ms):
        startTime=2026-09-10 03:23:02.916 ORIGIN_SERVER
        reason=HIDE_UNSPECIFIED_WINDOW PHASE_SERVER_SHOULD_HIDE
        requestWindowName=not set
      #5 TYPE_HIDE - STATUS_CANCEL - dev.partydeck.app:388b2856 (0ms):
        startTime=2026-09-10 03:23:34.911 ORIGIN_SERVER
        reason=HIDE_UNSPECIFIED_WINDOW PHASE_SERVER_SHOULD_HIDE
        requestWindowName=not set
      #6 TYPE_HIDE - STATUS_CANCEL - dev.partydeck.app:96b6397e (0ms):
        startTime=2026-09-10 03:23:37.045 ORIGIN_SERVER
        reason=HIDE_UNSPECIFIED_WINDOW PHASE_SERVER_SHOULD_HIDE
        requestWindowName=not set
      #7 TYPE_HIDE - STATUS_CANCEL - dev.partydeck.app:49603de0 (0ms):
        startTime=2026-09-10 03:24:00.258 ORIGIN_SERVER
        reason=HIDE_REMOVE_CLIENT PHASE_SERVER_SHOULD_HIDE
        requestWindowName=not set
      #8 TYPE_HIDE - STATUS_CANCEL - dev.partydeck.app:3667d412 (0ms):
        startTime=2026-09-10 03:24:02.043 ORIGIN_SERVER
        reason=HIDE_UNSPECIFIED_WINDOW PHASE_SERVER_SHOULD_HIDE
        requestWindowName=not set
      #9 TYPE_HIDE - STATUS_CANCEL - com.android.launcher3:34ce0e26 (3ms):
        startTime=2026-09-10 03:25:07.498 ORIGIN_SERVER
        reason=HIDE_UNSPECIFIED_WINDOW PHASE_SERVER_SHOULD_HIDE
        requestWindowName=not set
      #10 TYPE_HIDE - STATUS_CANCEL - dev.partydeck.app:4290443a (0ms):
        startTime=2026-09-10 03:25:09.731 ORIGIN_SERVER
        reason=HIDE_UNSPECIFIED_WINDOW PHASE_SERVER_SHOULD_HIDE
        requestWindowName=not set
      #11 TYPE_HIDE - STATUS_CANCEL - dev.partydeck.app:8404192c (0ms):
        startTime=2026-09-10 03:25:34.946 ORIGIN_SERVER
        reason=HIDE_UNSPECIFIED_WINDOW PHASE_SERVER_SHOULD_HIDE
        requestWindowName=not set
      #12 TYPE_HIDE - STATUS_CANCEL - dev.partydeck.app:37de03c3 (0ms):
        startTime=2026-09-10 03:25:36.942 ORIGIN_SERVER
        reason=HIDE_UNSPECIFIED_WINDOW PHASE_SERVER_SHOULD_HIDE
        requestWindowName=not set
      #13 TYPE_SHOW - STATUS_CANCEL - dev.partydeck.app:65c429ac (744ms):
        startTime=2026-09-10 03:25:45.268 ORIGIN_CLIENT
        reason=SHOW_SOFT_INPUT_BY_INSETS_API PHASE_WM_SHOW_IME_RUNNER
        requestWindowName=5b88f45 dev.partydeck.app/dev.partydeck.app.MainActivity
      #14 TYPE_SHOW - STATUS_SUCCESS - dev.partydeck.app:423ddbc (786ms):
        startTime=2026-09-10 03:25:45.306 ORIGIN_CLIENT
        reason=SHOW_SOFT_INPUT PHASE_CLIENT_ANIMATION_FINISHED_SHOW
        requestWindowName=5b88f45 dev.partydeck.app/dev.partydeck.app.MainActivity
      #16 TYPE_HIDE - STATUS_CANCEL - dev.partydeck.app:1f7f2921 (1ms):
        startTime=2026-09-10 03:25:55.331 ORIGIN_CLIENT
        reason=HIDE_SOFT_INPUT_ON_ANIMATION_STATE_CHANGED PHASE_SERVER_SHOULD_HIDE
        requestWindowName=not set
      #15 TYPE_HIDE - STATUS_SUCCESS - com.android.inputmethod.latin:f74074db (45ms):
        startTime=2026-09-10 03:25:55.290 ORIGIN_IME
        reason=HIDE_SOFT_INPUT_BY_BACK_KEY PHASE_CLIENT_ANIMATION_FINISHED_HIDE
        requestWindowName=5b88f45 dev.partydeck.app/dev.partydeck.app.MainActivity
      #17 TYPE_HIDE - STATUS_CANCEL - dev.partydeck.app:e7bf27c1 (1ms):
        startTime=2026-09-10 03:25:57.607 ORIGIN_CLIENT
        reason=HIDE_SOFT_INPUT_BY_INSETS_API PHASE_CLIENT_APPLY_ANIMATION
        requestWindowName=not set
      #18 TYPE_HIDE - STATUS_CANCEL - dev.partydeck.app:3c69c38e (0ms):
        startTime=2026-09-10 03:26:02.452 ORIGIN_SERVER
        reason=HIDE_UNSPECIFIED_WINDOW PHASE_SERVER_SHOULD_HIDE
        requestWindowName=not set
      #19 TYPE_HIDE - STATUS_CANCEL - com.android.intentresolver:e6662047 (0ms):
        startTime=2026-09-10 03:26:11.981 ORIGIN_SERVER
        reason=HIDE_UNSPECIFIED_WINDOW PHASE_SERVER_SHOULD_HIDE
        requestWindowName=not set
      #20 TYPE_HIDE - STATUS_CANCEL - dev.partydeck.app:d7eba950 (1ms):
        startTime=2026-09-10 03:26:14.578 ORIGIN_SERVER
        reason=HIDE_UNSPECIFIED_WINDOW PHASE_SERVER_SHOULD_HIDE
        requestWindowName=not set
      #21 TYPE_HIDE - STATUS_CANCEL - dev.partydeck.app:3a12edf5 (0ms):
        startTime=2026-09-10 03:26:16.791 ORIGIN_SERVER
        reason=HIDE_UNSPECIFIED_WINDOW PHASE_SERVER_SHOULD_HIDE
        requestWindowName=not set
      #22 TYPE_HIDE - STATUS_CANCEL - dev.partydeck.app:f7c16fe3 (1ms):
        startTime=2026-09-10 03:26:21.134 ORIGIN_SERVER
        reason=HIDE_UNSPECIFIED_WINDOW PHASE_SERVER_SHOULD_HIDE
        requestWindowName=not set
      #23 TYPE_HIDE - STATUS_CANCEL - dev.partydeck.app:dfea12d7 (0ms):
        startTime=2026-09-10 03:26:23.296 ORIGIN_SERVER
        reason=HIDE_UNSPECIFIED_WINDOW PHASE_SERVER_SHOULD_HIDE
        requestWindowName=not set
      #24 TYPE_SHOW - STATUS_CANCEL - dev.partydeck.app:dcc05970 (276ms):
        startTime=2026-09-10 03:26:31.628 ORIGIN_CLIENT
        reason=SHOW_SOFT_INPUT_BY_INSETS_API PHASE_WM_SHOW_IME_RUNNER
        requestWindowName=5b88f45 dev.partydeck.app/dev.partydeck.app.MainActivity
      #25 TYPE_SHOW - STATUS_SUCCESS - dev.partydeck.app:df9e8724 (480ms):
        startTime=2026-09-10 03:26:31.645 ORIGIN_CLIENT
        reason=SHOW_SOFT_INPUT PHASE_CLIENT_ANIMATION_FINISHED_SHOW
        requestWindowName=5b88f45 dev.partydeck.app/dev.partydeck.app.MainActivity
      #26 TYPE_HIDE - STATUS_SUCCESS - com.android.inputmethod.latin:e2e237cc (55ms):
        startTime=2026-09-10 03:26:45.415 ORIGIN_IME
        reason=HIDE_SOFT_INPUT_BY_BACK_KEY PHASE_CLIENT_ANIMATION_FINISHED_HIDE
        requestWindowName=5b88f45 dev.partydeck.app/dev.partydeck.app.MainActivity
      #27 TYPE_HIDE - STATUS_CANCEL - dev.partydeck.app:fcfeec95 (29ms):
        startTime=2026-09-10 03:26:45.460 ORIGIN_CLIENT
        reason=HIDE_SOFT_INPUT_ON_ANIMATION_STATE_CHANGED PHASE_SERVER_SHOULD_HIDE
        requestWindowName=not set
      #28 TYPE_HIDE - STATUS_CANCEL - dev.partydeck.app:c6024458 (0ms):
        startTime=2026-09-10 03:26:47.719 ORIGIN_CLIENT
        reason=HIDE_SOFT_INPUT_BY_INSETS_API PHASE_CLIENT_APPLY_ANIMATION
        requestWindowName=not set
      #30 TYPE_SHOW - STATUS_CANCEL - dev.partydeck.app:113c9668 (255ms):
        startTime=2026-09-10 03:26:47.760 ORIGIN_CLIENT
        reason=SHOW_SOFT_INPUT PHASE_CLIENT_APPLY_ANIMATION
        requestWindowName=5b88f45 dev.partydeck.app/dev.partydeck.app.MainActivity
      #29 TYPE_SHOW - STATUS_SUCCESS - dev.partydeck.app:be2911f2 (280ms):
        startTime=2026-09-10 03:26:47.736 ORIGIN_CLIENT
        reason=SHOW_SOFT_INPUT_BY_INSETS_API PHASE_CLIENT_ANIMATION_FINISHED_SHOW
        requestWindowName=5b88f45 dev.partydeck.app/dev.partydeck.app.MainActivity
      #32 TYPE_HIDE - STATUS_CANCEL - dev.partydeck.app:61b0b615 (5ms):
        startTime=2026-09-10 03:26:56.844 ORIGIN_CLIENT
        reason=HIDE_SOFT_INPUT_ON_ANIMATION_STATE_CHANGED PHASE_SERVER_SHOULD_HIDE
        requestWindowName=not set
      #31 TYPE_HIDE - STATUS_SUCCESS - com.android.inputmethod.latin:7ea314e6 (48ms):
        startTime=2026-09-10 03:26:56.802 ORIGIN_IME
        reason=HIDE_SOFT_INPUT_BY_BACK_KEY PHASE_CLIENT_ANIMATION_FINISHED_HIDE
        requestWindowName=5b88f45 dev.partydeck.app/dev.partydeck.app.MainActivity
      #33 TYPE_HIDE - STATUS_CANCEL - dev.partydeck.app:669cc353 (0ms):
        startTime=2026-09-10 03:26:59.065 ORIGIN_CLIENT
        reason=HIDE_SOFT_INPUT_BY_INSETS_API PHASE_CLIENT_APPLY_ANIMATION
        requestWindowName=not set
      #34 TYPE_SHOW - STATUS_CANCEL - dev.partydeck.app:e0abb32c (331ms):
        startTime=2026-09-10 03:27:03.444 ORIGIN_CLIENT
        reason=SHOW_SOFT_INPUT_BY_INSETS_API PHASE_WM_SHOW_IME_RUNNER
        requestWindowName=5b88f45 dev.partydeck.app/dev.partydeck.app.MainActivity
      #35 TYPE_SHOW - STATUS_SUCCESS - dev.partydeck.app:9fcdf731 (356ms):
        startTime=2026-09-10 03:27:03.457 ORIGIN_CLIENT
        reason=SHOW_SOFT_INPUT PHASE_CLIENT_ANIMATION_FINISHED_SHOW
        requestWindowName=5b88f45 dev.partydeck.app/dev.partydeck.app.MainActivity
      #37 TYPE_HIDE - STATUS_CANCEL - dev.partydeck.app:f81817eb (4ms):
        startTime=2026-09-10 03:27:12.782 ORIGIN_CLIENT
        reason=HIDE_SOFT_INPUT_ON_ANIMATION_STATE_CHANGED PHASE_SERVER_SHOULD_HIDE
        requestWindowName=not set
      #36 TYPE_HIDE - STATUS_SUCCESS - com.android.inputmethod.latin:7f6326ba (41ms):
        startTime=2026-09-10 03:27:12.748 ORIGIN_IME
        reason=HIDE_SOFT_INPUT_BY_BACK_KEY PHASE_CLIENT_ANIMATION_FINISHED_HIDE
        requestWindowName=5b88f45 dev.partydeck.app/dev.partydeck.app.MainActivity
      #38 TYPE_HIDE - STATUS_CANCEL - dev.partydeck.app:f3109af6 (1ms):
        startTime=2026-09-10 03:27:21.078 ORIGIN_CLIENT
        reason=HIDE_SOFT_INPUT_BY_INSETS_API PHASE_CLIENT_APPLY_ANIMATION
        requestWindowName=not set
      #39 TYPE_HIDE - STATUS_CANCEL - dev.partydeck.app:db0fdd29 (0ms):
        startTime=2026-09-10 03:27:23.243 ORIGIN_SERVER
        reason=HIDE_REMOVE_CLIENT PHASE_SERVER_SHOULD_HIDE
        requestWindowName=not set
      #40 TYPE_HIDE - STATUS_CANCEL - dev.partydeck.app:86853eb3 (0ms):
        startTime=2026-09-10 03:27:25.468 ORIGIN_SERVER
        reason=HIDE_UNSPECIFIED_WINDOW PHASE_SERVER_SHOULD_HIDE
        requestWindowName=not set
      #41 TYPE_HIDE - STATUS_CANCEL - dev.partydeck.app:cd468d6e (1ms):
        startTime=2026-09-10 03:28:19.313 ORIGIN_SERVER
        reason=HIDE_UNSPECIFIED_WINDOW PHASE_SERVER_SHOULD_HIDE
        requestWindowName=not set
      #42 TYPE_HIDE - STATUS_CANCEL - dev.partydeck.app:36bfc0ae (0ms):
        startTime=2026-09-10 03:28:21.394 ORIGIN_SERVER
        reason=HIDE_UNSPECIFIED_WINDOW PHASE_SERVER_SHOULD_HIDE
        requestWindowName=not set
      #44 TYPE_SHOW - STATUS_CANCEL - dev.partydeck.app:131172a3 (592ms):
        startTime=2026-09-10 03:28:40.106 ORIGIN_CLIENT
        reason=SHOW_SOFT_INPUT PHASE_CLIENT_APPLY_ANIMATION
        requestWindowName=7ff4b29 dev.partydeck.app/dev.partydeck.app.MainActivity
      #43 TYPE_SHOW - STATUS_SUCCESS - dev.partydeck.app:68a0ca6b (668ms):
        startTime=2026-09-10 03:28:40.073 ORIGIN_CLIENT
        reason=SHOW_SOFT_INPUT_BY_INSETS_API PHASE_CLIENT_ANIMATION_FINISHED_SHOW
        requestWindowName=7ff4b29 dev.partydeck.app/dev.partydeck.app.MainActivity
 
Input method client state for android.view.inputmethod.InputMethodManager@b085b4e:
  mFallbackInputConnection=RemoteInputConnectionImpl{connection=android.view.inputmethod.BaseInputConnection@ab4d46f mDeactivateRequested=false mServedView=null}
  mActive=true mRestartOnNextWindowFocus=false mBindSequence=33 mCurImeId=com.android.inputmethod.latin/.LatinIME
  mFullscreenMode=false
  mCurMethod=com.android.internal.inputmethod.IInputMethodSession$Stub$Proxy@492757c
  mCurRootView=android.view.ViewRootImpl@c0ffe05
  mServedView=androidx.compose.ui.platform.AndroidComposeView{aabecf8 VFED..... .F...... 0,0-720,1600 aid=1073741824}
  mNextServedView=androidx.compose.ui.platform.AndroidComposeView{aabecf8 VFED..... .F...... 0,0-720,1600 aid=1073741824}
  mServedConnecting=false
  mCurrentEditorInfo:
    inputType=0x2001 imeOptions=0x2000005 privateImeOptions=null
    actionLabel=null actionId=0
    initialSelStart=0 initialSelEnd=0 initialToolType=1 initialCapsMode=0x0
    hintText=null label=null
    packageName=dev.partydeck.app autofillId=1073741824 fieldId=-1 fieldName=null
    hintLocales=null
    supportedHandwritingGestureTypes=SELECT|SELECT_RANGE|INSERT|DELETE|DELETE_RANGE|REMOVE_SPACE|JOIN_OR_SPLIT
    supportedHandwritingGesturePreviewTypes=SELECT|SELECT_RANGE|DELETE|DELETE_RANGE
    isStylusHandwritingEnabled=false
    contentMimeTypes=null
  mServedInputConnection=RemoteInputConnectionImpl{connection=androidx.compose.ui.text.input.NullableInputConnectionWrapperApi34@f12de5a mDeactivateRequested=false mServedView=androidx.compose.ui.platform.AndroidComposeView{aabecf8 VFED..... .F...... 0,0-720,1600 aid=1073741824}}
  mServedInputConnectionHandler=null
  mCompletions=null
  mCursorRect=Rect(0, 0 - 0, 0)
  mCursorSelStart=8 mCursorSelEnd=8 mCursorCandStart=0 mCursorCandEnd=8
 
Input method service state for com.android.inputmethod.latin.LatinIME@b82a582:
  mViewsCreated=true
  mDecorViewVisible=true mDecorViewWasVisible=true mWindowVisible=true mInShowWindow=false
  Configuration={2.0 310mcc260mnc [en_US] ldltr sw411dp w411dp h914dp 280dpi nrml long port finger qwerty/v/v -nav/h winConfig={ mBounds=Rect(0, 0 - 720, 1600) mAppBounds=Rect(0, 0 - 720, 1600) mMaxBounds=Rect(0, 0 - 720, 1600) mDisplayRotation=ROTATION_0 mWindowingMode=fullscreen mActivityType=undefined mAlwaysOnTop=undefined mRotation=ROTATION_0} as.3 s.90 fontWeightAdjustment=0}
  mToken=android.os.BinderProxy@8c519df
  mInputBinding=InputBinding{android.os.BinderProxy@e9d17f2 / uid 10148 / pid 5604}
  mInputConnection=RemoteInputConnection{idHash=#d5b1e43}
  mStartedInputConnection=RemoteInputConnection{idHash=#dd67cc0}
  mInputStarted=true mInputViewStarted=true mCandidatesViewStarted=false
  mInputEditorInfo:
    inputType=0x2001 imeOptions=0x2000005 privateImeOptions=null
    actionLabel=null actionId=0
    initialSelStart=0 initialSelEnd=0 initialToolType=0 initialCapsMode=0x0
    hintText=null label=null
    packageName=dev.partydeck.app autofillId=1073741824 fieldId=-1 fieldName=null
    hintLocales=null
    supportedHandwritingGestureTypes=SELECT|SELECT_RANGE|INSERT|DELETE|DELETE_RANGE|REMOVE_SPACE|JOIN_OR_SPLIT
    supportedHandwritingGesturePreviewTypes=SELECT|SELECT_RANGE|DELETE|DELETE_RANGE
    isStylusHandwritingEnabled=true
    contentMimeTypes=null
  mShowInputRequested=true mLastShowInputRequested=true mShowInputFlags=0x1
  mCandidatesVisibility=4 mFullscreenApplied=true mIsFullscreen=false mExtractViewHidden=false
  mExtractedText: null
  mExtractedToken=0
  mIsInputViewShown=true mStatusIcon=0
  Last computed insets:
    contentTopInsets=864 visibleTopInsets=864 touchableInsets=3 touchableRegion=SkRegion((0,864,720,1380))
  mSettingsObserver=SettingsObserver{mShowImeWithHardKeyboard=2}
  mNavigationBarController={mImeDrawsImeNavBar=false mNavigationBarFrame=null mShouldShowImeSwitcherWhenImeIsShown=true mAppearance=0x0 mDarkIntensity=0.0 mDrawLegacyNavigationBarBackground=false}
LatinIME state :
  VersionCode = 30
  VersionName = 15
  Keyboard mode = 0
Current settings :
   mSpacingAndPunctuations = mSortedSymbolsPrecededBySpace = [38, 40, 91, 123]
   mSortedSymbolsFollowedBySpace = [33, 38, 41, 44, 46, 58, 59, 63, 93, 125]
   mSortedWordConnectors = [39, 45]
   mSortedWordSeparators = [9, 10, 32, 33, 34, 38, 40, 41, 42, 43, 44, 46, 47, 58, 59, 60, 61, 62, 63, 91, 93, 95, 123, 124, 125, 160]
   mSuggestPuncList = PunctuationSuggestions:  words=[!, ?, \,, :, ;, ", (, ), ', -, /, @, _]
   mSentenceSeparator = 46
   mSentenceSeparatorAndSpace = . 
   mCurrentLanguageHasSpaces = true
   mUsesAmericanTypography = true
   mUsesGermanRules = false
   mDelayInMillisecondsToUpdateOldSuggestions = 300
   mAutoCap = true
   mVibrateOn = true
   mSoundOn = false
   mKeyPreviewPopupOn = true
   mShowsVoiceInputKey = true
   mIncludesOtherImesInLanguageSwitchList = true
   mShowsLanguageSwitchKey = true
   mUseContactsDict = true
   mUsePersonalizedDicts = true
   mUseDoubleSpacePeriod = true
   mBlockPotentiallyOffensive = true
   mBigramPredictionEnabled = true
   mGestureInputEnabled = false
   mGestureTrailEnabled = true
   mGestureFloatingPreviewTextEnabled = true
   mSlidingKeyInputPreviewEnabled = true
   mKeyLongpressTimeout = 300
   mLocale = en_US
   mInputAttributes = InputAttributes: inputType=0x00002001 noAutoCorrect shouldShowSuggestions insertSpaces targetApp=dev.partydeck.app

   mKeypressVibrationDuration = -1
   mKeypressSoundVolume = -1.0
   mKeyPreviewPopupDismissDelay = 70
   mAutoCorrectEnabled = true
   mAutoCorrectionThreshold = 0.185
   mAutoCorrectionEnabledPerUserSettings = false
   mSuggestionsEnabledPerUserSettings = true
   mDisplayOrientation = 1
   mAppWorkarounds = Target application : null
Package : dev.partydeck.app
Target app sdk version : 36
   mIsInternal = false
   mKeyPreviewShowUpDuration = 17
   mKeyPreviewDismissDuration = 53
   mKeyPreviewShowUpStartScaleX = 0.98
   mKeyPreviewShowUpStartScaleY = 0.98
   mKeyPreviewDismissEndScaleX = 0.94000006
   mKeyPreviewDismissEndScaleY = 0.94000006

