--------- beginning of main
09-10 06:47:44.582  3026  3026 I t.compare:godot: Late-enabling -Xcheck:jni
09-10 06:47:44.624  3026  3026 I t.compare:godot: Using CollectorTypeCMC GC.
09-10 06:47:44.624  3026  3026 W t.compare:godot: Unexpected CPU variant for x86: x86_64.
09-10 06:47:44.624  3026  3026 W t.compare:godot: Known variants: atom, sandybridge, silvermont, goldmont, goldmont-plus, goldmont-without-sha-xsaves, tremont, kabylake, default
09-10 06:47:44.677  3026  3026 D nativeloader: Load libframework-connectivity-tiramisu-jni.so using APEX ns com_android_tethering for caller /apex/com.android.tethering/javalib/framework-connectivity-t.jar: ok
09-10 06:47:44.797  3026  3026 W ziparchive: Unable to open '/data/app/~~w6KSASoncgeNnvQZomS2RQ==/dev.partydeck.godot.compare-Icgceibg6VAbWSWHMXN8tA==/base.dm': No such file or directory
09-10 06:47:44.797  3026  3026 W ziparchive: Unable to open '/data/app/~~w6KSASoncgeNnvQZomS2RQ==/dev.partydeck.godot.compare-Icgceibg6VAbWSWHMXN8tA==/base.dm': No such file or directory
09-10 06:47:44.972  3026  3026 D nativeloader: Configuring clns-7 for other apk /data/app/~~w6KSASoncgeNnvQZomS2RQ==/dev.partydeck.godot.compare-Icgceibg6VAbWSWHMXN8tA==/base.apk. target_sdk_version=36, uses_libraries=, library_path=/data/app/~~w6KSASoncgeNnvQZomS2RQ==/dev.partydeck.godot.compare-Icgceibg6VAbWSWHMXN8tA==/lib/x86_64:/data/app/~~w6KSASoncgeNnvQZomS2RQ==/dev.partydeck.godot.compare-Icgceibg6VAbWSWHMXN8tA==/base.apk!/lib/x86_64, permitted_path=/data:/mnt/expand:/data/user/0/dev.partydeck.godot.compare
09-10 06:47:44.982  3026  3026 V GraphicsEnvironment: Currently set values for:
09-10 06:47:44.982  3026  3026 V GraphicsEnvironment:   angle_gl_driver_selection_pkgs=[]
09-10 06:47:44.982  3026  3026 V GraphicsEnvironment:   angle_gl_driver_selection_values=[]
09-10 06:47:44.982  3026  3026 V GraphicsEnvironment: Global.Settings values are invalid: number of packages: 0, number of values: 0
09-10 06:47:44.982  3026  3026 V GraphicsEnvironment: Neither updatable production driver nor prerelease driver is supported.
09-10 06:47:45.421  3026  3026 V Godot   : Initializing Godot plugin registry
09-10 06:47:45.423  3026  3026 I GodotPluginRegistry: Registering runtime plugin AndroidRuntime
09-10 06:47:45.424  3026  3026 I GodotPluginRegistry: Registering runtime plugin PartyDeckBridge
09-10 06:47:45.424  3026  3026 V Godot   : InitEngine with params: [--main-pack, res://partydeck-last-light.pck, --rendering-method, gl_compatibility, --xr-mode, off]
09-10 06:47:45.470  3026  3026 D nativeloader: Load /data/app/~~w6KSASoncgeNnvQZomS2RQ==/dev.partydeck.godot.compare-Icgceibg6VAbWSWHMXN8tA==/base.apk!/lib/x86_64/libgodot_android.so using ns clns-7 from class loader (caller=/data/app/~~w6KSASoncgeNnvQZomS2RQ==/dev.partydeck.godot.compare-Icgceibg6VAbWSWHMXN8tA==/base.apk): ok
09-10 06:47:45.475  3026  3026 V Godot   : Godot native layer initialization completed: true
09-10 06:47:45.475  3026  3026 V Godot   : Setting up native layer with params: [--main-pack, res://partydeck-last-light.pck, --rendering-method, gl_compatibility, --xr-mode, off]
09-10 06:47:45.520  3026  3026 V Godot   : Godot native layer setup completed
09-10 06:47:45.521  3026  3026 V Godot   : OnInitRenderView: GodotFragment{11c16cd} (d57b9f81-4ed5-43a4-9ebb-7d43482d93b2 id=0x7f07002b tag=partydeck-godot)
09-10 06:47:45.544  3026  3026 D Godot   : Render view should be transparent: false
09-10 06:47:45.544  3026  3026 D Godot   : renderingDevice: opengl3 (ProjectSettings)
09-10 06:47:45.544  3026  3026 D Godot   : 			renderer: gl_compatibility (Default)
09-10 06:47:45.558  3026  3026 V Godot   : OnStart: GodotFragment{11c16cd} (d57b9f81-4ed5-43a4-9ebb-7d43482d93b2 id=0x7f07002b tag=partydeck-godot)
09-10 06:47:45.560  3026  3026 W WindowOnBackDispatcher: OnBackInvokedCallback is not enabled for the application.
09-10 06:47:45.560  3026  3026 W WindowOnBackDispatcher: Set 'android:enableOnBackInvokedCallback="true"' in the application manifest.
09-10 06:47:45.562  3026  3026 V Godot   : OnResume: GodotFragment{11c16cd} (d57b9f81-4ed5-43a4-9ebb-7d43482d93b2 id=0x7f07002b tag=partydeck-godot)
09-10 06:47:45.565  3026  3026 W HWUI    : Unknown dataspace 0
09-10 06:47:45.605  3026  3053 I EGL_emulation: Opening libGLESv1_CM_emulation.so
09-10 06:47:45.606  3026  3053 I EGL_emulation: Opening libGLESv2_emulation.so
09-10 06:47:45.620  3026  3053 W HWUI    : Failed to choose config with EGL_SWAP_BEHAVIOR_PRESERVED, retrying without...
09-10 06:47:45.622  3026  3053 W HWUI    : Failed to initialize 101010-2 format, error = EGL_SUCCESS
09-10 06:47:45.664  3026  3062 W RegularContextFactory: creating OpenGL ES 3.0 context :
09-10 06:47:45.674  3026  3062 I Gralloc4: mapper 4.x is not supported
09-10 06:47:45.714  3026  3062 I godot   : Godot Engine v4.7.2.stable.official.ed1daf0bf - https://godotengine.org
09-10 06:47:45.762  3026  3030 I t.compare:godot: Compiler allocated 4219KB to compile void android.widget.TextView.<init>(android.content.Context, android.util.AttributeSet, int, int)
09-10 06:47:46.383  3026  3030 I t.compare:godot: Compiler allocated 5174KB to compile void android.view.ViewRootImpl.performTraversals()
09-10 06:47:46.595  3026  3062 I godot   : OpenGL API OpenGL ES 3.1 (OpenGL ES 3.1.0 (ANGLE 2.1.17841 git hash: 5fa2e61da947)) - Compatibility - Using Device: Google (Google Inc. (Google)) - Android Emulator OpenGL ES Translator (ANGLE (Google, Vulkan 1.3.0 (SwiftShader Device (Subzero) (0x0000C0DE)), SwiftShader driver-5.0.0))
09-10 06:47:46.596  3026  3062 D t.compare:godot: PlayerBase::PlayerBase()
09-10 06:47:46.597  3026  3062 D t.compare:godot: TrackPlayerBase::TrackPlayerBase()
09-10 06:47:46.597  3026  3062 I libOpenSLES: Emulating old channel mask behavior (ignoring positional mask 0x3, using default mask 0x3 based on channel count of 2)
09-10 06:47:46.603  3026  3062 I godot   : 
09-10 06:47:46.676  3026  3066 E SurfaceSyncGroup: Failed to receive transaction ready in 1000ms. Marking SurfaceSyncGroup(wmsSync-VRI[GodotGameActivity]#1) as ready
09-10 06:47:46.677  3026  3066 E SurfaceSyncGroup: Failed to receive transaction ready in 1000ms. Marking SurfaceSyncGroup(VRI[GodotGameActivity]#2) as ready
09-10 06:47:46.679  3026  3066 E SurfaceSyncGroup: Failed to receive transaction ready in 1000ms. Marking SurfaceSyncGroup(SurfaceView[dev.partydeck.godot.compare/dev.partydeck.godot.compare.GodotGameActivity]#0) as ready
09-10 06:47:46.893  3026  3053 D EGL_emulation: app_time_stats: avg=355.21ms min=42.06ms max=929.28ms count=3
09-10 06:47:47.372  3026  3062 V Godot   : OnGodotSetupCompleted
09-10 06:47:47.378  3026  3062 V Godot   : OnGodotMainLoopStarted
09-10 06:47:48.458  3026  3053 D EGL_emulation: app_time_stats: avg=521.58ms min=284.69ms max=696.43ms count=3
09-10 06:47:49.294  3026  3062 E godot   : WARNING: Failed to load cached shader, recompiling.
09-10 06:47:49.294  3026  3062 E godot   :    at: _load_from_cache (drivers/gles3/shader_gles3.cpp:615)
09-10 06:47:49.947  3026  3062 D EGL_emulation: app_time_stats: avg=952.96ms min=13.70ms max=2008.50ms count=3
09-10 06:47:50.248  3026  3053 D EGL_emulation: app_time_stats: avg=1789.46ms min=1789.46ms max=1789.46ms count=1
09-10 06:47:59.811  3026  3026 D AutofillManager: Fill dialog is enabled:false, hints=[]
09-10 06:47:59.845  3026  3053 D EGL_emulation: app_time_stats: avg=2389.06ms min=49.71ms max=9381.10ms count=4
09-10 06:48:04.232  3026  3062 D EGL_emulation: app_time_stats: avg=14284.48ms min=14284.48ms max=14284.48ms count=1
09-10 06:48:08.476  3026  3053 D EGL_emulation: app_time_stats: avg=1719.49ms min=17.24ms max=8383.27ms count=5
09-10 06:48:18.328  3026  3053 D EGL_emulation: app_time_stats: avg=1961.88ms min=33.86ms max=9544.76ms count=5
09-10 06:48:22.727  3026  3062 D EGL_emulation: app_time_stats: avg=6117.92ms min=52.00ms max=18243.75ms count=3
09-10 06:48:26.944  3026  3053 D EGL_emulation: app_time_stats: avg=1712.61ms min=18.39ms max=8371.03ms count=5
09-10 06:48:36.729  3026  3053 D EGL_emulation: app_time_stats: avg=1944.03ms min=17.96ms max=9532.73ms count=5
09-10 06:48:41.144  3026  3062 D EGL_emulation: app_time_stats: avg=6103.76ms min=61.76ms max=18172.06ms count=3
09-10 06:48:45.376  3026  3053 D EGL_emulation: app_time_stats: avg=1717.40ms min=30.04ms max=8399.61ms count=5
09-10 06:48:55.228  3026  3053 D EGL_emulation: app_time_stats: avg=1961.69ms min=11.12ms max=9608.88ms count=5
09-10 06:48:59.626  3026  3062 D EGL_emulation: app_time_stats: avg=6160.59ms min=110.88ms max=18210.52ms count=3
09-10 06:49:03.843  3026  3053 D EGL_emulation: app_time_stats: avg=1717.51ms min=17.59ms max=8365.46ms count=5
09-10 06:49:10.227  3026  3053 D EGL_emulation: app_time_stats: avg=1259.92ms min=18.47ms max=6104.35ms count=5
09-10 06:49:14.608  3026  3062 D EGL_emulation: app_time_stats: avg=4993.94ms min=78.55ms max=14741.71ms count=3
09-10 06:49:18.895  3026  3053 D EGL_emulation: app_time_stats: avg=1731.64ms min=13.79ms max=8422.67ms count=5
09-10 06:49:21.185  3026  3026 V Godot   : OnPause: GodotFragment{11c16cd} (d57b9f81-4ed5-43a4-9ebb-7d43482d93b2 id=0x7f07002b tag=partydeck-godot)
09-10 06:49:21.196  3026  3062 D t.compare:godot: PlayerBase::pause() from IPlayer
09-10 06:49:21.325  3026  3053 D EGL_emulation: app_time_stats: avg=479.00ms min=15.19ms max=2188.34ms count=5
09-10 06:49:22.019  3026  3026 D VRI[GodotGameActivity]: visibilityChanged oldVisibility=true newVisibility=false
09-10 06:49:22.026  3026  3026 E Surface : freeAllBuffers: 1 buffers were freed while being dequeued!
09-10 06:49:22.124  3026  3026 V Godot   : OnStop: GodotFragment{11c16cd} (d57b9f81-4ed5-43a4-9ebb-7d43482d93b2 id=0x7f07002b tag=partydeck-godot)
09-10 06:49:22.255  3026  3062 E Surface : getSlotFromBufferLocked: unknown buffer: 0x0
09-10 06:49:22.255  3026  3062 D EGL_emulation: app_time_stats: avg=2549.11ms min=119.54ms max=7370.80ms count=3
09-10 06:49:22.255  3026  3062 E BufferQueueProducer: [SurfaceView[dev.partydeck.godot.compare/dev.partydeck.godot.compare.GodotGameActivity]#1(BLAST Consumer)1](id:bd200000001,api:0,p:-1,c:3026) dequeueBuffer: BufferQueue has been abandoned
09-10 06:49:22.255  3026  3062 E EGL_emulation: tid 3062: swapBuffers(789): error 0x300d (EGL_BAD_SURFACE)
09-10 06:49:22.257  3026  3062 W GLThread: eglSwapBuffers failed: EGL_BAD_SURFACE
09-10 06:49:22.320  3026  3062 E Surface : freeAllBuffers: 1 buffers were freed while being dequeued!
09-10 06:49:35.499  3026  3026 V Godot   : OnStart: GodotFragment{11c16cd} (d57b9f81-4ed5-43a4-9ebb-7d43482d93b2 id=0x7f07002b tag=partydeck-godot)
09-10 06:49:35.500  3026  3026 W WindowOnBackDispatcher: OnBackInvokedCallback is not enabled for the application.
09-10 06:49:35.500  3026  3026 W WindowOnBackDispatcher: Set 'android:enableOnBackInvokedCallback="true"' in the application manifest.
09-10 06:49:35.511  3026  3026 V Godot   : OnResume: GodotFragment{11c16cd} (d57b9f81-4ed5-43a4-9ebb-7d43482d93b2 id=0x7f07002b tag=partydeck-godot)
09-10 06:49:36.982  3026  3053 D EGL_emulation: app_time_stats: avg=123.80ms min=2.79ms max=375.65ms count=10
09-10 06:49:40.360  3026  3053 D EGL_emulation: app_time_stats: avg=3376.54ms min=3376.54ms max=3376.54ms count=1
09-10 06:49:50.177  3026  3053 D EGL_emulation: app_time_stats: avg=1960.68ms min=17.14ms max=9514.26ms count=5
09-10 06:49:54.616  3026  3062 D EGL_emulation: app_time_stats: avg=9330.17ms min=351.69ms max=18308.64ms count=2
09-10 06:49:58.843  3026  3053 D EGL_emulation: app_time_stats: avg=1722.84ms min=18.76ms max=8403.90ms count=5
09-10 06:50:05.227  3026  3053 D EGL_emulation: app_time_stats: avg=1261.39ms min=18.28ms max=6082.27ms count=5
09-10 06:50:09.645  3026  3062 D EGL_emulation: app_time_stats: avg=5006.40ms min=73.92ms max=14835.54ms count=3
09-10 06:50:13.880  3026  3053 D EGL_emulation: app_time_stats: avg=1721.66ms min=19.37ms max=8398.35ms count=5
09-10 06:50:20.277  3026  3053 D EGL_emulation: app_time_stats: avg=1275.40ms min=16.13ms max=6156.94ms count=5
09-10 06:50:24.602  3026  3062 D EGL_emulation: app_time_stats: avg=4985.67ms min=137.42ms max=14663.96ms count=3
09-10 06:50:25.654  3026  3062 D EGL_emulation: app_time_stats: avg=116.83ms min=88.36ms max=187.00ms count=9
09-10 06:50:29.693  3026  3053 D EGL_emulation: app_time_stats: avg=1873.60ms min=19.54ms max=9185.46ms count=5
09-10 06:50:34.077  3026  3053 D EGL_emulation: app_time_stats: avg=873.04ms min=25.28ms max=4128.68ms count=5
09-10 06:50:34.175  3026  3062 D EGL_emulation: app_time_stats: avg=8520.19ms min=8520.19ms max=8520.19ms count=1
09-10 06:50:38.728  3026  3053 D EGL_emulation: app_time_stats: avg=759.11ms min=18.10ms max=3653.28ms count=6
09-10 06:50:45.110  3026  3053 D EGL_emulation: app_time_stats: avg=1270.80ms min=18.08ms max=6147.22ms count=5
09-10 06:50:58.828  3026  3053 D EGL_emulation: app_time_stats: avg=2739.07ms min=17.23ms max=13473.04ms count=5
09-10 06:51:03.286  3026  3062 D EGL_emulation: app_time_stats: avg=7277.61ms min=160.35ms max=28246.36ms count=4
09-10 06:51:07.826  3026  3053 D EGL_emulation: app_time_stats: avg=1787.74ms min=25.03ms max=8763.31ms count=5
09-10 06:51:12.221  3026  3062 D EGL_emulation: app_time_stats: avg=2233.37ms min=96.89ms max=8568.83ms count=4
09-10 06:51:12.331  3026  3031 I t.compare:godot: Background concurrent mark compact GC freed 2868KB AllocSpace bytes, 0(0B) LOS objects, 49% free, 2740KB/5481KB, paused 116us,10.789ms total 83.207ms
09-10 06:51:12.362  3026  3053 D EGL_emulation: app_time_stats: avg=898.04ms min=21.85ms max=4267.24ms count=5
09-10 06:51:16.943  3026  3053 D EGL_emulation: app_time_stats: avg=763.34ms min=80.06ms max=3617.22ms count=6
09-10 06:51:23.277  3026  3053 D EGL_emulation: app_time_stats: avg=1258.92ms min=19.72ms max=6101.92ms count=5
09-10 06:51:33.294  3026  3053 D EGL_emulation: app_time_stats: avg=1995.24ms min=26.65ms max=9782.50ms count=5
09-10 06:51:37.703  3026  3062 D EGL_emulation: app_time_stats: avg=5096.38ms min=135.41ms max=24486.41ms count=5
09-10 06:51:42.311  3026  3053 D EGL_emulation: app_time_stats: avg=1797.78ms min=16.92ms max=8763.73ms count=5
09-10 06:51:46.710  3026  3053 D EGL_emulation: app_time_stats: avg=875.84ms min=24.68ms max=4162.75ms count=5
09-10 06:51:46.711  3026  3062 D EGL_emulation: app_time_stats: avg=1801.47ms min=78.09ms max=8566.93ms count=5
09-10 06:51:51.360  3026  3053 D EGL_emulation: app_time_stats: avg=764.63ms min=117.55ms max=3602.88ms count=6
09-10 06:51:57.727  3026  3053 D EGL_emulation: app_time_stats: avg=1263.47ms min=15.23ms max=6143.44ms count=5
09-10 06:52:04.110  3026  3053 D EGL_emulation: app_time_stats: avg=1265.06ms min=17.33ms max=6146.02ms count=5
09-10 06:52:08.547  3026  3062 D EGL_emulation: app_time_stats: avg=5459.11ms min=103.37ms max=20933.20ms count=4
09-10 06:52:13.029  3026  3053 D EGL_emulation: app_time_stats: avg=1774.98ms min=15.98ms max=8621.53ms count=5
09-10 06:52:17.393  3026  3053 D EGL_emulation: app_time_stats: avg=866.85ms min=21.19ms max=4133.98ms count=5
09-10 06:52:17.452  3026  3062 D EGL_emulation: app_time_stats: avg=2226.21ms min=88.32ms max=8600.08ms count=4
09-10 06:52:18.431  3026  3053 D EGL_emulation: app_time_stats: avg=207.19ms min=157.77ms max=368.86ms count=5
09-10 06:52:22.028  3026  3053 D EGL_emulation: app_time_stats: avg=3597.11ms min=3597.11ms max=3597.11ms count=1
09-10 06:52:28.411  3026  3053 D EGL_emulation: app_time_stats: avg=1271.22ms min=14.60ms max=6136.84ms count=5
09-10 06:52:34.826  3026  3053 D EGL_emulation: app_time_stats: avg=1269.07ms min=11.11ms max=6175.24ms count=5
09-10 06:52:39.229  3026  3062 D EGL_emulation: app_time_stats: avg=5444.09ms min=143.52ms max=20897.90ms count=4
09-10 06:52:40.258  3026  3062 D EGL_emulation: app_time_stats: avg=114.34ms min=95.75ms max=154.43ms count=9
09-10 06:52:44.426  3026  3053 D EGL_emulation: app_time_stats: avg=1909.30ms min=26.49ms max=9355.99ms count=5
09-10 06:52:48.920  3026  3062 D EGL_emulation: app_time_stats: avg=2848.66ms min=49.36ms max=8335.33ms count=3
09-10 06:52:53.444  3026  3053 D EGL_emulation: app_time_stats: avg=1489.57ms min=25.61ms max=8711.46ms count=6
09-10 06:52:57.875  3026  3053 D EGL_emulation: app_time_stats: avg=875.26ms min=19.77ms max=4173.84ms count=5
09-10 06:52:57.985  3026  3062 D EGL_emulation: app_time_stats: avg=2266.20ms min=107.60ms max=8734.69ms count=4
09-10 06:53:02.194  3026  3053 D EGL_emulation: app_time_stats: avg=719.36ms min=24.30ms max=3441.10ms count=6
09-10 06:53:08.595  3026  3053 D EGL_emulation: app_time_stats: avg=1278.32ms min=13.76ms max=6165.23ms count=5
09-10 06:53:18.611  3026  3053 D EGL_emulation: app_time_stats: avg=1993.05ms min=14.02ms max=9770.24ms count=5
09-10 06:53:23.031  3026  3062 D EGL_emulation: app_time_stats: avg=12522.83ms min=346.27ms max=24699.38ms count=2
09-10 06:53:27.628  3026  3053 D EGL_emulation: app_time_stats: avg=1794.34ms min=16.87ms max=8781.55ms count=5
09-10 06:53:32.008  3026  3053 D EGL_emulation: app_time_stats: avg=868.92ms min=16.42ms max=4150.81ms count=5
09-10 06:53:32.095  3026  3062 D EGL_emulation: app_time_stats: avg=1790.54ms min=69.95ms max=8565.60ms count=5
09-10 06:53:36.245  3026  3053 D EGL_emulation: app_time_stats: avg=706.14ms min=63.93ms max=3373.22ms count=6
09-10 06:53:42.646  3026  3053 D EGL_emulation: app_time_stats: avg=1268.99ms min=20.25ms max=6157.98ms count=5
09-10 06:53:49.113  3026  3053 D EGL_emulation: app_time_stats: avg=1286.84ms min=23.34ms max=6202.16ms count=5
09-10 06:53:53.508  3026  3062 D EGL_emulation: app_time_stats: avg=10706.44ms min=319.69ms max=21093.19ms count=2
09-10 06:53:57.711  3026  3053 D EGL_emulation: app_time_stats: avg=1709.69ms min=18.41ms max=8330.71ms count=5
09-10 06:54:04.143  3026  3053 D EGL_emulation: app_time_stats: avg=1269.75ms min=17.47ms max=6159.58ms count=5
09-10 06:54:08.539  3026  3062 D EGL_emulation: app_time_stats: avg=5010.37ms min=67.94ms max=14751.10ms count=3
09-10 06:54:12.762  3026  3053 D EGL_emulation: app_time_stats: avg=1720.37ms min=16.70ms max=8359.82ms count=5
09-10 06:54:19.146  3026  3053 D EGL_emulation: app_time_stats: avg=1260.78ms min=16.40ms max=6136.53ms count=5
09-10 06:54:23.518  3026  3062 D EGL_emulation: app_time_stats: avg=4992.92ms min=131.24ms max=14697.34ms count=3
09-10 06:54:28.211  3026  3053 D EGL_emulation: app_time_stats: avg=1804.77ms min=14.51ms max=8833.54ms count=5
09-10 06:54:28.441  3026  3031 I t.compare:godot: Background concurrent mark compact GC freed 2692KB AllocSpace bytes, 0(0B) LOS objects, 49% free, 2884KB/5769KB, paused 79us,2.801ms total 104.229ms
09-10 06:54:32.525  3026  3053 D EGL_emulation: app_time_stats: avg=847.58ms min=26.88ms max=4062.11ms count=5
09-10 06:54:32.629  3026  3062 D EGL_emulation: app_time_stats: avg=1518.45ms min=96.56ms max=8524.30ms count=6
09-10 06:54:33.551  3026  3053 D EGL_emulation: app_time_stats: avg=201.68ms min=10.60ms max=442.77ms count=5
09-10 06:54:37.196  3026  3053 D EGL_emulation: app_time_stats: avg=3644.56ms min=3644.56ms max=3644.56ms count=1
09-10 06:54:43.578  3026  3053 D EGL_emulation: app_time_stats: avg=1271.52ms min=19.80ms max=6108.31ms count=5
09-10 06:54:49.996  3026  3053 D EGL_emulation: app_time_stats: avg=1266.61ms min=18.68ms max=6178.32ms count=5
09-10 06:54:54.415  3026  3062 D EGL_emulation: app_time_stats: avg=5446.36ms min=151.55ms max=20935.30ms count=4
09-10 06:54:59.310  3026  3053 D EGL_emulation: app_time_stats: avg=1859.05ms min=17.86ms max=9077.31ms count=5
09-10 06:55:03.742  3026  3062 D EGL_emulation: app_time_stats: avg=1332.40ms min=91.04ms max=8613.44ms count=7
09-10 06:55:03.864  3026  3053 D EGL_emulation: app_time_stats: avg=895.91ms min=20.07ms max=4316.16ms count=5
09-10 06:55:08.393  3026  3053 D EGL_emulation: app_time_stats: avg=741.10ms min=56.67ms max=3667.63ms count=6
09-10 06:55:14.796  3026  3053 D EGL_emulation: app_time_stats: avg=1272.43ms min=23.73ms max=6160.12ms count=5
09-10 06:55:21.195  3026  3053 D EGL_emulation: app_time_stats: avg=1271.74ms min=16.69ms max=6170.36ms count=5
09-10 06:55:25.600  3026  3062 D EGL_emulation: app_time_stats: avg=5464.52ms min=157.32ms max=20900.29ms count=4
09-10 06:55:30.328  3026  3053 D EGL_emulation: app_time_stats: avg=1826.20ms min=18.11ms max=8910.44ms count=5
09-10 06:55:34.727  3026  3053 D EGL_emulation: app_time_stats: avg=864.81ms min=20.70ms max=4120.70ms count=5
09-10 06:55:34.819  3026  3062 D EGL_emulation: app_time_stats: avg=1510.63ms min=48.36ms max=8658.53ms count=6
09-10 06:55:39.393  3026  3053 D EGL_emulation: app_time_stats: avg=767.31ms min=66.14ms max=3656.04ms count=6
09-10 06:55:45.762  3026  3053 D EGL_emulation: app_time_stats: avg=1270.07ms min=12.15ms max=6132.29ms count=5
09-10 06:55:52.177  3026  3053 D EGL_emulation: app_time_stats: avg=1266.73ms min=18.56ms max=6166.92ms count=5
09-10 06:55:56.561  3026  3062 D EGL_emulation: app_time_stats: avg=5435.53ms min=233.82ms max=20784.27ms count=4
09-10 06:56:01.430  3026  3053 D EGL_emulation: app_time_stats: avg=1838.10ms min=14.28ms max=8999.25ms count=5
09-10 06:56:05.760  3026  3053 D EGL_emulation: app_time_stats: avg=856.36ms min=20.05ms max=4105.69ms count=5
09-10 06:56:05.843  3026  3062 D EGL_emulation: app_time_stats: avg=1160.24ms min=87.37ms max=8521.91ms count=8
09-10 06:56:10.410  3026  3053 D EGL_emulation: app_time_stats: avg=767.37ms min=70.77ms max=3654.31ms count=6
09-10 06:56:16.860  3026  3053 D EGL_emulation: app_time_stats: avg=1276.43ms min=17.75ms max=6197.32ms count=5
09-10 06:56:23.227  3026  3053 D EGL_emulation: app_time_stats: avg=1264.61ms min=14.48ms max=6129.55ms count=5
09-10 06:56:27.668  3026  3062 D EGL_emulation: app_time_stats: avg=5456.21ms min=233.33ms max=20865.62ms count=4
09-10 06:56:28.692  3026  3062 D EGL_emulation: app_time_stats: avg=113.75ms min=100.23ms max=136.94ms count=9
09-10 06:56:32.813  3026  3053 D EGL_emulation: app_time_stats: avg=1904.59ms min=8.70ms max=9356.90ms count=5
09-10 06:56:37.250  3026  3062 D EGL_emulation: app_time_stats: avg=4278.88ms min=122.24ms max=8435.51ms count=2
09-10 06:56:41.726  3026  3053 D EGL_emulation: app_time_stats: avg=1771.52ms min=15.89ms max=8678.18ms count=5
09-10 06:56:46.108  3026  3053 D EGL_emulation: app_time_stats: avg=863.58ms min=17.66ms max=4155.52ms count=5
09-10 06:56:46.256  3026  3062 D EGL_emulation: app_time_stats: avg=2251.40ms min=91.44ms max=8705.52ms count=4
09-10 06:56:50.445  3026  3053 D EGL_emulation: app_time_stats: avg=722.73ms min=59.94ms max=3476.98ms count=6
09-10 06:56:56.844  3026  3053 D EGL_emulation: app_time_stats: avg=1269.10ms min=12.35ms max=6181.75ms count=5
09-10 06:57:03.261  3026  3053 D EGL_emulation: app_time_stats: avg=1276.55ms min=22.96ms max=6173.40ms count=5
09-10 06:57:07.673  3026  3062 D EGL_emulation: app_time_stats: avg=10708.15ms min=206.34ms max=21209.96ms count=2
09-10 06:57:12.543  3026  3053 D EGL_emulation: app_time_stats: avg=1849.82ms min=23.90ms max=9056.64ms count=5
09-10 06:57:16.865  3026  3052 I t.compare:godot: Waiting for a blocking GC ProfileSaver
09-10 06:57:16.875  3026  3053 D EGL_emulation: app_time_stats: avg=847.19ms min=19.45ms max=4078.54ms count=5
09-10 06:57:16.875  3026  3052 I t.compare:godot: WaitForGcToComplete blocked ProfileSaver on Background for 10.839ms
09-10 06:57:17.095  3026  3062 D EGL_emulation: app_time_stats: avg=1177.77ms min=81.98ms max=8709.82ms count=8
09-10 06:57:18.212  3026  3062 D EGL_emulation: app_time_stats: avg=558.63ms min=218.97ms max=898.29ms count=2
09-10 06:57:18.274  3026  3053 D EGL_emulation: app_time_stats: avg=279.70ms min=101.52ms max=580.79ms count=5
09-10 06:57:21.511  3026  3053 D EGL_emulation: app_time_stats: avg=3237.57ms min=3237.57ms max=3237.57ms count=1
09-10 06:57:27.897  3026  3053 D EGL_emulation: app_time_stats: avg=1265.92ms min=17.66ms max=6159.59ms count=5
09-10 06:57:34.278  3026  3053 D EGL_emulation: app_time_stats: avg=1265.50ms min=19.47ms max=6123.00ms count=5
09-10 06:57:38.694  3026  3062 D EGL_emulation: app_time_stats: avg=10240.51ms min=150.17ms max=20330.85ms count=2
09-10 06:57:43.294  3026  3053 D EGL_emulation: app_time_stats: avg=1788.30ms min=16.46ms max=8777.82ms count=5
09-10 06:57:47.642  3026  3053 D EGL_emulation: app_time_stats: avg=864.69ms min=23.62ms max=4126.85ms count=5
09-10 06:57:47.717  3026  3062 D EGL_emulation: app_time_stats: avg=1804.60ms min=75.38ms max=8607.67ms count=5
09-10 06:57:48.964  3026  3062 D EGL_emulation: app_time_stats: avg=623.84ms min=216.88ms max=1030.79ms count=2
09-10 06:57:49.037  3026  3053 D EGL_emulation: app_time_stats: avg=279.05ms min=103.08ms max=576.15ms count=5
09-10 06:57:52.293  3026  3053 D EGL_emulation: app_time_stats: avg=3253.70ms min=3253.70ms max=3253.70ms count=1
09-10 06:57:58.693  3026  3053 D EGL_emulation: app_time_stats: avg=1270.61ms min=24.20ms max=6114.32ms count=5
09-10 06:58:05.093  3026  3053 D EGL_emulation: app_time_stats: avg=1273.88ms min=22.37ms max=6161.41ms count=5
09-10 06:58:09.525  3026  3062 D EGL_emulation: app_time_stats: avg=10250.70ms min=63.98ms max=20437.43ms count=2
09-10 06:58:14.112  3026  3053 D EGL_emulation: app_time_stats: avg=1788.50ms min=19.73ms max=8783.72ms count=5
09-10 06:58:18.492  3026  3053 D EGL_emulation: app_time_stats: avg=864.99ms min=20.93ms max=4108.26ms count=5
09-10 06:58:18.567  3026  3062 D EGL_emulation: app_time_stats: avg=1808.38ms min=89.66ms max=8612.02ms count=5
09-10 06:58:19.804  3026  3062 D EGL_emulation: app_time_stats: avg=618.47ms min=361.44ms max=875.50ms count=2
09-10 06:58:19.882  3026  3053 D EGL_emulation: app_time_stats: avg=277.93ms min=100.68ms max=573.29ms count=5
09-10 06:58:23.144  3026  3053 D EGL_emulation: app_time_stats: avg=3262.02ms min=3262.02ms max=3262.02ms count=1
09-10 06:58:29.530  3026  3053 D EGL_emulation: app_time_stats: avg=1270.81ms min=17.58ms max=6187.24ms count=5
09-10 06:58:35.945  3026  3053 D EGL_emulation: app_time_stats: avg=1276.20ms min=19.93ms max=6162.80ms count=5
09-10 06:58:40.393  3026  3062 D EGL_emulation: app_time_stats: avg=10294.36ms min=85.89ms max=20502.83ms count=2
09-10 06:58:44.960  3026  3053 D EGL_emulation: app_time_stats: avg=1792.68ms min=30.87ms max=8787.50ms count=5
09-10 06:58:49.309  3026  3053 D EGL_emulation: app_time_stats: avg=861.30ms min=15.09ms max=4087.30ms count=5
09-10 06:58:49.379  3026  3062 D EGL_emulation: app_time_stats: avg=1797.15ms min=38.11ms max=8541.51ms count=5
09-10 06:58:50.668  3026  3062 D EGL_emulation: app_time_stats: avg=644.39ms min=321.59ms max=967.18ms count=2
09-10 06:58:50.781  3026  3053 D EGL_emulation: app_time_stats: avg=294.11ms min=100.40ms max=655.92ms count=5
09-10 06:58:53.964  3026  3053 D EGL_emulation: app_time_stats: avg=3183.34ms min=3183.34ms max=3183.34ms count=1
09-10 06:59:00.361  3026  3053 D EGL_emulation: app_time_stats: avg=1272.51ms min=16.41ms max=6140.17ms count=5
09-10 06:59:06.728  3026  3053 D EGL_emulation: app_time_stats: avg=1264.78ms min=20.07ms max=6138.94ms count=5
09-10 06:59:11.136  3026  3062 D EGL_emulation: app_time_stats: avg=10234.17ms min=200.85ms max=20267.48ms count=2
09-10 06:59:16.060  3026  3053 D EGL_emulation: app_time_stats: avg=1855.53ms min=15.89ms max=9111.10ms count=5
09-10 06:59:20.423  3026  3062 D EGL_emulation: app_time_stats: avg=1160.83ms min=78.17ms max=8562.63ms count=8
09-10 06:59:20.509  3026  3053 D EGL_emulation: app_time_stats: avg=886.57ms min=23.02ms max=4227.46ms count=5
09-10 06:59:21.766  3026  3062 D EGL_emulation: app_time_stats: avg=671.49ms min=300.79ms max=1042.19ms count=2
09-10 06:59:21.954  3026  3053 D EGL_emulation: app_time_stats: avg=286.17ms min=75.63ms max=712.56ms count=5
09-10 06:59:25.094  3026  3053 D EGL_emulation: app_time_stats: avg=3139.67ms min=3139.67ms max=3139.67ms count=1
09-10 06:59:31.513  3026  3053 D EGL_emulation: app_time_stats: avg=1272.54ms min=24.99ms max=6176.13ms count=5
09-10 06:59:37.961  3026  3053 D EGL_emulation: app_time_stats: avg=1287.38ms min=16.35ms max=6193.79ms count=5
09-10 06:59:42.407  3026  3062 D EGL_emulation: app_time_stats: avg=10256.35ms min=70.55ms max=20442.15ms count=2
09-10 06:59:46.976  3026  3053 D EGL_emulation: app_time_stats: avg=1796.64ms min=3.29ms max=8797.39ms count=5
09-10 06:59:51.375  3026  3053 D EGL_emulation: app_time_stats: avg=615.73ms min=17.70ms max=3996.89ms count=7
09-10 06:59:51.451  3026  3062 D EGL_emulation: app_time_stats: avg=1808.71ms min=96.67ms max=8583.61ms count=5
09-10 06:59:52.740  3026  3062 D EGL_emulation: app_time_stats: avg=644.52ms min=203.34ms max=1085.70ms count=2
09-10 06:59:52.878  3026  3053 D EGL_emulation: app_time_stats: avg=300.51ms min=108.33ms max=678.13ms count=5
09-10 06:59:56.011  3026  3053 D EGL_emulation: app_time_stats: avg=3133.15ms min=3133.15ms max=3133.15ms count=1
09-10 07:00:02.328  3026  3053 D EGL_emulation: app_time_stats: avg=1256.68ms min=17.86ms max=6079.47ms count=5
09-10 07:00:12.228  3026  3053 D EGL_emulation: app_time_stats: avg=1962.78ms min=10.46ms max=9659.68ms count=5
09-10 07:00:16.658  3026  3062 D EGL_emulation: app_time_stats: avg=11958.68ms min=234.35ms max=23683.02ms count=2
09-10 07:00:17.748  3026  3062 D EGL_emulation: app_time_stats: avg=108.97ms min=87.67ms max=137.71ms count=10
09-10 07:00:21.893  3026  3053 D EGL_emulation: app_time_stats: avg=1917.75ms min=16.29ms max=9413.55ms count=5
09-10 07:00:26.252  3026  3053 D EGL_emulation: app_time_stats: avg=865.10ms min=30.15ms max=4134.12ms count=5
09-10 07:00:26.411  3026  3062 D EGL_emulation: app_time_stats: avg=8663.03ms min=8663.03ms max=8663.03ms count=1
09-10 07:00:26.414  3026  3062 D GLThread: Exiting render thread
09-10 07:00:26.414  3026  3062 D GodotRenderer: Destroying Godot Engine
09-10 07:00:26.460  3026  3062 D t.compare:godot: PlayerBase::stop() from IPlayer
09-10 07:00:26.460  3026  3062 D AudioTrack: stop(16): called with 32883854 frames delivered
09-10 07:00:26.474  3026  3062 E eglCodecCommon: removeVertexArrayObject: ERROR: 7 not found in VAO state!
09-10 07:00:26.517  3026  3062 V Godot   : OnGodotTerminating
09-10 07:00:26.552  3026  3026 V Godot   : OnDestroy: GodotFragment{11c16cd} (d57b9f81-4ed5-43a4-9ebb-7d43482d93b2 id=0x7f07002b tag=partydeck-godot)
09-10 07:00:26.600  3026  3026 V Godot   : OnPause: GodotFragment{11c16cd} (d57b9f81-4ed5-43a4-9ebb-7d43482d93b2 id=0x7f07002b tag=partydeck-godot)
09-10 07:00:26.722  3026  3026 I PartyDeckGodotHost: Engine process exit requested
09-10 07:00:26.722  3026  3026 I Process : Sending signal. PID: 3026 SIG: 9
