--------- beginning of main
09-10 06:47:17.765  3061  3061 I t.compare:godot: Late-enabling -Xcheck:jni
09-10 06:47:17.798  3061  3061 I t.compare:godot: Using CollectorTypeCMC GC.
09-10 06:47:17.799  3061  3061 W t.compare:godot: Unexpected CPU variant for x86: x86_64.
09-10 06:47:17.799  3061  3061 W t.compare:godot: Known variants: atom, sandybridge, silvermont, goldmont, goldmont-plus, goldmont-without-sha-xsaves, tremont, kabylake, default
09-10 06:47:17.841  3061  3061 D nativeloader: Load libframework-connectivity-tiramisu-jni.so using APEX ns com_android_tethering for caller /apex/com.android.tethering/javalib/framework-connectivity-t.jar: ok
09-10 06:47:17.867  3061  3061 W ziparchive: Unable to open '/data/app/~~3QqqwSaLFMsfe4OygXH0OA==/dev.partydeck.godot.compare-kShNHA5eAhQZRR19KODvoQ==/base.dm': No such file or directory
09-10 06:47:17.867  3061  3061 W ziparchive: Unable to open '/data/app/~~3QqqwSaLFMsfe4OygXH0OA==/dev.partydeck.godot.compare-kShNHA5eAhQZRR19KODvoQ==/base.dm': No such file or directory
09-10 06:47:17.956  3061  3061 D nativeloader: Configuring clns-7 for other apk /data/app/~~3QqqwSaLFMsfe4OygXH0OA==/dev.partydeck.godot.compare-kShNHA5eAhQZRR19KODvoQ==/base.apk. target_sdk_version=36, uses_libraries=, library_path=/data/app/~~3QqqwSaLFMsfe4OygXH0OA==/dev.partydeck.godot.compare-kShNHA5eAhQZRR19KODvoQ==/lib/x86_64:/data/app/~~3QqqwSaLFMsfe4OygXH0OA==/dev.partydeck.godot.compare-kShNHA5eAhQZRR19KODvoQ==/base.apk!/lib/x86_64, permitted_path=/data:/mnt/expand:/data/user/0/dev.partydeck.godot.compare
09-10 06:47:17.961  3061  3061 V GraphicsEnvironment: Currently set values for:
09-10 06:47:17.961  3061  3061 V GraphicsEnvironment:   angle_gl_driver_selection_pkgs=[]
09-10 06:47:17.961  3061  3061 V GraphicsEnvironment:   angle_gl_driver_selection_values=[]
09-10 06:47:17.961  3061  3061 V GraphicsEnvironment: Global.Settings values are invalid: number of packages: 0, number of values: 0
09-10 06:47:17.961  3061  3061 V GraphicsEnvironment: Neither updatable production driver nor prerelease driver is supported.
09-10 06:47:18.246  3061  3061 V Godot   : Initializing Godot plugin registry
09-10 06:47:18.247  3061  3061 I GodotPluginRegistry: Registering runtime plugin AndroidRuntime
09-10 06:47:18.247  3061  3061 I GodotPluginRegistry: Registering runtime plugin PartyDeckBridge
09-10 06:47:18.247  3061  3061 V Godot   : InitEngine with params: [--main-pack, res://partydeck-last-light.pck, --rendering-method, gl_compatibility, --xr-mode, off]
09-10 06:47:18.281  3061  3061 D nativeloader: Load /data/app/~~3QqqwSaLFMsfe4OygXH0OA==/dev.partydeck.godot.compare-kShNHA5eAhQZRR19KODvoQ==/base.apk!/lib/x86_64/libgodot_android.so using ns clns-7 from class loader (caller=/data/app/~~3QqqwSaLFMsfe4OygXH0OA==/dev.partydeck.godot.compare-kShNHA5eAhQZRR19KODvoQ==/base.apk): ok
09-10 06:47:18.284  3061  3061 V Godot   : Godot native layer initialization completed: true
09-10 06:47:18.284  3061  3061 V Godot   : Setting up native layer with params: [--main-pack, res://partydeck-last-light.pck, --rendering-method, gl_compatibility, --xr-mode, off]
09-10 06:47:18.354  3061  3061 V Godot   : Godot native layer setup completed
09-10 06:47:18.355  3061  3061 V Godot   : OnInitRenderView: GodotFragment{cd52f5c} (ff8295cf-bb8d-476d-9096-697546f72339 id=0x7f07002b tag=partydeck-godot)
09-10 06:47:18.392  3061  3061 D Godot   : Render view should be transparent: false
09-10 06:47:18.399  3061  3061 D Godot   : renderingDevice: opengl3 (ProjectSettings)
09-10 06:47:18.399  3061  3061 D Godot   : 			renderer: gl_compatibility (Default)
09-10 06:47:18.427  3061  3061 V Godot   : OnStart: GodotFragment{cd52f5c} (ff8295cf-bb8d-476d-9096-697546f72339 id=0x7f07002b tag=partydeck-godot)
09-10 06:47:18.428  3061  3061 W WindowOnBackDispatcher: OnBackInvokedCallback is not enabled for the application.
09-10 06:47:18.428  3061  3061 W WindowOnBackDispatcher: Set 'android:enableOnBackInvokedCallback="true"' in the application manifest.
09-10 06:47:18.439  3061  3061 V Godot   : OnResume: GodotFragment{cd52f5c} (ff8295cf-bb8d-476d-9096-697546f72339 id=0x7f07002b tag=partydeck-godot)
09-10 06:47:18.447  3061  3061 W HWUI    : Unknown dataspace 0
09-10 06:47:18.540  3061  3077 I EGL_emulation: Opening libGLESv1_CM_emulation.so
09-10 06:47:18.540  3061  3077 I EGL_emulation: Opening libGLESv2_emulation.so
09-10 06:47:18.572  3061  3077 W HWUI    : Failed to choose config with EGL_SWAP_BEHAVIOR_PRESERVED, retrying without...
09-10 06:47:18.573  3061  3077 W HWUI    : Failed to initialize 101010-2 format, error = EGL_SUCCESS
09-10 06:47:18.578  3061  3097 W RegularContextFactory: creating OpenGL ES 3.0 context :
09-10 06:47:18.585  3061  3097 I Gralloc4: mapper 4.x is not supported
09-10 06:47:18.594  3061  3097 I godot   : Godot Engine v4.7.2.stable.official.ed1daf0bf - https://godotengine.org
09-10 06:47:18.889  3061  3066 I t.compare:godot: Compiler allocated 4219KB to compile void android.widget.TextView.<init>(android.content.Context, android.util.AttributeSet, int, int)
09-10 06:47:19.353  3061  3066 I t.compare:godot: Compiler allocated 5174KB to compile void android.view.ViewRootImpl.performTraversals()
09-10 06:47:19.416  3061  3097 I godot   : OpenGL API OpenGL ES 3.1 (OpenGL ES 3.1.0 (ANGLE 2.1.17841 git hash: 5fa2e61da947)) - Compatibility - Using Device: Google (Google Inc. (Google)) - Android Emulator OpenGL ES Translator (ANGLE (Google, Vulkan 1.3.0 (SwiftShader Device (Subzero) (0x0000C0DE)), SwiftShader driver-5.0.0))
09-10 06:47:19.418  3061  3097 D t.compare:godot: PlayerBase::PlayerBase()
09-10 06:47:19.418  3061  3097 D t.compare:godot: TrackPlayerBase::TrackPlayerBase()
09-10 06:47:19.418  3061  3097 I libOpenSLES: Emulating old channel mask behavior (ignoring positional mask 0x3, using default mask 0x3 based on channel count of 2)
09-10 06:47:19.423  3061  3097 I godot   : 
09-10 06:47:19.720  3061  3077 D EGL_emulation: app_time_stats: avg=515.88ms min=14.71ms max=1017.05ms count=2
09-10 06:47:20.118  3061  3097 V Godot   : OnGodotSetupCompleted
09-10 06:47:20.125  3061  3097 V Godot   : OnGodotMainLoopStarted
09-10 06:47:20.645  3061  3097 D EGL_emulation: app_time_stats: avg=361.21ms min=46.78ms max=834.35ms count=3
09-10 06:47:20.748  3061  3077 D EGL_emulation: app_time_stats: avg=245.20ms min=50.18ms max=553.32ms count=4
09-10 06:47:29.921  3061  3061 D AutofillManager: Fill dialog is enabled:false, hints=[]
09-10 06:47:29.963  3061  3077 D EGL_emulation: app_time_stats: avg=1311.01ms min=8.49ms max=8629.23ms count=7
09-10 06:47:34.363  3061  3097 D EGL_emulation: app_time_stats: avg=13717.15ms min=13717.15ms max=13717.15ms count=1
09-10 06:47:38.713  3061  3077 D EGL_emulation: app_time_stats: avg=1728.54ms min=14.81ms max=8478.36ms count=5
09-10 06:47:43.001  3061  3097 D EGL_emulation: app_time_stats: avg=2158.85ms min=73.55ms max=8354.10ms count=4
09-10 06:47:47.147  3061  3077 D EGL_emulation: app_time_stats: avg=1673.15ms min=18.94ms max=8217.39ms count=5
09-10 06:47:56.627  3061  3077 D EGL_emulation: app_time_stats: avg=1880.32ms min=10.36ms max=9260.24ms count=5
09-10 06:48:00.864  3061  3097 D EGL_emulation: app_time_stats: avg=8931.63ms min=107.39ms max=17755.87ms count=2
09-10 06:48:04.961  3061  3077 D EGL_emulation: app_time_stats: avg=1663.38ms min=15.35ms max=8122.75ms count=5
09-10 06:48:14.444  3061  3077 D EGL_emulation: app_time_stats: avg=1875.98ms min=3.16ms max=9228.29ms count=5
09-10 06:48:18.728  3061  3097 D EGL_emulation: app_time_stats: avg=17863.69ms min=17863.69ms max=17863.69ms count=1
09-10 06:48:22.810  3061  3077 D EGL_emulation: app_time_stats: avg=1669.25ms min=10.51ms max=8163.19ms count=5
09-10 06:48:32.394  3061  3077 D EGL_emulation: app_time_stats: avg=1363.82ms min=7.66ms max=9251.96ms count=7
09-10 06:48:36.681  3061  3097 D EGL_emulation: app_time_stats: avg=17953.40ms min=17953.40ms max=17953.40ms count=1
09-10 06:48:40.778  3061  3077 D EGL_emulation: app_time_stats: avg=1671.12ms min=12.51ms max=8163.84ms count=5
09-10 06:48:46.996  3061  3077 D EGL_emulation: app_time_stats: avg=1238.42ms min=14.89ms max=5983.85ms count=5
09-10 06:48:51.304  3061  3097 D EGL_emulation: app_time_stats: avg=14622.44ms min=14622.44ms max=14622.44ms count=1
09-10 06:48:55.427  3061  3077 D EGL_emulation: app_time_stats: avg=1675.52ms min=16.25ms max=8199.30ms count=5
09-10 06:48:57.742  3061  3061 V Godot   : OnPause: GodotFragment{cd52f5c} (ff8295cf-bb8d-476d-9096-697546f72339 id=0x7f07002b tag=partydeck-godot)
09-10 06:48:57.774  3061  3077 D EGL_emulation: app_time_stats: avg=381.04ms min=22.62ms max=2079.59ms count=6
09-10 06:48:58.242  3061  3097 D EGL_emulation: app_time_stats: avg=6937.83ms min=6937.83ms max=6937.83ms count=1
09-10 06:48:58.243  3061  3097 D t.compare:godot: PlayerBase::pause() from IPlayer
09-10 06:48:58.406  3061  3061 D VRI[GodotGameActivity]: visibilityChanged oldVisibility=true newVisibility=false
09-10 06:48:58.408  3061  3061 E Surface : freeAllBuffers: 1 buffers were freed while being dequeued!
09-10 06:48:58.547  3061  3097 E Surface : getSlotFromBufferLocked: unknown buffer: 0x0
09-10 06:48:58.547  3061  3097 E Surface : freeAllBuffers: 1 buffers were freed while being dequeued!
09-10 06:48:58.547  3061  3097 E BufferQueueProducer: [SurfaceView[dev.partydeck.godot.compare/dev.partydeck.godot.compare.GodotGameActivity]#1(BLAST Consumer)1](id:bf500000001,api:0,p:-1,c:3061) disconnect: not connected (req=1)
09-10 06:48:58.547  3061  3097 W libEGL  : EGLNativeWindowType 0x78038703c750 disconnect failed
09-10 06:48:58.606  3061  3061 V Godot   : OnStop: GodotFragment{cd52f5c} (ff8295cf-bb8d-476d-9096-697546f72339 id=0x7f07002b tag=partydeck-godot)
09-10 06:49:11.469  3061  3061 V Godot   : OnStart: GodotFragment{cd52f5c} (ff8295cf-bb8d-476d-9096-697546f72339 id=0x7f07002b tag=partydeck-godot)
09-10 06:49:11.469  3061  3061 W WindowOnBackDispatcher: OnBackInvokedCallback is not enabled for the application.
09-10 06:49:11.469  3061  3061 W WindowOnBackDispatcher: Set 'android:enableOnBackInvokedCallback="true"' in the application manifest.
09-10 06:49:11.473  3061  3061 V Godot   : OnResume: GodotFragment{cd52f5c} (ff8295cf-bb8d-476d-9096-697546f72339 id=0x7f07002b tag=partydeck-godot)
09-10 06:49:12.825  3061  3077 D EGL_emulation: app_time_stats: avg=110.52ms min=25.83ms max=233.33ms count=9
09-10 06:49:16.211  3061  3077 D EGL_emulation: app_time_stats: avg=1693.06ms min=53.67ms max=3332.46ms count=2
09-10 06:49:25.727  3061  3077 D EGL_emulation: app_time_stats: avg=1889.99ms min=16.80ms max=9290.26ms count=5
09-10 06:49:30.048  3061  3097 D EGL_emulation: app_time_stats: avg=9109.66ms min=366.18ms max=17853.14ms count=2
09-10 06:49:34.144  3061  3077 D EGL_emulation: app_time_stats: avg=1676.42ms min=14.24ms max=8201.15ms count=5
09-10 06:49:40.446  3061  3077 D EGL_emulation: app_time_stats: avg=1260.42ms min=60.18ms max=6049.07ms count=5
09-10 06:49:44.742  3061  3097 D EGL_emulation: app_time_stats: avg=14693.45ms min=14693.45ms max=14693.45ms count=1
09-10 06:49:48.828  3061  3077 D EGL_emulation: app_time_stats: avg=1664.89ms min=7.77ms max=8150.26ms count=5
09-10 06:49:55.094  3061  3077 D EGL_emulation: app_time_stats: avg=1251.40ms min=11.81ms max=6031.33ms count=5
09-10 06:49:59.366  3061  3097 D EGL_emulation: app_time_stats: avg=14624.55ms min=14624.55ms max=14624.55ms count=1
09-10 06:49:59.445  3061  3077 D EGL_emulation: app_time_stats: avg=861.98ms min=18.41ms max=4148.41ms count=5
09-10 06:50:03.993  3061  3077 D EGL_emulation: app_time_stats: avg=753.72ms min=52.62ms max=3723.18ms count=6
09-10 06:50:10.261  3061  3077 D EGL_emulation: app_time_stats: avg=1245.30ms min=17.94ms max=6051.53ms count=5
09-10 06:50:22.977  3061  3077 D EGL_emulation: app_time_stats: avg=2537.39ms min=12.51ms max=12518.43ms count=5
09-10 06:50:27.235  3061  3097 D EGL_emulation: app_time_stats: avg=9289.55ms min=303.45ms max=27073.03ms count=3
09-10 06:50:27.302  3061  3077 D EGL_emulation: app_time_stats: avg=847.22ms min=11.21ms max=4112.92ms count=5
09-10 06:50:31.861  3061  3077 D EGL_emulation: app_time_stats: avg=756.53ms min=53.18ms max=3710.30ms count=6
09-10 06:50:38.128  3061  3077 D EGL_emulation: app_time_stats: avg=1244.53ms min=18.07ms max=6062.37ms count=5
09-10 06:50:47.612  3061  3077 D EGL_emulation: app_time_stats: avg=1883.23ms min=0.84ms max=9288.71ms count=5
09-10 06:50:51.896  3061  3097 D EGL_emulation: app_time_stats: avg=8220.30ms min=247.57ms max=23922.44ms count=3
09-10 06:50:51.997  3061  3077 D EGL_emulation: app_time_stats: avg=865.31ms min=22.27ms max=4165.16ms count=5
09-10 06:50:56.563  3061  3077 D EGL_emulation: app_time_stats: avg=758.67ms min=46.87ms max=3740.29ms count=6
09-10 06:51:02.793  3061  3077 D EGL_emulation: app_time_stats: avg=1554.13ms min=16.92ms max=6058.68ms count=4
09-10 06:51:09.093  3061  3077 D EGL_emulation: app_time_stats: avg=1252.51ms min=20.93ms max=6099.89ms count=5
09-10 06:51:13.398  3061  3077 D EGL_emulation: app_time_stats: avg=854.51ms min=21.79ms max=4085.41ms count=5
09-10 06:51:13.412  3061  3097 D EGL_emulation: app_time_stats: avg=5378.90ms min=114.42ms max=20686.75ms count=4
09-10 06:51:18.010  3061  3077 D EGL_emulation: app_time_stats: avg=768.75ms min=58.60ms max=3702.65ms count=6
09-10 06:51:24.315  3061  3077 D EGL_emulation: app_time_stats: avg=1244.88ms min=2.55ms max=6105.20ms count=5
09-10 06:51:30.594  3061  3077 D EGL_emulation: app_time_stats: avg=1248.75ms min=19.65ms max=6085.70ms count=5
09-10 06:51:30.766  3061  3067 I t.compare:godot: Background concurrent mark compact GC freed 2708KB AllocSpace bytes, 0(0B) LOS objects, 49% free, 2808KB/5617KB, paused 58us,11.278ms total 37.699ms
09-10 06:51:34.854  3061  3097 D EGL_emulation: app_time_stats: avg=7146.59ms min=236.68ms max=20732.86ms count=3
09-10 06:51:34.932  3061  3077 D EGL_emulation: app_time_stats: avg=860.78ms min=15.99ms max=4107.80ms count=5
09-10 06:51:39.043  3061  3077 D EGL_emulation: app_time_stats: avg=673.77ms min=59.69ms max=3325.83ms count=6
09-10 06:51:45.327  3061  3077 D EGL_emulation: app_time_stats: avg=1240.57ms min=11.18ms max=6067.66ms count=5
09-10 06:51:54.811  3061  3077 D EGL_emulation: app_time_stats: avg=1885.16ms min=18.00ms max=9273.40ms count=5
09-10 06:51:59.059  3061  3077 D EGL_emulation: app_time_stats: avg=849.53ms min=23.47ms max=3993.48ms count=5
09-10 06:51:59.129  3061  3097 D EGL_emulation: app_time_stats: avg=12137.18ms min=336.25ms max=23938.12ms count=2
09-10 06:52:03.230  3061  3077 D EGL_emulation: app_time_stats: avg=695.15ms min=58.56ms max=3296.71ms count=6
09-10 06:52:09.527  3061  3077 D EGL_emulation: app_time_stats: avg=1253.91ms min=30.36ms max=6047.94ms count=5
09-10 06:52:15.828  3061  3077 D EGL_emulation: app_time_stats: avg=1257.26ms min=13.83ms max=6115.56ms count=5
09-10 06:52:20.246  3061  3097 D EGL_emulation: app_time_stats: avg=10558.57ms min=202.92ms max=20914.22ms count=2
09-10 06:52:24.680  3061  3077 D EGL_emulation: app_time_stats: avg=1764.10ms min=11.98ms max=8650.24ms count=5
09-10 06:52:28.987  3061  3097 D EGL_emulation: app_time_stats: avg=1734.15ms min=50.76ms max=8360.17ms count=5
09-10 06:52:33.144  3061  3077 D EGL_emulation: app_time_stats: avg=1680.97ms min=10.39ms max=8267.12ms count=5
09-10 06:52:39.427  3061  3077 D EGL_emulation: app_time_stats: avg=1240.11ms min=5.09ms max=6063.88ms count=5
09-10 06:52:43.715  3061  3097 D EGL_emulation: app_time_stats: avg=7363.75ms min=123.83ms max=14603.67ms count=2
09-10 06:52:47.813  3061  3077 D EGL_emulation: app_time_stats: avg=1668.85ms min=13.83ms max=8179.20ms count=5
09-10 06:52:54.094  3061  3077 D EGL_emulation: app_time_stats: avg=1247.84ms min=13.22ms max=6071.66ms count=5
09-10 06:52:58.360  3061  3077 D EGL_emulation: app_time_stats: avg=841.56ms min=12.90ms max=4059.16ms count=5
09-10 06:52:58.449  3061  3097 D EGL_emulation: app_time_stats: avg=14733.82ms min=14733.82ms max=14733.82ms count=1
09-10 06:53:02.978  3061  3077 D EGL_emulation: app_time_stats: avg=923.43ms min=153.22ms max=3748.61ms count=5
09-10 06:53:09.246  3061  3077 D EGL_emulation: app_time_stats: avg=1250.53ms min=16.38ms max=6072.01ms count=5
09-10 06:53:15.527  3061  3077 D EGL_emulation: app_time_stats: avg=1251.06ms min=12.12ms max=6070.11ms count=5
09-10 06:53:19.779  3061  3077 D EGL_emulation: app_time_stats: avg=841.82ms min=21.36ms max=4017.28ms count=5
09-10 06:53:19.888  3061  3097 D EGL_emulation: app_time_stats: avg=7146.50ms min=239.50ms max=20738.98ms count=3
09-10 06:53:24.394  3061  3077 D EGL_emulation: app_time_stats: avg=909.59ms min=23.11ms max=3760.08ms count=5
09-10 06:53:30.678  3061  3077 D EGL_emulation: app_time_stats: avg=1243.71ms min=19.50ms max=6077.31ms count=5
09-10 06:53:36.944  3061  3077 D EGL_emulation: app_time_stats: avg=1237.93ms min=12.80ms max=6047.88ms count=5
09-10 06:53:41.218  3061  3097 D EGL_emulation: app_time_stats: avg=7109.98ms min=209.64ms max=20712.42ms count=3
09-10 06:53:41.329  3061  3077 D EGL_emulation: app_time_stats: avg=870.20ms min=13.12ms max=4176.37ms count=5
09-10 06:53:42.074  3061  3067 I t.compare:godot: Background concurrent mark compact GC freed 2800KB AllocSpace bytes, 0(0B) LOS objects, 49% free, 2784KB/5569KB, paused 127us,5.304ms total 29.037ms
09-10 06:53:45.844  3061  3077 D EGL_emulation: app_time_stats: avg=749.95ms min=11.86ms max=3702.17ms count=6
09-10 06:53:52.096  3061  3077 D EGL_emulation: app_time_stats: avg=1246.24ms min=16.04ms max=6046.66ms count=5
09-10 06:53:58.410  3061  3077 D EGL_emulation: app_time_stats: avg=1244.83ms min=1.79ms max=6113.73ms count=5
09-10 06:54:02.721  3061  3097 D EGL_emulation: app_time_stats: avg=7167.52ms min=250.09ms max=20687.42ms count=3
09-10 06:54:02.852  3061  3077 D EGL_emulation: app_time_stats: avg=879.70ms min=14.11ms max=4243.06ms count=5
09-10 06:54:07.345  3061  3077 D EGL_emulation: app_time_stats: avg=746.43ms min=17.06ms max=3738.63ms count=6
09-10 06:54:13.578  3061  3077 D EGL_emulation: app_time_stats: avg=1228.38ms min=16.90ms max=6023.47ms count=5
09-10 06:54:19.876  3061  3077 D EGL_emulation: app_time_stats: avg=1249.47ms min=15.53ms max=6099.72ms count=5
09-10 06:54:24.144  3061  3077 D EGL_emulation: app_time_stats: avg=847.08ms min=24.07ms max=4065.15ms count=5
09-10 06:54:24.155  3061  3097 D EGL_emulation: app_time_stats: avg=7144.78ms min=368.67ms max=20652.15ms count=3
09-10 06:54:28.346  3061  3077 D EGL_emulation: app_time_stats: avg=700.22ms min=56.42ms max=3347.32ms count=6
09-10 06:54:34.627  3061  3077 D EGL_emulation: app_time_stats: avg=1243.71ms min=20.79ms max=6034.32ms count=5
09-10 06:54:40.894  3061  3077 D EGL_emulation: app_time_stats: avg=1249.91ms min=9.84ms max=6043.55ms count=5
09-10 06:54:45.164  3061  3097 D EGL_emulation: app_time_stats: avg=10504.22ms min=256.16ms max=20752.28ms count=2
09-10 06:54:45.253  3061  3077 D EGL_emulation: app_time_stats: avg=865.45ms min=7.55ms max=4158.07ms count=5
09-10 06:54:49.827  3061  3077 D EGL_emulation: app_time_stats: avg=751.04ms min=11.13ms max=3751.71ms count=6
09-10 06:54:56.110  3061  3077 D EGL_emulation: app_time_stats: avg=1250.02ms min=16.34ms max=6048.74ms count=5
09-10 06:55:02.410  3061  3077 D EGL_emulation: app_time_stats: avg=1237.78ms min=10.40ms max=6088.93ms count=5
09-10 06:55:06.668  3061  3097 D EGL_emulation: app_time_stats: avg=5375.92ms min=158.40ms max=20686.54ms count=4
09-10 06:55:06.714  3061  3077 D EGL_emulation: app_time_stats: avg=856.41ms min=10.94ms max=4103.54ms count=5
09-10 06:55:11.311  3061  3077 D EGL_emulation: app_time_stats: avg=764.35ms min=8.14ms max=3750.76ms count=6
09-10 06:55:17.580  3061  3077 D EGL_emulation: app_time_stats: avg=1248.11ms min=13.52ms max=6067.60ms count=5
09-10 06:55:23.829  3061  3077 D EGL_emulation: app_time_stats: avg=1241.45ms min=20.48ms max=6054.48ms count=5
09-10 06:55:28.093  3061  3077 D EGL_emulation: app_time_stats: avg=847.17ms min=12.62ms max=4062.01ms count=5
09-10 06:55:28.109  3061  3097 D EGL_emulation: app_time_stats: avg=5360.44ms min=175.64ms max=20643.75ms count=4
09-10 06:55:32.711  3061  3077 D EGL_emulation: app_time_stats: avg=767.22ms min=49.45ms max=3734.01ms count=6
09-10 06:55:38.978  3061  3077 D EGL_emulation: app_time_stats: avg=1248.19ms min=20.08ms max=6079.20ms count=5
09-10 06:55:45.244  3061  3077 D EGL_emulation: app_time_stats: avg=1245.49ms min=16.19ms max=6059.73ms count=5
09-10 06:55:49.522  3061  3097 D EGL_emulation: app_time_stats: avg=7137.63ms min=260.72ms max=20650.77ms count=3
09-10 06:55:49.590  3061  3077 D EGL_emulation: app_time_stats: avg=862.98ms min=19.48ms max=4122.83ms count=5
09-10 06:55:54.146  3061  3077 D EGL_emulation: app_time_stats: avg=757.64ms min=10.56ms max=3751.32ms count=6
09-10 06:56:00.393  3061  3077 D EGL_emulation: app_time_stats: avg=1238.22ms min=13.43ms max=6030.00ms count=5
09-10 06:56:06.679  3061  3077 D EGL_emulation: app_time_stats: avg=887.38ms min=23.41ms max=5913.43ms count=7
09-10 06:56:10.958  3061  3097 D EGL_emulation: app_time_stats: avg=7145.09ms min=281.40ms max=20656.44ms count=3
09-10 06:56:11.022  3061  3077 D EGL_emulation: app_time_stats: avg=852.36ms min=7.67ms max=4103.18ms count=5
09-10 06:56:15.578  3061  3077 D EGL_emulation: app_time_stats: avg=754.14ms min=9.93ms max=3731.96ms count=6
09-10 06:56:21.861  3061  3077 D EGL_emulation: app_time_stats: avg=1249.69ms min=11.93ms max=6095.91ms count=5
09-10 06:56:28.177  3061  3077 D EGL_emulation: app_time_stats: avg=1256.86ms min=24.06ms max=6114.81ms count=5
09-10 06:56:32.442  3061  3077 D EGL_emulation: app_time_stats: avg=842.41ms min=14.69ms max=4051.33ms count=5
09-10 06:56:32.457  3061  3097 D EGL_emulation: app_time_stats: avg=7166.34ms min=297.58ms max=20715.58ms count=3
09-10 06:56:37.062  3061  3077 D EGL_emulation: app_time_stats: avg=767.54ms min=10.08ms max=3732.91ms count=6
09-10 06:56:43.327  3061  3077 D EGL_emulation: app_time_stats: avg=1246.47ms min=16.80ms max=6048.10ms count=5
09-10 06:56:52.812  3061  3077 D EGL_emulation: app_time_stats: avg=1889.80ms min=11.85ms max=9273.85ms count=5
09-10 06:56:57.063  3061  3077 D EGL_emulation: app_time_stats: avg=839.51ms min=14.37ms max=4032.09ms count=5
09-10 06:56:57.200  3061  3097 D EGL_emulation: app_time_stats: avg=8247.71ms min=305.93ms max=23978.90ms count=3
09-10 06:56:57.325  3061  3097 D GLThread: Exiting render thread
09-10 06:56:57.325  3061  3097 D GodotRenderer: Destroying Godot Engine
09-10 06:56:57.339  3061  3097 D t.compare:godot: PlayerBase::stop() from IPlayer
09-10 06:56:57.339  3061  3097 D AudioTrack: stop(16): called with 24907046 frames delivered
09-10 06:56:57.344  3061  3097 E eglCodecCommon: removeVertexArrayObject: ERROR: 7 not found in VAO state!
09-10 06:56:57.373  3061  3097 V Godot   : OnGodotTerminating
09-10 06:56:57.381  3061  3061 V Godot   : OnDestroy: GodotFragment{cd52f5c} (ff8295cf-bb8d-476d-9096-697546f72339 id=0x7f07002b tag=partydeck-godot)
09-10 06:56:57.391  3061  3061 V Godot   : OnPause: GodotFragment{cd52f5c} (ff8295cf-bb8d-476d-9096-697546f72339 id=0x7f07002b tag=partydeck-godot)
09-10 06:56:57.555  3061  3061 I PartyDeckGodotHost: Engine process exit requested
09-10 06:56:57.555  3061  3061 I Process : Sending signal. PID: 3061 SIG: 9
