Godot Engine v4.7.2.stable.official.ed1daf0bf - https://godotengine.org
WARNING: Could not set V-Sync mode, as changing V-Sync mode is not supported by the graphics driver.
     at: set_use_vsync (platform/linuxbsd/x11/gl_manager_x11.cpp:372)
OpenGL API 4.5 (Core Profile) Mesa 25.2.8-0ubuntu0.24.04.2 - Compatibility - Using Device: Mesa - llvmpipe (LLVM 20.1.2, 256 bits)
WARNING: Started the engine as `root`/superuser. This is a security risk, and subsystems like audio may not work correctly.
Set the environment variable `GODOT_SILENCE_ROOT_WARNING` to 1 to silence this warning.
     at: setup2 (main/main.cpp:3581)

SCRIPT ERROR: Parse Error: Cannot infer the type of "clip" variable because the value doesn't have a set type.
          at: GDScript::reload (res://presentations/three_d/table.gd:704)
          GDScript backtrace (most recent call first):
              [0] _on_state (res://scripts/main.gd:101)
              [1] _publish (res://scripts/renderer_controller.gd:241)
              [2] _set_view (res://scripts/renderer_controller.gd:99)
              [3] _launch (res://scripts/renderer_controller.gd:86)
              [4] receive_document (res://scripts/renderer_controller.gd:45)
              [5] receive_document (res://scripts/main.gd:63)
              [6] _run (res://tests/three_d_scene_check.gd:47)
ERROR: Failed to load script "res://presentations/three_d/table.gd" with error "Parse error".
   at: load (modules/gdscript/gdscript_resource_format.cpp:46)
   GDScript backtrace (most recent call first):
       [0] _on_state (res://scripts/main.gd:101)
       [1] _publish (res://scripts/renderer_controller.gd:241)
       [2] _set_view (res://scripts/renderer_controller.gd:99)
       [3] _launch (res://scripts/renderer_controller.gd:86)
       [4] receive_document (res://scripts/renderer_controller.gd:45)
       [5] receive_document (res://scripts/main.gd:63)
       [6] _run (res://tests/three_d_scene_check.gd:47)
ERROR: The shared controller rejected the fixture.
   at: push_error (core/variant/variant_utility.cpp:1023)
   GDScript backtrace (most recent call first):
       [0] _fail (res://tests/three_d_scene_check.gd:296)
       [1] _run (res://tests/three_d_scene_check.gd:48)
