    PID    PPID COMMAND           RSS %CPU
   1891    1870 Runner.Worker   173672 4.3
   1858    1855 provjobd3354845 143096 1.5
   1870    1818 Runner.Listener 96648  1.2
   1154       1 dockerd         71852  0.1
    760       1 php-fpm8.3      51320  0.0
    814       1 containerd      46736  0.1
    224       1 multipathd      43680  0.0
   1080     774 python3         38300  0.5
    774       1 python3         30968  0.1
   1186     760 php-fpm8.3      21532  0.0
   1187     760 php-fpm8.3      21532  0.0
    758       1 networkd-dispat 20928  0.0
   1818       1 hosted-compute- 19988  0.0
    160       1 systemd-journal 17900  0.1
      1       0 systemd         14240  2.2
    773       1 udisksd         13888  0.0
    445       1 systemd-resolve 13140  0.0
    889       1 ModemManager    13108  0.0
    844       1 systemd         11580  0.0
    771       1 systemd-logind   9924  0.0
    645       1 systemd-network  9868  0.0
    764       1 polkitd          8208  0.0
    227       1 systemd-udevd    7952  0.0
   1855    1818 sudo             7096  0.0
    830       1 rsyslogd         6408  0.0
    752       1 dbus-daemon      5612  0.0
    490       1 haveged          5128  0.1
   2498    2484 ps               4292  0.0
    882       1 chronyd          3848  0.0
    936     844 (sd-pam)         3656  0.0
   2484    2483 bash             3648  0.0
   2482    1891 bash             3580  0.0
    321       1 hv_kvp_daemon    2968  0.0
    787       1 cron             2884  0.0
    834       1 agetty           2216  0.0
   2483    2482 timeout          2172  0.0
    843       1 agetty           2096  0.0
    890     882 chronyd          1220  0.0
      2       0 kthreadd            0  0.0
      3       2 pool_workqueue_     0  0.0
      4       2 kworker/R-rcu_g     0  0.0
      5       2 kworker/R-sync_     0  0.0
      6       2 kworker/R-kvfre     0  0.0
      7       2 kworker/R-slub_     0  0.0
      8       2 kworker/R-netns     0  0.0
      9       2 kworker/0:0-eve     0  0.0
     10       2 kworker/0:0H-ev     0  0.0
     11       2 kworker/0:1-cgr     0  0.1
     12       2 kworker/u16:0-e     0  0.2
     13       2 kworker/R-mm_pe     0  0.0
     14       2 ksoftirqd/0         0  0.0
     15       2 rcu_sched           0  0.0
     16       2 rcu_exp_par_gp_     0  0.0
     17       2 rcu_exp_gp_kthr     0  0.0
     18       2 migration/0         0  0.0
     19       2 idle_inject/0       0  0.0
     20       2 cpuhp/0             0  0.0
     21       2 cpuhp/2             0  0.0
     22       2 idle_inject/2       0  0.0
     23       2 migration/2         0  0.5
     24       2 ksoftirqd/2         0  0.0
     25       2 kworker/2:0-eve     0  0.0
     26       2 kworker/2:0H-ev     0  0.0
     27       2 cpuhp/1             0  0.1
     28       2 idle_inject/1       0  0.0
     29       2 migration/1         0  0.5
     30       2 ksoftirqd/1         0  0.0
     31       2 kworker/1:0-eve     0  0.0
     32       2 kworker/1:0H-ev     0  0.0
     33       2 cpuhp/3             0  0.0
     34       2 idle_inject/3       0  0.0
     35       2 migration/3         0  0.7
     36       2 ksoftirqd/3         0  0.0
     37       2 kworker/3:0-eve     0  0.0
     38       2 kworker/3:0H-ev     0  0.0
     39       2 kdevtmpfs           0  0.0
     40       2 kworker/R-inet_     0  0.0
     41       2 rcu_tasks_rude_     0  0.0
     42       2 rcu_tasks_trace     0  0.0
     43       2 kauditd             0  0.0
     44       2 khungtaskd          0  0.0
     45       2 oom_reaper          0  0.0
     46       2 kworker/u16:1-i     0  0.2
     47       2 kworker/u16:2-f     0  0.0
     48       2 kworker/R-write     0  0.0
     49       2 kcompactd0          0  0.0
     50       2 ksmd                0  0.0
     51       2 khugepaged          0  0.0
     52       2 kworker/R-kbloc     0  0.0
     53       2 kworker/R-blkcg     0  0.0
     54       2 kworker/R-kinte     0  0.0
     55       2 irq/9-acpi          0  0.0
     56       2 kworker/3:1-eve     0  0.0
     57       2 kworker/1:1-eve     0  0.0
     58       2 kworker/2:1-cgr     0  0.0
     59       2 kworker/R-tpm_d     0  0.0
     60       2 kworker/R-ata_s     0  0.0
     61       2 kworker/R-md        0  0.0
     62       2 kworker/R-md_bi     0  0.0
     63       2 kworker/R-edac-     0  0.0
     64       2 kworker/R-hv_vm     0  0.0
     65       2 kworker/R-hv_vm     0  0.0
     66       2 kworker/R-hv_pr     0  0.0
     67       2 kworker/R-hv_su     0  0.0
     68       2 kworker/R-devfr     0  0.0
     69       2 watchdogd           0  0.0
     70       2 kworker/R-quota     0  0.0
     71       2 kworker/2:1H-kb     0  0.0
     72       2 kswapd0             0  0.0
     73       2 ecryptfs-kthrea     0  0.0
     74       2 kworker/R-kthro     0  0.0
     75       2 kworker/R-nfit      0  0.0
     76       2 scsi_eh_0           0  0.0
     77       2 kworker/R-scsi_     0  0.0
     78       2 kworker/R-nvme-     0  0.0
     79       2 kworker/R-nvme-     0  0.0
     80       2 kworker/R-nvme-     0  0.0
     81       2 kworker/R-nvme-     0  0.0
     82       2 kworker/u16:3-e     0  0.0
     83       2 kworker/0:2-cgr     0  0.0
     84       2 kworker/u16:4-e     0  0.0
     85       2 kworker/u16:5-e     0  0.0
     86       2 kworker/u16:6-e     0  0.1
     87       2 kworker/u16:7-i     0  0.1
     88       2 kworker/u16:8-e     0  0.0
     89       2 kworker/R-mld       0  0.0
     90       2 kworker/3:1H-kb     0  0.0
     91       2 kworker/R-ipv6_     0  0.0
     92       2 kworker/0:3-eve     0  0.0
     93       2 hv_balloon          0  0.0
     94       2 kworker/R-kstrp     0  0.0
     96       2 kworker/u17:0       0  0.0
    107       2 jbd2/nvme0n1p1-     0  0.0
    108       2 kworker/R-ext4-     0  0.0
    109       2 kworker/2:2-cgr     0  0.0
    110       2 kworker/0:1H-kb     0  0.0
    112       2 kworker/1:1H-kb     0  0.0
    172       2 kworker/3:2-eve     0  0.0
    193       2 kworker/R-kmpat     0  0.0
    194       2 kworker/R-kmpat     0  0.0
    209       2 kworker/1:2-rcu     0  0.0
    210       2 kworker/1:3-eve     0  0.0
    220       2 kworker/2:3-eve     0  0.0
    239       2 psimon              0  0.0
    343       2 jbd2/nvme0n1p16     0  0.0
    344       2 kworker/R-ext4-     0  0.0
    533       2 kworker/0:4-eve     0  0.0
    534       2 kworker/R-mana_     0  0.0
    537       2 kworker/R-ib-co     0  0.0
    538       2 kworker/R-ib-co     0  0.0
    539       2 kworker/R-ib_mc     0  0.0
    540       2 kworker/R-ib_nl     0  0.0
    541       2 kworker/R-ib_ma     0  0.0
    733       2 ext4lazyinit        0  0.0
   1067       2 kworker/R-tls-s     0  0.0
   1109       2 kworker/u16:9-e     0  0.0
   1111       2 kworker/u16:10      0  0.0
   1112       2 kworker/u16:11-     0  0.0
   1389       2 kworker/u16:12      0  0.0
   1816       2 psimon              0  0.0
