--------- beginning of main
09-10 07:49:48.980 10865 10865 I t.compare:godot: Late-enabling -Xcheck:jni
09-10 07:49:49.016 10865 10865 I t.compare:godot: Using CollectorTypeCMC GC.
09-10 07:49:49.017 10865 10865 W t.compare:godot: Unexpected CPU variant for x86: x86_64.
09-10 07:49:49.017 10865 10865 W t.compare:godot: Known variants: atom, sandybridge, silvermont, goldmont, goldmont-plus, goldmont-without-sha-xsaves, tremont, kabylake, default
09-10 07:49:49.058 10865 10865 D nativeloader: Load libframework-connectivity-tiramisu-jni.so using APEX ns com_android_tethering for caller /apex/com.android.tethering/javalib/framework-connectivity-t.jar: ok
09-10 07:49:49.158 10865 10865 W ziparchive: Unable to open '/data/app/~~C12Gj98OnfCoZdy6ybALtw==/dev.partydeck.godot.compare-KQ3jAuDucshTR9rM4oVz1A==/base.dm': No such file or directory
09-10 07:49:49.158 10865 10865 W ziparchive: Unable to open '/data/app/~~C12Gj98OnfCoZdy6ybALtw==/dev.partydeck.godot.compare-KQ3jAuDucshTR9rM4oVz1A==/base.dm': No such file or directory
09-10 07:49:49.368 10865 10865 D nativeloader: Configuring clns-7 for other apk /data/app/~~C12Gj98OnfCoZdy6ybALtw==/dev.partydeck.godot.compare-KQ3jAuDucshTR9rM4oVz1A==/base.apk. target_sdk_version=36, uses_libraries=, library_path=/data/app/~~C12Gj98OnfCoZdy6ybALtw==/dev.partydeck.godot.compare-KQ3jAuDucshTR9rM4oVz1A==/lib/x86_64:/data/app/~~C12Gj98OnfCoZdy6ybALtw==/dev.partydeck.godot.compare-KQ3jAuDucshTR9rM4oVz1A==/base.apk!/lib/x86_64, permitted_path=/data:/mnt/expand:/data/user/0/dev.partydeck.godot.compare
09-10 07:49:49.416 10865 10865 V GraphicsEnvironment: Currently set values for:
09-10 07:49:49.416 10865 10865 V GraphicsEnvironment:   angle_gl_driver_selection_pkgs=[]
09-10 07:49:49.416 10865 10865 V GraphicsEnvironment:   angle_gl_driver_selection_values=[]
09-10 07:49:49.416 10865 10865 V GraphicsEnvironment: Global.Settings values are invalid: number of packages: 0, number of values: 0
09-10 07:49:49.416 10865 10865 V GraphicsEnvironment: Neither updatable production driver nor prerelease driver is supported.
09-10 07:49:49.832 10865 10865 V Godot   : Initializing Godot plugin registry
09-10 07:49:49.833 10865 10865 I GodotPluginRegistry: Registering runtime plugin AndroidRuntime
09-10 07:49:49.833 10865 10865 I GodotPluginRegistry: Registering runtime plugin PartyDeckBridge
09-10 07:49:49.833 10865 10865 V Godot   : InitEngine with params: [--main-pack, res://partydeck-last-light.pck, --rendering-method, gl_compatibility, --xr-mode, off]
09-10 07:49:49.862 10865 10865 D nativeloader: Load /data/app/~~C12Gj98OnfCoZdy6ybALtw==/dev.partydeck.godot.compare-KQ3jAuDucshTR9rM4oVz1A==/base.apk!/lib/x86_64/libgodot_android.so using ns clns-7 from class loader (caller=/data/app/~~C12Gj98OnfCoZdy6ybALtw==/dev.partydeck.godot.compare-KQ3jAuDucshTR9rM4oVz1A==/base.apk): ok
09-10 07:49:49.865 10865 10865 V Godot   : Godot native layer initialization completed: true
09-10 07:49:49.865 10865 10865 V Godot   : Setting up native layer with params: [--main-pack, res://partydeck-last-light.pck, --rendering-method, gl_compatibility, --xr-mode, off]
09-10 07:49:49.892 10865 10865 V Godot   : Godot native layer setup completed
09-10 07:49:49.893 10865 10865 V Godot   : OnInitRenderView: GodotFragment{1b9011f} (244c76cf-12a9-4241-bf61-46643dc39f31 id=0x7f07002b tag=partydeck-godot)
09-10 07:49:49.904 10865 10865 D Godot   : Render view should be transparent: false
09-10 07:49:49.905 10865 10865 D Godot   : renderingDevice: opengl3 (ProjectSettings)
09-10 07:49:49.905 10865 10865 D Godot   : 			renderer: gl_compatibility (Default)
09-10 07:49:49.919 10865 10865 V Godot   : OnStart: GodotFragment{1b9011f} (244c76cf-12a9-4241-bf61-46643dc39f31 id=0x7f07002b tag=partydeck-godot)
09-10 07:49:49.921 10865 10865 W WindowOnBackDispatcher: OnBackInvokedCallback is not enabled for the application.
09-10 07:49:49.921 10865 10865 W WindowOnBackDispatcher: Set 'android:enableOnBackInvokedCallback="true"' in the application manifest.
09-10 07:49:49.924 10865 10865 V Godot   : OnResume: GodotFragment{1b9011f} (244c76cf-12a9-4241-bf61-46643dc39f31 id=0x7f07002b tag=partydeck-godot)
09-10 07:49:49.928 10865 10865 W HWUI    : Unknown dataspace 0
09-10 07:49:49.979 10865 10894 I EGL_emulation: Opening libGLESv1_CM_emulation.so
09-10 07:49:49.983 10865 10894 I EGL_emulation: Opening libGLESv2_emulation.so
09-10 07:49:49.993 10865 10894 W HWUI    : Failed to choose config with EGL_SWAP_BEHAVIOR_PRESERVED, retrying without...
09-10 07:49:49.994 10865 10894 W HWUI    : Failed to initialize 101010-2 format, error = EGL_SUCCESS
09-10 07:49:50.000 10865 10903 W RegularContextFactory: creating OpenGL ES 3.0 context :
09-10 07:49:50.047 10865 10903 I Gralloc4: mapper 4.x is not supported
09-10 07:49:50.087 10865 10903 I godot   : Godot Engine v4.7.2.stable.official.ed1daf0bf - https://godotengine.org
09-10 07:49:50.106 10865 10872 I t.compare:godot: Compiler allocated 4219KB to compile void android.widget.TextView.<init>(android.content.Context, android.util.AttributeSet, int, int)
09-10 07:49:50.390 10865 10903 E godot   : WARNING: Failed to load cached shader, recompiling.
09-10 07:49:50.391 10865 10903 E godot   :    at: _load_from_cache (drivers/gles3/shader_gles3.cpp:615)
09-10 07:49:50.735 10865 10872 I t.compare:godot: Compiler allocated 5174KB to compile void android.view.ViewRootImpl.performTraversals()
09-10 07:49:50.987 10865 10906 E SurfaceSyncGroup: Failed to receive transaction ready in 1000ms. Marking SurfaceSyncGroup(wmsSync-VRI[GodotGameActivity]#1) as ready
09-10 07:49:50.987 10865 10906 E SurfaceSyncGroup: Failed to receive transaction ready in 1000ms. Marking SurfaceSyncGroup(VRI[GodotGameActivity]#2) as ready
09-10 07:49:50.989 10865 10906 E SurfaceSyncGroup: Failed to receive transaction ready in 1000ms. Marking SurfaceSyncGroup(SurfaceView[dev.partydeck.godot.compare/dev.partydeck.godot.compare.GodotGameActivity]#0) as ready
09-10 07:49:51.250 10865 10894 D EGL_emulation: app_time_stats: avg=356.17ms min=52.75ms max=877.14ms count=3
09-10 07:49:51.327 10865 10903 I godot   : OpenGL API OpenGL ES 3.1 (OpenGL ES 3.1.0 (ANGLE 2.1.17841 git hash: 5fa2e61da947)) - Compatibility - Using Device: Google (Google Inc. (Google)) - Android Emulator OpenGL ES Translator (ANGLE (Google, Vulkan 1.3.0 (SwiftShader Device (Subzero) (0x0000C0DE)), SwiftShader driver-5.0.0))
09-10 07:49:51.331 10865 10903 D t.compare:godot: PlayerBase::PlayerBase()
09-10 07:49:51.331 10865 10903 D t.compare:godot: TrackPlayerBase::TrackPlayerBase()
09-10 07:49:51.331 10865 10903 I libOpenSLES: Emulating old channel mask behavior (ignoring positional mask 0x3, using default mask 0x3 based on channel count of 2)
09-10 07:49:51.346 10865 10903 I godot   : 
09-10 07:49:51.723 10865 10903 V Godot   : OnGodotSetupCompleted
09-10 07:49:51.729 10865 10903 V Godot   : OnGodotMainLoopStarted
09-10 07:49:52.263 10865 10894 D EGL_emulation: app_time_stats: avg=253.18ms min=96.97ms max=360.69ms count=4
09-10 07:49:59.984 10865 10865 D AutofillManager: Fill dialog is enabled:false, hints=[]
09-10 07:50:00.029 10865 10894 D EGL_emulation: app_time_stats: avg=1287.98ms min=66.37ms max=7246.99ms count=6
09-10 07:50:00.270 10865 10903 D EGL_emulation: app_time_stats: avg=2208.10ms min=61.62ms max=8170.60ms count=4
09-10 07:50:00.271 10865 10903 D GLThread: Exiting render thread
09-10 07:50:00.272 10865 10903 D GodotRenderer: Destroying Godot Engine
09-10 07:50:00.288 10865 10903 D t.compare:godot: PlayerBase::stop() from IPlayer
09-10 07:50:00.288 10865 10903 D AudioTrack: stop(18): called with 398854 frames delivered
09-10 07:50:00.302 10865 10903 E eglCodecCommon: removeVertexArrayObject: ERROR: 7 not found in VAO state!
09-10 07:50:00.346 10865 10903 V Godot   : OnGodotTerminating
09-10 07:50:00.403 10865 10865 V Godot   : OnDestroy: GodotFragment{1b9011f} (244c76cf-12a9-4241-bf61-46643dc39f31 id=0x7f07002b tag=partydeck-godot)
09-10 07:50:00.448 10865 10865 V Godot   : OnPause: GodotFragment{1b9011f} (244c76cf-12a9-4241-bf61-46643dc39f31 id=0x7f07002b tag=partydeck-godot)
09-10 07:50:00.691 10865 10865 I PartyDeckGodotHost: Engine process exit requested
09-10 07:50:00.692 10865 10865 I Process : Sending signal. PID: 10865 SIG: 9
