2026-09-10T07:34:01.4639089Z Current runner version: '2.337.0'
2026-09-10T07:34:01.4665046Z ##[group]Runner Image Provisioner
2026-09-10T07:34:01.4665938Z Hosted Compute Agent
2026-09-10T07:34:01.4666689Z Version: 20260828.587
2026-09-10T07:34:01.4667401Z Commit: abac92662cab4cc7352de4f9f9d2e2419aad9c29
2026-09-10T07:34:01.4668189Z Build Date: 2026-08-28T16:44:25Z
2026-09-10T07:34:01.4668950Z Worker ID: {7c5a0818-4da7-476e-8030-87b43eec26b6}
2026-09-10T07:34:01.4669675Z Azure Region: westus
2026-09-10T07:34:01.4670370Z ##[endgroup]
2026-09-10T07:34:01.4672018Z ##[group]Operating System
2026-09-10T07:34:01.4672758Z Ubuntu
2026-09-10T07:34:01.4673674Z 24.04.5
2026-09-10T07:34:01.4674217Z LTS
2026-09-10T07:34:01.4674867Z ##[endgroup]
2026-09-10T07:34:01.4675444Z ##[group]Runner Image
2026-09-10T07:34:01.4676396Z Image: ubuntu-24.04
2026-09-10T07:34:01.4677116Z Version: 20260907.300.1
2026-09-10T07:34:01.4678396Z Included Software: https://github.com/actions/runner-images/blob/ubuntu24/20260907.300/images/ubuntu/Ubuntu2404-Readme.md
2026-09-10T07:34:01.4680054Z Image Release: https://github.com/actions/runner-images/releases/tag/ubuntu24%2F20260907.300
2026-09-10T07:34:01.4681122Z ##[endgroup]
2026-09-10T07:34:01.4682264Z ##[group]GITHUB_TOKEN Permissions
2026-09-10T07:34:01.4684768Z Contents: read
2026-09-10T07:34:01.4685428Z Metadata: read
2026-09-10T07:34:01.4686016Z ##[endgroup]
2026-09-10T07:34:01.4688213Z Secret source: Actions
2026-09-10T07:34:01.4689313Z Cache mode: write
2026-09-10T07:34:01.4690112Z Prepare workflow directory
2026-09-10T07:34:01.5072124Z Prepare all required actions
2026-09-10T07:34:01.5146483Z Getting action download info
2026-09-10T07:34:01.8958682Z Download action repository 'actions/checkout@3d3c42e5aac5ba805825da76410c181273ba90b1' (SHA:3d3c42e5aac5ba805825da76410c181273ba90b1)
2026-09-10T07:34:02.0023740Z Download action repository 'actions/setup-java@de7274f081f381c8f8158605e0321c36c376e2e6' (SHA:de7274f081f381c8f8158605e0321c36c376e2e6)
2026-09-10T07:34:02.6318400Z Download action repository 'android-actions/setup-android@40fd30fb8d7440372e1316f5d1809ec01dcd3699' (SHA:40fd30fb8d7440372e1316f5d1809ec01dcd3699)
2026-09-10T07:34:02.9033500Z Download action repository 'actions/download-artifact@3e5f45b2cfb9172054b4087a40e8e0b5a5461e7c' (SHA:3e5f45b2cfb9172054b4087a40e8e0b5a5461e7c)
2026-09-10T07:34:03.4361271Z Complete job name: Android 2d / 1.0x text / debug
2026-09-10T07:34:03.5435131Z ##[group]Run actions/checkout@3d3c42e5aac5ba805825da76410c181273ba90b1
2026-09-10T07:34:03.5437099Z with:
2026-09-10T07:34:03.5438204Z   persist-credentials: false
2026-09-10T07:34:03.5439459Z   repository: Apdelrahman1911/PartyDeck
2026-09-10T07:34:03.5448299Z   token: ***
2026-09-10T07:34:03.5449505Z   ssh-strict: true
2026-09-10T07:34:03.5450955Z   ssh-user: git
2026-09-10T07:34:03.5452042Z   clean: true
2026-09-10T07:34:03.5453280Z   sparse-checkout-cone-mode: true
2026-09-10T07:34:03.5454682Z   fetch-depth: 1
2026-09-10T07:34:03.5455731Z   fetch-tags: false
2026-09-10T07:34:03.5456748Z   show-progress: true
2026-09-10T07:34:03.5457878Z   lfs: false
2026-09-10T07:34:03.5458839Z   submodules: false
2026-09-10T07:34:03.5459920Z   set-safe-directory: true
2026-09-10T07:34:03.5461158Z   allow-unsafe-pr-checkout: false
2026-09-10T07:34:03.5462719Z ##[endgroup]
2026-09-10T07:34:03.6550288Z Syncing repository: Apdelrahman1911/PartyDeck
2026-09-10T07:34:03.6555471Z ##[group]Getting Git version info
2026-09-10T07:34:03.6558146Z Working directory is '/home/runner/work/PartyDeck/PartyDeck'
2026-09-10T07:34:03.6561365Z [command]/usr/bin/git version
2026-09-10T07:34:03.6631212Z git version 2.55.0
2026-09-10T07:34:03.6660247Z ##[endgroup]
2026-09-10T07:34:03.6672528Z Temporarily overriding HOME='/home/runner/work/_temp/b2b7b5cb-c5c2-468c-a311-c456e4dd61ee' before making global git config changes
2026-09-10T07:34:03.6676510Z Adding repository directory to the temporary git global config as a safe directory
2026-09-10T07:34:03.6680294Z [command]/usr/bin/git config --global --add safe.directory /home/runner/work/PartyDeck/PartyDeck
2026-09-10T07:34:03.6730610Z Deleting the contents of '/home/runner/work/PartyDeck/PartyDeck'
2026-09-10T07:34:03.6734351Z ##[group]Determining repository object format
2026-09-10T07:34:03.6737284Z ##[endgroup]
2026-09-10T07:34:03.6739483Z ##[group]Initializing the repository
2026-09-10T07:34:03.6741685Z [command]/usr/bin/git init /home/runner/work/PartyDeck/PartyDeck
2026-09-10T07:34:03.6868584Z hint: Using 'master' as the name for the initial branch. This default branch name
2026-09-10T07:34:03.6871658Z hint: will change to "main" in Git 3.0. To configure the initial branch name
2026-09-10T07:34:03.6875846Z hint: to use in all of your new repositories, which will suppress this warning,
2026-09-10T07:34:03.6878692Z hint: call:
2026-09-10T07:34:03.6880315Z hint:
2026-09-10T07:34:03.6882129Z hint: 	git config --global init.defaultBranch <name>
2026-09-10T07:34:03.6884962Z hint:
2026-09-10T07:34:03.6887215Z hint: Names commonly chosen instead of 'master' are 'main', 'trunk' and
2026-09-10T07:34:03.6890379Z hint: 'development'. The just-created branch can be renamed via this command:
2026-09-10T07:34:03.6902816Z hint:
2026-09-10T07:34:03.6905072Z hint: 	git branch -m <name>
2026-09-10T07:34:03.6908332Z hint:
2026-09-10T07:34:03.6913180Z hint: Disable this message with "git config set advice.defaultBranchName false"
2026-09-10T07:34:03.6918464Z Initialized empty Git repository in /home/runner/work/PartyDeck/PartyDeck/.git/
2026-09-10T07:34:03.6925498Z [command]/usr/bin/git remote add origin https://github.com/Apdelrahman1911/PartyDeck
2026-09-10T07:34:03.6952408Z ##[endgroup]
2026-09-10T07:34:03.6955459Z ##[group]Disabling automatic garbage collection
2026-09-10T07:34:03.7042076Z [command]/usr/bin/git config --local gc.auto 0
2026-09-10T07:34:03.7050141Z ##[endgroup]
2026-09-10T07:34:03.7053207Z ##[group]Setting up auth
2026-09-10T07:34:03.7055578Z Removing SSH command configuration
2026-09-10T07:34:03.7058420Z [command]/usr/bin/git config --local --name-only --get-regexp core\.sshCommand
2026-09-10T07:34:03.7067496Z [command]/usr/bin/git submodule foreach --recursive sh -c "git config --local --name-only --get-regexp 'core\.sshCommand' && git config --local --unset-all 'core.sshCommand' || :"
2026-09-10T07:34:03.7459081Z Removing HTTP extra header
2026-09-10T07:34:03.7465296Z [command]/usr/bin/git config --local --name-only --get-regexp http\.https\:\/\/github\.com\/\.extraheader
2026-09-10T07:34:03.7501716Z [command]/usr/bin/git submodule foreach --recursive sh -c "git config --local --name-only --get-regexp 'http\.https\:\/\/github\.com\/\.extraheader' && git config --local --unset-all 'http.https://github.com/.extraheader' || :"
2026-09-10T07:34:03.7726816Z Removing includeIf entries pointing to credentials config files
2026-09-10T07:34:03.7731961Z [command]/usr/bin/git config --local --name-only --get-regexp ^includeIf\.gitdir:
2026-09-10T07:34:03.7772406Z [command]/usr/bin/git submodule foreach --recursive git config --local --show-origin --name-only --get-regexp remote.origin.url
2026-09-10T07:34:03.8011877Z [command]/usr/bin/git config --file /home/runner/work/_temp/git-credentials-a0b36ac2-27ee-4dd1-923e-29851a69d096.config http.https://github.com/.extraheader AUTHORIZATION: basic ***
2026-09-10T07:34:03.8054485Z [command]/usr/bin/git config --local includeIf.gitdir:/home/runner/work/PartyDeck/PartyDeck/.git.path /home/runner/work/_temp/git-credentials-a0b36ac2-27ee-4dd1-923e-29851a69d096.config
2026-09-10T07:34:03.8088482Z [command]/usr/bin/git config --local includeIf.gitdir:/home/runner/work/PartyDeck/PartyDeck/.git/worktrees/*.path /home/runner/work/_temp/git-credentials-a0b36ac2-27ee-4dd1-923e-29851a69d096.config
2026-09-10T07:34:03.8126585Z [command]/usr/bin/git config --local includeIf.gitdir:/github/workspace/.git.path /github/runner_temp/git-credentials-a0b36ac2-27ee-4dd1-923e-29851a69d096.config
2026-09-10T07:34:03.8164544Z [command]/usr/bin/git config --local includeIf.gitdir:/github/workspace/.git/worktrees/*.path /github/runner_temp/git-credentials-a0b36ac2-27ee-4dd1-923e-29851a69d096.config
2026-09-10T07:34:03.8197012Z ##[endgroup]
2026-09-10T07:34:03.8200025Z ##[group]Fetching the repository
2026-09-10T07:34:03.8206073Z [command]/usr/bin/git -c protocol.version=2 fetch --no-tags --prune --no-recurse-submodules --depth=1 origin +a7278686170243795e505ce4f6a6788e912c01fe:refs/remotes/origin/main
2026-09-10T07:34:10.4645191Z From https://github.com/Apdelrahman1911/PartyDeck
2026-09-10T07:34:10.4646310Z  * [new ref]         a7278686170243795e505ce4f6a6788e912c01fe -> origin/main
2026-09-10T07:34:10.4656450Z [command]/usr/bin/git branch --list --remote origin/main
2026-09-10T07:34:10.4691526Z   origin/main
2026-09-10T07:34:10.4701397Z [command]/usr/bin/git rev-parse refs/remotes/origin/main
2026-09-10T07:34:10.4729287Z a7278686170243795e505ce4f6a6788e912c01fe
2026-09-10T07:34:10.4735218Z ##[endgroup]
2026-09-10T07:34:10.4736541Z ##[group]Determining the checkout info
2026-09-10T07:34:10.4737541Z ##[endgroup]
2026-09-10T07:34:10.4740455Z [command]/usr/bin/git sparse-checkout disable
2026-09-10T07:34:10.4797961Z [command]/usr/bin/git config --local --unset-all extensions.worktreeConfig
2026-09-10T07:34:10.4832168Z ##[group]Checking out the ref
2026-09-10T07:34:10.4838475Z [command]/usr/bin/git checkout --progress --force -B main refs/remotes/origin/main
2026-09-10T07:34:11.4965487Z Updating files:  77% (3348/4319)
2026-09-10T07:34:11.5161466Z Updating files:  78% (3369/4319)
2026-09-10T07:34:11.5211691Z Updating files:  79% (3413/4319)
2026-09-10T07:34:11.5275401Z Updating files:  80% (3456/4319)
2026-09-10T07:34:11.5323277Z Updating files:  81% (3499/4319)
2026-09-10T07:34:11.5374729Z Updating files:  82% (3542/4319)
2026-09-10T07:34:11.5423088Z Updating files:  83% (3585/4319)
2026-09-10T07:34:11.5478628Z Updating files:  84% (3628/4319)
2026-09-10T07:34:11.5518798Z Updating files:  85% (3672/4319)
2026-09-10T07:34:11.5564715Z Updating files:  86% (3715/4319)
2026-09-10T07:34:11.5612685Z Updating files:  87% (3758/4319)
2026-09-10T07:34:11.5659257Z Updating files:  88% (3801/4319)
2026-09-10T07:34:11.5696265Z Updating files:  89% (3844/4319)
2026-09-10T07:34:11.5821349Z Updating files:  90% (3888/4319)
2026-09-10T07:34:11.5903671Z Updating files:  91% (3931/4319)
2026-09-10T07:34:11.5931154Z Updating files:  92% (3974/4319)
2026-09-10T07:34:11.5972908Z Updating files:  93% (4017/4319)
2026-09-10T07:34:11.6032066Z Updating files:  94% (4060/4319)
2026-09-10T07:34:11.6069830Z Updating files:  95% (4104/4319)
2026-09-10T07:34:11.6086632Z Updating files:  96% (4147/4319)
2026-09-10T07:34:11.6120896Z Updating files:  97% (4190/4319)
2026-09-10T07:34:11.6160172Z Updating files:  98% (4233/4319)
2026-09-10T07:34:11.6202635Z Updating files:  99% (4276/4319)
2026-09-10T07:34:11.6203425Z Updating files: 100% (4319/4319)
2026-09-10T07:34:11.6203782Z Updating files: 100% (4319/4319), done.
2026-09-10T07:34:11.6262599Z Switched to a new branch 'main'
2026-09-10T07:34:11.6270321Z branch 'main' set up to track 'origin/main'.
2026-09-10T07:34:11.6324817Z ##[endgroup]
2026-09-10T07:34:11.6377031Z [command]/usr/bin/git log -1 --format=%H
2026-09-10T07:34:11.6406198Z a7278686170243795e505ce4f6a6788e912c01fe
2026-09-10T07:34:11.6417816Z ##[group]Removing auth
2026-09-10T07:34:11.6418119Z Removing SSH command configuration
2026-09-10T07:34:11.6423988Z [command]/usr/bin/git config --local --name-only --get-regexp core\.sshCommand
2026-09-10T07:34:11.6464632Z [command]/usr/bin/git submodule foreach --recursive sh -c "git config --local --name-only --get-regexp 'core\.sshCommand' && git config --local --unset-all 'core.sshCommand' || :"
2026-09-10T07:34:11.6700906Z Removing HTTP extra header
2026-09-10T07:34:11.6704859Z [command]/usr/bin/git config --local --name-only --get-regexp http\.https\:\/\/github\.com\/\.extraheader
2026-09-10T07:34:11.6740068Z [command]/usr/bin/git submodule foreach --recursive sh -c "git config --local --name-only --get-regexp 'http\.https\:\/\/github\.com\/\.extraheader' && git config --local --unset-all 'http.https://github.com/.extraheader' || :"
2026-09-10T07:34:11.6970016Z Removing includeIf entries pointing to credentials config files
2026-09-10T07:34:11.6974203Z [command]/usr/bin/git config --local --name-only --get-regexp ^includeIf\.gitdir:
2026-09-10T07:34:11.7005251Z includeif.gitdir:/home/runner/work/PartyDeck/PartyDeck/.git.path
2026-09-10T07:34:11.7005986Z includeif.gitdir:/home/runner/work/PartyDeck/PartyDeck/.git/worktrees/*.path
2026-09-10T07:34:11.7006485Z includeif.gitdir:/github/workspace/.git.path
2026-09-10T07:34:11.7006866Z includeif.gitdir:/github/workspace/.git/worktrees/*.path
2026-09-10T07:34:11.7013975Z [command]/usr/bin/git config --local --get-all includeif.gitdir:/home/runner/work/PartyDeck/PartyDeck/.git.path
2026-09-10T07:34:11.7040201Z /home/runner/work/_temp/git-credentials-a0b36ac2-27ee-4dd1-923e-29851a69d096.config
2026-09-10T07:34:11.7050844Z [command]/usr/bin/git config --local --unset includeif.gitdir:/home/runner/work/PartyDeck/PartyDeck/.git.path \/home\/runner\/work\/_temp\/git\-credentials\-a0b36ac2\-27ee\-4dd1\-923e\-29851a69d096\.config
2026-09-10T07:34:11.7086602Z [command]/usr/bin/git config --local --get-all includeif.gitdir:/home/runner/work/PartyDeck/PartyDeck/.git/worktrees/*.path
2026-09-10T07:34:11.7118150Z /home/runner/work/_temp/git-credentials-a0b36ac2-27ee-4dd1-923e-29851a69d096.config
2026-09-10T07:34:11.7132777Z [command]/usr/bin/git config --local --unset includeif.gitdir:/home/runner/work/PartyDeck/PartyDeck/.git/worktrees/*.path \/home\/runner\/work\/_temp\/git\-credentials\-a0b36ac2\-27ee\-4dd1\-923e\-29851a69d096\.config
2026-09-10T07:34:11.7177539Z [command]/usr/bin/git config --local --get-all includeif.gitdir:/github/workspace/.git.path
2026-09-10T07:34:11.7204694Z /github/runner_temp/git-credentials-a0b36ac2-27ee-4dd1-923e-29851a69d096.config
2026-09-10T07:34:11.7211973Z [command]/usr/bin/git config --local --unset includeif.gitdir:/github/workspace/.git.path \/github\/runner_temp\/git\-credentials\-a0b36ac2\-27ee\-4dd1\-923e\-29851a69d096\.config
2026-09-10T07:34:11.7247756Z [command]/usr/bin/git config --local --get-all includeif.gitdir:/github/workspace/.git/worktrees/*.path
2026-09-10T07:34:11.7272573Z /github/runner_temp/git-credentials-a0b36ac2-27ee-4dd1-923e-29851a69d096.config
2026-09-10T07:34:11.7280588Z [command]/usr/bin/git config --local --unset includeif.gitdir:/github/workspace/.git/worktrees/*.path \/github\/runner_temp\/git\-credentials\-a0b36ac2\-27ee\-4dd1\-923e\-29851a69d096\.config
2026-09-10T07:34:11.7316803Z [command]/usr/bin/git submodule foreach --recursive git config --local --show-origin --name-only --get-regexp remote.origin.url
2026-09-10T07:34:11.7542189Z Removing credentials config '/home/runner/work/_temp/git-credentials-a0b36ac2-27ee-4dd1-923e-29851a69d096.config'
2026-09-10T07:34:11.7551236Z ##[endgroup]
2026-09-10T07:34:11.7855506Z ##[group]Run actions/setup-java@de7274f081f381c8f8158605e0321c36c376e2e6
2026-09-10T07:34:11.7855911Z with:
2026-09-10T07:34:11.7856107Z   distribution: temurin
2026-09-10T07:34:11.7856333Z   java-version: 21
2026-09-10T07:34:11.7856538Z   java-package: jdk
2026-09-10T07:34:11.7856748Z   check-latest: false
2026-09-10T07:34:11.7856977Z   force-download: false
2026-09-10T07:34:11.7857186Z   set-default: true
2026-09-10T07:34:11.7857385Z   server-id: github
2026-09-10T07:34:11.7857610Z   mvn-repositories-include-central: true
2026-09-10T07:34:11.7857917Z   mvn-repositories-prioritize-central: true
2026-09-10T07:34:11.7858207Z   overwrite-settings: true
2026-09-10T07:34:11.7858437Z   cache-read-only: false
2026-09-10T07:34:11.7858656Z   job-status: success
2026-09-10T07:34:11.7860935Z   token: ***
2026-09-10T07:34:11.7861178Z   show-download-progress: false
2026-09-10T07:34:11.7861482Z   problem-matcher: true
2026-09-10T07:34:11.7861702Z ##[endgroup]
2026-09-10T07:34:11.8598442Z ##[group]Installed distributions
2026-09-10T07:34:11.8685825Z Resolved Java 21.0.12+1 from tool-cache
2026-09-10T07:34:11.8686418Z Setting Java 21.0.12+1 as the default
2026-09-10T07:34:11.8695097Z 
2026-09-10T07:34:11.8695600Z Java configuration:
2026-09-10T07:34:11.8695998Z   Distribution: temurin
2026-09-10T07:34:11.8696408Z   Version: 21.0.12+1
2026-09-10T07:34:11.8697246Z   Path: /opt/hostedtoolcache/Java_Temurin-Hotspot_jdk/21.0.12-1/x64
2026-09-10T07:34:11.8697761Z 
2026-09-10T07:34:11.8698230Z ##[endgroup]
2026-09-10T07:34:11.8729061Z Creating settings.xml with server-id: github
2026-09-10T07:34:11.8729460Z Creating toolchains.xml for JDK version 21 from temurin
2026-09-10T07:34:11.8729809Z Writing to /home/runner/.m2/settings.xml
2026-09-10T07:34:11.8737868Z Writing to /home/runner/.m2/toolchains.xml
2026-09-10T07:34:11.8745862Z Configured MAVEN_ARGS to include -ntp to suppress Maven transfer progress logs. Set 'show-download-progress: true' to keep the download progress output.
2026-09-10T07:34:11.8897032Z ##[group]Run android-actions/setup-android@40fd30fb8d7440372e1316f5d1809ec01dcd3699
2026-09-10T07:34:11.8897518Z with:
2026-09-10T07:34:11.8897843Z   packages: platform-tools emulator system-images;android-35;default;x86_64
2026-09-10T07:34:11.8898263Z   log-accepted-android-sdk-licenses: false
2026-09-10T07:34:11.8898557Z   cmdline-tools-version: 14742923
2026-09-10T07:34:11.8898836Z   accept-android-sdk-licenses: true
2026-09-10T07:34:11.8899079Z env:
2026-09-10T07:34:11.8899361Z   JAVA_HOME: /opt/hostedtoolcache/Java_Temurin-Hotspot_jdk/21.0.12-1/x64
2026-09-10T07:34:11.8899828Z   JAVA_HOME_21_X64: /opt/hostedtoolcache/Java_Temurin-Hotspot_jdk/21.0.12-1/x64
2026-09-10T07:34:11.8900200Z   MAVEN_ARGS: -ntp
2026-09-10T07:34:11.8900402Z ##[endgroup]
2026-09-10T07:34:11.9691295Z Found preinstalled sdkmanager in /usr/local/lib/android/sdk/cmdline-tools/latest with following source.properties:
2026-09-10T07:34:11.9692473Z Pkg.Revision=12.0
2026-09-10T07:34:11.9693382Z Pkg.Path=cmdline-tools;12.0
2026-09-10T07:34:11.9693791Z Pkg.Desc=Android SDK Command-line Tools
2026-09-10T07:34:11.9694071Z 
2026-09-10T07:34:11.9694243Z Wrong version in preinstalled sdkmanager
2026-09-10T07:34:11.9695108Z Downloading commandline tools from https://dl.google.com/android/repository/commandlinetools-linux-14742923_latest.zip
2026-09-10T07:34:13.2663473Z [command]/usr/bin/unzip -o -q /home/runner/work/_temp/26445396-2ae3-479f-93e4-180747f56dec
2026-09-10T07:34:14.0646541Z Accepting Android SDK licenses
2026-09-10T07:34:16.6667179Z [command]/usr/local/lib/android/sdk/cmdline-tools/20.0/bin/sdkmanager platform-tools
2026-09-10T07:34:17.4975290Z Loading package information...                                                  
2026-09-10T07:34:17.6058370Z Loading local repository...                                                     
2026-09-10T07:34:17.6058925Z [                                       ] 3% Loading local repository...        
2026-09-10T07:34:17.6087697Z [                                       ] 3% Fetch remote repository...         
2026-09-10T07:34:17.8665288Z [=                                      ] 3% Fetch remote repository...         
2026-09-10T07:34:18.1006360Z [=                                      ] 4% Fetch remote repository...         
2026-09-10T07:34:18.2016869Z [=                                      ] 5% Fetch remote repository...         
2026-09-10T07:34:18.2771897Z [==                                     ] 5% Fetch remote repository...         
2026-09-10T07:34:18.3674135Z [==                                     ] 6% Fetch remote repository...         
2026-09-10T07:34:18.4614230Z [==                                     ] 7% Fetch remote repository...         
2026-09-10T07:34:18.4642577Z [==                                     ] 7% Computing updates...               
2026-09-10T07:34:18.4738409Z [===                                    ] 8% Computing updates...               
2026-09-10T07:34:18.6430884Z [===                                    ] 10% Computing updates...              
2026-09-10T07:34:18.6432638Z [=======================================] 100% Computing updates...             
2026-09-10T07:34:18.6433824Z 
2026-09-10T07:34:18.6632463Z [command]/usr/local/lib/android/sdk/cmdline-tools/20.0/bin/sdkmanager emulator
2026-09-10T07:34:19.5105983Z Loading package information...                                                  
2026-09-10T07:34:19.6105831Z Loading local repository...                                                     
2026-09-10T07:34:19.6106913Z [                                       ] 3% Loading local repository...        
2026-09-10T07:34:19.6135288Z [                                       ] 3% Fetch remote repository...         
2026-09-10T07:34:19.9831002Z [=                                      ] 3% Fetch remote repository...         
2026-09-10T07:34:20.0537572Z [=                                      ] 4% Fetch remote repository...         
2026-09-10T07:34:20.1076071Z [=                                      ] 5% Fetch remote repository...         
2026-09-10T07:34:20.1722787Z [==                                     ] 5% Fetch remote repository...         
2026-09-10T07:34:20.3055929Z [==                                     ] 6% Fetch remote repository...         
2026-09-10T07:34:20.3774387Z [==                                     ] 7% Fetch remote repository...         
2026-09-10T07:34:20.3823993Z [==                                     ] 7% Computing updates...               
2026-09-10T07:34:20.3903849Z [===                                    ] 8% Computing updates...               
2026-09-10T07:34:20.4044121Z [===                                    ] 10% Computing updates...              
2026-09-10T07:34:20.8011459Z [===                                    ] 10% Installing Android Emulator       
2026-09-10T07:34:20.9339697Z [===                                    ] 10% Downloading emulator-linux_x64-159
2026-09-10T07:34:20.9915848Z [====                                   ] 10% Downloading emulator-linux_x64-159
2026-09-10T07:34:21.0801111Z [====                                   ] 11% Downloading emulator-linux_x64-159
2026-09-10T07:34:21.1927796Z [====                                   ] 12% Downloading emulator-linux_x64-159
2026-09-10T07:34:21.2758101Z [=====                                  ] 13% Downloading emulator-linux_x64-159
2026-09-10T07:34:21.3814235Z [=====                                  ] 14% Downloading emulator-linux_x64-159
2026-09-10T07:34:21.4586921Z [=====                                  ] 15% Downloading emulator-linux_x64-159
2026-09-10T07:34:21.5094938Z [======                                 ] 15% Downloading emulator-linux_x64-159
2026-09-10T07:34:21.6128360Z [======                                 ] 16% Downloading emulator-linux_x64-159
2026-09-10T07:34:21.7514483Z [======                                 ] 17% Downloading emulator-linux_x64-159
2026-09-10T07:34:21.8453366Z [=======                                ] 18% Downloading emulator-linux_x64-159
2026-09-10T07:34:21.9660521Z [=======                                ] 19% Downloading emulator-linux_x64-159
2026-09-10T07:34:22.0209015Z [=======                                ] 20% Downloading emulator-linux_x64-159
2026-09-10T07:34:22.0650564Z [========                               ] 20% Downloading emulator-linux_x64-159
2026-09-10T07:34:22.1774105Z [========                               ] 21% Downloading emulator-linux_x64-159
2026-09-10T07:34:22.2651414Z [========                               ] 22% Downloading emulator-linux_x64-159
2026-09-10T07:34:22.3650561Z [=========                              ] 23% Downloading emulator-linux_x64-159
2026-09-10T07:34:22.4648095Z [=========                              ] 24% Downloading emulator-linux_x64-159
2026-09-10T07:34:22.5102258Z [=========                              ] 25% Downloading emulator-linux_x64-159
2026-09-10T07:34:22.5532021Z [==========                             ] 25% Downloading emulator-linux_x64-159
2026-09-10T07:34:22.6774418Z [==========                             ] 26% Downloading emulator-linux_x64-159
2026-09-10T07:34:22.7729969Z [==========                             ] 27% Downloading emulator-linux_x64-159
2026-09-10T07:34:22.8809962Z [===========                            ] 28% Downloading emulator-linux_x64-159
2026-09-10T07:34:22.9757259Z [===========                            ] 29% Downloading emulator-linux_x64-159
2026-09-10T07:34:23.0625662Z [===========                            ] 30% Downloading emulator-linux_x64-159
2026-09-10T07:34:23.1394712Z [============                           ] 30% Downloading emulator-linux_x64-159
2026-09-10T07:34:23.2469879Z [============                           ] 31% Downloading emulator-linux_x64-159
2026-09-10T07:34:23.3411423Z [============                           ] 32% Downloading emulator-linux_x64-159
2026-09-10T07:34:23.3418946Z [============                           ] 33% Downloading emulator-linux_x64-159
2026-09-10T07:34:23.4188223Z [============                           ] 33% Unzipping...                      
2026-09-10T07:34:23.4189303Z [============                           ] 33% Unzipping... emulator/            
2026-09-10T07:34:23.4193684Z [============                           ] 33% Unzipping... emulator/resources/  
2026-09-10T07:34:23.4207515Z [============                           ] 33% Unzipping... emulator/qsn         
2026-09-10T07:34:23.4608629Z [=============                          ] 33% Unzipping... emulator/qsn         
2026-09-10T07:34:23.5191088Z [=============                          ] 33% Unzipping... emulator/emulator    
2026-09-10T07:34:23.6255554Z [=============                          ] 33% Unzipping... emulator/netsimd     
2026-09-10T07:34:23.6256438Z [=============                          ] 33% Unzipping... emulator/bin64/      
2026-09-10T07:34:23.6257187Z [=============                          ] 33% Unzipping... emulator/qemu/       
2026-09-10T07:34:23.6277127Z [=============                          ] 33% Unzipping... emulator/NOTICE.txt  
2026-09-10T07:34:23.6481857Z [=============                          ] 33% Unzipping... emulator/crashpad_han
2026-09-10T07:34:23.6483899Z [=============                          ] 33% Unzipping... emulator/source.prope
2026-09-10T07:34:23.6523370Z [=============                          ] 33% Unzipping... emulator/nimble_bridg
2026-09-10T07:34:23.7104260Z [=============                          ] 34% Unzipping... emulator/nimble_bridg
2026-09-10T07:34:23.7107148Z [=============                          ] 34% Unzipping... emulator/LICENSE     
2026-09-10T07:34:23.7108051Z [=============                          ] 34% Unzipping... emulator/lib/        
2026-09-10T07:34:23.7192704Z [=============                          ] 34% Unzipping... emulator/qemu-img    
2026-09-10T07:34:23.7193628Z [=============                          ] 34% Unzipping... emulator/include/    
2026-09-10T07:34:23.7200696Z [=============                          ] 34% Unzipping... emulator/NOTICE.csv  
2026-09-10T07:34:23.7201643Z [=============                          ] 34% Unzipping... emulator/lib64/      
2026-09-10T07:34:23.7362396Z [=============                          ] 34% Unzipping... emulator/emulator-che
2026-09-10T07:34:23.7562255Z [=============                          ] 34% Unzipping... emulator/crashreport 
2026-09-10T07:34:23.7569339Z [=============                          ] 34% Unzipping... emulator/mksdcard    
2026-09-10T07:34:23.7736367Z [=============                          ] 34% Unzipping... emulator/resources/To
2026-09-10T07:34:23.7752414Z [=============                          ] 35% Unzipping... emulator/resources/To
2026-09-10T07:34:23.7767961Z [=============                          ] 35% Unzipping... emulator/resources/de
2026-09-10T07:34:23.7901656Z [=============                          ] 35% Unzipping... emulator/resources/To
2026-09-10T07:34:23.7903672Z [=============                          ] 35% Unzipping... emulator/resources/ma
2026-09-10T07:34:23.7929645Z [=============                          ] 35% Unzipping... emulator/resources/de
2026-09-10T07:34:23.7931664Z [=============                          ] 35% Unzipping... emulator/resources/sk
2026-09-10T07:34:23.7965024Z [=============                          ] 35% Unzipping... emulator/resources/de
2026-09-10T07:34:23.7988578Z [=============                          ] 35% Unzipping... emulator/resources/ma
2026-09-10T07:34:23.7991034Z [=============                          ] 35% Unzipping... emulator/resources/po
2026-09-10T07:34:23.8059353Z [=============                          ] 35% Unzipping... emulator/resources/ma
2026-09-10T07:34:23.8132716Z [=============                          ] 35% Unzipping... emulator/resources/sk
2026-09-10T07:34:23.8148974Z [=============                          ] 35% Unzipping... emulator/resources/ma
2026-09-10T07:34:23.8186211Z [=============                          ] 35% Unzipping... emulator/bin64/e2fsck
2026-09-10T07:34:23.8221935Z [=============                          ] 35% Unzipping... emulator/bin64/fsck.e
2026-09-10T07:34:23.8248254Z [=============                          ] 35% Unzipping... emulator/bin64/tune2f
2026-09-10T07:34:23.8266160Z [=============                          ] 35% Unzipping... emulator/bin64/resize
2026-09-10T07:34:23.8291094Z [=============                          ] 35% Unzipping... emulator/bin64/mkfs.e
2026-09-10T07:34:23.8393335Z [=============                          ] 35% Unzipping... emulator/qemu/linux-x
2026-09-10T07:34:23.9444393Z [==============                         ] 35% Unzipping... emulator/qemu/linux-x
2026-09-10T07:34:24.1069792Z [==============                         ] 36% Unzipping... emulator/qemu/linux-x
2026-09-10T07:34:24.3160544Z [==============                         ] 37% Unzipping... emulator/qemu/linux-x
2026-09-10T07:34:24.4789958Z [===============                        ] 38% Unzipping... emulator/qemu/linux-x
2026-09-10T07:34:24.6357139Z [===============                        ] 39% Unzipping... emulator/qemu/linux-x
2026-09-10T07:34:24.7164000Z [===============                        ] 40% Unzipping... emulator/qemu/linux-x
2026-09-10T07:34:24.7973869Z [================                       ] 40% Unzipping... emulator/qemu/linux-x
2026-09-10T07:34:24.8884049Z [================                       ] 41% Unzipping... emulator/qemu/linux-x
2026-09-10T07:34:24.8904248Z [================                       ] 41% Unzipping... emulator/lib/emulator
2026-09-10T07:34:24.8905065Z [================                       ] 41% Unzipping... emulator/lib/rtc_serv
2026-09-10T07:34:24.8905780Z [================                       ] 41% Unzipping... emulator/lib/advanced
2026-09-10T07:34:24.8906481Z [================                       ] 41% Unzipping... emulator/lib/cmake/  
2026-09-10T07:34:24.8907168Z [================                       ] 41% Unzipping... emulator/lib/emulator
2026-09-10T07:34:24.8907857Z [================                       ] 41% Unzipping... emulator/lib/control_
2026-09-10T07:34:24.8908522Z [================                       ] 41% Unzipping... emulator/lib/emulated
2026-09-10T07:34:24.8909487Z [================                       ] 41% Unzipping... emulator/lib/rtc_serv
2026-09-10T07:34:24.8910921Z [================                       ] 41% Unzipping... emulator/lib/emu-orig
2026-09-10T07:34:24.8915314Z [================                       ] 41% Unzipping... emulator/lib/hardware
2026-09-10T07:34:24.8916223Z [================                       ] 41% Unzipping... emulator/lib/pkgconfi
2026-09-10T07:34:24.8917178Z [================                       ] 41% Unzipping... emulator/lib/pc-bios/
2026-09-10T07:34:24.8920288Z [================                       ] 41% Unzipping... emulator/lib/snapshot
2026-09-10T07:34:24.8923799Z [================                       ] 41% Unzipping... emulator/lib/adb_serv
2026-09-10T07:34:24.8932105Z [================                       ] 41% Unzipping... emulator/lib/hostapd.
2026-09-10T07:34:24.8935798Z [================                       ] 41% Unzipping... emulator/lib/grpc_end
2026-09-10T07:34:24.8963896Z [================                       ] 41% Unzipping... emulator/lib/ca-bundl
2026-09-10T07:34:24.8964841Z [================                       ] 41% Unzipping... emulator/lib/ui_contr
2026-09-10T07:34:24.8967867Z [================                       ] 41% Unzipping... emulator/lib/snapshot
2026-09-10T07:34:24.8971349Z [================                       ] 41% Unzipping... emulator/lib/ice_conf
2026-09-10T07:34:24.9286791Z [================                       ] 41% Unzipping... emulator/lib/libflatb
2026-09-10T07:34:24.9310911Z [================                       ] 41% Unzipping... emulator/lib/emulator
2026-09-10T07:34:24.9311688Z [================                       ] 41% Unzipping... emulator/lib/waterfal
2026-09-10T07:34:24.9312356Z [================                       ] 41% Unzipping... emulator/lib/emulated
2026-09-10T07:34:24.9313223Z [================                       ] 41% Unzipping... emulator/lib/cmake/fl
2026-09-10T07:34:24.9332796Z [================                       ] 41% Unzipping... emulator/lib/pkgconfi
2026-09-10T07:34:24.9514251Z [================                       ] 41% Unzipping... emulator/lib/pc-bios/
2026-09-10T07:34:24.9600319Z [================                       ] 41% Unzipping... emulator/include/flat
2026-09-10T07:34:24.9672426Z [================                       ] 41% Unzipping... emulator/lib64/libgli
2026-09-10T07:34:24.9793052Z [================                       ] 41% Unzipping... emulator/lib64/libpro
2026-09-10T07:34:24.9794224Z [================                       ] 41% Unzipping... emulator/lib64/qt/   
2026-09-10T07:34:25.0192625Z [================                       ] 41% Unzipping... emulator/lib64/liband
2026-09-10T07:34:25.0217033Z [================                       ] 41% Unzipping... emulator/lib64/libgfx
2026-09-10T07:34:25.0894800Z [================                       ] 42% Unzipping... emulator/lib64/libgfx
2026-09-10T07:34:25.0895931Z [================                       ] 42% Unzipping... emulator/lib64/gles_l
2026-09-10T07:34:25.0903451Z [================                       ] 42% Unzipping... emulator/lib64/liband
2026-09-10T07:34:25.0904691Z [================                       ] 42% Unzipping... emulator/lib64/vulkan
2026-09-10T07:34:25.0905335Z [================                       ] 42% Unzipping... emulator/lib64/gles_s
2026-09-10T07:34:25.0909878Z [================                       ] 42% Unzipping... emulator/lib64/libemu
2026-09-10T07:34:25.1036001Z [================                       ] 42% Unzipping... emulator/lib64/libpro
2026-09-10T07:34:25.2080406Z [================                       ] 42% Unzipping... emulator/lib64/liband
2026-09-10T07:34:25.2580392Z [=================                      ] 43% Unzipping... emulator/lib64/liband
2026-09-10T07:34:25.2599264Z [=================                      ] 43% Unzipping... emulator/lib64/libtcm
2026-09-10T07:34:25.2602895Z [=================                      ] 43% Unzipping... emulator/lib64/libima
2026-09-10T07:34:25.2671644Z [=================                      ] 43% Unzipping... emulator/lib64/libc++
2026-09-10T07:34:25.2940973Z [=================                      ] 43% Unzipping... emulator/lib64/liband
2026-09-10T07:34:25.2987740Z [=================                      ] 43% Unzipping... emulator/lib64/libabs
2026-09-10T07:34:25.2988765Z [=================                      ] 43% Unzipping... emulator/lib64/gles_a
2026-09-10T07:34:25.3060080Z [=================                      ] 43% Unzipping... emulator/lib64/libsha
2026-09-10T07:34:25.3128344Z [=================                      ] 43% Unzipping... emulator/lib64/libc++
2026-09-10T07:34:25.3129619Z [=================                      ] 43% Unzipping... emulator/lib64/qt/res
2026-09-10T07:34:25.3131548Z [=================                      ] 43% Unzipping... emulator/lib64/qt/lib
2026-09-10T07:34:25.3132413Z [=================                      ] 43% Unzipping... emulator/lib64/qt/tra
2026-09-10T07:34:25.3133507Z [=================                      ] 43% Unzipping... emulator/lib64/qt/plu
2026-09-10T07:34:25.3253569Z [=================                      ] 43% Unzipping... emulator/lib64/qt/res
2026-09-10T07:34:25.3877891Z [=================                      ] 44% Unzipping... emulator/lib64/qt/res
2026-09-10T07:34:25.3997043Z [=================                      ] 44% Unzipping... emulator/lib64/qt/lib
2026-09-10T07:34:25.4618247Z [=================                      ] 45% Unzipping... emulator/lib64/qt/lib
2026-09-10T07:34:25.5890353Z [==================                     ] 45% Unzipping... emulator/lib64/qt/lib
2026-09-10T07:34:25.7491219Z [==================                     ] 46% Unzipping... emulator/lib64/qt/lib
2026-09-10T07:34:25.9563681Z [==================                     ] 47% Unzipping... emulator/lib64/qt/lib
2026-09-10T07:34:26.1608473Z [===================                    ] 48% Unzipping... emulator/lib64/qt/lib
2026-09-10T07:34:26.3632436Z [===================                    ] 49% Unzipping... emulator/lib64/qt/lib
2026-09-10T07:34:26.4728478Z [===================                    ] 50% Unzipping... emulator/lib64/qt/lib
2026-09-10T07:34:26.5738148Z [====================                   ] 50% Unzipping... emulator/lib64/qt/lib
2026-09-10T07:34:26.6309062Z [====================                   ] 51% Unzipping... emulator/lib64/qt/lib
2026-09-10T07:34:26.7437676Z [====================                   ] 51% Unzipping... emulator/lib64/qt/tra
2026-09-10T07:34:26.7560096Z [====================                   ] 51% Unzipping... emulator/lib64/qt/plu
2026-09-10T07:34:26.7960929Z [====================                   ] 51% Unzipping... emulator/lib64/gles_l
2026-09-10T07:34:26.8413089Z [====================                   ] 52% Unzipping... emulator/lib64/gles_l
2026-09-10T07:34:27.0117180Z [====================                   ] 52% Unzipping... emulator/lib64/vulkan
2026-09-10T07:34:27.1997409Z [=====================                  ] 53% Unzipping... emulator/lib64/vulkan
2026-09-10T07:34:27.4065341Z [=====================                  ] 54% Unzipping... emulator/lib64/vulkan
2026-09-10T07:34:27.4372853Z [=====================                  ] 54% Unzipping... emulator/lib64/gles_s
2026-09-10T07:34:27.4750018Z [=====================                  ] 55% Unzipping... emulator/lib64/gles_s
2026-09-10T07:34:27.5940986Z [=====================                  ] 55% Unzipping... emulator/lib64/gles_a
2026-09-10T07:34:27.5941958Z [=======================================] 100% Unzipping... emulator/lib64/gles_
2026-09-10T07:34:27.7347060Z 
2026-09-10T07:34:27.7570560Z [command]/usr/local/lib/android/sdk/cmdline-tools/20.0/bin/sdkmanager system-images;android-35;default;x86_64
2026-09-10T07:34:28.5700782Z Loading package information...                                                  
2026-09-10T07:34:28.6651631Z Loading local repository...                                                     
2026-09-10T07:34:28.6652459Z [                                       ] 3% Loading local repository...        
2026-09-10T07:34:28.6680338Z [                                       ] 3% Fetch remote repository...         
2026-09-10T07:34:29.0624739Z [=                                      ] 3% Fetch remote repository...         
2026-09-10T07:34:29.1510397Z [=                                      ] 4% Fetch remote repository...         
2026-09-10T07:34:29.1878625Z [=                                      ] 5% Fetch remote repository...         
2026-09-10T07:34:29.2566228Z [==                                     ] 5% Fetch remote repository...         
2026-09-10T07:34:29.3383913Z [==                                     ] 6% Fetch remote repository...         
2026-09-10T07:34:29.4328632Z [==                                     ] 7% Fetch remote repository...         
2026-09-10T07:34:29.4343981Z [==                                     ] 7% Computing updates...               
2026-09-10T07:34:29.4450146Z [===                                    ] 8% Computing updates...               
2026-09-10T07:34:29.4593992Z [===                                    ] 10% Computing updates...              
2026-09-10T07:34:29.9650402Z [===                                    ] 10% Installing Intel x86_64 Atom Syste
2026-09-10T07:34:30.1453641Z [===                                    ] 10% Downloading x86_64-35_r02.zip...  
2026-09-10T07:34:30.2415797Z [====                                   ] 10% Downloading x86_64-35_r02.zip...  
2026-09-10T07:34:30.4218195Z [====                                   ] 11% Downloading x86_64-35_r02.zip...  
2026-09-10T07:34:30.6623649Z [====                                   ] 12% Downloading x86_64-35_r02.zip...  
2026-09-10T07:34:30.8540425Z [=====                                  ] 13% Downloading x86_64-35_r02.zip...  
2026-09-10T07:34:31.0656062Z [=====                                  ] 14% Downloading x86_64-35_r02.zip...  
2026-09-10T07:34:31.2227254Z [=====                                  ] 15% Downloading x86_64-35_r02.zip...  
2026-09-10T07:34:31.3274869Z [======                                 ] 15% Downloading x86_64-35_r02.zip...  
2026-09-10T07:34:31.5198888Z [======                                 ] 16% Downloading x86_64-35_r02.zip...  
2026-09-10T07:34:31.7485160Z [======                                 ] 17% Downloading x86_64-35_r02.zip...  
2026-09-10T07:34:31.9394066Z [=======                                ] 18% Downloading x86_64-35_r02.zip...  
2026-09-10T07:34:32.1843688Z [=======                                ] 19% Downloading x86_64-35_r02.zip...  
2026-09-10T07:34:32.2831015Z [=======                                ] 20% Downloading x86_64-35_r02.zip...  
2026-09-10T07:34:32.3982348Z [========                               ] 20% Downloading x86_64-35_r02.zip...  
2026-09-10T07:34:32.7267928Z [========                               ] 21% Downloading x86_64-35_r02.zip...  
2026-09-10T07:34:33.0054767Z [========                               ] 22% Downloading x86_64-35_r02.zip...  
2026-09-10T07:34:33.2202163Z [=========                              ] 23% Downloading x86_64-35_r02.zip...  
2026-09-10T07:34:33.4602268Z [=========                              ] 24% Downloading x86_64-35_r02.zip...  
2026-09-10T07:34:33.5667670Z [=========                              ] 25% Downloading x86_64-35_r02.zip...  
2026-09-10T07:34:33.6682021Z [==========                             ] 25% Downloading x86_64-35_r02.zip...  
2026-09-10T07:34:33.9333743Z [==========                             ] 26% Downloading x86_64-35_r02.zip...  
2026-09-10T07:34:34.1296159Z [==========                             ] 27% Downloading x86_64-35_r02.zip...  
2026-09-10T07:34:34.3819779Z [===========                            ] 28% Downloading x86_64-35_r02.zip...  
2026-09-10T07:34:34.5813169Z [===========                            ] 29% Downloading x86_64-35_r02.zip...  
2026-09-10T07:34:34.6699010Z [===========                            ] 30% Downloading x86_64-35_r02.zip...  
2026-09-10T07:34:34.8249665Z [============                           ] 30% Downloading x86_64-35_r02.zip...  
2026-09-10T07:34:35.0340490Z [============                           ] 31% Downloading x86_64-35_r02.zip...  
2026-09-10T07:34:35.2195675Z [============                           ] 32% Downloading x86_64-35_r02.zip...  
2026-09-10T07:34:35.2204083Z [============                           ] 33% Downloading x86_64-35_r02.zip...  
2026-09-10T07:34:35.2685179Z [============                           ] 33% Unzipping...                      
2026-09-10T07:34:35.2702831Z [============                           ] 33% Unzipping... x86_64/NOTICE.txt    
2026-09-10T07:34:35.3009155Z [=============                          ] 33% Unzipping... x86_64/NOTICE.txt    
2026-09-10T07:34:35.3013585Z [=============                          ] 33% Unzipping... x86_64/VerifiedBootPa
2026-09-10T07:34:35.3024307Z [=============                          ] 33% Unzipping... x86_64/advancedFeatur
2026-09-10T07:34:35.3025270Z [=============                          ] 33% Unzipping... x86_64/build.prop    
2026-09-10T07:34:35.3733684Z [=============                          ] 33% Unzipping... x86_64/encryptionkey.
2026-09-10T07:34:35.4970023Z [=============                          ] 33% Unzipping... x86_64/kernel-ranchu 
2026-09-10T07:34:35.4984172Z [=============                          ] 33% Unzipping... x86_64/kernel_cmdline
2026-09-10T07:34:35.5165221Z [=============                          ] 33% Unzipping... x86_64/ramdisk.img   
2026-09-10T07:34:35.5168937Z [=============                          ] 33% Unzipping... x86_64/source.propert
2026-09-10T07:34:35.6879907Z [=============                          ] 33% Unzipping... x86_64/system.img    
2026-09-10T07:34:35.9282860Z [=============                          ] 34% Unzipping... x86_64/system.img    
2026-09-10T07:34:36.0874388Z [=============                          ] 35% Unzipping... x86_64/system.img    
2026-09-10T07:34:36.1858189Z [==============                         ] 35% Unzipping... x86_64/system.img    
2026-09-10T07:34:36.5602611Z [==============                         ] 36% Unzipping... x86_64/system.img    
2026-09-10T07:34:36.9594395Z [==============                         ] 37% Unzipping... x86_64/system.img    
2026-09-10T07:34:37.3009827Z [===============                        ] 38% Unzipping... x86_64/system.img    
2026-09-10T07:34:37.6006201Z [===============                        ] 39% Unzipping... x86_64/system.img    
2026-09-10T07:34:37.8511887Z [===============                        ] 40% Unzipping... x86_64/system.img    
2026-09-10T07:34:37.9684275Z [================                       ] 40% Unzipping... x86_64/system.img    
2026-09-10T07:34:38.3211206Z [================                       ] 41% Unzipping... x86_64/system.img    
2026-09-10T07:34:38.7040998Z [================                       ] 42% Unzipping... x86_64/system.img    
2026-09-10T07:34:39.0719641Z [=================                      ] 43% Unzipping... x86_64/system.img    
2026-09-10T07:34:39.2704603Z [=================                      ] 44% Unzipping... x86_64/system.img    
2026-09-10T07:34:39.4093936Z [=================                      ] 45% Unzipping... x86_64/system.img    
2026-09-10T07:34:39.5472917Z [==================                     ] 45% Unzipping... x86_64/system.img    
2026-09-10T07:34:39.8726937Z [==================                     ] 46% Unzipping... x86_64/system.img    
2026-09-10T07:34:40.2051071Z [==================                     ] 47% Unzipping... x86_64/system.img    
2026-09-10T07:34:40.6476772Z [===================                    ] 48% Unzipping... x86_64/system.img    
2026-09-10T07:34:40.9969603Z [===================                    ] 49% Unzipping... x86_64/system.img    
2026-09-10T07:34:41.2147262Z [===================                    ] 50% Unzipping... x86_64/system.img    
2026-09-10T07:34:41.3917475Z [====================                   ] 50% Unzipping... x86_64/system.img    
2026-09-10T07:34:41.7768055Z [====================                   ] 51% Unzipping... x86_64/system.img    
2026-09-10T07:34:42.0956620Z [====================                   ] 52% Unzipping... x86_64/system.img    
2026-09-10T07:34:42.3407066Z [=====================                  ] 53% Unzipping... x86_64/system.img    
2026-09-10T07:34:44.4418892Z [=====================                  ] 54% Unzipping... x86_64/system.img    
2026-09-10T07:34:44.6784057Z [=====================                  ] 54% Unzipping... x86_64/vendor.img    
2026-09-10T07:34:44.8935824Z [=====================                  ] 55% Unzipping... x86_64/vendor.img    
2026-09-10T07:34:44.8939888Z [=====================                  ] 55% Unzipping... x86_64/data/empty_dat
2026-09-10T07:34:44.8942781Z [=====================                  ] 55% Unzipping... x86_64/data/local.pro
2026-09-10T07:34:44.8948622Z [=====================                  ] 55% Unzipping... x86_64/data/misc/apns
2026-09-10T07:34:44.8954716Z [=====================                  ] 55% Unzipping... x86_64/data/misc/emul
2026-09-10T07:34:44.8970168Z [=====================                  ] 55% Unzipping... x86_64/data/misc/mode
2026-09-10T07:34:45.0300676Z [=====================                  ] 55% Unzipping... x86_64/data/misc/pixe
2026-09-10T07:34:45.0301357Z [=======================================] 100% Unzipping... x86_64/data/misc/pix
2026-09-10T07:34:45.1424142Z 
2026-09-10T07:34:45.1825056Z ##[group]Run actions/download-artifact@3e5f45b2cfb9172054b4087a40e8e0b5a5461e7c
2026-09-10T07:34:45.1825677Z with:
2026-09-10T07:34:45.1825932Z   name: godot-comparison-runtime-apk
2026-09-10T07:34:45.1826236Z   path: godot/qualification/build
2026-09-10T07:34:45.1826496Z   merge-multiple: false
2026-09-10T07:34:45.1826740Z   repository: Apdelrahman1911/PartyDeck
2026-09-10T07:34:45.1827000Z   run-id: 34450246541
2026-09-10T07:34:45.1827212Z   skip-decompress: false
2026-09-10T07:34:45.1827445Z   digest-mismatch: error
2026-09-10T07:34:45.1827653Z env:
2026-09-10T07:34:45.1827938Z   JAVA_HOME: /opt/hostedtoolcache/Java_Temurin-Hotspot_jdk/21.0.12-1/x64
2026-09-10T07:34:45.1828417Z   JAVA_HOME_21_X64: /opt/hostedtoolcache/Java_Temurin-Hotspot_jdk/21.0.12-1/x64
2026-09-10T07:34:45.1828789Z   MAVEN_ARGS: -ntp
2026-09-10T07:34:45.1829010Z   ANDROID_HOME: /usr/local/lib/android/sdk
2026-09-10T07:34:45.1829300Z   ANDROID_SDK_ROOT: /usr/local/lib/android/sdk
2026-09-10T07:34:45.1829591Z ##[endgroup]
2026-09-10T07:34:45.3195126Z Downloading single artifact
2026-09-10T07:34:45.5954394Z Preparing to download the following artifacts:
2026-09-10T07:34:45.5956108Z - godot-comparison-runtime-apk (ID: 10141350695, Size: 111374586, Expected Digest: sha256:84cd5981d816a74e80e8ee7a5d358ab63cfd78431939263ea25834fef02a5838)
2026-09-10T07:34:46.1183888Z Redirecting to blob download url: https://productionresultssa0.blob.core.windows.net/actions-results/9adb32c0-ffa8-4b75-b2fd-ca43b528701d/workflow-job-run-f78b7436-d8e7-5bc0-ac27-0c2f71b0f032/artifacts/3a971a15ee91fdbdcae2dc4b733964c29443690d68ec726f24df2621b5096a1c.zip
2026-09-10T07:34:46.1186930Z Starting download of artifact to: /home/runner/work/PartyDeck/PartyDeck/godot/qualification/build
2026-09-10T07:34:46.4474882Z (node:2709) [DEP0005] DeprecationWarning: Buffer() is deprecated due to security and usability issues. Please use the Buffer.alloc(), Buffer.allocUnsafe(), or Buffer.from() methods instead.
2026-09-10T07:34:46.4476300Z (Use `node --trace-deprecation ...` to show where the warning was created)
2026-09-10T07:34:51.4415562Z SHA256 digest of downloaded artifact is 84cd5981d816a74e80e8ee7a5d358ab63cfd78431939263ea25834fef02a5838
2026-09-10T07:34:51.4416930Z Artifact download completed successfully.
2026-09-10T07:34:51.4417554Z Total of 1 artifact(s) downloaded
2026-09-10T07:34:51.4422610Z Download artifact has finished successfully
2026-09-10T07:34:51.4549279Z ##[group]Run python3 -B godot/tools/renderer.py check-pack \
2026-09-10T07:34:51.4549820Z [36;1mpython3 -B godot/tools/renderer.py check-pack \[0m
2026-09-10T07:34:51.4550320Z [36;1m  --pack godot/qualification/build/renderer/partydeck-last-light.pck[0m
2026-09-10T07:34:51.4550746Z [36;1mpython3 - <<'PY'[0m
2026-09-10T07:34:51.4550982Z [36;1mimport hashlib[0m
2026-09-10T07:34:51.4551203Z [36;1mimport json[0m
2026-09-10T07:34:51.4551413Z [36;1mimport os[0m
2026-09-10T07:34:51.4551636Z [36;1mfrom pathlib import Path[0m
2026-09-10T07:34:51.4551904Z [36;1mimport zipfile[0m
2026-09-10T07:34:51.4552114Z [36;1m[0m
2026-09-10T07:34:51.4552345Z [36;1mbuild = Path('godot/qualification/build')[0m
2026-09-10T07:34:51.4552798Z [36;1mapk = build / 'modules/androidHost/outputs/apk/debug/androidHost-debug.apk'[0m
2026-09-10T07:34:51.4553755Z [36;1mpack = build / 'renderer/partydeck-last-light.pck'[0m
2026-09-10T07:34:51.4554272Z [36;1mdigest = hashlib.sha256()[0m
2026-09-10T07:34:51.4554588Z [36;1mwith apk.open('rb') as stream:[0m
2026-09-10T07:34:51.4554928Z [36;1m    for block in iter(lambda: stream.read(1048576), b''):[0m
2026-09-10T07:34:51.4555270Z [36;1m        digest.update(block)[0m
2026-09-10T07:34:51.4555542Z [36;1mapk_hash = digest.hexdigest()[0m
2026-09-10T07:34:51.4555834Z [36;1mwith zipfile.ZipFile(apk) as archive:[0m
2026-09-10T07:34:51.4556186Z [36;1m    entry = 'assets/partydeck-last-light.pck'[0m
2026-09-10T07:34:51.4556531Z [36;1m    if archive.namelist().count(entry) != 1:[0m
2026-09-10T07:34:51.4556958Z [36;1m        raise SystemExit('The debug APK must contain exactly one renderer PCK.')[0m
2026-09-10T07:34:51.4557472Z [36;1m    embedded_hash = hashlib.sha256(archive.read(entry)).hexdigest()[0m
2026-09-10T07:34:51.4558151Z [36;1mpack_hash = hashlib.sha256(pack.read_bytes()).hexdigest()[0m
2026-09-10T07:34:51.4558540Z [36;1mreport = build / 'ci/package-inputs.json'[0m
2026-09-10T07:34:51.4558903Z [36;1mreport.parent.mkdir(parents=True, exist_ok=True)[0m
2026-09-10T07:34:51.4559243Z [36;1mreport.write_text(json.dumps({[0m
2026-09-10T07:34:51.4559611Z [36;1m    'sourceCommit': os.environ['GITHUB_SHA'], 'apkSha256': apk_hash,[0m
2026-09-10T07:34:51.4560075Z [36;1m    'packSha256': pack_hash, 'embeddedPackSha256': embedded_hash,[0m
2026-09-10T07:34:51.4560472Z [36;1m    'samePack': embedded_hash == pack_hash,[0m
2026-09-10T07:34:51.4560766Z [36;1m}, indent=2) + '\n')[0m
2026-09-10T07:34:51.4561015Z [36;1mif embedded_hash != pack_hash:[0m
2026-09-10T07:34:51.4561443Z [36;1m    raise SystemExit('The APK renderer PCK differs from the exported comparison PCK.')[0m
2026-09-10T07:34:51.4561864Z [36;1mPY[0m
2026-09-10T07:34:51.4601347Z shell: /usr/bin/bash -e {0}
2026-09-10T07:34:51.4601616Z env:
2026-09-10T07:34:51.4601928Z   JAVA_HOME: /opt/hostedtoolcache/Java_Temurin-Hotspot_jdk/21.0.12-1/x64
2026-09-10T07:34:51.4602430Z   JAVA_HOME_21_X64: /opt/hostedtoolcache/Java_Temurin-Hotspot_jdk/21.0.12-1/x64
2026-09-10T07:34:51.4602824Z   MAVEN_ARGS: -ntp
2026-09-10T07:34:51.4603359Z   ANDROID_HOME: /usr/local/lib/android/sdk
2026-09-10T07:34:51.4603668Z   ANDROID_SDK_ROOT: /usr/local/lib/android/sdk
2026-09-10T07:34:51.4603945Z ##[endgroup]
2026-09-10T07:34:51.5566930Z PCK checks passed: 136 entries; SHA-256 0440dc8a1e099031eb7e0a08304411908e8580f932673599f149d2088c0e7afe
2026-09-10T07:34:51.8356927Z ##[group]Run test -e /dev/kvm
2026-09-10T07:34:51.8357264Z [36;1mtest -e /dev/kvm[0m
2026-09-10T07:34:51.8357535Z [36;1msudo chmod a+rw /dev/kvm[0m
2026-09-10T07:34:51.8394125Z shell: /usr/bin/bash -e {0}
2026-09-10T07:34:51.8394382Z env:
2026-09-10T07:34:51.8394706Z   JAVA_HOME: /opt/hostedtoolcache/Java_Temurin-Hotspot_jdk/21.0.12-1/x64
2026-09-10T07:34:51.8395228Z   JAVA_HOME_21_X64: /opt/hostedtoolcache/Java_Temurin-Hotspot_jdk/21.0.12-1/x64
2026-09-10T07:34:51.8395622Z   MAVEN_ARGS: -ntp
2026-09-10T07:34:51.8395857Z   ANDROID_HOME: /usr/local/lib/android/sdk
2026-09-10T07:34:51.8396171Z   ANDROID_SDK_ROOT: /usr/local/lib/android/sdk
2026-09-10T07:34:51.8396453Z ##[endgroup]
2026-09-10T07:34:51.8564577Z ##[group]Run timeout --signal=TERM --kill-after=30s 38m bash godot/android-checks/emulator.sh \
2026-09-10T07:34:51.8565269Z [36;1mtimeout --signal=TERM --kill-after=30s 38m bash godot/android-checks/emulator.sh \[0m
2026-09-10T07:34:51.8565938Z [36;1m  godot/qualification/build/modules/androidHost/outputs/apk/debug/androidHost-debug.apk \[0m
2026-09-10T07:34:51.8566518Z [36;1m  "$PARTYDECK_GODOT_CI_MODE" "$PARTYDECK_GODOT_CI_FONT_SCALE" \[0m
2026-09-10T07:34:51.8566924Z [36;1m  godot/qualification/build/ci/android[0m
2026-09-10T07:34:51.8600181Z shell: /usr/bin/bash -e {0}
2026-09-10T07:34:51.8600434Z env:
2026-09-10T07:34:51.8600771Z   JAVA_HOME: /opt/hostedtoolcache/Java_Temurin-Hotspot_jdk/21.0.12-1/x64
2026-09-10T07:34:51.8601395Z   JAVA_HOME_21_X64: /opt/hostedtoolcache/Java_Temurin-Hotspot_jdk/21.0.12-1/x64
2026-09-10T07:34:51.8601968Z   MAVEN_ARGS: -ntp
2026-09-10T07:34:51.8602301Z   ANDROID_HOME: /usr/local/lib/android/sdk
2026-09-10T07:34:51.8602824Z   ANDROID_SDK_ROOT: /usr/local/lib/android/sdk
2026-09-10T07:34:51.8603762Z   PARTYDECK_GODOT_CI_MODE: 2d
2026-09-10T07:34:51.8604108Z   PARTYDECK_GODOT_CI_FONT_SCALE: 1.0
2026-09-10T07:34:51.8604544Z ##[endgroup]
2026-09-10T07:34:51.9016368Z accel:
2026-09-10T07:34:51.9016702Z 0
2026-09-10T07:34:51.9017121Z KVM (version 12) is installed and usable.
2026-09-10T07:34:51.9017532Z accel
2026-09-10T07:34:52.4558631Z * daemon not running; starting now at tcp:5037
2026-09-10T07:34:52.7358153Z * daemon started successfully
2026-09-10T07:34:53.5994351Z Loading local repository...                                                     
2026-09-10T07:34:53.7635493Z [=========                              ] 25% Loading local repository...       
2026-09-10T07:34:53.7637084Z Auto-selecting single ABI x86_64
2026-09-10T07:35:33.0838523Z [avd-preparation-1] Verified responsive Android launcher before app installation
2026-09-10T07:35:35.8313569Z AVD prepared; strict debug and optimized APK acceptance can begin.
2026-09-10T07:35:44.0476350Z [godot-comparison] Verified responsive Android launcher before app installation
2026-09-10T07:35:52.0506602Z [godot-comparison] Tapped reference_scenario
2026-09-10T07:36:00.2947126Z [godot-comparison] Tapped sound_enabled
2026-09-10T07:36:05.9686843Z [godot-comparison] Captured chooser
2026-09-10T07:36:08.0186602Z [godot-comparison] Tapped launch_2d
2026-09-10T07:36:13.7200037Z [godot-comparison] Verified real 2d match setup, Ready and concealed renderer
2026-09-10T07:36:17.4768519Z [godot-comparison] Captured 01-concealed
2026-09-10T07:36:21.5575476Z [godot-comparison] Tapped refresh_diagnostics
2026-09-10T07:36:30.0475072Z [godot-comparison] Tapped refresh_diagnostics
2026-09-10T07:36:35.9262088Z [godot-comparison] Captured 02-revealed
2026-09-10T07:36:39.9857022Z [godot-comparison] Tapped refresh_diagnostics
2026-09-10T07:36:48.3278292Z [godot-comparison] Tapped refresh_diagnostics
2026-09-10T07:36:54.2455336Z [godot-comparison] Captured 03-selected
2026-09-10T07:36:58.3197229Z [godot-comparison] Tapped refresh_diagnostics
2026-09-10T07:37:06.6152122Z [godot-comparison] Tapped refresh_diagnostics
2026-09-10T07:37:12.5690948Z [godot-comparison] Captured 04-covered
2026-09-10T07:37:16.6351552Z [godot-comparison] Tapped refresh_diagnostics
2026-09-10T07:37:24.9795861Z [godot-comparison] Tapped refresh_diagnostics
2026-09-10T07:37:31.2313955Z [godot-comparison] Tapped refresh_diagnostics
2026-09-10T07:37:39.5702282Z [godot-comparison] Tapped refresh_diagnostics
2026-09-10T07:37:51.2426520Z [godot-comparison] Captured 05-background-home
2026-09-10T07:37:56.6947441Z [godot-comparison] Captured 06-recents-privacy
2026-09-10T07:38:01.5790357Z [godot-comparison] Tapped refresh_diagnostics
2026-09-10T07:38:07.5535634Z [godot-comparison] Captured 07-resumed-concealed
2026-09-10T07:38:11.6176656Z [godot-comparison] Tapped refresh_diagnostics
2026-09-10T07:38:19.9640014Z [godot-comparison] Tapped refresh_diagnostics
2026-09-10T07:38:26.2350589Z [godot-comparison] Tapped refresh_diagnostics
2026-09-10T07:38:34.4806317Z [godot-comparison] Tapped refresh_diagnostics
2026-09-10T07:38:40.7807660Z [godot-comparison] Tapped refresh_diagnostics
2026-09-10T07:38:49.6881841Z [godot-comparison] Tapped refresh_diagnostics
2026-09-10T07:38:55.9606492Z [godot-comparison] Tapped refresh_diagnostics
2026-09-10T07:39:01.8962167Z [godot-comparison] Captured 08-after-play
2026-09-10T07:39:05.6305716Z [godot-comparison] Captured 09-public-outcome
2026-09-10T07:39:09.6961302Z [godot-comparison] Tapped refresh_diagnostics
2026-09-10T07:39:18.5785797Z [godot-comparison] Tapped refresh_diagnostics
2026-09-10T07:39:24.7984951Z [godot-comparison] Tapped refresh_diagnostics
2026-09-10T07:39:30.6760568Z [godot-comparison] Captured 10-next-round
2026-09-10T07:39:34.7400723Z [godot-comparison] Tapped refresh_diagnostics
2026-09-10T07:39:43.5400009Z [godot-comparison] Tapped refresh_diagnostics
2026-09-10T07:39:49.7495771Z [godot-comparison] Tapped refresh_diagnostics
2026-09-10T07:39:56.0097835Z [godot-comparison] Tapped refresh_diagnostics
2026-09-10T07:40:04.7869353Z [godot-comparison] Tapped refresh_diagnostics
2026-09-10T07:40:11.0058058Z [godot-comparison] Tapped refresh_diagnostics
2026-09-10T07:40:17.2182539Z [godot-comparison] Tapped refresh_diagnostics
2026-09-10T07:40:25.6410165Z [godot-comparison] Tapped refresh_diagnostics
2026-09-10T07:40:31.8780648Z [godot-comparison] Tapped refresh_diagnostics
2026-09-10T07:40:37.7364238Z [godot-comparison] Captured 11-after-challenge
2026-09-10T07:40:41.8111244Z [godot-comparison] Tapped refresh_diagnostics
2026-09-10T07:40:50.2842019Z [godot-comparison] Tapped refresh_diagnostics
2026-09-10T07:40:56.5470213Z [godot-comparison] Tapped refresh_diagnostics
2026-09-10T07:41:02.7722767Z [godot-comparison] Tapped refresh_diagnostics
2026-09-10T07:41:11.1443663Z [godot-comparison] Tapped refresh_diagnostics
2026-09-10T07:41:17.4085285Z [godot-comparison] Tapped refresh_diagnostics
2026-09-10T07:41:25.7740064Z [godot-comparison] Tapped refresh_diagnostics
2026-09-10T07:41:32.0561369Z [godot-comparison] Tapped refresh_diagnostics
2026-09-10T07:41:40.9009466Z [godot-comparison] Tapped refresh_diagnostics
2026-09-10T07:41:47.1339552Z [godot-comparison] Tapped refresh_diagnostics
2026-09-10T07:41:53.3995716Z [godot-comparison] Tapped refresh_diagnostics
2026-09-10T07:42:02.3121230Z [godot-comparison] Tapped refresh_diagnostics
2026-09-10T07:42:08.5873779Z [godot-comparison] Tapped refresh_diagnostics
2026-09-10T07:42:14.8660785Z [godot-comparison] Tapped refresh_diagnostics
2026-09-10T07:42:23.7573296Z [godot-comparison] Tapped refresh_diagnostics
2026-09-10T07:42:30.0473885Z [godot-comparison] Tapped refresh_diagnostics
2026-09-10T07:42:36.2843155Z [godot-comparison] Tapped refresh_diagnostics
2026-09-10T07:42:45.1465703Z [godot-comparison] Tapped refresh_diagnostics
2026-09-10T07:42:51.3956718Z [godot-comparison] Tapped refresh_diagnostics
2026-09-10T07:42:57.5866616Z [godot-comparison] Tapped refresh_diagnostics
2026-09-10T07:43:06.0749781Z [godot-comparison] Tapped refresh_diagnostics
2026-09-10T07:43:12.3406956Z [godot-comparison] Tapped refresh_diagnostics
2026-09-10T07:43:18.5834252Z [godot-comparison] Tapped refresh_diagnostics
2026-09-10T07:43:27.4477288Z [godot-comparison] Tapped refresh_diagnostics
2026-09-10T07:43:33.6637739Z [godot-comparison] Tapped refresh_diagnostics
2026-09-10T07:43:39.8999608Z [godot-comparison] Tapped refresh_diagnostics
2026-09-10T07:43:48.7915828Z [godot-comparison] Tapped refresh_diagnostics
2026-09-10T07:43:54.9973468Z [godot-comparison] Tapped refresh_diagnostics
2026-09-10T07:44:01.2236496Z [godot-comparison] Tapped refresh_diagnostics
2026-09-10T07:44:10.1393300Z [godot-comparison] Tapped refresh_diagnostics
2026-09-10T07:44:16.3507514Z [godot-comparison] Tapped refresh_diagnostics
2026-09-10T07:44:22.5944291Z [godot-comparison] Tapped refresh_diagnostics
2026-09-10T07:44:31.4756154Z [godot-comparison] Tapped refresh_diagnostics
2026-09-10T07:44:37.6988944Z [godot-comparison] Tapped refresh_diagnostics
2026-09-10T07:44:43.9734366Z [godot-comparison] Tapped refresh_diagnostics
2026-09-10T07:44:52.8589580Z [godot-comparison] Tapped refresh_diagnostics
2026-09-10T07:44:59.0652099Z [godot-comparison] Tapped refresh_diagnostics
2026-09-10T07:45:05.3027125Z [godot-comparison] Tapped refresh_diagnostics
2026-09-10T07:45:14.1760679Z [godot-comparison] Tapped refresh_diagnostics
2026-09-10T07:45:20.3870755Z [godot-comparison] Tapped refresh_diagnostics
2026-09-10T07:45:26.2878466Z [godot-comparison] Captured 12-winner
2026-09-10T07:45:30.3609785Z [godot-comparison] Tapped refresh_diagnostics
2026-09-10T07:45:47.2895928Z [godot-comparison] Captured 14-chooser-after-exit
2026-09-10T07:45:47.2907274Z [godot-comparison] Verified native destruction, actual PID absence and surviving chooser: return_to_chooser
2026-09-10T07:45:49.3376703Z [godot-comparison] Tapped launch_2d
2026-09-10T07:45:54.6624386Z [godot-comparison] Verified real 2d scene-exit setup, Ready and concealed renderer
2026-09-10T07:45:58.3937812Z [godot-comparison] Captured 01-fresh-concealed
2026-09-10T07:46:02.4638232Z [godot-comparison] Tapped refresh_diagnostics
2026-09-10T07:46:18.8673846Z [godot-comparison] Captured 14-chooser-after-exit
2026-09-10T07:46:18.8686898Z [godot-comparison] Verified native destruction, actual PID absence and surviving chooser: renderer_exit
2026-09-10T07:46:20.9196354Z [godot-comparison] Tapped launch_2d
2026-09-10T07:46:26.1590768Z [godot-comparison] Verified real 2d native-exit setup, Ready and concealed renderer
2026-09-10T07:46:29.9105539Z [godot-comparison] Captured 01-fresh-concealed
2026-09-10T07:46:31.9590822Z [godot-comparison] Tapped exit_game
2026-09-10T07:46:44.2173651Z [godot-comparison] Captured 14-chooser-after-exit
2026-09-10T07:46:44.2182767Z [godot-comparison] Verified native destruction, actual PID absence and surviving chooser: native_close
2026-09-10T07:46:48.0166337Z Real Android 2d Godot qualification passed; inspect retained captures for visual review.
2026-09-10T07:46:50.0485458Z Prepare all required actions
2026-09-10T07:46:50.0485993Z Getting action download info
2026-09-10T07:46:50.4509938Z Download action repository 'actions/upload-artifact@043fb46d1a93c77aae656e7c1c64a875d1fc6a0a' (SHA:043fb46d1a93c77aae656e7c1c64a875d1fc6a0a)
2026-09-10T07:46:50.5440955Z ##[group]Run ./.github/actions/upload-artifact
2026-09-10T07:46:50.5441262Z with:
2026-09-10T07:46:50.5441477Z   name: godot-android-2d-font-1.0-debug
2026-09-10T07:46:50.5442441Z   path: godot/qualification/build/ci/package-inputs.json
godot/qualification/build/ci/android/**/*.log
godot/qualification/build/ci/android/**/*.json
godot/qualification/build/ci/android/**/*.xml
godot/qualification/build/ci/android/**/*.png

2026-09-10T07:46:50.5443613Z   retention-days: 14
2026-09-10T07:46:50.5443835Z   if-no-files-found: warn
2026-09-10T07:46:50.5444073Z env:
2026-09-10T07:46:50.5444357Z   JAVA_HOME: /opt/hostedtoolcache/Java_Temurin-Hotspot_jdk/21.0.12-1/x64
2026-09-10T07:46:50.5444886Z   JAVA_HOME_21_X64: /opt/hostedtoolcache/Java_Temurin-Hotspot_jdk/21.0.12-1/x64
2026-09-10T07:46:50.5445263Z   MAVEN_ARGS: -ntp
2026-09-10T07:46:50.5445489Z   ANDROID_HOME: /usr/local/lib/android/sdk
2026-09-10T07:46:50.5445787Z   ANDROID_SDK_ROOT: /usr/local/lib/android/sdk
2026-09-10T07:46:50.5446057Z ##[endgroup]
2026-09-10T07:46:50.5501460Z ##[start-action display=Upload artifact;id=__self.first]
2026-09-10T07:46:50.5544711Z ##[group]Run actions/upload-artifact@043fb46d1a93c77aae656e7c1c64a875d1fc6a0a
2026-09-10T07:46:50.5545099Z with:
2026-09-10T07:46:50.5545306Z   name: godot-android-2d-font-1.0-debug
2026-09-10T07:46:50.5546261Z   path: godot/qualification/build/ci/package-inputs.json
godot/qualification/build/ci/android/**/*.log
godot/qualification/build/ci/android/**/*.json
godot/qualification/build/ci/android/**/*.xml
godot/qualification/build/ci/android/**/*.png

2026-09-10T07:46:50.5547193Z   retention-days: 14
2026-09-10T07:46:50.5547415Z   if-no-files-found: warn
2026-09-10T07:46:50.5547684Z   compression-level: 6
2026-09-10T07:46:50.5547901Z   overwrite: false
2026-09-10T07:46:50.5548109Z   include-hidden-files: false
2026-09-10T07:46:50.5548343Z   archive: true
2026-09-10T07:46:50.5548534Z env:
2026-09-10T07:46:50.5548824Z   JAVA_HOME: /opt/hostedtoolcache/Java_Temurin-Hotspot_jdk/21.0.12-1/x64
2026-09-10T07:46:50.5549303Z   JAVA_HOME_21_X64: /opt/hostedtoolcache/Java_Temurin-Hotspot_jdk/21.0.12-1/x64
2026-09-10T07:46:50.5549681Z   MAVEN_ARGS: -ntp
2026-09-10T07:46:50.5549915Z   ANDROID_HOME: /usr/local/lib/android/sdk
2026-09-10T07:46:50.5550209Z   ANDROID_SDK_ROOT: /usr/local/lib/android/sdk
2026-09-10T07:46:50.5550485Z ##[endgroup]
2026-09-10T07:46:50.7366825Z Multiple search paths detected. Calculating the least common ancestor of all paths
2026-09-10T07:46:50.7370321Z The least common ancestor is /home/runner/work/PartyDeck/PartyDeck/godot/qualification/build/ci. This will be the root directory of the artifact
2026-09-10T07:46:50.7371783Z With the provided path, there will be 117 files uploaded
2026-09-10T07:46:50.7377566Z Artifact name is valid!
2026-09-10T07:46:50.7378149Z Root directory input is valid!
2026-09-10T07:46:51.1210795Z Uploading artifact: godot-android-2d-font-1.0-debug.zip
2026-09-10T07:46:51.1252123Z Beginning upload of artifact content to blob storage
2026-09-10T07:46:52.3574496Z Uploaded bytes 4749965
2026-09-10T07:46:52.4333567Z Finished uploading artifact content to blob storage!
2026-09-10T07:46:52.4334858Z SHA256 digest of uploaded artifact is e4967e342abeac8b0d2659c85f408826ec32440c7e557bc2ae50c370fe94cd75
2026-09-10T07:46:52.4336235Z Finalizing artifact upload
2026-09-10T07:46:52.8493948Z Artifact godot-android-2d-font-1.0-debug successfully finalized. Artifact ID 10141780680
2026-09-10T07:46:52.8495695Z Artifact godot-android-2d-font-1.0-debug has been successfully uploaded! Final size is 4749965 bytes. Artifact ID is 10141780680
2026-09-10T07:46:52.8503842Z Artifact download URL: https://github.com/Apdelrahman1911/PartyDeck/actions/runs/34450246541/artifacts/10141780680
2026-09-10T07:46:52.8613699Z ##[end-action id=__self.first;outcome=success;conclusion=success;duration_ms=2311]
2026-09-10T07:46:52.8618354Z ##[start-action display=Wait before the single upload retry;id=__self.__run]
2026-09-10T07:46:52.8624617Z ##[end-action id=__self.__run;outcome=skipped;conclusion=skipped;duration_ms=0]
2026-09-10T07:46:52.8626561Z ##[start-action display=Retry artifact upload;id=__self.retry]
2026-09-10T07:46:52.8630573Z ##[end-action id=__self.retry;outcome=skipped;conclusion=skipped;duration_ms=0]
2026-09-10T07:46:52.8632380Z ##[start-action display=Require a successful upload attempt;id=__self.__run_2]
2026-09-10T07:46:52.8640426Z ##[end-action id=__self.__run_2;outcome=skipped;conclusion=skipped;duration_ms=0]
2026-09-10T07:46:52.8766115Z Post job cleanup.
2026-09-10T07:46:52.9695536Z Post job cleanup.
2026-09-10T07:46:53.0548002Z [command]/usr/bin/git version
2026-09-10T07:46:53.0592864Z git version 2.55.0
2026-09-10T07:46:53.0657458Z Temporarily overriding HOME='/home/runner/work/_temp/dcee9c03-6a0e-4aa8-ad55-b7f4cd512ee5' before making global git config changes
2026-09-10T07:46:53.0660688Z Adding repository directory to the temporary git global config as a safe directory
2026-09-10T07:46:53.0665075Z [command]/usr/bin/git config --global --add safe.directory /home/runner/work/PartyDeck/PartyDeck
2026-09-10T07:46:53.0711728Z Removing SSH command configuration
2026-09-10T07:46:53.0721013Z [command]/usr/bin/git config --local --name-only --get-regexp core\.sshCommand
2026-09-10T07:46:53.0770212Z [command]/usr/bin/git submodule foreach --recursive sh -c "git config --local --name-only --get-regexp 'core\.sshCommand' && git config --local --unset-all 'core.sshCommand' || :"
2026-09-10T07:46:53.1144781Z Removing HTTP extra header
2026-09-10T07:46:53.1146569Z [command]/usr/bin/git config --local --name-only --get-regexp http\.https\:\/\/github\.com\/\.extraheader
2026-09-10T07:46:53.1199011Z [command]/usr/bin/git submodule foreach --recursive sh -c "git config --local --name-only --get-regexp 'http\.https\:\/\/github\.com\/\.extraheader' && git config --local --unset-all 'http.https://github.com/.extraheader' || :"
2026-09-10T07:46:53.1518985Z Removing includeIf entries pointing to credentials config files
2026-09-10T07:46:53.1526659Z [command]/usr/bin/git config --local --name-only --get-regexp ^includeIf\.gitdir:
2026-09-10T07:46:53.1566821Z [command]/usr/bin/git submodule foreach --recursive git config --local --show-origin --name-only --get-regexp remote.origin.url
2026-09-10T07:46:53.1950273Z Cleaning up orphan processes
2026-09-10T07:46:53.2328701Z Terminate orphan process: pid (2746) (adb)
