2026-09-10T07:34:00.8630846Z Current runner version: '2.337.0'
2026-09-10T07:34:00.8654372Z ##[group]Runner Image Provisioner
2026-09-10T07:34:00.8655837Z Hosted Compute Agent
2026-09-10T07:34:00.8656427Z Version: 20260828.587
2026-09-10T07:34:00.8657119Z Commit: abac92662cab4cc7352de4f9f9d2e2419aad9c29
2026-09-10T07:34:00.8657801Z Build Date: 2026-08-28T16:44:25Z
2026-09-10T07:34:00.8658444Z Worker ID: {7c337c5d-770f-4e78-bb4b-0278a042df45}
2026-09-10T07:34:00.8659115Z Azure Region: westcentralus
2026-09-10T07:34:00.8659692Z ##[endgroup]
2026-09-10T07:34:00.8661108Z ##[group]Operating System
2026-09-10T07:34:00.8661691Z Ubuntu
2026-09-10T07:34:00.8662190Z 24.04.4
2026-09-10T07:34:00.8662686Z LTS
2026-09-10T07:34:00.8663234Z ##[endgroup]
2026-09-10T07:34:00.8663852Z ##[group]Runner Image
2026-09-10T07:34:00.8664411Z Image: ubuntu-24.04
2026-09-10T07:34:00.8665392Z Version: 20260831.293.1
2026-09-10T07:34:00.8666697Z Included Software: https://github.com/actions/runner-images/blob/ubuntu24/20260831.293/images/ubuntu/Ubuntu2404-Readme.md
2026-09-10T07:34:00.8668114Z Image Release: https://github.com/actions/runner-images/releases/tag/ubuntu24%2F20260831.293
2026-09-10T07:34:00.8669004Z ##[endgroup]
2026-09-10T07:34:00.8670024Z ##[group]GITHUB_TOKEN Permissions
2026-09-10T07:34:00.8672258Z Contents: read
2026-09-10T07:34:00.8672819Z Metadata: read
2026-09-10T07:34:00.8673354Z ##[endgroup]
2026-09-10T07:34:00.8675842Z Secret source: Actions
2026-09-10T07:34:00.8676786Z Cache mode: write
2026-09-10T07:34:00.8677449Z Prepare workflow directory
2026-09-10T07:34:00.8994982Z Prepare all required actions
2026-09-10T07:34:00.9044198Z Getting action download info
2026-09-10T07:34:01.2243178Z Download action repository 'actions/checkout@3d3c42e5aac5ba805825da76410c181273ba90b1' (SHA:3d3c42e5aac5ba805825da76410c181273ba90b1)
2026-09-10T07:34:01.3639290Z Download action repository 'actions/setup-java@de7274f081f381c8f8158605e0321c36c376e2e6' (SHA:de7274f081f381c8f8158605e0321c36c376e2e6)
2026-09-10T07:34:02.7247527Z Download action repository 'android-actions/setup-android@40fd30fb8d7440372e1316f5d1809ec01dcd3699' (SHA:40fd30fb8d7440372e1316f5d1809ec01dcd3699)
2026-09-10T07:34:03.2268675Z Download action repository 'actions/download-artifact@3e5f45b2cfb9172054b4087a40e8e0b5a5461e7c' (SHA:3e5f45b2cfb9172054b4087a40e8e0b5a5461e7c)
2026-09-10T07:34:03.9939823Z Complete job name: Android 2d / 2.0x text / debug
2026-09-10T07:34:04.0595087Z ##[group]Run actions/checkout@3d3c42e5aac5ba805825da76410c181273ba90b1
2026-09-10T07:34:04.0595973Z with:
2026-09-10T07:34:04.0596372Z   persist-credentials: false
2026-09-10T07:34:04.0596801Z   repository: Apdelrahman1911/PartyDeck
2026-09-10T07:34:04.0599401Z   token: ***
2026-09-10T07:34:04.0599801Z   ssh-strict: true
2026-09-10T07:34:04.0600190Z   ssh-user: git
2026-09-10T07:34:04.0600527Z   clean: true
2026-09-10T07:34:04.0600908Z   sparse-checkout-cone-mode: true
2026-09-10T07:34:04.0601298Z   fetch-depth: 1
2026-09-10T07:34:04.0601676Z   fetch-tags: false
2026-09-10T07:34:04.0602034Z   show-progress: true
2026-09-10T07:34:04.0602396Z   lfs: false
2026-09-10T07:34:04.0602772Z   submodules: false
2026-09-10T07:34:04.0603132Z   set-safe-directory: true
2026-09-10T07:34:04.0603550Z   allow-unsafe-pr-checkout: false
2026-09-10T07:34:04.0604221Z ##[endgroup]
2026-09-10T07:34:04.1625682Z Syncing repository: Apdelrahman1911/PartyDeck
2026-09-10T07:34:04.1628652Z ##[group]Getting Git version info
2026-09-10T07:34:04.1629628Z Working directory is '/home/runner/work/PartyDeck/PartyDeck'
2026-09-10T07:34:04.1631133Z [command]/usr/bin/git version
2026-09-10T07:34:04.1638879Z git version 2.55.0
2026-09-10T07:34:04.1657256Z ##[endgroup]
2026-09-10T07:34:04.1669771Z Temporarily overriding HOME='/home/runner/work/_temp/10318237-aba4-4117-acfd-a8948864a4aa' before making global git config changes
2026-09-10T07:34:04.1671307Z Adding repository directory to the temporary git global config as a safe directory
2026-09-10T07:34:04.1678543Z [command]/usr/bin/git config --global --add safe.directory /home/runner/work/PartyDeck/PartyDeck
2026-09-10T07:34:04.1727362Z Deleting the contents of '/home/runner/work/PartyDeck/PartyDeck'
2026-09-10T07:34:04.1730979Z ##[group]Determining repository object format
2026-09-10T07:34:04.1732305Z ##[endgroup]
2026-09-10T07:34:04.1733656Z ##[group]Initializing the repository
2026-09-10T07:34:04.1737599Z [command]/usr/bin/git init /home/runner/work/PartyDeck/PartyDeck
2026-09-10T07:34:04.1827957Z hint: Using 'master' as the name for the initial branch. This default branch name
2026-09-10T07:34:04.1829187Z hint: will change to "main" in Git 3.0. To configure the initial branch name
2026-09-10T07:34:04.1830490Z hint: to use in all of your new repositories, which will suppress this warning,
2026-09-10T07:34:04.1831254Z hint: call:
2026-09-10T07:34:04.1831920Z hint:
2026-09-10T07:34:04.1832756Z hint: 	git config --global init.defaultBranch <name>
2026-09-10T07:34:04.1833515Z hint:
2026-09-10T07:34:04.1834352Z hint: Names commonly chosen instead of 'master' are 'main', 'trunk' and
2026-09-10T07:34:04.1835520Z hint: 'development'. The just-created branch can be renamed via this command:
2026-09-10T07:34:04.1836331Z hint:
2026-09-10T07:34:04.1837293Z hint: 	git branch -m <name>
2026-09-10T07:34:04.1838038Z hint:
2026-09-10T07:34:04.1838940Z hint: Disable this message with "git config set advice.defaultBranchName false"
2026-09-10T07:34:04.1840106Z Initialized empty Git repository in /home/runner/work/PartyDeck/PartyDeck/.git/
2026-09-10T07:34:04.1843655Z [command]/usr/bin/git remote add origin https://github.com/Apdelrahman1911/PartyDeck
2026-09-10T07:34:04.1885544Z ##[endgroup]
2026-09-10T07:34:04.1886597Z ##[group]Disabling automatic garbage collection
2026-09-10T07:34:04.1889366Z [command]/usr/bin/git config --local gc.auto 0
2026-09-10T07:34:04.1919133Z ##[endgroup]
2026-09-10T07:34:04.1920578Z ##[group]Setting up auth
2026-09-10T07:34:04.1922316Z Removing SSH command configuration
2026-09-10T07:34:04.1925862Z [command]/usr/bin/git config --local --name-only --get-regexp core\.sshCommand
2026-09-10T07:34:04.1956111Z [command]/usr/bin/git submodule foreach --recursive sh -c "git config --local --name-only --get-regexp 'core\.sshCommand' && git config --local --unset-all 'core.sshCommand' || :"
2026-09-10T07:34:04.2263772Z Removing HTTP extra header
2026-09-10T07:34:04.2272489Z [command]/usr/bin/git config --local --name-only --get-regexp http\.https\:\/\/github\.com\/\.extraheader
2026-09-10T07:34:04.2307153Z [command]/usr/bin/git submodule foreach --recursive sh -c "git config --local --name-only --get-regexp 'http\.https\:\/\/github\.com\/\.extraheader' && git config --local --unset-all 'http.https://github.com/.extraheader' || :"
2026-09-10T07:34:04.2535470Z Removing includeIf entries pointing to credentials config files
2026-09-10T07:34:04.2542162Z [command]/usr/bin/git config --local --name-only --get-regexp ^includeIf\.gitdir:
2026-09-10T07:34:04.2577886Z [command]/usr/bin/git submodule foreach --recursive git config --local --show-origin --name-only --get-regexp remote.origin.url
2026-09-10T07:34:04.2785063Z [command]/usr/bin/git config --file /home/runner/work/_temp/git-credentials-8a15a1b6-ef69-41c7-bb69-d1a5e5ca210e.config http.https://github.com/.extraheader AUTHORIZATION: basic ***
2026-09-10T07:34:04.2821847Z [command]/usr/bin/git config --local includeIf.gitdir:/home/runner/work/PartyDeck/PartyDeck/.git.path /home/runner/work/_temp/git-credentials-8a15a1b6-ef69-41c7-bb69-d1a5e5ca210e.config
2026-09-10T07:34:04.2852399Z [command]/usr/bin/git config --local includeIf.gitdir:/home/runner/work/PartyDeck/PartyDeck/.git/worktrees/*.path /home/runner/work/_temp/git-credentials-8a15a1b6-ef69-41c7-bb69-d1a5e5ca210e.config
2026-09-10T07:34:04.2887014Z [command]/usr/bin/git config --local includeIf.gitdir:/github/workspace/.git.path /github/runner_temp/git-credentials-8a15a1b6-ef69-41c7-bb69-d1a5e5ca210e.config
2026-09-10T07:34:04.2919123Z [command]/usr/bin/git config --local includeIf.gitdir:/github/workspace/.git/worktrees/*.path /github/runner_temp/git-credentials-8a15a1b6-ef69-41c7-bb69-d1a5e5ca210e.config
2026-09-10T07:34:04.2946929Z ##[endgroup]
2026-09-10T07:34:04.2947780Z ##[group]Fetching the repository
2026-09-10T07:34:04.2952808Z [command]/usr/bin/git -c protocol.version=2 fetch --no-tags --prune --no-recurse-submodules --depth=1 origin +a7278686170243795e505ce4f6a6788e912c01fe:refs/remotes/origin/main
2026-09-10T07:34:09.4473747Z From https://github.com/Apdelrahman1911/PartyDeck
2026-09-10T07:34:09.4474902Z  * [new ref]         a7278686170243795e505ce4f6a6788e912c01fe -> origin/main
2026-09-10T07:34:09.4482602Z [command]/usr/bin/git branch --list --remote origin/main
2026-09-10T07:34:09.4507334Z   origin/main
2026-09-10T07:34:09.4514611Z [command]/usr/bin/git rev-parse refs/remotes/origin/main
2026-09-10T07:34:09.4534599Z a7278686170243795e505ce4f6a6788e912c01fe
2026-09-10T07:34:09.4537068Z ##[endgroup]
2026-09-10T07:34:09.4537883Z ##[group]Determining the checkout info
2026-09-10T07:34:09.4538788Z ##[endgroup]
2026-09-10T07:34:09.4542500Z [command]/usr/bin/git sparse-checkout disable
2026-09-10T07:34:09.4584982Z [command]/usr/bin/git config --local --unset-all extensions.worktreeConfig
2026-09-10T07:34:09.4610192Z ##[group]Checking out the ref
2026-09-10T07:34:09.4614927Z [command]/usr/bin/git checkout --progress --force -B main refs/remotes/origin/main
2026-09-10T07:34:10.5517111Z Updating files:  71% (3080/4319)
2026-09-10T07:34:10.5693855Z Updating files:  72% (3110/4319)
2026-09-10T07:34:10.5748142Z Updating files:  73% (3153/4319)
2026-09-10T07:34:10.5802143Z Updating files:  74% (3197/4319)
2026-09-10T07:34:10.5861957Z Updating files:  75% (3240/4319)
2026-09-10T07:34:10.5922809Z Updating files:  76% (3283/4319)
2026-09-10T07:34:10.6004072Z Updating files:  77% (3326/4319)
2026-09-10T07:34:10.6246202Z Updating files:  78% (3369/4319)
2026-09-10T07:34:10.6296320Z Updating files:  79% (3413/4319)
2026-09-10T07:34:10.6363649Z Updating files:  80% (3456/4319)
2026-09-10T07:34:10.6412027Z Updating files:  81% (3499/4319)
2026-09-10T07:34:10.6465916Z Updating files:  82% (3542/4319)
2026-09-10T07:34:10.6515683Z Updating files:  83% (3585/4319)
2026-09-10T07:34:10.6576611Z Updating files:  84% (3628/4319)
2026-09-10T07:34:10.6611979Z Updating files:  85% (3672/4319)
2026-09-10T07:34:10.6657144Z Updating files:  86% (3715/4319)
2026-09-10T07:34:10.6707470Z Updating files:  87% (3758/4319)
2026-09-10T07:34:10.6765725Z Updating files:  88% (3801/4319)
2026-09-10T07:34:10.6805311Z Updating files:  89% (3844/4319)
2026-09-10T07:34:10.6964948Z Updating files:  90% (3888/4319)
2026-09-10T07:34:10.7046540Z Updating files:  91% (3931/4319)
2026-09-10T07:34:10.7062238Z Updating files:  92% (3974/4319)
2026-09-10T07:34:10.7089613Z Updating files:  93% (4017/4319)
2026-09-10T07:34:10.7150777Z Updating files:  94% (4060/4319)
2026-09-10T07:34:10.7185919Z Updating files:  95% (4104/4319)
2026-09-10T07:34:10.7193026Z Updating files:  96% (4147/4319)
2026-09-10T07:34:10.7223342Z Updating files:  97% (4190/4319)
2026-09-10T07:34:10.7255057Z Updating files:  98% (4233/4319)
2026-09-10T07:34:10.7284764Z Updating files:  99% (4276/4319)
2026-09-10T07:34:10.7285418Z Updating files: 100% (4319/4319)
2026-09-10T07:34:10.7286021Z Updating files: 100% (4319/4319), done.
2026-09-10T07:34:10.7345075Z Switched to a new branch 'main'
2026-09-10T07:34:10.7350108Z branch 'main' set up to track 'origin/main'.
2026-09-10T07:34:10.7387573Z ##[endgroup]
2026-09-10T07:34:10.7432336Z [command]/usr/bin/git log -1 --format=%H
2026-09-10T07:34:10.7456336Z a7278686170243795e505ce4f6a6788e912c01fe
2026-09-10T07:34:10.7463507Z ##[group]Removing auth
2026-09-10T07:34:10.7464221Z Removing SSH command configuration
2026-09-10T07:34:10.7468830Z [command]/usr/bin/git config --local --name-only --get-regexp core\.sshCommand
2026-09-10T07:34:10.7497337Z [command]/usr/bin/git submodule foreach --recursive sh -c "git config --local --name-only --get-regexp 'core\.sshCommand' && git config --local --unset-all 'core.sshCommand' || :"
2026-09-10T07:34:10.7681768Z Removing HTTP extra header
2026-09-10T07:34:10.7685844Z [command]/usr/bin/git config --local --name-only --get-regexp http\.https\:\/\/github\.com\/\.extraheader
2026-09-10T07:34:10.7711430Z [command]/usr/bin/git submodule foreach --recursive sh -c "git config --local --name-only --get-regexp 'http\.https\:\/\/github\.com\/\.extraheader' && git config --local --unset-all 'http.https://github.com/.extraheader' || :"
2026-09-10T07:34:10.7891055Z Removing includeIf entries pointing to credentials config files
2026-09-10T07:34:10.7915930Z [command]/usr/bin/git config --local --name-only --get-regexp ^includeIf\.gitdir:
2026-09-10T07:34:10.7918423Z includeif.gitdir:/home/runner/work/PartyDeck/PartyDeck/.git.path
2026-09-10T07:34:10.7919523Z includeif.gitdir:/home/runner/work/PartyDeck/PartyDeck/.git/worktrees/*.path
2026-09-10T07:34:10.7920718Z includeif.gitdir:/github/workspace/.git.path
2026-09-10T07:34:10.7921787Z includeif.gitdir:/github/workspace/.git/worktrees/*.path
2026-09-10T07:34:10.7927084Z [command]/usr/bin/git config --local --get-all includeif.gitdir:/home/runner/work/PartyDeck/PartyDeck/.git.path
2026-09-10T07:34:10.7947536Z /home/runner/work/_temp/git-credentials-8a15a1b6-ef69-41c7-bb69-d1a5e5ca210e.config
2026-09-10T07:34:10.7957606Z [command]/usr/bin/git config --local --unset includeif.gitdir:/home/runner/work/PartyDeck/PartyDeck/.git.path \/home\/runner\/work\/_temp\/git\-credentials\-8a15a1b6\-ef69\-41c7\-bb69\-d1a5e5ca210e\.config
2026-09-10T07:34:10.7988332Z [command]/usr/bin/git config --local --get-all includeif.gitdir:/home/runner/work/PartyDeck/PartyDeck/.git/worktrees/*.path
2026-09-10T07:34:10.8025428Z /home/runner/work/_temp/git-credentials-8a15a1b6-ef69-41c7-bb69-d1a5e5ca210e.config
2026-09-10T07:34:10.8033596Z [command]/usr/bin/git config --local --unset includeif.gitdir:/home/runner/work/PartyDeck/PartyDeck/.git/worktrees/*.path \/home\/runner\/work\/_temp\/git\-credentials\-8a15a1b6\-ef69\-41c7\-bb69\-d1a5e5ca210e\.config
2026-09-10T07:34:10.8063655Z [command]/usr/bin/git config --local --get-all includeif.gitdir:/github/workspace/.git.path
2026-09-10T07:34:10.8083350Z /github/runner_temp/git-credentials-8a15a1b6-ef69-41c7-bb69-d1a5e5ca210e.config
2026-09-10T07:34:10.8094809Z [command]/usr/bin/git config --local --unset includeif.gitdir:/github/workspace/.git.path \/github\/runner_temp\/git\-credentials\-8a15a1b6\-ef69\-41c7\-bb69\-d1a5e5ca210e\.config
2026-09-10T07:34:10.8120455Z [command]/usr/bin/git config --local --get-all includeif.gitdir:/github/workspace/.git/worktrees/*.path
2026-09-10T07:34:10.8138759Z /github/runner_temp/git-credentials-8a15a1b6-ef69-41c7-bb69-d1a5e5ca210e.config
2026-09-10T07:34:10.8146459Z [command]/usr/bin/git config --local --unset includeif.gitdir:/github/workspace/.git/worktrees/*.path \/github\/runner_temp\/git\-credentials\-8a15a1b6\-ef69\-41c7\-bb69\-d1a5e5ca210e\.config
2026-09-10T07:34:10.8176153Z [command]/usr/bin/git submodule foreach --recursive git config --local --show-origin --name-only --get-regexp remote.origin.url
2026-09-10T07:34:10.8356947Z Removing credentials config '/home/runner/work/_temp/git-credentials-8a15a1b6-ef69-41c7-bb69-d1a5e5ca210e.config'
2026-09-10T07:34:10.8365295Z ##[endgroup]
2026-09-10T07:34:10.8636663Z ##[group]Run actions/setup-java@de7274f081f381c8f8158605e0321c36c376e2e6
2026-09-10T07:34:10.8637128Z with:
2026-09-10T07:34:10.8637425Z   distribution: temurin
2026-09-10T07:34:10.8637743Z   java-version: 21
2026-09-10T07:34:10.8638064Z   java-package: jdk
2026-09-10T07:34:10.8638385Z   check-latest: false
2026-09-10T07:34:10.8638709Z   force-download: false
2026-09-10T07:34:10.8639007Z   set-default: true
2026-09-10T07:34:10.8639306Z   server-id: github
2026-09-10T07:34:10.8639625Z   mvn-repositories-include-central: true
2026-09-10T07:34:10.8640020Z   mvn-repositories-prioritize-central: true
2026-09-10T07:34:10.8640467Z   overwrite-settings: true
2026-09-10T07:34:10.8640817Z   cache-read-only: false
2026-09-10T07:34:10.8641129Z   job-status: success
2026-09-10T07:34:10.8643424Z   token: ***
2026-09-10T07:34:10.8643756Z   show-download-progress: false
2026-09-10T07:34:10.8644148Z   problem-matcher: true
2026-09-10T07:34:10.8644456Z ##[endgroup]
2026-09-10T07:34:10.9341586Z ##[group]Installed distributions
2026-09-10T07:34:10.9423024Z Resolved Java 21.0.12+1 from tool-cache
2026-09-10T07:34:10.9423619Z Setting Java 21.0.12+1 as the default
2026-09-10T07:34:10.9430216Z 
2026-09-10T07:34:10.9430519Z Java configuration:
2026-09-10T07:34:10.9430951Z   Distribution: temurin
2026-09-10T07:34:10.9431412Z   Version: 21.0.12+1
2026-09-10T07:34:10.9431955Z   Path: /opt/hostedtoolcache/Java_Temurin-Hotspot_jdk/21.0.12-1/x64
2026-09-10T07:34:10.9432448Z 
2026-09-10T07:34:10.9432956Z ##[endgroup]
2026-09-10T07:34:10.9463854Z Creating settings.xml with server-id: github
2026-09-10T07:34:10.9464763Z Creating toolchains.xml for JDK version 21 from temurin
2026-09-10T07:34:10.9465460Z Writing to /home/runner/.m2/settings.xml
2026-09-10T07:34:10.9472470Z Writing to /home/runner/.m2/toolchains.xml
2026-09-10T07:34:10.9480576Z Configured MAVEN_ARGS to include -ntp to suppress Maven transfer progress logs. Set 'show-download-progress: true' to keep the download progress output.
2026-09-10T07:34:10.9600953Z ##[group]Run android-actions/setup-android@40fd30fb8d7440372e1316f5d1809ec01dcd3699
2026-09-10T07:34:10.9601473Z with:
2026-09-10T07:34:10.9601874Z   packages: platform-tools emulator system-images;android-35;default;x86_64
2026-09-10T07:34:10.9602365Z   log-accepted-android-sdk-licenses: false
2026-09-10T07:34:10.9602767Z   cmdline-tools-version: 14742923
2026-09-10T07:34:10.9603138Z   accept-android-sdk-licenses: true
2026-09-10T07:34:10.9603468Z env:
2026-09-10T07:34:10.9603828Z   JAVA_HOME: /opt/hostedtoolcache/Java_Temurin-Hotspot_jdk/21.0.12-1/x64
2026-09-10T07:34:10.9604387Z   JAVA_HOME_21_X64: /opt/hostedtoolcache/Java_Temurin-Hotspot_jdk/21.0.12-1/x64
2026-09-10T07:34:10.9605112Z   MAVEN_ARGS: -ntp
2026-09-10T07:34:10.9605431Z ##[endgroup]
2026-09-10T07:34:11.0545749Z Found preinstalled sdkmanager in /usr/local/lib/android/sdk/cmdline-tools/latest with following source.properties:
2026-09-10T07:34:11.0546813Z Pkg.Revision=12.0
2026-09-10T07:34:11.0547556Z Pkg.Path=cmdline-tools;12.0
2026-09-10T07:34:11.0548139Z Pkg.Desc=Android SDK Command-line Tools
2026-09-10T07:34:11.0548504Z 
2026-09-10T07:34:11.0548839Z Wrong version in preinstalled sdkmanager
2026-09-10T07:34:11.0549804Z Downloading commandline tools from https://dl.google.com/android/repository/commandlinetools-linux-14742923_latest.zip
2026-09-10T07:34:11.7905291Z [command]/usr/bin/unzip -o -q /home/runner/work/_temp/88342da0-c1d6-4ac5-b17a-4755f88943bf
2026-09-10T07:34:12.7430119Z Accepting Android SDK licenses
2026-09-10T07:34:15.5360517Z [command]/usr/local/lib/android/sdk/cmdline-tools/20.0/bin/sdkmanager platform-tools
2026-09-10T07:34:16.3026274Z Loading package information...                                                  
2026-09-10T07:34:16.3865643Z Loading local repository...                                                     
2026-09-10T07:34:16.3866570Z [                                       ] 3% Loading local repository...        
2026-09-10T07:34:16.3926148Z [                                       ] 3% Fetch remote repository...         
2026-09-10T07:34:16.6435291Z [=                                      ] 3% Fetch remote repository...         
2026-09-10T07:34:16.6909260Z [=                                      ] 4% Fetch remote repository...         
2026-09-10T07:34:16.7146317Z [=                                      ] 5% Fetch remote repository...         
2026-09-10T07:34:16.7445589Z [==                                     ] 5% Fetch remote repository...         
2026-09-10T07:34:16.8028262Z [==                                     ] 6% Fetch remote repository...         
2026-09-10T07:34:16.8707668Z [==                                     ] 7% Fetch remote repository...         
2026-09-10T07:34:16.8715837Z [==                                     ] 7% Computing updates...               
2026-09-10T07:34:16.8820881Z [===                                    ] 8% Computing updates...               
2026-09-10T07:34:16.8905648Z [===                                    ] 10% Computing updates...              
2026-09-10T07:34:16.8907217Z [=======================================] 100% Computing updates...             
2026-09-10T07:34:16.8907734Z 
2026-09-10T07:34:16.9062724Z [command]/usr/local/lib/android/sdk/cmdline-tools/20.0/bin/sdkmanager emulator
2026-09-10T07:34:17.6621424Z Loading package information...                                                  
2026-09-10T07:34:17.7439230Z Loading local repository...                                                     
2026-09-10T07:34:17.7440122Z [                                       ] 3% Loading local repository...        
2026-09-10T07:34:17.7468385Z [                                       ] 3% Fetch remote repository...         
2026-09-10T07:34:18.0312419Z [=                                      ] 3% Fetch remote repository...         
2026-09-10T07:34:18.0953250Z [=                                      ] 4% Fetch remote repository...         
2026-09-10T07:34:18.1297710Z [=                                      ] 5% Fetch remote repository...         
2026-09-10T07:34:18.1869735Z [==                                     ] 5% Fetch remote repository...         
2026-09-10T07:34:18.2545457Z [==                                     ] 6% Fetch remote repository...         
2026-09-10T07:34:18.3356294Z [==                                     ] 7% Fetch remote repository...         
2026-09-10T07:34:18.3376093Z [==                                     ] 7% Computing updates...               
2026-09-10T07:34:18.3452716Z [===                                    ] 8% Computing updates...               
2026-09-10T07:34:18.3553657Z [===                                    ] 10% Computing updates...              
2026-09-10T07:34:18.7566137Z [===                                    ] 10% Installing Android Emulator       
2026-09-10T07:34:18.8865891Z [===                                    ] 10% Downloading emulator-linux_x64-159
2026-09-10T07:34:18.9318222Z [====                                   ] 10% Downloading emulator-linux_x64-159
2026-09-10T07:34:18.9846046Z [====                                   ] 11% Downloading emulator-linux_x64-159
2026-09-10T07:34:19.0365478Z [====                                   ] 12% Downloading emulator-linux_x64-159
2026-09-10T07:34:19.0792750Z [=====                                  ] 13% Downloading emulator-linux_x64-159
2026-09-10T07:34:19.1180334Z [=====                                  ] 14% Downloading emulator-linux_x64-159
2026-09-10T07:34:19.1484752Z [=====                                  ] 15% Downloading emulator-linux_x64-159
2026-09-10T07:34:19.1689918Z [======                                 ] 15% Downloading emulator-linux_x64-159
2026-09-10T07:34:19.2093167Z [======                                 ] 16% Downloading emulator-linux_x64-159
2026-09-10T07:34:19.2599459Z [======                                 ] 17% Downloading emulator-linux_x64-159
2026-09-10T07:34:19.3002411Z [=======                                ] 18% Downloading emulator-linux_x64-159
2026-09-10T07:34:19.3503997Z [=======                                ] 19% Downloading emulator-linux_x64-159
2026-09-10T07:34:19.3703961Z [=======                                ] 20% Downloading emulator-linux_x64-159
2026-09-10T07:34:19.3904630Z [========                               ] 20% Downloading emulator-linux_x64-159
2026-09-10T07:34:19.4405561Z [========                               ] 21% Downloading emulator-linux_x64-159
2026-09-10T07:34:19.4816068Z [========                               ] 22% Downloading emulator-linux_x64-159
2026-09-10T07:34:19.5202950Z [=========                              ] 23% Downloading emulator-linux_x64-159
2026-09-10T07:34:19.5697999Z [=========                              ] 24% Downloading emulator-linux_x64-159
2026-09-10T07:34:19.5893580Z [=========                              ] 25% Downloading emulator-linux_x64-159
2026-09-10T07:34:19.6090578Z [==========                             ] 25% Downloading emulator-linux_x64-159
2026-09-10T07:34:19.6580093Z [==========                             ] 26% Downloading emulator-linux_x64-159
2026-09-10T07:34:19.6970681Z [==========                             ] 27% Downloading emulator-linux_x64-159
2026-09-10T07:34:19.7395689Z [===========                            ] 28% Downloading emulator-linux_x64-159
2026-09-10T07:34:19.7643859Z [===========                            ] 29% Downloading emulator-linux_x64-159
2026-09-10T07:34:19.7762673Z [===========                            ] 30% Downloading emulator-linux_x64-159
2026-09-10T07:34:19.7945109Z [============                           ] 30% Downloading emulator-linux_x64-159
2026-09-10T07:34:19.8181556Z [============                           ] 31% Downloading emulator-linux_x64-159
2026-09-10T07:34:19.8432723Z [============                           ] 32% Downloading emulator-linux_x64-159
2026-09-10T07:34:19.8446625Z [============                           ] 33% Downloading emulator-linux_x64-159
2026-09-10T07:34:19.9217434Z [============                           ] 33% Unzipping...                      
2026-09-10T07:34:19.9219025Z [============                           ] 33% Unzipping... emulator/            
2026-09-10T07:34:19.9220059Z [============                           ] 33% Unzipping... emulator/resources/  
2026-09-10T07:34:19.9240350Z [============                           ] 33% Unzipping... emulator/qsn         
2026-09-10T07:34:19.9825746Z [=============                          ] 33% Unzipping... emulator/qsn         
2026-09-10T07:34:20.0775462Z [=============                          ] 33% Unzipping... emulator/emulator    
2026-09-10T07:34:20.2741379Z [=============                          ] 33% Unzipping... emulator/netsimd     
2026-09-10T07:34:20.2742202Z [=============                          ] 33% Unzipping... emulator/bin64/      
2026-09-10T07:34:20.2743212Z [=============                          ] 33% Unzipping... emulator/qemu/       
2026-09-10T07:34:20.2758863Z [=============                          ] 33% Unzipping... emulator/NOTICE.txt  
2026-09-10T07:34:20.2959143Z [=============                          ] 33% Unzipping... emulator/crashpad_han
2026-09-10T07:34:20.2960317Z [=============                          ] 33% Unzipping... emulator/source.prope
2026-09-10T07:34:20.3001614Z [=============                          ] 33% Unzipping... emulator/nimble_bridg
2026-09-10T07:34:20.3660094Z [=============                          ] 34% Unzipping... emulator/nimble_bridg
2026-09-10T07:34:20.3663251Z [=============                          ] 34% Unzipping... emulator/LICENSE     
2026-09-10T07:34:20.3664352Z [=============                          ] 34% Unzipping... emulator/lib/        
2026-09-10T07:34:20.3757555Z [=============                          ] 34% Unzipping... emulator/qemu-img    
2026-09-10T07:34:20.3758639Z [=============                          ] 34% Unzipping... emulator/include/    
2026-09-10T07:34:20.3765163Z [=============                          ] 34% Unzipping... emulator/NOTICE.csv  
2026-09-10T07:34:20.3766497Z [=============                          ] 34% Unzipping... emulator/lib64/      
2026-09-10T07:34:20.3945986Z [=============                          ] 34% Unzipping... emulator/emulator-che
2026-09-10T07:34:20.4175919Z [=============                          ] 34% Unzipping... emulator/crashreport 
2026-09-10T07:34:20.4176698Z [=============                          ] 34% Unzipping... emulator/mksdcard    
2026-09-10T07:34:20.4359362Z [=============                          ] 34% Unzipping... emulator/resources/To
2026-09-10T07:34:20.4371529Z [=============                          ] 35% Unzipping... emulator/resources/To
2026-09-10T07:34:20.4384453Z [=============                          ] 35% Unzipping... emulator/resources/de
2026-09-10T07:34:20.4528217Z [=============                          ] 35% Unzipping... emulator/resources/To
2026-09-10T07:34:20.4530363Z [=============                          ] 35% Unzipping... emulator/resources/ma
2026-09-10T07:34:20.4557725Z [=============                          ] 35% Unzipping... emulator/resources/de
2026-09-10T07:34:20.4560164Z [=============                          ] 35% Unzipping... emulator/resources/sk
2026-09-10T07:34:20.4600586Z [=============                          ] 35% Unzipping... emulator/resources/de
2026-09-10T07:34:20.4602671Z [=============                          ] 35% Unzipping... emulator/resources/ma
2026-09-10T07:34:20.4613325Z [=============                          ] 35% Unzipping... emulator/resources/po
2026-09-10T07:34:20.4674449Z [=============                          ] 35% Unzipping... emulator/resources/ma
2026-09-10T07:34:20.4725331Z [=============                          ] 35% Unzipping... emulator/resources/sk
2026-09-10T07:34:20.4739229Z [=============                          ] 35% Unzipping... emulator/resources/ma
2026-09-10T07:34:20.4779256Z [=============                          ] 35% Unzipping... emulator/bin64/e2fsck
2026-09-10T07:34:20.4818134Z [=============                          ] 35% Unzipping... emulator/bin64/fsck.e
2026-09-10T07:34:20.4846814Z [=============                          ] 35% Unzipping... emulator/bin64/tune2f
2026-09-10T07:34:20.4862930Z [=============                          ] 35% Unzipping... emulator/bin64/resize
2026-09-10T07:34:20.4890318Z [=============                          ] 35% Unzipping... emulator/bin64/mkfs.e
2026-09-10T07:34:20.5003347Z [=============                          ] 35% Unzipping... emulator/qemu/linux-x
2026-09-10T07:34:20.6217816Z [==============                         ] 35% Unzipping... emulator/qemu/linux-x
2026-09-10T07:34:20.8798593Z [==============                         ] 36% Unzipping... emulator/qemu/linux-x
2026-09-10T07:34:21.1140736Z [==============                         ] 37% Unzipping... emulator/qemu/linux-x
2026-09-10T07:34:21.3228847Z [===============                        ] 38% Unzipping... emulator/qemu/linux-x
2026-09-10T07:34:21.6386376Z [===============                        ] 39% Unzipping... emulator/qemu/linux-x
2026-09-10T07:34:21.7355896Z [===============                        ] 40% Unzipping... emulator/qemu/linux-x
2026-09-10T07:34:21.9017355Z [================                       ] 40% Unzipping... emulator/qemu/linux-x
2026-09-10T07:34:22.0078361Z [================                       ] 41% Unzipping... emulator/qemu/linux-x
2026-09-10T07:34:22.0081064Z [================                       ] 41% Unzipping... emulator/lib/emulator
2026-09-10T07:34:22.0082830Z [================                       ] 41% Unzipping... emulator/lib/rtc_serv
2026-09-10T07:34:22.0087414Z [================                       ] 41% Unzipping... emulator/lib/advanced
2026-09-10T07:34:22.0088168Z [================                       ] 41% Unzipping... emulator/lib/cmake/  
2026-09-10T07:34:22.0092188Z [================                       ] 41% Unzipping... emulator/lib/emulator
2026-09-10T07:34:22.0094896Z [================                       ] 41% Unzipping... emulator/lib/control_
2026-09-10T07:34:22.0097028Z [================                       ] 41% Unzipping... emulator/lib/emulated
2026-09-10T07:34:22.0099142Z [================                       ] 41% Unzipping... emulator/lib/rtc_serv
2026-09-10T07:34:22.0101601Z [================                       ] 41% Unzipping... emulator/lib/emu-orig
2026-09-10T07:34:22.0105555Z [================                       ] 41% Unzipping... emulator/lib/hardware
2026-09-10T07:34:22.0106310Z [================                       ] 41% Unzipping... emulator/lib/pkgconfi
2026-09-10T07:34:22.0106742Z [================                       ] 41% Unzipping... emulator/lib/pc-bios/
2026-09-10T07:34:22.0110124Z [================                       ] 41% Unzipping... emulator/lib/snapshot
2026-09-10T07:34:22.0111785Z [================                       ] 41% Unzipping... emulator/lib/adb_serv
2026-09-10T07:34:22.0121742Z [================                       ] 41% Unzipping... emulator/lib/hostapd.
2026-09-10T07:34:22.0125014Z [================                       ] 41% Unzipping... emulator/lib/grpc_end
2026-09-10T07:34:22.0152430Z [================                       ] 41% Unzipping... emulator/lib/ca-bundl
2026-09-10T07:34:22.0153506Z [================                       ] 41% Unzipping... emulator/lib/ui_contr
2026-09-10T07:34:22.0154258Z [================                       ] 41% Unzipping... emulator/lib/snapshot
2026-09-10T07:34:22.0155114Z [================                       ] 41% Unzipping... emulator/lib/ice_conf
2026-09-10T07:34:22.0946407Z [================                       ] 41% Unzipping... emulator/lib/libflatb
2026-09-10T07:34:22.0956505Z [================                       ] 41% Unzipping... emulator/lib/emulator
2026-09-10T07:34:22.0959011Z [================                       ] 41% Unzipping... emulator/lib/waterfal
2026-09-10T07:34:22.0962055Z [================                       ] 41% Unzipping... emulator/lib/emulated
2026-09-10T07:34:22.0972615Z [================                       ] 41% Unzipping... emulator/lib/cmake/fl
2026-09-10T07:34:22.0974821Z [================                       ] 41% Unzipping... emulator/lib/pkgconfi
2026-09-10T07:34:22.1933551Z [================                       ] 41% Unzipping... emulator/lib/pc-bios/
2026-09-10T07:34:22.2005310Z [================                       ] 41% Unzipping... emulator/include/flat
2026-09-10T07:34:22.2098627Z [================                       ] 41% Unzipping... emulator/lib64/libgli
2026-09-10T07:34:22.2243768Z [================                       ] 41% Unzipping... emulator/lib64/libpro
2026-09-10T07:34:22.2244745Z [================                       ] 41% Unzipping... emulator/lib64/qt/   
2026-09-10T07:34:22.2719976Z [================                       ] 41% Unzipping... emulator/lib64/liband
2026-09-10T07:34:22.2748751Z [================                       ] 41% Unzipping... emulator/lib64/libgfx
2026-09-10T07:34:22.3527002Z [================                       ] 42% Unzipping... emulator/lib64/libgfx
2026-09-10T07:34:22.3528506Z [================                       ] 42% Unzipping... emulator/lib64/gles_l
2026-09-10T07:34:22.3537703Z [================                       ] 42% Unzipping... emulator/lib64/liband
2026-09-10T07:34:22.3538630Z [================                       ] 42% Unzipping... emulator/lib64/vulkan
2026-09-10T07:34:22.3539100Z [================                       ] 42% Unzipping... emulator/lib64/gles_s
2026-09-10T07:34:22.3541980Z [================                       ] 42% Unzipping... emulator/lib64/libemu
2026-09-10T07:34:22.3681348Z [================                       ] 42% Unzipping... emulator/lib64/libpro
2026-09-10T07:34:22.4907952Z [================                       ] 42% Unzipping... emulator/lib64/liband
2026-09-10T07:34:22.6306700Z [=================                      ] 43% Unzipping... emulator/lib64/liband
2026-09-10T07:34:22.6327613Z [=================                      ] 43% Unzipping... emulator/lib64/libtcm
2026-09-10T07:34:22.6334849Z [=================                      ] 43% Unzipping... emulator/lib64/libima
2026-09-10T07:34:22.6405155Z [=================                      ] 43% Unzipping... emulator/lib64/libc++
2026-09-10T07:34:22.6714717Z [=================                      ] 43% Unzipping... emulator/lib64/liband
2026-09-10T07:34:22.6778985Z [=================                      ] 43% Unzipping... emulator/lib64/libabs
2026-09-10T07:34:22.6780150Z [=================                      ] 43% Unzipping... emulator/lib64/gles_a
2026-09-10T07:34:22.6874475Z [=================                      ] 43% Unzipping... emulator/lib64/libsha
2026-09-10T07:34:22.6954142Z [=================                      ] 43% Unzipping... emulator/lib64/libc++
2026-09-10T07:34:22.6956097Z [=================                      ] 43% Unzipping... emulator/lib64/qt/res
2026-09-10T07:34:22.6957213Z [=================                      ] 43% Unzipping... emulator/lib64/qt/lib
2026-09-10T07:34:22.6958072Z [=================                      ] 43% Unzipping... emulator/lib64/qt/tra
2026-09-10T07:34:22.6958941Z [=================                      ] 43% Unzipping... emulator/lib64/qt/plu
2026-09-10T07:34:22.7085442Z [=================                      ] 43% Unzipping... emulator/lib64/qt/res
2026-09-10T07:34:22.8286446Z [=================                      ] 44% Unzipping... emulator/lib64/qt/res
2026-09-10T07:34:22.8408421Z [=================                      ] 44% Unzipping... emulator/lib64/qt/lib
2026-09-10T07:34:22.9144326Z [=================                      ] 45% Unzipping... emulator/lib64/qt/lib
2026-09-10T07:34:23.1107449Z [==================                     ] 45% Unzipping... emulator/lib64/qt/lib
2026-09-10T07:34:23.3005833Z [==================                     ] 46% Unzipping... emulator/lib64/qt/lib
2026-09-10T07:34:23.5332460Z [==================                     ] 47% Unzipping... emulator/lib64/qt/lib
2026-09-10T07:34:23.7701851Z [===================                    ] 48% Unzipping... emulator/lib64/qt/lib
2026-09-10T07:34:23.9877377Z [===================                    ] 49% Unzipping... emulator/lib64/qt/lib
2026-09-10T07:34:24.8336973Z [===================                    ] 50% Unzipping... emulator/lib64/qt/lib
2026-09-10T07:34:24.9530458Z [====================                   ] 50% Unzipping... emulator/lib64/qt/lib
2026-09-10T07:34:25.0218037Z [====================                   ] 51% Unzipping... emulator/lib64/qt/lib
2026-09-10T07:34:25.1698116Z [====================                   ] 51% Unzipping... emulator/lib64/qt/tra
2026-09-10T07:34:25.1819756Z [====================                   ] 51% Unzipping... emulator/lib64/qt/plu
2026-09-10T07:34:25.2263218Z [====================                   ] 51% Unzipping... emulator/lib64/gles_l
2026-09-10T07:34:25.2789994Z [====================                   ] 52% Unzipping... emulator/lib64/gles_l
2026-09-10T07:34:25.4554072Z [====================                   ] 52% Unzipping... emulator/lib64/vulkan
2026-09-10T07:34:25.6727823Z [=====================                  ] 53% Unzipping... emulator/lib64/vulkan
2026-09-10T07:34:26.3088380Z [=====================                  ] 54% Unzipping... emulator/lib64/vulkan
2026-09-10T07:34:26.3456034Z [=====================                  ] 54% Unzipping... emulator/lib64/gles_s
2026-09-10T07:34:26.3903477Z [=====================                  ] 55% Unzipping... emulator/lib64/gles_s
2026-09-10T07:34:26.5539361Z [=====================                  ] 55% Unzipping... emulator/lib64/gles_a
2026-09-10T07:34:26.5540632Z [=======================================] 100% Unzipping... emulator/lib64/gles_
2026-09-10T07:34:26.9020032Z 
2026-09-10T07:34:26.9216716Z [command]/usr/local/lib/android/sdk/cmdline-tools/20.0/bin/sdkmanager system-images;android-35;default;x86_64
2026-09-10T07:34:27.6406454Z Loading package information...                                                  
2026-09-10T07:34:27.7239576Z Loading local repository...                                                     
2026-09-10T07:34:27.7240887Z [                                       ] 3% Loading local repository...        
2026-09-10T07:34:27.7281942Z [                                       ] 3% Fetch remote repository...         
2026-09-10T07:34:28.0288088Z [=                                      ] 3% Fetch remote repository...         
2026-09-10T07:34:28.0982093Z [=                                      ] 4% Fetch remote repository...         
2026-09-10T07:34:28.1302452Z [=                                      ] 5% Fetch remote repository...         
2026-09-10T07:34:28.2046904Z [==                                     ] 5% Fetch remote repository...         
2026-09-10T07:34:28.2562870Z [==                                     ] 6% Fetch remote repository...         
2026-09-10T07:34:28.3363112Z [==                                     ] 7% Fetch remote repository...         
2026-09-10T07:34:28.3396235Z [==                                     ] 7% Computing updates...               
2026-09-10T07:34:28.3488042Z [===                                    ] 8% Computing updates...               
2026-09-10T07:34:28.3601879Z [===                                    ] 10% Computing updates...              
2026-09-10T07:34:28.7615193Z [===                                    ] 10% Installing Intel x86_64 Atom Syste
2026-09-10T07:34:28.9258336Z [===                                    ] 10% Downloading x86_64-35_r02.zip...  
2026-09-10T07:34:28.9905532Z [====                                   ] 10% Downloading x86_64-35_r02.zip...  
2026-09-10T07:34:29.0930820Z [====                                   ] 11% Downloading x86_64-35_r02.zip...  
2026-09-10T07:34:29.2139765Z [====                                   ] 12% Downloading x86_64-35_r02.zip...  
2026-09-10T07:34:29.3117997Z [=====                                  ] 13% Downloading x86_64-35_r02.zip...  
2026-09-10T07:34:29.4086394Z [=====                                  ] 14% Downloading x86_64-35_r02.zip...  
2026-09-10T07:34:29.4801946Z [=====                                  ] 15% Downloading x86_64-35_r02.zip...  
2026-09-10T07:34:29.5276520Z [======                                 ] 15% Downloading x86_64-35_r02.zip...  
2026-09-10T07:34:29.6219626Z [======                                 ] 16% Downloading x86_64-35_r02.zip...  
2026-09-10T07:34:29.7356661Z [======                                 ] 17% Downloading x86_64-35_r02.zip...  
2026-09-10T07:34:29.7872999Z [=======                                ] 18% Downloading x86_64-35_r02.zip...  
2026-09-10T07:34:29.8387004Z [=======                                ] 19% Downloading x86_64-35_r02.zip...  
2026-09-10T07:34:29.8590234Z [=======                                ] 20% Downloading x86_64-35_r02.zip...  
2026-09-10T07:34:29.8804859Z [========                               ] 20% Downloading x86_64-35_r02.zip...  
2026-09-10T07:34:29.9370941Z [========                               ] 21% Downloading x86_64-35_r02.zip...  
2026-09-10T07:34:29.9826971Z [========                               ] 22% Downloading x86_64-35_r02.zip...  
2026-09-10T07:34:30.0250901Z [=========                              ] 23% Downloading x86_64-35_r02.zip...  
2026-09-10T07:34:30.0805515Z [=========                              ] 24% Downloading x86_64-35_r02.zip...  
2026-09-10T07:34:30.1020648Z [=========                              ] 25% Downloading x86_64-35_r02.zip...  
2026-09-10T07:34:30.1242789Z [==========                             ] 25% Downloading x86_64-35_r02.zip...  
2026-09-10T07:34:30.1785356Z [==========                             ] 26% Downloading x86_64-35_r02.zip...  
2026-09-10T07:34:30.2261210Z [==========                             ] 27% Downloading x86_64-35_r02.zip...  
2026-09-10T07:34:30.2869245Z [===========                            ] 28% Downloading x86_64-35_r02.zip...  
2026-09-10T07:34:30.3384786Z [===========                            ] 29% Downloading x86_64-35_r02.zip...  
2026-09-10T07:34:30.3680894Z [===========                            ] 30% Downloading x86_64-35_r02.zip...  
2026-09-10T07:34:30.4127901Z [============                           ] 30% Downloading x86_64-35_r02.zip...  
2026-09-10T07:34:30.4629627Z [============                           ] 31% Downloading x86_64-35_r02.zip...  
2026-09-10T07:34:30.5122101Z [============                           ] 32% Downloading x86_64-35_r02.zip...  
2026-09-10T07:34:30.5130552Z [============                           ] 33% Downloading x86_64-35_r02.zip...  
2026-09-10T07:34:30.5500580Z [============                           ] 33% Unzipping...                      
2026-09-10T07:34:30.5518916Z [============                           ] 33% Unzipping... x86_64/NOTICE.txt    
2026-09-10T07:34:30.5808791Z [=============                          ] 33% Unzipping... x86_64/NOTICE.txt    
2026-09-10T07:34:30.5938122Z [=============                          ] 33% Unzipping... x86_64/VerifiedBootPa
2026-09-10T07:34:30.6247097Z [=============                          ] 33% Unzipping... x86_64/advancedFeatur
2026-09-10T07:34:30.6409308Z [=============                          ] 33% Unzipping... x86_64/build.prop    
2026-09-10T07:34:30.7871335Z [=============                          ] 33% Unzipping... x86_64/encryptionkey.
2026-09-10T07:34:31.0288964Z [=============                          ] 33% Unzipping... x86_64/kernel-ranchu 
2026-09-10T07:34:31.0537931Z [=============                          ] 33% Unzipping... x86_64/kernel_cmdline
2026-09-10T07:34:31.1074432Z [=============                          ] 33% Unzipping... x86_64/ramdisk.img   
2026-09-10T07:34:31.1083581Z [=============                          ] 33% Unzipping... x86_64/source.propert
2026-09-10T07:34:31.2916096Z [=============                          ] 33% Unzipping... x86_64/system.img    
2026-09-10T07:34:31.5832808Z [=============                          ] 34% Unzipping... x86_64/system.img    
2026-09-10T07:34:31.7729271Z [=============                          ] 35% Unzipping... x86_64/system.img    
2026-09-10T07:34:31.8887772Z [==============                         ] 35% Unzipping... x86_64/system.img    
2026-09-10T07:34:32.3308951Z [==============                         ] 36% Unzipping... x86_64/system.img    
2026-09-10T07:34:32.8271517Z [==============                         ] 37% Unzipping... x86_64/system.img    
2026-09-10T07:34:33.2537600Z [===============                        ] 38% Unzipping... x86_64/system.img    
2026-09-10T07:34:33.6099624Z [===============                        ] 39% Unzipping... x86_64/system.img    
2026-09-10T07:34:33.9184211Z [===============                        ] 40% Unzipping... x86_64/system.img    
2026-09-10T07:34:34.0494655Z [================                       ] 40% Unzipping... x86_64/system.img    
2026-09-10T07:34:34.4589671Z [================                       ] 41% Unzipping... x86_64/system.img    
2026-09-10T07:34:34.9232448Z [================                       ] 42% Unzipping... x86_64/system.img    
2026-09-10T07:34:35.3635495Z [=================                      ] 43% Unzipping... x86_64/system.img    
2026-09-10T07:34:35.4934749Z [=================                      ] 44% Unzipping... x86_64/system.img    
2026-09-10T07:34:35.6359477Z [=================                      ] 45% Unzipping... x86_64/system.img    
2026-09-10T07:34:35.8020817Z [==================                     ] 45% Unzipping... x86_64/system.img    
2026-09-10T07:34:36.1886861Z [==================                     ] 46% Unzipping... x86_64/system.img    
2026-09-10T07:34:36.5866764Z [==================                     ] 47% Unzipping... x86_64/system.img    
2026-09-10T07:34:37.0082425Z [===================                    ] 48% Unzipping... x86_64/system.img    
2026-09-10T07:34:37.4277368Z [===================                    ] 49% Unzipping... x86_64/system.img    
2026-09-10T07:34:37.6871520Z [===================                    ] 50% Unzipping... x86_64/system.img    
2026-09-10T07:34:37.9010293Z [====================                   ] 50% Unzipping... x86_64/system.img    
2026-09-10T07:34:38.3671177Z [====================                   ] 51% Unzipping... x86_64/system.img    
2026-09-10T07:34:38.7410720Z [====================                   ] 52% Unzipping... x86_64/system.img    
2026-09-10T07:34:39.0057575Z [=====================                  ] 53% Unzipping... x86_64/system.img    
2026-09-10T07:34:46.7416045Z [=====================                  ] 54% Unzipping... x86_64/system.img    
2026-09-10T07:34:47.0151366Z [=====================                  ] 54% Unzipping... x86_64/vendor.img    
2026-09-10T07:34:48.0498924Z [=====================                  ] 55% Unzipping... x86_64/vendor.img    
2026-09-10T07:34:48.0504956Z [=====================                  ] 55% Unzipping... x86_64/data/empty_dat
2026-09-10T07:34:48.0505631Z [=====================                  ] 55% Unzipping... x86_64/data/local.pro
2026-09-10T07:34:48.0520448Z [=====================                  ] 55% Unzipping... x86_64/data/misc/apns
2026-09-10T07:34:48.0521168Z [=====================                  ] 55% Unzipping... x86_64/data/misc/emul
2026-09-10T07:34:48.1165812Z [=====================                  ] 55% Unzipping... x86_64/data/misc/mode
2026-09-10T07:34:48.1976365Z [=====================                  ] 55% Unzipping... x86_64/data/misc/pixe
2026-09-10T07:34:48.1977375Z [=======================================] 100% Unzipping... x86_64/data/misc/pix
2026-09-10T07:34:48.2969391Z 
2026-09-10T07:34:48.3313511Z ##[group]Run actions/download-artifact@3e5f45b2cfb9172054b4087a40e8e0b5a5461e7c
2026-09-10T07:34:48.3313995Z with:
2026-09-10T07:34:48.3314309Z   name: godot-comparison-runtime-apk
2026-09-10T07:34:48.3314909Z   path: godot/qualification/build
2026-09-10T07:34:48.3315257Z   merge-multiple: false
2026-09-10T07:34:48.3315605Z   repository: Apdelrahman1911/PartyDeck
2026-09-10T07:34:48.3316071Z   run-id: 34450246541
2026-09-10T07:34:48.3316434Z   skip-decompress: false
2026-09-10T07:34:48.3316752Z   digest-mismatch: error
2026-09-10T07:34:48.3317050Z env:
2026-09-10T07:34:48.3317432Z   JAVA_HOME: /opt/hostedtoolcache/Java_Temurin-Hotspot_jdk/21.0.12-1/x64
2026-09-10T07:34:48.3317985Z   JAVA_HOME_21_X64: /opt/hostedtoolcache/Java_Temurin-Hotspot_jdk/21.0.12-1/x64
2026-09-10T07:34:48.3318423Z   MAVEN_ARGS: -ntp
2026-09-10T07:34:48.3318764Z   ANDROID_HOME: /usr/local/lib/android/sdk
2026-09-10T07:34:48.3319168Z   ANDROID_SDK_ROOT: /usr/local/lib/android/sdk
2026-09-10T07:34:48.3319602Z ##[endgroup]
2026-09-10T07:34:48.4575933Z Downloading single artifact
2026-09-10T07:34:48.7050207Z Preparing to download the following artifacts:
2026-09-10T07:34:48.7052059Z - godot-comparison-runtime-apk (ID: 10141350695, Size: 111374586, Expected Digest: sha256:84cd5981d816a74e80e8ee7a5d358ab63cfd78431939263ea25834fef02a5838)
2026-09-10T07:34:49.1219648Z Redirecting to blob download url: https://productionresultssa0.blob.core.windows.net/actions-results/9adb32c0-ffa8-4b75-b2fd-ca43b528701d/workflow-job-run-f78b7436-d8e7-5bc0-ac27-0c2f71b0f032/artifacts/3a971a15ee91fdbdcae2dc4b733964c29443690d68ec726f24df2621b5096a1c.zip
2026-09-10T07:34:49.1221368Z Starting download of artifact to: /home/runner/work/PartyDeck/PartyDeck/godot/qualification/build
2026-09-10T07:34:49.3937184Z (node:2594) [DEP0005] DeprecationWarning: Buffer() is deprecated due to security and usability issues. Please use the Buffer.alloc(), Buffer.allocUnsafe(), or Buffer.from() methods instead.
2026-09-10T07:34:49.3938995Z (Use `node --trace-deprecation ...` to show where the warning was created)
2026-09-10T07:34:53.1429970Z SHA256 digest of downloaded artifact is 84cd5981d816a74e80e8ee7a5d358ab63cfd78431939263ea25834fef02a5838
2026-09-10T07:34:53.1430707Z Artifact download completed successfully.
2026-09-10T07:34:53.1431345Z Total of 1 artifact(s) downloaded
2026-09-10T07:34:53.1434822Z Download artifact has finished successfully
2026-09-10T07:34:53.1537711Z ##[group]Run python3 -B godot/tools/renderer.py check-pack \
2026-09-10T07:34:53.1538327Z [36;1mpython3 -B godot/tools/renderer.py check-pack \[0m
2026-09-10T07:34:53.1538973Z [36;1m  --pack godot/qualification/build/renderer/partydeck-last-light.pck[0m
2026-09-10T07:34:53.1539450Z [36;1mpython3 - <<'PY'[0m
2026-09-10T07:34:53.1539844Z [36;1mimport hashlib[0m
2026-09-10T07:34:53.1540158Z [36;1mimport json[0m
2026-09-10T07:34:53.1540447Z [36;1mimport os[0m
2026-09-10T07:34:53.1540815Z [36;1mfrom pathlib import Path[0m
2026-09-10T07:34:53.1541188Z [36;1mimport zipfile[0m
2026-09-10T07:34:53.1541509Z [36;1m[0m
2026-09-10T07:34:53.1541832Z [36;1mbuild = Path('godot/qualification/build')[0m
2026-09-10T07:34:53.1542323Z [36;1mapk = build / 'modules/androidHost/outputs/apk/debug/androidHost-debug.apk'[0m
2026-09-10T07:34:53.1542942Z [36;1mpack = build / 'renderer/partydeck-last-light.pck'[0m
2026-09-10T07:34:53.1543346Z [36;1mdigest = hashlib.sha256()[0m
2026-09-10T07:34:53.1543830Z [36;1mwith apk.open('rb') as stream:[0m
2026-09-10T07:34:53.1544247Z [36;1m    for block in iter(lambda: stream.read(1048576), b''):[0m
2026-09-10T07:34:53.1544921Z [36;1m        digest.update(block)[0m
2026-09-10T07:34:53.1545313Z [36;1mapk_hash = digest.hexdigest()[0m
2026-09-10T07:34:53.1545693Z [36;1mwith zipfile.ZipFile(apk) as archive:[0m
2026-09-10T07:34:53.1546267Z [36;1m    entry = 'assets/partydeck-last-light.pck'[0m
2026-09-10T07:34:53.1546729Z [36;1m    if archive.namelist().count(entry) != 1:[0m
2026-09-10T07:34:53.1547253Z [36;1m        raise SystemExit('The debug APK must contain exactly one renderer PCK.')[0m
2026-09-10T07:34:53.1547812Z [36;1m    embedded_hash = hashlib.sha256(archive.read(entry)).hexdigest()[0m
2026-09-10T07:34:53.1548316Z [36;1mpack_hash = hashlib.sha256(pack.read_bytes()).hexdigest()[0m
2026-09-10T07:34:53.1548810Z [36;1mreport = build / 'ci/package-inputs.json'[0m
2026-09-10T07:34:53.1549251Z [36;1mreport.parent.mkdir(parents=True, exist_ok=True)[0m
2026-09-10T07:34:53.1549689Z [36;1mreport.write_text(json.dumps({[0m
2026-09-10T07:34:53.1550166Z [36;1m    'sourceCommit': os.environ['GITHUB_SHA'], 'apkSha256': apk_hash,[0m
2026-09-10T07:34:53.1550697Z [36;1m    'packSha256': pack_hash, 'embeddedPackSha256': embedded_hash,[0m
2026-09-10T07:34:53.1551148Z [36;1m    'samePack': embedded_hash == pack_hash,[0m
2026-09-10T07:34:53.1551530Z [36;1m}, indent=2) + '\n')[0m
2026-09-10T07:34:53.1551927Z [36;1mif embedded_hash != pack_hash:[0m
2026-09-10T07:34:53.1552413Z [36;1m    raise SystemExit('The APK renderer PCK differs from the exported comparison PCK.')[0m
2026-09-10T07:34:53.1552913Z [36;1mPY[0m
2026-09-10T07:34:53.1580573Z shell: /usr/bin/bash -e {0}
2026-09-10T07:34:53.1580949Z env:
2026-09-10T07:34:53.1581338Z   JAVA_HOME: /opt/hostedtoolcache/Java_Temurin-Hotspot_jdk/21.0.12-1/x64
2026-09-10T07:34:53.1581991Z   JAVA_HOME_21_X64: /opt/hostedtoolcache/Java_Temurin-Hotspot_jdk/21.0.12-1/x64
2026-09-10T07:34:53.1582465Z   MAVEN_ARGS: -ntp
2026-09-10T07:34:53.1582806Z   ANDROID_HOME: /usr/local/lib/android/sdk
2026-09-10T07:34:53.1583187Z   ANDROID_SDK_ROOT: /usr/local/lib/android/sdk
2026-09-10T07:34:53.1583588Z ##[endgroup]
2026-09-10T07:34:53.2445765Z PCK checks passed: 136 entries; SHA-256 0440dc8a1e099031eb7e0a08304411908e8580f932673599f149d2088c0e7afe
2026-09-10T07:34:53.5435579Z ##[group]Run test -e /dev/kvm
2026-09-10T07:34:53.5435964Z [36;1mtest -e /dev/kvm[0m
2026-09-10T07:34:53.5436336Z [36;1msudo chmod a+rw /dev/kvm[0m
2026-09-10T07:34:53.5459762Z shell: /usr/bin/bash -e {0}
2026-09-10T07:34:53.5460113Z env:
2026-09-10T07:34:53.5460530Z   JAVA_HOME: /opt/hostedtoolcache/Java_Temurin-Hotspot_jdk/21.0.12-1/x64
2026-09-10T07:34:53.5461124Z   JAVA_HOME_21_X64: /opt/hostedtoolcache/Java_Temurin-Hotspot_jdk/21.0.12-1/x64
2026-09-10T07:34:53.5461593Z   MAVEN_ARGS: -ntp
2026-09-10T07:34:53.5461949Z   ANDROID_HOME: /usr/local/lib/android/sdk
2026-09-10T07:34:53.5462333Z   ANDROID_SDK_ROOT: /usr/local/lib/android/sdk
2026-09-10T07:34:53.5462768Z ##[endgroup]
2026-09-10T07:34:53.5607581Z ##[group]Run timeout --signal=TERM --kill-after=30s 38m bash godot/android-checks/emulator.sh \
2026-09-10T07:34:53.5608339Z [36;1mtimeout --signal=TERM --kill-after=30s 38m bash godot/android-checks/emulator.sh \[0m
2026-09-10T07:34:53.5609006Z [36;1m  godot/qualification/build/modules/androidHost/outputs/apk/debug/androidHost-debug.apk \[0m
2026-09-10T07:34:53.5609667Z [36;1m  "$PARTYDECK_GODOT_CI_MODE" "$PARTYDECK_GODOT_CI_FONT_SCALE" \[0m
2026-09-10T07:34:53.5610151Z [36;1m  godot/qualification/build/ci/android[0m
2026-09-10T07:34:53.5628765Z shell: /usr/bin/bash -e {0}
2026-09-10T07:34:53.5629116Z env:
2026-09-10T07:34:53.5629595Z   JAVA_HOME: /opt/hostedtoolcache/Java_Temurin-Hotspot_jdk/21.0.12-1/x64
2026-09-10T07:34:53.5630151Z   JAVA_HOME_21_X64: /opt/hostedtoolcache/Java_Temurin-Hotspot_jdk/21.0.12-1/x64
2026-09-10T07:34:53.5630625Z   MAVEN_ARGS: -ntp
2026-09-10T07:34:53.5630945Z   ANDROID_HOME: /usr/local/lib/android/sdk
2026-09-10T07:34:53.5631498Z   ANDROID_SDK_ROOT: /usr/local/lib/android/sdk
2026-09-10T07:34:53.5631871Z   PARTYDECK_GODOT_CI_MODE: 2d
2026-09-10T07:34:53.5632215Z   PARTYDECK_GODOT_CI_FONT_SCALE: 2.0
2026-09-10T07:34:53.5632566Z ##[endgroup]
2026-09-10T07:34:53.5989071Z accel:
2026-09-10T07:34:53.5989662Z 0
2026-09-10T07:34:53.5990232Z KVM (version 12) is installed and usable.
2026-09-10T07:34:54.1421620Z * daemon not running; starting now at tcp:5037
2026-09-10T07:34:54.1422476Z accel
2026-09-10T07:34:54.3501413Z * daemon started successfully
2026-09-10T07:34:55.1425029Z Loading local repository...                                                     
2026-09-10T07:34:55.1792373Z [=========                              ] 25% Loading local repository...       
2026-09-10T07:34:55.1796293Z Auto-selecting single ABI x86_64
2026-09-10T07:35:32.0038459Z [avd-preparation-1] Verified responsive Android launcher before app installation
2026-09-10T07:35:36.9856514Z AVD prepared; strict debug and optimized APK acceptance can begin.
2026-09-10T07:35:45.5790868Z [godot-comparison] Verified responsive Android launcher before app installation
2026-09-10T07:35:55.1042469Z [godot-comparison] Tapped reference_scenario
2026-09-10T07:36:03.5972018Z [godot-comparison] Tapped sound_enabled
2026-09-10T07:36:09.1797174Z [godot-comparison] Captured chooser
2026-09-10T07:36:11.3071783Z [godot-comparison] Tapped launch_2d
2026-09-10T07:36:16.6840087Z [godot-comparison] Verified real 2d match setup, Ready and concealed renderer
2026-09-10T07:36:20.0804937Z [godot-comparison] Captured 01-concealed
2026-09-10T07:36:24.3068725Z [godot-comparison] Tapped refresh_diagnostics
2026-09-10T07:36:32.9832407Z [godot-comparison] Tapped refresh_diagnostics
2026-09-10T07:36:38.5826848Z [godot-comparison] Captured 02-revealed
2026-09-10T07:36:42.7923321Z [godot-comparison] Tapped refresh_diagnostics
2026-09-10T07:36:51.3786906Z [godot-comparison] Tapped refresh_diagnostics
2026-09-10T07:36:56.9619724Z [godot-comparison] Captured 03-selected
2026-09-10T07:37:01.1583555Z [godot-comparison] Tapped refresh_diagnostics
2026-09-10T07:37:09.6936178Z [godot-comparison] Tapped refresh_diagnostics
2026-09-10T07:37:15.3616267Z [godot-comparison] Captured 04-covered
2026-09-10T07:37:19.5751298Z [godot-comparison] Tapped refresh_diagnostics
2026-09-10T07:37:28.2220872Z [godot-comparison] Tapped refresh_diagnostics
2026-09-10T07:37:34.7111149Z [godot-comparison] Tapped refresh_diagnostics
2026-09-10T07:37:43.3216292Z [godot-comparison] Tapped refresh_diagnostics
2026-09-10T07:37:54.7988895Z [godot-comparison] Captured 05-background-home
2026-09-10T07:38:00.1498960Z [godot-comparison] Captured 06-recents-privacy
2026-09-10T07:38:05.1731991Z [godot-comparison] Tapped refresh_diagnostics
2026-09-10T07:38:10.9184891Z [godot-comparison] Captured 07-resumed-concealed
2026-09-10T07:38:15.1286867Z [godot-comparison] Tapped refresh_diagnostics
2026-09-10T07:38:23.7263263Z [godot-comparison] Tapped refresh_diagnostics
2026-09-10T07:38:30.2175492Z [godot-comparison] Tapped refresh_diagnostics
2026-09-10T07:38:38.8661709Z [godot-comparison] Tapped refresh_diagnostics
2026-09-10T07:38:45.3379596Z [godot-comparison] Tapped refresh_diagnostics
2026-09-10T07:38:54.8836088Z [godot-comparison] Tapped refresh_diagnostics
2026-09-10T07:39:03.9780351Z [godot-comparison] Tapped refresh_diagnostics
2026-09-10T07:39:10.3951903Z [godot-comparison] Tapped refresh_diagnostics
2026-09-10T07:39:16.0516044Z [godot-comparison] Captured 08-after-play
2026-09-10T07:39:19.4746910Z [godot-comparison] Captured 09-public-outcome
2026-09-10T07:39:23.6894434Z [godot-comparison] Tapped refresh_diagnostics
2026-09-10T07:39:33.3215478Z [godot-comparison] Tapped refresh_diagnostics
2026-09-10T07:39:42.5215632Z [godot-comparison] Tapped refresh_diagnostics
2026-09-10T07:39:48.9919349Z [godot-comparison] Tapped refresh_diagnostics
2026-09-10T07:39:54.7175561Z [godot-comparison] Captured 10-next-round
2026-09-10T07:39:58.8982265Z [godot-comparison] Tapped refresh_diagnostics
2026-09-10T07:40:08.5431936Z [godot-comparison] Tapped refresh_diagnostics
2026-09-10T07:40:17.6052992Z [godot-comparison] Tapped refresh_diagnostics
2026-09-10T07:40:24.0903297Z [godot-comparison] Tapped refresh_diagnostics
2026-09-10T07:40:30.4735302Z [godot-comparison] Tapped refresh_diagnostics
2026-09-10T07:40:40.2148770Z [godot-comparison] Tapped refresh_diagnostics
2026-09-10T07:40:49.2949396Z [godot-comparison] Tapped refresh_diagnostics
2026-09-10T07:40:55.7052811Z [godot-comparison] Tapped refresh_diagnostics
2026-09-10T07:41:02.1282975Z [godot-comparison] Tapped refresh_diagnostics
2026-09-10T07:41:11.7496035Z [godot-comparison] Tapped refresh_diagnostics
2026-09-10T07:41:20.5380040Z [godot-comparison] Tapped refresh_diagnostics
2026-09-10T07:41:26.9585594Z [godot-comparison] Tapped refresh_diagnostics
2026-09-10T07:41:32.6050749Z [godot-comparison] Captured 11-after-challenge
2026-09-10T07:41:36.7979537Z [godot-comparison] Tapped refresh_diagnostics
2026-09-10T07:41:46.5215162Z [godot-comparison] Tapped refresh_diagnostics
2026-09-10T07:41:55.2863356Z [godot-comparison] Tapped refresh_diagnostics
2026-09-10T07:42:01.7228212Z [godot-comparison] Tapped refresh_diagnostics
2026-09-10T07:42:08.1573825Z [godot-comparison] Tapped refresh_diagnostics
2026-09-10T07:42:16.8453849Z [godot-comparison] Tapped refresh_diagnostics
2026-09-10T07:42:23.2735461Z [godot-comparison] Tapped refresh_diagnostics
2026-09-10T07:42:31.8419852Z [godot-comparison] Tapped refresh_diagnostics
2026-09-10T07:42:38.2844358Z [godot-comparison] Tapped refresh_diagnostics
2026-09-10T07:42:47.8727636Z [godot-comparison] Tapped refresh_diagnostics
2026-09-10T07:42:56.9427954Z [godot-comparison] Tapped refresh_diagnostics
2026-09-10T07:43:03.3919713Z [godot-comparison] Tapped refresh_diagnostics
2026-09-10T07:43:09.8571259Z [godot-comparison] Tapped refresh_diagnostics
2026-09-10T07:43:19.6562369Z [godot-comparison] Tapped refresh_diagnostics
2026-09-10T07:43:28.7550636Z [godot-comparison] Tapped refresh_diagnostics
2026-09-10T07:43:35.2661637Z [godot-comparison] Tapped refresh_diagnostics
2026-09-10T07:43:41.6833319Z [godot-comparison] Tapped refresh_diagnostics
2026-09-10T07:43:51.4323621Z [godot-comparison] Tapped refresh_diagnostics
2026-09-10T07:44:00.4159594Z [godot-comparison] Tapped refresh_diagnostics
2026-09-10T07:44:06.8896950Z [godot-comparison] Tapped refresh_diagnostics
2026-09-10T07:44:13.3350264Z [godot-comparison] Tapped refresh_diagnostics
2026-09-10T07:44:23.0782172Z [godot-comparison] Tapped refresh_diagnostics
2026-09-10T07:44:32.1729326Z [godot-comparison] Tapped refresh_diagnostics
2026-09-10T07:44:41.2660106Z [godot-comparison] Tapped refresh_diagnostics
2026-09-10T07:44:47.7460055Z [godot-comparison] Tapped refresh_diagnostics
2026-09-10T07:44:54.2617413Z [godot-comparison] Tapped refresh_diagnostics
2026-09-10T07:45:03.5966945Z [godot-comparison] Tapped refresh_diagnostics
2026-09-10T07:45:12.4001800Z [godot-comparison] Tapped refresh_diagnostics
2026-09-10T07:45:18.8764844Z [godot-comparison] Tapped refresh_diagnostics
2026-09-10T07:45:25.3913134Z [godot-comparison] Tapped refresh_diagnostics
2026-09-10T07:45:35.1865706Z [godot-comparison] Tapped refresh_diagnostics
2026-09-10T07:45:44.3939624Z [godot-comparison] Tapped refresh_diagnostics
2026-09-10T07:45:53.5075782Z [godot-comparison] Tapped refresh_diagnostics
2026-09-10T07:45:59.9547660Z [godot-comparison] Tapped refresh_diagnostics
2026-09-10T07:46:06.3798890Z [godot-comparison] Tapped refresh_diagnostics
2026-09-10T07:46:16.1515931Z [godot-comparison] Tapped refresh_diagnostics
2026-09-10T07:46:25.1717655Z [godot-comparison] Tapped refresh_diagnostics
2026-09-10T07:46:31.5707374Z [godot-comparison] Tapped refresh_diagnostics
2026-09-10T07:46:37.9730316Z [godot-comparison] Tapped refresh_diagnostics
2026-09-10T07:46:47.5945843Z [godot-comparison] Tapped refresh_diagnostics
2026-09-10T07:46:56.5971902Z [godot-comparison] Tapped refresh_diagnostics
2026-09-10T07:47:03.0633312Z [godot-comparison] Tapped refresh_diagnostics
2026-09-10T07:47:09.5152850Z [godot-comparison] Tapped refresh_diagnostics
2026-09-10T07:47:19.2196532Z [godot-comparison] Tapped refresh_diagnostics
2026-09-10T07:47:28.3402480Z [godot-comparison] Tapped refresh_diagnostics
2026-09-10T07:47:34.7869358Z [godot-comparison] Tapped refresh_diagnostics
2026-09-10T07:47:41.2551962Z [godot-comparison] Tapped refresh_diagnostics
2026-09-10T07:47:50.8449026Z [godot-comparison] Tapped refresh_diagnostics
2026-09-10T07:47:59.9721312Z [godot-comparison] Tapped refresh_diagnostics
2026-09-10T07:48:06.5071995Z [godot-comparison] Tapped refresh_diagnostics
2026-09-10T07:48:12.9069477Z [godot-comparison] Tapped refresh_diagnostics
2026-09-10T07:48:22.5865366Z [godot-comparison] Tapped refresh_diagnostics
2026-09-10T07:48:31.6281361Z [godot-comparison] Tapped refresh_diagnostics
2026-09-10T07:48:38.0514655Z [godot-comparison] Tapped refresh_diagnostics
2026-09-10T07:48:43.7143517Z [godot-comparison] Captured 12-winner
2026-09-10T07:48:47.9152641Z [godot-comparison] Tapped refresh_diagnostics
2026-09-10T07:48:57.5522221Z [godot-comparison] Tapped refresh_diagnostics
2026-09-10T07:49:15.1310279Z [godot-comparison] Captured 14-chooser-after-exit
2026-09-10T07:49:15.1316428Z [godot-comparison] Verified native destruction, actual PID absence and surviving chooser: return_to_chooser
2026-09-10T07:49:17.2450467Z [godot-comparison] Tapped launch_2d
2026-09-10T07:49:22.6427268Z [godot-comparison] Verified real 2d scene-exit setup, Ready and concealed renderer
2026-09-10T07:49:26.0245080Z [godot-comparison] Captured 01-fresh-concealed
2026-09-10T07:49:30.2147885Z [godot-comparison] Tapped refresh_diagnostics
2026-09-10T07:49:46.9078234Z [godot-comparison] Captured 14-chooser-after-exit
2026-09-10T07:49:46.9084758Z [godot-comparison] Verified native destruction, actual PID absence and surviving chooser: renderer_exit
2026-09-10T07:49:49.0611291Z [godot-comparison] Tapped launch_2d
2026-09-10T07:49:54.5553361Z [godot-comparison] Verified real 2d native-exit setup, Ready and concealed renderer
2026-09-10T07:49:57.9692149Z [godot-comparison] Captured 01-fresh-concealed
2026-09-10T07:50:00.1220095Z [godot-comparison] Tapped exit_game
2026-09-10T07:50:12.7214002Z [godot-comparison] Captured 14-chooser-after-exit
2026-09-10T07:50:12.7220119Z [godot-comparison] Verified native destruction, actual PID absence and surviving chooser: native_close
2026-09-10T07:50:16.6090240Z Real Android 2d Godot qualification passed; inspect retained captures for visual review.
2026-09-10T07:50:18.6542970Z Prepare all required actions
2026-09-10T07:50:18.6543729Z Getting action download info
2026-09-10T07:50:18.9556724Z Download action repository 'actions/upload-artifact@043fb46d1a93c77aae656e7c1c64a875d1fc6a0a' (SHA:043fb46d1a93c77aae656e7c1c64a875d1fc6a0a)
2026-09-10T07:50:19.1261988Z ##[group]Run ./.github/actions/upload-artifact
2026-09-10T07:50:19.1262417Z with:
2026-09-10T07:50:19.1262758Z   name: godot-android-2d-font-2.0-debug
2026-09-10T07:50:19.1263747Z   path: godot/qualification/build/ci/package-inputs.json
godot/qualification/build/ci/android/**/*.log
godot/qualification/build/ci/android/**/*.json
godot/qualification/build/ci/android/**/*.xml
godot/qualification/build/ci/android/**/*.png

2026-09-10T07:50:19.1264815Z   retention-days: 14
2026-09-10T07:50:19.1265121Z   if-no-files-found: warn
2026-09-10T07:50:19.1265524Z env:
2026-09-10T07:50:19.1265914Z   JAVA_HOME: /opt/hostedtoolcache/Java_Temurin-Hotspot_jdk/21.0.12-1/x64
2026-09-10T07:50:19.1266601Z   JAVA_HOME_21_X64: /opt/hostedtoolcache/Java_Temurin-Hotspot_jdk/21.0.12-1/x64
2026-09-10T07:50:19.1267048Z   MAVEN_ARGS: -ntp
2026-09-10T07:50:19.1267442Z   ANDROID_HOME: /usr/local/lib/android/sdk
2026-09-10T07:50:19.1267824Z   ANDROID_SDK_ROOT: /usr/local/lib/android/sdk
2026-09-10T07:50:19.1268258Z ##[endgroup]
2026-09-10T07:50:19.1331835Z ##[start-action display=Upload artifact;id=__self.first]
2026-09-10T07:50:19.1378863Z ##[group]Run actions/upload-artifact@043fb46d1a93c77aae656e7c1c64a875d1fc6a0a
2026-09-10T07:50:19.1379354Z with:
2026-09-10T07:50:19.1379697Z   name: godot-android-2d-font-2.0-debug
2026-09-10T07:50:19.1380641Z   path: godot/qualification/build/ci/package-inputs.json
godot/qualification/build/ci/android/**/*.log
godot/qualification/build/ci/android/**/*.json
godot/qualification/build/ci/android/**/*.xml
godot/qualification/build/ci/android/**/*.png

2026-09-10T07:50:19.1381532Z   retention-days: 14
2026-09-10T07:50:19.1381922Z   if-no-files-found: warn
2026-09-10T07:50:19.1382421Z   compression-level: 6
2026-09-10T07:50:19.1382728Z   overwrite: false
2026-09-10T07:50:19.1383061Z   include-hidden-files: false
2026-09-10T07:50:19.1383445Z   archive: true
2026-09-10T07:50:19.1383724Z env:
2026-09-10T07:50:19.1384110Z   JAVA_HOME: /opt/hostedtoolcache/Java_Temurin-Hotspot_jdk/21.0.12-1/x64
2026-09-10T07:50:19.1384737Z   JAVA_HOME_21_X64: /opt/hostedtoolcache/Java_Temurin-Hotspot_jdk/21.0.12-1/x64
2026-09-10T07:50:19.1385230Z   MAVEN_ARGS: -ntp
2026-09-10T07:50:19.1385570Z   ANDROID_HOME: /usr/local/lib/android/sdk
2026-09-10T07:50:19.1385953Z   ANDROID_SDK_ROOT: /usr/local/lib/android/sdk
2026-09-10T07:50:19.1386329Z ##[endgroup]
2026-09-10T07:50:19.2973258Z Multiple search paths detected. Calculating the least common ancestor of all paths
2026-09-10T07:50:19.2975683Z The least common ancestor is /home/runner/work/PartyDeck/PartyDeck/godot/qualification/build/ci. This will be the root directory of the artifact
2026-09-10T07:50:19.2976578Z With the provided path, there will be 117 files uploaded
2026-09-10T07:50:19.2985604Z Artifact name is valid!
2026-09-10T07:50:19.2986420Z Root directory input is valid!
2026-09-10T07:50:19.6510616Z Uploading artifact: godot-android-2d-font-2.0-debug.zip
2026-09-10T07:50:19.6550398Z Beginning upload of artifact content to blob storage
2026-09-10T07:50:20.7699683Z Uploaded bytes 5009707
2026-09-10T07:50:20.8311526Z Finished uploading artifact content to blob storage!
2026-09-10T07:50:20.8313138Z SHA256 digest of uploaded artifact is 2ce22df443b8ba3677106d4cb724fb518136c506bec5ccd9b07c0f77a309ac63
2026-09-10T07:50:20.8314246Z Finalizing artifact upload
2026-09-10T07:50:21.1798656Z Artifact godot-android-2d-font-2.0-debug successfully finalized. Artifact ID 10141894504
2026-09-10T07:50:21.1799795Z Artifact godot-android-2d-font-2.0-debug has been successfully uploaded! Final size is 5009707 bytes. Artifact ID is 10141894504
2026-09-10T07:50:21.1802008Z Artifact download URL: https://github.com/Apdelrahman1911/PartyDeck/actions/runs/34450246541/artifacts/10141894504
2026-09-10T07:50:21.1907466Z ##[end-action id=__self.first;outcome=success;conclusion=success;duration_ms=2057]
2026-09-10T07:50:21.1912342Z ##[start-action display=Wait before the single upload retry;id=__self.__run]
2026-09-10T07:50:21.1923270Z ##[end-action id=__self.__run;outcome=skipped;conclusion=skipped;duration_ms=0]
2026-09-10T07:50:21.1926233Z ##[start-action display=Retry artifact upload;id=__self.retry]
2026-09-10T07:50:21.1932345Z ##[end-action id=__self.retry;outcome=skipped;conclusion=skipped;duration_ms=0]
2026-09-10T07:50:21.1934867Z ##[start-action display=Require a successful upload attempt;id=__self.__run_2]
2026-09-10T07:50:21.1944974Z ##[end-action id=__self.__run_2;outcome=skipped;conclusion=skipped;duration_ms=0]
2026-09-10T07:50:21.2084235Z Post job cleanup.
2026-09-10T07:50:21.3000111Z Post job cleanup.
2026-09-10T07:50:21.3809879Z [command]/usr/bin/git version
2026-09-10T07:50:21.3849197Z git version 2.55.0
2026-09-10T07:50:21.3891590Z Temporarily overriding HOME='/home/runner/work/_temp/2e99faae-f2a7-46d4-a01f-cffc5f628344' before making global git config changes
2026-09-10T07:50:21.3892949Z Adding repository directory to the temporary git global config as a safe directory
2026-09-10T07:50:21.3897499Z [command]/usr/bin/git config --global --add safe.directory /home/runner/work/PartyDeck/PartyDeck
2026-09-10T07:50:21.3931857Z Removing SSH command configuration
2026-09-10T07:50:21.3937873Z [command]/usr/bin/git config --local --name-only --get-regexp core\.sshCommand
2026-09-10T07:50:21.3971506Z [command]/usr/bin/git submodule foreach --recursive sh -c "git config --local --name-only --get-regexp 'core\.sshCommand' && git config --local --unset-all 'core.sshCommand' || :"
2026-09-10T07:50:21.4196672Z Removing HTTP extra header
2026-09-10T07:50:21.4202555Z [command]/usr/bin/git config --local --name-only --get-regexp http\.https\:\/\/github\.com\/\.extraheader
2026-09-10T07:50:21.4236987Z [command]/usr/bin/git submodule foreach --recursive sh -c "git config --local --name-only --get-regexp 'http\.https\:\/\/github\.com\/\.extraheader' && git config --local --unset-all 'http.https://github.com/.extraheader' || :"
2026-09-10T07:50:21.4440807Z Removing includeIf entries pointing to credentials config files
2026-09-10T07:50:21.4448347Z [command]/usr/bin/git config --local --name-only --get-regexp ^includeIf\.gitdir:
2026-09-10T07:50:21.4478781Z [command]/usr/bin/git submodule foreach --recursive git config --local --show-origin --name-only --get-regexp remote.origin.url
2026-09-10T07:50:21.4853083Z Cleaning up orphan processes
2026-09-10T07:50:21.5077142Z Terminate orphan process: pid (2630) (adb)
