--------- beginning of main
09-10 09:01:23.129 10670 10670 I t.compare:godot: Late-enabling -Xcheck:jni
09-10 09:01:23.154 10670 10670 I t.compare:godot: Using CollectorTypeCMC GC.
09-10 09:01:23.155 10670 10670 W t.compare:godot: Unexpected CPU variant for x86: x86_64.
09-10 09:01:23.155 10670 10670 W t.compare:godot: Known variants: atom, sandybridge, silvermont, goldmont, goldmont-plus, goldmont-without-sha-xsaves, tremont, kabylake, default
09-10 09:01:23.194 10670 10670 D nativeloader: Load libframework-connectivity-tiramisu-jni.so using APEX ns com_android_tethering for caller /apex/com.android.tethering/javalib/framework-connectivity-t.jar: ok
09-10 09:01:23.251 10670 10670 W ziparchive: Unable to open '/data/app/~~x94b1WvU7Erur5NzR9xQag==/dev.partydeck.godot.compare-MoiJk9O5tcEIHh2kucb8_w==/base.dm': No such file or directory
09-10 09:01:23.251 10670 10670 W ziparchive: Unable to open '/data/app/~~x94b1WvU7Erur5NzR9xQag==/dev.partydeck.godot.compare-MoiJk9O5tcEIHh2kucb8_w==/base.dm': No such file or directory
09-10 09:01:23.418 10670 10670 D nativeloader: Configuring clns-7 for other apk /data/app/~~x94b1WvU7Erur5NzR9xQag==/dev.partydeck.godot.compare-MoiJk9O5tcEIHh2kucb8_w==/base.apk. target_sdk_version=36, uses_libraries=, library_path=/data/app/~~x94b1WvU7Erur5NzR9xQag==/dev.partydeck.godot.compare-MoiJk9O5tcEIHh2kucb8_w==/lib/x86_64:/data/app/~~x94b1WvU7Erur5NzR9xQag==/dev.partydeck.godot.compare-MoiJk9O5tcEIHh2kucb8_w==/base.apk!/lib/x86_64, permitted_path=/data:/mnt/expand:/data/user/0/dev.partydeck.godot.compare
09-10 09:01:23.432 10670 10670 V GraphicsEnvironment: Currently set values for:
09-10 09:01:23.436 10670 10670 V GraphicsEnvironment:   angle_gl_driver_selection_pkgs=[]
09-10 09:01:23.436 10670 10670 V GraphicsEnvironment:   angle_gl_driver_selection_values=[]
09-10 09:01:23.436 10670 10670 V GraphicsEnvironment: Global.Settings values are invalid: number of packages: 0, number of values: 0
09-10 09:01:23.440 10670 10670 V GraphicsEnvironment: Neither updatable production driver nor prerelease driver is supported.
09-10 09:01:23.841 10670 10670 V Godot   : Initializing Godot plugin registry
09-10 09:01:23.842 10670 10670 I GodotPluginRegistry: Registering runtime plugin AndroidRuntime
09-10 09:01:23.842 10670 10670 I GodotPluginRegistry: Registering runtime plugin PartyDeckBridge
09-10 09:01:23.843 10670 10670 V Godot   : InitEngine with params: [--main-pack, res://partydeck-last-light.pck, --rendering-method, gl_compatibility, --xr-mode, off]
09-10 09:01:23.906 10670 10670 D nativeloader: Load /data/app/~~x94b1WvU7Erur5NzR9xQag==/dev.partydeck.godot.compare-MoiJk9O5tcEIHh2kucb8_w==/base.apk!/lib/x86_64/libgodot_android.so using ns clns-7 from class loader (caller=/data/app/~~x94b1WvU7Erur5NzR9xQag==/dev.partydeck.godot.compare-MoiJk9O5tcEIHh2kucb8_w==/base.apk): ok
09-10 09:01:23.911 10670 10670 V Godot   : Godot native layer initialization completed: true
09-10 09:01:23.911 10670 10670 V Godot   : Setting up native layer with params: [--main-pack, res://partydeck-last-light.pck, --rendering-method, gl_compatibility, --xr-mode, off]
09-10 09:01:23.961 10670 10670 V Godot   : Godot native layer setup completed
09-10 09:01:23.962 10670 10670 V Godot   : OnInitRenderView: GodotFragment{cfc207f} (b307fa32-8bdf-450d-9d3d-c214b4e0a2a0 id=0x7f07002b tag=partydeck-godot)
09-10 09:01:23.983 10670 10670 D Godot   : Render view should be transparent: false
09-10 09:01:23.984 10670 10670 D Godot   : renderingDevice: opengl3 (ProjectSettings)
09-10 09:01:23.984 10670 10670 D Godot   : 			renderer: gl_compatibility (Default)
09-10 09:01:23.999 10670 10670 V Godot   : OnStart: GodotFragment{cfc207f} (b307fa32-8bdf-450d-9d3d-c214b4e0a2a0 id=0x7f07002b tag=partydeck-godot)
09-10 09:01:24.002 10670 10670 W WindowOnBackDispatcher: OnBackInvokedCallback is not enabled for the application.
09-10 09:01:24.002 10670 10670 W WindowOnBackDispatcher: Set 'android:enableOnBackInvokedCallback="true"' in the application manifest.
09-10 09:01:24.005 10670 10670 V Godot   : OnResume: GodotFragment{cfc207f} (b307fa32-8bdf-450d-9d3d-c214b4e0a2a0 id=0x7f07002b tag=partydeck-godot)
09-10 09:01:24.009 10670 10670 W HWUI    : Unknown dataspace 0
09-10 09:01:24.059 10670 10686 I EGL_emulation: Opening libGLESv1_CM_emulation.so
09-10 09:01:24.060 10670 10686 I EGL_emulation: Opening libGLESv2_emulation.so
09-10 09:01:24.066 10670 10686 W HWUI    : Failed to choose config with EGL_SWAP_BEHAVIOR_PRESERVED, retrying without...
09-10 09:01:24.066 10670 10686 W HWUI    : Failed to initialize 101010-2 format, error = EGL_SUCCESS
09-10 09:01:24.079 10670 10706 W RegularContextFactory: creating OpenGL ES 3.0 context :
09-10 09:01:24.110 10670 10706 I Gralloc4: mapper 4.x is not supported
09-10 09:01:24.168 10670 10706 I godot   : Godot Engine v4.7.2.stable.official.ed1daf0bf - https://godotengine.org
09-10 09:01:24.256 10670 10676 I t.compare:godot: Compiler allocated 4219KB to compile void android.widget.TextView.<init>(android.content.Context, android.util.AttributeSet, int, int)
09-10 09:01:24.403 10670 10706 E godot   : WARNING: Failed to load cached shader, recompiling.
09-10 09:01:24.403 10670 10706 E godot   :    at: _load_from_cache (drivers/gles3/shader_gles3.cpp:615)
09-10 09:01:24.874 10670 10676 I t.compare:godot: Compiler allocated 5174KB to compile void android.view.ViewRootImpl.performTraversals()
09-10 09:01:25.094 10670 10710 E SurfaceSyncGroup: Failed to receive transaction ready in 1000ms. Marking SurfaceSyncGroup(wmsSync-VRI[GodotGameActivity]#1) as ready
09-10 09:01:25.095 10670 10710 E SurfaceSyncGroup: Failed to receive transaction ready in 1000ms. Marking SurfaceSyncGroup(VRI[GodotGameActivity]#2) as ready
09-10 09:01:25.095 10670 10710 E SurfaceSyncGroup: Failed to receive transaction ready in 1000ms. Marking SurfaceSyncGroup(SurfaceView[dev.partydeck.godot.compare/dev.partydeck.godot.compare.GodotGameActivity]#0) as ready
09-10 09:01:25.506 10670 10706 I godot   : OpenGL API OpenGL ES 3.1 (OpenGL ES 3.1.0 (ANGLE 2.1.17841 git hash: 5fa2e61da947)) - Compatibility - Using Device: Google (Google Inc. (Google)) - Android Emulator OpenGL ES Translator (ANGLE (Google, Vulkan 1.3.0 (SwiftShader Device (Subzero) (0x0000C0DE)), SwiftShader driver-5.0.0))
09-10 09:01:25.507 10670 10706 D t.compare:godot: PlayerBase::PlayerBase()
09-10 09:01:25.507 10670 10706 D t.compare:godot: TrackPlayerBase::TrackPlayerBase()
09-10 09:01:25.507 10670 10706 I libOpenSLES: Emulating old channel mask behavior (ignoring positional mask 0x3, using default mask 0x3 based on channel count of 2)
09-10 09:01:25.512 10670 10706 I godot   : 
09-10 09:01:25.668 10670 10686 D EGL_emulation: app_time_stats: avg=342.68ms min=58.43ms max=855.28ms count=4
09-10 09:01:25.882 10670 10706 V Godot   : OnGodotSetupCompleted
09-10 09:01:25.888 10670 10706 V Godot   : OnGodotMainLoopStarted
09-10 09:01:26.685 10670 10686 D EGL_emulation: app_time_stats: avg=196.26ms min=57.74ms max=455.45ms count=5
09-10 09:01:36.225 10670 10670 D AutofillManager: Fill dialog is enabled:false, hints=[]
09-10 09:01:36.265 10670 10686 D EGL_emulation: app_time_stats: avg=2394.66ms min=12.10ms max=9234.60ms count=4
09-10 09:01:40.559 10670 10670 I PartyDeckGodotBridge: Close requested elapsed_ms=882252
09-10 09:01:40.568 10670 10706 D EGL_emulation: app_time_stats: avg=3743.66ms min=65.86ms max=14265.96ms count=4
09-10 09:01:40.568 10670 10706 I PartyDeckGodotBridge: Close dispatch started elapsed_ms=882262
09-10 09:01:40.568 10670 10706 I PartyDeckGodotBridge: Close native barrier elapsed_ms=882262
09-10 09:01:40.579 10670 10670 I PartyDeckGodotHost: Close main callback elapsed_ms=882273
09-10 09:01:40.585 10670 10706 D GLThread: Exiting render thread
09-10 09:01:40.585 10670 10706 D GodotRenderer: Destroying Godot Engine
09-10 09:01:40.594 10670 10686 D EGL_emulation: app_time_stats: avg=852.38ms min=19.92ms max=4044.10ms count=5
09-10 09:01:40.603 10670 10706 D t.compare:godot: PlayerBase::stop() from IPlayer
09-10 09:01:40.603 10670 10706 D AudioTrack: stop(17): called with 669438 frames delivered
09-10 09:01:40.607 10670 10706 E eglCodecCommon: removeVertexArrayObject: ERROR: 7 not found in VAO state!
09-10 09:01:40.647 10670 10706 V Godot   : OnGodotTerminating
09-10 09:01:40.680 10670 10670 V Godot   : OnDestroy: GodotFragment{cfc207f} (b307fa32-8bdf-450d-9d3d-c214b4e0a2a0 id=0x7f07002b tag=partydeck-godot)
09-10 09:01:40.704 10670 10670 V Godot   : OnPause: GodotFragment{cfc207f} (b307fa32-8bdf-450d-9d3d-c214b4e0a2a0 id=0x7f07002b tag=partydeck-godot)
09-10 09:01:40.923 10670 10670 I PartyDeckGodotHost: Engine process exit requested
09-10 09:01:40.924 10670 10670 I Process : Sending signal. PID: 10670 SIG: 9
