    PID    PPID COMMAND           RSS %CPU
   2031    2008 Runner.Worker   149328 7.1
   1974    1972 provjobd1535594 144912 2.6
   2008    1956 Runner.Listener 95576  2.0
   1121       1 dockerd         72340  0.2
    909       1 php-fpm8.3      51672  0.1
    986       1 containerd      45828  0.1
    222       1 multipathd      43712  0.0
   1375     951 python3         38032  0.9
    951       1 python3         31048  0.3
   1140     909 php-fpm8.3      21572  0.0
   1151     909 php-fpm8.3      21572  0.0
    906       1 networkd-dispat 21312  0.1
    156       1 systemd-journal 17908  0.5
   1956       1 hosted-compute- 16820  0.1
      1       0 systemd         14448  3.5
    947       1 udisksd         13876  0.0
    521       1 systemd-resolve 13280  0.1
   1079       1 ModemManager    12880  0.0
   1097       1 systemd         11704  0.2
    937       1 systemd-logind   9860  0.1
    735       1 systemd-network  9820  0.0
    913       1 polkitd          8244  0.0
    227       1 systemd-udevd    8000  0.1
   1972    1956 sudo             7120  0.0
   1094       1 rsyslogd         6444  0.0
    901       1 dbus-daemon      5652  0.1
    594       1 haveged          5128  0.2
   2634    2620 ps               4312  0.0
   1024       1 chronyd          3856  0.0
   2620    2619 bash             3644  0.0
   1127    1097 (sd-pam)         3592  0.0
   2618    2031 bash             3580  0.0
    357       1 hv_kvp_daemon    2968  0.0
    964       1 cron             2888  0.0
    999       1 agetty           2212  0.0
   2619    2618 timeout          2168  0.0
   1059       1 agetty           2084  0.2
   1035    1024 chronyd          1224  0.0
      2       0 kthreadd            0  0.0
      3       2 pool_workqueue_     0  0.0
      4       2 kworker/R-rcu_g     0  0.0
      5       2 kworker/R-sync_     0  0.0
      6       2 kworker/R-kvfre     0  0.0
      7       2 kworker/R-slub_     0  0.0
      8       2 kworker/R-netns     0  0.0
      9       2 kworker/0:0-eve     0  0.4
     10       2 kworker/0:0H-ev     0  0.0
     11       2 kworker/0:1-eve     0  0.0
     12       2 kworker/u16:0-i     0  0.2
     13       2 kworker/R-mm_pe     0  0.0
     14       2 ksoftirqd/0         0  0.0
     15       2 rcu_sched           0  0.0
     16       2 rcu_exp_par_gp_     0  0.0
     17       2 rcu_exp_gp_kthr     0  0.0
     18       2 migration/0         0  0.0
     19       2 idle_inject/0       0  0.0
     20       2 cpuhp/0             0  0.0
     21       2 cpuhp/2             0  0.0
     22       2 idle_inject/2       0  0.0
     23       2 migration/2         0  0.5
     24       2 ksoftirqd/2         0  0.0
     25       2 kworker/2:0-cgr     0  0.0
     26       2 kworker/2:0H-ev     0  0.0
     27       2 cpuhp/1             0  0.0
     28       2 idle_inject/1       0  0.0
     29       2 migration/1         0  0.5
     30       2 ksoftirqd/1         0  0.0
     31       2 kworker/1:0-eve     0  0.0
     32       2 kworker/1:0H-ev     0  0.0
     33       2 cpuhp/3             0  0.0
     34       2 idle_inject/3       0  0.0
     35       2 migration/3         0  0.6
     36       2 ksoftirqd/3         0  0.0
     37       2 kworker/3:0-eve     0  0.0
     38       2 kworker/3:0H-ev     0  0.0
     39       2 kdevtmpfs           0  0.0
     40       2 kworker/R-inet_     0  0.0
     41       2 rcu_tasks_rude_     0  0.0
     42       2 rcu_tasks_trace     0  0.0
     43       2 kauditd             0  0.0
     44       2 khungtaskd          0  0.0
     45       2 oom_reaper          0  0.0
     46       2 kworker/u16:1-f     0  0.0
     47       2 kworker/u16:2-m     0  0.3
     48       2 kworker/R-write     0  0.0
     49       2 kcompactd0          0  0.0
     50       2 ksmd                0  0.0
     51       2 khugepaged          0  0.0
     52       2 kworker/R-kbloc     0  0.0
     53       2 kworker/R-blkcg     0  0.0
     54       2 kworker/R-kinte     0  0.0
     55       2 irq/9-acpi          0  0.0
     56       2 kworker/3:1-eve     0  0.2
     57       2 kworker/1:1-cgr     0  0.0
     58       2 kworker/2:1-eve     0  0.0
     59       2 kworker/R-tpm_d     0  0.0
     60       2 kworker/R-ata_s     0  0.0
     61       2 kworker/R-md        0  0.0
     62       2 kworker/R-md_bi     0  0.0
     63       2 kworker/R-edac-     0  0.0
     64       2 kworker/R-hv_vm     0  0.0
     65       2 kworker/R-hv_vm     0  0.0
     66       2 kworker/R-hv_pr     0  0.0
     67       2 kworker/R-hv_su     0  0.0
     68       2 kworker/R-devfr     0  0.0
     69       2 watchdogd           0  0.0
     70       2 kworker/R-quota     0  0.0
     71       2 kworker/0:1H-kb     0  0.0
     72       2 kswapd0             0  0.0
     73       2 ecryptfs-kthrea     0  0.0
     74       2 kworker/R-kthro     0  0.0
     75       2 kworker/R-nfit      0  0.0
     76       2 scsi_eh_0           0  0.0
     77       2 scsi_eh_1           0  0.0
     78       2 kworker/R-scsi_     0  0.0
     79       2 kworker/R-scsi_     0  0.0
     80       2 kworker/R-nvme-     0  0.0
     81       2 kworker/R-nvme-     0  0.0
     82       2 kworker/R-nvme-     0  0.0
     83       2 kworker/R-nvme-     0  0.0
     84       2 kworker/u16:3-e     0  0.7
     85       2 kworker/u16:4-e     0  0.3
     86       2 kworker/R-mld       0  0.0
     87       2 kworker/2:1H-kb     0  0.0
     88       2 kworker/R-ipv6_     0  0.0
     89       2 hv_balloon          0  0.0
     90       2 kworker/R-kstrp     0  0.0
     92       2 kworker/u17:0       0  0.0
    103       2 jbd2/sda1-8         0  0.0
    104       2 kworker/R-ext4-     0  0.0
    105       2 kworker/3:1H-kb     0  0.0
    106       2 kworker/2:2-cgr     0  0.0
    139       2 kworker/1:1H-kb     0  0.0
    170       2 kworker/1:2-cgr     0  0.0
    178       2 kworker/R-kmpat     0  0.0
    179       2 kworker/R-kmpat     0  0.0
    180       2 kworker/0:2-eve     0  0.0
    199       2 kworker/1:3         0  0.0
    200       2 kworker/1:4-eve     0  0.0
    217       2 kworker/0:3-cgr     0  0.0
    218       2 kworker/0:4-eve     0  0.0
    239       2 psimon              0  0.0
    296       2 kworker/3:2-eve     0  0.5
    386       2 kworker/R-tls-s     0  0.0
    392       2 kworker/R-mlx5_     0  0.0
    393       2 kworker/R-mlx5_     0  0.0
    394       2 kworker/R-mlx5_     0  0.0
    395       2 kworker/R-mlx5_     0  0.0
    396       2 kworker/3:3-eve     0  0.0
    400       2 ptp1                0  0.0
    401       2 kworker/R-mlx5_     0  0.0
    402       2 kworker/R-mlx5_     0  0.0
    406       2 kworker/R-mlx5e     0  0.0
    415       2 jbd2/sda16-8        0  0.0
    417       2 kworker/R-mlx5e     0  0.0
    420       2 kworker/R-ext4-     0  0.0
    455       2 kworker/R-ib-co     0  0.0
    456       2 kworker/R-ib-co     0  0.0
    458       2 kworker/R-ib_mc     0  0.0
    459       2 kworker/R-ib_nl     0  0.0
    493       2 kworker/2:3-eve     0  0.0
    554       2 kworker/R-mkey_     0  0.0
    801       2 kworker/u16:5-f     0  0.0
   1033       2 kworker/u16:6-f     0  0.2
   1954       2 psimon              0  0.0
