Godot Engine v4.7.2.stable.official.ed1daf0bf - https://godotengine.org
WARNING: Started the engine as `root`/superuser. This is a security risk, and subsystems like audio may not work correctly.
Set the environment variable `GODOT_SILENCE_ROOT_WARNING` to 1 to silence this warning.
     at: setup2 (main/main.cpp:3581)

[   0% ] [90m[1mfirst_scan_filesystem[22m | Started Project initialization (5 steps)[39m[0m
[   0% ] [90m[1mfirst_scan_filesystem[22m | Scanning file structure...[39m[0m
[  16% ] [90m[1mfirst_scan_filesystem[22m | Loading global class names...[39m[0m
[  33% ] [90m[1mfirst_scan_filesystem[22m | Verifying GDExtensions...[39m[0m
[  50% ] [90m[1mfirst_scan_filesystem[22m | Creating autoload scripts...[39m[0m
[  66% ] [90m[1mfirst_scan_filesystem[22m | Initializing plugins...[39m[0m
[  83% ] [90m[1mfirst_scan_filesystem[22m | Starting file scan...[39m[0m
[92m[ DONE ][39m [1mfirst_scan_filesystem[22m
[0m
[   0% ] [90m[1msavepack[22m | Started Packing (102 steps)[39m[0m
[   1% ] [90m[1msavepack[22m | Storing File: res://.godot/imported/card_place.wav-4d4d4473d360f68f37d37c2aeefed77a.sample[39m[0m
[   1% ] [90m[1msavepack[22m | Storing File: res://assets/audio/card_place.wav.import[39m[0m
[   2% ] [90m[1msavepack[22m | Storing File: res://.godot/imported/challenge.wav-66a96eabfad73eeb47dd0ca174c9f54a.sample[39m[0m
[   2% ] [90m[1msavepack[22m | Storing File: res://assets/audio/challenge.wav.import[39m[0m
[   3% ] [90m[1msavepack[22m | Storing File: res://.godot/imported/light_out.wav-f059cfaa6980add4e730998535dc4381.sample[39m[0m
[   3% ] [90m[1msavepack[22m | Storing File: res://assets/audio/light_out.wav.import[39m[0m
[   5% ] [90m[1msavepack[22m | Storing File: res://.godot/imported/safe.wav-6aeb537e90edac2c6522d2e66d834da0.sample[39m[0m
[   5% ] [90m[1msavepack[22m | Storing File: res://assets/audio/safe.wav.import[39m[0m
[   6% ] [90m[1msavepack[22m | Storing File: res://.godot/imported/ui_tap.wav-a168d5c6cf50582177ded031d2165804.sample[39m[0m
[   6% ] [90m[1msavepack[22m | Storing File: res://assets/audio/ui_tap.wav.import[39m[0m
[   7% ] [90m[1msavepack[22m | Storing File: res://.godot/imported/victory.wav-d893d32ad919f27e15cf04d35e288b78.sample[39m[0m
[   7% ] [90m[1msavepack[22m | Storing File: res://assets/audio/victory.wav.import[39m[0m
[   9% ] [90m[1msavepack[22m | Storing File: res://.godot/imported/fraunces_semibold.ttf-c34fefcae5d329595975829839fc20b3.fontdata[39m[0m
[   9% ] [90m[1msavepack[22m | Storing File: res://assets/fonts/fraunces_semibold.ttf.import[39m[0m
[  10% ] [90m[1msavepack[22m | Storing File: res://.godot/imported/manrope_medium.ttf-28c4969cd7531435c83be8998b5fa18d.fontdata[39m[0m
[  10% ] [90m[1msavepack[22m | Storing File: res://assets/fonts/manrope_medium.ttf.import[39m[0m
[  12% ] [90m[1msavepack[22m | Storing File: res://.godot/imported/manrope_regular.ttf-a79e30c2f7804e98653bcf4df68e9755.fontdata[39m[0m
[  12% ] [90m[1msavepack[22m | Storing File: res://assets/fonts/manrope_regular.ttf.import[39m[0m
[  13% ] [90m[1msavepack[22m | Storing File: res://.godot/imported/manrope_semibold.ttf-3b6bf0f2d15e281f725c371a151ece00.fontdata[39m[0m
[  13% ] [90m[1msavepack[22m | Storing File: res://assets/fonts/manrope_semibold.ttf.import[39m[0m
[  14% ] [90m[1msavepack[22m | Storing File: res://assets/licenses/font_notices.txt[39m[0m
[  16% ] [90m[1msavepack[22m | Storing File: res://assets/licenses/fraunces_ofl.txt[39m[0m
[  17% ] [90m[1msavepack[22m | Storing File: res://assets/licenses/manrope_ofl.txt[39m[0m
[  19% ] [90m[1msavepack[22m | Storing File: res://assets/manifest.json[39m[0m
[  20% ] [90m[1msavepack[22m | Storing File: res://.godot/imported/back.png-1ff9977b2cad4103ffcc9e9734946d4d.ctex[39m[0m
[  20% ] [90m[1msavepack[22m | Storing File: res://assets/textures/cards/back.png.import[39m[0m
[  21% ] [90m[1msavepack[22m | Storing File: res://.godot/imported/face_crown.png-54eda900a91c75c7a8295cd2cc89ef80.ctex[39m[0m
[  21% ] [90m[1msavepack[22m | Storing File: res://assets/textures/cards/face_crown.png.import[39m[0m
[  23% ] [90m[1msavepack[22m | Storing File: res://.godot/imported/face_moon.png-19794f98d461d0c25b454bd5643c7d72.ctex[39m[0m
[  23% ] [90m[1msavepack[22m | Storing File: res://assets/textures/cards/face_moon.png.import[39m[0m
[  24% ] [90m[1msavepack[22m | Storing File: res://.godot/imported/face_star.png-a121d93a00d0d000077d9a2ffcbeedc3.ctex[39m[0m
[  24% ] [90m[1msavepack[22m | Storing File: res://assets/textures/cards/face_star.png.import[39m[0m
[  26% ] [90m[1msavepack[22m | Storing File: res://.godot/imported/face_wild.png-86aa1075a766dd4d1c2f839ba9e58bff.ctex[39m[0m
[  26% ] [90m[1msavepack[22m | Storing File: res://assets/textures/cards/face_wild.png.import[39m[0m
[  27% ] [90m[1msavepack[22m | Storing File: res://.godot/imported/crown.png-bc030df5371be18a61f1de944546fb95.ctex[39m[0m
[  27% ] [90m[1msavepack[22m | Storing File: res://assets/textures/ranks/crown.png.import[39m[0m
[  28% ] [90m[1msavepack[22m | Storing File: res://.godot/imported/crown_mask.png-f46c659c7fbf159127e6f5bf4feeb7eb.ctex[39m[0m
[  28% ] [90m[1msavepack[22m | Storing File: res://assets/textures/ranks/crown_mask.png.import[39m[0m
[  30% ] [90m[1msavepack[22m | Storing File: res://.godot/imported/moon.png-41501cda2e8a4e4546dadff7b4c75d66.ctex[39m[0m
[  30% ] [90m[1msavepack[22m | Storing File: res://assets/textures/ranks/moon.png.import[39m[0m
[  31% ] [90m[1msavepack[22m | Storing File: res://.godot/imported/moon_mask.png-05fd332ff30bd85bb50fe4158bca172d.ctex[39m[0m
[  31% ] [90m[1msavepack[22m | Storing File: res://assets/textures/ranks/moon_mask.png.import[39m[0m
[  32% ] [90m[1msavepack[22m | Storing File: res://.godot/imported/star.png-1cfb426a78ac96b477b8b783d19c086f.ctex[39m[0m
[  32% ] [90m[1msavepack[22m | Storing File: res://assets/textures/ranks/star.png.import[39m[0m
[  33% ] [90m[1msavepack[22m | Storing File: res://.godot/imported/star_mask.png-21dc1fdd40c565a083b619267efa287d.ctex[39m[0m
[  33% ] [90m[1msavepack[22m | Storing File: res://assets/textures/ranks/star_mask.png.import[39m[0m
[  34% ] [90m[1msavepack[22m | Storing File: res://.godot/imported/wild.png-654b8ded3869c348241c402018779fbe.ctex[39m[0m
[  34% ] [90m[1msavepack[22m | Storing File: res://assets/textures/ranks/wild.png.import[39m[0m
[  36% ] [90m[1msavepack[22m | Storing File: res://.godot/imported/wild_mask.png-3c33cd60dde075f965c9ee648c951c59.ctex[39m[0m
[  36% ] [90m[1msavepack[22m | Storing File: res://assets/textures/ranks/wild_mask.png.import[39m[0m
[  37% ] [90m[1msavepack[22m | Storing File: res://.godot/imported/card_back.svg-d509956e90b488b98de87fa4548feaa5.ctex[39m[0m
[  37% ] [90m[1msavepack[22m | Storing File: res://assets/vectors/card_back.svg.import[39m[0m
[  38% ] [90m[1msavepack[22m | Storing File: res://.godot/imported/icon_arrow_back.svg-5fab7ac43043c8d98db54cccf70eb55d.ctex[39m[0m
[  38% ] [90m[1msavepack[22m | Storing File: res://assets/vectors/icon_arrow_back.svg.import[39m[0m
[  40% ] [90m[1msavepack[22m | Storing File: res://.godot/imported/icon_arrow_forward.svg-93523dba18806e7f550cfb4b3f34a05d.ctex[39m[0m
[  40% ] [90m[1msavepack[22m | Storing File: res://assets/vectors/icon_arrow_forward.svg.import[39m[0m
[  41% ] [90m[1msavepack[22m | Storing File: res://.godot/imported/icon_check.svg-4fe463cee0434c19939f0d2e3283f92d.ctex[39m[0m
[  41% ] [90m[1msavepack[22m | Storing File: res://assets/vectors/icon_check.svg.import[39m[0m
[  43% ] [90m[1msavepack[22m | Storing File: res://.godot/imported/icon_close.svg-31ceda4a8d46599f0d7ee3b65e5306cb.ctex[39m[0m
[  43% ] [90m[1msavepack[22m | Storing File: res://assets/vectors/icon_close.svg.import[39m[0m
[  44% ] [90m[1msavepack[22m | Storing File: res://.godot/imported/icon_copy.svg-185024042ca08f45d3581776ca4e7f06.ctex[39m[0m
[  44% ] [90m[1msavepack[22m | Storing File: res://assets/vectors/icon_copy.svg.import[39m[0m
[  45% ] [90m[1msavepack[22m | Storing File: res://.godot/imported/icon_exit.svg-512e5b860b738c45c43f5cbbd99882df.ctex[39m[0m
[  45% ] [90m[1msavepack[22m | Storing File: res://assets/vectors/icon_exit.svg.import[39m[0m
[  47% ] [90m[1msavepack[22m | Storing File: res://.godot/imported/icon_haptics.svg-7757eb3a99b506ba4302c7669d298f52.ctex[39m[0m
[  47% ] [90m[1msavepack[22m | Storing File: res://assets/vectors/icon_haptics.svg.import[39m[0m
[  48% ] [90m[1msavepack[22m | Storing File: res://.godot/imported/icon_info.svg-cc686acee665510e5e797deb7009c89d.ctex[39m[0m
[  48% ] [90m[1msavepack[22m | Storing File: res://assets/vectors/icon_info.svg.import[39m[0m
[  50% ] [90m[1msavepack[22m | Storing File: res://.godot/imported/icon_lock.svg-12423083604dfd0d6e252f08f543c6a5.ctex[39m[0m
[  50% ] [90m[1msavepack[22m | Storing File: res://assets/vectors/icon_lock.svg.import[39m[0m
[  51% ] [90m[1msavepack[22m | Storing File: res://.godot/imported/icon_motion.svg-7d855e91d899cd720d2c8d3f72539620.ctex[39m[0m
[  51% ] [90m[1msavepack[22m | Storing File: res://assets/vectors/icon_motion.svg.import[39m[0m
[  52% ] [90m[1msavepack[22m | Storing File: res://.godot/imported/icon_nearby.svg-3679bd3c75deac1af184458cdfba13fb.ctex[39m[0m
[  52% ] [90m[1msavepack[22m | Storing File: res://assets/vectors/icon_nearby.svg.import[39m[0m
[  54% ] [90m[1msavepack[22m | Storing File: res://.godot/imported/icon_people.svg-4ae2a22ca3a71b498258a52d6b6cce4f.ctex[39m[0m
[  54% ] [90m[1msavepack[22m | Storing File: res://assets/vectors/icon_people.svg.import[39m[0m
[  55% ] [90m[1msavepack[22m | Storing File: res://.godot/imported/icon_plus.svg-2a1a492435ab774b74fa8bee2be2d3ad.ctex[39m[0m
[  55% ] [90m[1msavepack[22m | Storing File: res://assets/vectors/icon_plus.svg.import[39m[0m
[  56% ] [90m[1msavepack[22m | Storing File: res://.godot/imported/icon_qr_scan.svg-226d3c58a38cb843d5811e6bb5f7b760.ctex[39m[0m
[  56% ] [90m[1msavepack[22m | Storing File: res://assets/vectors/icon_qr_scan.svg.import[39m[0m
[  58% ] [90m[1msavepack[22m | Storing File: res://.godot/imported/icon_settings.svg-f274cbc87fd866cf8dacb73c75a844ed.ctex[39m[0m
[  58% ] [90m[1msavepack[22m | Storing File: res://assets/vectors/icon_settings.svg.import[39m[0m
[  59% ] [90m[1msavepack[22m | Storing File: res://.godot/imported/icon_share.svg-07b03966734a7b90d1e7560aa64aceea.ctex[39m[0m
[  59% ] [90m[1msavepack[22m | Storing File: res://assets/vectors/icon_share.svg.import[39m[0m
[  61% ] [90m[1msavepack[22m | Storing File: res://.godot/imported/icon_sound.svg-9d417aa3637d965cb2d745d5959aee88.ctex[39m[0m
[  61% ] [90m[1msavepack[22m | Storing File: res://assets/vectors/icon_sound.svg.import[39m[0m
[  62% ] [90m[1msavepack[22m | Storing File: res://.godot/imported/icon_sound_off.svg-4949597be7d1b5172024d5460dd8ca7d.ctex[39m[0m
[  62% ] [90m[1msavepack[22m | Storing File: res://assets/vectors/icon_sound_off.svg.import[39m[0m
[  63% ] [90m[1msavepack[22m | Storing File: res://.godot/imported/partydeck_mark.svg-1a1ba83353720fc578be0d8f61829694.ctex[39m[0m
[  63% ] [90m[1msavepack[22m | Storing File: res://assets/vectors/partydeck_mark.svg.import[39m[0m
[  65% ] [90m[1msavepack[22m | Storing File: res://.godot/imported/rank_crown.svg-e7e6d53805845f5c59c4a333fe97379d.ctex[39m[0m
[  65% ] [90m[1msavepack[22m | Storing File: res://assets/vectors/rank_crown.svg.import[39m[0m
[  66% ] [90m[1msavepack[22m | Storing File: res://.godot/imported/rank_moon.svg-4e072abfa77e73b688f1c4edb00b309c.ctex[39m[0m
[  66% ] [90m[1msavepack[22m | Storing File: res://assets/vectors/rank_moon.svg.import[39m[0m
[  67% ] [90m[1msavepack[22m | Storing File: res://.godot/imported/rank_star.svg-44998f51424af6455329b1c520256ea3.ctex[39m[0m
[  67% ] [90m[1msavepack[22m | Storing File: res://assets/vectors/rank_star.svg.import[39m[0m
[  68% ] [90m[1msavepack[22m | Storing File: res://.godot/imported/rank_wild.svg-1029d1c4785c9aaab97f2132cbab220b.ctex[39m[0m
[  68% ] [90m[1msavepack[22m | Storing File: res://assets/vectors/rank_wild.svg.import[39m[0m
[  69% ] [90m[1msavepack[22m | Storing File: res://licenses/ANDROID_NDK_LLVM_NOTICE.txt[39m[0m
[  71% ] [90m[1msavepack[22m | Storing File: res://licenses/GODOT_CA_BUNDLE_SOURCE.txt[39m[0m
[  72% ] [90m[1msavepack[22m | Storing File: res://licenses/GODOT_CA_CERTIFICATES_SOURCE.txt[39m[0m
[  74% ] [90m[1msavepack[22m | Storing File: res://licenses/GODOT_COPYRIGHT.txt[39m[0m
[  75% ] [90m[1msavepack[22m | Storing File: res://licenses/GODOT_LICENSE.txt[39m[0m
[  76% ] [90m[1msavepack[22m | Storing File: res://licenses/NOTICE_PROVENANCE.json[39m[0m
[  78% ] [90m[1msavepack[22m | Storing File: res://licenses/README.txt[39m[0m
[  79% ] [90m[1msavepack[22m | Storing File: res://.godot/exported/133200997/export-3070c538c03ee49b7677ff960a3f5195-main.scn[39m[0m
[  80% ] [90m[1msavepack[22m | Storing File: res://scripts/main.gdc[39m[0m
[  82% ] [90m[1msavepack[22m | Storing File: res://presentations/three_d/card_3d.gdc[39m[0m
[  83% ] [90m[1msavepack[22m | Storing File: res://presentations/three_d/table.gdc[39m[0m
[  85% ] [90m[1msavepack[22m | Storing File: res://.godot/exported/133200997/export-e23393fe492cc2531a25727758210b8f-table.scn[39m[0m
[  86% ] [90m[1msavepack[22m | Storing File: res://presentations/two_d/deck_style.gdc[39m[0m
[  87% ] [90m[1msavepack[22m | Storing File: res://presentations/two_d/hand_card.gdc[39m[0m
[  89% ] [90m[1msavepack[22m | Storing File: res://presentations/two_d/seat_view.gdc[39m[0m
[  90% ] [90m[1msavepack[22m | Storing File: res://presentations/two_d/table.gdc[39m[0m
[  92% ] [90m[1msavepack[22m | Storing File: res://.godot/exported/133200997/export-b55e37336f299ae55249257a4e11f4e9-table.scn[39m[0m
[  93% ] [90m[1msavepack[22m | Storing File: res://presentations/two_d/table_surface.gdc[39m[0m
[  94% ] [90m[1msavepack[22m | Storing File: res://scripts/renderer_controller.gdc[39m[0m
[  96% ] [90m[1msavepack[22m | Storing File: res://scripts/strict_json.gdc[39m[0m
[  97% ] [90m[1msavepack[22m | Storing File: res://scripts/view_validator.gdc[39m[0m
[  97% ] [90m[1msavepack[22m | Storing File: res://main.tscn.remap[39m[0m
[  97% ] [90m[1msavepack[22m | Storing File: res://scripts/main.gd.remap[39m[0m
[  97% ] [90m[1msavepack[22m | Storing File: res://presentations/three_d/card_3d.gd.remap[39m[0m
[  97% ] [90m[1msavepack[22m | Storing File: res://presentations/three_d/table.gd.remap[39m[0m
[  97% ] [90m[1msavepack[22m | Storing File: res://presentations/three_d/table.tscn.remap[39m[0m
[  97% ] [90m[1msavepack[22m | Storing File: res://presentations/two_d/deck_style.gd.remap[39m[0m
[  97% ] [90m[1msavepack[22m | Storing File: res://presentations/two_d/hand_card.gd.remap[39m[0m
[  97% ] [90m[1msavepack[22m | Storing File: res://presentations/two_d/seat_view.gd.remap[39m[0m
[  97% ] [90m[1msavepack[22m | Storing File: res://presentations/two_d/table.gd.remap[39m[0m
[  97% ] [90m[1msavepack[22m | Storing File: res://presentations/two_d/table.tscn.remap[39m[0m
[  97% ] [90m[1msavepack[22m | Storing File: res://presentations/two_d/table_surface.gd.remap[39m[0m
[  97% ] [90m[1msavepack[22m | Storing File: res://scripts/renderer_controller.gd.remap[39m[0m
[  97% ] [90m[1msavepack[22m | Storing File: res://scripts/strict_json.gd.remap[39m[0m
[  97% ] [90m[1msavepack[22m | Storing File: res://scripts/view_validator.gd.remap[39m[0m
[  97% ] [90m[1msavepack[22m | Storing File: res://.godot/global_script_class_cache.cfg[39m[0m
[  97% ] [90m[1msavepack[22m | Storing File: res://.godot/uid_cache.bin[39m[0m
[  97% ] [90m[1msavepack[22m | Storing File: res://project.binary[39m[0m
[92m[ DONE ][39m [1msavepack[22m
[0m
